2025-08-18 17:05:09,733:INFO:Created DataLoaders with 5994 training samples and 1998 validation samples.
2025-08-18 17:05:10,951:INFO:model params: 395009
2025-08-18 17:05:12,641:INFO:Epoch: 0/20000 | Train Loss: 3.140e+00 | Dynamic Loss: 3.140e+00 | Regularization Loss: 0.000e+00 | Val Loss: 2.157e+00 | Time: 1.69s
2025-08-18 17:05:12,641:INFO:New best model found at epoch 0 with validation loss 2.157e+00. Saving...
2025-08-18 17:05:17,238:INFO:Epoch: 50/20000 | Train Loss: 1.651e+00 | Dynamic Loss: 1.651e+00 | Regularization Loss: 0.000e+00 | Val Loss: 1.680e+00 | Time: 4.58s
2025-08-18 17:05:17,238:INFO:New best model found at epoch 50 with validation loss 1.680e+00. Saving...
2025-08-18 17:05:21,985:INFO:Epoch: 100/20000 | Train Loss: 1.484e+00 | Dynamic Loss: 1.484e+00 | Regularization Loss: 0.000e+00 | Val Loss: 1.511e+00 | Time: 4.74s
2025-08-18 17:05:21,985:INFO:New best model found at epoch 100 with validation loss 1.511e+00. Saving...
2025-08-18 17:05:26,861:INFO:Epoch: 150/20000 | Train Loss: 1.396e+00 | Dynamic Loss: 1.396e+00 | Regularization Loss: 0.000e+00 | Val Loss: 1.417e+00 | Time: 4.87s
2025-08-18 17:05:26,862:INFO:New best model found at epoch 150 with validation loss 1.417e+00. Saving...
2025-08-18 17:05:31,633:INFO:Epoch: 200/20000 | Train Loss: 1.284e+00 | Dynamic Loss: 1.284e+00 | Regularization Loss: 0.000e+00 | Val Loss: 1.329e+00 | Time: 4.76s
2025-08-18 17:05:31,633:INFO:New best model found at epoch 200 with validation loss 1.329e+00. Saving...
2025-08-18 17:05:38,280:INFO:Epoch: 250/20000 | Train Loss: 1.212e+00 | Dynamic Loss: 1.212e+00 | Regularization Loss: 0.000e+00 | Val Loss: 1.248e+00 | Time: 6.64s
2025-08-18 17:05:38,280:INFO:New best model found at epoch 250 with validation loss 1.248e+00. Saving...
2025-08-18 17:05:43,158:INFO:Epoch: 300/20000 | Train Loss: 1.117e+00 | Dynamic Loss: 1.117e+00 | Regularization Loss: 0.000e+00 | Val Loss: 1.173e+00 | Time: 4.87s
2025-08-18 17:05:43,158:INFO:New best model found at epoch 300 with validation loss 1.173e+00. Saving...
2025-08-18 17:05:48,016:INFO:Epoch: 350/20000 | Train Loss: 1.091e+00 | Dynamic Loss: 1.091e+00 | Regularization Loss: 0.000e+00 | Val Loss: 1.137e+00 | Time: 4.85s
2025-08-18 17:05:48,017:INFO:New best model found at epoch 350 with validation loss 1.137e+00. Saving...
2025-08-18 17:05:59,378:INFO:Epoch: 400/20000 | Train Loss: 9.832e-01 | Dynamic Loss: 9.832e-01 | Regularization Loss: 0.000e+00 | Val Loss: 1.045e+00 | Time: 11.36s
2025-08-18 17:05:59,378:INFO:New best model found at epoch 400 with validation loss 1.045e+00. Saving...
2025-08-18 17:06:04,221:INFO:Epoch: 450/20000 | Train Loss: 8.982e-01 | Dynamic Loss: 8.982e-01 | Regularization Loss: 0.000e+00 | Val Loss: 9.741e-01 | Time: 4.84s
2025-08-18 17:06:04,221:INFO:New best model found at epoch 450 with validation loss 9.741e-01. Saving...
2025-08-18 17:06:09,070:INFO:Epoch: 500/20000 | Train Loss: 8.781e-01 | Dynamic Loss: 8.781e-01 | Regularization Loss: 0.000e+00 | Val Loss: 9.433e-01 | Time: 4.84s
2025-08-18 17:06:09,070:INFO:New best model found at epoch 500 with validation loss 9.433e-01. Saving...
2025-08-18 17:06:20,536:INFO:Epoch: 550/20000 | Train Loss: 8.141e-01 | Dynamic Loss: 8.141e-01 | Regularization Loss: 0.000e+00 | Val Loss: 8.925e-01 | Time: 11.46s
2025-08-18 17:06:20,536:INFO:New best model found at epoch 550 with validation loss 8.925e-01. Saving...
2025-08-18 17:06:25,335:INFO:Epoch: 600/20000 | Train Loss: 7.749e-01 | Dynamic Loss: 7.749e-01 | Regularization Loss: 0.000e+00 | Val Loss: 8.582e-01 | Time: 4.79s
2025-08-18 17:06:25,335:INFO:New best model found at epoch 600 with validation loss 8.582e-01. Saving...
2025-08-18 17:06:30,252:INFO:Epoch: 650/20000 | Train Loss: 7.446e-01 | Dynamic Loss: 7.446e-01 | Regularization Loss: 0.000e+00 | Val Loss: 8.231e-01 | Time: 4.91s
2025-08-18 17:06:30,252:INFO:New best model found at epoch 650 with validation loss 8.231e-01. Saving...
2025-08-18 17:06:35,080:INFO:Epoch: 700/20000 | Train Loss: 7.180e-01 | Dynamic Loss: 7.180e-01 | Regularization Loss: 0.000e+00 | Val Loss: 7.976e-01 | Time: 4.82s
2025-08-18 17:06:35,080:INFO:New best model found at epoch 700 with validation loss 7.976e-01. Saving...
2025-08-18 17:06:39,973:INFO:Epoch: 750/20000 | Train Loss: 6.945e-01 | Dynamic Loss: 6.945e-01 | Regularization Loss: 0.000e+00 | Val Loss: 7.732e-01 | Time: 4.89s
2025-08-18 17:06:39,973:INFO:New best model found at epoch 750 with validation loss 7.732e-01. Saving...
2025-08-18 17:06:44,935:INFO:Epoch: 800/20000 | Train Loss: 7.344e-01 | Dynamic Loss: 7.344e-01 | Regularization Loss: 0.000e+00 | Val Loss: 7.580e-01 | Time: 4.96s
2025-08-18 17:06:44,935:INFO:New best model found at epoch 800 with validation loss 7.580e-01. Saving...
2025-08-18 17:06:49,791:INFO:Epoch: 850/20000 | Train Loss: 6.778e-01 | Dynamic Loss: 6.778e-01 | Regularization Loss: 0.000e+00 | Val Loss: 7.454e-01 | Time: 4.85s
2025-08-18 17:06:49,791:INFO:New best model found at epoch 850 with validation loss 7.454e-01. Saving...
2025-08-18 17:06:54,600:INFO:Epoch: 900/20000 | Train Loss: 6.178e-01 | Dynamic Loss: 6.178e-01 | Regularization Loss: 0.000e+00 | Val Loss: 6.997e-01 | Time: 4.80s
2025-08-18 17:06:54,601:INFO:New best model found at epoch 900 with validation loss 6.997e-01. Saving...
2025-08-18 17:06:59,808:INFO:Epoch: 950/20000 | Train Loss: 7.016e-01 | Dynamic Loss: 7.016e-01 | Regularization Loss: 0.000e+00 | Val Loss: 6.658e-01 | Time: 5.20s
2025-08-18 17:06:59,808:INFO:New best model found at epoch 950 with validation loss 6.658e-01. Saving...
2025-08-18 17:07:04,736:INFO:Epoch: 1000/20000 | Train Loss: 5.639e-01 | Dynamic Loss: 5.639e-01 | Regularization Loss: 0.000e+00 | Val Loss: 6.401e-01 | Time: 4.92s
2025-08-18 17:07:04,736:INFO:New best model found at epoch 1000 with validation loss 6.401e-01. Saving...
2025-08-18 17:07:09,693:INFO:Epoch: 1050/20000 | Train Loss: 5.136e-01 | Dynamic Loss: 5.136e-01 | Regularization Loss: 0.000e+00 | Val Loss: 6.124e-01 | Time: 4.95s
2025-08-18 17:07:09,694:INFO:New best model found at epoch 1050 with validation loss 6.124e-01. Saving...
2025-08-18 17:07:14,520:INFO:Epoch: 1100/20000 | Train Loss: 4.930e-01 | Dynamic Loss: 4.930e-01 | Regularization Loss: 0.000e+00 | Val Loss: 5.935e-01 | Time: 4.82s
2025-08-18 17:07:14,520:INFO:New best model found at epoch 1100 with validation loss 5.935e-01. Saving...
2025-08-18 17:07:19,382:INFO:Epoch: 1150/20000 | Train Loss: 4.711e-01 | Dynamic Loss: 4.711e-01 | Regularization Loss: 0.000e+00 | Val Loss: 5.713e-01 | Time: 4.86s
2025-08-18 17:07:19,383:INFO:New best model found at epoch 1150 with validation loss 5.713e-01. Saving...
2025-08-18 17:07:24,343:INFO:Epoch: 1200/20000 | Train Loss: 4.758e-01 | Dynamic Loss: 4.758e-01 | Regularization Loss: 0.000e+00 | Val Loss: 5.537e-01 | Time: 4.95s
2025-08-18 17:07:24,343:INFO:New best model found at epoch 1200 with validation loss 5.537e-01. Saving...
2025-08-18 17:07:29,241:INFO:Epoch: 1250/20000 | Train Loss: 4.289e-01 | Dynamic Loss: 4.289e-01 | Regularization Loss: 0.000e+00 | Val Loss: 5.350e-01 | Time: 4.89s
2025-08-18 17:07:29,241:INFO:New best model found at epoch 1250 with validation loss 5.350e-01. Saving...
2025-08-18 17:07:34,106:INFO:Epoch: 1300/20000 | Train Loss: 4.216e-01 | Dynamic Loss: 4.216e-01 | Regularization Loss: 0.000e+00 | Val Loss: 5.240e-01 | Time: 4.86s
2025-08-18 17:07:34,106:INFO:New best model found at epoch 1300 with validation loss 5.240e-01. Saving...
2025-08-18 17:07:45,563:INFO:Epoch: 1350/20000 | Train Loss: 3.935e-01 | Dynamic Loss: 3.935e-01 | Regularization Loss: 0.000e+00 | Val Loss: 4.997e-01 | Time: 11.45s
2025-08-18 17:07:45,563:INFO:New best model found at epoch 1350 with validation loss 4.997e-01. Saving...
2025-08-18 17:07:50,502:INFO:Epoch: 1400/20000 | Train Loss: 3.882e-01 | Dynamic Loss: 3.882e-01 | Regularization Loss: 0.000e+00 | Val Loss: 5.022e-01 | Time: 4.93s
2025-08-18 17:07:55,394:INFO:Epoch: 1450/20000 | Train Loss: 4.121e-01 | Dynamic Loss: 4.121e-01 | Regularization Loss: 0.000e+00 | Val Loss: 4.885e-01 | Time: 4.89s
2025-08-18 17:07:55,394:INFO:New best model found at epoch 1450 with validation loss 4.885e-01. Saving...
2025-08-18 17:08:06,912:INFO:Epoch: 1500/20000 | Train Loss: 3.696e-01 | Dynamic Loss: 3.696e-01 | Regularization Loss: 0.000e+00 | Val Loss: 4.660e-01 | Time: 11.51s
2025-08-18 17:08:06,912:INFO:New best model found at epoch 1500 with validation loss 4.660e-01. Saving...
2025-08-18 17:08:11,821:INFO:Epoch: 1550/20000 | Train Loss: 3.452e-01 | Dynamic Loss: 3.452e-01 | Regularization Loss: 0.000e+00 | Val Loss: 4.481e-01 | Time: 4.90s
2025-08-18 17:08:11,821:INFO:New best model found at epoch 1550 with validation loss 4.481e-01. Saving...
2025-08-18 17:08:16,816:INFO:Epoch: 1600/20000 | Train Loss: 3.268e-01 | Dynamic Loss: 3.268e-01 | Regularization Loss: 0.000e+00 | Val Loss: 4.269e-01 | Time: 4.99s
2025-08-18 17:08:16,816:INFO:New best model found at epoch 1600 with validation loss 4.269e-01. Saving...
2025-08-18 17:08:21,727:INFO:Epoch: 1650/20000 | Train Loss: 3.106e-01 | Dynamic Loss: 3.106e-01 | Regularization Loss: 0.000e+00 | Val Loss: 4.124e-01 | Time: 4.91s
2025-08-18 17:08:21,727:INFO:New best model found at epoch 1650 with validation loss 4.124e-01. Saving...
2025-08-18 17:08:26,569:INFO:Epoch: 1700/20000 | Train Loss: 3.001e-01 | Dynamic Loss: 3.001e-01 | Regularization Loss: 0.000e+00 | Val Loss: 4.024e-01 | Time: 4.84s
2025-08-18 17:08:26,569:INFO:New best model found at epoch 1700 with validation loss 4.024e-01. Saving...
2025-08-18 17:08:31,454:INFO:Epoch: 1750/20000 | Train Loss: 2.912e-01 | Dynamic Loss: 2.912e-01 | Regularization Loss: 0.000e+00 | Val Loss: 3.926e-01 | Time: 4.88s
2025-08-18 17:08:31,454:INFO:New best model found at epoch 1750 with validation loss 3.926e-01. Saving...
2025-08-18 17:08:36,228:INFO:Epoch: 1800/20000 | Train Loss: 4.415e-01 | Dynamic Loss: 4.415e-01 | Regularization Loss: 0.000e+00 | Val Loss: 4.551e-01 | Time: 4.77s
2025-08-18 17:08:41,039:INFO:Epoch: 1850/20000 | Train Loss: 2.687e-01 | Dynamic Loss: 2.687e-01 | Regularization Loss: 0.000e+00 | Val Loss: 3.705e-01 | Time: 4.81s
2025-08-18 17:08:41,039:INFO:New best model found at epoch 1850 with validation loss 3.705e-01. Saving...
2025-08-18 17:08:46,049:INFO:Epoch: 1900/20000 | Train Loss: 2.641e-01 | Dynamic Loss: 2.641e-01 | Regularization Loss: 0.000e+00 | Val Loss: 3.668e-01 | Time: 5.00s
2025-08-18 17:08:46,049:INFO:New best model found at epoch 1900 with validation loss 3.668e-01. Saving...
2025-08-18 17:08:50,954:INFO:Epoch: 1950/20000 | Train Loss: 2.833e-01 | Dynamic Loss: 2.833e-01 | Regularization Loss: 0.000e+00 | Val Loss: 3.949e-01 | Time: 4.90s
2025-08-18 17:08:55,830:INFO:Epoch: 2000/20000 | Train Loss: 2.422e-01 | Dynamic Loss: 2.422e-01 | Regularization Loss: 0.000e+00 | Val Loss: 3.479e-01 | Time: 4.88s
2025-08-18 17:08:55,830:INFO:New best model found at epoch 2000 with validation loss 3.479e-01. Saving...
2025-08-18 17:09:00,730:INFO:Epoch: 2050/20000 | Train Loss: 2.592e-01 | Dynamic Loss: 2.592e-01 | Regularization Loss: 0.000e+00 | Val Loss: 3.584e-01 | Time: 4.90s
2025-08-18 17:09:05,620:INFO:Epoch: 2100/20000 | Train Loss: 2.338e-01 | Dynamic Loss: 2.338e-01 | Regularization Loss: 0.000e+00 | Val Loss: 3.470e-01 | Time: 4.89s
2025-08-18 17:09:05,620:INFO:New best model found at epoch 2100 with validation loss 3.470e-01. Saving...
2025-08-18 17:09:10,490:INFO:Epoch: 2150/20000 | Train Loss: 3.511e-01 | Dynamic Loss: 3.511e-01 | Regularization Loss: 0.000e+00 | Val Loss: 3.487e-01 | Time: 4.86s
2025-08-18 17:09:17,265:INFO:Epoch: 2200/20000 | Train Loss: 2.485e-01 | Dynamic Loss: 2.485e-01 | Regularization Loss: 0.000e+00 | Val Loss: 3.528e-01 | Time: 6.78s
2025-08-18 17:09:22,196:INFO:Epoch: 2250/20000 | Train Loss: 2.077e-01 | Dynamic Loss: 2.077e-01 | Regularization Loss: 0.000e+00 | Val Loss: 3.145e-01 | Time: 4.93s
2025-08-18 17:09:22,196:INFO:New best model found at epoch 2250 with validation loss 3.145e-01. Saving...
2025-08-18 17:09:27,123:INFO:Epoch: 2300/20000 | Train Loss: 2.083e-01 | Dynamic Loss: 2.083e-01 | Regularization Loss: 0.000e+00 | Val Loss: 3.119e-01 | Time: 4.92s
2025-08-18 17:09:27,123:INFO:New best model found at epoch 2300 with validation loss 3.119e-01. Saving...
2025-08-18 17:09:38,591:INFO:Epoch: 2350/20000 | Train Loss: 1.936e-01 | Dynamic Loss: 1.936e-01 | Regularization Loss: 0.000e+00 | Val Loss: 3.054e-01 | Time: 11.46s
2025-08-18 17:09:38,591:INFO:New best model found at epoch 2350 with validation loss 3.054e-01. Saving...
2025-08-18 17:09:43,487:INFO:Epoch: 2400/20000 | Train Loss: 2.251e-01 | Dynamic Loss: 2.251e-01 | Regularization Loss: 0.000e+00 | Val Loss: 3.179e-01 | Time: 4.89s
2025-08-18 17:09:48,433:INFO:Epoch: 2450/20000 | Train Loss: 1.851e-01 | Dynamic Loss: 1.851e-01 | Regularization Loss: 0.000e+00 | Val Loss: 2.964e-01 | Time: 4.95s
2025-08-18 17:09:48,433:INFO:New best model found at epoch 2450 with validation loss 2.964e-01. Saving...
2025-08-18 17:10:00,049:INFO:Epoch: 2500/20000 | Train Loss: 1.851e-01 | Dynamic Loss: 1.851e-01 | Regularization Loss: 0.000e+00 | Val Loss: 3.017e-01 | Time: 11.61s
2025-08-18 17:10:05,005:INFO:Epoch: 2550/20000 | Train Loss: 2.180e-01 | Dynamic Loss: 2.180e-01 | Regularization Loss: 0.000e+00 | Val Loss: 2.993e-01 | Time: 4.96s
2025-08-18 17:10:09,899:INFO:Epoch: 2600/20000 | Train Loss: 1.724e-01 | Dynamic Loss: 1.724e-01 | Regularization Loss: 0.000e+00 | Val Loss: 2.846e-01 | Time: 4.89s
2025-08-18 17:10:09,899:INFO:New best model found at epoch 2600 with validation loss 2.846e-01. Saving...
2025-08-18 17:10:21,464:INFO:Epoch: 2650/20000 | Train Loss: 1.759e-01 | Dynamic Loss: 1.759e-01 | Regularization Loss: 0.000e+00 | Val Loss: 2.858e-01 | Time: 11.56s
2025-08-18 17:10:26,438:INFO:Epoch: 2700/20000 | Train Loss: 1.628e-01 | Dynamic Loss: 1.628e-01 | Regularization Loss: 0.000e+00 | Val Loss: 2.748e-01 | Time: 4.97s
2025-08-18 17:10:26,438:INFO:New best model found at epoch 2700 with validation loss 2.748e-01. Saving...
2025-08-18 17:10:31,374:INFO:Epoch: 2750/20000 | Train Loss: 1.705e-01 | Dynamic Loss: 1.705e-01 | Regularization Loss: 0.000e+00 | Val Loss: 2.783e-01 | Time: 4.93s
2025-08-18 17:10:42,870:INFO:Epoch: 2800/20000 | Train Loss: 1.525e-01 | Dynamic Loss: 1.525e-01 | Regularization Loss: 0.000e+00 | Val Loss: 2.666e-01 | Time: 11.50s
2025-08-18 17:10:42,870:INFO:New best model found at epoch 2800 with validation loss 2.666e-01. Saving...
2025-08-18 17:10:47,911:INFO:Epoch: 2850/20000 | Train Loss: 2.125e-01 | Dynamic Loss: 2.125e-01 | Regularization Loss: 0.000e+00 | Val Loss: 2.826e-01 | Time: 5.04s
2025-08-18 17:10:52,862:INFO:Epoch: 2900/20000 | Train Loss: 1.498e-01 | Dynamic Loss: 1.498e-01 | Regularization Loss: 0.000e+00 | Val Loss: 2.650e-01 | Time: 4.95s
2025-08-18 17:10:52,862:INFO:New best model found at epoch 2900 with validation loss 2.650e-01. Saving...
2025-08-18 17:11:04,443:INFO:Epoch: 2950/20000 | Train Loss: 1.841e-01 | Dynamic Loss: 1.841e-01 | Regularization Loss: 0.000e+00 | Val Loss: 2.983e-01 | Time: 11.58s
2025-08-18 17:11:09,369:INFO:Epoch: 3000/20000 | Train Loss: 1.460e-01 | Dynamic Loss: 1.460e-01 | Regularization Loss: 0.000e+00 | Val Loss: 2.566e-01 | Time: 4.93s
2025-08-18 17:11:09,369:INFO:New best model found at epoch 3000 with validation loss 2.566e-01. Saving...
2025-08-18 17:11:14,213:INFO:Epoch: 3050/20000 | Train Loss: 1.929e-01 | Dynamic Loss: 1.929e-01 | Regularization Loss: 0.000e+00 | Val Loss: 3.119e-01 | Time: 4.84s
2025-08-18 17:11:25,739:INFO:Epoch: 3100/20000 | Train Loss: 1.424e-01 | Dynamic Loss: 1.424e-01 | Regularization Loss: 0.000e+00 | Val Loss: 2.595e-01 | Time: 11.53s
2025-08-18 17:11:30,674:INFO:Epoch: 3150/20000 | Train Loss: 1.277e-01 | Dynamic Loss: 1.277e-01 | Regularization Loss: 0.000e+00 | Val Loss: 2.473e-01 | Time: 4.93s
2025-08-18 17:11:30,674:INFO:New best model found at epoch 3150 with validation loss 2.473e-01. Saving...
2025-08-18 17:11:35,542:INFO:Epoch: 3200/20000 | Train Loss: 1.326e-01 | Dynamic Loss: 1.326e-01 | Regularization Loss: 0.000e+00 | Val Loss: 2.510e-01 | Time: 4.86s
2025-08-18 17:11:47,230:INFO:Epoch: 3250/20000 | Train Loss: 1.194e-01 | Dynamic Loss: 1.194e-01 | Regularization Loss: 0.000e+00 | Val Loss: 2.423e-01 | Time: 11.69s
2025-08-18 17:11:47,230:INFO:New best model found at epoch 3250 with validation loss 2.423e-01. Saving...
2025-08-18 17:11:52,243:INFO:Epoch: 3300/20000 | Train Loss: 1.204e-01 | Dynamic Loss: 1.204e-01 | Regularization Loss: 0.000e+00 | Val Loss: 2.422e-01 | Time: 5.01s
2025-08-18 17:11:52,243:INFO:New best model found at epoch 3300 with validation loss 2.422e-01. Saving...
2025-08-18 17:11:57,161:INFO:Epoch: 3350/20000 | Train Loss: 1.656e-01 | Dynamic Loss: 1.656e-01 | Regularization Loss: 0.000e+00 | Val Loss: 2.840e-01 | Time: 4.91s
2025-08-18 17:12:08,948:INFO:Epoch: 3400/20000 | Train Loss: 1.215e-01 | Dynamic Loss: 1.215e-01 | Regularization Loss: 0.000e+00 | Val Loss: 2.411e-01 | Time: 11.79s
2025-08-18 17:12:08,948:INFO:New best model found at epoch 3400 with validation loss 2.411e-01. Saving...
2025-08-18 17:12:13,958:INFO:Epoch: 3450/20000 | Train Loss: 1.253e-01 | Dynamic Loss: 1.253e-01 | Regularization Loss: 0.000e+00 | Val Loss: 2.595e-01 | Time: 5.00s
2025-08-18 17:12:18,961:INFO:Epoch: 3500/20000 | Train Loss: 1.065e-01 | Dynamic Loss: 1.065e-01 | Regularization Loss: 0.000e+00 | Val Loss: 2.375e-01 | Time: 5.00s
2025-08-18 17:12:18,961:INFO:New best model found at epoch 3500 with validation loss 2.375e-01. Saving...
2025-08-18 17:12:23,870:INFO:Epoch: 3550/20000 | Train Loss: 1.222e-01 | Dynamic Loss: 1.222e-01 | Regularization Loss: 0.000e+00 | Val Loss: 2.443e-01 | Time: 4.90s
2025-08-18 17:12:28,852:INFO:Epoch: 3600/20000 | Train Loss: 9.774e-02 | Dynamic Loss: 9.774e-02 | Regularization Loss: 0.000e+00 | Val Loss: 2.287e-01 | Time: 4.98s
2025-08-18 17:12:28,852:INFO:New best model found at epoch 3600 with validation loss 2.287e-01. Saving...
2025-08-18 17:12:33,948:INFO:Epoch: 3650/20000 | Train Loss: 1.171e-01 | Dynamic Loss: 1.171e-01 | Regularization Loss: 0.000e+00 | Val Loss: 2.362e-01 | Time: 5.09s
2025-08-18 17:12:38,935:INFO:Epoch: 3700/20000 | Train Loss: 9.481e-02 | Dynamic Loss: 9.481e-02 | Regularization Loss: 0.000e+00 | Val Loss: 2.244e-01 | Time: 4.99s
2025-08-18 17:12:38,935:INFO:New best model found at epoch 3700 with validation loss 2.244e-01. Saving...
2025-08-18 17:12:43,890:INFO:Epoch: 3750/20000 | Train Loss: 1.347e-01 | Dynamic Loss: 1.347e-01 | Regularization Loss: 0.000e+00 | Val Loss: 2.520e-01 | Time: 4.95s
2025-08-18 17:12:48,868:INFO:Epoch: 3800/20000 | Train Loss: 8.912e-02 | Dynamic Loss: 8.912e-02 | Regularization Loss: 0.000e+00 | Val Loss: 2.213e-01 | Time: 4.98s
2025-08-18 17:12:48,869:INFO:New best model found at epoch 3800 with validation loss 2.213e-01. Saving...
2025-08-18 17:12:53,812:INFO:Epoch: 3850/20000 | Train Loss: 9.413e-02 | Dynamic Loss: 9.413e-02 | Regularization Loss: 0.000e+00 | Val Loss: 2.244e-01 | Time: 4.94s
2025-08-18 17:12:58,722:INFO:Epoch: 3900/20000 | Train Loss: 9.000e-02 | Dynamic Loss: 9.000e-02 | Regularization Loss: 0.000e+00 | Val Loss: 2.228e-01 | Time: 4.91s
2025-08-18 17:13:10,067:INFO:Epoch: 3950/20000 | Train Loss: 9.021e-02 | Dynamic Loss: 9.021e-02 | Regularization Loss: 0.000e+00 | Val Loss: 2.311e-01 | Time: 11.35s
2025-08-18 17:13:15,115:INFO:Epoch: 4000/20000 | Train Loss: 9.426e-02 | Dynamic Loss: 9.426e-02 | Regularization Loss: 0.000e+00 | Val Loss: 2.214e-01 | Time: 5.05s
2025-08-18 17:13:20,094:INFO:Epoch: 4050/20000 | Train Loss: 9.136e-02 | Dynamic Loss: 9.136e-02 | Regularization Loss: 0.000e+00 | Val Loss: 2.220e-01 | Time: 4.98s
2025-08-18 17:13:31,792:INFO:Epoch: 4100/20000 | Train Loss: 1.293e-01 | Dynamic Loss: 1.293e-01 | Regularization Loss: 0.000e+00 | Val Loss: 2.297e-01 | Time: 11.70s
2025-08-18 17:13:36,790:INFO:Epoch: 4150/20000 | Train Loss: 8.629e-02 | Dynamic Loss: 8.629e-02 | Regularization Loss: 0.000e+00 | Val Loss: 2.195e-01 | Time: 5.00s
2025-08-18 17:13:36,791:INFO:New best model found at epoch 4150 with validation loss 2.195e-01. Saving...
2025-08-18 17:13:41,702:INFO:Epoch: 4200/20000 | Train Loss: 1.176e-01 | Dynamic Loss: 1.176e-01 | Regularization Loss: 0.000e+00 | Val Loss: 2.433e-01 | Time: 4.91s
2025-08-18 17:13:46,756:INFO:Epoch: 4250/20000 | Train Loss: 1.333e-01 | Dynamic Loss: 1.333e-01 | Regularization Loss: 0.000e+00 | Val Loss: 2.726e-01 | Time: 5.05s
2025-08-18 17:13:51,785:INFO:Epoch: 4300/20000 | Train Loss: 7.865e-02 | Dynamic Loss: 7.865e-02 | Regularization Loss: 0.000e+00 | Val Loss: 2.139e-01 | Time: 5.03s
2025-08-18 17:13:51,785:INFO:New best model found at epoch 4300 with validation loss 2.139e-01. Saving...
2025-08-18 17:13:56,737:INFO:Epoch: 4350/20000 | Train Loss: 7.957e-02 | Dynamic Loss: 7.957e-02 | Regularization Loss: 0.000e+00 | Val Loss: 2.142e-01 | Time: 4.95s
2025-08-18 17:14:03,184:INFO:Epoch: 4400/20000 | Train Loss: 1.276e-01 | Dynamic Loss: 1.276e-01 | Regularization Loss: 0.000e+00 | Val Loss: 2.256e-01 | Time: 6.45s
2025-08-18 17:14:08,104:INFO:Epoch: 4450/20000 | Train Loss: 8.820e-02 | Dynamic Loss: 8.820e-02 | Regularization Loss: 0.000e+00 | Val Loss: 2.182e-01 | Time: 4.92s
2025-08-18 17:14:12,989:INFO:Epoch: 4500/20000 | Train Loss: 7.833e-02 | Dynamic Loss: 7.833e-02 | Regularization Loss: 0.000e+00 | Val Loss: 2.137e-01 | Time: 4.89s
2025-08-18 17:14:12,989:INFO:New best model found at epoch 4500 with validation loss 2.137e-01. Saving...
2025-08-18 17:14:18,208:INFO:Epoch: 4550/20000 | Train Loss: 8.110e-02 | Dynamic Loss: 8.110e-02 | Regularization Loss: 0.000e+00 | Val Loss: 2.144e-01 | Time: 5.21s
2025-08-18 17:14:23,200:INFO:Epoch: 4600/20000 | Train Loss: 7.019e-02 | Dynamic Loss: 7.019e-02 | Regularization Loss: 0.000e+00 | Val Loss: 2.090e-01 | Time: 4.99s
2025-08-18 17:14:23,200:INFO:New best model found at epoch 4600 with validation loss 2.090e-01. Saving...
2025-08-18 17:14:28,244:INFO:Epoch: 4650/20000 | Train Loss: 6.972e-02 | Dynamic Loss: 6.972e-02 | Regularization Loss: 0.000e+00 | Val Loss: 2.046e-01 | Time: 5.04s
2025-08-18 17:14:28,245:INFO:New best model found at epoch 4650 with validation loss 2.046e-01. Saving...
2025-08-18 17:14:33,194:INFO:Epoch: 4700/20000 | Train Loss: 7.510e-02 | Dynamic Loss: 7.510e-02 | Regularization Loss: 0.000e+00 | Val Loss: 2.106e-01 | Time: 4.94s
2025-08-18 17:14:38,148:INFO:Epoch: 4750/20000 | Train Loss: 7.374e-02 | Dynamic Loss: 7.374e-02 | Regularization Loss: 0.000e+00 | Val Loss: 2.067e-01 | Time: 4.95s
2025-08-18 17:14:43,263:INFO:Epoch: 4800/20000 | Train Loss: 1.008e-01 | Dynamic Loss: 1.008e-01 | Regularization Loss: 0.000e+00 | Val Loss: 2.245e-01 | Time: 5.11s
2025-08-18 17:14:48,272:INFO:Epoch: 4850/20000 | Train Loss: 7.223e-02 | Dynamic Loss: 7.223e-02 | Regularization Loss: 0.000e+00 | Val Loss: 2.057e-01 | Time: 5.01s
2025-08-18 17:14:53,328:INFO:Epoch: 4900/20000 | Train Loss: 6.208e-02 | Dynamic Loss: 6.208e-02 | Regularization Loss: 0.000e+00 | Val Loss: 2.030e-01 | Time: 5.06s
2025-08-18 17:14:53,328:INFO:New best model found at epoch 4900 with validation loss 2.030e-01. Saving...
2025-08-18 17:15:04,421:INFO:Epoch: 4950/20000 | Train Loss: 8.883e-02 | Dynamic Loss: 8.883e-02 | Regularization Loss: 0.000e+00 | Val Loss: 2.332e-01 | Time: 11.09s
2025-08-18 17:15:09,359:INFO:Epoch: 5000/20000 | Train Loss: 8.713e-02 | Dynamic Loss: 8.713e-02 | Regularization Loss: 0.000e+00 | Val Loss: 2.102e-01 | Time: 4.94s
2025-08-18 17:15:14,227:INFO:Epoch: 5050/20000 | Train Loss: 7.880e-02 | Dynamic Loss: 7.880e-02 | Regularization Loss: 0.000e+00 | Val Loss: 2.095e-01 | Time: 4.87s
2025-08-18 17:15:19,381:INFO:Epoch: 5100/20000 | Train Loss: 6.358e-02 | Dynamic Loss: 6.358e-02 | Regularization Loss: 0.000e+00 | Val Loss: 2.019e-01 | Time: 5.15s
2025-08-18 17:15:19,381:INFO:New best model found at epoch 5100 with validation loss 2.019e-01. Saving...
2025-08-18 17:15:24,391:INFO:Epoch: 5150/20000 | Train Loss: 5.807e-02 | Dynamic Loss: 5.807e-02 | Regularization Loss: 0.000e+00 | Val Loss: 1.985e-01 | Time: 5.01s
2025-08-18 17:15:24,392:INFO:New best model found at epoch 5150 with validation loss 1.985e-01. Saving...
2025-08-18 17:15:29,476:INFO:Epoch: 5200/20000 | Train Loss: 1.086e-01 | Dynamic Loss: 1.086e-01 | Regularization Loss: 0.000e+00 | Val Loss: 2.244e-01 | Time: 5.08s
2025-08-18 17:15:34,448:INFO:Epoch: 5250/20000 | Train Loss: 6.077e-02 | Dynamic Loss: 6.077e-02 | Regularization Loss: 0.000e+00 | Val Loss: 2.028e-01 | Time: 4.97s
2025-08-18 17:15:39,425:INFO:Epoch: 5300/20000 | Train Loss: 5.789e-02 | Dynamic Loss: 5.789e-02 | Regularization Loss: 0.000e+00 | Val Loss: 1.994e-01 | Time: 4.98s
2025-08-18 17:15:44,425:INFO:Epoch: 5350/20000 | Train Loss: 6.286e-02 | Dynamic Loss: 6.286e-02 | Regularization Loss: 0.000e+00 | Val Loss: 2.058e-01 | Time: 5.00s
2025-08-18 17:15:49,435:INFO:Epoch: 5400/20000 | Train Loss: 6.971e-02 | Dynamic Loss: 6.971e-02 | Regularization Loss: 0.000e+00 | Val Loss: 2.090e-01 | Time: 5.01s
2025-08-18 17:15:54,387:INFO:Epoch: 5450/20000 | Train Loss: 6.237e-02 | Dynamic Loss: 6.237e-02 | Regularization Loss: 0.000e+00 | Val Loss: 1.994e-01 | Time: 4.95s
2025-08-18 17:16:05,947:INFO:Epoch: 5500/20000 | Train Loss: 5.719e-02 | Dynamic Loss: 5.719e-02 | Regularization Loss: 0.000e+00 | Val Loss: 2.017e-01 | Time: 11.56s
2025-08-18 17:16:10,942:INFO:Epoch: 5550/20000 | Train Loss: 5.926e-02 | Dynamic Loss: 5.926e-02 | Regularization Loss: 0.000e+00 | Val Loss: 1.999e-01 | Time: 5.00s
2025-08-18 17:16:16,060:INFO:Epoch: 5600/20000 | Train Loss: 5.523e-02 | Dynamic Loss: 5.523e-02 | Regularization Loss: 0.000e+00 | Val Loss: 1.962e-01 | Time: 5.12s
2025-08-18 17:16:16,060:INFO:New best model found at epoch 5600 with validation loss 1.962e-01. Saving...
2025-08-18 17:16:21,076:INFO:Epoch: 5650/20000 | Train Loss: 5.734e-02 | Dynamic Loss: 5.734e-02 | Regularization Loss: 0.000e+00 | Val Loss: 1.988e-01 | Time: 5.01s
2025-08-18 17:16:26,133:INFO:Epoch: 5700/20000 | Train Loss: 7.167e-02 | Dynamic Loss: 7.167e-02 | Regularization Loss: 0.000e+00 | Val Loss: 2.268e-01 | Time: 5.06s
2025-08-18 17:16:31,312:INFO:Epoch: 5750/20000 | Train Loss: 5.432e-02 | Dynamic Loss: 5.432e-02 | Regularization Loss: 0.000e+00 | Val Loss: 2.020e-01 | Time: 5.18s
2025-08-18 17:16:36,408:INFO:Epoch: 5800/20000 | Train Loss: 6.058e-02 | Dynamic Loss: 6.058e-02 | Regularization Loss: 0.000e+00 | Val Loss: 2.021e-01 | Time: 5.10s
2025-08-18 17:16:41,437:INFO:Epoch: 5850/20000 | Train Loss: 6.513e-02 | Dynamic Loss: 6.513e-02 | Regularization Loss: 0.000e+00 | Val Loss: 2.088e-01 | Time: 5.03s
2025-08-18 17:16:46,422:INFO:Epoch: 5900/20000 | Train Loss: 5.632e-02 | Dynamic Loss: 5.632e-02 | Regularization Loss: 0.000e+00 | Val Loss: 1.997e-01 | Time: 4.98s
2025-08-18 17:16:51,405:INFO:Epoch: 5950/20000 | Train Loss: 7.003e-02 | Dynamic Loss: 7.003e-02 | Regularization Loss: 0.000e+00 | Val Loss: 2.179e-01 | Time: 4.98s
2025-08-18 17:16:56,483:INFO:Epoch: 6000/20000 | Train Loss: 5.428e-02 | Dynamic Loss: 5.428e-02 | Regularization Loss: 0.000e+00 | Val Loss: 1.982e-01 | Time: 5.08s
2025-08-18 17:17:08,013:INFO:Epoch: 6050/20000 | Train Loss: 1.000e-01 | Dynamic Loss: 1.000e-01 | Regularization Loss: 0.000e+00 | Val Loss: 2.200e-01 | Time: 11.53s
2025-08-18 17:17:13,108:INFO:Epoch: 6100/20000 | Train Loss: 6.962e-02 | Dynamic Loss: 6.962e-02 | Regularization Loss: 0.000e+00 | Val Loss: 2.101e-01 | Time: 5.09s
2025-08-18 17:17:18,149:INFO:Epoch: 6150/20000 | Train Loss: 5.054e-02 | Dynamic Loss: 5.054e-02 | Regularization Loss: 0.000e+00 | Val Loss: 1.942e-01 | Time: 5.04s
2025-08-18 17:17:18,149:INFO:New best model found at epoch 6150 with validation loss 1.942e-01. Saving...
2025-08-18 17:17:30,070:INFO:Epoch: 6200/20000 | Train Loss: 5.228e-02 | Dynamic Loss: 5.228e-02 | Regularization Loss: 0.000e+00 | Val Loss: 1.988e-01 | Time: 11.90s
2025-08-18 17:17:35,142:INFO:Epoch: 6250/20000 | Train Loss: 4.846e-02 | Dynamic Loss: 4.846e-02 | Regularization Loss: 0.000e+00 | Val Loss: 1.969e-01 | Time: 5.07s
2025-08-18 17:17:40,184:INFO:Epoch: 6300/20000 | Train Loss: 7.077e-02 | Dynamic Loss: 7.077e-02 | Regularization Loss: 0.000e+00 | Val Loss: 2.053e-01 | Time: 5.04s
2025-08-18 17:17:45,245:INFO:Epoch: 6350/20000 | Train Loss: 5.057e-02 | Dynamic Loss: 5.057e-02 | Regularization Loss: 0.000e+00 | Val Loss: 1.938e-01 | Time: 5.06s
2025-08-18 17:17:45,245:INFO:New best model found at epoch 6350 with validation loss 1.938e-01. Saving...
2025-08-18 17:17:50,435:INFO:Epoch: 6400/20000 | Train Loss: 6.210e-02 | Dynamic Loss: 6.210e-02 | Regularization Loss: 0.000e+00 | Val Loss: 2.087e-01 | Time: 5.18s
2025-08-18 17:17:55,463:INFO:Epoch: 6450/20000 | Train Loss: 4.890e-02 | Dynamic Loss: 4.890e-02 | Regularization Loss: 0.000e+00 | Val Loss: 1.939e-01 | Time: 5.03s
2025-08-18 17:18:07,070:INFO:Epoch: 6500/20000 | Train Loss: 4.478e-02 | Dynamic Loss: 4.478e-02 | Regularization Loss: 0.000e+00 | Val Loss: 1.930e-01 | Time: 11.61s
2025-08-18 17:18:07,070:INFO:New best model found at epoch 6500 with validation loss 1.930e-01. Saving...
2025-08-18 17:18:12,049:INFO:Epoch: 6550/20000 | Train Loss: 5.430e-02 | Dynamic Loss: 5.430e-02 | Regularization Loss: 0.000e+00 | Val Loss: 2.016e-01 | Time: 4.97s
2025-08-18 17:18:17,144:INFO:Epoch: 6600/20000 | Train Loss: 4.715e-02 | Dynamic Loss: 4.715e-02 | Regularization Loss: 0.000e+00 | Val Loss: 1.931e-01 | Time: 5.09s
2025-08-18 17:18:22,182:INFO:Epoch: 6650/20000 | Train Loss: 4.352e-02 | Dynamic Loss: 4.352e-02 | Regularization Loss: 0.000e+00 | Val Loss: 1.910e-01 | Time: 5.04s
2025-08-18 17:18:22,182:INFO:New best model found at epoch 6650 with validation loss 1.910e-01. Saving...
2025-08-18 17:18:27,250:INFO:Epoch: 6700/20000 | Train Loss: 4.012e-02 | Dynamic Loss: 4.012e-02 | Regularization Loss: 0.000e+00 | Val Loss: 1.874e-01 | Time: 5.06s
2025-08-18 17:18:27,251:INFO:New best model found at epoch 6700 with validation loss 1.874e-01. Saving...
2025-08-18 17:18:32,389:INFO:Epoch: 6750/20000 | Train Loss: 4.610e-02 | Dynamic Loss: 4.610e-02 | Regularization Loss: 0.000e+00 | Val Loss: 1.930e-01 | Time: 5.13s
2025-08-18 17:18:37,451:INFO:Epoch: 6800/20000 | Train Loss: 9.738e-02 | Dynamic Loss: 9.738e-02 | Regularization Loss: 0.000e+00 | Val Loss: 2.115e-01 | Time: 5.06s
2025-08-18 17:18:42,442:INFO:Epoch: 6850/20000 | Train Loss: 5.176e-02 | Dynamic Loss: 5.176e-02 | Regularization Loss: 0.000e+00 | Val Loss: 1.946e-01 | Time: 4.99s
2025-08-18 17:18:47,425:INFO:Epoch: 6900/20000 | Train Loss: 5.447e-02 | Dynamic Loss: 5.447e-02 | Regularization Loss: 0.000e+00 | Val Loss: 1.997e-01 | Time: 4.98s
2025-08-18 17:18:52,445:INFO:Epoch: 6950/20000 | Train Loss: 4.036e-02 | Dynamic Loss: 4.036e-02 | Regularization Loss: 0.000e+00 | Val Loss: 1.890e-01 | Time: 5.02s
2025-08-18 17:18:57,554:INFO:Epoch: 7000/20000 | Train Loss: 6.871e-02 | Dynamic Loss: 6.871e-02 | Regularization Loss: 0.000e+00 | Val Loss: 2.042e-01 | Time: 5.11s
2025-08-18 17:19:09,123:INFO:Epoch: 7050/20000 | Train Loss: 3.669e-02 | Dynamic Loss: 3.669e-02 | Regularization Loss: 0.000e+00 | Val Loss: 1.859e-01 | Time: 11.57s
2025-08-18 17:19:09,123:INFO:New best model found at epoch 7050 with validation loss 1.859e-01. Saving...
2025-08-18 17:19:14,180:INFO:Epoch: 7100/20000 | Train Loss: 3.630e-02 | Dynamic Loss: 3.630e-02 | Regularization Loss: 0.000e+00 | Val Loss: 1.850e-01 | Time: 5.05s
2025-08-18 17:19:14,180:INFO:New best model found at epoch 7100 with validation loss 1.850e-01. Saving...
2025-08-18 17:19:19,208:INFO:Epoch: 7150/20000 | Train Loss: 4.678e-02 | Dynamic Loss: 4.678e-02 | Regularization Loss: 0.000e+00 | Val Loss: 2.007e-01 | Time: 5.02s
2025-08-18 17:19:24,309:INFO:Epoch: 7200/20000 | Train Loss: 3.965e-02 | Dynamic Loss: 3.965e-02 | Regularization Loss: 0.000e+00 | Val Loss: 1.865e-01 | Time: 5.10s
2025-08-18 17:19:29,370:INFO:Epoch: 7250/20000 | Train Loss: 3.830e-02 | Dynamic Loss: 3.830e-02 | Regularization Loss: 0.000e+00 | Val Loss: 1.854e-01 | Time: 5.06s
2025-08-18 17:19:34,395:INFO:Epoch: 7300/20000 | Train Loss: 3.992e-02 | Dynamic Loss: 3.992e-02 | Regularization Loss: 0.000e+00 | Val Loss: 1.883e-01 | Time: 5.03s
2025-08-18 17:19:46,048:INFO:Epoch: 7350/20000 | Train Loss: 4.922e-02 | Dynamic Loss: 4.922e-02 | Regularization Loss: 0.000e+00 | Val Loss: 1.947e-01 | Time: 11.65s
2025-08-18 17:19:51,127:INFO:Epoch: 7400/20000 | Train Loss: 3.685e-02 | Dynamic Loss: 3.685e-02 | Regularization Loss: 0.000e+00 | Val Loss: 1.868e-01 | Time: 5.08s
2025-08-18 17:19:56,147:INFO:Epoch: 7450/20000 | Train Loss: 3.965e-02 | Dynamic Loss: 3.965e-02 | Regularization Loss: 0.000e+00 | Val Loss: 1.912e-01 | Time: 5.02s
2025-08-18 17:20:08,145:INFO:Epoch: 7500/20000 | Train Loss: 4.112e-02 | Dynamic Loss: 4.112e-02 | Regularization Loss: 0.000e+00 | Val Loss: 1.937e-01 | Time: 12.00s
2025-08-18 17:20:13,306:INFO:Epoch: 7550/20000 | Train Loss: 3.834e-02 | Dynamic Loss: 3.834e-02 | Regularization Loss: 0.000e+00 | Val Loss: 1.845e-01 | Time: 5.16s
2025-08-18 17:20:13,306:INFO:New best model found at epoch 7550 with validation loss 1.845e-01. Saving...
2025-08-18 17:20:18,355:INFO:Epoch: 7600/20000 | Train Loss: 3.985e-02 | Dynamic Loss: 3.985e-02 | Regularization Loss: 0.000e+00 | Val Loss: 1.910e-01 | Time: 5.04s
2025-08-18 17:20:30,344:INFO:Epoch: 7650/20000 | Train Loss: 3.853e-02 | Dynamic Loss: 3.853e-02 | Regularization Loss: 0.000e+00 | Val Loss: 1.867e-01 | Time: 11.99s
2025-08-18 17:20:35,405:INFO:Epoch: 7700/20000 | Train Loss: 3.774e-02 | Dynamic Loss: 3.774e-02 | Regularization Loss: 0.000e+00 | Val Loss: 1.863e-01 | Time: 5.06s
2025-08-18 17:20:40,454:INFO:Epoch: 7750/20000 | Train Loss: 3.437e-02 | Dynamic Loss: 3.437e-02 | Regularization Loss: 0.000e+00 | Val Loss: 1.860e-01 | Time: 5.05s
2025-08-18 17:20:45,496:INFO:Epoch: 7800/20000 | Train Loss: 3.423e-02 | Dynamic Loss: 3.423e-02 | Regularization Loss: 0.000e+00 | Val Loss: 1.852e-01 | Time: 5.04s
2025-08-18 17:20:50,532:INFO:Epoch: 7850/20000 | Train Loss: 3.654e-02 | Dynamic Loss: 3.654e-02 | Regularization Loss: 0.000e+00 | Val Loss: 1.848e-01 | Time: 5.04s
2025-08-18 17:20:55,651:INFO:Epoch: 7900/20000 | Train Loss: 3.358e-02 | Dynamic Loss: 3.358e-02 | Regularization Loss: 0.000e+00 | Val Loss: 1.844e-01 | Time: 5.12s
2025-08-18 17:20:55,651:INFO:New best model found at epoch 7900 with validation loss 1.844e-01. Saving...
2025-08-18 17:21:00,732:INFO:Epoch: 7950/20000 | Train Loss: 3.624e-02 | Dynamic Loss: 3.624e-02 | Regularization Loss: 0.000e+00 | Val Loss: 1.861e-01 | Time: 5.08s
2025-08-18 17:21:05,714:INFO:Epoch: 8000/20000 | Train Loss: 3.364e-02 | Dynamic Loss: 3.364e-02 | Regularization Loss: 0.000e+00 | Val Loss: 1.851e-01 | Time: 4.98s
2025-08-18 17:21:18,021:INFO:Epoch: 8050/20000 | Train Loss: 3.392e-02 | Dynamic Loss: 3.392e-02 | Regularization Loss: 0.000e+00 | Val Loss: 1.866e-01 | Time: 12.31s
2025-08-18 17:21:23,073:INFO:Epoch: 8100/20000 | Train Loss: 3.204e-02 | Dynamic Loss: 3.204e-02 | Regularization Loss: 0.000e+00 | Val Loss: 1.847e-01 | Time: 5.05s
2025-08-18 17:21:28,273:INFO:Epoch: 8150/20000 | Train Loss: 3.220e-02 | Dynamic Loss: 3.220e-02 | Regularization Loss: 0.000e+00 | Val Loss: 1.848e-01 | Time: 5.20s
2025-08-18 17:21:33,368:INFO:Epoch: 8200/20000 | Train Loss: 3.508e-02 | Dynamic Loss: 3.508e-02 | Regularization Loss: 0.000e+00 | Val Loss: 1.852e-01 | Time: 5.09s
2025-08-18 17:21:38,428:INFO:Epoch: 8250/20000 | Train Loss: 3.224e-02 | Dynamic Loss: 3.224e-02 | Regularization Loss: 0.000e+00 | Val Loss: 1.873e-01 | Time: 5.06s
2025-08-18 17:21:43,524:INFO:Epoch: 8300/20000 | Train Loss: 2.905e-02 | Dynamic Loss: 2.905e-02 | Regularization Loss: 0.000e+00 | Val Loss: 1.830e-01 | Time: 5.10s
2025-08-18 17:21:43,525:INFO:New best model found at epoch 8300 with validation loss 1.830e-01. Saving...
2025-08-18 17:21:48,576:INFO:Epoch: 8350/20000 | Train Loss: 3.116e-02 | Dynamic Loss: 3.116e-02 | Regularization Loss: 0.000e+00 | Val Loss: 1.860e-01 | Time: 5.05s
2025-08-18 17:21:53,548:INFO:Epoch: 8400/20000 | Train Loss: 3.729e-02 | Dynamic Loss: 3.729e-02 | Regularization Loss: 0.000e+00 | Val Loss: 1.961e-01 | Time: 4.97s
2025-08-18 17:22:05,070:INFO:Epoch: 8450/20000 | Train Loss: 4.013e-02 | Dynamic Loss: 4.013e-02 | Regularization Loss: 0.000e+00 | Val Loss: 1.949e-01 | Time: 11.52s
2025-08-18 17:22:10,071:INFO:Epoch: 8500/20000 | Train Loss: 4.039e-02 | Dynamic Loss: 4.039e-02 | Regularization Loss: 0.000e+00 | Val Loss: 1.930e-01 | Time: 5.00s
2025-08-18 17:22:15,001:INFO:Epoch: 8550/20000 | Train Loss: 2.902e-02 | Dynamic Loss: 2.902e-02 | Regularization Loss: 0.000e+00 | Val Loss: 1.855e-01 | Time: 4.93s
2025-08-18 17:22:20,345:INFO:Epoch: 8600/20000 | Train Loss: 3.461e-02 | Dynamic Loss: 3.461e-02 | Regularization Loss: 0.000e+00 | Val Loss: 1.899e-01 | Time: 5.34s
2025-08-18 17:22:25,372:INFO:Epoch: 8650/20000 | Train Loss: 3.344e-02 | Dynamic Loss: 3.344e-02 | Regularization Loss: 0.000e+00 | Val Loss: 1.870e-01 | Time: 5.03s
2025-08-18 17:22:30,514:INFO:Epoch: 8700/20000 | Train Loss: 3.491e-02 | Dynamic Loss: 3.491e-02 | Regularization Loss: 0.000e+00 | Val Loss: 1.917e-01 | Time: 5.14s
2025-08-18 17:22:35,542:INFO:Epoch: 8750/20000 | Train Loss: 3.680e-02 | Dynamic Loss: 3.680e-02 | Regularization Loss: 0.000e+00 | Val Loss: 1.891e-01 | Time: 5.03s
2025-08-18 17:22:40,588:INFO:Epoch: 8800/20000 | Train Loss: 2.957e-02 | Dynamic Loss: 2.957e-02 | Regularization Loss: 0.000e+00 | Val Loss: 1.876e-01 | Time: 5.05s
2025-08-18 17:22:45,779:INFO:Epoch: 8850/20000 | Train Loss: 3.013e-02 | Dynamic Loss: 3.013e-02 | Regularization Loss: 0.000e+00 | Val Loss: 1.888e-01 | Time: 5.19s
2025-08-18 17:22:50,796:INFO:Epoch: 8900/20000 | Train Loss: 3.466e-02 | Dynamic Loss: 3.466e-02 | Regularization Loss: 0.000e+00 | Val Loss: 1.918e-01 | Time: 5.02s
2025-08-18 17:22:55,943:INFO:Epoch: 8950/20000 | Train Loss: 2.824e-02 | Dynamic Loss: 2.824e-02 | Regularization Loss: 0.000e+00 | Val Loss: 1.844e-01 | Time: 5.15s
2025-08-18 17:23:01,128:INFO:Epoch: 9000/20000 | Train Loss: 2.939e-02 | Dynamic Loss: 2.939e-02 | Regularization Loss: 0.000e+00 | Val Loss: 1.849e-01 | Time: 5.18s
2025-08-18 17:23:06,251:INFO:Epoch: 9050/20000 | Train Loss: 3.349e-02 | Dynamic Loss: 3.349e-02 | Regularization Loss: 0.000e+00 | Val Loss: 1.934e-01 | Time: 5.12s
2025-08-18 17:23:11,444:INFO:Epoch: 9100/20000 | Train Loss: 3.142e-02 | Dynamic Loss: 3.142e-02 | Regularization Loss: 0.000e+00 | Val Loss: 1.875e-01 | Time: 5.19s
2025-08-18 17:23:16,529:INFO:Epoch: 9150/20000 | Train Loss: 3.084e-02 | Dynamic Loss: 3.084e-02 | Regularization Loss: 0.000e+00 | Val Loss: 1.878e-01 | Time: 5.09s
2025-08-18 17:23:21,614:INFO:Epoch: 9200/20000 | Train Loss: 4.037e-02 | Dynamic Loss: 4.037e-02 | Regularization Loss: 0.000e+00 | Val Loss: 1.964e-01 | Time: 5.08s
2025-08-18 17:23:26,643:INFO:Epoch: 9250/20000 | Train Loss: 2.885e-02 | Dynamic Loss: 2.885e-02 | Regularization Loss: 0.000e+00 | Val Loss: 1.854e-01 | Time: 5.03s
2025-08-18 17:23:38,796:INFO:Epoch: 9300/20000 | Train Loss: 3.061e-02 | Dynamic Loss: 3.061e-02 | Regularization Loss: 0.000e+00 | Val Loss: 1.878e-01 | Time: 12.15s
2025-08-18 17:23:43,835:INFO:Epoch: 9350/20000 | Train Loss: 2.601e-02 | Dynamic Loss: 2.601e-02 | Regularization Loss: 0.000e+00 | Val Loss: 1.852e-01 | Time: 5.04s
2025-08-18 17:23:48,927:INFO:Epoch: 9400/20000 | Train Loss: 3.082e-02 | Dynamic Loss: 3.082e-02 | Regularization Loss: 0.000e+00 | Val Loss: 1.883e-01 | Time: 5.09s
2025-08-18 17:23:53,944:INFO:Epoch: 9450/20000 | Train Loss: 3.178e-02 | Dynamic Loss: 3.178e-02 | Regularization Loss: 0.000e+00 | Val Loss: 1.901e-01 | Time: 5.02s
2025-08-18 17:23:58,968:INFO:Epoch: 9500/20000 | Train Loss: 3.104e-02 | Dynamic Loss: 3.104e-02 | Regularization Loss: 0.000e+00 | Val Loss: 1.863e-01 | Time: 5.02s
2025-08-18 17:24:04,095:INFO:Epoch: 9550/20000 | Train Loss: 3.131e-02 | Dynamic Loss: 3.131e-02 | Regularization Loss: 0.000e+00 | Val Loss: 1.879e-01 | Time: 5.13s
2025-08-18 17:24:09,144:INFO:Epoch: 9600/20000 | Train Loss: 2.748e-02 | Dynamic Loss: 2.748e-02 | Regularization Loss: 0.000e+00 | Val Loss: 1.869e-01 | Time: 5.05s
2025-08-18 17:24:14,236:INFO:Epoch: 9650/20000 | Train Loss: 2.453e-02 | Dynamic Loss: 2.453e-02 | Regularization Loss: 0.000e+00 | Val Loss: 1.854e-01 | Time: 5.09s
2025-08-18 17:24:21,521:INFO:Epoch: 9700/20000 | Train Loss: 3.152e-02 | Dynamic Loss: 3.152e-02 | Regularization Loss: 0.000e+00 | Val Loss: 1.905e-01 | Time: 7.28s
2025-08-18 17:24:26,626:INFO:Epoch: 9750/20000 | Train Loss: 3.014e-02 | Dynamic Loss: 3.014e-02 | Regularization Loss: 0.000e+00 | Val Loss: 1.955e-01 | Time: 5.11s
2025-08-18 17:24:31,699:INFO:Epoch: 9800/20000 | Train Loss: 2.327e-02 | Dynamic Loss: 2.327e-02 | Regularization Loss: 0.000e+00 | Val Loss: 1.854e-01 | Time: 5.07s
2025-08-18 17:24:36,864:INFO:Epoch: 9850/20000 | Train Loss: 2.461e-02 | Dynamic Loss: 2.461e-02 | Regularization Loss: 0.000e+00 | Val Loss: 1.874e-01 | Time: 5.16s
2025-08-18 17:24:42,014:INFO:Epoch: 9900/20000 | Train Loss: 2.519e-02 | Dynamic Loss: 2.519e-02 | Regularization Loss: 0.000e+00 | Val Loss: 1.876e-01 | Time: 5.15s
2025-08-18 17:24:47,185:INFO:Epoch: 9950/20000 | Train Loss: 2.745e-02 | Dynamic Loss: 2.745e-02 | Regularization Loss: 0.000e+00 | Val Loss: 1.877e-01 | Time: 5.17s
2025-08-18 17:24:52,282:INFO:Epoch: 10000/20000 | Train Loss: 2.438e-02 | Dynamic Loss: 2.438e-02 | Regularization Loss: 0.000e+00 | Val Loss: 1.877e-01 | Time: 5.10s
2025-08-18 17:24:57,378:INFO:Epoch: 10050/20000 | Train Loss: 3.076e-02 | Dynamic Loss: 3.076e-02 | Regularization Loss: 0.000e+00 | Val Loss: 1.917e-01 | Time: 5.10s
2025-08-18 17:25:02,534:INFO:Epoch: 10100/20000 | Train Loss: 3.339e-02 | Dynamic Loss: 3.339e-02 | Regularization Loss: 0.000e+00 | Val Loss: 1.898e-01 | Time: 5.16s
2025-08-18 17:25:07,630:INFO:Epoch: 10150/20000 | Train Loss: 2.731e-02 | Dynamic Loss: 2.731e-02 | Regularization Loss: 0.000e+00 | Val Loss: 1.874e-01 | Time: 5.10s
2025-08-18 17:25:12,608:INFO:Epoch: 10200/20000 | Train Loss: 2.736e-02 | Dynamic Loss: 2.736e-02 | Regularization Loss: 0.000e+00 | Val Loss: 1.877e-01 | Time: 4.98s
2025-08-18 17:25:24,808:INFO:Epoch: 10250/20000 | Train Loss: 2.323e-02 | Dynamic Loss: 2.323e-02 | Regularization Loss: 0.000e+00 | Val Loss: 1.845e-01 | Time: 12.20s
2025-08-18 17:25:29,893:INFO:Epoch: 10300/20000 | Train Loss: 2.508e-02 | Dynamic Loss: 2.508e-02 | Regularization Loss: 0.000e+00 | Val Loss: 1.890e-01 | Time: 5.08s
2025-08-18 17:25:34,984:INFO:Epoch: 10350/20000 | Train Loss: 2.544e-02 | Dynamic Loss: 2.544e-02 | Regularization Loss: 0.000e+00 | Val Loss: 1.887e-01 | Time: 5.09s
2025-08-18 17:25:40,002:INFO:Epoch: 10400/20000 | Train Loss: 2.521e-02 | Dynamic Loss: 2.521e-02 | Regularization Loss: 0.000e+00 | Val Loss: 1.897e-01 | Time: 5.02s
2025-08-18 17:25:45,078:INFO:Epoch: 10450/20000 | Train Loss: 2.327e-02 | Dynamic Loss: 2.327e-02 | Regularization Loss: 0.000e+00 | Val Loss: 1.843e-01 | Time: 5.08s
2025-08-18 17:25:50,285:INFO:Epoch: 10500/20000 | Train Loss: 2.630e-02 | Dynamic Loss: 2.630e-02 | Regularization Loss: 0.000e+00 | Val Loss: 1.909e-01 | Time: 5.21s
2025-08-18 17:25:55,388:INFO:Epoch: 10550/20000 | Train Loss: 2.520e-02 | Dynamic Loss: 2.520e-02 | Regularization Loss: 0.000e+00 | Val Loss: 1.856e-01 | Time: 5.10s
2025-08-18 17:26:00,427:INFO:Epoch: 10600/20000 | Train Loss: 2.513e-02 | Dynamic Loss: 2.513e-02 | Regularization Loss: 0.000e+00 | Val Loss: 1.891e-01 | Time: 5.04s
2025-08-18 17:26:05,465:INFO:Epoch: 10650/20000 | Train Loss: 2.119e-02 | Dynamic Loss: 2.119e-02 | Regularization Loss: 0.000e+00 | Val Loss: 1.849e-01 | Time: 5.04s
2025-08-18 17:26:10,488:INFO:Epoch: 10700/20000 | Train Loss: 2.768e-02 | Dynamic Loss: 2.768e-02 | Regularization Loss: 0.000e+00 | Val Loss: 1.891e-01 | Time: 5.02s
2025-08-18 17:26:15,635:INFO:Epoch: 10750/20000 | Train Loss: 2.452e-02 | Dynamic Loss: 2.452e-02 | Regularization Loss: 0.000e+00 | Val Loss: 1.878e-01 | Time: 5.15s
2025-08-18 17:26:27,376:INFO:Epoch: 10800/20000 | Train Loss: 2.216e-02 | Dynamic Loss: 2.216e-02 | Regularization Loss: 0.000e+00 | Val Loss: 1.850e-01 | Time: 11.74s
2025-08-18 17:26:32,520:INFO:Epoch: 10850/20000 | Train Loss: 2.580e-02 | Dynamic Loss: 2.580e-02 | Regularization Loss: 0.000e+00 | Val Loss: 1.890e-01 | Time: 5.14s
2025-08-18 17:26:37,525:INFO:Epoch: 10900/20000 | Train Loss: 2.334e-02 | Dynamic Loss: 2.334e-02 | Regularization Loss: 0.000e+00 | Val Loss: 1.854e-01 | Time: 5.00s
2025-08-18 17:26:49,821:INFO:Epoch: 10950/20000 | Train Loss: 2.452e-02 | Dynamic Loss: 2.452e-02 | Regularization Loss: 0.000e+00 | Val Loss: 1.910e-01 | Time: 12.30s
2025-08-18 17:26:54,927:INFO:Epoch: 11000/20000 | Train Loss: 2.594e-02 | Dynamic Loss: 2.594e-02 | Regularization Loss: 0.000e+00 | Val Loss: 1.906e-01 | Time: 5.11s
2025-08-18 17:27:00,073:INFO:Epoch: 11050/20000 | Train Loss: 3.120e-02 | Dynamic Loss: 3.120e-02 | Regularization Loss: 0.000e+00 | Val Loss: 1.949e-01 | Time: 5.15s
2025-08-18 17:27:12,465:INFO:Epoch: 11100/20000 | Train Loss: 2.026e-02 | Dynamic Loss: 2.026e-02 | Regularization Loss: 0.000e+00 | Val Loss: 1.856e-01 | Time: 12.39s
2025-08-18 17:27:17,589:INFO:Epoch: 11150/20000 | Train Loss: 2.156e-02 | Dynamic Loss: 2.156e-02 | Regularization Loss: 0.000e+00 | Val Loss: 1.854e-01 | Time: 5.12s
2025-08-18 17:27:22,672:INFO:Epoch: 11200/20000 | Train Loss: 3.355e-02 | Dynamic Loss: 3.355e-02 | Regularization Loss: 0.000e+00 | Val Loss: 1.907e-01 | Time: 5.08s
2025-08-18 17:27:32,999:INFO:Epoch: 11250/20000 | Train Loss: 1.951e-02 | Dynamic Loss: 1.951e-02 | Regularization Loss: 0.000e+00 | Val Loss: 1.838e-01 | Time: 10.33s
2025-08-18 17:27:38,168:INFO:Epoch: 11300/20000 | Train Loss: 2.048e-02 | Dynamic Loss: 2.048e-02 | Regularization Loss: 0.000e+00 | Val Loss: 1.856e-01 | Time: 5.17s
2025-08-18 17:27:43,257:INFO:Epoch: 11350/20000 | Train Loss: 2.221e-02 | Dynamic Loss: 2.221e-02 | Regularization Loss: 0.000e+00 | Val Loss: 1.856e-01 | Time: 5.09s
2025-08-18 17:27:55,318:INFO:Epoch: 11400/20000 | Train Loss: 2.422e-02 | Dynamic Loss: 2.422e-02 | Regularization Loss: 0.000e+00 | Val Loss: 1.869e-01 | Time: 12.06s
2025-08-18 17:28:00,438:INFO:Epoch: 11450/20000 | Train Loss: 2.333e-02 | Dynamic Loss: 2.333e-02 | Regularization Loss: 0.000e+00 | Val Loss: 1.881e-01 | Time: 5.12s
2025-08-18 17:28:05,552:INFO:Epoch: 11500/20000 | Train Loss: 2.622e-02 | Dynamic Loss: 2.622e-02 | Regularization Loss: 0.000e+00 | Val Loss: 1.881e-01 | Time: 5.11s
2025-08-18 17:28:17,635:INFO:Epoch: 11550/20000 | Train Loss: 2.899e-02 | Dynamic Loss: 2.899e-02 | Regularization Loss: 0.000e+00 | Val Loss: 1.923e-01 | Time: 12.08s
2025-08-18 17:28:22,698:INFO:Epoch: 11600/20000 | Train Loss: 2.831e-02 | Dynamic Loss: 2.831e-02 | Regularization Loss: 0.000e+00 | Val Loss: 1.882e-01 | Time: 5.06s
2025-08-18 17:28:27,836:INFO:Epoch: 11650/20000 | Train Loss: 3.602e-02 | Dynamic Loss: 3.602e-02 | Regularization Loss: 0.000e+00 | Val Loss: 2.010e-01 | Time: 5.14s
2025-08-18 17:28:32,937:INFO:Epoch: 11700/20000 | Train Loss: 2.021e-02 | Dynamic Loss: 2.021e-02 | Regularization Loss: 0.000e+00 | Val Loss: 1.855e-01 | Time: 5.10s
2025-08-18 17:28:38,092:INFO:Epoch: 11750/20000 | Train Loss: 2.017e-02 | Dynamic Loss: 2.017e-02 | Regularization Loss: 0.000e+00 | Val Loss: 1.852e-01 | Time: 5.15s
2025-08-18 17:28:43,221:INFO:Epoch: 11800/20000 | Train Loss: 2.324e-02 | Dynamic Loss: 2.324e-02 | Regularization Loss: 0.000e+00 | Val Loss: 1.872e-01 | Time: 5.13s
2025-08-18 17:28:48,335:INFO:Epoch: 11850/20000 | Train Loss: 2.320e-02 | Dynamic Loss: 2.320e-02 | Regularization Loss: 0.000e+00 | Val Loss: 1.876e-01 | Time: 5.11s
2025-08-18 17:28:53,393:INFO:Epoch: 11900/20000 | Train Loss: 2.425e-02 | Dynamic Loss: 2.425e-02 | Regularization Loss: 0.000e+00 | Val Loss: 1.867e-01 | Time: 5.06s
2025-08-18 17:29:05,091:INFO:Epoch: 11950/20000 | Train Loss: 1.847e-02 | Dynamic Loss: 1.847e-02 | Regularization Loss: 0.000e+00 | Val Loss: 1.831e-01 | Time: 11.70s
2025-08-18 17:29:10,117:INFO:Epoch: 12000/20000 | Train Loss: 1.891e-02 | Dynamic Loss: 1.891e-02 | Regularization Loss: 0.000e+00 | Val Loss: 1.855e-01 | Time: 5.02s
2025-08-18 17:29:15,284:INFO:Epoch: 12050/20000 | Train Loss: 2.568e-02 | Dynamic Loss: 2.568e-02 | Regularization Loss: 0.000e+00 | Val Loss: 1.934e-01 | Time: 5.17s
2025-08-18 17:29:20,393:INFO:Epoch: 12100/20000 | Train Loss: 1.760e-02 | Dynamic Loss: 1.760e-02 | Regularization Loss: 0.000e+00 | Val Loss: 1.832e-01 | Time: 5.11s
2025-08-18 17:29:25,638:INFO:Epoch: 12150/20000 | Train Loss: 2.016e-02 | Dynamic Loss: 2.016e-02 | Regularization Loss: 0.000e+00 | Val Loss: 1.873e-01 | Time: 5.24s
2025-08-18 17:29:30,771:INFO:Epoch: 12200/20000 | Train Loss: 2.589e-02 | Dynamic Loss: 2.589e-02 | Regularization Loss: 0.000e+00 | Val Loss: 1.917e-01 | Time: 5.13s
2025-08-18 17:29:35,834:INFO:Epoch: 12250/20000 | Train Loss: 1.983e-02 | Dynamic Loss: 1.983e-02 | Regularization Loss: 0.000e+00 | Val Loss: 1.857e-01 | Time: 5.06s
2025-08-18 17:29:40,941:INFO:Epoch: 12300/20000 | Train Loss: 1.791e-02 | Dynamic Loss: 1.791e-02 | Regularization Loss: 0.000e+00 | Val Loss: 1.829e-01 | Time: 5.11s
2025-08-18 17:29:40,942:INFO:New best model found at epoch 12300 with validation loss 1.829e-01. Saving...
2025-08-18 17:29:46,078:INFO:Epoch: 12350/20000 | Train Loss: 2.306e-02 | Dynamic Loss: 2.306e-02 | Regularization Loss: 0.000e+00 | Val Loss: 1.885e-01 | Time: 5.13s
2025-08-18 17:29:51,096:INFO:Epoch: 12400/20000 | Train Loss: 1.932e-02 | Dynamic Loss: 1.932e-02 | Regularization Loss: 0.000e+00 | Val Loss: 1.842e-01 | Time: 5.02s
2025-08-18 17:29:56,203:INFO:Epoch: 12450/20000 | Train Loss: 2.517e-02 | Dynamic Loss: 2.517e-02 | Regularization Loss: 0.000e+00 | Val Loss: 1.894e-01 | Time: 5.11s
2025-08-18 17:30:07,997:INFO:Epoch: 12500/20000 | Train Loss: 1.604e-02 | Dynamic Loss: 1.604e-02 | Regularization Loss: 0.000e+00 | Val Loss: 1.830e-01 | Time: 11.79s
2025-08-18 17:30:13,212:INFO:Epoch: 12550/20000 | Train Loss: 1.827e-02 | Dynamic Loss: 1.827e-02 | Regularization Loss: 0.000e+00 | Val Loss: 1.847e-01 | Time: 5.22s
2025-08-18 17:30:18,319:INFO:Epoch: 12600/20000 | Train Loss: 1.781e-02 | Dynamic Loss: 1.781e-02 | Regularization Loss: 0.000e+00 | Val Loss: 1.845e-01 | Time: 5.11s
2025-08-18 17:30:30,585:INFO:Epoch: 12650/20000 | Train Loss: 1.722e+00 | Dynamic Loss: 1.722e+00 | Regularization Loss: 0.000e+00 | Val Loss: 1.812e+00 | Time: 12.27s
2025-08-18 17:30:35,718:INFO:Epoch: 12700/20000 | Train Loss: 1.079e+00 | Dynamic Loss: 1.079e+00 | Regularization Loss: 0.000e+00 | Val Loss: 1.183e+00 | Time: 5.13s
2025-08-18 17:30:40,843:INFO:Epoch: 12750/20000 | Train Loss: 8.885e-01 | Dynamic Loss: 8.885e-01 | Regularization Loss: 0.000e+00 | Val Loss: 1.003e+00 | Time: 5.13s
2025-08-18 17:30:45,971:INFO:Epoch: 12800/20000 | Train Loss: 7.667e-01 | Dynamic Loss: 7.667e-01 | Regularization Loss: 0.000e+00 | Val Loss: 8.952e-01 | Time: 5.13s
2025-08-18 17:30:51,167:INFO:Epoch: 12850/20000 | Train Loss: 6.820e-01 | Dynamic Loss: 6.820e-01 | Regularization Loss: 0.000e+00 | Val Loss: 8.179e-01 | Time: 5.20s
2025-08-18 17:30:56,546:INFO:Epoch: 12900/20000 | Train Loss: 6.161e-01 | Dynamic Loss: 6.161e-01 | Regularization Loss: 0.000e+00 | Val Loss: 7.577e-01 | Time: 5.38s
2025-08-18 17:31:08,267:INFO:Epoch: 12950/20000 | Train Loss: 5.613e-01 | Dynamic Loss: 5.613e-01 | Regularization Loss: 0.000e+00 | Val Loss: 7.058e-01 | Time: 11.72s
2025-08-18 17:31:13,325:INFO:Epoch: 13000/20000 | Train Loss: 5.147e-01 | Dynamic Loss: 5.147e-01 | Regularization Loss: 0.000e+00 | Val Loss: 6.604e-01 | Time: 5.06s
2025-08-18 17:31:18,471:INFO:Epoch: 13050/20000 | Train Loss: 4.724e-01 | Dynamic Loss: 4.724e-01 | Regularization Loss: 0.000e+00 | Val Loss: 6.179e-01 | Time: 5.15s
2025-08-18 17:31:23,476:INFO:Epoch: 13100/20000 | Train Loss: 4.335e-01 | Dynamic Loss: 4.335e-01 | Regularization Loss: 0.000e+00 | Val Loss: 5.790e-01 | Time: 5.01s
2025-08-18 17:31:28,570:INFO:Epoch: 13150/20000 | Train Loss: 3.975e-01 | Dynamic Loss: 3.975e-01 | Regularization Loss: 0.000e+00 | Val Loss: 5.428e-01 | Time: 5.09s
2025-08-18 17:31:33,613:INFO:Epoch: 13200/20000 | Train Loss: 3.639e-01 | Dynamic Loss: 3.639e-01 | Regularization Loss: 0.000e+00 | Val Loss: 5.077e-01 | Time: 5.04s
2025-08-18 17:31:46,050:INFO:Epoch: 13250/20000 | Train Loss: 3.376e-01 | Dynamic Loss: 3.376e-01 | Regularization Loss: 0.000e+00 | Val Loss: 4.772e-01 | Time: 12.44s
2025-08-18 17:31:51,137:INFO:Epoch: 13300/20000 | Train Loss: 3.093e-01 | Dynamic Loss: 3.093e-01 | Regularization Loss: 0.000e+00 | Val Loss: 4.490e-01 | Time: 5.09s
