2025-08-18 17:05:00,313:INFO:Created DataLoaders with 5994 training samples and 1998 validation samples.
2025-08-18 17:05:02,613:INFO:model params: 526850
2025-08-18 17:05:06,823:INFO:Epoch: 0/20000 | Train Loss: 2.372e+00 | Dynamic Loss: 1.612e+00 | Regularization Loss: 7.599e-01 | Val Loss: 9.830e-01 | Time: 4.21s
2025-08-18 17:05:06,823:INFO:New best model found at epoch 0 with validation loss 9.830e-01. Saving...
2025-08-18 17:05:12,185:INFO:Epoch: 50/20000 | Train Loss: 7.323e-01 | Dynamic Loss: 7.299e-01 | Regularization Loss: 2.403e-03 | Val Loss: 7.306e-01 | Time: 5.31s
2025-08-18 17:05:12,185:INFO:New best model found at epoch 50 with validation loss 7.306e-01. Saving...
2025-08-18 17:05:17,571:INFO:Epoch: 100/20000 | Train Loss: 6.764e-01 | Dynamic Loss: 6.753e-01 | Regularization Loss: 1.077e-03 | Val Loss: 6.825e-01 | Time: 5.38s
2025-08-18 17:05:17,571:INFO:New best model found at epoch 100 with validation loss 6.825e-01. Saving...
2025-08-18 17:05:22,970:INFO:Epoch: 150/20000 | Train Loss: 6.265e-01 | Dynamic Loss: 6.258e-01 | Regularization Loss: 6.242e-04 | Val Loss: 6.351e-01 | Time: 5.39s
2025-08-18 17:05:22,970:INFO:New best model found at epoch 150 with validation loss 6.351e-01. Saving...
2025-08-18 17:05:30,720:INFO:Epoch: 200/20000 | Train Loss: 5.857e-01 | Dynamic Loss: 5.853e-01 | Regularization Loss: 4.127e-04 | Val Loss: 5.956e-01 | Time: 7.74s
2025-08-18 17:05:30,720:INFO:New best model found at epoch 200 with validation loss 5.956e-01. Saving...
2025-08-18 17:05:36,147:INFO:Epoch: 250/20000 | Train Loss: 5.442e-01 | Dynamic Loss: 5.439e-01 | Regularization Loss: 2.952e-04 | Val Loss: 5.585e-01 | Time: 5.42s
2025-08-18 17:05:36,147:INFO:New best model found at epoch 250 with validation loss 5.585e-01. Saving...
2025-08-18 17:05:41,782:INFO:Epoch: 300/20000 | Train Loss: 5.100e-01 | Dynamic Loss: 5.098e-01 | Regularization Loss: 2.222e-04 | Val Loss: 5.247e-01 | Time: 5.63s
2025-08-18 17:05:41,782:INFO:New best model found at epoch 300 with validation loss 5.247e-01. Saving...
2025-08-18 17:05:47,351:INFO:Epoch: 350/20000 | Train Loss: 4.761e-01 | Dynamic Loss: 4.759e-01 | Regularization Loss: 1.733e-04 | Val Loss: 4.942e-01 | Time: 5.56s
2025-08-18 17:05:47,351:INFO:New best model found at epoch 350 with validation loss 4.942e-01. Saving...
2025-08-18 17:05:52,873:INFO:Epoch: 400/20000 | Train Loss: 4.471e-01 | Dynamic Loss: 4.470e-01 | Regularization Loss: 1.388e-04 | Val Loss: 4.639e-01 | Time: 5.51s
2025-08-18 17:05:52,873:INFO:New best model found at epoch 400 with validation loss 4.639e-01. Saving...
2025-08-18 17:05:58,358:INFO:Epoch: 450/20000 | Train Loss: 4.155e-01 | Dynamic Loss: 4.153e-01 | Regularization Loss: 1.133e-04 | Val Loss: 4.348e-01 | Time: 5.47s
2025-08-18 17:05:58,358:INFO:New best model found at epoch 450 with validation loss 4.348e-01. Saving...
2025-08-18 17:06:03,858:INFO:Epoch: 500/20000 | Train Loss: 3.875e-01 | Dynamic Loss: 3.874e-01 | Regularization Loss: 9.403e-05 | Val Loss: 4.081e-01 | Time: 5.49s
2025-08-18 17:06:03,858:INFO:New best model found at epoch 500 with validation loss 4.081e-01. Saving...
2025-08-18 17:06:13,323:INFO:Epoch: 550/20000 | Train Loss: 3.624e-01 | Dynamic Loss: 3.623e-01 | Regularization Loss: 7.895e-05 | Val Loss: 3.838e-01 | Time: 9.46s
2025-08-18 17:06:13,323:INFO:New best model found at epoch 550 with validation loss 3.838e-01. Saving...
2025-08-18 17:06:18,840:INFO:Epoch: 600/20000 | Train Loss: 3.446e-01 | Dynamic Loss: 3.445e-01 | Regularization Loss: 6.703e-05 | Val Loss: 3.631e-01 | Time: 5.51s
2025-08-18 17:06:18,841:INFO:New best model found at epoch 600 with validation loss 3.631e-01. Saving...
2025-08-18 17:06:24,408:INFO:Epoch: 650/20000 | Train Loss: 3.184e-01 | Dynamic Loss: 3.183e-01 | Regularization Loss: 5.740e-05 | Val Loss: 3.421e-01 | Time: 5.56s
2025-08-18 17:06:24,408:INFO:New best model found at epoch 650 with validation loss 3.421e-01. Saving...
2025-08-18 17:06:29,929:INFO:Epoch: 700/20000 | Train Loss: 3.080e-01 | Dynamic Loss: 3.080e-01 | Regularization Loss: 4.951e-05 | Val Loss: 3.252e-01 | Time: 5.51s
2025-08-18 17:06:29,929:INFO:New best model found at epoch 700 with validation loss 3.252e-01. Saving...
2025-08-18 17:06:35,486:INFO:Epoch: 750/20000 | Train Loss: 2.864e-01 | Dynamic Loss: 2.863e-01 | Regularization Loss: 4.297e-05 | Val Loss: 3.080e-01 | Time: 5.55s
2025-08-18 17:06:35,486:INFO:New best model found at epoch 750 with validation loss 3.080e-01. Saving...
2025-08-18 17:06:41,074:INFO:Epoch: 800/20000 | Train Loss: 2.683e-01 | Dynamic Loss: 2.683e-01 | Regularization Loss: 3.754e-05 | Val Loss: 2.979e-01 | Time: 5.58s
2025-08-18 17:06:41,074:INFO:New best model found at epoch 800 with validation loss 2.979e-01. Saving...
2025-08-18 17:06:46,610:INFO:Epoch: 850/20000 | Train Loss: 2.564e-01 | Dynamic Loss: 2.564e-01 | Regularization Loss: 3.296e-05 | Val Loss: 2.794e-01 | Time: 5.53s
2025-08-18 17:06:46,610:INFO:New best model found at epoch 850 with validation loss 2.794e-01. Saving...
2025-08-18 17:06:55,689:INFO:Epoch: 900/20000 | Train Loss: 2.441e-01 | Dynamic Loss: 2.441e-01 | Regularization Loss: 2.906e-05 | Val Loss: 2.668e-01 | Time: 9.07s
2025-08-18 17:06:55,690:INFO:New best model found at epoch 900 with validation loss 2.668e-01. Saving...
2025-08-18 17:07:01,215:INFO:Epoch: 950/20000 | Train Loss: 2.306e-01 | Dynamic Loss: 2.305e-01 | Regularization Loss: 2.576e-05 | Val Loss: 2.549e-01 | Time: 5.52s
2025-08-18 17:07:01,215:INFO:New best model found at epoch 950 with validation loss 2.549e-01. Saving...
2025-08-18 17:07:06,799:INFO:Epoch: 1000/20000 | Train Loss: 2.208e-01 | Dynamic Loss: 2.208e-01 | Regularization Loss: 2.292e-05 | Val Loss: 2.456e-01 | Time: 5.58s
2025-08-18 17:07:06,799:INFO:New best model found at epoch 1000 with validation loss 2.456e-01. Saving...
2025-08-18 17:07:12,439:INFO:Epoch: 1050/20000 | Train Loss: 2.101e-01 | Dynamic Loss: 2.101e-01 | Regularization Loss: 2.047e-05 | Val Loss: 2.365e-01 | Time: 5.63s
2025-08-18 17:07:12,439:INFO:New best model found at epoch 1050 with validation loss 2.365e-01. Saving...
2025-08-18 17:07:18,025:INFO:Epoch: 1100/20000 | Train Loss: 1.991e-01 | Dynamic Loss: 1.991e-01 | Regularization Loss: 1.837e-05 | Val Loss: 2.260e-01 | Time: 5.58s
2025-08-18 17:07:18,025:INFO:New best model found at epoch 1100 with validation loss 2.260e-01. Saving...
2025-08-18 17:07:23,525:INFO:Epoch: 1150/20000 | Train Loss: 1.961e-01 | Dynamic Loss: 1.961e-01 | Regularization Loss: 1.652e-05 | Val Loss: 2.266e-01 | Time: 5.49s
2025-08-18 17:07:29,022:INFO:Epoch: 1200/20000 | Train Loss: 1.839e-01 | Dynamic Loss: 1.838e-01 | Regularization Loss: 1.489e-05 | Val Loss: 2.108e-01 | Time: 5.50s
2025-08-18 17:07:29,023:INFO:New best model found at epoch 1200 with validation loss 2.108e-01. Saving...
2025-08-18 17:07:34,653:INFO:Epoch: 1250/20000 | Train Loss: 1.789e-01 | Dynamic Loss: 1.789e-01 | Regularization Loss: 1.352e-05 | Val Loss: 2.065e-01 | Time: 5.62s
2025-08-18 17:07:34,653:INFO:New best model found at epoch 1250 with validation loss 2.065e-01. Saving...
2025-08-18 17:07:40,203:INFO:Epoch: 1300/20000 | Train Loss: 1.729e-01 | Dynamic Loss: 1.728e-01 | Regularization Loss: 1.229e-05 | Val Loss: 1.998e-01 | Time: 5.54s
2025-08-18 17:07:40,203:INFO:New best model found at epoch 1300 with validation loss 1.998e-01. Saving...
2025-08-18 17:07:45,702:INFO:Epoch: 1350/20000 | Train Loss: 1.698e-01 | Dynamic Loss: 1.698e-01 | Regularization Loss: 1.120e-05 | Val Loss: 1.945e-01 | Time: 5.49s
2025-08-18 17:07:45,702:INFO:New best model found at epoch 1350 with validation loss 1.945e-01. Saving...
2025-08-18 17:07:51,313:INFO:Epoch: 1400/20000 | Train Loss: 1.608e-01 | Dynamic Loss: 1.608e-01 | Regularization Loss: 1.024e-05 | Val Loss: 1.910e-01 | Time: 5.60s
2025-08-18 17:07:51,313:INFO:New best model found at epoch 1400 with validation loss 1.910e-01. Saving...
2025-08-18 17:07:56,912:INFO:Epoch: 1450/20000 | Train Loss: 1.578e-01 | Dynamic Loss: 1.578e-01 | Regularization Loss: 9.377e-06 | Val Loss: 1.863e-01 | Time: 5.59s
2025-08-18 17:07:56,912:INFO:New best model found at epoch 1450 with validation loss 1.863e-01. Saving...
2025-08-18 17:08:16,155:INFO:Epoch: 1500/20000 | Train Loss: 1.514e-01 | Dynamic Loss: 1.514e-01 | Regularization Loss: 8.612e-06 | Val Loss: 1.811e-01 | Time: 19.23s
2025-08-18 17:08:16,155:INFO:New best model found at epoch 1500 with validation loss 1.811e-01. Saving...
2025-08-18 17:08:27,015:INFO:Epoch: 1550/20000 | Train Loss: 1.452e-01 | Dynamic Loss: 1.451e-01 | Regularization Loss: 7.936e-06 | Val Loss: 1.745e-01 | Time: 10.85s
2025-08-18 17:08:27,015:INFO:New best model found at epoch 1550 with validation loss 1.745e-01. Saving...
2025-08-18 17:08:32,602:INFO:Epoch: 1600/20000 | Train Loss: 1.391e-01 | Dynamic Loss: 1.391e-01 | Regularization Loss: 7.331e-06 | Val Loss: 1.708e-01 | Time: 5.58s
2025-08-18 17:08:32,602:INFO:New best model found at epoch 1600 with validation loss 1.708e-01. Saving...
2025-08-18 17:08:38,185:INFO:Epoch: 1650/20000 | Train Loss: 1.374e-01 | Dynamic Loss: 1.374e-01 | Regularization Loss: 6.802e-06 | Val Loss: 1.675e-01 | Time: 5.57s
2025-08-18 17:08:38,185:INFO:New best model found at epoch 1650 with validation loss 1.675e-01. Saving...
2025-08-18 17:08:43,849:INFO:Epoch: 1700/20000 | Train Loss: 1.354e-01 | Dynamic Loss: 1.354e-01 | Regularization Loss: 6.321e-06 | Val Loss: 1.645e-01 | Time: 5.66s
2025-08-18 17:08:43,849:INFO:New best model found at epoch 1700 with validation loss 1.645e-01. Saving...
2025-08-18 17:08:49,486:INFO:Epoch: 1750/20000 | Train Loss: 1.293e-01 | Dynamic Loss: 1.293e-01 | Regularization Loss: 5.887e-06 | Val Loss: 1.616e-01 | Time: 5.63s
2025-08-18 17:08:49,487:INFO:New best model found at epoch 1750 with validation loss 1.616e-01. Saving...
2025-08-18 17:08:55,069:INFO:Epoch: 1800/20000 | Train Loss: 1.304e-01 | Dynamic Loss: 1.304e-01 | Regularization Loss: 5.496e-06 | Val Loss: 1.623e-01 | Time: 5.57s
2025-08-18 17:09:00,603:INFO:Epoch: 1850/20000 | Train Loss: 1.233e-01 | Dynamic Loss: 1.233e-01 | Regularization Loss: 5.140e-06 | Val Loss: 1.560e-01 | Time: 5.53s
2025-08-18 17:09:00,603:INFO:New best model found at epoch 1850 with validation loss 1.560e-01. Saving...
2025-08-18 17:09:08,559:INFO:Epoch: 1900/20000 | Train Loss: 1.249e-01 | Dynamic Loss: 1.249e-01 | Regularization Loss: 4.819e-06 | Val Loss: 1.544e-01 | Time: 7.95s
2025-08-18 17:09:08,559:INFO:New best model found at epoch 1900 with validation loss 1.544e-01. Saving...
2025-08-18 17:09:14,088:INFO:Epoch: 1950/20000 | Train Loss: 1.238e-01 | Dynamic Loss: 1.238e-01 | Regularization Loss: 4.527e-06 | Val Loss: 1.572e-01 | Time: 5.52s
2025-08-18 17:09:20,608:INFO:Epoch: 2000/20000 | Train Loss: 1.164e-01 | Dynamic Loss: 1.164e-01 | Regularization Loss: 4.258e-06 | Val Loss: 1.504e-01 | Time: 6.52s
2025-08-18 17:09:20,608:INFO:New best model found at epoch 2000 with validation loss 1.504e-01. Saving...
2025-08-18 17:09:26,229:INFO:Epoch: 2050/20000 | Train Loss: 1.240e-01 | Dynamic Loss: 1.240e-01 | Regularization Loss: 4.009e-06 | Val Loss: 1.530e-01 | Time: 5.61s
2025-08-18 17:09:37,836:INFO:Epoch: 2100/20000 | Train Loss: 1.110e-01 | Dynamic Loss: 1.110e-01 | Regularization Loss: 3.778e-06 | Val Loss: 1.462e-01 | Time: 11.61s
2025-08-18 17:09:37,836:INFO:New best model found at epoch 2100 with validation loss 1.462e-01. Saving...
2025-08-18 17:09:43,378:INFO:Epoch: 2150/20000 | Train Loss: 1.111e-01 | Dynamic Loss: 1.111e-01 | Regularization Loss: 3.562e-06 | Val Loss: 1.450e-01 | Time: 5.53s
2025-08-18 17:09:43,378:INFO:New best model found at epoch 2150 with validation loss 1.450e-01. Saving...
2025-08-18 17:09:49,035:INFO:Epoch: 2200/20000 | Train Loss: 1.070e-01 | Dynamic Loss: 1.070e-01 | Regularization Loss: 3.359e-06 | Val Loss: 1.430e-01 | Time: 5.65s
2025-08-18 17:09:49,035:INFO:New best model found at epoch 2200 with validation loss 1.430e-01. Saving...
2025-08-18 17:09:54,674:INFO:Epoch: 2250/20000 | Train Loss: 1.072e-01 | Dynamic Loss: 1.072e-01 | Regularization Loss: 3.160e-06 | Val Loss: 1.429e-01 | Time: 5.63s
2025-08-18 17:09:54,675:INFO:New best model found at epoch 2250 with validation loss 1.429e-01. Saving...
2025-08-18 17:10:00,356:INFO:Epoch: 2300/20000 | Train Loss: 1.088e-01 | Dynamic Loss: 1.088e-01 | Regularization Loss: 2.964e-06 | Val Loss: 1.422e-01 | Time: 5.67s
2025-08-18 17:10:00,356:INFO:New best model found at epoch 2300 with validation loss 1.422e-01. Saving...
2025-08-18 17:10:05,846:INFO:Epoch: 2350/20000 | Train Loss: 1.051e-01 | Dynamic Loss: 1.051e-01 | Regularization Loss: 2.778e-06 | Val Loss: 1.389e-01 | Time: 5.48s
2025-08-18 17:10:05,846:INFO:New best model found at epoch 2350 with validation loss 1.389e-01. Saving...
2025-08-18 17:10:11,669:INFO:Epoch: 2400/20000 | Train Loss: 1.050e-01 | Dynamic Loss: 1.050e-01 | Regularization Loss: 2.606e-06 | Val Loss: 1.402e-01 | Time: 5.81s
2025-08-18 17:10:17,302:INFO:Epoch: 2450/20000 | Train Loss: 1.063e-01 | Dynamic Loss: 1.063e-01 | Regularization Loss: 2.444e-06 | Val Loss: 1.387e-01 | Time: 5.63s
2025-08-18 17:10:17,303:INFO:New best model found at epoch 2450 with validation loss 1.387e-01. Saving...
2025-08-18 17:10:22,900:INFO:Epoch: 2500/20000 | Train Loss: 1.007e-01 | Dynamic Loss: 1.007e-01 | Regularization Loss: 2.288e-06 | Val Loss: 1.372e-01 | Time: 5.59s
2025-08-18 17:10:22,900:INFO:New best model found at epoch 2500 with validation loss 1.372e-01. Saving...
2025-08-18 17:10:34,400:INFO:Epoch: 2550/20000 | Train Loss: 1.106e-01 | Dynamic Loss: 1.106e-01 | Regularization Loss: 2.141e-06 | Val Loss: 1.385e-01 | Time: 11.49s
2025-08-18 17:10:40,059:INFO:Epoch: 2600/20000 | Train Loss: 9.811e-02 | Dynamic Loss: 9.811e-02 | Regularization Loss: 1.999e-06 | Val Loss: 1.378e-01 | Time: 5.66s
2025-08-18 17:10:45,706:INFO:Epoch: 2650/20000 | Train Loss: 9.501e-02 | Dynamic Loss: 9.500e-02 | Regularization Loss: 1.866e-06 | Val Loss: 1.340e-01 | Time: 5.65s
2025-08-18 17:10:45,706:INFO:New best model found at epoch 2650 with validation loss 1.340e-01. Saving...
2025-08-18 17:10:51,324:INFO:Epoch: 2700/20000 | Train Loss: 9.728e-02 | Dynamic Loss: 9.728e-02 | Regularization Loss: 1.740e-06 | Val Loss: 1.383e-01 | Time: 5.61s
2025-08-18 17:10:57,026:INFO:Epoch: 2750/20000 | Train Loss: 9.300e-02 | Dynamic Loss: 9.299e-02 | Regularization Loss: 1.618e-06 | Val Loss: 1.324e-01 | Time: 5.70s
2025-08-18 17:10:57,026:INFO:New best model found at epoch 2750 with validation loss 1.324e-01. Saving...
2025-08-18 17:11:02,639:INFO:Epoch: 2800/20000 | Train Loss: 9.308e-02 | Dynamic Loss: 9.308e-02 | Regularization Loss: 1.504e-06 | Val Loss: 1.322e-01 | Time: 5.60s
2025-08-18 17:11:02,639:INFO:New best model found at epoch 2800 with validation loss 1.322e-01. Saving...
2025-08-18 17:11:08,358:INFO:Epoch: 2850/20000 | Train Loss: 9.138e-02 | Dynamic Loss: 9.138e-02 | Regularization Loss: 1.398e-06 | Val Loss: 1.330e-01 | Time: 5.71s
2025-08-18 17:11:14,064:INFO:Epoch: 2900/20000 | Train Loss: 9.268e-02 | Dynamic Loss: 9.268e-02 | Regularization Loss: 1.298e-06 | Val Loss: 1.319e-01 | Time: 5.71s
2025-08-18 17:11:14,064:INFO:New best model found at epoch 2900 with validation loss 1.319e-01. Saving...
2025-08-18 17:11:19,754:INFO:Epoch: 2950/20000 | Train Loss: 8.868e-02 | Dynamic Loss: 8.868e-02 | Regularization Loss: 1.204e-06 | Val Loss: 1.305e-01 | Time: 5.68s
2025-08-18 17:11:19,754:INFO:New best model found at epoch 2950 with validation loss 1.305e-01. Saving...
2025-08-18 17:11:25,473:INFO:Epoch: 3000/20000 | Train Loss: 8.826e-02 | Dynamic Loss: 8.826e-02 | Regularization Loss: 1.116e-06 | Val Loss: 1.300e-01 | Time: 5.71s
2025-08-18 17:11:25,473:INFO:New best model found at epoch 3000 with validation loss 1.300e-01. Saving...
2025-08-18 17:11:31,248:INFO:Epoch: 3050/20000 | Train Loss: 8.948e-02 | Dynamic Loss: 8.948e-02 | Regularization Loss: 1.037e-06 | Val Loss: 1.306e-01 | Time: 5.77s
2025-08-18 17:11:36,981:INFO:Epoch: 3100/20000 | Train Loss: 9.082e-02 | Dynamic Loss: 9.082e-02 | Regularization Loss: 9.675e-07 | Val Loss: 1.353e-01 | Time: 5.73s
2025-08-18 17:11:42,682:INFO:Epoch: 3150/20000 | Train Loss: 8.943e-02 | Dynamic Loss: 8.943e-02 | Regularization Loss: 8.993e-07 | Val Loss: 1.315e-01 | Time: 5.70s
2025-08-18 17:11:54,919:INFO:Epoch: 3200/20000 | Train Loss: 8.740e-02 | Dynamic Loss: 8.740e-02 | Regularization Loss: 8.406e-07 | Val Loss: 1.306e-01 | Time: 12.24s
2025-08-18 17:12:00,572:INFO:Epoch: 3250/20000 | Train Loss: 8.910e-02 | Dynamic Loss: 8.910e-02 | Regularization Loss: 7.856e-07 | Val Loss: 1.302e-01 | Time: 5.65s
2025-08-18 17:12:08,123:INFO:Epoch: 3300/20000 | Train Loss: 8.716e-02 | Dynamic Loss: 8.716e-02 | Regularization Loss: 7.349e-07 | Val Loss: 1.303e-01 | Time: 7.55s
2025-08-18 17:12:13,759:INFO:Epoch: 3350/20000 | Train Loss: 8.871e-02 | Dynamic Loss: 8.871e-02 | Regularization Loss: 6.891e-07 | Val Loss: 1.332e-01 | Time: 5.64s
2025-08-18 17:12:19,487:INFO:Epoch: 3400/20000 | Train Loss: 8.691e-02 | Dynamic Loss: 8.691e-02 | Regularization Loss: 6.429e-07 | Val Loss: 1.303e-01 | Time: 5.73s
2025-08-18 17:12:25,330:INFO:Epoch: 3450/20000 | Train Loss: 8.437e-02 | Dynamic Loss: 8.437e-02 | Regularization Loss: 6.081e-07 | Val Loss: 1.309e-01 | Time: 5.84s
2025-08-18 17:12:32,987:INFO:Epoch: 3500/20000 | Train Loss: 8.281e-02 | Dynamic Loss: 8.281e-02 | Regularization Loss: 5.737e-07 | Val Loss: 1.292e-01 | Time: 7.66s
2025-08-18 17:12:32,987:INFO:New best model found at epoch 3500 with validation loss 1.292e-01. Saving...
2025-08-18 17:12:38,655:INFO:Epoch: 3550/20000 | Train Loss: 8.181e-02 | Dynamic Loss: 8.181e-02 | Regularization Loss: 5.459e-07 | Val Loss: 1.292e-01 | Time: 5.66s
2025-08-18 17:12:38,655:INFO:New best model found at epoch 3550 with validation loss 1.292e-01. Saving...
2025-08-18 17:12:46,917:INFO:Epoch: 3600/20000 | Train Loss: 8.425e-02 | Dynamic Loss: 8.424e-02 | Regularization Loss: 5.189e-07 | Val Loss: 1.318e-01 | Time: 8.25s
2025-08-18 17:12:52,699:INFO:Epoch: 3650/20000 | Train Loss: 8.301e-02 | Dynamic Loss: 8.301e-02 | Regularization Loss: 5.013e-07 | Val Loss: 1.309e-01 | Time: 5.78s
2025-08-18 17:12:58,474:INFO:Epoch: 3700/20000 | Train Loss: 8.248e-02 | Dynamic Loss: 8.248e-02 | Regularization Loss: 4.843e-07 | Val Loss: 1.315e-01 | Time: 5.77s
2025-08-18 17:13:04,222:INFO:Epoch: 3750/20000 | Train Loss: 8.117e-02 | Dynamic Loss: 8.117e-02 | Regularization Loss: 4.690e-07 | Val Loss: 1.315e-01 | Time: 5.75s
2025-08-18 17:13:10,062:INFO:Epoch: 3800/20000 | Train Loss: 8.352e-02 | Dynamic Loss: 8.352e-02 | Regularization Loss: 4.502e-07 | Val Loss: 1.314e-01 | Time: 5.84s
2025-08-18 17:13:15,888:INFO:Epoch: 3850/20000 | Train Loss: 8.132e-02 | Dynamic Loss: 8.132e-02 | Regularization Loss: 4.458e-07 | Val Loss: 1.310e-01 | Time: 5.83s
2025-08-18 17:13:21,741:INFO:Epoch: 3900/20000 | Train Loss: 7.901e-02 | Dynamic Loss: 7.901e-02 | Regularization Loss: 4.521e-07 | Val Loss: 1.303e-01 | Time: 5.85s
2025-08-18 17:13:27,489:INFO:Epoch: 3950/20000 | Train Loss: 8.058e-02 | Dynamic Loss: 8.058e-02 | Regularization Loss: 4.476e-07 | Val Loss: 1.310e-01 | Time: 5.75s
2025-08-18 17:13:33,217:INFO:Epoch: 4000/20000 | Train Loss: 7.776e-02 | Dynamic Loss: 7.776e-02 | Regularization Loss: 4.571e-07 | Val Loss: 1.307e-01 | Time: 5.73s
2025-08-18 17:13:39,235:INFO:Epoch: 4050/20000 | Train Loss: 8.571e-02 | Dynamic Loss: 8.571e-02 | Regularization Loss: 4.689e-07 | Val Loss: 1.326e-01 | Time: 6.02s
2025-08-18 17:13:44,929:INFO:Epoch: 4100/20000 | Train Loss: 7.596e-02 | Dynamic Loss: 7.596e-02 | Regularization Loss: 4.890e-07 | Val Loss: 1.295e-01 | Time: 5.69s
2025-08-18 17:13:57,169:INFO:Epoch: 4150/20000 | Train Loss: 7.513e-02 | Dynamic Loss: 7.513e-02 | Regularization Loss: 5.184e-07 | Val Loss: 1.311e-01 | Time: 12.24s
2025-08-18 17:14:02,925:INFO:Epoch: 4200/20000 | Train Loss: 7.541e-02 | Dynamic Loss: 7.541e-02 | Regularization Loss: 5.520e-07 | Val Loss: 1.303e-01 | Time: 5.76s
2025-08-18 17:14:08,595:INFO:Epoch: 4250/20000 | Train Loss: 7.474e-02 | Dynamic Loss: 7.474e-02 | Regularization Loss: 5.933e-07 | Val Loss: 1.310e-01 | Time: 5.67s
2025-08-18 17:14:14,333:INFO:Epoch: 4300/20000 | Train Loss: 7.720e-02 | Dynamic Loss: 7.720e-02 | Regularization Loss: 6.524e-07 | Val Loss: 1.355e-01 | Time: 5.74s
2025-08-18 17:14:21,433:INFO:Epoch: 4350/20000 | Train Loss: 7.222e-02 | Dynamic Loss: 7.222e-02 | Regularization Loss: 6.993e-07 | Val Loss: 1.302e-01 | Time: 7.10s
2025-08-18 17:14:27,069:INFO:Epoch: 4400/20000 | Train Loss: 8.053e-02 | Dynamic Loss: 8.053e-02 | Regularization Loss: 7.271e-07 | Val Loss: 1.378e-01 | Time: 5.64s
2025-08-18 17:14:34,013:INFO:Epoch: 4450/20000 | Train Loss: 7.463e-02 | Dynamic Loss: 7.463e-02 | Regularization Loss: 8.262e-07 | Val Loss: 1.322e-01 | Time: 6.94s
2025-08-18 17:14:39,692:INFO:Epoch: 4500/20000 | Train Loss: 7.008e-02 | Dynamic Loss: 7.008e-02 | Regularization Loss: 8.679e-07 | Val Loss: 1.303e-01 | Time: 5.68s
2025-08-18 17:14:47,457:INFO:Epoch: 4550/20000 | Train Loss: 7.537e-02 | Dynamic Loss: 7.537e-02 | Regularization Loss: 9.105e-07 | Val Loss: 1.334e-01 | Time: 7.76s
2025-08-18 17:14:53,269:INFO:Epoch: 4600/20000 | Train Loss: 6.972e-02 | Dynamic Loss: 6.972e-02 | Regularization Loss: 9.671e-07 | Val Loss: 1.306e-01 | Time: 5.81s
2025-08-18 17:14:58,972:INFO:Epoch: 4650/20000 | Train Loss: 7.343e-02 | Dynamic Loss: 7.342e-02 | Regularization Loss: 9.677e-07 | Val Loss: 1.334e-01 | Time: 5.70s
2025-08-18 17:15:04,657:INFO:Epoch: 4700/20000 | Train Loss: 7.109e-02 | Dynamic Loss: 7.109e-02 | Regularization Loss: 1.026e-06 | Val Loss: 1.328e-01 | Time: 5.68s
2025-08-18 17:15:10,652:INFO:Epoch: 4750/20000 | Train Loss: 6.755e-02 | Dynamic Loss: 6.755e-02 | Regularization Loss: 1.070e-06 | Val Loss: 1.303e-01 | Time: 6.00s
2025-08-18 17:15:16,295:INFO:Epoch: 4800/20000 | Train Loss: 6.708e-02 | Dynamic Loss: 6.708e-02 | Regularization Loss: 1.072e-06 | Val Loss: 1.309e-01 | Time: 5.64s
2025-08-18 17:15:22,022:INFO:Epoch: 4850/20000 | Train Loss: 6.710e-02 | Dynamic Loss: 6.710e-02 | Regularization Loss: 1.138e-06 | Val Loss: 1.343e-01 | Time: 5.73s
2025-08-18 17:15:27,575:INFO:Epoch: 4900/20000 | Train Loss: 6.856e-02 | Dynamic Loss: 6.856e-02 | Regularization Loss: 1.092e-06 | Val Loss: 1.337e-01 | Time: 5.55s
2025-08-18 17:15:33,300:INFO:Epoch: 4950/20000 | Train Loss: 6.380e-02 | Dynamic Loss: 6.379e-02 | Regularization Loss: 1.101e-06 | Val Loss: 1.321e-01 | Time: 5.72s
2025-08-18 17:15:39,063:INFO:Epoch: 5000/20000 | Train Loss: 6.505e-02 | Dynamic Loss: 6.505e-02 | Regularization Loss: 1.046e-06 | Val Loss: 1.321e-01 | Time: 5.76s
2025-08-18 17:15:44,823:INFO:Epoch: 5050/20000 | Train Loss: 6.620e-02 | Dynamic Loss: 6.620e-02 | Regularization Loss: 1.088e-06 | Val Loss: 1.326e-01 | Time: 5.76s
2025-08-18 17:15:50,566:INFO:Epoch: 5100/20000 | Train Loss: 6.451e-02 | Dynamic Loss: 6.451e-02 | Regularization Loss: 1.107e-06 | Val Loss: 1.339e-01 | Time: 5.74s
2025-08-18 17:15:56,085:INFO:Epoch: 5150/20000 | Train Loss: 6.577e-02 | Dynamic Loss: 6.577e-02 | Regularization Loss: 1.072e-06 | Val Loss: 1.329e-01 | Time: 5.52s
2025-08-18 17:16:07,204:INFO:Epoch: 5200/20000 | Train Loss: 6.417e-02 | Dynamic Loss: 6.417e-02 | Regularization Loss: 1.034e-06 | Val Loss: 1.324e-01 | Time: 11.12s
2025-08-18 17:16:12,890:INFO:Epoch: 5250/20000 | Train Loss: 6.293e-02 | Dynamic Loss: 6.293e-02 | Regularization Loss: 1.053e-06 | Val Loss: 1.344e-01 | Time: 5.69s
2025-08-18 17:16:18,560:INFO:Epoch: 5300/20000 | Train Loss: 6.915e-02 | Dynamic Loss: 6.915e-02 | Regularization Loss: 1.009e-06 | Val Loss: 1.365e-01 | Time: 5.67s
2025-08-18 17:16:24,216:INFO:Epoch: 5350/20000 | Train Loss: 6.094e-02 | Dynamic Loss: 6.094e-02 | Regularization Loss: 9.847e-07 | Val Loss: 1.336e-01 | Time: 5.66s
2025-08-18 17:16:31,532:INFO:Epoch: 5400/20000 | Train Loss: 5.957e-02 | Dynamic Loss: 5.956e-02 | Regularization Loss: 9.606e-07 | Val Loss: 1.321e-01 | Time: 7.32s
2025-08-18 17:16:37,181:INFO:Epoch: 5450/20000 | Train Loss: 5.916e-02 | Dynamic Loss: 5.916e-02 | Regularization Loss: 9.423e-07 | Val Loss: 1.328e-01 | Time: 5.65s
2025-08-18 17:16:45,880:INFO:Epoch: 5500/20000 | Train Loss: 6.373e-02 | Dynamic Loss: 6.373e-02 | Regularization Loss: 8.712e-07 | Val Loss: 1.337e-01 | Time: 8.70s
2025-08-18 17:16:51,669:INFO:Epoch: 5550/20000 | Train Loss: 5.720e-02 | Dynamic Loss: 5.720e-02 | Regularization Loss: 8.636e-07 | Val Loss: 1.331e-01 | Time: 5.79s
2025-08-18 17:16:57,540:INFO:Epoch: 5600/20000 | Train Loss: 5.686e-02 | Dynamic Loss: 5.686e-02 | Regularization Loss: 8.459e-07 | Val Loss: 1.324e-01 | Time: 5.87s
2025-08-18 17:17:03,406:INFO:Epoch: 5650/20000 | Train Loss: 6.410e-02 | Dynamic Loss: 6.410e-02 | Regularization Loss: 7.899e-07 | Val Loss: 1.382e-01 | Time: 5.87s
2025-08-18 17:17:09,204:INFO:Epoch: 5700/20000 | Train Loss: 5.853e-02 | Dynamic Loss: 5.853e-02 | Regularization Loss: 7.571e-07 | Val Loss: 1.342e-01 | Time: 5.80s
2025-08-18 17:17:14,912:INFO:Epoch: 5750/20000 | Train Loss: 5.865e-02 | Dynamic Loss: 5.865e-02 | Regularization Loss: 7.389e-07 | Val Loss: 1.341e-01 | Time: 5.71s
2025-08-18 17:17:20,680:INFO:Epoch: 5800/20000 | Train Loss: 5.578e-02 | Dynamic Loss: 5.578e-02 | Regularization Loss: 6.979e-07 | Val Loss: 1.329e-01 | Time: 5.77s
2025-08-18 17:17:26,469:INFO:Epoch: 5850/20000 | Train Loss: 5.952e-02 | Dynamic Loss: 5.952e-02 | Regularization Loss: 6.533e-07 | Val Loss: 1.360e-01 | Time: 5.79s
2025-08-18 17:17:32,134:INFO:Epoch: 5900/20000 | Train Loss: 6.850e-02 | Dynamic Loss: 6.850e-02 | Regularization Loss: 6.206e-07 | Val Loss: 1.424e-01 | Time: 5.67s
2025-08-18 17:17:40,616:INFO:Epoch: 5950/20000 | Train Loss: 6.081e-02 | Dynamic Loss: 6.081e-02 | Regularization Loss: 5.840e-07 | Val Loss: 1.383e-01 | Time: 8.48s
2025-08-18 17:17:46,324:INFO:Epoch: 6000/20000 | Train Loss: 5.809e-02 | Dynamic Loss: 5.809e-02 | Regularization Loss: 5.609e-07 | Val Loss: 1.354e-01 | Time: 5.71s
2025-08-18 17:17:58,354:INFO:Epoch: 6050/20000 | Train Loss: 5.659e-02 | Dynamic Loss: 5.659e-02 | Regularization Loss: 5.374e-07 | Val Loss: 1.382e-01 | Time: 12.03s
2025-08-18 17:18:04,064:INFO:Epoch: 6100/20000 | Train Loss: 5.385e-02 | Dynamic Loss: 5.384e-02 | Regularization Loss: 5.023e-07 | Val Loss: 1.341e-01 | Time: 5.71s
2025-08-18 17:18:09,911:INFO:Epoch: 6150/20000 | Train Loss: 6.798e-02 | Dynamic Loss: 6.798e-02 | Regularization Loss: 4.686e-07 | Val Loss: 1.413e-01 | Time: 5.85s
2025-08-18 17:18:15,684:INFO:Epoch: 6200/20000 | Train Loss: 5.311e-02 | Dynamic Loss: 5.311e-02 | Regularization Loss: 4.340e-07 | Val Loss: 1.348e-01 | Time: 5.77s
2025-08-18 17:18:21,476:INFO:Epoch: 6250/20000 | Train Loss: 5.163e-02 | Dynamic Loss: 5.163e-02 | Regularization Loss: 4.317e-07 | Val Loss: 1.350e-01 | Time: 5.79s
2025-08-18 17:18:27,189:INFO:Epoch: 6300/20000 | Train Loss: 5.262e-02 | Dynamic Loss: 5.262e-02 | Regularization Loss: 3.891e-07 | Val Loss: 1.356e-01 | Time: 5.71s
2025-08-18 17:18:32,903:INFO:Epoch: 6350/20000 | Train Loss: 5.285e-02 | Dynamic Loss: 5.285e-02 | Regularization Loss: 3.744e-07 | Val Loss: 1.364e-01 | Time: 5.71s
2025-08-18 17:18:38,580:INFO:Epoch: 6400/20000 | Train Loss: 5.105e-02 | Dynamic Loss: 5.105e-02 | Regularization Loss: 3.331e-07 | Val Loss: 1.346e-01 | Time: 5.68s
2025-08-18 17:18:44,686:INFO:Epoch: 6450/20000 | Train Loss: 5.357e-02 | Dynamic Loss: 5.357e-02 | Regularization Loss: 3.254e-07 | Val Loss: 1.376e-01 | Time: 6.11s
2025-08-18 17:18:50,381:INFO:Epoch: 6500/20000 | Train Loss: 5.125e-02 | Dynamic Loss: 5.125e-02 | Regularization Loss: 3.091e-07 | Val Loss: 1.366e-01 | Time: 5.70s
2025-08-18 17:18:56,193:INFO:Epoch: 6550/20000 | Train Loss: 4.976e-02 | Dynamic Loss: 4.975e-02 | Regularization Loss: 2.958e-07 | Val Loss: 1.361e-01 | Time: 5.81s
2025-08-18 17:19:02,038:INFO:Epoch: 6600/20000 | Train Loss: 4.924e-02 | Dynamic Loss: 4.924e-02 | Regularization Loss: 2.724e-07 | Val Loss: 1.356e-01 | Time: 5.84s
2025-08-18 17:19:07,865:INFO:Epoch: 6650/20000 | Train Loss: 5.184e-02 | Dynamic Loss: 5.184e-02 | Regularization Loss: 2.511e-07 | Val Loss: 1.365e-01 | Time: 5.83s
2025-08-18 17:19:13,594:INFO:Epoch: 6700/20000 | Train Loss: 5.280e-02 | Dynamic Loss: 5.280e-02 | Regularization Loss: 2.409e-07 | Val Loss: 1.385e-01 | Time: 5.73s
2025-08-18 17:19:19,440:INFO:Epoch: 6750/20000 | Train Loss: 4.789e-02 | Dynamic Loss: 4.789e-02 | Regularization Loss: 2.315e-07 | Val Loss: 1.366e-01 | Time: 5.85s
2025-08-18 17:19:25,239:INFO:Epoch: 6800/20000 | Train Loss: 4.845e-02 | Dynamic Loss: 4.845e-02 | Regularization Loss: 2.098e-07 | Val Loss: 1.365e-01 | Time: 5.80s
2025-08-18 17:19:31,008:INFO:Epoch: 6850/20000 | Train Loss: 5.080e-02 | Dynamic Loss: 5.080e-02 | Regularization Loss: 2.010e-07 | Val Loss: 1.407e-01 | Time: 5.77s
2025-08-18 17:19:42,158:INFO:Epoch: 6900/20000 | Train Loss: 4.783e-02 | Dynamic Loss: 4.783e-02 | Regularization Loss: 1.729e-07 | Val Loss: 1.375e-01 | Time: 11.15s
2025-08-18 17:19:47,896:INFO:Epoch: 6950/20000 | Train Loss: nan | Dynamic Loss: nan | Regularization Loss: nan | Val Loss: nan | Time: 5.74s
2025-08-18 17:19:55,000:INFO:Epoch: 7000/20000 | Train Loss: nan | Dynamic Loss: nan | Regularization Loss: nan | Val Loss: nan | Time: 7.10s
2025-08-18 17:20:00,724:INFO:Epoch: 7050/20000 | Train Loss: nan | Dynamic Loss: nan | Regularization Loss: nan | Val Loss: nan | Time: 5.72s
2025-08-18 17:20:06,951:INFO:Epoch: 7100/20000 | Train Loss: nan | Dynamic Loss: nan | Regularization Loss: nan | Val Loss: nan | Time: 6.23s
2025-08-18 17:20:12,797:INFO:Epoch: 7150/20000 | Train Loss: nan | Dynamic Loss: nan | Regularization Loss: nan | Val Loss: nan | Time: 5.85s
2025-08-18 17:20:21,995:INFO:Epoch: 7200/20000 | Train Loss: nan | Dynamic Loss: nan | Regularization Loss: nan | Val Loss: nan | Time: 9.20s
2025-08-18 17:20:27,741:INFO:Epoch: 7250/20000 | Train Loss: nan | Dynamic Loss: nan | Regularization Loss: nan | Val Loss: nan | Time: 5.75s
2025-08-18 17:20:36,831:INFO:Epoch: 7300/20000 | Train Loss: nan | Dynamic Loss: nan | Regularization Loss: nan | Val Loss: nan | Time: 9.09s
2025-08-18 17:20:42,594:INFO:Epoch: 7350/20000 | Train Loss: nan | Dynamic Loss: nan | Regularization Loss: nan | Val Loss: nan | Time: 5.76s
2025-08-18 17:20:48,424:INFO:Epoch: 7400/20000 | Train Loss: nan | Dynamic Loss: nan | Regularization Loss: nan | Val Loss: nan | Time: 5.83s
2025-08-18 17:20:54,182:INFO:Epoch: 7450/20000 | Train Loss: nan | Dynamic Loss: nan | Regularization Loss: nan | Val Loss: nan | Time: 5.76s
2025-08-18 17:20:59,937:INFO:Epoch: 7500/20000 | Train Loss: nan | Dynamic Loss: nan | Regularization Loss: nan | Val Loss: nan | Time: 5.75s
2025-08-18 17:21:05,671:INFO:Epoch: 7550/20000 | Train Loss: nan | Dynamic Loss: nan | Regularization Loss: nan | Val Loss: nan | Time: 5.73s
2025-08-18 17:21:11,397:INFO:Epoch: 7600/20000 | Train Loss: nan | Dynamic Loss: nan | Regularization Loss: nan | Val Loss: nan | Time: 5.73s
2025-08-18 17:21:17,876:INFO:Epoch: 7650/20000 | Train Loss: nan | Dynamic Loss: nan | Regularization Loss: nan | Val Loss: nan | Time: 6.48s
2025-08-18 17:21:23,694:INFO:Epoch: 7700/20000 | Train Loss: nan | Dynamic Loss: nan | Regularization Loss: nan | Val Loss: nan | Time: 5.82s
2025-08-18 17:21:29,313:INFO:Epoch: 7750/20000 | Train Loss: nan | Dynamic Loss: nan | Regularization Loss: nan | Val Loss: nan | Time: 5.62s
2025-08-18 17:21:35,215:INFO:Epoch: 7800/20000 | Train Loss: nan | Dynamic Loss: nan | Regularization Loss: nan | Val Loss: nan | Time: 5.90s
2025-08-18 17:21:40,968:INFO:Epoch: 7850/20000 | Train Loss: nan | Dynamic Loss: nan | Regularization Loss: nan | Val Loss: nan | Time: 5.75s
2025-08-18 17:21:46,758:INFO:Epoch: 7900/20000 | Train Loss: nan | Dynamic Loss: nan | Regularization Loss: nan | Val Loss: nan | Time: 5.79s
2025-08-18 17:21:52,471:INFO:Epoch: 7950/20000 | Train Loss: nan | Dynamic Loss: nan | Regularization Loss: nan | Val Loss: nan | Time: 5.71s
2025-08-18 17:21:58,191:INFO:Epoch: 8000/20000 | Train Loss: nan | Dynamic Loss: nan | Regularization Loss: nan | Val Loss: nan | Time: 5.72s
2025-08-18 17:22:10,815:INFO:Epoch: 8050/20000 | Train Loss: nan | Dynamic Loss: nan | Regularization Loss: nan | Val Loss: nan | Time: 12.62s
2025-08-18 17:22:16,553:INFO:Epoch: 8100/20000 | Train Loss: nan | Dynamic Loss: nan | Regularization Loss: nan | Val Loss: nan | Time: 5.74s
2025-08-18 17:22:24,148:INFO:Epoch: 8150/20000 | Train Loss: nan | Dynamic Loss: nan | Regularization Loss: nan | Val Loss: nan | Time: 7.59s
2025-08-18 17:22:29,779:INFO:Epoch: 8200/20000 | Train Loss: nan | Dynamic Loss: nan | Regularization Loss: nan | Val Loss: nan | Time: 5.63s
2025-08-18 17:22:39,074:INFO:Epoch: 8250/20000 | Train Loss: nan | Dynamic Loss: nan | Regularization Loss: nan | Val Loss: nan | Time: 9.29s
2025-08-18 17:22:44,836:INFO:Epoch: 8300/20000 | Train Loss: nan | Dynamic Loss: nan | Regularization Loss: nan | Val Loss: nan | Time: 5.76s
2025-08-18 17:22:50,665:INFO:Epoch: 8350/20000 | Train Loss: nan | Dynamic Loss: nan | Regularization Loss: nan | Val Loss: nan | Time: 5.83s
2025-08-18 17:22:56,525:INFO:Epoch: 8400/20000 | Train Loss: nan | Dynamic Loss: nan | Regularization Loss: nan | Val Loss: nan | Time: 5.86s
2025-08-18 17:23:02,398:INFO:Epoch: 8450/20000 | Train Loss: nan | Dynamic Loss: nan | Regularization Loss: nan | Val Loss: nan | Time: 5.87s
2025-08-18 17:23:08,175:INFO:Epoch: 8500/20000 | Train Loss: nan | Dynamic Loss: nan | Regularization Loss: nan | Val Loss: nan | Time: 5.78s
2025-08-18 17:23:13,861:INFO:Epoch: 8550/20000 | Train Loss: nan | Dynamic Loss: nan | Regularization Loss: nan | Val Loss: nan | Time: 5.69s
2025-08-18 17:23:20,566:INFO:Epoch: 8600/20000 | Train Loss: nan | Dynamic Loss: nan | Regularization Loss: nan | Val Loss: nan | Time: 6.70s
2025-08-18 17:23:26,394:INFO:Epoch: 8650/20000 | Train Loss: nan | Dynamic Loss: nan | Regularization Loss: nan | Val Loss: nan | Time: 5.83s
2025-08-18 17:23:32,173:INFO:Epoch: 8700/20000 | Train Loss: nan | Dynamic Loss: nan | Regularization Loss: nan | Val Loss: nan | Time: 5.78s
2025-08-18 17:23:37,988:INFO:Epoch: 8750/20000 | Train Loss: nan | Dynamic Loss: nan | Regularization Loss: nan | Val Loss: nan | Time: 5.81s
2025-08-18 17:23:43,723:INFO:Epoch: 8800/20000 | Train Loss: nan | Dynamic Loss: nan | Regularization Loss: nan | Val Loss: nan | Time: 5.74s
2025-08-18 17:23:50,370:INFO:Epoch: 8850/20000 | Train Loss: nan | Dynamic Loss: nan | Regularization Loss: nan | Val Loss: nan | Time: 6.65s
2025-08-18 17:23:56,247:INFO:Epoch: 8900/20000 | Train Loss: nan | Dynamic Loss: nan | Regularization Loss: nan | Val Loss: nan | Time: 5.88s
2025-08-18 17:24:02,078:INFO:Epoch: 8950/20000 | Train Loss: nan | Dynamic Loss: nan | Regularization Loss: nan | Val Loss: nan | Time: 5.83s
2025-08-18 17:24:14,425:INFO:Epoch: 9000/20000 | Train Loss: nan | Dynamic Loss: nan | Regularization Loss: nan | Val Loss: nan | Time: 12.35s
2025-08-18 17:24:20,336:INFO:Epoch: 9050/20000 | Train Loss: nan | Dynamic Loss: nan | Regularization Loss: nan | Val Loss: nan | Time: 5.91s
2025-08-18 17:24:28,284:INFO:Epoch: 9100/20000 | Train Loss: nan | Dynamic Loss: nan | Regularization Loss: nan | Val Loss: nan | Time: 7.95s
2025-08-18 17:24:34,196:INFO:Epoch: 9150/20000 | Train Loss: nan | Dynamic Loss: nan | Regularization Loss: nan | Val Loss: nan | Time: 5.91s
2025-08-18 17:24:43,435:INFO:Epoch: 9200/20000 | Train Loss: nan | Dynamic Loss: nan | Regularization Loss: nan | Val Loss: nan | Time: 9.24s
2025-08-18 17:24:49,137:INFO:Epoch: 9250/20000 | Train Loss: nan | Dynamic Loss: nan | Regularization Loss: nan | Val Loss: nan | Time: 5.70s
2025-08-18 17:24:55,110:INFO:Epoch: 9300/20000 | Train Loss: nan | Dynamic Loss: nan | Regularization Loss: nan | Val Loss: nan | Time: 5.97s
2025-08-18 17:25:00,949:INFO:Epoch: 9350/20000 | Train Loss: nan | Dynamic Loss: nan | Regularization Loss: nan | Val Loss: nan | Time: 5.84s
2025-08-18 17:25:06,786:INFO:Epoch: 9400/20000 | Train Loss: nan | Dynamic Loss: nan | Regularization Loss: nan | Val Loss: nan | Time: 5.84s
2025-08-18 17:25:12,566:INFO:Epoch: 9450/20000 | Train Loss: nan | Dynamic Loss: nan | Regularization Loss: nan | Val Loss: nan | Time: 5.78s
2025-08-18 17:25:18,228:INFO:Epoch: 9500/20000 | Train Loss: nan | Dynamic Loss: nan | Regularization Loss: nan | Val Loss: nan | Time: 5.66s
2025-08-18 17:25:23,912:INFO:Epoch: 9550/20000 | Train Loss: nan | Dynamic Loss: nan | Regularization Loss: nan | Val Loss: nan | Time: 5.68s
2025-08-18 17:25:29,742:INFO:Epoch: 9600/20000 | Train Loss: nan | Dynamic Loss: nan | Regularization Loss: nan | Val Loss: nan | Time: 5.83s
2025-08-18 17:25:35,507:INFO:Epoch: 9650/20000 | Train Loss: nan | Dynamic Loss: nan | Regularization Loss: nan | Val Loss: nan | Time: 5.76s
2025-08-18 17:25:41,348:INFO:Epoch: 9700/20000 | Train Loss: nan | Dynamic Loss: nan | Regularization Loss: nan | Val Loss: nan | Time: 5.84s
2025-08-18 17:25:47,195:INFO:Epoch: 9750/20000 | Train Loss: nan | Dynamic Loss: nan | Regularization Loss: nan | Val Loss: nan | Time: 5.85s
2025-08-18 17:25:53,063:INFO:Epoch: 9800/20000 | Train Loss: nan | Dynamic Loss: nan | Regularization Loss: nan | Val Loss: nan | Time: 5.87s
2025-08-18 17:25:58,928:INFO:Epoch: 9850/20000 | Train Loss: nan | Dynamic Loss: nan | Regularization Loss: nan | Val Loss: nan | Time: 5.86s
2025-08-18 17:26:04,739:INFO:Epoch: 9900/20000 | Train Loss: nan | Dynamic Loss: nan | Regularization Loss: nan | Val Loss: nan | Time: 5.81s
2025-08-18 17:26:10,480:INFO:Epoch: 9950/20000 | Train Loss: nan | Dynamic Loss: nan | Regularization Loss: nan | Val Loss: nan | Time: 5.74s
2025-08-18 17:26:16,413:INFO:Epoch: 10000/20000 | Train Loss: nan | Dynamic Loss: nan | Regularization Loss: nan | Val Loss: nan | Time: 5.93s
2025-08-18 17:26:22,268:INFO:Epoch: 10050/20000 | Train Loss: nan | Dynamic Loss: nan | Regularization Loss: nan | Val Loss: nan | Time: 5.86s
2025-08-18 17:26:28,184:INFO:Epoch: 10100/20000 | Train Loss: nan | Dynamic Loss: nan | Regularization Loss: nan | Val Loss: nan | Time: 5.92s
2025-08-18 17:26:34,076:INFO:Epoch: 10150/20000 | Train Loss: nan | Dynamic Loss: nan | Regularization Loss: nan | Val Loss: nan | Time: 5.89s
2025-08-18 17:26:39,893:INFO:Epoch: 10200/20000 | Train Loss: nan | Dynamic Loss: nan | Regularization Loss: nan | Val Loss: nan | Time: 5.82s
2025-08-18 17:26:45,644:INFO:Epoch: 10250/20000 | Train Loss: nan | Dynamic Loss: nan | Regularization Loss: nan | Val Loss: nan | Time: 5.75s
2025-08-18 17:26:51,355:INFO:Epoch: 10300/20000 | Train Loss: nan | Dynamic Loss: nan | Regularization Loss: nan | Val Loss: nan | Time: 5.71s
2025-08-18 17:26:58,500:INFO:Epoch: 10350/20000 | Train Loss: nan | Dynamic Loss: nan | Regularization Loss: nan | Val Loss: nan | Time: 7.15s
2025-08-18 17:27:04,319:INFO:Epoch: 10400/20000 | Train Loss: nan | Dynamic Loss: nan | Regularization Loss: nan | Val Loss: nan | Time: 5.82s
2025-08-18 17:27:10,076:INFO:Epoch: 10450/20000 | Train Loss: nan | Dynamic Loss: nan | Regularization Loss: nan | Val Loss: nan | Time: 5.76s
2025-08-18 17:27:15,966:INFO:Epoch: 10500/20000 | Train Loss: nan | Dynamic Loss: nan | Regularization Loss: nan | Val Loss: nan | Time: 5.89s
2025-08-18 17:27:21,714:INFO:Epoch: 10550/20000 | Train Loss: nan | Dynamic Loss: nan | Regularization Loss: nan | Val Loss: nan | Time: 5.75s
2025-08-18 17:27:27,564:INFO:Epoch: 10600/20000 | Train Loss: nan | Dynamic Loss: nan | Regularization Loss: nan | Val Loss: nan | Time: 5.85s
2025-08-18 17:27:33,332:INFO:Epoch: 10650/20000 | Train Loss: nan | Dynamic Loss: nan | Regularization Loss: nan | Val Loss: nan | Time: 5.77s
2025-08-18 17:27:39,103:INFO:Epoch: 10700/20000 | Train Loss: nan | Dynamic Loss: nan | Regularization Loss: nan | Val Loss: nan | Time: 5.77s
2025-08-18 17:27:51,325:INFO:Epoch: 10750/20000 | Train Loss: nan | Dynamic Loss: nan | Regularization Loss: nan | Val Loss: nan | Time: 12.22s
2025-08-18 17:27:57,115:INFO:Epoch: 10800/20000 | Train Loss: nan | Dynamic Loss: nan | Regularization Loss: nan | Val Loss: nan | Time: 5.79s
2025-08-18 17:28:04,836:INFO:Epoch: 10850/20000 | Train Loss: nan | Dynamic Loss: nan | Regularization Loss: nan | Val Loss: nan | Time: 7.72s
2025-08-18 17:28:10,634:INFO:Epoch: 10900/20000 | Train Loss: nan | Dynamic Loss: nan | Regularization Loss: nan | Val Loss: nan | Time: 5.80s
2025-08-18 17:28:20,036:INFO:Epoch: 10950/20000 | Train Loss: nan | Dynamic Loss: nan | Regularization Loss: nan | Val Loss: nan | Time: 9.40s
2025-08-18 17:28:25,878:INFO:Epoch: 11000/20000 | Train Loss: nan | Dynamic Loss: nan | Regularization Loss: nan | Val Loss: nan | Time: 5.84s
2025-08-18 17:28:31,705:INFO:Epoch: 11050/20000 | Train Loss: nan | Dynamic Loss: nan | Regularization Loss: nan | Val Loss: nan | Time: 5.83s
2025-08-18 17:28:37,442:INFO:Epoch: 11100/20000 | Train Loss: nan | Dynamic Loss: nan | Regularization Loss: nan | Val Loss: nan | Time: 5.74s
2025-08-18 17:28:43,274:INFO:Epoch: 11150/20000 | Train Loss: nan | Dynamic Loss: nan | Regularization Loss: nan | Val Loss: nan | Time: 5.83s
2025-08-18 17:28:49,031:INFO:Epoch: 11200/20000 | Train Loss: nan | Dynamic Loss: nan | Regularization Loss: nan | Val Loss: nan | Time: 5.76s
2025-08-18 17:28:54,874:INFO:Epoch: 11250/20000 | Train Loss: nan | Dynamic Loss: nan | Regularization Loss: nan | Val Loss: nan | Time: 5.84s
2025-08-18 17:29:00,606:INFO:Epoch: 11300/20000 | Train Loss: nan | Dynamic Loss: nan | Regularization Loss: nan | Val Loss: nan | Time: 5.73s
2025-08-18 17:29:06,435:INFO:Epoch: 11350/20000 | Train Loss: nan | Dynamic Loss: nan | Regularization Loss: nan | Val Loss: nan | Time: 5.83s
2025-08-18 17:29:12,254:INFO:Epoch: 11400/20000 | Train Loss: nan | Dynamic Loss: nan | Regularization Loss: nan | Val Loss: nan | Time: 5.82s
2025-08-18 17:29:18,231:INFO:Epoch: 11450/20000 | Train Loss: nan | Dynamic Loss: nan | Regularization Loss: nan | Val Loss: nan | Time: 5.98s
2025-08-18 17:29:23,997:INFO:Epoch: 11500/20000 | Train Loss: nan | Dynamic Loss: nan | Regularization Loss: nan | Val Loss: nan | Time: 5.77s
2025-08-18 17:29:29,969:INFO:Epoch: 11550/20000 | Train Loss: nan | Dynamic Loss: nan | Regularization Loss: nan | Val Loss: nan | Time: 5.97s
2025-08-18 17:29:35,767:INFO:Epoch: 11600/20000 | Train Loss: nan | Dynamic Loss: nan | Regularization Loss: nan | Val Loss: nan | Time: 5.80s
2025-08-18 17:29:41,599:INFO:Epoch: 11650/20000 | Train Loss: nan | Dynamic Loss: nan | Regularization Loss: nan | Val Loss: nan | Time: 5.83s
2025-08-18 17:29:47,204:INFO:Epoch: 11700/20000 | Train Loss: nan | Dynamic Loss: nan | Regularization Loss: nan | Val Loss: nan | Time: 5.60s
2025-08-18 17:29:52,942:INFO:Epoch: 11750/20000 | Train Loss: nan | Dynamic Loss: nan | Regularization Loss: nan | Val Loss: nan | Time: 5.74s
2025-08-18 17:29:58,755:INFO:Epoch: 11800/20000 | Train Loss: nan | Dynamic Loss: nan | Regularization Loss: nan | Val Loss: nan | Time: 5.81s
2025-08-18 17:30:04,678:INFO:Epoch: 11850/20000 | Train Loss: nan | Dynamic Loss: nan | Regularization Loss: nan | Val Loss: nan | Time: 5.92s
2025-08-18 17:30:10,584:INFO:Epoch: 11900/20000 | Train Loss: nan | Dynamic Loss: nan | Regularization Loss: nan | Val Loss: nan | Time: 5.91s
2025-08-18 17:30:16,376:INFO:Epoch: 11950/20000 | Train Loss: nan | Dynamic Loss: nan | Regularization Loss: nan | Val Loss: nan | Time: 5.79s
2025-08-18 17:30:22,141:INFO:Epoch: 12000/20000 | Train Loss: nan | Dynamic Loss: nan | Regularization Loss: nan | Val Loss: nan | Time: 5.76s
2025-08-18 17:30:27,834:INFO:Epoch: 12050/20000 | Train Loss: nan | Dynamic Loss: nan | Regularization Loss: nan | Val Loss: nan | Time: 5.69s
2025-08-18 17:30:34,998:INFO:Epoch: 12100/20000 | Train Loss: nan | Dynamic Loss: nan | Regularization Loss: nan | Val Loss: nan | Time: 7.16s
2025-08-18 17:30:40,874:INFO:Epoch: 12150/20000 | Train Loss: nan | Dynamic Loss: nan | Regularization Loss: nan | Val Loss: nan | Time: 5.88s
2025-08-18 17:30:46,705:INFO:Epoch: 12200/20000 | Train Loss: nan | Dynamic Loss: nan | Regularization Loss: nan | Val Loss: nan | Time: 5.83s
2025-08-18 17:30:52,551:INFO:Epoch: 12250/20000 | Train Loss: nan | Dynamic Loss: nan | Regularization Loss: nan | Val Loss: nan | Time: 5.85s
2025-08-18 17:30:58,330:INFO:Epoch: 12300/20000 | Train Loss: nan | Dynamic Loss: nan | Regularization Loss: nan | Val Loss: nan | Time: 5.78s
2025-08-18 17:31:04,197:INFO:Epoch: 12350/20000 | Train Loss: nan | Dynamic Loss: nan | Regularization Loss: nan | Val Loss: nan | Time: 5.87s
2025-08-18 17:31:09,952:INFO:Epoch: 12400/20000 | Train Loss: nan | Dynamic Loss: nan | Regularization Loss: nan | Val Loss: nan | Time: 5.75s
2025-08-18 17:31:15,699:INFO:Epoch: 12450/20000 | Train Loss: nan | Dynamic Loss: nan | Regularization Loss: nan | Val Loss: nan | Time: 5.75s
2025-08-18 17:31:28,061:INFO:Epoch: 12500/20000 | Train Loss: nan | Dynamic Loss: nan | Regularization Loss: nan | Val Loss: nan | Time: 12.36s
2025-08-18 17:31:33,943:INFO:Epoch: 12550/20000 | Train Loss: nan | Dynamic Loss: nan | Regularization Loss: nan | Val Loss: nan | Time: 5.88s
2025-08-18 17:31:41,731:INFO:Epoch: 12600/20000 | Train Loss: nan | Dynamic Loss: nan | Regularization Loss: nan | Val Loss: nan | Time: 7.79s
2025-08-18 17:31:47,621:INFO:Epoch: 12650/20000 | Train Loss: nan | Dynamic Loss: nan | Regularization Loss: nan | Val Loss: nan | Time: 5.89s
2025-08-18 17:53:43,970:INFO:Created DataLoaders with 5994 training samples and 1998 validation samples.
2025-08-18 17:53:44,555:INFO:model params: 526850
