2025-08-19 19:44:13,491:INFO:Created DataLoaders with 5994 training samples and 1998 validation samples.
2025-08-19 19:44:14,844:INFO:model params: 395009
2025-08-19 19:44:16,389:INFO:Epoch: 0/10000 | Train Loss: 2.832e+00 | Dynamic Loss: 2.832e+00 | Regularization Loss: 0.000e+00 | Val Loss: 2.487e+00 | Time: 1.54s
2025-08-19 19:44:16,389:INFO:New best model found at epoch 0 with validation loss 2.487e+00. Saving...
2025-08-19 19:44:20,916:INFO:Epoch: 50/10000 | Train Loss: 1.785e+00 | Dynamic Loss: 1.785e+00 | Regularization Loss: 0.000e+00 | Val Loss: 1.743e+00 | Time: 4.51s
2025-08-19 19:44:20,916:INFO:New best model found at epoch 50 with validation loss 1.743e+00. Saving...
2025-08-19 19:44:30,871:INFO:Epoch: 100/10000 | Train Loss: 1.642e+00 | Dynamic Loss: 1.642e+00 | Regularization Loss: 0.000e+00 | Val Loss: 1.678e+00 | Time: 9.94s
2025-08-19 19:44:30,871:INFO:New best model found at epoch 100 with validation loss 1.678e+00. Saving...
2025-08-19 19:44:35,390:INFO:Epoch: 150/10000 | Train Loss: 1.553e+00 | Dynamic Loss: 1.553e+00 | Regularization Loss: 0.000e+00 | Val Loss: 1.594e+00 | Time: 4.51s
2025-08-19 19:44:35,390:INFO:New best model found at epoch 150 with validation loss 1.594e+00. Saving...
2025-08-19 19:44:39,972:INFO:Epoch: 200/10000 | Train Loss: 1.474e+00 | Dynamic Loss: 1.474e+00 | Regularization Loss: 0.000e+00 | Val Loss: 1.510e+00 | Time: 4.58s
2025-08-19 19:44:39,972:INFO:New best model found at epoch 200 with validation loss 1.510e+00. Saving...
2025-08-19 19:44:50,689:INFO:Epoch: 250/10000 | Train Loss: 1.399e+00 | Dynamic Loss: 1.399e+00 | Regularization Loss: 0.000e+00 | Val Loss: 1.436e+00 | Time: 10.71s
2025-08-19 19:44:50,689:INFO:New best model found at epoch 250 with validation loss 1.436e+00. Saving...
2025-08-19 19:44:55,491:INFO:Epoch: 300/10000 | Train Loss: 1.330e+00 | Dynamic Loss: 1.330e+00 | Regularization Loss: 0.000e+00 | Val Loss: 1.370e+00 | Time: 4.80s
2025-08-19 19:44:55,491:INFO:New best model found at epoch 300 with validation loss 1.370e+00. Saving...
2025-08-19 19:45:00,308:INFO:Epoch: 350/10000 | Train Loss: 1.273e+00 | Dynamic Loss: 1.273e+00 | Regularization Loss: 0.000e+00 | Val Loss: 1.315e+00 | Time: 4.81s
2025-08-19 19:45:00,308:INFO:New best model found at epoch 350 with validation loss 1.315e+00. Saving...
2025-08-19 19:45:11,407:INFO:Epoch: 400/10000 | Train Loss: 1.229e+00 | Dynamic Loss: 1.229e+00 | Regularization Loss: 0.000e+00 | Val Loss: 1.271e+00 | Time: 11.09s
2025-08-19 19:45:11,407:INFO:New best model found at epoch 400 with validation loss 1.271e+00. Saving...
2025-08-19 19:45:16,103:INFO:Epoch: 450/10000 | Train Loss: 1.193e+00 | Dynamic Loss: 1.193e+00 | Regularization Loss: 0.000e+00 | Val Loss: 1.236e+00 | Time: 4.69s
2025-08-19 19:45:16,103:INFO:New best model found at epoch 450 with validation loss 1.236e+00. Saving...
2025-08-19 19:45:20,931:INFO:Epoch: 500/10000 | Train Loss: 1.149e+00 | Dynamic Loss: 1.149e+00 | Regularization Loss: 0.000e+00 | Val Loss: 1.192e+00 | Time: 4.82s
2025-08-19 19:45:20,931:INFO:New best model found at epoch 500 with validation loss 1.192e+00. Saving...
2025-08-19 19:45:27,263:INFO:Epoch: 550/10000 | Train Loss: 1.106e+00 | Dynamic Loss: 1.106e+00 | Regularization Loss: 0.000e+00 | Val Loss: 1.153e+00 | Time: 6.33s
2025-08-19 19:45:27,263:INFO:New best model found at epoch 550 with validation loss 1.153e+00. Saving...
2025-08-19 19:45:32,078:INFO:Epoch: 600/10000 | Train Loss: 1.061e+00 | Dynamic Loss: 1.061e+00 | Regularization Loss: 0.000e+00 | Val Loss: 1.119e+00 | Time: 4.81s
2025-08-19 19:45:32,078:INFO:New best model found at epoch 600 with validation loss 1.119e+00. Saving...
2025-08-19 19:45:36,821:INFO:Epoch: 650/10000 | Train Loss: 1.000e+00 | Dynamic Loss: 1.000e+00 | Regularization Loss: 0.000e+00 | Val Loss: 1.070e+00 | Time: 4.74s
2025-08-19 19:45:36,821:INFO:New best model found at epoch 650 with validation loss 1.070e+00. Saving...
2025-08-19 19:45:48,111:INFO:Epoch: 700/10000 | Train Loss: 9.505e-01 | Dynamic Loss: 9.505e-01 | Regularization Loss: 0.000e+00 | Val Loss: 1.022e+00 | Time: 11.28s
2025-08-19 19:45:48,111:INFO:New best model found at epoch 700 with validation loss 1.022e+00. Saving...
2025-08-19 19:45:52,896:INFO:Epoch: 750/10000 | Train Loss: 9.195e-01 | Dynamic Loss: 9.195e-01 | Regularization Loss: 0.000e+00 | Val Loss: 9.928e-01 | Time: 4.78s
2025-08-19 19:45:52,896:INFO:New best model found at epoch 750 with validation loss 9.928e-01. Saving...
2025-08-19 19:45:57,742:INFO:Epoch: 800/10000 | Train Loss: 8.920e-01 | Dynamic Loss: 8.920e-01 | Regularization Loss: 0.000e+00 | Val Loss: 9.690e-01 | Time: 4.84s
2025-08-19 19:45:57,742:INFO:New best model found at epoch 800 with validation loss 9.690e-01. Saving...
2025-08-19 19:46:02,486:INFO:Epoch: 850/10000 | Train Loss: 8.683e-01 | Dynamic Loss: 8.683e-01 | Regularization Loss: 0.000e+00 | Val Loss: 9.483e-01 | Time: 4.74s
2025-08-19 19:46:02,486:INFO:New best model found at epoch 850 with validation loss 9.483e-01. Saving...
2025-08-19 19:46:07,234:INFO:Epoch: 900/10000 | Train Loss: 8.498e-01 | Dynamic Loss: 8.498e-01 | Regularization Loss: 0.000e+00 | Val Loss: 9.324e-01 | Time: 4.74s
2025-08-19 19:46:07,234:INFO:New best model found at epoch 900 with validation loss 9.324e-01. Saving...
2025-08-19 19:46:11,995:INFO:Epoch: 950/10000 | Train Loss: 8.353e-01 | Dynamic Loss: 8.353e-01 | Regularization Loss: 0.000e+00 | Val Loss: 9.143e-01 | Time: 4.76s
2025-08-19 19:46:11,995:INFO:New best model found at epoch 950 with validation loss 9.143e-01. Saving...
2025-08-19 19:46:23,531:INFO:Epoch: 1000/10000 | Train Loss: 8.121e-01 | Dynamic Loss: 8.121e-01 | Regularization Loss: 0.000e+00 | Val Loss: 8.970e-01 | Time: 11.53s
2025-08-19 19:46:23,531:INFO:New best model found at epoch 1000 with validation loss 8.970e-01. Saving...
2025-08-19 19:46:28,287:INFO:Epoch: 1050/10000 | Train Loss: 7.918e-01 | Dynamic Loss: 7.918e-01 | Regularization Loss: 0.000e+00 | Val Loss: 8.806e-01 | Time: 4.75s
2025-08-19 19:46:28,287:INFO:New best model found at epoch 1050 with validation loss 8.806e-01. Saving...
2025-08-19 19:46:33,024:INFO:Epoch: 1100/10000 | Train Loss: 7.688e-01 | Dynamic Loss: 7.688e-01 | Regularization Loss: 0.000e+00 | Val Loss: 8.611e-01 | Time: 4.73s
2025-08-19 19:46:33,024:INFO:New best model found at epoch 1100 with validation loss 8.611e-01. Saving...
2025-08-19 19:46:44,147:INFO:Epoch: 1150/10000 | Train Loss: 7.495e-01 | Dynamic Loss: 7.495e-01 | Regularization Loss: 0.000e+00 | Val Loss: 8.433e-01 | Time: 11.12s
2025-08-19 19:46:44,147:INFO:New best model found at epoch 1150 with validation loss 8.433e-01. Saving...
2025-08-19 19:46:49,075:INFO:Epoch: 1200/10000 | Train Loss: 7.329e-01 | Dynamic Loss: 7.329e-01 | Regularization Loss: 0.000e+00 | Val Loss: 8.270e-01 | Time: 4.92s
2025-08-19 19:46:49,075:INFO:New best model found at epoch 1200 with validation loss 8.270e-01. Saving...
2025-08-19 19:46:53,823:INFO:Epoch: 1250/10000 | Train Loss: 7.164e-01 | Dynamic Loss: 7.164e-01 | Regularization Loss: 0.000e+00 | Val Loss: 8.118e-01 | Time: 4.74s
2025-08-19 19:46:53,823:INFO:New best model found at epoch 1250 with validation loss 8.118e-01. Saving...
2025-08-19 19:47:05,098:INFO:Epoch: 1300/10000 | Train Loss: 7.164e-01 | Dynamic Loss: 7.164e-01 | Regularization Loss: 0.000e+00 | Val Loss: 8.023e-01 | Time: 11.27s
2025-08-19 19:47:05,098:INFO:New best model found at epoch 1300 with validation loss 8.023e-01. Saving...
2025-08-19 19:47:09,984:INFO:Epoch: 1350/10000 | Train Loss: 6.891e-01 | Dynamic Loss: 6.891e-01 | Regularization Loss: 0.000e+00 | Val Loss: 7.843e-01 | Time: 4.88s
2025-08-19 19:47:09,985:INFO:New best model found at epoch 1350 with validation loss 7.843e-01. Saving...
2025-08-19 19:47:14,789:INFO:Epoch: 1400/10000 | Train Loss: 6.772e-01 | Dynamic Loss: 6.772e-01 | Regularization Loss: 0.000e+00 | Val Loss: 7.731e-01 | Time: 4.80s
2025-08-19 19:47:14,789:INFO:New best model found at epoch 1400 with validation loss 7.731e-01. Saving...
2025-08-19 19:47:19,567:INFO:Epoch: 1450/10000 | Train Loss: 6.640e-01 | Dynamic Loss: 6.640e-01 | Regularization Loss: 0.000e+00 | Val Loss: 7.617e-01 | Time: 4.77s
2025-08-19 19:47:19,567:INFO:New best model found at epoch 1450 with validation loss 7.617e-01. Saving...
2025-08-19 19:47:24,363:INFO:Epoch: 1500/10000 | Train Loss: 6.718e-01 | Dynamic Loss: 6.718e-01 | Regularization Loss: 0.000e+00 | Val Loss: 7.498e-01 | Time: 4.79s
2025-08-19 19:47:24,364:INFO:New best model found at epoch 1500 with validation loss 7.498e-01. Saving...
2025-08-19 19:47:29,265:INFO:Epoch: 1550/10000 | Train Loss: 6.629e-01 | Dynamic Loss: 6.629e-01 | Regularization Loss: 0.000e+00 | Val Loss: 7.606e-01 | Time: 4.90s
2025-08-19 19:47:34,089:INFO:Epoch: 1600/10000 | Train Loss: 6.274e-01 | Dynamic Loss: 6.274e-01 | Regularization Loss: 0.000e+00 | Val Loss: 7.281e-01 | Time: 4.82s
2025-08-19 19:47:34,089:INFO:New best model found at epoch 1600 with validation loss 7.281e-01. Saving...
2025-08-19 19:47:38,828:INFO:Epoch: 1650/10000 | Train Loss: 6.188e-01 | Dynamic Loss: 6.188e-01 | Regularization Loss: 0.000e+00 | Val Loss: 7.216e-01 | Time: 4.73s
2025-08-19 19:47:38,828:INFO:New best model found at epoch 1650 with validation loss 7.216e-01. Saving...
2025-08-19 19:47:49,753:INFO:Epoch: 1700/10000 | Train Loss: 6.053e-01 | Dynamic Loss: 6.053e-01 | Regularization Loss: 0.000e+00 | Val Loss: 7.085e-01 | Time: 10.92s
2025-08-19 19:47:49,753:INFO:New best model found at epoch 1700 with validation loss 7.085e-01. Saving...
2025-08-19 19:47:54,642:INFO:Epoch: 1750/10000 | Train Loss: 6.005e-01 | Dynamic Loss: 6.005e-01 | Regularization Loss: 0.000e+00 | Val Loss: 7.032e-01 | Time: 4.88s
2025-08-19 19:47:54,643:INFO:New best model found at epoch 1750 with validation loss 7.032e-01. Saving...
2025-08-19 19:47:59,396:INFO:Epoch: 1800/10000 | Train Loss: 5.912e-01 | Dynamic Loss: 5.912e-01 | Regularization Loss: 0.000e+00 | Val Loss: 6.997e-01 | Time: 4.75s
2025-08-19 19:47:59,396:INFO:New best model found at epoch 1800 with validation loss 6.997e-01. Saving...
2025-08-19 19:48:04,200:INFO:Epoch: 1850/10000 | Train Loss: 5.861e-01 | Dynamic Loss: 5.861e-01 | Regularization Loss: 0.000e+00 | Val Loss: 6.846e-01 | Time: 4.80s
2025-08-19 19:48:04,200:INFO:New best model found at epoch 1850 with validation loss 6.846e-01. Saving...
2025-08-19 19:48:08,995:INFO:Epoch: 1900/10000 | Train Loss: 5.699e-01 | Dynamic Loss: 5.699e-01 | Regularization Loss: 0.000e+00 | Val Loss: 6.817e-01 | Time: 4.79s
2025-08-19 19:48:08,995:INFO:New best model found at epoch 1900 with validation loss 6.817e-01. Saving...
2025-08-19 19:48:13,885:INFO:Epoch: 1950/10000 | Train Loss: 5.513e-01 | Dynamic Loss: 5.513e-01 | Regularization Loss: 0.000e+00 | Val Loss: 6.604e-01 | Time: 4.88s
2025-08-19 19:48:13,885:INFO:New best model found at epoch 1950 with validation loss 6.604e-01. Saving...
2025-08-19 19:48:18,666:INFO:Epoch: 2000/10000 | Train Loss: 5.470e-01 | Dynamic Loss: 5.470e-01 | Regularization Loss: 0.000e+00 | Val Loss: 6.554e-01 | Time: 4.78s
2025-08-19 19:48:18,666:INFO:New best model found at epoch 2000 with validation loss 6.554e-01. Saving...
2025-08-19 19:48:23,611:INFO:Epoch: 2050/10000 | Train Loss: 5.322e-01 | Dynamic Loss: 5.322e-01 | Regularization Loss: 0.000e+00 | Val Loss: 6.414e-01 | Time: 4.94s
2025-08-19 19:48:23,611:INFO:New best model found at epoch 2050 with validation loss 6.414e-01. Saving...
2025-08-19 19:48:31,728:INFO:Epoch: 2100/10000 | Train Loss: 5.299e-01 | Dynamic Loss: 5.299e-01 | Regularization Loss: 0.000e+00 | Val Loss: 6.403e-01 | Time: 8.11s
2025-08-19 19:48:31,728:INFO:New best model found at epoch 2100 with validation loss 6.403e-01. Saving...
2025-08-19 19:48:36,579:INFO:Epoch: 2150/10000 | Train Loss: 5.256e-01 | Dynamic Loss: 5.256e-01 | Regularization Loss: 0.000e+00 | Val Loss: 6.301e-01 | Time: 4.85s
2025-08-19 19:48:36,579:INFO:New best model found at epoch 2150 with validation loss 6.301e-01. Saving...
2025-08-19 19:48:41,508:INFO:Epoch: 2200/10000 | Train Loss: 5.489e-01 | Dynamic Loss: 5.489e-01 | Regularization Loss: 0.000e+00 | Val Loss: 6.579e-01 | Time: 4.92s
2025-08-19 19:48:46,290:INFO:Epoch: 2250/10000 | Train Loss: 7.251e-01 | Dynamic Loss: 7.251e-01 | Regularization Loss: 0.000e+00 | Val Loss: 7.837e-01 | Time: 4.78s
2025-08-19 19:48:51,172:INFO:Epoch: 2300/10000 | Train Loss: 4.820e-01 | Dynamic Loss: 4.820e-01 | Regularization Loss: 0.000e+00 | Val Loss: 6.021e-01 | Time: 4.88s
2025-08-19 19:48:51,172:INFO:New best model found at epoch 2300 with validation loss 6.021e-01. Saving...
2025-08-19 19:48:55,958:INFO:Epoch: 2350/10000 | Train Loss: 4.816e-01 | Dynamic Loss: 4.816e-01 | Regularization Loss: 0.000e+00 | Val Loss: 6.024e-01 | Time: 4.78s
2025-08-19 19:49:00,747:INFO:Epoch: 2400/10000 | Train Loss: 4.648e-01 | Dynamic Loss: 4.648e-01 | Regularization Loss: 0.000e+00 | Val Loss: 5.869e-01 | Time: 4.79s
2025-08-19 19:49:00,747:INFO:New best model found at epoch 2400 with validation loss 5.869e-01. Saving...
2025-08-19 19:49:05,651:INFO:Epoch: 2450/10000 | Train Loss: 4.635e-01 | Dynamic Loss: 4.635e-01 | Regularization Loss: 0.000e+00 | Val Loss: 5.898e-01 | Time: 4.90s
2025-08-19 19:49:16,296:INFO:Epoch: 2500/10000 | Train Loss: 4.501e-01 | Dynamic Loss: 4.501e-01 | Regularization Loss: 0.000e+00 | Val Loss: 5.744e-01 | Time: 10.64s
2025-08-19 19:49:16,296:INFO:New best model found at epoch 2500 with validation loss 5.744e-01. Saving...
2025-08-19 19:49:21,014:INFO:Epoch: 2550/10000 | Train Loss: 4.413e-01 | Dynamic Loss: 4.413e-01 | Regularization Loss: 0.000e+00 | Val Loss: 5.679e-01 | Time: 4.71s
2025-08-19 19:49:21,014:INFO:New best model found at epoch 2550 with validation loss 5.679e-01. Saving...
2025-08-19 19:49:25,885:INFO:Epoch: 2600/10000 | Train Loss: 4.393e-01 | Dynamic Loss: 4.393e-01 | Regularization Loss: 0.000e+00 | Val Loss: 5.669e-01 | Time: 4.87s
2025-08-19 19:49:25,885:INFO:New best model found at epoch 2600 with validation loss 5.669e-01. Saving...
2025-08-19 19:49:30,682:INFO:Epoch: 2650/10000 | Train Loss: 4.282e-01 | Dynamic Loss: 4.282e-01 | Regularization Loss: 0.000e+00 | Val Loss: 5.578e-01 | Time: 4.79s
2025-08-19 19:49:30,682:INFO:New best model found at epoch 2650 with validation loss 5.578e-01. Saving...
2025-08-19 19:49:35,405:INFO:Epoch: 2700/10000 | Train Loss: 4.205e-01 | Dynamic Loss: 4.205e-01 | Regularization Loss: 0.000e+00 | Val Loss: 5.504e-01 | Time: 4.72s
2025-08-19 19:49:35,405:INFO:New best model found at epoch 2700 with validation loss 5.504e-01. Saving...
2025-08-19 19:49:40,392:INFO:Epoch: 2750/10000 | Train Loss: 4.118e-01 | Dynamic Loss: 4.118e-01 | Regularization Loss: 0.000e+00 | Val Loss: 5.438e-01 | Time: 4.98s
2025-08-19 19:49:40,392:INFO:New best model found at epoch 2750 with validation loss 5.438e-01. Saving...
2025-08-19 19:49:45,257:INFO:Epoch: 2800/10000 | Train Loss: 4.058e-01 | Dynamic Loss: 4.058e-01 | Regularization Loss: 0.000e+00 | Val Loss: 5.392e-01 | Time: 4.86s
2025-08-19 19:49:45,257:INFO:New best model found at epoch 2800 with validation loss 5.392e-01. Saving...
2025-08-19 19:49:50,010:INFO:Epoch: 2850/10000 | Train Loss: 4.630e-01 | Dynamic Loss: 4.630e-01 | Regularization Loss: 0.000e+00 | Val Loss: 5.941e-01 | Time: 4.75s
2025-08-19 19:49:54,832:INFO:Epoch: 2900/10000 | Train Loss: 3.905e-01 | Dynamic Loss: 3.905e-01 | Regularization Loss: 0.000e+00 | Val Loss: 5.285e-01 | Time: 4.82s
2025-08-19 19:49:54,832:INFO:New best model found at epoch 2900 with validation loss 5.285e-01. Saving...
2025-08-19 19:49:59,579:INFO:Epoch: 2950/10000 | Train Loss: 3.830e-01 | Dynamic Loss: 3.830e-01 | Regularization Loss: 0.000e+00 | Val Loss: 5.224e-01 | Time: 4.74s
2025-08-19 19:49:59,580:INFO:New best model found at epoch 2950 with validation loss 5.224e-01. Saving...
2025-08-19 19:50:04,579:INFO:Epoch: 3000/10000 | Train Loss: 3.873e-01 | Dynamic Loss: 3.873e-01 | Regularization Loss: 0.000e+00 | Val Loss: 5.329e-01 | Time: 4.99s
2025-08-19 19:50:16,190:INFO:Epoch: 3050/10000 | Train Loss: 3.696e-01 | Dynamic Loss: 3.696e-01 | Regularization Loss: 0.000e+00 | Val Loss: 5.131e-01 | Time: 11.61s
2025-08-19 19:50:16,190:INFO:New best model found at epoch 3050 with validation loss 5.131e-01. Saving...
2025-08-19 19:50:21,044:INFO:Epoch: 3100/10000 | Train Loss: 3.768e-01 | Dynamic Loss: 3.768e-01 | Regularization Loss: 0.000e+00 | Val Loss: 5.376e-01 | Time: 4.85s
2025-08-19 19:50:25,861:INFO:Epoch: 3150/10000 | Train Loss: 3.807e-01 | Dynamic Loss: 3.807e-01 | Regularization Loss: 0.000e+00 | Val Loss: 5.431e-01 | Time: 4.82s
2025-08-19 19:50:37,406:INFO:Epoch: 3200/10000 | Train Loss: 3.536e-01 | Dynamic Loss: 3.536e-01 | Regularization Loss: 0.000e+00 | Val Loss: 5.015e-01 | Time: 11.55s
2025-08-19 19:50:37,406:INFO:New best model found at epoch 3200 with validation loss 5.015e-01. Saving...
2025-08-19 19:50:42,243:INFO:Epoch: 3250/10000 | Train Loss: 3.444e-01 | Dynamic Loss: 3.444e-01 | Regularization Loss: 0.000e+00 | Val Loss: 4.979e-01 | Time: 4.83s
2025-08-19 19:50:42,243:INFO:New best model found at epoch 3250 with validation loss 4.979e-01. Saving...
2025-08-19 19:50:47,077:INFO:Epoch: 3300/10000 | Train Loss: 3.545e-01 | Dynamic Loss: 3.545e-01 | Regularization Loss: 0.000e+00 | Val Loss: 5.007e-01 | Time: 4.83s
2025-08-19 19:50:51,909:INFO:Epoch: 3350/10000 | Train Loss: 4.045e-01 | Dynamic Loss: 4.045e-01 | Regularization Loss: 0.000e+00 | Val Loss: 5.039e-01 | Time: 4.83s
2025-08-19 19:50:56,647:INFO:Epoch: 3400/10000 | Train Loss: 3.324e-01 | Dynamic Loss: 3.324e-01 | Regularization Loss: 0.000e+00 | Val Loss: 4.889e-01 | Time: 4.74s
2025-08-19 19:50:56,647:INFO:New best model found at epoch 3400 with validation loss 4.889e-01. Saving...
2025-08-19 19:51:01,593:INFO:Epoch: 3450/10000 | Train Loss: 4.308e-01 | Dynamic Loss: 4.308e-01 | Regularization Loss: 0.000e+00 | Val Loss: 4.908e-01 | Time: 4.94s
2025-08-19 19:51:06,477:INFO:Epoch: 3500/10000 | Train Loss: 3.189e-01 | Dynamic Loss: 3.189e-01 | Regularization Loss: 0.000e+00 | Val Loss: 4.808e-01 | Time: 4.88s
2025-08-19 19:51:06,477:INFO:New best model found at epoch 3500 with validation loss 4.808e-01. Saving...
2025-08-19 19:51:11,371:INFO:Epoch: 3550/10000 | Train Loss: 3.115e-01 | Dynamic Loss: 3.115e-01 | Regularization Loss: 0.000e+00 | Val Loss: 4.791e-01 | Time: 4.89s
2025-08-19 19:51:11,371:INFO:New best model found at epoch 3550 with validation loss 4.791e-01. Saving...
2025-08-19 19:51:16,267:INFO:Epoch: 3600/10000 | Train Loss: 3.316e-01 | Dynamic Loss: 3.316e-01 | Regularization Loss: 0.000e+00 | Val Loss: 5.093e-01 | Time: 4.89s
2025-08-19 19:51:20,997:INFO:Epoch: 3650/10000 | Train Loss: 3.304e-01 | Dynamic Loss: 3.304e-01 | Regularization Loss: 0.000e+00 | Val Loss: 4.759e-01 | Time: 4.73s
2025-08-19 19:51:20,997:INFO:New best model found at epoch 3650 with validation loss 4.759e-01. Saving...
2025-08-19 19:51:25,746:INFO:Epoch: 3700/10000 | Train Loss: 3.213e-01 | Dynamic Loss: 3.213e-01 | Regularization Loss: 0.000e+00 | Val Loss: 4.855e-01 | Time: 4.74s
2025-08-19 19:51:30,598:INFO:Epoch: 3750/10000 | Train Loss: 3.350e-01 | Dynamic Loss: 3.350e-01 | Regularization Loss: 0.000e+00 | Val Loss: 5.122e-01 | Time: 4.85s
2025-08-19 19:51:35,430:INFO:Epoch: 3800/10000 | Train Loss: 2.920e-01 | Dynamic Loss: 2.920e-01 | Regularization Loss: 0.000e+00 | Val Loss: 4.659e-01 | Time: 4.83s
2025-08-19 19:51:35,430:INFO:New best model found at epoch 3800 with validation loss 4.659e-01. Saving...
2025-08-19 19:51:40,228:INFO:Epoch: 3850/10000 | Train Loss: 2.839e-01 | Dynamic Loss: 2.839e-01 | Regularization Loss: 0.000e+00 | Val Loss: 4.583e-01 | Time: 4.79s
2025-08-19 19:51:40,228:INFO:New best model found at epoch 3850 with validation loss 4.583e-01. Saving...
2025-08-19 19:51:45,335:INFO:Epoch: 3900/10000 | Train Loss: 2.761e-01 | Dynamic Loss: 2.761e-01 | Regularization Loss: 0.000e+00 | Val Loss: 4.520e-01 | Time: 5.10s
2025-08-19 19:51:45,335:INFO:New best model found at epoch 3900 with validation loss 4.520e-01. Saving...
2025-08-19 19:51:50,116:INFO:Epoch: 3950/10000 | Train Loss: 3.059e-01 | Dynamic Loss: 3.059e-01 | Regularization Loss: 0.000e+00 | Val Loss: 4.791e-01 | Time: 4.78s
2025-08-19 19:51:54,852:INFO:Epoch: 4000/10000 | Train Loss: 2.713e-01 | Dynamic Loss: 2.713e-01 | Regularization Loss: 0.000e+00 | Val Loss: 4.512e-01 | Time: 4.74s
2025-08-19 19:51:54,852:INFO:New best model found at epoch 4000 with validation loss 4.512e-01. Saving...
2025-08-19 19:52:06,367:INFO:Epoch: 4050/10000 | Train Loss: 2.761e-01 | Dynamic Loss: 2.761e-01 | Regularization Loss: 0.000e+00 | Val Loss: 4.524e-01 | Time: 11.51s
2025-08-19 19:52:11,142:INFO:Epoch: 4100/10000 | Train Loss: 2.945e-01 | Dynamic Loss: 2.945e-01 | Regularization Loss: 0.000e+00 | Val Loss: 5.060e-01 | Time: 4.77s
2025-08-19 19:52:15,954:INFO:Epoch: 4150/10000 | Train Loss: 2.653e-01 | Dynamic Loss: 2.653e-01 | Regularization Loss: 0.000e+00 | Val Loss: 4.416e-01 | Time: 4.81s
2025-08-19 19:52:15,955:INFO:New best model found at epoch 4150 with validation loss 4.416e-01. Saving...
2025-08-19 19:52:27,478:INFO:Epoch: 4200/10000 | Train Loss: 2.580e-01 | Dynamic Loss: 2.580e-01 | Regularization Loss: 0.000e+00 | Val Loss: 4.383e-01 | Time: 11.52s
2025-08-19 19:52:27,479:INFO:New best model found at epoch 4200 with validation loss 4.383e-01. Saving...
2025-08-19 19:52:32,363:INFO:Epoch: 4250/10000 | Train Loss: 2.557e-01 | Dynamic Loss: 2.557e-01 | Regularization Loss: 0.000e+00 | Val Loss: 4.380e-01 | Time: 4.88s
2025-08-19 19:52:32,363:INFO:New best model found at epoch 4250 with validation loss 4.380e-01. Saving...
2025-08-19 19:52:37,105:INFO:Epoch: 4300/10000 | Train Loss: 2.699e-01 | Dynamic Loss: 2.699e-01 | Regularization Loss: 0.000e+00 | Val Loss: 4.395e-01 | Time: 4.74s
2025-08-19 19:52:48,486:INFO:Epoch: 4350/10000 | Train Loss: 2.496e-01 | Dynamic Loss: 2.496e-01 | Regularization Loss: 0.000e+00 | Val Loss: 4.324e-01 | Time: 11.38s
2025-08-19 19:52:48,486:INFO:New best model found at epoch 4350 with validation loss 4.324e-01. Saving...
2025-08-19 19:52:53,339:INFO:Epoch: 4400/10000 | Train Loss: 4.149e-01 | Dynamic Loss: 4.149e-01 | Regularization Loss: 0.000e+00 | Val Loss: 4.640e-01 | Time: 4.85s
2025-08-19 19:52:58,172:INFO:Epoch: 4450/10000 | Train Loss: 2.536e-01 | Dynamic Loss: 2.536e-01 | Regularization Loss: 0.000e+00 | Val Loss: 4.321e-01 | Time: 4.83s
2025-08-19 19:52:58,172:INFO:New best model found at epoch 4450 with validation loss 4.321e-01. Saving...
2025-08-19 19:53:09,765:INFO:Epoch: 4500/10000 | Train Loss: 2.442e-01 | Dynamic Loss: 2.442e-01 | Regularization Loss: 0.000e+00 | Val Loss: 4.266e-01 | Time: 11.59s
2025-08-19 19:53:09,765:INFO:New best model found at epoch 4500 with validation loss 4.266e-01. Saving...
2025-08-19 19:53:14,582:INFO:Epoch: 4550/10000 | Train Loss: 2.449e-01 | Dynamic Loss: 2.449e-01 | Regularization Loss: 0.000e+00 | Val Loss: 4.297e-01 | Time: 4.81s
2025-08-19 19:53:19,365:INFO:Epoch: 4600/10000 | Train Loss: 2.398e-01 | Dynamic Loss: 2.398e-01 | Regularization Loss: 0.000e+00 | Val Loss: 4.226e-01 | Time: 4.78s
2025-08-19 19:53:19,365:INFO:New best model found at epoch 4600 with validation loss 4.226e-01. Saving...
2025-08-19 19:53:30,828:INFO:Epoch: 4650/10000 | Train Loss: 2.436e-01 | Dynamic Loss: 2.436e-01 | Regularization Loss: 0.000e+00 | Val Loss: 4.256e-01 | Time: 11.46s
2025-08-19 19:53:35,660:INFO:Epoch: 4700/10000 | Train Loss: 2.373e-01 | Dynamic Loss: 2.373e-01 | Regularization Loss: 0.000e+00 | Val Loss: 4.210e-01 | Time: 4.83s
2025-08-19 19:53:35,660:INFO:New best model found at epoch 4700 with validation loss 4.210e-01. Saving...
2025-08-19 19:53:40,528:INFO:Epoch: 4750/10000 | Train Loss: 2.884e-01 | Dynamic Loss: 2.884e-01 | Regularization Loss: 0.000e+00 | Val Loss: 4.558e-01 | Time: 4.86s
2025-08-19 19:53:52,070:INFO:Epoch: 4800/10000 | Train Loss: 2.339e-01 | Dynamic Loss: 2.339e-01 | Regularization Loss: 0.000e+00 | Val Loss: 4.185e-01 | Time: 11.54s
2025-08-19 19:53:52,070:INFO:New best model found at epoch 4800 with validation loss 4.185e-01. Saving...
2025-08-19 19:53:57,014:INFO:Epoch: 4850/10000 | Train Loss: 2.315e-01 | Dynamic Loss: 2.315e-01 | Regularization Loss: 0.000e+00 | Val Loss: 4.161e-01 | Time: 4.94s
2025-08-19 19:53:57,014:INFO:New best model found at epoch 4850 with validation loss 4.161e-01. Saving...
2025-08-19 19:54:01,809:INFO:Epoch: 4900/10000 | Train Loss: 2.483e-01 | Dynamic Loss: 2.483e-01 | Regularization Loss: 0.000e+00 | Val Loss: 4.389e-01 | Time: 4.79s
2025-08-19 19:54:13,576:INFO:Epoch: 4950/10000 | Train Loss: 2.312e-01 | Dynamic Loss: 2.312e-01 | Regularization Loss: 0.000e+00 | Val Loss: 4.161e-01 | Time: 11.77s
2025-08-19 19:54:13,576:INFO:New best model found at epoch 4950 with validation loss 4.161e-01. Saving...
2025-08-19 19:54:18,438:INFO:Epoch: 5000/10000 | Train Loss: 2.273e-01 | Dynamic Loss: 2.273e-01 | Regularization Loss: 0.000e+00 | Val Loss: 4.110e-01 | Time: 4.86s
2025-08-19 19:54:18,438:INFO:New best model found at epoch 5000 with validation loss 4.110e-01. Saving...
2025-08-19 19:54:23,246:INFO:Epoch: 5050/10000 | Train Loss: 2.257e-01 | Dynamic Loss: 2.257e-01 | Regularization Loss: 0.000e+00 | Val Loss: 4.100e-01 | Time: 4.80s
2025-08-19 19:54:23,246:INFO:New best model found at epoch 5050 with validation loss 4.100e-01. Saving...
2025-08-19 19:54:34,443:INFO:Epoch: 5100/10000 | Train Loss: 2.429e-01 | Dynamic Loss: 2.429e-01 | Regularization Loss: 0.000e+00 | Val Loss: 4.222e-01 | Time: 11.19s
2025-08-19 19:54:39,319:INFO:Epoch: 5150/10000 | Train Loss: 2.280e-01 | Dynamic Loss: 2.280e-01 | Regularization Loss: 0.000e+00 | Val Loss: 4.080e-01 | Time: 4.88s
2025-08-19 19:54:39,319:INFO:New best model found at epoch 5150 with validation loss 4.080e-01. Saving...
2025-08-19 19:54:44,172:INFO:Epoch: 5200/10000 | Train Loss: 2.225e-01 | Dynamic Loss: 2.225e-01 | Regularization Loss: 0.000e+00 | Val Loss: 4.075e-01 | Time: 4.85s
2025-08-19 19:54:44,172:INFO:New best model found at epoch 5200 with validation loss 4.075e-01. Saving...
2025-08-19 19:54:55,844:INFO:Epoch: 5250/10000 | Train Loss: 2.309e-01 | Dynamic Loss: 2.309e-01 | Regularization Loss: 0.000e+00 | Val Loss: 4.093e-01 | Time: 11.67s
2025-08-19 19:55:00,700:INFO:Epoch: 5300/10000 | Train Loss: 2.216e-01 | Dynamic Loss: 2.216e-01 | Regularization Loss: 0.000e+00 | Val Loss: 4.039e-01 | Time: 4.86s
2025-08-19 19:55:00,701:INFO:New best model found at epoch 5300 with validation loss 4.039e-01. Saving...
2025-08-19 19:55:05,584:INFO:Epoch: 5350/10000 | Train Loss: 2.296e-01 | Dynamic Loss: 2.296e-01 | Regularization Loss: 0.000e+00 | Val Loss: 4.090e-01 | Time: 4.88s
2025-08-19 19:55:17,141:INFO:Epoch: 5400/10000 | Train Loss: 2.236e-01 | Dynamic Loss: 2.236e-01 | Regularization Loss: 0.000e+00 | Val Loss: 4.105e-01 | Time: 11.56s
2025-08-19 19:55:22,073:INFO:Epoch: 5450/10000 | Train Loss: 2.172e-01 | Dynamic Loss: 2.172e-01 | Regularization Loss: 0.000e+00 | Val Loss: 4.046e-01 | Time: 4.93s
2025-08-19 19:55:26,888:INFO:Epoch: 5500/10000 | Train Loss: 2.154e-01 | Dynamic Loss: 2.154e-01 | Regularization Loss: 0.000e+00 | Val Loss: 4.022e-01 | Time: 4.82s
2025-08-19 19:55:26,888:INFO:New best model found at epoch 5500 with validation loss 4.022e-01. Saving...
2025-08-19 19:55:38,445:INFO:Epoch: 5550/10000 | Train Loss: 2.138e-01 | Dynamic Loss: 2.138e-01 | Regularization Loss: 0.000e+00 | Val Loss: 4.004e-01 | Time: 11.55s
2025-08-19 19:55:38,445:INFO:New best model found at epoch 5550 with validation loss 4.004e-01. Saving...
2025-08-19 19:55:43,309:INFO:Epoch: 5600/10000 | Train Loss: 2.285e-01 | Dynamic Loss: 2.285e-01 | Regularization Loss: 0.000e+00 | Val Loss: 4.049e-01 | Time: 4.86s
2025-08-19 19:55:48,129:INFO:Epoch: 5650/10000 | Train Loss: 2.119e-01 | Dynamic Loss: 2.119e-01 | Regularization Loss: 0.000e+00 | Val Loss: 3.958e-01 | Time: 4.82s
2025-08-19 19:55:48,129:INFO:New best model found at epoch 5650 with validation loss 3.958e-01. Saving...
2025-08-19 19:55:59,259:INFO:Epoch: 5700/10000 | Train Loss: 2.088e-01 | Dynamic Loss: 2.088e-01 | Regularization Loss: 0.000e+00 | Val Loss: 3.941e-01 | Time: 11.12s
2025-08-19 19:55:59,259:INFO:New best model found at epoch 5700 with validation loss 3.941e-01. Saving...
2025-08-19 19:56:04,171:INFO:Epoch: 5750/10000 | Train Loss: 2.078e-01 | Dynamic Loss: 2.078e-01 | Regularization Loss: 0.000e+00 | Val Loss: 3.928e-01 | Time: 4.91s
2025-08-19 19:56:04,172:INFO:New best model found at epoch 5750 with validation loss 3.928e-01. Saving...
2025-08-19 19:56:09,112:INFO:Epoch: 5800/10000 | Train Loss: 2.796e-01 | Dynamic Loss: 2.796e-01 | Regularization Loss: 0.000e+00 | Val Loss: 4.309e-01 | Time: 4.94s
2025-08-19 19:56:20,939:INFO:Epoch: 5850/10000 | Train Loss: 2.071e-01 | Dynamic Loss: 2.071e-01 | Regularization Loss: 0.000e+00 | Val Loss: 3.973e-01 | Time: 11.83s
2025-08-19 19:56:25,849:INFO:Epoch: 5900/10000 | Train Loss: 2.093e-01 | Dynamic Loss: 2.093e-01 | Regularization Loss: 0.000e+00 | Val Loss: 3.936e-01 | Time: 4.91s
2025-08-19 19:56:30,733:INFO:Epoch: 5950/10000 | Train Loss: 2.107e-01 | Dynamic Loss: 2.107e-01 | Regularization Loss: 0.000e+00 | Val Loss: 3.904e-01 | Time: 4.88s
2025-08-19 19:56:30,733:INFO:New best model found at epoch 5950 with validation loss 3.904e-01. Saving...
2025-08-19 19:56:42,792:INFO:Epoch: 6000/10000 | Train Loss: 2.032e-01 | Dynamic Loss: 2.032e-01 | Regularization Loss: 0.000e+00 | Val Loss: 3.908e-01 | Time: 12.05s
2025-08-19 19:56:47,727:INFO:Epoch: 6050/10000 | Train Loss: 2.017e-01 | Dynamic Loss: 2.017e-01 | Regularization Loss: 0.000e+00 | Val Loss: 3.889e-01 | Time: 4.94s
2025-08-19 19:56:47,727:INFO:New best model found at epoch 6050 with validation loss 3.889e-01. Saving...
2025-08-19 19:56:52,592:INFO:Epoch: 6100/10000 | Train Loss: 2.176e-01 | Dynamic Loss: 2.176e-01 | Regularization Loss: 0.000e+00 | Val Loss: 4.010e-01 | Time: 4.86s
2025-08-19 19:57:04,131:INFO:Epoch: 6150/10000 | Train Loss: 1.984e-01 | Dynamic Loss: 1.984e-01 | Regularization Loss: 0.000e+00 | Val Loss: 3.856e-01 | Time: 11.54s
2025-08-19 19:57:04,131:INFO:New best model found at epoch 6150 with validation loss 3.856e-01. Saving...
2025-08-19 19:57:09,042:INFO:Epoch: 6200/10000 | Train Loss: 2.077e-01 | Dynamic Loss: 2.077e-01 | Regularization Loss: 0.000e+00 | Val Loss: 3.905e-01 | Time: 4.91s
2025-08-19 19:57:13,897:INFO:Epoch: 6250/10000 | Train Loss: 1.963e-01 | Dynamic Loss: 1.963e-01 | Regularization Loss: 0.000e+00 | Val Loss: 3.842e-01 | Time: 4.86s
2025-08-19 19:57:13,897:INFO:New best model found at epoch 6250 with validation loss 3.842e-01. Saving...
2025-08-19 19:57:25,469:INFO:Epoch: 6300/10000 | Train Loss: 2.033e-01 | Dynamic Loss: 2.033e-01 | Regularization Loss: 0.000e+00 | Val Loss: 3.867e-01 | Time: 11.57s
2025-08-19 19:57:30,293:INFO:Epoch: 6350/10000 | Train Loss: 1.960e-01 | Dynamic Loss: 1.960e-01 | Regularization Loss: 0.000e+00 | Val Loss: 3.816e-01 | Time: 4.82s
2025-08-19 19:57:30,293:INFO:New best model found at epoch 6350 with validation loss 3.816e-01. Saving...
2025-08-19 19:57:35,204:INFO:Epoch: 6400/10000 | Train Loss: 1.923e-01 | Dynamic Loss: 1.923e-01 | Regularization Loss: 0.000e+00 | Val Loss: 3.808e-01 | Time: 4.91s
2025-08-19 19:57:35,205:INFO:New best model found at epoch 6400 with validation loss 3.808e-01. Saving...
2025-08-19 19:57:46,915:INFO:Epoch: 6450/10000 | Train Loss: 1.968e-01 | Dynamic Loss: 1.968e-01 | Regularization Loss: 0.000e+00 | Val Loss: 3.856e-01 | Time: 11.69s
2025-08-19 19:57:51,794:INFO:Epoch: 6500/10000 | Train Loss: 1.901e-01 | Dynamic Loss: 1.901e-01 | Regularization Loss: 0.000e+00 | Val Loss: 3.793e-01 | Time: 4.88s
2025-08-19 19:57:51,794:INFO:New best model found at epoch 6500 with validation loss 3.793e-01. Saving...
2025-08-19 19:57:56,774:INFO:Epoch: 6550/10000 | Train Loss: 1.876e-01 | Dynamic Loss: 1.876e-01 | Regularization Loss: 0.000e+00 | Val Loss: 3.797e-01 | Time: 4.97s
2025-08-19 19:58:08,624:INFO:Epoch: 6600/10000 | Train Loss: 1.885e-01 | Dynamic Loss: 1.885e-01 | Regularization Loss: 0.000e+00 | Val Loss: 3.801e-01 | Time: 11.85s
2025-08-19 19:58:13,624:INFO:Epoch: 6650/10000 | Train Loss: 1.891e-01 | Dynamic Loss: 1.891e-01 | Regularization Loss: 0.000e+00 | Val Loss: 3.794e-01 | Time: 5.00s
2025-08-19 19:58:18,568:INFO:Epoch: 6700/10000 | Train Loss: 2.386e-01 | Dynamic Loss: 2.386e-01 | Regularization Loss: 0.000e+00 | Val Loss: 4.076e-01 | Time: 4.94s
2025-08-19 19:58:30,183:INFO:Epoch: 6750/10000 | Train Loss: 1.919e-01 | Dynamic Loss: 1.919e-01 | Regularization Loss: 0.000e+00 | Val Loss: 3.768e-01 | Time: 11.61s
2025-08-19 19:58:30,183:INFO:New best model found at epoch 6750 with validation loss 3.768e-01. Saving...
2025-08-19 19:58:35,064:INFO:Epoch: 6800/10000 | Train Loss: 1.832e-01 | Dynamic Loss: 1.832e-01 | Regularization Loss: 0.000e+00 | Val Loss: 3.770e-01 | Time: 4.88s
2025-08-19 19:58:39,882:INFO:Epoch: 6850/10000 | Train Loss: 1.775e-01 | Dynamic Loss: 1.775e-01 | Regularization Loss: 0.000e+00 | Val Loss: 3.699e-01 | Time: 4.82s
2025-08-19 19:58:39,882:INFO:New best model found at epoch 6850 with validation loss 3.699e-01. Saving...
2025-08-19 19:58:51,591:INFO:Epoch: 6900/10000 | Train Loss: 1.845e-01 | Dynamic Loss: 1.845e-01 | Regularization Loss: 0.000e+00 | Val Loss: 3.725e-01 | Time: 11.70s
2025-08-19 19:58:56,478:INFO:Epoch: 6950/10000 | Train Loss: 1.806e-01 | Dynamic Loss: 1.806e-01 | Regularization Loss: 0.000e+00 | Val Loss: 3.744e-01 | Time: 4.89s
2025-08-19 19:59:01,391:INFO:Epoch: 7000/10000 | Train Loss: 1.752e-01 | Dynamic Loss: 1.752e-01 | Regularization Loss: 0.000e+00 | Val Loss: 3.683e-01 | Time: 4.91s
2025-08-19 19:59:01,391:INFO:New best model found at epoch 7000 with validation loss 3.683e-01. Saving...
2025-08-19 19:59:13,182:INFO:Epoch: 7050/10000 | Train Loss: 1.845e-01 | Dynamic Loss: 1.845e-01 | Regularization Loss: 0.000e+00 | Val Loss: 3.711e-01 | Time: 11.79s
2025-08-19 19:59:18,088:INFO:Epoch: 7100/10000 | Train Loss: 1.763e-01 | Dynamic Loss: 1.763e-01 | Regularization Loss: 0.000e+00 | Val Loss: 3.668e-01 | Time: 4.91s
2025-08-19 19:59:18,088:INFO:New best model found at epoch 7100 with validation loss 3.668e-01. Saving...
2025-08-19 19:59:22,896:INFO:Epoch: 7150/10000 | Train Loss: 1.751e-01 | Dynamic Loss: 1.751e-01 | Regularization Loss: 0.000e+00 | Val Loss: 3.656e-01 | Time: 4.80s
2025-08-19 19:59:22,896:INFO:New best model found at epoch 7150 with validation loss 3.656e-01. Saving...
2025-08-19 19:59:34,615:INFO:Epoch: 7200/10000 | Train Loss: 1.686e-01 | Dynamic Loss: 1.686e-01 | Regularization Loss: 0.000e+00 | Val Loss: 3.637e-01 | Time: 11.71s
2025-08-19 19:59:34,615:INFO:New best model found at epoch 7200 with validation loss 3.637e-01. Saving...
2025-08-19 19:59:39,539:INFO:Epoch: 7250/10000 | Train Loss: 1.748e-01 | Dynamic Loss: 1.748e-01 | Regularization Loss: 0.000e+00 | Val Loss: 3.653e-01 | Time: 4.92s
2025-08-19 19:59:44,433:INFO:Epoch: 7300/10000 | Train Loss: 1.813e-01 | Dynamic Loss: 1.813e-01 | Regularization Loss: 0.000e+00 | Val Loss: 3.741e-01 | Time: 4.89s
2025-08-19 19:59:56,204:INFO:Epoch: 7350/10000 | Train Loss: 1.666e-01 | Dynamic Loss: 1.666e-01 | Regularization Loss: 0.000e+00 | Val Loss: 3.615e-01 | Time: 11.77s
2025-08-19 19:59:56,205:INFO:New best model found at epoch 7350 with validation loss 3.615e-01. Saving...
2025-08-19 20:00:01,088:INFO:Epoch: 7400/10000 | Train Loss: 1.650e-01 | Dynamic Loss: 1.650e-01 | Regularization Loss: 0.000e+00 | Val Loss: 3.582e-01 | Time: 4.88s
2025-08-19 20:00:01,088:INFO:New best model found at epoch 7400 with validation loss 3.582e-01. Saving...
2025-08-19 20:00:06,101:INFO:Epoch: 7450/10000 | Train Loss: 1.639e-01 | Dynamic Loss: 1.639e-01 | Regularization Loss: 0.000e+00 | Val Loss: 3.573e-01 | Time: 5.01s
2025-08-19 20:00:06,101:INFO:New best model found at epoch 7450 with validation loss 3.573e-01. Saving...
2025-08-19 20:00:17,962:INFO:Epoch: 7500/10000 | Train Loss: 2.208e-01 | Dynamic Loss: 2.208e-01 | Regularization Loss: 0.000e+00 | Val Loss: 3.990e-01 | Time: 11.86s
2025-08-19 20:00:22,873:INFO:Epoch: 7550/10000 | Train Loss: 1.614e-01 | Dynamic Loss: 1.614e-01 | Regularization Loss: 0.000e+00 | Val Loss: 3.558e-01 | Time: 4.91s
2025-08-19 20:00:22,873:INFO:New best model found at epoch 7550 with validation loss 3.558e-01. Saving...
2025-08-19 20:00:27,734:INFO:Epoch: 7600/10000 | Train Loss: 1.716e-01 | Dynamic Loss: 1.716e-01 | Regularization Loss: 0.000e+00 | Val Loss: 3.631e-01 | Time: 4.86s
2025-08-19 20:00:39,816:INFO:Epoch: 7650/10000 | Train Loss: 1.785e-01 | Dynamic Loss: 1.785e-01 | Regularization Loss: 0.000e+00 | Val Loss: 3.663e-01 | Time: 12.08s
2025-08-19 20:00:44,759:INFO:Epoch: 7700/10000 | Train Loss: 1.569e-01 | Dynamic Loss: 1.569e-01 | Regularization Loss: 0.000e+00 | Val Loss: 3.532e-01 | Time: 4.94s
2025-08-19 20:00:44,759:INFO:New best model found at epoch 7700 with validation loss 3.532e-01. Saving...
2025-08-19 20:00:49,609:INFO:Epoch: 7750/10000 | Train Loss: 1.573e-01 | Dynamic Loss: 1.573e-01 | Regularization Loss: 0.000e+00 | Val Loss: 3.515e-01 | Time: 4.85s
2025-08-19 20:00:49,610:INFO:New best model found at epoch 7750 with validation loss 3.515e-01. Saving...
2025-08-19 20:01:01,372:INFO:Epoch: 7800/10000 | Train Loss: 1.561e-01 | Dynamic Loss: 1.561e-01 | Regularization Loss: 0.000e+00 | Val Loss: 3.506e-01 | Time: 11.76s
2025-08-19 20:01:01,372:INFO:New best model found at epoch 7800 with validation loss 3.506e-01. Saving...
2025-08-19 20:01:06,325:INFO:Epoch: 7850/10000 | Train Loss: 1.677e-01 | Dynamic Loss: 1.677e-01 | Regularization Loss: 0.000e+00 | Val Loss: 3.578e-01 | Time: 4.95s
2025-08-19 20:01:11,251:INFO:Epoch: 7900/10000 | Train Loss: 1.517e-01 | Dynamic Loss: 1.517e-01 | Regularization Loss: 0.000e+00 | Val Loss: 3.484e-01 | Time: 4.93s
2025-08-19 20:01:11,251:INFO:New best model found at epoch 7900 with validation loss 3.484e-01. Saving...
2025-08-19 20:01:22,919:INFO:Epoch: 7950/10000 | Train Loss: 1.567e-01 | Dynamic Loss: 1.567e-01 | Regularization Loss: 0.000e+00 | Val Loss: 3.517e-01 | Time: 11.66s
2025-08-19 20:01:27,860:INFO:Epoch: 8000/10000 | Train Loss: 1.523e-01 | Dynamic Loss: 1.523e-01 | Regularization Loss: 0.000e+00 | Val Loss: 3.485e-01 | Time: 4.94s
2025-08-19 20:01:32,728:INFO:Epoch: 8050/10000 | Train Loss: 1.483e-01 | Dynamic Loss: 1.483e-01 | Regularization Loss: 0.000e+00 | Val Loss: 3.440e-01 | Time: 4.87s
2025-08-19 20:01:32,728:INFO:New best model found at epoch 8050 with validation loss 3.440e-01. Saving...
2025-08-19 20:01:44,445:INFO:Epoch: 8100/10000 | Train Loss: 1.618e-01 | Dynamic Loss: 1.618e-01 | Regularization Loss: 0.000e+00 | Val Loss: 3.519e-01 | Time: 11.71s
2025-08-19 20:01:49,384:INFO:Epoch: 8150/10000 | Train Loss: 1.486e-01 | Dynamic Loss: 1.486e-01 | Regularization Loss: 0.000e+00 | Val Loss: 3.443e-01 | Time: 4.94s
2025-08-19 20:01:54,263:INFO:Epoch: 8200/10000 | Train Loss: 1.532e-01 | Dynamic Loss: 1.532e-01 | Regularization Loss: 0.000e+00 | Val Loss: 3.438e-01 | Time: 4.88s
2025-08-19 20:01:54,263:INFO:New best model found at epoch 8200 with validation loss 3.438e-01. Saving...
2025-08-19 20:02:05,961:INFO:Epoch: 8250/10000 | Train Loss: 1.865e-01 | Dynamic Loss: 1.865e-01 | Regularization Loss: 0.000e+00 | Val Loss: 3.619e-01 | Time: 11.69s
2025-08-19 20:02:10,881:INFO:Epoch: 8300/10000 | Train Loss: 1.948e-01 | Dynamic Loss: 1.948e-01 | Regularization Loss: 0.000e+00 | Val Loss: 3.761e-01 | Time: 4.92s
2025-08-19 20:02:15,626:INFO:Epoch: 8350/10000 | Train Loss: 1.451e-01 | Dynamic Loss: 1.451e-01 | Regularization Loss: 0.000e+00 | Val Loss: 3.417e-01 | Time: 4.74s
2025-08-19 20:02:15,626:INFO:New best model found at epoch 8350 with validation loss 3.417e-01. Saving...
2025-08-19 20:02:27,344:INFO:Epoch: 8400/10000 | Train Loss: 1.585e-01 | Dynamic Loss: 1.585e-01 | Regularization Loss: 0.000e+00 | Val Loss: 3.490e-01 | Time: 11.71s
2025-08-19 20:02:32,271:INFO:Epoch: 8450/10000 | Train Loss: 1.463e-01 | Dynamic Loss: 1.463e-01 | Regularization Loss: 0.000e+00 | Val Loss: 3.453e-01 | Time: 4.93s
2025-08-19 20:02:37,104:INFO:Epoch: 8500/10000 | Train Loss: 1.421e-01 | Dynamic Loss: 1.421e-01 | Regularization Loss: 0.000e+00 | Val Loss: 3.388e-01 | Time: 4.83s
2025-08-19 20:02:37,104:INFO:New best model found at epoch 8500 with validation loss 3.388e-01. Saving...
2025-08-19 20:02:48,415:INFO:Epoch: 8550/10000 | Train Loss: 1.412e-01 | Dynamic Loss: 1.412e-01 | Regularization Loss: 0.000e+00 | Val Loss: 3.374e-01 | Time: 11.31s
2025-08-19 20:02:48,415:INFO:New best model found at epoch 8550 with validation loss 3.374e-01. Saving...
2025-08-19 20:02:53,404:INFO:Epoch: 8600/10000 | Train Loss: 1.472e-01 | Dynamic Loss: 1.472e-01 | Regularization Loss: 0.000e+00 | Val Loss: 3.475e-01 | Time: 4.98s
2025-08-19 20:02:58,350:INFO:Epoch: 8650/10000 | Train Loss: 1.432e-01 | Dynamic Loss: 1.432e-01 | Regularization Loss: 0.000e+00 | Val Loss: 3.382e-01 | Time: 4.95s
2025-08-19 20:03:10,358:INFO:Epoch: 8700/10000 | Train Loss: 1.502e-01 | Dynamic Loss: 1.502e-01 | Regularization Loss: 0.000e+00 | Val Loss: 3.372e-01 | Time: 12.01s
2025-08-19 20:03:10,358:INFO:New best model found at epoch 8700 with validation loss 3.372e-01. Saving...
2025-08-19 20:03:15,287:INFO:Epoch: 8750/10000 | Train Loss: 1.357e-01 | Dynamic Loss: 1.357e-01 | Regularization Loss: 0.000e+00 | Val Loss: 3.341e-01 | Time: 4.92s
2025-08-19 20:03:15,287:INFO:New best model found at epoch 8750 with validation loss 3.341e-01. Saving...
2025-08-19 20:03:20,114:INFO:Epoch: 8800/10000 | Train Loss: 1.486e-01 | Dynamic Loss: 1.486e-01 | Regularization Loss: 0.000e+00 | Val Loss: 3.423e-01 | Time: 4.82s
2025-08-19 20:03:31,948:INFO:Epoch: 8850/10000 | Train Loss: 1.420e-01 | Dynamic Loss: 1.420e-01 | Regularization Loss: 0.000e+00 | Val Loss: 3.404e-01 | Time: 11.83s
2025-08-19 20:03:36,752:INFO:Epoch: 8900/10000 | Train Loss: 1.611e-01 | Dynamic Loss: 1.611e-01 | Regularization Loss: 0.000e+00 | Val Loss: 3.659e-01 | Time: 4.80s
2025-08-19 20:03:41,624:INFO:Epoch: 8950/10000 | Train Loss: 1.396e-01 | Dynamic Loss: 1.396e-01 | Regularization Loss: 0.000e+00 | Val Loss: 3.377e-01 | Time: 4.87s
2025-08-19 20:03:53,336:INFO:Epoch: 9000/10000 | Train Loss: 1.362e-01 | Dynamic Loss: 1.362e-01 | Regularization Loss: 0.000e+00 | Val Loss: 3.332e-01 | Time: 11.71s
2025-08-19 20:03:53,336:INFO:New best model found at epoch 9000 with validation loss 3.332e-01. Saving...
2025-08-19 20:03:58,274:INFO:Epoch: 9050/10000 | Train Loss: 1.325e-01 | Dynamic Loss: 1.325e-01 | Regularization Loss: 0.000e+00 | Val Loss: 3.317e-01 | Time: 4.93s
2025-08-19 20:03:58,274:INFO:New best model found at epoch 9050 with validation loss 3.317e-01. Saving...
2025-08-19 20:04:03,074:INFO:Epoch: 9100/10000 | Train Loss: 1.690e-01 | Dynamic Loss: 1.690e-01 | Regularization Loss: 0.000e+00 | Val Loss: 3.982e-01 | Time: 4.80s
2025-08-19 20:04:14,843:INFO:Epoch: 9150/10000 | Train Loss: 1.329e-01 | Dynamic Loss: 1.329e-01 | Regularization Loss: 0.000e+00 | Val Loss: 3.332e-01 | Time: 11.77s
2025-08-19 20:04:19,802:INFO:Epoch: 9200/10000 | Train Loss: 1.321e-01 | Dynamic Loss: 1.321e-01 | Regularization Loss: 0.000e+00 | Val Loss: 3.305e-01 | Time: 4.96s
2025-08-19 20:04:19,802:INFO:New best model found at epoch 9200 with validation loss 3.305e-01. Saving...
2025-08-19 20:04:24,716:INFO:Epoch: 9250/10000 | Train Loss: 1.331e-01 | Dynamic Loss: 1.331e-01 | Regularization Loss: 0.000e+00 | Val Loss: 3.320e-01 | Time: 4.91s
2025-08-19 20:04:36,399:INFO:Epoch: 9300/10000 | Train Loss: 1.312e-01 | Dynamic Loss: 1.312e-01 | Regularization Loss: 0.000e+00 | Val Loss: 3.290e-01 | Time: 11.68s
2025-08-19 20:04:36,399:INFO:New best model found at epoch 9300 with validation loss 3.290e-01. Saving...
2025-08-19 20:04:41,295:INFO:Epoch: 9350/10000 | Train Loss: 1.283e-01 | Dynamic Loss: 1.283e-01 | Regularization Loss: 0.000e+00 | Val Loss: 3.274e-01 | Time: 4.89s
2025-08-19 20:04:41,295:INFO:New best model found at epoch 9350 with validation loss 3.274e-01. Saving...
2025-08-19 20:04:46,212:INFO:Epoch: 9400/10000 | Train Loss: 1.331e-01 | Dynamic Loss: 1.331e-01 | Regularization Loss: 0.000e+00 | Val Loss: 3.307e-01 | Time: 4.91s
2025-08-19 20:04:57,877:INFO:Epoch: 9450/10000 | Train Loss: 1.261e-01 | Dynamic Loss: 1.261e-01 | Regularization Loss: 0.000e+00 | Val Loss: 3.265e-01 | Time: 11.67s
2025-08-19 20:04:57,878:INFO:New best model found at epoch 9450 with validation loss 3.265e-01. Saving...
2025-08-19 20:05:02,729:INFO:Epoch: 9500/10000 | Train Loss: 1.298e-01 | Dynamic Loss: 1.298e-01 | Regularization Loss: 0.000e+00 | Val Loss: 3.292e-01 | Time: 4.85s
2025-08-19 20:05:07,699:INFO:Epoch: 9550/10000 | Train Loss: 1.319e-01 | Dynamic Loss: 1.319e-01 | Regularization Loss: 0.000e+00 | Val Loss: 3.268e-01 | Time: 4.97s
2025-08-19 20:05:19,747:INFO:Epoch: 9600/10000 | Train Loss: 1.259e-01 | Dynamic Loss: 1.259e-01 | Regularization Loss: 0.000e+00 | Val Loss: 3.250e-01 | Time: 12.05s
2025-08-19 20:05:19,747:INFO:New best model found at epoch 9600 with validation loss 3.250e-01. Saving...
2025-08-19 20:05:24,589:INFO:Epoch: 9650/10000 | Train Loss: 1.409e-01 | Dynamic Loss: 1.409e-01 | Regularization Loss: 0.000e+00 | Val Loss: 3.479e-01 | Time: 4.84s
2025-08-19 20:05:29,375:INFO:Epoch: 9700/10000 | Train Loss: 1.278e-01 | Dynamic Loss: 1.278e-01 | Regularization Loss: 0.000e+00 | Val Loss: 3.280e-01 | Time: 4.79s
2025-08-19 20:05:41,280:INFO:Epoch: 9750/10000 | Train Loss: 1.243e-01 | Dynamic Loss: 1.243e-01 | Regularization Loss: 0.000e+00 | Val Loss: 3.234e-01 | Time: 11.90s
2025-08-19 20:05:41,280:INFO:New best model found at epoch 9750 with validation loss 3.234e-01. Saving...
2025-08-19 20:05:46,157:INFO:Epoch: 9800/10000 | Train Loss: 1.237e-01 | Dynamic Loss: 1.237e-01 | Regularization Loss: 0.000e+00 | Val Loss: 3.234e-01 | Time: 4.87s
2025-08-19 20:05:51,099:INFO:Epoch: 9850/10000 | Train Loss: 1.247e-01 | Dynamic Loss: 1.247e-01 | Regularization Loss: 0.000e+00 | Val Loss: 3.223e-01 | Time: 4.94s
2025-08-19 20:05:51,099:INFO:New best model found at epoch 9850 with validation loss 3.223e-01. Saving...
2025-08-19 20:06:02,435:INFO:Epoch: 9900/10000 | Train Loss: 1.241e-01 | Dynamic Loss: 1.241e-01 | Regularization Loss: 0.000e+00 | Val Loss: 3.234e-01 | Time: 11.33s
2025-08-19 20:06:07,295:INFO:Epoch: 9950/10000 | Train Loss: 1.215e-01 | Dynamic Loss: 1.215e-01 | Regularization Loss: 0.000e+00 | Val Loss: 3.230e-01 | Time: 4.86s
2025-08-19 20:06:12,202:INFO:Epoch: 10000/10000 | Train Loss: 1.318e-01 | Dynamic Loss: 1.318e-01 | Regularization Loss: 0.000e+00 | Val Loss: 3.273e-01 | Time: 4.91s
