2025-08-18 12:50:36,283:INFO:Created DataLoaders with 2994 training samples and 998 validation samples.
2025-08-18 12:50:36,930:INFO:model params: 1205826
2025-08-18 12:50:38,071:INFO:Epoch: 0/10000 | Train Loss: 8.405e+04 | Dynamic Loss: 8.405e+04 | Regularization Loss: 0.000e+00 | Val Loss: 1.584e+04 | Time: 1.14s
2025-08-18 12:50:38,071:INFO:New best model found at epoch 0 with validation loss 1.584e+04. Saving...
2025-08-18 12:50:43,194:INFO:Epoch: 50/10000 | Train Loss: 1.432e+00 | Dynamic Loss: 1.432e+00 | Regularization Loss: 0.000e+00 | Val Loss: 1.423e+00 | Time: 5.11s
2025-08-18 12:50:43,194:INFO:New best model found at epoch 50 with validation loss 1.423e+00. Saving...
2025-08-18 12:50:48,283:INFO:Epoch: 100/10000 | Train Loss: 1.427e+00 | Dynamic Loss: 1.427e+00 | Regularization Loss: 0.000e+00 | Val Loss: 1.413e+00 | Time: 5.08s
2025-08-18 12:50:48,283:INFO:New best model found at epoch 100 with validation loss 1.413e+00. Saving...
2025-08-18 12:50:53,349:INFO:Epoch: 150/10000 | Train Loss: 1.426e+00 | Dynamic Loss: 1.426e+00 | Regularization Loss: 0.000e+00 | Val Loss: 1.411e+00 | Time: 5.05s
2025-08-18 12:50:53,350:INFO:New best model found at epoch 150 with validation loss 1.411e+00. Saving...
2025-08-18 12:50:58,624:INFO:Epoch: 200/10000 | Train Loss: 1.424e+00 | Dynamic Loss: 1.424e+00 | Regularization Loss: 0.000e+00 | Val Loss: 1.409e+00 | Time: 5.26s
2025-08-18 12:50:58,624:INFO:New best model found at epoch 200 with validation loss 1.409e+00. Saving...
2025-08-18 12:51:03,825:INFO:Epoch: 250/10000 | Train Loss: 1.423e+00 | Dynamic Loss: 1.423e+00 | Regularization Loss: 0.000e+00 | Val Loss: 1.407e+00 | Time: 5.19s
2025-08-18 12:51:03,825:INFO:New best model found at epoch 250 with validation loss 1.407e+00. Saving...
2025-08-18 12:51:08,984:INFO:Epoch: 300/10000 | Train Loss: 1.422e+00 | Dynamic Loss: 1.422e+00 | Regularization Loss: 0.000e+00 | Val Loss: 1.405e+00 | Time: 5.15s
2025-08-18 12:51:08,985:INFO:New best model found at epoch 300 with validation loss 1.405e+00. Saving...
2025-08-18 12:51:19,625:INFO:Epoch: 350/10000 | Train Loss: 1.421e+00 | Dynamic Loss: 1.421e+00 | Regularization Loss: 0.000e+00 | Val Loss: 1.403e+00 | Time: 10.63s
2025-08-18 12:51:19,625:INFO:New best model found at epoch 350 with validation loss 1.403e+00. Saving...
2025-08-18 12:51:24,807:INFO:Epoch: 400/10000 | Train Loss: 1.420e+00 | Dynamic Loss: 1.420e+00 | Regularization Loss: 0.000e+00 | Val Loss: 1.402e+00 | Time: 5.17s
2025-08-18 12:51:24,807:INFO:New best model found at epoch 400 with validation loss 1.402e+00. Saving...
2025-08-18 12:51:30,188:INFO:Epoch: 450/10000 | Train Loss: 1.418e+00 | Dynamic Loss: 1.418e+00 | Regularization Loss: 0.000e+00 | Val Loss: 1.401e+00 | Time: 5.37s
2025-08-18 12:51:30,188:INFO:New best model found at epoch 450 with validation loss 1.401e+00. Saving...
2025-08-18 12:51:35,398:INFO:Epoch: 500/10000 | Train Loss: 1.417e+00 | Dynamic Loss: 1.417e+00 | Regularization Loss: 0.000e+00 | Val Loss: 1.400e+00 | Time: 5.20s
2025-08-18 12:51:35,399:INFO:New best model found at epoch 500 with validation loss 1.400e+00. Saving...
2025-08-18 12:51:40,679:INFO:Epoch: 550/10000 | Train Loss: 1.415e+00 | Dynamic Loss: 1.415e+00 | Regularization Loss: 0.000e+00 | Val Loss: 1.398e+00 | Time: 5.27s
2025-08-18 12:51:40,679:INFO:New best model found at epoch 550 with validation loss 1.398e+00. Saving...
2025-08-18 12:51:46,022:INFO:Epoch: 600/10000 | Train Loss: 1.414e+00 | Dynamic Loss: 1.414e+00 | Regularization Loss: 0.000e+00 | Val Loss: 1.397e+00 | Time: 5.33s
2025-08-18 12:51:46,022:INFO:New best model found at epoch 600 with validation loss 1.397e+00. Saving...
2025-08-18 12:51:51,372:INFO:Epoch: 650/10000 | Train Loss: 1.413e+00 | Dynamic Loss: 1.413e+00 | Regularization Loss: 0.000e+00 | Val Loss: 1.396e+00 | Time: 5.34s
2025-08-18 12:51:51,372:INFO:New best model found at epoch 650 with validation loss 1.396e+00. Saving...
2025-08-18 12:51:56,587:INFO:Epoch: 700/10000 | Train Loss: 1.413e+00 | Dynamic Loss: 1.413e+00 | Regularization Loss: 0.000e+00 | Val Loss: 1.394e+00 | Time: 5.20s
2025-08-18 12:51:56,587:INFO:New best model found at epoch 700 with validation loss 1.394e+00. Saving...
2025-08-18 12:52:04,136:INFO:Epoch: 750/10000 | Train Loss: 1.410e+00 | Dynamic Loss: 1.410e+00 | Regularization Loss: 0.000e+00 | Val Loss: 1.393e+00 | Time: 7.54s
2025-08-18 12:52:04,136:INFO:New best model found at epoch 750 with validation loss 1.393e+00. Saving...
2025-08-18 12:52:09,331:INFO:Epoch: 800/10000 | Train Loss: 1.410e+00 | Dynamic Loss: 1.410e+00 | Regularization Loss: 0.000e+00 | Val Loss: 1.391e+00 | Time: 5.18s
2025-08-18 12:52:09,331:INFO:New best model found at epoch 800 with validation loss 1.391e+00. Saving...
2025-08-18 12:52:14,505:INFO:Epoch: 850/10000 | Train Loss: 1.408e+00 | Dynamic Loss: 1.408e+00 | Regularization Loss: 0.000e+00 | Val Loss: 1.390e+00 | Time: 5.16s
2025-08-18 12:52:14,505:INFO:New best model found at epoch 850 with validation loss 1.390e+00. Saving...
2025-08-18 12:52:21,847:INFO:Epoch: 900/10000 | Train Loss: 1.409e+00 | Dynamic Loss: 1.409e+00 | Regularization Loss: 0.000e+00 | Val Loss: 1.392e+00 | Time: 7.33s
2025-08-18 12:52:27,051:INFO:Epoch: 950/10000 | Train Loss: 1.407e+00 | Dynamic Loss: 1.407e+00 | Regularization Loss: 0.000e+00 | Val Loss: 1.393e+00 | Time: 5.20s
2025-08-18 12:52:33,243:INFO:Epoch: 1000/10000 | Train Loss: 1.406e+00 | Dynamic Loss: 1.406e+00 | Regularization Loss: 0.000e+00 | Val Loss: 1.394e+00 | Time: 6.19s
2025-08-18 12:52:38,468:INFO:Epoch: 1050/10000 | Train Loss: 1.416e+00 | Dynamic Loss: 1.416e+00 | Regularization Loss: 0.000e+00 | Val Loss: 1.398e+00 | Time: 5.23s
2025-08-18 12:52:43,652:INFO:Epoch: 1100/10000 | Train Loss: nan | Dynamic Loss: nan | Regularization Loss: nan | Val Loss: nan | Time: 5.18s
2025-08-18 12:52:54,483:INFO:Epoch: 1150/10000 | Train Loss: nan | Dynamic Loss: nan | Regularization Loss: nan | Val Loss: nan | Time: 10.83s
2025-08-18 12:52:59,691:INFO:Epoch: 1200/10000 | Train Loss: nan | Dynamic Loss: nan | Regularization Loss: nan | Val Loss: nan | Time: 5.21s
2025-08-18 12:53:05,028:INFO:Epoch: 1250/10000 | Train Loss: nan | Dynamic Loss: nan | Regularization Loss: nan | Val Loss: nan | Time: 5.34s
2025-08-18 12:53:10,318:INFO:Epoch: 1300/10000 | Train Loss: nan | Dynamic Loss: nan | Regularization Loss: nan | Val Loss: nan | Time: 5.29s
2025-08-18 12:53:15,539:INFO:Epoch: 1350/10000 | Train Loss: nan | Dynamic Loss: nan | Regularization Loss: nan | Val Loss: nan | Time: 5.22s
2025-08-18 12:53:20,852:INFO:Epoch: 1400/10000 | Train Loss: nan | Dynamic Loss: nan | Regularization Loss: nan | Val Loss: nan | Time: 5.31s
2025-08-18 12:53:26,052:INFO:Epoch: 1450/10000 | Train Loss: nan | Dynamic Loss: nan | Regularization Loss: nan | Val Loss: nan | Time: 5.20s
2025-08-18 12:53:31,770:INFO:Epoch: 1500/10000 | Train Loss: nan | Dynamic Loss: nan | Regularization Loss: nan | Val Loss: nan | Time: 5.72s
2025-08-18 12:53:38,375:INFO:Epoch: 1550/10000 | Train Loss: nan | Dynamic Loss: nan | Regularization Loss: nan | Val Loss: nan | Time: 6.61s
2025-08-18 12:53:43,660:INFO:Epoch: 1600/10000 | Train Loss: nan | Dynamic Loss: nan | Regularization Loss: nan | Val Loss: nan | Time: 5.29s
2025-08-18 12:53:48,909:INFO:Epoch: 1650/10000 | Train Loss: nan | Dynamic Loss: nan | Regularization Loss: nan | Val Loss: nan | Time: 5.25s
2025-08-18 12:53:58,619:INFO:Epoch: 1700/10000 | Train Loss: nan | Dynamic Loss: nan | Regularization Loss: nan | Val Loss: nan | Time: 9.71s
2025-08-18 12:54:03,941:INFO:Epoch: 1750/10000 | Train Loss: nan | Dynamic Loss: nan | Regularization Loss: nan | Val Loss: nan | Time: 5.32s
2025-08-18 12:54:09,166:INFO:Epoch: 1800/10000 | Train Loss: nan | Dynamic Loss: nan | Regularization Loss: nan | Val Loss: nan | Time: 5.22s
2025-08-18 12:54:14,721:INFO:Epoch: 1850/10000 | Train Loss: nan | Dynamic Loss: nan | Regularization Loss: nan | Val Loss: nan | Time: 5.56s
2025-08-18 12:54:19,943:INFO:Epoch: 1900/10000 | Train Loss: nan | Dynamic Loss: nan | Regularization Loss: nan | Val Loss: nan | Time: 5.22s
2025-08-18 12:54:25,316:INFO:Epoch: 1950/10000 | Train Loss: nan | Dynamic Loss: nan | Regularization Loss: nan | Val Loss: nan | Time: 5.37s
2025-08-18 12:54:30,557:INFO:Epoch: 2000/10000 | Train Loss: nan | Dynamic Loss: nan | Regularization Loss: nan | Val Loss: nan | Time: 5.24s
2025-08-18 12:54:35,928:INFO:Epoch: 2050/10000 | Train Loss: nan | Dynamic Loss: nan | Regularization Loss: nan | Val Loss: nan | Time: 5.37s
2025-08-18 12:54:41,871:INFO:Epoch: 2100/10000 | Train Loss: nan | Dynamic Loss: nan | Regularization Loss: nan | Val Loss: nan | Time: 5.94s
2025-08-18 12:54:47,127:INFO:Epoch: 2150/10000 | Train Loss: nan | Dynamic Loss: nan | Regularization Loss: nan | Val Loss: nan | Time: 5.26s
2025-08-18 12:54:52,341:INFO:Epoch: 2200/10000 | Train Loss: nan | Dynamic Loss: nan | Regularization Loss: nan | Val Loss: nan | Time: 5.21s
2025-08-18 12:55:00,895:INFO:Epoch: 2250/10000 | Train Loss: nan | Dynamic Loss: nan | Regularization Loss: nan | Val Loss: nan | Time: 8.55s
2025-08-18 12:55:06,236:INFO:Epoch: 2300/10000 | Train Loss: nan | Dynamic Loss: nan | Regularization Loss: nan | Val Loss: nan | Time: 5.34s
2025-08-18 12:55:11,504:INFO:Epoch: 2350/10000 | Train Loss: nan | Dynamic Loss: nan | Regularization Loss: nan | Val Loss: nan | Time: 5.27s
2025-08-18 12:55:20,834:INFO:Epoch: 2400/10000 | Train Loss: nan | Dynamic Loss: nan | Regularization Loss: nan | Val Loss: nan | Time: 9.33s
2025-08-18 12:55:26,172:INFO:Epoch: 2450/10000 | Train Loss: nan | Dynamic Loss: nan | Regularization Loss: nan | Val Loss: nan | Time: 5.34s
2025-08-18 12:55:31,440:INFO:Epoch: 2500/10000 | Train Loss: nan | Dynamic Loss: nan | Regularization Loss: nan | Val Loss: nan | Time: 5.27s
2025-08-18 12:55:38,020:INFO:Epoch: 2550/10000 | Train Loss: nan | Dynamic Loss: nan | Regularization Loss: nan | Val Loss: nan | Time: 6.58s
2025-08-18 12:55:43,244:INFO:Epoch: 2600/10000 | Train Loss: nan | Dynamic Loss: nan | Regularization Loss: nan | Val Loss: nan | Time: 5.22s
2025-08-18 12:55:48,574:INFO:Epoch: 2650/10000 | Train Loss: nan | Dynamic Loss: nan | Regularization Loss: nan | Val Loss: nan | Time: 5.33s
2025-08-18 12:55:53,831:INFO:Epoch: 2700/10000 | Train Loss: nan | Dynamic Loss: nan | Regularization Loss: nan | Val Loss: nan | Time: 5.26s
2025-08-18 12:55:59,112:INFO:Epoch: 2750/10000 | Train Loss: nan | Dynamic Loss: nan | Regularization Loss: nan | Val Loss: nan | Time: 5.28s
2025-08-18 12:56:07,700:INFO:Epoch: 2800/10000 | Train Loss: nan | Dynamic Loss: nan | Regularization Loss: nan | Val Loss: nan | Time: 8.59s
2025-08-18 12:56:12,938:INFO:Epoch: 2850/10000 | Train Loss: nan | Dynamic Loss: nan | Regularization Loss: nan | Val Loss: nan | Time: 5.24s
2025-08-18 12:56:18,158:INFO:Epoch: 2900/10000 | Train Loss: nan | Dynamic Loss: nan | Regularization Loss: nan | Val Loss: nan | Time: 5.22s
2025-08-18 12:56:26,369:INFO:Epoch: 2950/10000 | Train Loss: nan | Dynamic Loss: nan | Regularization Loss: nan | Val Loss: nan | Time: 8.21s
2025-08-18 12:56:31,648:INFO:Epoch: 3000/10000 | Train Loss: nan | Dynamic Loss: nan | Regularization Loss: nan | Val Loss: nan | Time: 5.28s
2025-08-18 12:56:36,877:INFO:Epoch: 3050/10000 | Train Loss: nan | Dynamic Loss: nan | Regularization Loss: nan | Val Loss: nan | Time: 5.23s
2025-08-18 12:56:43,257:INFO:Epoch: 3100/10000 | Train Loss: nan | Dynamic Loss: nan | Regularization Loss: nan | Val Loss: nan | Time: 6.38s
2025-08-18 12:56:48,518:INFO:Epoch: 3150/10000 | Train Loss: nan | Dynamic Loss: nan | Regularization Loss: nan | Val Loss: nan | Time: 5.26s
2025-08-18 12:56:53,960:INFO:Epoch: 3200/10000 | Train Loss: nan | Dynamic Loss: nan | Regularization Loss: nan | Val Loss: nan | Time: 5.44s
2025-08-18 12:56:59,576:INFO:Epoch: 3250/10000 | Train Loss: nan | Dynamic Loss: nan | Regularization Loss: nan | Val Loss: nan | Time: 5.62s
2025-08-18 12:57:04,827:INFO:Epoch: 3300/10000 | Train Loss: nan | Dynamic Loss: nan | Regularization Loss: nan | Val Loss: nan | Time: 5.25s
2025-08-18 12:57:10,770:INFO:Epoch: 3350/10000 | Train Loss: nan | Dynamic Loss: nan | Regularization Loss: nan | Val Loss: nan | Time: 5.94s
2025-08-18 12:57:16,047:INFO:Epoch: 3400/10000 | Train Loss: nan | Dynamic Loss: nan | Regularization Loss: nan | Val Loss: nan | Time: 5.28s
2025-08-18 12:57:21,456:INFO:Epoch: 3450/10000 | Train Loss: nan | Dynamic Loss: nan | Regularization Loss: nan | Val Loss: nan | Time: 5.41s
2025-08-18 12:57:29,286:INFO:Epoch: 3500/10000 | Train Loss: nan | Dynamic Loss: nan | Regularization Loss: nan | Val Loss: nan | Time: 7.83s
2025-08-18 12:57:34,624:INFO:Epoch: 3550/10000 | Train Loss: nan | Dynamic Loss: nan | Regularization Loss: nan | Val Loss: nan | Time: 5.34s
2025-08-18 12:57:39,919:INFO:Epoch: 3600/10000 | Train Loss: nan | Dynamic Loss: nan | Regularization Loss: nan | Val Loss: nan | Time: 5.30s
2025-08-18 12:57:48,740:INFO:Epoch: 3650/10000 | Train Loss: nan | Dynamic Loss: nan | Regularization Loss: nan | Val Loss: nan | Time: 8.82s
2025-08-18 12:57:54,114:INFO:Epoch: 3700/10000 | Train Loss: nan | Dynamic Loss: nan | Regularization Loss: nan | Val Loss: nan | Time: 5.37s
2025-08-18 12:57:59,362:INFO:Epoch: 3750/10000 | Train Loss: nan | Dynamic Loss: nan | Regularization Loss: nan | Val Loss: nan | Time: 5.25s
2025-08-18 12:58:08,810:INFO:Epoch: 3800/10000 | Train Loss: nan | Dynamic Loss: nan | Regularization Loss: nan | Val Loss: nan | Time: 9.45s
2025-08-18 12:58:14,088:INFO:Epoch: 3850/10000 | Train Loss: nan | Dynamic Loss: nan | Regularization Loss: nan | Val Loss: nan | Time: 5.28s
2025-08-18 12:58:19,346:INFO:Epoch: 3900/10000 | Train Loss: nan | Dynamic Loss: nan | Regularization Loss: nan | Val Loss: nan | Time: 5.26s
2025-08-18 12:58:25,017:INFO:Epoch: 3950/10000 | Train Loss: nan | Dynamic Loss: nan | Regularization Loss: nan | Val Loss: nan | Time: 5.67s
2025-08-18 12:58:30,365:INFO:Epoch: 4000/10000 | Train Loss: nan | Dynamic Loss: nan | Regularization Loss: nan | Val Loss: nan | Time: 5.35s
2025-08-18 12:58:35,742:INFO:Epoch: 4050/10000 | Train Loss: nan | Dynamic Loss: nan | Regularization Loss: nan | Val Loss: nan | Time: 5.38s
2025-08-18 12:58:41,061:INFO:Epoch: 4100/10000 | Train Loss: nan | Dynamic Loss: nan | Regularization Loss: nan | Val Loss: nan | Time: 5.32s
2025-08-18 12:58:46,397:INFO:Epoch: 4150/10000 | Train Loss: nan | Dynamic Loss: nan | Regularization Loss: nan | Val Loss: nan | Time: 5.34s
2025-08-18 12:58:51,806:INFO:Epoch: 4200/10000 | Train Loss: nan | Dynamic Loss: nan | Regularization Loss: nan | Val Loss: nan | Time: 5.41s
2025-08-18 12:58:57,077:INFO:Epoch: 4250/10000 | Train Loss: nan | Dynamic Loss: nan | Regularization Loss: nan | Val Loss: nan | Time: 5.27s
2025-08-18 12:59:02,414:INFO:Epoch: 4300/10000 | Train Loss: nan | Dynamic Loss: nan | Regularization Loss: nan | Val Loss: nan | Time: 5.34s
2025-08-18 12:59:09,576:INFO:Epoch: 4350/10000 | Train Loss: nan | Dynamic Loss: nan | Regularization Loss: nan | Val Loss: nan | Time: 7.16s
2025-08-18 12:59:14,872:INFO:Epoch: 4400/10000 | Train Loss: nan | Dynamic Loss: nan | Regularization Loss: nan | Val Loss: nan | Time: 5.30s
2025-08-18 12:59:20,117:INFO:Epoch: 4450/10000 | Train Loss: nan | Dynamic Loss: nan | Regularization Loss: nan | Val Loss: nan | Time: 5.24s
2025-08-18 12:59:27,657:INFO:Epoch: 4500/10000 | Train Loss: nan | Dynamic Loss: nan | Regularization Loss: nan | Val Loss: nan | Time: 7.54s
2025-08-18 12:59:32,957:INFO:Epoch: 4550/10000 | Train Loss: nan | Dynamic Loss: nan | Regularization Loss: nan | Val Loss: nan | Time: 5.30s
2025-08-18 12:59:38,318:INFO:Epoch: 4600/10000 | Train Loss: nan | Dynamic Loss: nan | Regularization Loss: nan | Val Loss: nan | Time: 5.36s
2025-08-18 12:59:43,626:INFO:Epoch: 4650/10000 | Train Loss: nan | Dynamic Loss: nan | Regularization Loss: nan | Val Loss: nan | Time: 5.31s
2025-08-18 12:59:48,901:INFO:Epoch: 4700/10000 | Train Loss: nan | Dynamic Loss: nan | Regularization Loss: nan | Val Loss: nan | Time: 5.27s
2025-08-18 12:59:55,917:INFO:Epoch: 4750/10000 | Train Loss: nan | Dynamic Loss: nan | Regularization Loss: nan | Val Loss: nan | Time: 7.02s
2025-08-18 13:00:01,268:INFO:Epoch: 4800/10000 | Train Loss: nan | Dynamic Loss: nan | Regularization Loss: nan | Val Loss: nan | Time: 5.35s
2025-08-18 13:00:06,618:INFO:Epoch: 4850/10000 | Train Loss: nan | Dynamic Loss: nan | Regularization Loss: nan | Val Loss: nan | Time: 5.35s
2025-08-18 13:00:15,189:INFO:Epoch: 4900/10000 | Train Loss: nan | Dynamic Loss: nan | Regularization Loss: nan | Val Loss: nan | Time: 8.57s
2025-08-18 13:00:20,464:INFO:Epoch: 4950/10000 | Train Loss: nan | Dynamic Loss: nan | Regularization Loss: nan | Val Loss: nan | Time: 5.27s
2025-08-18 13:00:25,888:INFO:Epoch: 5000/10000 | Train Loss: nan | Dynamic Loss: nan | Regularization Loss: nan | Val Loss: nan | Time: 5.42s
2025-08-18 13:00:33,994:INFO:Epoch: 5050/10000 | Train Loss: nan | Dynamic Loss: nan | Regularization Loss: nan | Val Loss: nan | Time: 8.11s
2025-08-18 13:00:39,278:INFO:Epoch: 5100/10000 | Train Loss: nan | Dynamic Loss: nan | Regularization Loss: nan | Val Loss: nan | Time: 5.28s
2025-08-18 13:00:44,650:INFO:Epoch: 5150/10000 | Train Loss: nan | Dynamic Loss: nan | Regularization Loss: nan | Val Loss: nan | Time: 5.37s
2025-08-18 13:00:49,947:INFO:Epoch: 5200/10000 | Train Loss: nan | Dynamic Loss: nan | Regularization Loss: nan | Val Loss: nan | Time: 5.30s
2025-08-18 13:00:55,208:INFO:Epoch: 5250/10000 | Train Loss: nan | Dynamic Loss: nan | Regularization Loss: nan | Val Loss: nan | Time: 5.26s
2025-08-18 13:01:02,268:INFO:Epoch: 5300/10000 | Train Loss: nan | Dynamic Loss: nan | Regularization Loss: nan | Val Loss: nan | Time: 7.06s
2025-08-18 13:01:07,583:INFO:Epoch: 5350/10000 | Train Loss: nan | Dynamic Loss: nan | Regularization Loss: nan | Val Loss: nan | Time: 5.32s
2025-08-18 13:01:12,866:INFO:Epoch: 5400/10000 | Train Loss: nan | Dynamic Loss: nan | Regularization Loss: nan | Val Loss: nan | Time: 5.28s
2025-08-18 13:01:21,339:INFO:Epoch: 5450/10000 | Train Loss: nan | Dynamic Loss: nan | Regularization Loss: nan | Val Loss: nan | Time: 8.47s
2025-08-18 13:01:26,737:INFO:Epoch: 5500/10000 | Train Loss: nan | Dynamic Loss: nan | Regularization Loss: nan | Val Loss: nan | Time: 5.40s
2025-08-18 13:01:32,151:INFO:Epoch: 5550/10000 | Train Loss: nan | Dynamic Loss: nan | Regularization Loss: nan | Val Loss: nan | Time: 5.41s
2025-08-18 13:01:38,742:INFO:Epoch: 5600/10000 | Train Loss: nan | Dynamic Loss: nan | Regularization Loss: nan | Val Loss: nan | Time: 6.59s
2025-08-18 13:01:44,114:INFO:Epoch: 5650/10000 | Train Loss: nan | Dynamic Loss: nan | Regularization Loss: nan | Val Loss: nan | Time: 5.37s
2025-08-18 13:01:49,458:INFO:Epoch: 5700/10000 | Train Loss: nan | Dynamic Loss: nan | Regularization Loss: nan | Val Loss: nan | Time: 5.34s
2025-08-18 13:01:54,811:INFO:Epoch: 5750/10000 | Train Loss: nan | Dynamic Loss: nan | Regularization Loss: nan | Val Loss: nan | Time: 5.35s
2025-08-18 13:02:00,101:INFO:Epoch: 5800/10000 | Train Loss: nan | Dynamic Loss: nan | Regularization Loss: nan | Val Loss: nan | Time: 5.29s
2025-08-18 13:02:06,630:INFO:Epoch: 5850/10000 | Train Loss: nan | Dynamic Loss: nan | Regularization Loss: nan | Val Loss: nan | Time: 6.53s
2025-08-18 13:02:12,022:INFO:Epoch: 5900/10000 | Train Loss: nan | Dynamic Loss: nan | Regularization Loss: nan | Val Loss: nan | Time: 5.39s
2025-08-18 13:02:17,394:INFO:Epoch: 5950/10000 | Train Loss: nan | Dynamic Loss: nan | Regularization Loss: nan | Val Loss: nan | Time: 5.37s
2025-08-18 13:02:25,782:INFO:Epoch: 6000/10000 | Train Loss: nan | Dynamic Loss: nan | Regularization Loss: nan | Val Loss: nan | Time: 8.39s
2025-08-18 13:02:31,054:INFO:Epoch: 6050/10000 | Train Loss: nan | Dynamic Loss: nan | Regularization Loss: nan | Val Loss: nan | Time: 5.27s
2025-08-18 13:02:36,380:INFO:Epoch: 6100/10000 | Train Loss: nan | Dynamic Loss: nan | Regularization Loss: nan | Val Loss: nan | Time: 5.33s
2025-08-18 13:02:42,989:INFO:Epoch: 6150/10000 | Train Loss: nan | Dynamic Loss: nan | Regularization Loss: nan | Val Loss: nan | Time: 6.61s
2025-08-18 13:02:48,344:INFO:Epoch: 6200/10000 | Train Loss: nan | Dynamic Loss: nan | Regularization Loss: nan | Val Loss: nan | Time: 5.35s
2025-08-18 13:02:53,778:INFO:Epoch: 6250/10000 | Train Loss: nan | Dynamic Loss: nan | Regularization Loss: nan | Val Loss: nan | Time: 5.43s
2025-08-18 13:02:59,109:INFO:Epoch: 6300/10000 | Train Loss: nan | Dynamic Loss: nan | Regularization Loss: nan | Val Loss: nan | Time: 5.33s
2025-08-18 13:03:04,409:INFO:Epoch: 6350/10000 | Train Loss: nan | Dynamic Loss: nan | Regularization Loss: nan | Val Loss: nan | Time: 5.30s
2025-08-18 13:03:10,387:INFO:Epoch: 6400/10000 | Train Loss: nan | Dynamic Loss: nan | Regularization Loss: nan | Val Loss: nan | Time: 5.98s
2025-08-18 13:03:15,764:INFO:Epoch: 6450/10000 | Train Loss: nan | Dynamic Loss: nan | Regularization Loss: nan | Val Loss: nan | Time: 5.38s
2025-08-18 13:03:21,080:INFO:Epoch: 6500/10000 | Train Loss: nan | Dynamic Loss: nan | Regularization Loss: nan | Val Loss: nan | Time: 5.32s
2025-08-18 13:03:28,810:INFO:Epoch: 6550/10000 | Train Loss: nan | Dynamic Loss: nan | Regularization Loss: nan | Val Loss: nan | Time: 7.73s
2025-08-18 13:03:34,097:INFO:Epoch: 6600/10000 | Train Loss: nan | Dynamic Loss: nan | Regularization Loss: nan | Val Loss: nan | Time: 5.29s
2025-08-18 13:03:39,399:INFO:Epoch: 6650/10000 | Train Loss: nan | Dynamic Loss: nan | Regularization Loss: nan | Val Loss: nan | Time: 5.30s
2025-08-18 13:03:47,823:INFO:Epoch: 6700/10000 | Train Loss: nan | Dynamic Loss: nan | Regularization Loss: nan | Val Loss: nan | Time: 8.42s
2025-08-18 13:03:53,159:INFO:Epoch: 6750/10000 | Train Loss: nan | Dynamic Loss: nan | Regularization Loss: nan | Val Loss: nan | Time: 5.34s
2025-08-18 13:03:58,665:INFO:Epoch: 6800/10000 | Train Loss: nan | Dynamic Loss: nan | Regularization Loss: nan | Val Loss: nan | Time: 5.51s
2025-08-18 13:04:09,313:INFO:Epoch: 6850/10000 | Train Loss: nan | Dynamic Loss: nan | Regularization Loss: nan | Val Loss: nan | Time: 10.65s
2025-08-18 13:04:14,682:INFO:Epoch: 6900/10000 | Train Loss: nan | Dynamic Loss: nan | Regularization Loss: nan | Val Loss: nan | Time: 5.37s
2025-08-18 13:04:20,003:INFO:Epoch: 6950/10000 | Train Loss: nan | Dynamic Loss: nan | Regularization Loss: nan | Val Loss: nan | Time: 5.32s
2025-08-18 13:04:26,291:INFO:Epoch: 7000/10000 | Train Loss: nan | Dynamic Loss: nan | Regularization Loss: nan | Val Loss: nan | Time: 6.29s
2025-08-18 13:04:31,556:INFO:Epoch: 7050/10000 | Train Loss: nan | Dynamic Loss: nan | Regularization Loss: nan | Val Loss: nan | Time: 5.27s
2025-08-18 13:04:36,958:INFO:Epoch: 7100/10000 | Train Loss: nan | Dynamic Loss: nan | Regularization Loss: nan | Val Loss: nan | Time: 5.40s
2025-08-18 13:04:42,278:INFO:Epoch: 7150/10000 | Train Loss: nan | Dynamic Loss: nan | Regularization Loss: nan | Val Loss: nan | Time: 5.32s
2025-08-18 13:04:47,710:INFO:Epoch: 7200/10000 | Train Loss: nan | Dynamic Loss: nan | Regularization Loss: nan | Val Loss: nan | Time: 5.43s
2025-08-18 13:04:53,161:INFO:Epoch: 7250/10000 | Train Loss: nan | Dynamic Loss: nan | Regularization Loss: nan | Val Loss: nan | Time: 5.45s
2025-08-18 13:04:58,546:INFO:Epoch: 7300/10000 | Train Loss: nan | Dynamic Loss: nan | Regularization Loss: nan | Val Loss: nan | Time: 5.38s
2025-08-18 13:05:03,835:INFO:Epoch: 7350/10000 | Train Loss: nan | Dynamic Loss: nan | Regularization Loss: nan | Val Loss: nan | Time: 5.29s
2025-08-18 13:05:09,240:INFO:Epoch: 7400/10000 | Train Loss: nan | Dynamic Loss: nan | Regularization Loss: nan | Val Loss: nan | Time: 5.40s
2025-08-18 13:05:14,600:INFO:Epoch: 7450/10000 | Train Loss: nan | Dynamic Loss: nan | Regularization Loss: nan | Val Loss: nan | Time: 5.36s
2025-08-18 13:05:19,949:INFO:Epoch: 7500/10000 | Train Loss: nan | Dynamic Loss: nan | Regularization Loss: nan | Val Loss: nan | Time: 5.35s
2025-08-18 13:05:25,360:INFO:Epoch: 7550/10000 | Train Loss: nan | Dynamic Loss: nan | Regularization Loss: nan | Val Loss: nan | Time: 5.41s
2025-08-18 13:05:30,695:INFO:Epoch: 7600/10000 | Train Loss: nan | Dynamic Loss: nan | Regularization Loss: nan | Val Loss: nan | Time: 5.34s
2025-08-18 13:05:36,085:INFO:Epoch: 7650/10000 | Train Loss: nan | Dynamic Loss: nan | Regularization Loss: nan | Val Loss: nan | Time: 5.39s
2025-08-18 13:05:44,932:INFO:Epoch: 7700/10000 | Train Loss: nan | Dynamic Loss: nan | Regularization Loss: nan | Val Loss: nan | Time: 8.85s
2025-08-18 13:05:50,435:INFO:Epoch: 7750/10000 | Train Loss: nan | Dynamic Loss: nan | Regularization Loss: nan | Val Loss: nan | Time: 5.50s
2025-08-18 13:05:55,771:INFO:Epoch: 7800/10000 | Train Loss: nan | Dynamic Loss: nan | Regularization Loss: nan | Val Loss: nan | Time: 5.34s
2025-08-18 13:06:01,484:INFO:Epoch: 7850/10000 | Train Loss: nan | Dynamic Loss: nan | Regularization Loss: nan | Val Loss: nan | Time: 5.71s
2025-08-18 13:06:06,809:INFO:Epoch: 7900/10000 | Train Loss: nan | Dynamic Loss: nan | Regularization Loss: nan | Val Loss: nan | Time: 5.32s
2025-08-18 13:06:12,193:INFO:Epoch: 7950/10000 | Train Loss: nan | Dynamic Loss: nan | Regularization Loss: nan | Val Loss: nan | Time: 5.38s
2025-08-18 13:06:17,539:INFO:Epoch: 8000/10000 | Train Loss: nan | Dynamic Loss: nan | Regularization Loss: nan | Val Loss: nan | Time: 5.35s
2025-08-18 13:06:22,868:INFO:Epoch: 8050/10000 | Train Loss: nan | Dynamic Loss: nan | Regularization Loss: nan | Val Loss: nan | Time: 5.33s
2025-08-18 13:06:28,317:INFO:Epoch: 8100/10000 | Train Loss: nan | Dynamic Loss: nan | Regularization Loss: nan | Val Loss: nan | Time: 5.45s
2025-08-18 13:06:33,967:INFO:Epoch: 8150/10000 | Train Loss: nan | Dynamic Loss: nan | Regularization Loss: nan | Val Loss: nan | Time: 5.65s
2025-08-18 13:06:39,334:INFO:Epoch: 8200/10000 | Train Loss: nan | Dynamic Loss: nan | Regularization Loss: nan | Val Loss: nan | Time: 5.37s
2025-08-18 13:06:44,822:INFO:Epoch: 8250/10000 | Train Loss: nan | Dynamic Loss: nan | Regularization Loss: nan | Val Loss: nan | Time: 5.49s
2025-08-18 13:06:50,188:INFO:Epoch: 8300/10000 | Train Loss: nan | Dynamic Loss: nan | Regularization Loss: nan | Val Loss: nan | Time: 5.37s
2025-08-18 13:06:55,512:INFO:Epoch: 8350/10000 | Train Loss: nan | Dynamic Loss: nan | Regularization Loss: nan | Val Loss: nan | Time: 5.32s
2025-08-18 13:07:01,033:INFO:Epoch: 8400/10000 | Train Loss: nan | Dynamic Loss: nan | Regularization Loss: nan | Val Loss: nan | Time: 5.52s
2025-08-18 13:07:06,423:INFO:Epoch: 8450/10000 | Train Loss: nan | Dynamic Loss: nan | Regularization Loss: nan | Val Loss: nan | Time: 5.39s
2025-08-18 13:07:11,755:INFO:Epoch: 8500/10000 | Train Loss: nan | Dynamic Loss: nan | Regularization Loss: nan | Val Loss: nan | Time: 5.33s
2025-08-18 13:07:22,766:INFO:Epoch: 8550/10000 | Train Loss: nan | Dynamic Loss: nan | Regularization Loss: nan | Val Loss: nan | Time: 11.01s
2025-08-18 13:07:28,036:INFO:Epoch: 8600/10000 | Train Loss: nan | Dynamic Loss: nan | Regularization Loss: nan | Val Loss: nan | Time: 5.27s
2025-08-18 13:07:33,297:INFO:Epoch: 8650/10000 | Train Loss: nan | Dynamic Loss: nan | Regularization Loss: nan | Val Loss: nan | Time: 5.26s
2025-08-18 13:07:44,686:INFO:Epoch: 8700/10000 | Train Loss: nan | Dynamic Loss: nan | Regularization Loss: nan | Val Loss: nan | Time: 11.39s
2025-08-18 13:07:50,048:INFO:Epoch: 8750/10000 | Train Loss: nan | Dynamic Loss: nan | Regularization Loss: nan | Val Loss: nan | Time: 5.36s
2025-08-18 13:07:55,307:INFO:Epoch: 8800/10000 | Train Loss: nan | Dynamic Loss: nan | Regularization Loss: nan | Val Loss: nan | Time: 5.26s
2025-08-18 13:08:07,543:INFO:Epoch: 8850/10000 | Train Loss: nan | Dynamic Loss: nan | Regularization Loss: nan | Val Loss: nan | Time: 12.24s
2025-08-18 13:08:12,937:INFO:Epoch: 8900/10000 | Train Loss: nan | Dynamic Loss: nan | Regularization Loss: nan | Val Loss: nan | Time: 5.39s
2025-08-18 13:08:18,205:INFO:Epoch: 8950/10000 | Train Loss: nan | Dynamic Loss: nan | Regularization Loss: nan | Val Loss: nan | Time: 5.27s
2025-08-18 13:08:29,419:INFO:Epoch: 9000/10000 | Train Loss: nan | Dynamic Loss: nan | Regularization Loss: nan | Val Loss: nan | Time: 11.21s
2025-08-18 13:08:34,698:INFO:Epoch: 9050/10000 | Train Loss: nan | Dynamic Loss: nan | Regularization Loss: nan | Val Loss: nan | Time: 5.28s
2025-08-18 13:08:40,078:INFO:Epoch: 9100/10000 | Train Loss: nan | Dynamic Loss: nan | Regularization Loss: nan | Val Loss: nan | Time: 5.38s
2025-08-18 13:08:45,370:INFO:Epoch: 9150/10000 | Train Loss: nan | Dynamic Loss: nan | Regularization Loss: nan | Val Loss: nan | Time: 5.29s
2025-08-18 13:08:50,728:INFO:Epoch: 9200/10000 | Train Loss: nan | Dynamic Loss: nan | Regularization Loss: nan | Val Loss: nan | Time: 5.36s
2025-08-18 13:09:02,164:INFO:Epoch: 9250/10000 | Train Loss: nan | Dynamic Loss: nan | Regularization Loss: nan | Val Loss: nan | Time: 11.44s
2025-08-18 13:09:07,495:INFO:Epoch: 9300/10000 | Train Loss: nan | Dynamic Loss: nan | Regularization Loss: nan | Val Loss: nan | Time: 5.33s
2025-08-18 13:09:12,820:INFO:Epoch: 9350/10000 | Train Loss: nan | Dynamic Loss: nan | Regularization Loss: nan | Val Loss: nan | Time: 5.32s
2025-08-18 13:09:18,613:INFO:Epoch: 9400/10000 | Train Loss: nan | Dynamic Loss: nan | Regularization Loss: nan | Val Loss: nan | Time: 5.79s
2025-08-18 13:09:23,968:INFO:Epoch: 9450/10000 | Train Loss: nan | Dynamic Loss: nan | Regularization Loss: nan | Val Loss: nan | Time: 5.35s
2025-08-18 13:09:29,366:INFO:Epoch: 9500/10000 | Train Loss: nan | Dynamic Loss: nan | Regularization Loss: nan | Val Loss: nan | Time: 5.40s
2025-08-18 13:09:34,758:INFO:Epoch: 9550/10000 | Train Loss: nan | Dynamic Loss: nan | Regularization Loss: nan | Val Loss: nan | Time: 5.39s
2025-08-18 13:09:40,117:INFO:Epoch: 9600/10000 | Train Loss: nan | Dynamic Loss: nan | Regularization Loss: nan | Val Loss: nan | Time: 5.36s
2025-08-18 13:09:45,538:INFO:Epoch: 9650/10000 | Train Loss: nan | Dynamic Loss: nan | Regularization Loss: nan | Val Loss: nan | Time: 5.42s
2025-08-18 13:09:50,853:INFO:Epoch: 9700/10000 | Train Loss: nan | Dynamic Loss: nan | Regularization Loss: nan | Val Loss: nan | Time: 5.31s
2025-08-18 13:09:56,177:INFO:Epoch: 9750/10000 | Train Loss: nan | Dynamic Loss: nan | Regularization Loss: nan | Val Loss: nan | Time: 5.32s
2025-08-18 13:10:01,657:INFO:Epoch: 9800/10000 | Train Loss: nan | Dynamic Loss: nan | Regularization Loss: nan | Val Loss: nan | Time: 5.48s
2025-08-18 13:10:07,116:INFO:Epoch: 9850/10000 | Train Loss: nan | Dynamic Loss: nan | Regularization Loss: nan | Val Loss: nan | Time: 5.46s
2025-08-18 13:10:12,411:INFO:Epoch: 9900/10000 | Train Loss: nan | Dynamic Loss: nan | Regularization Loss: nan | Val Loss: nan | Time: 5.29s
2025-08-18 13:10:17,816:INFO:Epoch: 9950/10000 | Train Loss: nan | Dynamic Loss: nan | Regularization Loss: nan | Val Loss: nan | Time: 5.41s
2025-08-18 13:10:23,174:INFO:Epoch: 10000/10000 | Train Loss: nan | Dynamic Loss: nan | Regularization Loss: nan | Val Loss: nan | Time: 5.36s
