2025-08-18 20:42:47,862:INFO:Created DataLoaders with 5994 training samples and 1998 validation samples.
2025-08-18 20:42:49,301:INFO:model params: 526849
2025-08-18 20:42:51,556:INFO:Epoch: 0/10000 | Train Loss: 3.246e+00 | Dynamic Loss: 3.160e+00 | Regularization Loss: 8.646e-02 | Val Loss: 2.160e+00 | Time: 2.25s
2025-08-18 20:42:51,556:INFO:New best model found at epoch 0 with validation loss 2.160e+00. Saving...
2025-08-18 20:42:57,001:INFO:Epoch: 50/10000 | Train Loss: 1.659e+00 | Dynamic Loss: 1.658e+00 | Regularization Loss: 7.539e-04 | Val Loss: 1.685e+00 | Time: 5.42s
2025-08-18 20:42:57,001:INFO:New best model found at epoch 50 with validation loss 1.685e+00. Saving...
2025-08-18 20:43:02,429:INFO:Epoch: 100/10000 | Train Loss: 1.477e+00 | Dynamic Loss: 1.476e+00 | Regularization Loss: 3.066e-04 | Val Loss: 1.506e+00 | Time: 5.42s
2025-08-18 20:43:02,429:INFO:New best model found at epoch 100 with validation loss 1.506e+00. Saving...
2025-08-18 20:43:07,861:INFO:Epoch: 150/10000 | Train Loss: 1.336e+00 | Dynamic Loss: 1.336e+00 | Regularization Loss: 1.723e-04 | Val Loss: 1.376e+00 | Time: 5.42s
2025-08-18 20:43:07,861:INFO:New best model found at epoch 150 with validation loss 1.376e+00. Saving...
2025-08-18 20:43:16,086:INFO:Epoch: 200/10000 | Train Loss: 1.241e+00 | Dynamic Loss: 1.241e+00 | Regularization Loss: 1.123e-04 | Val Loss: 1.281e+00 | Time: 8.21s
2025-08-18 20:43:16,086:INFO:New best model found at epoch 200 with validation loss 1.281e+00. Saving...
2025-08-18 20:43:21,645:INFO:Epoch: 250/10000 | Train Loss: 1.179e+00 | Dynamic Loss: 1.179e+00 | Regularization Loss: 7.966e-05 | Val Loss: 1.221e+00 | Time: 5.55s
2025-08-18 20:43:21,645:INFO:New best model found at epoch 250 with validation loss 1.221e+00. Saving...
2025-08-18 20:43:27,316:INFO:Epoch: 300/10000 | Train Loss: 1.099e+00 | Dynamic Loss: 1.099e+00 | Regularization Loss: 5.974e-05 | Val Loss: 1.154e+00 | Time: 5.66s
2025-08-18 20:43:27,316:INFO:New best model found at epoch 300 with validation loss 1.154e+00. Saving...
2025-08-18 20:43:32,901:INFO:Epoch: 350/10000 | Train Loss: 1.050e+00 | Dynamic Loss: 1.050e+00 | Regularization Loss: 4.655e-05 | Val Loss: 1.087e+00 | Time: 5.58s
2025-08-18 20:43:32,901:INFO:New best model found at epoch 350 with validation loss 1.087e+00. Saving...
2025-08-18 20:43:38,599:INFO:Epoch: 400/10000 | Train Loss: 9.575e-01 | Dynamic Loss: 9.575e-01 | Regularization Loss: 3.733e-05 | Val Loss: 1.030e+00 | Time: 5.69s
2025-08-18 20:43:38,599:INFO:New best model found at epoch 400 with validation loss 1.030e+00. Saving...
2025-08-18 20:43:44,220:INFO:Epoch: 450/10000 | Train Loss: 9.063e-01 | Dynamic Loss: 9.063e-01 | Regularization Loss: 3.059e-05 | Val Loss: 9.694e-01 | Time: 5.61s
2025-08-18 20:43:44,220:INFO:New best model found at epoch 450 with validation loss 9.694e-01. Saving...
2025-08-18 20:43:49,802:INFO:Epoch: 500/10000 | Train Loss: 8.078e-01 | Dynamic Loss: 8.078e-01 | Regularization Loss: 2.550e-05 | Val Loss: 8.971e-01 | Time: 5.57s
2025-08-18 20:43:49,802:INFO:New best model found at epoch 500 with validation loss 8.971e-01. Saving...
2025-08-18 20:44:01,752:INFO:Epoch: 550/10000 | Train Loss: 8.181e-01 | Dynamic Loss: 8.180e-01 | Regularization Loss: 2.155e-05 | Val Loss: 8.842e-01 | Time: 11.94s
2025-08-18 20:44:01,752:INFO:New best model found at epoch 550 with validation loss 8.842e-01. Saving...
2025-08-18 20:44:07,353:INFO:Epoch: 600/10000 | Train Loss: 7.950e-01 | Dynamic Loss: 7.950e-01 | Regularization Loss: 1.842e-05 | Val Loss: 8.404e-01 | Time: 5.59s
2025-08-18 20:44:07,353:INFO:New best model found at epoch 600 with validation loss 8.404e-01. Saving...
2025-08-18 20:44:13,097:INFO:Epoch: 650/10000 | Train Loss: 7.199e-01 | Dynamic Loss: 7.199e-01 | Regularization Loss: 1.590e-05 | Val Loss: 7.953e-01 | Time: 5.74s
2025-08-18 20:44:13,098:INFO:New best model found at epoch 650 with validation loss 7.953e-01. Saving...
2025-08-18 20:44:18,757:INFO:Epoch: 700/10000 | Train Loss: 6.718e-01 | Dynamic Loss: 6.718e-01 | Regularization Loss: 1.384e-05 | Val Loss: 7.498e-01 | Time: 5.65s
2025-08-18 20:44:18,757:INFO:New best model found at epoch 700 with validation loss 7.498e-01. Saving...
2025-08-18 20:44:24,398:INFO:Epoch: 750/10000 | Train Loss: 6.322e-01 | Dynamic Loss: 6.322e-01 | Regularization Loss: 1.212e-05 | Val Loss: 7.159e-01 | Time: 5.63s
2025-08-18 20:44:24,398:INFO:New best model found at epoch 750 with validation loss 7.159e-01. Saving...
2025-08-18 20:44:33,088:INFO:Epoch: 800/10000 | Train Loss: 6.050e-01 | Dynamic Loss: 6.050e-01 | Regularization Loss: 1.068e-05 | Val Loss: 6.913e-01 | Time: 8.68s
2025-08-18 20:44:33,088:INFO:New best model found at epoch 800 with validation loss 6.913e-01. Saving...
2025-08-18 20:44:38,766:INFO:Epoch: 850/10000 | Train Loss: 5.785e-01 | Dynamic Loss: 5.785e-01 | Regularization Loss: 9.462e-06 | Val Loss: 6.609e-01 | Time: 5.67s
2025-08-18 20:44:38,767:INFO:New best model found at epoch 850 with validation loss 6.609e-01. Saving...
2025-08-18 20:44:44,573:INFO:Epoch: 900/10000 | Train Loss: 5.576e-01 | Dynamic Loss: 5.576e-01 | Regularization Loss: 8.420e-06 | Val Loss: 6.432e-01 | Time: 5.80s
2025-08-18 20:44:44,573:INFO:New best model found at epoch 900 with validation loss 6.432e-01. Saving...
2025-08-18 20:44:50,296:INFO:Epoch: 950/10000 | Train Loss: 7.407e-01 | Dynamic Loss: 7.407e-01 | Regularization Loss: 7.522e-06 | Val Loss: 7.009e-01 | Time: 5.71s
2025-08-18 20:44:56,136:INFO:Epoch: 1000/10000 | Train Loss: 5.194e-01 | Dynamic Loss: 5.194e-01 | Regularization Loss: 6.743e-06 | Val Loss: 6.059e-01 | Time: 5.84s
2025-08-18 20:44:56,136:INFO:New best model found at epoch 1000 with validation loss 6.059e-01. Saving...
2025-08-18 20:45:01,883:INFO:Epoch: 1050/10000 | Train Loss: 5.095e-01 | Dynamic Loss: 5.095e-01 | Regularization Loss: 6.064e-06 | Val Loss: 5.942e-01 | Time: 5.74s
2025-08-18 20:45:01,883:INFO:New best model found at epoch 1050 with validation loss 5.942e-01. Saving...
2025-08-18 20:45:07,600:INFO:Epoch: 1100/10000 | Train Loss: 5.148e-01 | Dynamic Loss: 5.148e-01 | Regularization Loss: 5.469e-06 | Val Loss: 5.966e-01 | Time: 5.71s
2025-08-18 20:45:17,734:INFO:Epoch: 1150/10000 | Train Loss: 4.850e-01 | Dynamic Loss: 4.850e-01 | Regularization Loss: 4.944e-06 | Val Loss: 5.709e-01 | Time: 10.13s
2025-08-18 20:45:17,734:INFO:New best model found at epoch 1150 with validation loss 5.709e-01. Saving...
2025-08-18 20:45:23,504:INFO:Epoch: 1200/10000 | Train Loss: 5.691e-01 | Dynamic Loss: 5.691e-01 | Regularization Loss: 4.479e-06 | Val Loss: 5.975e-01 | Time: 5.76s
2025-08-18 20:45:29,338:INFO:Epoch: 1250/10000 | Train Loss: 4.616e-01 | Dynamic Loss: 4.616e-01 | Regularization Loss: 4.067e-06 | Val Loss: 5.532e-01 | Time: 5.83s
2025-08-18 20:45:29,338:INFO:New best model found at epoch 1250 with validation loss 5.532e-01. Saving...
2025-08-18 20:45:35,128:INFO:Epoch: 1300/10000 | Train Loss: 4.333e-01 | Dynamic Loss: 4.333e-01 | Regularization Loss: 3.699e-06 | Val Loss: 5.374e-01 | Time: 5.78s
2025-08-18 20:45:35,128:INFO:New best model found at epoch 1300 with validation loss 5.374e-01. Saving...
2025-08-18 20:45:40,981:INFO:Epoch: 1350/10000 | Train Loss: 4.229e-01 | Dynamic Loss: 4.229e-01 | Regularization Loss: 3.370e-06 | Val Loss: 5.200e-01 | Time: 5.84s
2025-08-18 20:45:40,981:INFO:New best model found at epoch 1350 with validation loss 5.200e-01. Saving...
2025-08-18 20:45:46,771:INFO:Epoch: 1400/10000 | Train Loss: 4.092e-01 | Dynamic Loss: 4.092e-01 | Regularization Loss: 3.075e-06 | Val Loss: 5.082e-01 | Time: 5.78s
2025-08-18 20:45:46,771:INFO:New best model found at epoch 1400 with validation loss 5.082e-01. Saving...
2025-08-18 20:45:52,618:INFO:Epoch: 1450/10000 | Train Loss: 4.179e-01 | Dynamic Loss: 4.179e-01 | Regularization Loss: 2.809e-06 | Val Loss: 5.102e-01 | Time: 5.84s
2025-08-18 20:45:58,306:INFO:Epoch: 1500/10000 | Train Loss: 3.877e-01 | Dynamic Loss: 3.877e-01 | Regularization Loss: 2.570e-06 | Val Loss: 4.886e-01 | Time: 5.69s
2025-08-18 20:45:58,306:INFO:New best model found at epoch 1500 with validation loss 4.886e-01. Saving...
2025-08-18 20:46:04,216:INFO:Epoch: 1550/10000 | Train Loss: 3.781e-01 | Dynamic Loss: 3.781e-01 | Regularization Loss: 2.353e-06 | Val Loss: 4.806e-01 | Time: 5.90s
2025-08-18 20:46:04,216:INFO:New best model found at epoch 1550 with validation loss 4.806e-01. Saving...
2025-08-18 20:46:14,215:INFO:Epoch: 1600/10000 | Train Loss: 4.297e-01 | Dynamic Loss: 4.297e-01 | Regularization Loss: 2.157e-06 | Val Loss: 5.257e-01 | Time: 9.99s
2025-08-18 20:46:19,943:INFO:Epoch: 1650/10000 | Train Loss: 3.619e-01 | Dynamic Loss: 3.619e-01 | Regularization Loss: 1.979e-06 | Val Loss: 4.621e-01 | Time: 5.73s
2025-08-18 20:46:19,943:INFO:New best model found at epoch 1650 with validation loss 4.621e-01. Saving...
2025-08-18 20:46:25,764:INFO:Epoch: 1700/10000 | Train Loss: 3.509e-01 | Dynamic Loss: 3.509e-01 | Regularization Loss: 1.818e-06 | Val Loss: 4.519e-01 | Time: 5.81s
2025-08-18 20:46:25,764:INFO:New best model found at epoch 1700 with validation loss 4.519e-01. Saving...
2025-08-18 20:46:31,524:INFO:Epoch: 1750/10000 | Train Loss: 3.515e-01 | Dynamic Loss: 3.515e-01 | Regularization Loss: 1.671e-06 | Val Loss: 4.499e-01 | Time: 5.75s
2025-08-18 20:46:31,524:INFO:New best model found at epoch 1750 with validation loss 4.499e-01. Saving...
2025-08-18 20:46:37,338:INFO:Epoch: 1800/10000 | Train Loss: 3.365e-01 | Dynamic Loss: 3.365e-01 | Regularization Loss: 1.537e-06 | Val Loss: 4.382e-01 | Time: 5.81s
2025-08-18 20:46:37,338:INFO:New best model found at epoch 1800 with validation loss 4.382e-01. Saving...
2025-08-18 20:46:43,064:INFO:Epoch: 1850/10000 | Train Loss: 3.287e-01 | Dynamic Loss: 3.287e-01 | Regularization Loss: 1.414e-06 | Val Loss: 4.293e-01 | Time: 5.72s
2025-08-18 20:46:43,064:INFO:New best model found at epoch 1850 with validation loss 4.293e-01. Saving...
2025-08-18 20:46:48,767:INFO:Epoch: 1900/10000 | Train Loss: 3.514e-01 | Dynamic Loss: 3.514e-01 | Regularization Loss: 1.303e-06 | Val Loss: 4.413e-01 | Time: 5.69s
2025-08-18 20:47:01,137:INFO:Epoch: 1950/10000 | Train Loss: 3.282e-01 | Dynamic Loss: 3.282e-01 | Regularization Loss: 1.200e-06 | Val Loss: 4.199e-01 | Time: 12.37s
2025-08-18 20:47:01,137:INFO:New best model found at epoch 1950 with validation loss 4.199e-01. Saving...
2025-08-18 20:47:06,879:INFO:Epoch: 2000/10000 | Train Loss: 3.149e-01 | Dynamic Loss: 3.149e-01 | Regularization Loss: 1.107e-06 | Val Loss: 4.092e-01 | Time: 5.73s
2025-08-18 20:47:06,879:INFO:New best model found at epoch 2000 with validation loss 4.092e-01. Saving...
2025-08-18 20:47:14,729:INFO:Epoch: 2050/10000 | Train Loss: 3.046e-01 | Dynamic Loss: 3.046e-01 | Regularization Loss: 1.021e-06 | Val Loss: 4.024e-01 | Time: 7.84s
2025-08-18 20:47:14,729:INFO:New best model found at epoch 2050 with validation loss 4.024e-01. Saving...
2025-08-18 20:47:20,497:INFO:Epoch: 2100/10000 | Train Loss: 3.025e-01 | Dynamic Loss: 3.025e-01 | Regularization Loss: 9.419e-07 | Val Loss: 3.979e-01 | Time: 5.76s
2025-08-18 20:47:20,497:INFO:New best model found at epoch 2100 with validation loss 3.979e-01. Saving...
2025-08-18 20:47:26,255:INFO:Epoch: 2150/10000 | Train Loss: 2.951e-01 | Dynamic Loss: 2.951e-01 | Regularization Loss: 8.695e-07 | Val Loss: 3.888e-01 | Time: 5.75s
2025-08-18 20:47:26,255:INFO:New best model found at epoch 2150 with validation loss 3.888e-01. Saving...
2025-08-18 20:47:31,981:INFO:Epoch: 2200/10000 | Train Loss: 3.088e-01 | Dynamic Loss: 3.088e-01 | Regularization Loss: 8.030e-07 | Val Loss: 3.925e-01 | Time: 5.72s
2025-08-18 20:47:37,788:INFO:Epoch: 2250/10000 | Train Loss: 3.411e-01 | Dynamic Loss: 3.411e-01 | Regularization Loss: 7.418e-07 | Val Loss: 4.359e-01 | Time: 5.81s
2025-08-18 20:47:43,553:INFO:Epoch: 2300/10000 | Train Loss: 4.119e-01 | Dynamic Loss: 4.119e-01 | Regularization Loss: 6.855e-07 | Val Loss: 5.011e-01 | Time: 5.77s
2025-08-18 20:47:49,253:INFO:Epoch: 2350/10000 | Train Loss: 2.908e-01 | Dynamic Loss: 2.908e-01 | Regularization Loss: 6.336e-07 | Val Loss: 3.801e-01 | Time: 5.70s
2025-08-18 20:47:49,253:INFO:New best model found at epoch 2350 with validation loss 3.801e-01. Saving...
2025-08-18 20:48:01,638:INFO:Epoch: 2400/10000 | Train Loss: 2.753e-01 | Dynamic Loss: 2.753e-01 | Regularization Loss: 5.859e-07 | Val Loss: 3.656e-01 | Time: 12.38s
2025-08-18 20:48:01,639:INFO:New best model found at epoch 2400 with validation loss 3.656e-01. Saving...
2025-08-18 20:48:07,510:INFO:Epoch: 2450/10000 | Train Loss: 4.718e-01 | Dynamic Loss: 4.718e-01 | Regularization Loss: 5.418e-07 | Val Loss: 4.909e-01 | Time: 5.86s
2025-08-18 20:48:13,287:INFO:Epoch: 2500/10000 | Train Loss: 2.653e-01 | Dynamic Loss: 2.653e-01 | Regularization Loss: 5.012e-07 | Val Loss: 3.623e-01 | Time: 5.78s
2025-08-18 20:48:13,287:INFO:New best model found at epoch 2500 with validation loss 3.623e-01. Saving...
2025-08-18 20:48:19,025:INFO:Epoch: 2550/10000 | Train Loss: 2.434e-01 | Dynamic Loss: 2.434e-01 | Regularization Loss: 4.638e-07 | Val Loss: 3.458e-01 | Time: 5.73s
2025-08-18 20:48:19,025:INFO:New best model found at epoch 2550 with validation loss 3.458e-01. Saving...
2025-08-18 20:48:24,865:INFO:Epoch: 2600/10000 | Train Loss: 2.384e-01 | Dynamic Loss: 2.384e-01 | Regularization Loss: 4.292e-07 | Val Loss: 3.408e-01 | Time: 5.83s
2025-08-18 20:48:24,865:INFO:New best model found at epoch 2600 with validation loss 3.408e-01. Saving...
2025-08-18 20:48:30,610:INFO:Epoch: 2650/10000 | Train Loss: 2.366e-01 | Dynamic Loss: 2.366e-01 | Regularization Loss: 3.973e-07 | Val Loss: 3.382e-01 | Time: 5.74s
2025-08-18 20:48:30,610:INFO:New best model found at epoch 2650 with validation loss 3.382e-01. Saving...
2025-08-18 20:48:36,367:INFO:Epoch: 2700/10000 | Train Loss: 2.335e-01 | Dynamic Loss: 2.335e-01 | Regularization Loss: 3.678e-07 | Val Loss: 3.318e-01 | Time: 5.75s
2025-08-18 20:48:36,367:INFO:New best model found at epoch 2700 with validation loss 3.318e-01. Saving...
2025-08-18 20:48:47,226:INFO:Epoch: 2750/10000 | Train Loss: 2.022e-01 | Dynamic Loss: 2.022e-01 | Regularization Loss: 3.405e-07 | Val Loss: 3.174e-01 | Time: 10.85s
2025-08-18 20:48:47,226:INFO:New best model found at epoch 2750 with validation loss 3.174e-01. Saving...
2025-08-18 20:48:52,941:INFO:Epoch: 2800/10000 | Train Loss: 2.534e-01 | Dynamic Loss: 2.534e-01 | Regularization Loss: 3.153e-07 | Val Loss: 3.890e-01 | Time: 5.71s
2025-08-18 20:48:58,701:INFO:Epoch: 2850/10000 | Train Loss: 2.659e-01 | Dynamic Loss: 2.659e-01 | Regularization Loss: 2.921e-07 | Val Loss: 3.562e-01 | Time: 5.76s
2025-08-18 20:49:04,502:INFO:Epoch: 2900/10000 | Train Loss: 1.780e-01 | Dynamic Loss: 1.780e-01 | Regularization Loss: 2.705e-07 | Val Loss: 2.899e-01 | Time: 5.80s
2025-08-18 20:49:04,502:INFO:New best model found at epoch 2900 with validation loss 2.899e-01. Saving...
2025-08-18 20:49:10,338:INFO:Epoch: 2950/10000 | Train Loss: 1.889e-01 | Dynamic Loss: 1.889e-01 | Regularization Loss: 2.506e-07 | Val Loss: 2.924e-01 | Time: 5.83s
2025-08-18 20:49:17,986:INFO:Epoch: 3000/10000 | Train Loss: 1.652e-01 | Dynamic Loss: 1.652e-01 | Regularization Loss: 2.322e-07 | Val Loss: 2.780e-01 | Time: 7.65s
2025-08-18 20:49:17,986:INFO:New best model found at epoch 3000 with validation loss 2.780e-01. Saving...
2025-08-18 20:49:23,751:INFO:Epoch: 3050/10000 | Train Loss: 1.674e-01 | Dynamic Loss: 1.674e-01 | Regularization Loss: 2.151e-07 | Val Loss: 2.786e-01 | Time: 5.76s
2025-08-18 20:49:36,288:INFO:Epoch: 3100/10000 | Train Loss: 1.656e-01 | Dynamic Loss: 1.656e-01 | Regularization Loss: 1.994e-07 | Val Loss: 2.786e-01 | Time: 12.54s
2025-08-18 20:49:42,173:INFO:Epoch: 3150/10000 | Train Loss: 1.603e-01 | Dynamic Loss: 1.603e-01 | Regularization Loss: 1.847e-07 | Val Loss: 2.694e-01 | Time: 5.88s
2025-08-18 20:49:42,173:INFO:New best model found at epoch 3150 with validation loss 2.694e-01. Saving...
2025-08-18 20:49:47,984:INFO:Epoch: 3200/10000 | Train Loss: 1.664e-01 | Dynamic Loss: 1.664e-01 | Regularization Loss: 1.712e-07 | Val Loss: 2.824e-01 | Time: 5.80s
2025-08-18 20:49:53,870:INFO:Epoch: 3250/10000 | Train Loss: 1.602e-01 | Dynamic Loss: 1.602e-01 | Regularization Loss: 1.587e-07 | Val Loss: 2.707e-01 | Time: 5.89s
2025-08-18 20:49:59,756:INFO:Epoch: 3300/10000 | Train Loss: 1.510e-01 | Dynamic Loss: 1.510e-01 | Regularization Loss: 1.471e-07 | Val Loss: 2.654e-01 | Time: 5.89s
2025-08-18 20:49:59,756:INFO:New best model found at epoch 3300 with validation loss 2.654e-01. Saving...
2025-08-18 20:50:05,564:INFO:Epoch: 3350/10000 | Train Loss: 1.569e-01 | Dynamic Loss: 1.569e-01 | Regularization Loss: 1.364e-07 | Val Loss: 2.678e-01 | Time: 5.80s
2025-08-18 20:50:11,433:INFO:Epoch: 3400/10000 | Train Loss: 1.638e-01 | Dynamic Loss: 1.638e-01 | Regularization Loss: 1.264e-07 | Val Loss: 2.791e-01 | Time: 5.87s
2025-08-18 20:50:17,201:INFO:Epoch: 3450/10000 | Train Loss: 1.409e-01 | Dynamic Loss: 1.409e-01 | Regularization Loss: 1.172e-07 | Val Loss: 2.549e-01 | Time: 5.77s
2025-08-18 20:50:17,201:INFO:New best model found at epoch 3450 with validation loss 2.549e-01. Saving...
2025-08-18 20:50:23,016:INFO:Epoch: 3500/10000 | Train Loss: 1.495e-01 | Dynamic Loss: 1.495e-01 | Regularization Loss: 1.087e-07 | Val Loss: 2.594e-01 | Time: 5.81s
2025-08-18 20:50:35,537:INFO:Epoch: 3550/10000 | Train Loss: 1.597e-01 | Dynamic Loss: 1.597e-01 | Regularization Loss: 1.008e-07 | Val Loss: 2.874e-01 | Time: 12.52s
2025-08-18 20:50:41,366:INFO:Epoch: 3600/10000 | Train Loss: 1.564e-01 | Dynamic Loss: 1.564e-01 | Regularization Loss: 9.342e-08 | Val Loss: 2.659e-01 | Time: 5.83s
2025-08-18 20:50:51,797:INFO:Epoch: 3650/10000 | Train Loss: 1.324e-01 | Dynamic Loss: 1.324e-01 | Regularization Loss: 8.663e-08 | Val Loss: 2.481e-01 | Time: 10.43s
2025-08-18 20:50:51,797:INFO:New best model found at epoch 3650 with validation loss 2.481e-01. Saving...
2025-08-18 20:50:57,622:INFO:Epoch: 3700/10000 | Train Loss: 1.415e-01 | Dynamic Loss: 1.415e-01 | Regularization Loss: 8.032e-08 | Val Loss: 2.516e-01 | Time: 5.82s
2025-08-18 20:51:10,125:INFO:Epoch: 3750/10000 | Train Loss: 1.316e-01 | Dynamic Loss: 1.316e-01 | Regularization Loss: 7.449e-08 | Val Loss: 2.432e-01 | Time: 12.50s
2025-08-18 20:51:10,125:INFO:New best model found at epoch 3750 with validation loss 2.432e-01. Saving...
2025-08-18 20:51:15,913:INFO:Epoch: 3800/10000 | Train Loss: 1.279e-01 | Dynamic Loss: 1.279e-01 | Regularization Loss: 6.908e-08 | Val Loss: 2.430e-01 | Time: 5.78s
2025-08-18 20:51:15,913:INFO:New best model found at epoch 3800 with validation loss 2.430e-01. Saving...
2025-08-18 20:51:23,174:INFO:Epoch: 3850/10000 | Train Loss: 1.216e-01 | Dynamic Loss: 1.216e-01 | Regularization Loss: 6.406e-08 | Val Loss: 2.375e-01 | Time: 7.25s
2025-08-18 20:51:23,174:INFO:New best model found at epoch 3850 with validation loss 2.375e-01. Saving...
2025-08-18 20:51:29,021:INFO:Epoch: 3900/10000 | Train Loss: 1.288e-01 | Dynamic Loss: 1.288e-01 | Regularization Loss: 5.941e-08 | Val Loss: 2.397e-01 | Time: 5.84s
2025-08-18 20:51:34,870:INFO:Epoch: 3950/10000 | Train Loss: 1.182e-01 | Dynamic Loss: 1.182e-01 | Regularization Loss: 5.510e-08 | Val Loss: 2.368e-01 | Time: 5.85s
2025-08-18 20:51:34,870:INFO:New best model found at epoch 3950 with validation loss 2.368e-01. Saving...
2025-08-18 20:51:40,698:INFO:Epoch: 4000/10000 | Train Loss: 1.299e-01 | Dynamic Loss: 1.299e-01 | Regularization Loss: 5.110e-08 | Val Loss: 2.445e-01 | Time: 5.81s
2025-08-18 20:51:46,568:INFO:Epoch: 4050/10000 | Train Loss: 1.217e-01 | Dynamic Loss: 1.217e-01 | Regularization Loss: 4.740e-08 | Val Loss: 2.331e-01 | Time: 5.87s
2025-08-18 20:51:46,568:INFO:New best model found at epoch 4050 with validation loss 2.331e-01. Saving...
2025-08-18 20:51:52,379:INFO:Epoch: 4100/10000 | Train Loss: 1.261e-01 | Dynamic Loss: 1.261e-01 | Regularization Loss: 4.396e-08 | Val Loss: 2.456e-01 | Time: 5.80s
2025-08-18 20:51:58,225:INFO:Epoch: 4150/10000 | Train Loss: 1.103e-01 | Dynamic Loss: 1.103e-01 | Regularization Loss: 4.078e-08 | Val Loss: 2.278e-01 | Time: 5.85s
2025-08-18 20:51:58,225:INFO:New best model found at epoch 4150 with validation loss 2.278e-01. Saving...
2025-08-18 20:52:04,068:INFO:Epoch: 4200/10000 | Train Loss: 1.099e-01 | Dynamic Loss: 1.099e-01 | Regularization Loss: 3.782e-08 | Val Loss: 2.247e-01 | Time: 5.83s
2025-08-18 20:52:04,068:INFO:New best model found at epoch 4200 with validation loss 2.247e-01. Saving...
2025-08-18 20:52:09,850:INFO:Epoch: 4250/10000 | Train Loss: 1.117e-01 | Dynamic Loss: 1.117e-01 | Regularization Loss: 3.508e-08 | Val Loss: 2.279e-01 | Time: 5.77s
2025-08-18 20:52:22,630:INFO:Epoch: 4300/10000 | Train Loss: 1.046e-01 | Dynamic Loss: 1.046e-01 | Regularization Loss: 3.254e-08 | Val Loss: 2.228e-01 | Time: 12.78s
2025-08-18 20:52:22,630:INFO:New best model found at epoch 4300 with validation loss 2.228e-01. Saving...
2025-08-18 20:52:28,439:INFO:Epoch: 4350/10000 | Train Loss: 1.171e-01 | Dynamic Loss: 1.171e-01 | Regularization Loss: 3.018e-08 | Val Loss: 2.413e-01 | Time: 5.80s
2025-08-18 20:52:35,651:INFO:Epoch: 4400/10000 | Train Loss: 1.076e-01 | Dynamic Loss: 1.076e-01 | Regularization Loss: 2.800e-08 | Val Loss: 2.230e-01 | Time: 7.21s
2025-08-18 20:52:41,443:INFO:Epoch: 4450/10000 | Train Loss: 1.103e-01 | Dynamic Loss: 1.103e-01 | Regularization Loss: 2.597e-08 | Val Loss: 2.292e-01 | Time: 5.79s
2025-08-18 20:52:50,336:INFO:Epoch: 4500/10000 | Train Loss: 1.024e-01 | Dynamic Loss: 1.024e-01 | Regularization Loss: 2.409e-08 | Val Loss: 2.170e-01 | Time: 8.89s
2025-08-18 20:52:50,336:INFO:New best model found at epoch 4500 with validation loss 2.170e-01. Saving...
2025-08-18 20:52:56,163:INFO:Epoch: 4550/10000 | Train Loss: 1.062e-01 | Dynamic Loss: 1.062e-01 | Regularization Loss: 2.235e-08 | Val Loss: 2.226e-01 | Time: 5.82s
2025-08-18 20:53:01,990:INFO:Epoch: 4600/10000 | Train Loss: 1.001e-01 | Dynamic Loss: 1.001e-01 | Regularization Loss: 2.073e-08 | Val Loss: 2.178e-01 | Time: 5.83s
2025-08-18 20:53:07,789:INFO:Epoch: 4650/10000 | Train Loss: 1.017e-01 | Dynamic Loss: 1.017e-01 | Regularization Loss: 1.923e-08 | Val Loss: 2.190e-01 | Time: 5.80s
2025-08-18 20:53:16,407:INFO:Epoch: 4700/10000 | Train Loss: 1.034e-01 | Dynamic Loss: 1.034e-01 | Regularization Loss: 1.784e-08 | Val Loss: 2.192e-01 | Time: 8.62s
2025-08-18 20:53:22,266:INFO:Epoch: 4750/10000 | Train Loss: 1.048e-01 | Dynamic Loss: 1.048e-01 | Regularization Loss: 1.655e-08 | Val Loss: 2.283e-01 | Time: 5.86s
2025-08-18 20:53:31,362:INFO:Epoch: 4800/10000 | Train Loss: 9.231e-02 | Dynamic Loss: 9.231e-02 | Regularization Loss: 1.535e-08 | Val Loss: 2.120e-01 | Time: 9.10s
2025-08-18 20:53:31,362:INFO:New best model found at epoch 4800 with validation loss 2.120e-01. Saving...
2025-08-18 20:53:37,293:INFO:Epoch: 4850/10000 | Train Loss: 9.134e-02 | Dynamic Loss: 9.134e-02 | Regularization Loss: 1.424e-08 | Val Loss: 2.122e-01 | Time: 5.92s
2025-08-18 20:53:43,249:INFO:Epoch: 4900/10000 | Train Loss: 9.700e-02 | Dynamic Loss: 9.700e-02 | Regularization Loss: 1.322e-08 | Val Loss: 2.150e-01 | Time: 5.96s
2025-08-18 20:53:49,151:INFO:Epoch: 4950/10000 | Train Loss: 9.476e-02 | Dynamic Loss: 9.476e-02 | Regularization Loss: 1.226e-08 | Val Loss: 2.132e-01 | Time: 5.90s
2025-08-18 20:53:55,097:INFO:Epoch: 5000/10000 | Train Loss: 9.647e-02 | Dynamic Loss: 9.647e-02 | Regularization Loss: 1.138e-08 | Val Loss: 2.188e-01 | Time: 5.95s
2025-08-18 20:54:00,938:INFO:Epoch: 5050/10000 | Train Loss: 1.263e-01 | Dynamic Loss: 1.263e-01 | Regularization Loss: 1.055e-08 | Val Loss: 2.325e-01 | Time: 5.84s
2025-08-18 20:54:06,752:INFO:Epoch: 5100/10000 | Train Loss: 8.683e-02 | Dynamic Loss: 8.683e-02 | Regularization Loss: 9.792e-09 | Val Loss: 2.100e-01 | Time: 5.81s
2025-08-18 20:54:06,752:INFO:New best model found at epoch 5100 with validation loss 2.100e-01. Saving...
2025-08-18 20:54:18,295:INFO:Epoch: 5150/10000 | Train Loss: 8.330e-02 | Dynamic Loss: 8.330e-02 | Regularization Loss: 9.085e-09 | Val Loss: 2.071e-01 | Time: 11.53s
2025-08-18 20:54:18,296:INFO:New best model found at epoch 5150 with validation loss 2.071e-01. Saving...
2025-08-18 20:54:24,146:INFO:Epoch: 5200/10000 | Train Loss: 1.135e-01 | Dynamic Loss: 1.135e-01 | Regularization Loss: 8.428e-09 | Val Loss: 2.437e-01 | Time: 5.84s
2025-08-18 20:54:30,008:INFO:Epoch: 5250/10000 | Train Loss: 8.411e-02 | Dynamic Loss: 8.411e-02 | Regularization Loss: 7.820e-09 | Val Loss: 2.088e-01 | Time: 5.86s
2025-08-18 20:54:35,902:INFO:Epoch: 5300/10000 | Train Loss: 9.504e-02 | Dynamic Loss: 9.504e-02 | Regularization Loss: 7.255e-09 | Val Loss: 2.169e-01 | Time: 5.89s
2025-08-18 20:54:41,856:INFO:Epoch: 5350/10000 | Train Loss: 9.775e-02 | Dynamic Loss: 9.775e-02 | Regularization Loss: 6.731e-09 | Val Loss: 2.350e-01 | Time: 5.95s
2025-08-18 20:54:47,760:INFO:Epoch: 5400/10000 | Train Loss: 1.001e-01 | Dynamic Loss: 1.001e-01 | Regularization Loss: 6.245e-09 | Val Loss: 2.248e-01 | Time: 5.90s
2025-08-18 20:54:53,813:INFO:Epoch: 5450/10000 | Train Loss: 7.981e-02 | Dynamic Loss: 7.981e-02 | Regularization Loss: 5.794e-09 | Val Loss: 2.093e-01 | Time: 6.05s
2025-08-18 20:54:59,630:INFO:Epoch: 5500/10000 | Train Loss: 7.673e-02 | Dynamic Loss: 7.673e-02 | Regularization Loss: 5.376e-09 | Val Loss: 2.041e-01 | Time: 5.82s
2025-08-18 20:54:59,630:INFO:New best model found at epoch 5500 with validation loss 2.041e-01. Saving...
2025-08-18 20:55:05,460:INFO:Epoch: 5550/10000 | Train Loss: 7.451e-02 | Dynamic Loss: 7.451e-02 | Regularization Loss: 4.988e-09 | Val Loss: 2.029e-01 | Time: 5.82s
2025-08-18 20:55:05,461:INFO:New best model found at epoch 5550 with validation loss 2.029e-01. Saving...
2025-08-18 20:55:17,726:INFO:Epoch: 5600/10000 | Train Loss: 8.152e-02 | Dynamic Loss: 8.152e-02 | Regularization Loss: 4.630e-09 | Val Loss: 2.089e-01 | Time: 12.26s
2025-08-18 20:55:23,597:INFO:Epoch: 5650/10000 | Train Loss: 7.567e-02 | Dynamic Loss: 7.567e-02 | Regularization Loss: 4.296e-09 | Val Loss: 2.046e-01 | Time: 5.87s
2025-08-18 20:55:29,474:INFO:Epoch: 5700/10000 | Train Loss: 7.649e-02 | Dynamic Loss: 7.649e-02 | Regularization Loss: 3.987e-09 | Val Loss: 2.073e-01 | Time: 5.88s
2025-08-18 20:55:35,374:INFO:Epoch: 5750/10000 | Train Loss: 7.559e-02 | Dynamic Loss: 7.559e-02 | Regularization Loss: 3.700e-09 | Val Loss: 2.121e-01 | Time: 5.90s
2025-08-18 20:55:42,284:INFO:Epoch: 5800/10000 | Train Loss: 7.601e-02 | Dynamic Loss: 7.601e-02 | Regularization Loss: 3.434e-09 | Val Loss: 2.016e-01 | Time: 6.91s
2025-08-18 20:55:42,284:INFO:New best model found at epoch 5800 with validation loss 2.016e-01. Saving...
2025-08-18 20:55:48,215:INFO:Epoch: 5850/10000 | Train Loss: 7.289e-02 | Dynamic Loss: 7.289e-02 | Regularization Loss: 3.187e-09 | Val Loss: 2.014e-01 | Time: 5.92s
2025-08-18 20:55:48,215:INFO:New best model found at epoch 5850 with validation loss 2.014e-01. Saving...
2025-08-18 20:55:54,154:INFO:Epoch: 5900/10000 | Train Loss: 6.802e-02 | Dynamic Loss: 6.802e-02 | Regularization Loss: 2.958e-09 | Val Loss: 2.004e-01 | Time: 5.93s
2025-08-18 20:55:54,154:INFO:New best model found at epoch 5900 with validation loss 2.004e-01. Saving...
2025-08-18 20:56:00,086:INFO:Epoch: 5950/10000 | Train Loss: 1.423e-01 | Dynamic Loss: 1.423e-01 | Regularization Loss: 2.745e-09 | Val Loss: 2.226e-01 | Time: 5.92s
2025-08-18 20:56:06,055:INFO:Epoch: 6000/10000 | Train Loss: 7.201e-02 | Dynamic Loss: 7.201e-02 | Regularization Loss: 2.547e-09 | Val Loss: 2.002e-01 | Time: 5.97s
2025-08-18 20:56:06,055:INFO:New best model found at epoch 6000 with validation loss 2.002e-01. Saving...
2025-08-18 20:56:11,780:INFO:Epoch: 6050/10000 | Train Loss: 7.301e-02 | Dynamic Loss: 7.301e-02 | Regularization Loss: 2.364e-09 | Val Loss: 2.017e-01 | Time: 5.72s
2025-08-18 20:56:17,440:INFO:Epoch: 6100/10000 | Train Loss: 6.242e-02 | Dynamic Loss: 6.242e-02 | Regularization Loss: 2.194e-09 | Val Loss: 1.949e-01 | Time: 5.66s
2025-08-18 20:56:17,440:INFO:New best model found at epoch 6100 with validation loss 1.949e-01. Saving...
2025-08-18 20:56:23,152:INFO:Epoch: 6150/10000 | Train Loss: 6.610e-02 | Dynamic Loss: 6.610e-02 | Regularization Loss: 2.037e-09 | Val Loss: 2.003e-01 | Time: 5.70s
2025-08-18 20:56:30,760:INFO:Epoch: 6200/10000 | Train Loss: 6.134e-02 | Dynamic Loss: 6.134e-02 | Regularization Loss: 1.891e-09 | Val Loss: 1.936e-01 | Time: 7.61s
2025-08-18 20:56:30,760:INFO:New best model found at epoch 6200 with validation loss 1.936e-01. Saving...
2025-08-18 20:56:36,408:INFO:Epoch: 6250/10000 | Train Loss: 6.456e-02 | Dynamic Loss: 6.456e-02 | Regularization Loss: 1.756e-09 | Val Loss: 1.976e-01 | Time: 5.64s
2025-08-18 20:56:42,196:INFO:Epoch: 6300/10000 | Train Loss: 5.907e-02 | Dynamic Loss: 5.907e-02 | Regularization Loss: 1.630e-09 | Val Loss: 1.933e-01 | Time: 5.79s
2025-08-18 20:56:42,197:INFO:New best model found at epoch 6300 with validation loss 1.933e-01. Saving...
2025-08-18 20:56:47,869:INFO:Epoch: 6350/10000 | Train Loss: 6.098e-02 | Dynamic Loss: 6.098e-02 | Regularization Loss: 1.513e-09 | Val Loss: 1.951e-01 | Time: 5.66s
2025-08-18 20:56:53,554:INFO:Epoch: 6400/10000 | Train Loss: 1.061e-01 | Dynamic Loss: 1.061e-01 | Regularization Loss: 1.405e-09 | Val Loss: 2.130e-01 | Time: 5.68s
2025-08-18 20:56:59,322:INFO:Epoch: 6450/10000 | Train Loss: 6.998e-02 | Dynamic Loss: 6.998e-02 | Regularization Loss: 1.304e-09 | Val Loss: 1.965e-01 | Time: 5.77s
2025-08-18 20:57:04,984:INFO:Epoch: 6500/10000 | Train Loss: 6.213e-02 | Dynamic Loss: 6.213e-02 | Regularization Loss: 1.211e-09 | Val Loss: 1.961e-01 | Time: 5.66s
2025-08-18 20:57:10,684:INFO:Epoch: 6550/10000 | Train Loss: 6.529e-02 | Dynamic Loss: 6.529e-02 | Regularization Loss: 1.125e-09 | Val Loss: 1.948e-01 | Time: 5.70s
2025-08-18 20:57:16,541:INFO:Epoch: 6600/10000 | Train Loss: 5.328e-02 | Dynamic Loss: 5.328e-02 | Regularization Loss: 1.045e-09 | Val Loss: 1.879e-01 | Time: 5.86s
2025-08-18 20:57:16,541:INFO:New best model found at epoch 6600 with validation loss 1.879e-01. Saving...
2025-08-18 20:57:22,233:INFO:Epoch: 6650/10000 | Train Loss: 5.651e-02 | Dynamic Loss: 5.651e-02 | Regularization Loss: 9.703e-10 | Val Loss: 1.909e-01 | Time: 5.68s
2025-08-18 20:57:27,951:INFO:Epoch: 6700/10000 | Train Loss: 5.438e-02 | Dynamic Loss: 5.438e-02 | Regularization Loss: 9.013e-10 | Val Loss: 1.915e-01 | Time: 5.72s
2025-08-18 20:57:33,665:INFO:Epoch: 6750/10000 | Train Loss: 5.685e-02 | Dynamic Loss: 5.685e-02 | Regularization Loss: 8.373e-10 | Val Loss: 1.905e-01 | Time: 5.71s
2025-08-18 20:57:39,318:INFO:Epoch: 6800/10000 | Train Loss: 1.145e-01 | Dynamic Loss: 1.145e-01 | Regularization Loss: 7.780e-10 | Val Loss: 2.480e-01 | Time: 5.65s
2025-08-18 20:57:44,984:INFO:Epoch: 6850/10000 | Train Loss: 6.200e-02 | Dynamic Loss: 6.200e-02 | Regularization Loss: 7.228e-10 | Val Loss: 1.938e-01 | Time: 5.67s
2025-08-18 20:57:50,741:INFO:Epoch: 6900/10000 | Train Loss: 5.965e-02 | Dynamic Loss: 5.965e-02 | Regularization Loss: 6.718e-10 | Val Loss: 1.979e-01 | Time: 5.76s
2025-08-18 20:57:56,442:INFO:Epoch: 6950/10000 | Train Loss: 5.116e-02 | Dynamic Loss: 5.116e-02 | Regularization Loss: 6.243e-10 | Val Loss: 1.865e-01 | Time: 5.70s
2025-08-18 20:57:56,442:INFO:New best model found at epoch 6950 with validation loss 1.865e-01. Saving...
2025-08-18 20:58:02,122:INFO:Epoch: 7000/10000 | Train Loss: 5.241e-02 | Dynamic Loss: 5.241e-02 | Regularization Loss: 5.804e-10 | Val Loss: 1.868e-01 | Time: 5.67s
2025-08-18 20:58:07,809:INFO:Epoch: 7050/10000 | Train Loss: 4.860e-02 | Dynamic Loss: 4.860e-02 | Regularization Loss: 5.395e-10 | Val Loss: 1.845e-01 | Time: 5.69s
2025-08-18 20:58:07,809:INFO:New best model found at epoch 7050 with validation loss 1.845e-01. Saving...
2025-08-18 20:58:19,465:INFO:Epoch: 7100/10000 | Train Loss: 4.891e-02 | Dynamic Loss: 4.891e-02 | Regularization Loss: 5.017e-10 | Val Loss: 1.845e-01 | Time: 11.65s
2025-08-18 20:58:19,466:INFO:New best model found at epoch 7100 with validation loss 1.845e-01. Saving...
2025-08-18 20:58:25,122:INFO:Epoch: 7150/10000 | Train Loss: 5.291e-02 | Dynamic Loss: 5.291e-02 | Regularization Loss: 4.666e-10 | Val Loss: 1.844e-01 | Time: 5.65s
2025-08-18 20:58:25,123:INFO:New best model found at epoch 7150 with validation loss 1.844e-01. Saving...
2025-08-18 20:58:30,763:INFO:Epoch: 7200/10000 | Train Loss: 5.936e-02 | Dynamic Loss: 5.936e-02 | Regularization Loss: 4.340e-10 | Val Loss: 1.980e-01 | Time: 5.63s
2025-08-18 20:58:43,041:INFO:Epoch: 7250/10000 | Train Loss: 5.372e-02 | Dynamic Loss: 5.372e-02 | Regularization Loss: 4.038e-10 | Val Loss: 1.907e-01 | Time: 12.28s
2025-08-18 20:58:48,711:INFO:Epoch: 7300/10000 | Train Loss: 4.777e-02 | Dynamic Loss: 4.777e-02 | Regularization Loss: 3.757e-10 | Val Loss: 1.849e-01 | Time: 5.67s
2025-08-18 20:58:54,439:INFO:Epoch: 7350/10000 | Train Loss: 4.778e-02 | Dynamic Loss: 4.778e-02 | Regularization Loss: 3.497e-10 | Val Loss: 1.837e-01 | Time: 5.73s
2025-08-18 20:58:54,439:INFO:New best model found at epoch 7350 with validation loss 1.837e-01. Saving...
2025-08-18 20:59:00,742:INFO:Epoch: 7400/10000 | Train Loss: 4.704e-02 | Dynamic Loss: 4.704e-02 | Regularization Loss: 3.255e-10 | Val Loss: 1.850e-01 | Time: 6.29s
2025-08-18 20:59:06,408:INFO:Epoch: 7450/10000 | Train Loss: 5.680e-02 | Dynamic Loss: 5.680e-02 | Regularization Loss: 3.031e-10 | Val Loss: 1.940e-01 | Time: 5.67s
2025-08-18 20:59:12,065:INFO:Epoch: 7500/10000 | Train Loss: 5.454e-02 | Dynamic Loss: 5.454e-02 | Regularization Loss: 2.824e-10 | Val Loss: 1.931e-01 | Time: 5.66s
2025-08-18 20:59:21,568:INFO:Epoch: 7550/10000 | Train Loss: 5.936e-02 | Dynamic Loss: 5.936e-02 | Regularization Loss: 2.631e-10 | Val Loss: 1.880e-01 | Time: 9.50s
2025-08-18 20:59:27,316:INFO:Epoch: 7600/10000 | Train Loss: 8.549e-02 | Dynamic Loss: 8.549e-02 | Regularization Loss: 2.452e-10 | Val Loss: 1.994e-01 | Time: 5.75s
2025-08-18 20:59:33,019:INFO:Epoch: 7650/10000 | Train Loss: 6.545e-02 | Dynamic Loss: 6.545e-02 | Regularization Loss: 2.286e-10 | Val Loss: 1.980e-01 | Time: 5.70s
2025-08-18 20:59:38,764:INFO:Epoch: 7700/10000 | Train Loss: 4.787e-02 | Dynamic Loss: 4.787e-02 | Regularization Loss: 2.132e-10 | Val Loss: 1.885e-01 | Time: 5.75s
2025-08-18 20:59:44,470:INFO:Epoch: 7750/10000 | Train Loss: 4.179e-02 | Dynamic Loss: 4.179e-02 | Regularization Loss: 1.989e-10 | Val Loss: 1.820e-01 | Time: 5.71s
2025-08-18 20:59:44,470:INFO:New best model found at epoch 7750 with validation loss 1.820e-01. Saving...
2025-08-18 20:59:50,195:INFO:Epoch: 7800/10000 | Train Loss: 4.938e-02 | Dynamic Loss: 4.938e-02 | Regularization Loss: 1.856e-10 | Val Loss: 1.858e-01 | Time: 5.72s
2025-08-18 20:59:55,945:INFO:Epoch: 7850/10000 | Train Loss: 4.865e-02 | Dynamic Loss: 4.865e-02 | Regularization Loss: 1.733e-10 | Val Loss: 1.872e-01 | Time: 5.75s
2025-08-18 21:00:01,611:INFO:Epoch: 7900/10000 | Train Loss: 4.792e-02 | Dynamic Loss: 4.792e-02 | Regularization Loss: 1.619e-10 | Val Loss: 1.829e-01 | Time: 5.67s
2025-08-18 21:00:07,355:INFO:Epoch: 7950/10000 | Train Loss: 6.118e-02 | Dynamic Loss: 6.118e-02 | Regularization Loss: 1.513e-10 | Val Loss: 2.061e-01 | Time: 5.74s
2025-08-18 21:00:13,063:INFO:Epoch: 8000/10000 | Train Loss: 4.714e-02 | Dynamic Loss: 4.714e-02 | Regularization Loss: 1.414e-10 | Val Loss: 1.904e-01 | Time: 5.71s
2025-08-18 21:00:18,822:INFO:Epoch: 8050/10000 | Train Loss: 4.492e-02 | Dynamic Loss: 4.492e-02 | Regularization Loss: 1.323e-10 | Val Loss: 1.827e-01 | Time: 5.76s
2025-08-18 21:00:24,500:INFO:Epoch: 8100/10000 | Train Loss: 3.864e-02 | Dynamic Loss: 3.864e-02 | Regularization Loss: 1.238e-10 | Val Loss: 1.802e-01 | Time: 5.68s
2025-08-18 21:00:24,500:INFO:New best model found at epoch 8100 with validation loss 1.802e-01. Saving...
2025-08-18 21:00:34,311:INFO:Epoch: 8150/10000 | Train Loss: 4.344e-02 | Dynamic Loss: 4.344e-02 | Regularization Loss: 1.159e-10 | Val Loss: 1.831e-01 | Time: 9.80s
2025-08-18 21:00:40,040:INFO:Epoch: 8200/10000 | Train Loss: 4.035e-02 | Dynamic Loss: 4.035e-02 | Regularization Loss: 1.086e-10 | Val Loss: 1.794e-01 | Time: 5.73s
2025-08-18 21:00:40,040:INFO:New best model found at epoch 8200 with validation loss 1.794e-01. Saving...
2025-08-18 21:00:45,750:INFO:Epoch: 8250/10000 | Train Loss: 4.686e-02 | Dynamic Loss: 4.686e-02 | Regularization Loss: 1.018e-10 | Val Loss: 1.871e-01 | Time: 5.70s
2025-08-18 21:00:52,914:INFO:Epoch: 8300/10000 | Train Loss: 4.047e-02 | Dynamic Loss: 4.047e-02 | Regularization Loss: 9.552e-11 | Val Loss: 1.809e-01 | Time: 7.16s
2025-08-18 21:00:58,696:INFO:Epoch: 8350/10000 | Train Loss: 4.120e-02 | Dynamic Loss: 4.120e-02 | Regularization Loss: 8.966e-11 | Val Loss: 1.833e-01 | Time: 5.78s
2025-08-18 21:01:04,365:INFO:Epoch: 8400/10000 | Train Loss: 4.438e-02 | Dynamic Loss: 4.438e-02 | Regularization Loss: 8.422e-11 | Val Loss: 1.843e-01 | Time: 5.67s
2025-08-18 21:01:12,072:INFO:Epoch: 8450/10000 | Train Loss: 3.824e-02 | Dynamic Loss: 3.824e-02 | Regularization Loss: 7.917e-11 | Val Loss: 1.803e-01 | Time: 7.71s
2025-08-18 21:01:17,744:INFO:Epoch: 8500/10000 | Train Loss: 4.681e-02 | Dynamic Loss: 4.681e-02 | Regularization Loss: 7.447e-11 | Val Loss: 1.821e-01 | Time: 5.67s
2025-08-18 21:01:23,442:INFO:Epoch: 8550/10000 | Train Loss: 3.812e-02 | Dynamic Loss: 3.812e-02 | Regularization Loss: 7.010e-11 | Val Loss: 1.787e-01 | Time: 5.70s
2025-08-18 21:01:23,442:INFO:New best model found at epoch 8550 with validation loss 1.787e-01. Saving...
2025-08-18 21:01:29,180:INFO:Epoch: 8600/10000 | Train Loss: 5.125e-02 | Dynamic Loss: 5.125e-02 | Regularization Loss: 6.604e-11 | Val Loss: 1.846e-01 | Time: 5.73s
2025-08-18 21:01:34,832:INFO:Epoch: 8650/10000 | Train Loss: 4.355e-02 | Dynamic Loss: 4.355e-02 | Regularization Loss: 6.227e-11 | Val Loss: 1.911e-01 | Time: 5.65s
2025-08-18 21:01:40,499:INFO:Epoch: 8700/10000 | Train Loss: 3.473e-02 | Dynamic Loss: 3.473e-02 | Regularization Loss: 5.876e-11 | Val Loss: 1.775e-01 | Time: 5.67s
2025-08-18 21:01:40,500:INFO:New best model found at epoch 8700 with validation loss 1.775e-01. Saving...
2025-08-18 21:01:46,257:INFO:Epoch: 8750/10000 | Train Loss: 5.636e-02 | Dynamic Loss: 5.636e-02 | Regularization Loss: 5.549e-11 | Val Loss: 1.917e-01 | Time: 5.75s
2025-08-18 21:01:51,911:INFO:Epoch: 8800/10000 | Train Loss: 4.000e-02 | Dynamic Loss: 4.000e-02 | Regularization Loss: 5.245e-11 | Val Loss: 1.838e-01 | Time: 5.65s
2025-08-18 21:01:57,537:INFO:Epoch: 8850/10000 | Train Loss: 4.608e-02 | Dynamic Loss: 4.608e-02 | Regularization Loss: 4.962e-11 | Val Loss: 1.893e-01 | Time: 5.63s
2025-08-18 21:02:03,239:INFO:Epoch: 8900/10000 | Train Loss: 3.480e-02 | Dynamic Loss: 3.480e-02 | Regularization Loss: 4.698e-11 | Val Loss: 1.764e-01 | Time: 5.70s
2025-08-18 21:02:03,239:INFO:New best model found at epoch 8900 with validation loss 1.764e-01. Saving...
2025-08-18 21:02:08,933:INFO:Epoch: 8950/10000 | Train Loss: 3.911e-02 | Dynamic Loss: 3.911e-02 | Regularization Loss: 4.452e-11 | Val Loss: 1.806e-01 | Time: 5.68s
2025-08-18 21:02:14,594:INFO:Epoch: 9000/10000 | Train Loss: 3.578e-02 | Dynamic Loss: 3.578e-02 | Regularization Loss: 4.223e-11 | Val Loss: 1.775e-01 | Time: 5.66s
2025-08-18 21:02:20,249:INFO:Epoch: 9050/10000 | Train Loss: 3.164e-02 | Dynamic Loss: 3.164e-02 | Regularization Loss: 4.010e-11 | Val Loss: 1.755e-01 | Time: 5.65s
2025-08-18 21:02:20,249:INFO:New best model found at epoch 9050 with validation loss 1.755e-01. Saving...
2025-08-18 21:02:31,816:INFO:Epoch: 9100/10000 | Train Loss: 4.009e-02 | Dynamic Loss: 4.009e-02 | Regularization Loss: 3.811e-11 | Val Loss: 1.803e-01 | Time: 11.56s
2025-08-18 21:02:37,436:INFO:Epoch: 9150/10000 | Train Loss: 4.167e-02 | Dynamic Loss: 4.167e-02 | Regularization Loss: 3.625e-11 | Val Loss: 1.883e-01 | Time: 5.62s
2025-08-18 21:02:43,086:INFO:Epoch: 9200/10000 | Train Loss: 4.090e-02 | Dynamic Loss: 4.090e-02 | Regularization Loss: 3.451e-11 | Val Loss: 1.810e-01 | Time: 5.65s
2025-08-18 21:02:49,529:INFO:Epoch: 9250/10000 | Train Loss: 4.848e-02 | Dynamic Loss: 4.848e-02 | Regularization Loss: 3.289e-11 | Val Loss: 1.863e-01 | Time: 6.44s
2025-08-18 21:02:55,258:INFO:Epoch: 9300/10000 | Train Loss: 5.038e-02 | Dynamic Loss: 5.038e-02 | Regularization Loss: 3.137e-11 | Val Loss: 1.885e-01 | Time: 5.73s
2025-08-18 21:03:00,956:INFO:Epoch: 9350/10000 | Train Loss: 3.488e-02 | Dynamic Loss: 3.488e-02 | Regularization Loss: 2.996e-11 | Val Loss: 1.772e-01 | Time: 5.70s
2025-08-18 21:03:06,717:INFO:Epoch: 9400/10000 | Train Loss: 4.843e-02 | Dynamic Loss: 4.843e-02 | Regularization Loss: 2.863e-11 | Val Loss: 1.892e-01 | Time: 5.76s
2025-08-18 21:03:12,422:INFO:Epoch: 9450/10000 | Train Loss: 3.405e-02 | Dynamic Loss: 3.405e-02 | Regularization Loss: 2.738e-11 | Val Loss: 1.786e-01 | Time: 5.70s
2025-08-18 21:03:18,161:INFO:Epoch: 9500/10000 | Train Loss: 3.253e-02 | Dynamic Loss: 3.253e-02 | Regularization Loss: 2.622e-11 | Val Loss: 1.782e-01 | Time: 5.74s
2025-08-18 21:03:24,341:INFO:Epoch: 9550/10000 | Train Loss: 3.524e-02 | Dynamic Loss: 3.524e-02 | Regularization Loss: 2.513e-11 | Val Loss: 1.785e-01 | Time: 6.18s
2025-08-18 21:03:30,074:INFO:Epoch: 9600/10000 | Train Loss: 4.458e-02 | Dynamic Loss: 4.458e-02 | Regularization Loss: 2.410e-11 | Val Loss: 1.831e-01 | Time: 5.73s
2025-08-18 21:03:35,814:INFO:Epoch: 9650/10000 | Train Loss: 3.142e-02 | Dynamic Loss: 3.142e-02 | Regularization Loss: 2.314e-11 | Val Loss: 1.774e-01 | Time: 5.74s
2025-08-18 21:03:41,585:INFO:Epoch: 9700/10000 | Train Loss: 3.120e-02 | Dynamic Loss: 3.120e-02 | Regularization Loss: 2.224e-11 | Val Loss: 1.798e-01 | Time: 5.77s
2025-08-18 21:03:54,023:INFO:Epoch: 9750/10000 | Train Loss: 2.904e-02 | Dynamic Loss: 2.904e-02 | Regularization Loss: 2.139e-11 | Val Loss: 1.783e-01 | Time: 12.44s
2025-08-18 21:03:59,725:INFO:Epoch: 9800/10000 | Train Loss: 2.863e-02 | Dynamic Loss: 2.863e-02 | Regularization Loss: 2.059e-11 | Val Loss: 1.763e-01 | Time: 5.70s
2025-08-18 21:04:05,404:INFO:Epoch: 9850/10000 | Train Loss: 3.371e-02 | Dynamic Loss: 3.371e-02 | Regularization Loss: 1.983e-11 | Val Loss: 1.789e-01 | Time: 5.68s
2025-08-18 21:04:11,847:INFO:Epoch: 9900/10000 | Train Loss: 3.163e-02 | Dynamic Loss: 3.163e-02 | Regularization Loss: 1.912e-11 | Val Loss: 1.813e-01 | Time: 6.44s
2025-08-18 21:04:17,545:INFO:Epoch: 9950/10000 | Train Loss: 2.990e-02 | Dynamic Loss: 2.990e-02 | Regularization Loss: 1.845e-11 | Val Loss: 1.757e-01 | Time: 5.70s
2025-08-18 21:04:23,247:INFO:Epoch: 10000/10000 | Train Loss: 3.297e-02 | Dynamic Loss: 3.297e-02 | Regularization Loss: 1.782e-11 | Val Loss: 1.804e-01 | Time: 5.70s
