2025-08-18 10:55:55,583:INFO:Created DataLoaders with 2994 training samples and 998 validation samples.
2025-08-18 10:55:55,584:INFO:Created DataLoaders with 2994 training samples and 998 validation samples.
2025-08-18 10:55:55,582:INFO:Created DataLoaders with 2994 training samples and 998 validation samples.
2025-08-18 10:56:01,347:INFO:Created DataLoaders with 2994 training samples and 998 validation samples.
2025-08-18 10:56:07,314:INFO:model params: 230786
2025-08-18 10:56:07,313:INFO:model params: 230786
2025-08-18 10:56:07,314:INFO:model params: 230786
2025-08-18 10:56:07,313:INFO:model params: 230786
2025-08-18 10:56:23,403:INFO:Epoch: 0/10000 | Train Loss: 1.061e+03 | Dynamic Loss: 1.060e+03 | Regularization Loss: 8.828e-01 | Val Loss: 3.899e+02 | Time: 16.09s
2025-08-18 10:56:23,406:INFO:New best model found at epoch 0 with validation loss 3.899e+02. Saving...
2025-08-18 10:56:23,413:INFO:Epoch: 0/10000 | Train Loss: 1.061e+03 | Dynamic Loss: 1.060e+03 | Regularization Loss: 8.828e-01 | Val Loss: 3.899e+02 | Time: 16.10s
2025-08-18 10:56:23,414:INFO:Epoch: 0/10000 | Train Loss: 1.061e+03 | Dynamic Loss: 1.060e+03 | Regularization Loss: 8.828e-01 | Val Loss: 3.899e+02 | Time: 16.10s
2025-08-18 10:56:23,416:INFO:New best model found at epoch 0 with validation loss 3.899e+02. Saving...
2025-08-18 10:56:23,419:INFO:New best model found at epoch 0 with validation loss 3.899e+02. Saving...
2025-08-18 10:56:23,426:INFO:Epoch: 0/10000 | Train Loss: 1.061e+03 | Dynamic Loss: 1.060e+03 | Regularization Loss: 8.828e-01 | Val Loss: 3.899e+02 | Time: 16.11s
2025-08-18 10:56:23,429:INFO:New best model found at epoch 0 with validation loss 3.899e+02. Saving...
2025-08-18 10:56:27,955:INFO:Epoch: 50/10000 | Train Loss: 3.459e+00 | Dynamic Loss: 3.455e+00 | Regularization Loss: 4.031e-03 | Val Loss: 8.339e+00 | Time: 4.28s
2025-08-18 10:56:27,955:INFO:New best model found at epoch 50 with validation loss 8.339e+00. Saving...
2025-08-18 10:56:28,216:INFO:Epoch: 50/10000 | Train Loss: 3.459e+00 | Dynamic Loss: 3.455e+00 | Regularization Loss: 4.031e-03 | Val Loss: 8.339e+00 | Time: 4.55s
2025-08-18 10:56:28,218:INFO:New best model found at epoch 50 with validation loss 8.339e+00. Saving...
2025-08-18 10:56:28,276:INFO:Epoch: 50/10000 | Train Loss: 3.459e+00 | Dynamic Loss: 3.455e+00 | Regularization Loss: 4.031e-03 | Val Loss: 8.339e+00 | Time: 4.61s
2025-08-18 10:56:28,279:INFO:New best model found at epoch 50 with validation loss 8.339e+00. Saving...
2025-08-18 10:56:28,338:INFO:Epoch: 50/10000 | Train Loss: 3.459e+00 | Dynamic Loss: 3.455e+00 | Regularization Loss: 4.031e-03 | Val Loss: 8.339e+00 | Time: 4.68s
2025-08-18 10:56:28,341:INFO:New best model found at epoch 50 with validation loss 8.339e+00. Saving...
2025-08-18 10:56:32,269:INFO:Epoch: 100/10000 | Train Loss: 2.027e+00 | Dynamic Loss: 2.025e+00 | Regularization Loss: 1.878e-03 | Val Loss: 3.994e+00 | Time: 4.30s
2025-08-18 10:56:32,273:INFO:New best model found at epoch 100 with validation loss 3.994e+00. Saving...
2025-08-18 10:56:32,672:INFO:Epoch: 100/10000 | Train Loss: 2.027e+00 | Dynamic Loss: 2.025e+00 | Regularization Loss: 1.878e-03 | Val Loss: 3.994e+00 | Time: 4.44s
2025-08-18 10:56:32,674:INFO:New best model found at epoch 100 with validation loss 3.994e+00. Saving...
2025-08-18 10:56:32,892:INFO:Epoch: 100/10000 | Train Loss: 2.027e+00 | Dynamic Loss: 2.025e+00 | Regularization Loss: 1.878e-03 | Val Loss: 3.994e+00 | Time: 4.60s
2025-08-18 10:56:32,895:INFO:New best model found at epoch 100 with validation loss 3.994e+00. Saving...
2025-08-18 10:56:32,998:INFO:Epoch: 100/10000 | Train Loss: 2.027e+00 | Dynamic Loss: 2.025e+00 | Regularization Loss: 1.878e-03 | Val Loss: 3.994e+00 | Time: 4.64s
2025-08-18 10:56:33,001:INFO:New best model found at epoch 100 with validation loss 3.994e+00. Saving...
2025-08-18 10:56:36,608:INFO:Epoch: 150/10000 | Train Loss: 1.636e+00 | Dynamic Loss: 1.635e+00 | Regularization Loss: 1.071e-03 | Val Loss: 2.316e+00 | Time: 4.32s
2025-08-18 10:56:36,611:INFO:New best model found at epoch 150 with validation loss 2.316e+00. Saving...
2025-08-18 10:56:37,203:INFO:Epoch: 150/10000 | Train Loss: 1.636e+00 | Dynamic Loss: 1.635e+00 | Regularization Loss: 1.071e-03 | Val Loss: 2.316e+00 | Time: 4.52s
2025-08-18 10:56:37,205:INFO:New best model found at epoch 150 with validation loss 2.316e+00. Saving...
2025-08-18 10:56:37,522:INFO:Epoch: 150/10000 | Train Loss: 1.636e+00 | Dynamic Loss: 1.635e+00 | Regularization Loss: 1.071e-03 | Val Loss: 2.316e+00 | Time: 4.61s
2025-08-18 10:56:37,524:INFO:New best model found at epoch 150 with validation loss 2.316e+00. Saving...
2025-08-18 10:56:37,740:INFO:Epoch: 150/10000 | Train Loss: 1.636e+00 | Dynamic Loss: 1.635e+00 | Regularization Loss: 1.071e-03 | Val Loss: 2.316e+00 | Time: 4.72s
2025-08-18 10:56:37,742:INFO:New best model found at epoch 150 with validation loss 2.316e+00. Saving...
2025-08-18 10:56:41,119:INFO:Epoch: 200/10000 | Train Loss: 1.850e+00 | Dynamic Loss: 1.849e+00 | Regularization Loss: 6.861e-04 | Val Loss: 2.142e+00 | Time: 4.50s
2025-08-18 10:56:41,122:INFO:New best model found at epoch 200 with validation loss 2.142e+00. Saving...
2025-08-18 10:56:41,874:INFO:Epoch: 200/10000 | Train Loss: 1.850e+00 | Dynamic Loss: 1.849e+00 | Regularization Loss: 6.861e-04 | Val Loss: 2.142e+00 | Time: 4.66s
2025-08-18 10:56:41,877:INFO:New best model found at epoch 200 with validation loss 2.142e+00. Saving...
2025-08-18 10:56:42,237:INFO:Epoch: 200/10000 | Train Loss: 1.850e+00 | Dynamic Loss: 1.849e+00 | Regularization Loss: 6.861e-04 | Val Loss: 2.142e+00 | Time: 4.70s
2025-08-18 10:56:42,240:INFO:New best model found at epoch 200 with validation loss 2.142e+00. Saving...
2025-08-18 10:56:42,546:INFO:Epoch: 200/10000 | Train Loss: 1.850e+00 | Dynamic Loss: 1.849e+00 | Regularization Loss: 6.861e-04 | Val Loss: 2.142e+00 | Time: 4.79s
2025-08-18 10:56:42,548:INFO:New best model found at epoch 200 with validation loss 2.142e+00. Saving...
2025-08-18 10:56:45,492:INFO:Epoch: 250/10000 | Train Loss: 1.456e+00 | Dynamic Loss: 1.455e+00 | Regularization Loss: 4.770e-04 | Val Loss: 1.695e+00 | Time: 4.35s
2025-08-18 10:56:45,494:INFO:New best model found at epoch 250 with validation loss 1.695e+00. Saving...
2025-08-18 10:56:46,444:INFO:Epoch: 250/10000 | Train Loss: 1.456e+00 | Dynamic Loss: 1.455e+00 | Regularization Loss: 4.770e-04 | Val Loss: 1.695e+00 | Time: 4.55s
2025-08-18 10:56:46,447:INFO:New best model found at epoch 250 with validation loss 1.695e+00. Saving...
2025-08-18 10:56:46,913:INFO:Epoch: 250/10000 | Train Loss: 1.456e+00 | Dynamic Loss: 1.455e+00 | Regularization Loss: 4.770e-04 | Val Loss: 1.695e+00 | Time: 4.66s
2025-08-18 10:56:46,916:INFO:New best model found at epoch 250 with validation loss 1.695e+00. Saving...
2025-08-18 10:56:47,299:INFO:Epoch: 250/10000 | Train Loss: 1.456e+00 | Dynamic Loss: 1.455e+00 | Regularization Loss: 4.770e-04 | Val Loss: 1.695e+00 | Time: 4.74s
2025-08-18 10:56:47,302:INFO:New best model found at epoch 250 with validation loss 1.695e+00. Saving...
2025-08-18 10:56:49,978:INFO:Epoch: 300/10000 | Train Loss: 1.978e+00 | Dynamic Loss: 1.978e+00 | Regularization Loss: 3.490e-04 | Val Loss: 1.948e+00 | Time: 4.47s
2025-08-18 10:56:51,066:INFO:Epoch: 300/10000 | Train Loss: 1.978e+00 | Dynamic Loss: 1.978e+00 | Regularization Loss: 3.490e-04 | Val Loss: 1.948e+00 | Time: 4.61s
2025-08-18 10:56:51,661:INFO:Epoch: 300/10000 | Train Loss: 1.978e+00 | Dynamic Loss: 1.978e+00 | Regularization Loss: 3.490e-04 | Val Loss: 1.948e+00 | Time: 4.73s
2025-08-18 10:56:52,102:INFO:Epoch: 300/10000 | Train Loss: 1.978e+00 | Dynamic Loss: 1.978e+00 | Regularization Loss: 3.490e-04 | Val Loss: 1.948e+00 | Time: 4.79s
2025-08-18 10:56:54,544:INFO:Epoch: 350/10000 | Train Loss: 1.544e+00 | Dynamic Loss: 1.544e+00 | Regularization Loss: 2.631e-04 | Val Loss: 2.309e+00 | Time: 4.56s
2025-08-18 10:56:55,802:INFO:Epoch: 350/10000 | Train Loss: 1.544e+00 | Dynamic Loss: 1.544e+00 | Regularization Loss: 2.631e-04 | Val Loss: 2.309e+00 | Time: 4.73s
2025-08-18 10:56:56,579:INFO:Epoch: 350/10000 | Train Loss: 1.544e+00 | Dynamic Loss: 1.544e+00 | Regularization Loss: 2.631e-04 | Val Loss: 2.309e+00 | Time: 4.92s
2025-08-18 10:56:57,011:INFO:Epoch: 350/10000 | Train Loss: 1.544e+00 | Dynamic Loss: 1.544e+00 | Regularization Loss: 2.631e-04 | Val Loss: 2.309e+00 | Time: 4.91s
2025-08-18 10:56:58,970:INFO:Epoch: 400/10000 | Train Loss: 1.661e+00 | Dynamic Loss: 1.661e+00 | Regularization Loss: 2.032e-04 | Val Loss: 1.672e+00 | Time: 4.42s
2025-08-18 10:56:58,973:INFO:New best model found at epoch 400 with validation loss 1.672e+00. Saving...
2025-08-18 10:57:00,446:INFO:Epoch: 400/10000 | Train Loss: 1.661e+00 | Dynamic Loss: 1.661e+00 | Regularization Loss: 2.032e-04 | Val Loss: 1.672e+00 | Time: 4.64s
2025-08-18 10:57:00,449:INFO:New best model found at epoch 400 with validation loss 1.672e+00. Saving...
2025-08-18 10:57:01,414:INFO:Epoch: 400/10000 | Train Loss: 1.661e+00 | Dynamic Loss: 1.661e+00 | Regularization Loss: 2.032e-04 | Val Loss: 1.672e+00 | Time: 4.83s
2025-08-18 10:57:01,416:INFO:New best model found at epoch 400 with validation loss 1.672e+00. Saving...
2025-08-18 10:57:01,876:INFO:Epoch: 400/10000 | Train Loss: 1.661e+00 | Dynamic Loss: 1.661e+00 | Regularization Loss: 2.032e-04 | Val Loss: 1.672e+00 | Time: 4.86s
2025-08-18 10:57:01,878:INFO:New best model found at epoch 400 with validation loss 1.672e+00. Saving...
2025-08-18 10:57:03,393:INFO:Epoch: 450/10000 | Train Loss: 1.699e+00 | Dynamic Loss: 1.699e+00 | Regularization Loss: 1.598e-04 | Val Loss: 1.660e+00 | Time: 4.41s
2025-08-18 10:57:03,395:INFO:New best model found at epoch 450 with validation loss 1.660e+00. Saving...
2025-08-18 10:57:05,076:INFO:Epoch: 450/10000 | Train Loss: 1.699e+00 | Dynamic Loss: 1.699e+00 | Regularization Loss: 1.598e-04 | Val Loss: 1.660e+00 | Time: 4.61s
2025-08-18 10:57:05,078:INFO:New best model found at epoch 450 with validation loss 1.660e+00. Saving...
2025-08-18 10:57:06,186:INFO:Epoch: 450/10000 | Train Loss: 1.699e+00 | Dynamic Loss: 1.699e+00 | Regularization Loss: 1.598e-04 | Val Loss: 1.660e+00 | Time: 4.76s
2025-08-18 10:57:06,189:INFO:New best model found at epoch 450 with validation loss 1.660e+00. Saving...
2025-08-18 10:57:06,798:INFO:Epoch: 450/10000 | Train Loss: 1.699e+00 | Dynamic Loss: 1.699e+00 | Regularization Loss: 1.598e-04 | Val Loss: 1.660e+00 | Time: 4.90s
2025-08-18 10:57:06,800:INFO:New best model found at epoch 450 with validation loss 1.660e+00. Saving...
2025-08-18 10:57:07,954:INFO:Epoch: 500/10000 | Train Loss: 1.992e+00 | Dynamic Loss: 1.992e+00 | Regularization Loss: 1.262e-04 | Val Loss: 1.398e+00 | Time: 4.55s
2025-08-18 10:57:07,957:INFO:New best model found at epoch 500 with validation loss 1.398e+00. Saving...
2025-08-18 10:57:09,871:INFO:Epoch: 500/10000 | Train Loss: 1.992e+00 | Dynamic Loss: 1.992e+00 | Regularization Loss: 1.262e-04 | Val Loss: 1.398e+00 | Time: 4.78s
2025-08-18 10:57:09,874:INFO:New best model found at epoch 500 with validation loss 1.398e+00. Saving...
2025-08-18 10:57:11,129:INFO:Epoch: 500/10000 | Train Loss: 1.992e+00 | Dynamic Loss: 1.992e+00 | Regularization Loss: 1.262e-04 | Val Loss: 1.398e+00 | Time: 4.93s
2025-08-18 10:57:11,131:INFO:New best model found at epoch 500 with validation loss 1.398e+00. Saving...
2025-08-18 10:57:11,744:INFO:Epoch: 500/10000 | Train Loss: 1.992e+00 | Dynamic Loss: 1.992e+00 | Regularization Loss: 1.262e-04 | Val Loss: 1.398e+00 | Time: 4.93s
2025-08-18 10:57:11,747:INFO:New best model found at epoch 500 with validation loss 1.398e+00. Saving...
2025-08-18 10:57:12,454:INFO:Epoch: 550/10000 | Train Loss: 1.626e+00 | Dynamic Loss: 1.626e+00 | Regularization Loss: 1.003e-04 | Val Loss: 1.505e+00 | Time: 4.48s
2025-08-18 10:57:14,571:INFO:Epoch: 550/10000 | Train Loss: 1.626e+00 | Dynamic Loss: 1.626e+00 | Regularization Loss: 1.003e-04 | Val Loss: 1.505e+00 | Time: 4.68s
2025-08-18 10:57:15,904:INFO:Epoch: 550/10000 | Train Loss: 1.626e+00 | Dynamic Loss: 1.626e+00 | Regularization Loss: 1.003e-04 | Val Loss: 1.505e+00 | Time: 4.76s
2025-08-18 10:57:16,558:INFO:Epoch: 550/10000 | Train Loss: 1.626e+00 | Dynamic Loss: 1.626e+00 | Regularization Loss: 1.003e-04 | Val Loss: 1.505e+00 | Time: 4.80s
2025-08-18 10:57:16,951:INFO:Epoch: 600/10000 | Train Loss: 1.421e+00 | Dynamic Loss: 1.421e+00 | Regularization Loss: 7.958e-05 | Val Loss: 2.132e+00 | Time: 4.49s
2025-08-18 10:57:19,232:INFO:Epoch: 600/10000 | Train Loss: 1.421e+00 | Dynamic Loss: 1.421e+00 | Regularization Loss: 7.958e-05 | Val Loss: 2.132e+00 | Time: 4.66s
2025-08-18 10:57:20,696:INFO:Epoch: 600/10000 | Train Loss: 1.421e+00 | Dynamic Loss: 1.421e+00 | Regularization Loss: 7.958e-05 | Val Loss: 2.132e+00 | Time: 4.79s
2025-08-18 10:57:21,468:INFO:Epoch: 600/10000 | Train Loss: 1.421e+00 | Dynamic Loss: 1.421e+00 | Regularization Loss: 7.958e-05 | Val Loss: 2.132e+00 | Time: 4.91s
2025-08-18 10:57:21,572:INFO:Epoch: 650/10000 | Train Loss: 1.511e+00 | Dynamic Loss: 1.511e+00 | Regularization Loss: 6.337e-05 | Val Loss: 1.371e+00 | Time: 4.62s
2025-08-18 10:57:21,575:INFO:New best model found at epoch 650 with validation loss 1.371e+00. Saving...
2025-08-18 10:57:23,979:INFO:Epoch: 650/10000 | Train Loss: 1.511e+00 | Dynamic Loss: 1.511e+00 | Regularization Loss: 6.337e-05 | Val Loss: 1.371e+00 | Time: 4.74s
2025-08-18 10:57:23,982:INFO:New best model found at epoch 650 with validation loss 1.371e+00. Saving...
2025-08-18 10:57:25,609:INFO:Epoch: 650/10000 | Train Loss: 1.511e+00 | Dynamic Loss: 1.511e+00 | Regularization Loss: 6.337e-05 | Val Loss: 1.371e+00 | Time: 4.91s
2025-08-18 10:57:25,610:INFO:New best model found at epoch 650 with validation loss 1.371e+00. Saving...
2025-08-18 10:57:26,127:INFO:Epoch: 700/10000 | Train Loss: 1.584e+00 | Dynamic Loss: 1.584e+00 | Regularization Loss: 5.051e-05 | Val Loss: 1.767e+00 | Time: 4.54s
2025-08-18 10:57:26,426:INFO:Epoch: 650/10000 | Train Loss: 1.511e+00 | Dynamic Loss: 1.511e+00 | Regularization Loss: 6.337e-05 | Val Loss: 1.371e+00 | Time: 4.96s
2025-08-18 10:57:26,429:INFO:New best model found at epoch 650 with validation loss 1.371e+00. Saving...
2025-08-18 10:57:28,668:INFO:Epoch: 700/10000 | Train Loss: 1.584e+00 | Dynamic Loss: 1.584e+00 | Regularization Loss: 5.051e-05 | Val Loss: 1.767e+00 | Time: 4.67s
2025-08-18 10:57:30,523:INFO:Epoch: 700/10000 | Train Loss: 1.584e+00 | Dynamic Loss: 1.584e+00 | Regularization Loss: 5.051e-05 | Val Loss: 1.767e+00 | Time: 4.90s
2025-08-18 10:57:30,615:INFO:Epoch: 750/10000 | Train Loss: 1.284e+00 | Dynamic Loss: 1.284e+00 | Regularization Loss: 4.027e-05 | Val Loss: 1.233e+00 | Time: 4.48s
2025-08-18 10:57:30,618:INFO:New best model found at epoch 750 with validation loss 1.233e+00. Saving...
2025-08-18 10:57:31,376:INFO:Epoch: 700/10000 | Train Loss: 1.584e+00 | Dynamic Loss: 1.584e+00 | Regularization Loss: 5.051e-05 | Val Loss: 1.767e+00 | Time: 4.93s
2025-08-18 10:57:33,381:INFO:Epoch: 750/10000 | Train Loss: 1.284e+00 | Dynamic Loss: 1.284e+00 | Regularization Loss: 4.027e-05 | Val Loss: 1.233e+00 | Time: 4.71s
2025-08-18 10:57:33,384:INFO:New best model found at epoch 750 with validation loss 1.233e+00. Saving...
2025-08-18 10:57:35,322:INFO:Epoch: 750/10000 | Train Loss: 1.284e+00 | Dynamic Loss: 1.284e+00 | Regularization Loss: 4.027e-05 | Val Loss: 1.233e+00 | Time: 4.80s
2025-08-18 10:57:35,324:INFO:New best model found at epoch 750 with validation loss 1.233e+00. Saving...
2025-08-18 10:57:36,225:INFO:Epoch: 750/10000 | Train Loss: 1.284e+00 | Dynamic Loss: 1.284e+00 | Regularization Loss: 4.027e-05 | Val Loss: 1.233e+00 | Time: 4.85s
2025-08-18 10:57:36,228:INFO:New best model found at epoch 750 with validation loss 1.233e+00. Saving...
2025-08-18 10:57:41,017:INFO:Epoch: 800/10000 | Train Loss: 1.257e+00 | Dynamic Loss: 1.257e+00 | Regularization Loss: 3.203e-05 | Val Loss: 1.337e+00 | Time: 10.38s
2025-08-18 10:57:43,673:INFO:Epoch: 800/10000 | Train Loss: 1.257e+00 | Dynamic Loss: 1.257e+00 | Regularization Loss: 3.203e-05 | Val Loss: 1.337e+00 | Time: 10.28s
2025-08-18 10:57:45,492:INFO:Epoch: 850/10000 | Train Loss: 1.318e+00 | Dynamic Loss: 1.318e+00 | Regularization Loss: 2.530e-05 | Val Loss: 1.166e+00 | Time: 4.47s
2025-08-18 10:57:45,494:INFO:New best model found at epoch 850 with validation loss 1.166e+00. Saving...
2025-08-18 10:57:46,135:INFO:Epoch: 800/10000 | Train Loss: 1.257e+00 | Dynamic Loss: 1.257e+00 | Regularization Loss: 3.203e-05 | Val Loss: 1.337e+00 | Time: 10.80s
2025-08-18 10:57:46,670:INFO:Epoch: 800/10000 | Train Loss: 1.257e+00 | Dynamic Loss: 1.257e+00 | Regularization Loss: 3.203e-05 | Val Loss: 1.337e+00 | Time: 10.43s
2025-08-18 10:57:48,347:INFO:Epoch: 850/10000 | Train Loss: 1.318e+00 | Dynamic Loss: 1.318e+00 | Regularization Loss: 2.530e-05 | Val Loss: 1.166e+00 | Time: 4.67s
2025-08-18 10:57:48,349:INFO:New best model found at epoch 850 with validation loss 1.166e+00. Saving...
2025-08-18 10:57:50,067:INFO:Epoch: 900/10000 | Train Loss: 1.217e+00 | Dynamic Loss: 1.217e+00 | Regularization Loss: 1.993e-05 | Val Loss: 1.248e+00 | Time: 4.56s
2025-08-18 10:57:51,002:INFO:Epoch: 850/10000 | Train Loss: 1.318e+00 | Dynamic Loss: 1.318e+00 | Regularization Loss: 2.530e-05 | Val Loss: 1.166e+00 | Time: 4.86s
2025-08-18 10:57:51,005:INFO:New best model found at epoch 850 with validation loss 1.166e+00. Saving...
2025-08-18 10:57:51,545:INFO:Epoch: 850/10000 | Train Loss: 1.318e+00 | Dynamic Loss: 1.318e+00 | Regularization Loss: 2.530e-05 | Val Loss: 1.166e+00 | Time: 4.87s
2025-08-18 10:57:51,548:INFO:New best model found at epoch 850 with validation loss 1.166e+00. Saving...
2025-08-18 10:57:53,089:INFO:Epoch: 900/10000 | Train Loss: 1.217e+00 | Dynamic Loss: 1.217e+00 | Regularization Loss: 1.993e-05 | Val Loss: 1.248e+00 | Time: 4.72s
2025-08-18 10:57:54,603:INFO:Epoch: 950/10000 | Train Loss: 1.255e+00 | Dynamic Loss: 1.255e+00 | Regularization Loss: 1.560e-05 | Val Loss: 1.164e+00 | Time: 4.53s
2025-08-18 10:57:54,606:INFO:New best model found at epoch 950 with validation loss 1.164e+00. Saving...
2025-08-18 10:57:55,847:INFO:Epoch: 900/10000 | Train Loss: 1.217e+00 | Dynamic Loss: 1.217e+00 | Regularization Loss: 1.993e-05 | Val Loss: 1.248e+00 | Time: 4.83s
2025-08-18 10:57:56,477:INFO:Epoch: 900/10000 | Train Loss: 1.217e+00 | Dynamic Loss: 1.217e+00 | Regularization Loss: 1.993e-05 | Val Loss: 1.248e+00 | Time: 4.92s
2025-08-18 10:57:57,854:INFO:Epoch: 950/10000 | Train Loss: 1.255e+00 | Dynamic Loss: 1.255e+00 | Regularization Loss: 1.560e-05 | Val Loss: 1.164e+00 | Time: 4.76s
2025-08-18 10:57:57,857:INFO:New best model found at epoch 950 with validation loss 1.164e+00. Saving...
2025-08-18 10:57:59,121:INFO:Epoch: 1000/10000 | Train Loss: 1.539e+00 | Dynamic Loss: 1.539e+00 | Regularization Loss: 1.216e-05 | Val Loss: 1.168e+00 | Time: 4.50s
2025-08-18 10:58:00,712:INFO:Epoch: 950/10000 | Train Loss: 1.255e+00 | Dynamic Loss: 1.255e+00 | Regularization Loss: 1.560e-05 | Val Loss: 1.164e+00 | Time: 4.86s
2025-08-18 10:58:00,715:INFO:New best model found at epoch 950 with validation loss 1.164e+00. Saving...
2025-08-18 10:58:01,375:INFO:Epoch: 950/10000 | Train Loss: 1.255e+00 | Dynamic Loss: 1.255e+00 | Regularization Loss: 1.560e-05 | Val Loss: 1.164e+00 | Time: 4.89s
2025-08-18 10:58:01,377:INFO:New best model found at epoch 950 with validation loss 1.164e+00. Saving...
2025-08-18 10:58:02,528:INFO:Epoch: 1000/10000 | Train Loss: 1.539e+00 | Dynamic Loss: 1.539e+00 | Regularization Loss: 1.216e-05 | Val Loss: 1.168e+00 | Time: 4.66s
2025-08-18 10:58:05,466:INFO:Epoch: 1000/10000 | Train Loss: 1.539e+00 | Dynamic Loss: 1.539e+00 | Regularization Loss: 1.216e-05 | Val Loss: 1.168e+00 | Time: 4.74s
2025-08-18 10:58:06,329:INFO:Epoch: 1000/10000 | Train Loss: 1.539e+00 | Dynamic Loss: 1.539e+00 | Regularization Loss: 1.216e-05 | Val Loss: 1.168e+00 | Time: 4.94s
2025-08-18 10:58:07,543:INFO:Epoch: 1050/10000 | Train Loss: 1.412e+00 | Dynamic Loss: 1.412e+00 | Regularization Loss: 9.482e-06 | Val Loss: 1.116e+00 | Time: 8.42s
2025-08-18 10:58:07,545:INFO:New best model found at epoch 1050 with validation loss 1.116e+00. Saving...
2025-08-18 10:58:11,001:INFO:Epoch: 1050/10000 | Train Loss: 1.412e+00 | Dynamic Loss: 1.412e+00 | Regularization Loss: 9.482e-06 | Val Loss: 1.116e+00 | Time: 8.47s
2025-08-18 10:58:11,003:INFO:New best model found at epoch 1050 with validation loss 1.116e+00. Saving...
2025-08-18 10:58:12,066:INFO:Epoch: 1100/10000 | Train Loss: 1.283e+00 | Dynamic Loss: 1.283e+00 | Regularization Loss: 7.379e-06 | Val Loss: 1.198e+00 | Time: 4.51s
2025-08-18 10:58:14,153:INFO:Epoch: 1050/10000 | Train Loss: 1.412e+00 | Dynamic Loss: 1.412e+00 | Regularization Loss: 9.482e-06 | Val Loss: 1.116e+00 | Time: 8.68s
2025-08-18 10:58:14,156:INFO:New best model found at epoch 1050 with validation loss 1.116e+00. Saving...
2025-08-18 10:58:15,160:INFO:Epoch: 1050/10000 | Train Loss: 1.412e+00 | Dynamic Loss: 1.412e+00 | Regularization Loss: 9.482e-06 | Val Loss: 1.116e+00 | Time: 8.83s
2025-08-18 10:58:15,163:INFO:New best model found at epoch 1050 with validation loss 1.116e+00. Saving...
2025-08-18 10:58:15,721:INFO:Epoch: 1100/10000 | Train Loss: 1.283e+00 | Dynamic Loss: 1.283e+00 | Regularization Loss: 7.379e-06 | Val Loss: 1.198e+00 | Time: 4.71s
2025-08-18 10:58:16,762:INFO:Epoch: 1150/10000 | Train Loss: 1.104e+00 | Dynamic Loss: 1.104e+00 | Regularization Loss: 5.697e-06 | Val Loss: 1.071e+00 | Time: 4.69s
2025-08-18 10:58:16,765:INFO:New best model found at epoch 1150 with validation loss 1.071e+00. Saving...
2025-08-18 10:58:19,117:INFO:Epoch: 1100/10000 | Train Loss: 1.283e+00 | Dynamic Loss: 1.283e+00 | Regularization Loss: 7.379e-06 | Val Loss: 1.198e+00 | Time: 4.95s
2025-08-18 10:58:20,114:INFO:Epoch: 1100/10000 | Train Loss: 1.283e+00 | Dynamic Loss: 1.283e+00 | Regularization Loss: 7.379e-06 | Val Loss: 1.198e+00 | Time: 4.94s
2025-08-18 10:58:20,542:INFO:Epoch: 1150/10000 | Train Loss: 1.104e+00 | Dynamic Loss: 1.104e+00 | Regularization Loss: 5.697e-06 | Val Loss: 1.071e+00 | Time: 4.82s
2025-08-18 10:58:20,544:INFO:New best model found at epoch 1150 with validation loss 1.071e+00. Saving...
2025-08-18 10:58:21,473:INFO:Epoch: 1200/10000 | Train Loss: 1.307e+00 | Dynamic Loss: 1.307e+00 | Regularization Loss: 4.395e-06 | Val Loss: 1.263e+00 | Time: 4.69s
2025-08-18 10:58:24,156:INFO:Epoch: 1150/10000 | Train Loss: 1.104e+00 | Dynamic Loss: 1.104e+00 | Regularization Loss: 5.697e-06 | Val Loss: 1.071e+00 | Time: 5.04s
2025-08-18 10:58:24,159:INFO:New best model found at epoch 1150 with validation loss 1.071e+00. Saving...
2025-08-18 10:58:25,138:INFO:Epoch: 1150/10000 | Train Loss: 1.104e+00 | Dynamic Loss: 1.104e+00 | Regularization Loss: 5.697e-06 | Val Loss: 1.071e+00 | Time: 5.02s
2025-08-18 10:58:25,140:INFO:New best model found at epoch 1150 with validation loss 1.071e+00. Saving...
2025-08-18 10:58:25,345:INFO:Epoch: 1200/10000 | Train Loss: 1.307e+00 | Dynamic Loss: 1.307e+00 | Regularization Loss: 4.395e-06 | Val Loss: 1.263e+00 | Time: 4.79s
2025-08-18 10:58:26,120:INFO:Epoch: 1250/10000 | Train Loss: 1.259e+00 | Dynamic Loss: 1.259e+00 | Regularization Loss: 3.395e-06 | Val Loss: 1.050e+00 | Time: 4.64s
2025-08-18 10:58:26,122:INFO:New best model found at epoch 1250 with validation loss 1.050e+00. Saving...
2025-08-18 10:58:29,190:INFO:Epoch: 1200/10000 | Train Loss: 1.307e+00 | Dynamic Loss: 1.307e+00 | Regularization Loss: 4.395e-06 | Val Loss: 1.263e+00 | Time: 5.02s
2025-08-18 10:58:30,041:INFO:Epoch: 1200/10000 | Train Loss: 1.307e+00 | Dynamic Loss: 1.307e+00 | Regularization Loss: 4.395e-06 | Val Loss: 1.263e+00 | Time: 4.89s
2025-08-18 10:58:30,188:INFO:Epoch: 1250/10000 | Train Loss: 1.259e+00 | Dynamic Loss: 1.259e+00 | Regularization Loss: 3.395e-06 | Val Loss: 1.050e+00 | Time: 4.84s
2025-08-18 10:58:30,191:INFO:New best model found at epoch 1250 with validation loss 1.050e+00. Saving...
2025-08-18 10:58:30,703:INFO:Epoch: 1300/10000 | Train Loss: 1.126e+00 | Dynamic Loss: 1.126e+00 | Regularization Loss: 2.615e-06 | Val Loss: 1.019e+00 | Time: 4.57s
2025-08-18 10:58:30,705:INFO:New best model found at epoch 1300 with validation loss 1.019e+00. Saving...
2025-08-18 10:58:34,139:INFO:Epoch: 1250/10000 | Train Loss: 1.259e+00 | Dynamic Loss: 1.259e+00 | Regularization Loss: 3.395e-06 | Val Loss: 1.050e+00 | Time: 4.95s
2025-08-18 10:58:34,141:INFO:New best model found at epoch 1250 with validation loss 1.050e+00. Saving...
2025-08-18 10:58:34,912:INFO:Epoch: 1300/10000 | Train Loss: 1.126e+00 | Dynamic Loss: 1.126e+00 | Regularization Loss: 2.615e-06 | Val Loss: 1.019e+00 | Time: 4.71s
2025-08-18 10:58:34,915:INFO:New best model found at epoch 1300 with validation loss 1.019e+00. Saving...
2025-08-18 10:58:35,056:INFO:Epoch: 1250/10000 | Train Loss: 1.259e+00 | Dynamic Loss: 1.259e+00 | Regularization Loss: 3.395e-06 | Val Loss: 1.050e+00 | Time: 5.01s
2025-08-18 10:58:35,058:INFO:New best model found at epoch 1250 with validation loss 1.050e+00. Saving...
2025-08-18 10:58:35,270:INFO:Epoch: 1350/10000 | Train Loss: 1.267e+00 | Dynamic Loss: 1.267e+00 | Regularization Loss: 2.012e-06 | Val Loss: 1.053e+00 | Time: 4.55s
2025-08-18 10:58:38,985:INFO:Epoch: 1300/10000 | Train Loss: 1.126e+00 | Dynamic Loss: 1.126e+00 | Regularization Loss: 2.615e-06 | Val Loss: 1.019e+00 | Time: 4.83s
2025-08-18 10:58:38,989:INFO:New best model found at epoch 1300 with validation loss 1.019e+00. Saving...
2025-08-18 10:58:39,708:INFO:Epoch: 1350/10000 | Train Loss: 1.267e+00 | Dynamic Loss: 1.267e+00 | Regularization Loss: 2.012e-06 | Val Loss: 1.053e+00 | Time: 4.78s
2025-08-18 10:58:39,976:INFO:Epoch: 1300/10000 | Train Loss: 1.126e+00 | Dynamic Loss: 1.126e+00 | Regularization Loss: 2.615e-06 | Val Loss: 1.019e+00 | Time: 4.90s
2025-08-18 10:58:39,980:INFO:New best model found at epoch 1300 with validation loss 1.019e+00. Saving...
2025-08-18 10:58:43,086:INFO:Epoch: 1400/10000 | Train Loss: 1.019e+00 | Dynamic Loss: 1.019e+00 | Regularization Loss: 1.557e-06 | Val Loss: 1.335e+00 | Time: 7.81s
2025-08-18 10:58:43,851:INFO:Epoch: 1350/10000 | Train Loss: 1.267e+00 | Dynamic Loss: 1.267e+00 | Regularization Loss: 2.012e-06 | Val Loss: 1.053e+00 | Time: 4.85s
2025-08-18 10:58:44,934:INFO:Epoch: 1350/10000 | Train Loss: 1.267e+00 | Dynamic Loss: 1.267e+00 | Regularization Loss: 2.012e-06 | Val Loss: 1.053e+00 | Time: 4.94s
2025-08-18 10:58:47,665:INFO:Epoch: 1400/10000 | Train Loss: 1.019e+00 | Dynamic Loss: 1.019e+00 | Regularization Loss: 1.557e-06 | Val Loss: 1.335e+00 | Time: 7.96s
2025-08-18 10:58:47,705:INFO:Epoch: 1450/10000 | Train Loss: 1.013e+00 | Dynamic Loss: 1.013e+00 | Regularization Loss: 1.209e-06 | Val Loss: 1.187e+00 | Time: 4.62s
2025-08-18 10:58:52,330:INFO:Epoch: 1400/10000 | Train Loss: 1.019e+00 | Dynamic Loss: 1.019e+00 | Regularization Loss: 1.557e-06 | Val Loss: 1.335e+00 | Time: 8.48s
2025-08-18 10:58:52,433:INFO:Epoch: 1500/10000 | Train Loss: 1.060e+00 | Dynamic Loss: 1.060e+00 | Regularization Loss: 9.451e-07 | Val Loss: 1.237e+00 | Time: 4.73s
2025-08-18 10:58:52,439:INFO:Epoch: 1450/10000 | Train Loss: 1.013e+00 | Dynamic Loss: 1.013e+00 | Regularization Loss: 1.209e-06 | Val Loss: 1.187e+00 | Time: 4.77s
2025-08-18 10:58:53,362:INFO:Epoch: 1400/10000 | Train Loss: 1.019e+00 | Dynamic Loss: 1.019e+00 | Regularization Loss: 1.557e-06 | Val Loss: 1.335e+00 | Time: 8.43s
2025-08-18 10:58:57,024:INFO:Epoch: 1550/10000 | Train Loss: 1.108e+00 | Dynamic Loss: 1.108e+00 | Regularization Loss: 7.516e-07 | Val Loss: 9.626e-01 | Time: 4.59s
2025-08-18 10:58:57,027:INFO:New best model found at epoch 1550 with validation loss 9.626e-01. Saving...
2025-08-18 10:58:57,215:INFO:Epoch: 1450/10000 | Train Loss: 1.013e+00 | Dynamic Loss: 1.013e+00 | Regularization Loss: 1.209e-06 | Val Loss: 1.187e+00 | Time: 4.88s
2025-08-18 10:58:57,290:INFO:Epoch: 1500/10000 | Train Loss: 1.060e+00 | Dynamic Loss: 1.060e+00 | Regularization Loss: 9.451e-07 | Val Loss: 1.237e+00 | Time: 4.85s
2025-08-18 10:58:58,323:INFO:Epoch: 1450/10000 | Train Loss: 1.013e+00 | Dynamic Loss: 1.013e+00 | Regularization Loss: 1.209e-06 | Val Loss: 1.187e+00 | Time: 4.96s
2025-08-18 10:59:01,603:INFO:Epoch: 1600/10000 | Train Loss: 9.255e-01 | Dynamic Loss: 9.255e-01 | Regularization Loss: 5.983e-07 | Val Loss: 9.214e-01 | Time: 4.56s
2025-08-18 10:59:01,605:INFO:New best model found at epoch 1600 with validation loss 9.214e-01. Saving...
2025-08-18 10:59:02,053:INFO:Epoch: 1550/10000 | Train Loss: 1.108e+00 | Dynamic Loss: 1.108e+00 | Regularization Loss: 7.516e-07 | Val Loss: 9.626e-01 | Time: 4.76s
2025-08-18 10:59:02,055:INFO:New best model found at epoch 1550 with validation loss 9.626e-01. Saving...
2025-08-18 10:59:02,187:INFO:Epoch: 1500/10000 | Train Loss: 1.060e+00 | Dynamic Loss: 1.060e+00 | Regularization Loss: 9.451e-07 | Val Loss: 1.237e+00 | Time: 4.97s
2025-08-18 10:59:03,338:INFO:Epoch: 1500/10000 | Train Loss: 1.060e+00 | Dynamic Loss: 1.060e+00 | Regularization Loss: 9.451e-07 | Val Loss: 1.237e+00 | Time: 5.01s
2025-08-18 10:59:06,866:INFO:Epoch: 1600/10000 | Train Loss: 9.255e-01 | Dynamic Loss: 9.255e-01 | Regularization Loss: 5.983e-07 | Val Loss: 9.214e-01 | Time: 4.80s
2025-08-18 10:59:06,869:INFO:New best model found at epoch 1600 with validation loss 9.214e-01. Saving...
2025-08-18 10:59:07,100:INFO:Epoch: 1550/10000 | Train Loss: 1.108e+00 | Dynamic Loss: 1.108e+00 | Regularization Loss: 7.516e-07 | Val Loss: 9.626e-01 | Time: 4.91s
2025-08-18 10:59:07,102:INFO:New best model found at epoch 1550 with validation loss 9.626e-01. Saving...
2025-08-18 10:59:08,276:INFO:Epoch: 1550/10000 | Train Loss: 1.108e+00 | Dynamic Loss: 1.108e+00 | Regularization Loss: 7.516e-07 | Val Loss: 9.626e-01 | Time: 4.93s
2025-08-18 10:59:08,278:INFO:New best model found at epoch 1550 with validation loss 9.626e-01. Saving...
2025-08-18 10:59:12,115:INFO:Epoch: 1650/10000 | Train Loss: 1.004e+00 | Dynamic Loss: 1.004e+00 | Regularization Loss: 4.703e-07 | Val Loss: 8.836e-01 | Time: 10.50s
2025-08-18 10:59:12,118:INFO:New best model found at epoch 1650 with validation loss 8.836e-01. Saving...
2025-08-18 10:59:12,259:INFO:Epoch: 1600/10000 | Train Loss: 9.255e-01 | Dynamic Loss: 9.255e-01 | Regularization Loss: 5.983e-07 | Val Loss: 9.214e-01 | Time: 5.14s
2025-08-18 10:59:12,262:INFO:New best model found at epoch 1600 with validation loss 9.214e-01. Saving...
2025-08-18 10:59:13,215:INFO:Epoch: 1600/10000 | Train Loss: 9.255e-01 | Dynamic Loss: 9.255e-01 | Regularization Loss: 5.983e-07 | Val Loss: 9.214e-01 | Time: 4.92s
2025-08-18 10:59:13,218:INFO:New best model found at epoch 1600 with validation loss 9.214e-01. Saving...
2025-08-18 10:59:16,719:INFO:Epoch: 1700/10000 | Train Loss: 1.003e+00 | Dynamic Loss: 1.003e+00 | Regularization Loss: 3.794e-07 | Val Loss: 8.860e-01 | Time: 4.59s
2025-08-18 10:59:17,183:INFO:Epoch: 1650/10000 | Train Loss: 1.004e+00 | Dynamic Loss: 1.004e+00 | Regularization Loss: 4.703e-07 | Val Loss: 8.836e-01 | Time: 4.91s
2025-08-18 10:59:17,186:INFO:New best model found at epoch 1650 with validation loss 8.836e-01. Saving...
2025-08-18 10:59:17,678:INFO:Epoch: 1650/10000 | Train Loss: 1.004e+00 | Dynamic Loss: 1.004e+00 | Regularization Loss: 4.703e-07 | Val Loss: 8.836e-01 | Time: 10.80s
2025-08-18 10:59:17,681:INFO:New best model found at epoch 1650 with validation loss 8.836e-01. Saving...
2025-08-18 10:59:21,401:INFO:Epoch: 1750/10000 | Train Loss: 8.632e-01 | Dynamic Loss: 8.632e-01 | Regularization Loss: 3.029e-07 | Val Loss: 9.652e-01 | Time: 4.68s
2025-08-18 10:59:22,102:INFO:Epoch: 1700/10000 | Train Loss: 1.003e+00 | Dynamic Loss: 1.003e+00 | Regularization Loss: 3.794e-07 | Val Loss: 8.860e-01 | Time: 4.90s
2025-08-18 10:59:22,456:INFO:Epoch: 1700/10000 | Train Loss: 1.003e+00 | Dynamic Loss: 1.003e+00 | Regularization Loss: 3.794e-07 | Val Loss: 8.860e-01 | Time: 4.76s
2025-08-18 10:59:24,229:INFO:Epoch: 1650/10000 | Train Loss: 1.004e+00 | Dynamic Loss: 1.004e+00 | Regularization Loss: 4.703e-07 | Val Loss: 8.836e-01 | Time: 11.00s
2025-08-18 10:59:24,231:INFO:New best model found at epoch 1650 with validation loss 8.836e-01. Saving...
2025-08-18 10:59:25,987:INFO:Epoch: 1800/10000 | Train Loss: 9.507e-01 | Dynamic Loss: 9.507e-01 | Regularization Loss: 2.480e-07 | Val Loss: 1.052e+00 | Time: 4.58s
2025-08-18 10:59:27,294:INFO:Epoch: 1750/10000 | Train Loss: 8.632e-01 | Dynamic Loss: 8.632e-01 | Regularization Loss: 3.029e-07 | Val Loss: 9.652e-01 | Time: 4.84s
2025-08-18 10:59:29,209:INFO:Epoch: 1700/10000 | Train Loss: 1.003e+00 | Dynamic Loss: 1.003e+00 | Regularization Loss: 3.794e-07 | Val Loss: 8.860e-01 | Time: 4.97s
2025-08-18 10:59:30,702:INFO:Epoch: 1850/10000 | Train Loss: 9.569e-01 | Dynamic Loss: 9.569e-01 | Regularization Loss: 2.048e-07 | Val Loss: 8.516e-01 | Time: 4.71s
2025-08-18 10:59:30,705:INFO:New best model found at epoch 1850 with validation loss 8.516e-01. Saving...
2025-08-18 10:59:31,734:INFO:Epoch: 1750/10000 | Train Loss: 8.632e-01 | Dynamic Loss: 8.632e-01 | Regularization Loss: 3.029e-07 | Val Loss: 9.652e-01 | Time: 9.63s
2025-08-18 10:59:32,101:INFO:Epoch: 1800/10000 | Train Loss: 9.507e-01 | Dynamic Loss: 9.507e-01 | Regularization Loss: 2.480e-07 | Val Loss: 1.052e+00 | Time: 4.80s
2025-08-18 10:59:34,201:INFO:Epoch: 1750/10000 | Train Loss: 8.632e-01 | Dynamic Loss: 8.632e-01 | Regularization Loss: 3.029e-07 | Val Loss: 9.652e-01 | Time: 4.99s
2025-08-18 10:59:35,352:INFO:Epoch: 1900/10000 | Train Loss: 8.288e-01 | Dynamic Loss: 8.288e-01 | Regularization Loss: 1.668e-07 | Val Loss: 7.986e-01 | Time: 4.63s
2025-08-18 10:59:35,354:INFO:New best model found at epoch 1900 with validation loss 7.986e-01. Saving...
2025-08-18 10:59:36,753:INFO:Epoch: 1800/10000 | Train Loss: 9.507e-01 | Dynamic Loss: 9.507e-01 | Regularization Loss: 2.480e-07 | Val Loss: 1.052e+00 | Time: 5.02s
2025-08-18 10:59:36,978:INFO:Epoch: 1850/10000 | Train Loss: 9.569e-01 | Dynamic Loss: 9.569e-01 | Regularization Loss: 2.048e-07 | Val Loss: 8.516e-01 | Time: 4.87s
2025-08-18 10:59:36,980:INFO:New best model found at epoch 1850 with validation loss 8.516e-01. Saving...
2025-08-18 10:59:39,153:INFO:Epoch: 1800/10000 | Train Loss: 9.507e-01 | Dynamic Loss: 9.507e-01 | Regularization Loss: 2.480e-07 | Val Loss: 1.052e+00 | Time: 4.95s
2025-08-18 10:59:40,018:INFO:Epoch: 1950/10000 | Train Loss: 8.789e-01 | Dynamic Loss: 8.789e-01 | Regularization Loss: 1.386e-07 | Val Loss: 9.388e-01 | Time: 4.66s
2025-08-18 10:59:41,780:INFO:Epoch: 1850/10000 | Train Loss: 9.569e-01 | Dynamic Loss: 9.569e-01 | Regularization Loss: 2.048e-07 | Val Loss: 8.516e-01 | Time: 5.02s
2025-08-18 10:59:41,783:INFO:New best model found at epoch 1850 with validation loss 8.516e-01. Saving...
2025-08-18 10:59:41,786:INFO:Epoch: 1900/10000 | Train Loss: 8.288e-01 | Dynamic Loss: 8.288e-01 | Regularization Loss: 1.668e-07 | Val Loss: 7.986e-01 | Time: 4.79s
2025-08-18 10:59:41,789:INFO:New best model found at epoch 1900 with validation loss 7.986e-01. Saving...
2025-08-18 10:59:44,193:INFO:Epoch: 1850/10000 | Train Loss: 9.569e-01 | Dynamic Loss: 9.569e-01 | Regularization Loss: 2.048e-07 | Val Loss: 8.516e-01 | Time: 5.04s
2025-08-18 10:59:44,195:INFO:New best model found at epoch 1850 with validation loss 8.516e-01. Saving...
2025-08-18 10:59:46,612:INFO:Epoch: 1950/10000 | Train Loss: 8.789e-01 | Dynamic Loss: 8.789e-01 | Regularization Loss: 1.386e-07 | Val Loss: 9.388e-01 | Time: 4.79s
2025-08-18 10:59:46,711:INFO:Epoch: 1900/10000 | Train Loss: 8.288e-01 | Dynamic Loss: 8.288e-01 | Regularization Loss: 1.668e-07 | Val Loss: 7.986e-01 | Time: 4.91s
2025-08-18 10:59:46,714:INFO:New best model found at epoch 1900 with validation loss 7.986e-01. Saving...
2025-08-18 10:59:49,164:INFO:Epoch: 1900/10000 | Train Loss: 8.288e-01 | Dynamic Loss: 8.288e-01 | Regularization Loss: 1.668e-07 | Val Loss: 7.986e-01 | Time: 4.96s
2025-08-18 10:59:49,167:INFO:New best model found at epoch 1900 with validation loss 7.986e-01. Saving...
2025-08-18 10:59:50,972:INFO:Epoch: 2000/10000 | Train Loss: 8.470e-01 | Dynamic Loss: 8.470e-01 | Regularization Loss: 1.152e-07 | Val Loss: 7.892e-01 | Time: 10.95s
2025-08-18 10:59:50,974:INFO:New best model found at epoch 2000 with validation loss 7.892e-01. Saving...
2025-08-18 10:59:51,761:INFO:Epoch: 1950/10000 | Train Loss: 8.789e-01 | Dynamic Loss: 8.789e-01 | Regularization Loss: 1.386e-07 | Val Loss: 9.388e-01 | Time: 5.03s
2025-08-18 10:59:54,221:INFO:Epoch: 1950/10000 | Train Loss: 8.789e-01 | Dynamic Loss: 8.789e-01 | Regularization Loss: 1.386e-07 | Val Loss: 9.388e-01 | Time: 5.04s
2025-08-18 10:59:55,616:INFO:Epoch: 2050/10000 | Train Loss: 9.098e-01 | Dynamic Loss: 9.098e-01 | Regularization Loss: 9.843e-08 | Val Loss: 8.875e-01 | Time: 4.63s
2025-08-18 10:59:56,691:INFO:Epoch: 2000/10000 | Train Loss: 8.470e-01 | Dynamic Loss: 8.470e-01 | Regularization Loss: 1.152e-07 | Val Loss: 7.892e-01 | Time: 4.93s
2025-08-18 10:59:56,694:INFO:New best model found at epoch 2000 with validation loss 7.892e-01. Saving...
2025-08-18 10:59:57,408:INFO:Epoch: 2000/10000 | Train Loss: 8.470e-01 | Dynamic Loss: 8.470e-01 | Regularization Loss: 1.152e-07 | Val Loss: 7.892e-01 | Time: 10.79s
2025-08-18 10:59:57,410:INFO:New best model found at epoch 2000 with validation loss 7.892e-01. Saving...
2025-08-18 11:00:00,350:INFO:Epoch: 2100/10000 | Train Loss: 8.813e-01 | Dynamic Loss: 8.813e-01 | Regularization Loss: 8.307e-08 | Val Loss: 7.699e-01 | Time: 4.73s
2025-08-18 11:00:00,352:INFO:New best model found at epoch 2100 with validation loss 7.699e-01. Saving...
2025-08-18 11:00:01,706:INFO:Epoch: 2050/10000 | Train Loss: 9.098e-01 | Dynamic Loss: 9.098e-01 | Regularization Loss: 9.843e-08 | Val Loss: 8.875e-01 | Time: 5.00s
2025-08-18 11:00:02,246:INFO:Epoch: 2050/10000 | Train Loss: 9.098e-01 | Dynamic Loss: 9.098e-01 | Regularization Loss: 9.843e-08 | Val Loss: 8.875e-01 | Time: 4.82s
2025-08-18 11:00:04,995:INFO:Epoch: 2150/10000 | Train Loss: 8.017e-01 | Dynamic Loss: 8.017e-01 | Regularization Loss: 7.130e-08 | Val Loss: 8.966e-01 | Time: 4.63s
2025-08-18 11:00:05,342:INFO:Epoch: 2000/10000 | Train Loss: 8.470e-01 | Dynamic Loss: 8.470e-01 | Regularization Loss: 1.152e-07 | Val Loss: 7.892e-01 | Time: 11.12s
2025-08-18 11:00:05,345:INFO:New best model found at epoch 2000 with validation loss 7.892e-01. Saving...
2025-08-18 11:00:06,798:INFO:Epoch: 2100/10000 | Train Loss: 8.813e-01 | Dynamic Loss: 8.813e-01 | Regularization Loss: 8.307e-08 | Val Loss: 7.699e-01 | Time: 5.09s
2025-08-18 11:00:06,801:INFO:New best model found at epoch 2100 with validation loss 7.699e-01. Saving...
2025-08-18 11:00:07,174:INFO:Epoch: 2100/10000 | Train Loss: 8.813e-01 | Dynamic Loss: 8.813e-01 | Regularization Loss: 8.307e-08 | Val Loss: 7.699e-01 | Time: 4.93s
2025-08-18 11:00:07,177:INFO:New best model found at epoch 2100 with validation loss 7.699e-01. Saving...
2025-08-18 11:00:09,707:INFO:Epoch: 2200/10000 | Train Loss: 8.293e-01 | Dynamic Loss: 8.293e-01 | Regularization Loss: 6.196e-08 | Val Loss: 8.445e-01 | Time: 4.71s
2025-08-18 11:00:10,352:INFO:Epoch: 2050/10000 | Train Loss: 9.098e-01 | Dynamic Loss: 9.098e-01 | Regularization Loss: 9.843e-08 | Val Loss: 8.875e-01 | Time: 4.99s
2025-08-18 11:00:11,723:INFO:Epoch: 2150/10000 | Train Loss: 8.017e-01 | Dynamic Loss: 8.017e-01 | Regularization Loss: 7.130e-08 | Val Loss: 8.966e-01 | Time: 4.91s
2025-08-18 11:00:12,012:INFO:Epoch: 2150/10000 | Train Loss: 8.017e-01 | Dynamic Loss: 8.017e-01 | Regularization Loss: 7.130e-08 | Val Loss: 8.966e-01 | Time: 4.82s
2025-08-18 11:00:14,359:INFO:Epoch: 2250/10000 | Train Loss: 7.771e-01 | Dynamic Loss: 7.771e-01 | Regularization Loss: 5.380e-08 | Val Loss: 9.423e-01 | Time: 4.65s
2025-08-18 11:00:15,440:INFO:Epoch: 2100/10000 | Train Loss: 8.813e-01 | Dynamic Loss: 8.813e-01 | Regularization Loss: 8.307e-08 | Val Loss: 7.699e-01 | Time: 5.09s
2025-08-18 11:00:15,443:INFO:New best model found at epoch 2100 with validation loss 7.699e-01. Saving...
2025-08-18 11:00:16,916:INFO:Epoch: 2200/10000 | Train Loss: 8.293e-01 | Dynamic Loss: 8.293e-01 | Regularization Loss: 6.196e-08 | Val Loss: 8.445e-01 | Time: 4.90s
2025-08-18 11:00:19,077:INFO:Epoch: 2300/10000 | Train Loss: 8.593e-01 | Dynamic Loss: 8.593e-01 | Regularization Loss: 4.750e-08 | Val Loss: 7.858e-01 | Time: 4.71s
2025-08-18 11:00:20,464:INFO:Epoch: 2150/10000 | Train Loss: 8.017e-01 | Dynamic Loss: 8.017e-01 | Regularization Loss: 7.130e-08 | Val Loss: 8.966e-01 | Time: 5.01s
2025-08-18 11:00:21,694:INFO:Epoch: 2250/10000 | Train Loss: 7.771e-01 | Dynamic Loss: 7.771e-01 | Regularization Loss: 5.380e-08 | Val Loss: 9.423e-01 | Time: 4.78s
2025-08-18 11:00:22,027:INFO:Epoch: 2200/10000 | Train Loss: 8.293e-01 | Dynamic Loss: 8.293e-01 | Regularization Loss: 6.196e-08 | Val Loss: 8.445e-01 | Time: 10.30s
2025-08-18 11:00:23,717:INFO:Epoch: 2350/10000 | Train Loss: 7.647e-01 | Dynamic Loss: 7.647e-01 | Regularization Loss: 4.196e-08 | Val Loss: 9.193e-01 | Time: 4.64s
2025-08-18 11:00:25,593:INFO:Epoch: 2200/10000 | Train Loss: 8.293e-01 | Dynamic Loss: 8.293e-01 | Regularization Loss: 6.196e-08 | Val Loss: 8.445e-01 | Time: 5.13s
2025-08-18 11:00:26,640:INFO:Epoch: 2300/10000 | Train Loss: 8.593e-01 | Dynamic Loss: 8.593e-01 | Regularization Loss: 4.750e-08 | Val Loss: 7.858e-01 | Time: 4.94s
2025-08-18 11:00:27,042:INFO:Epoch: 2250/10000 | Train Loss: 7.771e-01 | Dynamic Loss: 7.771e-01 | Regularization Loss: 5.380e-08 | Val Loss: 9.423e-01 | Time: 5.01s
2025-08-18 11:00:28,334:INFO:Epoch: 2400/10000 | Train Loss: 8.106e-01 | Dynamic Loss: 8.106e-01 | Regularization Loss: 3.768e-08 | Val Loss: 7.459e-01 | Time: 4.61s
2025-08-18 11:00:28,338:INFO:New best model found at epoch 2400 with validation loss 7.459e-01. Saving...
2025-08-18 11:00:30,612:INFO:Epoch: 2250/10000 | Train Loss: 7.771e-01 | Dynamic Loss: 7.771e-01 | Regularization Loss: 5.380e-08 | Val Loss: 9.423e-01 | Time: 5.02s
2025-08-18 11:00:31,468:INFO:Epoch: 2350/10000 | Train Loss: 7.647e-01 | Dynamic Loss: 7.647e-01 | Regularization Loss: 4.196e-08 | Val Loss: 9.193e-01 | Time: 4.83s
2025-08-18 11:00:34,596:INFO:Epoch: 2300/10000 | Train Loss: 8.593e-01 | Dynamic Loss: 8.593e-01 | Regularization Loss: 4.750e-08 | Val Loss: 7.858e-01 | Time: 7.55s
2025-08-18 11:00:35,719:INFO:Epoch: 2300/10000 | Train Loss: 8.593e-01 | Dynamic Loss: 8.593e-01 | Regularization Loss: 4.750e-08 | Val Loss: 7.858e-01 | Time: 5.10s
2025-08-18 11:00:36,398:INFO:Epoch: 2400/10000 | Train Loss: 8.106e-01 | Dynamic Loss: 8.106e-01 | Regularization Loss: 3.768e-08 | Val Loss: 7.459e-01 | Time: 4.93s
2025-08-18 11:00:36,401:INFO:New best model found at epoch 2400 with validation loss 7.459e-01. Saving...
2025-08-18 11:00:38,882:INFO:Epoch: 2450/10000 | Train Loss: 8.402e-01 | Dynamic Loss: 8.402e-01 | Regularization Loss: 3.574e-08 | Val Loss: 7.494e-01 | Time: 10.53s
2025-08-18 11:00:39,612:INFO:Epoch: 2350/10000 | Train Loss: 7.647e-01 | Dynamic Loss: 7.647e-01 | Regularization Loss: 4.196e-08 | Val Loss: 9.193e-01 | Time: 5.01s
2025-08-18 11:00:40,763:INFO:Epoch: 2350/10000 | Train Loss: 7.647e-01 | Dynamic Loss: 7.647e-01 | Regularization Loss: 4.196e-08 | Val Loss: 9.193e-01 | Time: 5.04s
2025-08-18 11:00:43,520:INFO:Epoch: 2500/10000 | Train Loss: 8.120e-01 | Dynamic Loss: 8.120e-01 | Regularization Loss: 3.366e-08 | Val Loss: 7.160e-01 | Time: 4.63s
2025-08-18 11:00:43,522:INFO:New best model found at epoch 2500 with validation loss 7.160e-01. Saving...
2025-08-18 11:00:44,604:INFO:Epoch: 2400/10000 | Train Loss: 8.106e-01 | Dynamic Loss: 8.106e-01 | Regularization Loss: 3.768e-08 | Val Loss: 7.459e-01 | Time: 4.99s
2025-08-18 11:00:44,607:INFO:New best model found at epoch 2400 with validation loss 7.459e-01. Saving...
2025-08-18 11:00:45,806:INFO:Epoch: 2400/10000 | Train Loss: 8.106e-01 | Dynamic Loss: 8.106e-01 | Regularization Loss: 3.768e-08 | Val Loss: 7.459e-01 | Time: 5.04s
2025-08-18 11:00:45,808:INFO:New best model found at epoch 2400 with validation loss 7.459e-01. Saving...
2025-08-18 11:00:47,239:INFO:Epoch: 2450/10000 | Train Loss: 8.402e-01 | Dynamic Loss: 8.402e-01 | Regularization Loss: 3.574e-08 | Val Loss: 7.494e-01 | Time: 10.83s
2025-08-18 11:00:48,255:INFO:Epoch: 2550/10000 | Train Loss: 7.424e-01 | Dynamic Loss: 7.424e-01 | Regularization Loss: 3.174e-08 | Val Loss: 8.348e-01 | Time: 4.72s
2025-08-18 11:00:49,557:INFO:Epoch: 2450/10000 | Train Loss: 8.402e-01 | Dynamic Loss: 8.402e-01 | Regularization Loss: 3.574e-08 | Val Loss: 7.494e-01 | Time: 4.94s
2025-08-18 11:00:52,083:INFO:Epoch: 2500/10000 | Train Loss: 8.120e-01 | Dynamic Loss: 8.120e-01 | Regularization Loss: 3.366e-08 | Val Loss: 7.160e-01 | Time: 4.84s
2025-08-18 11:00:52,085:INFO:New best model found at epoch 2500 with validation loss 7.160e-01. Saving...
2025-08-18 11:00:52,904:INFO:Epoch: 2600/10000 | Train Loss: 7.753e-01 | Dynamic Loss: 7.753e-01 | Regularization Loss: 2.892e-08 | Val Loss: 8.411e-01 | Time: 4.65s
2025-08-18 11:00:54,552:INFO:Epoch: 2500/10000 | Train Loss: 8.120e-01 | Dynamic Loss: 8.120e-01 | Regularization Loss: 3.366e-08 | Val Loss: 7.160e-01 | Time: 4.99s
2025-08-18 11:00:54,555:INFO:New best model found at epoch 2500 with validation loss 7.160e-01. Saving...
2025-08-18 11:00:56,976:INFO:Epoch: 2450/10000 | Train Loss: 8.402e-01 | Dynamic Loss: 8.402e-01 | Regularization Loss: 3.574e-08 | Val Loss: 7.494e-01 | Time: 11.16s
2025-08-18 11:00:56,978:INFO:Epoch: 2550/10000 | Train Loss: 7.424e-01 | Dynamic Loss: 7.424e-01 | Regularization Loss: 3.174e-08 | Val Loss: 8.348e-01 | Time: 4.88s
2025-08-18 11:00:57,675:INFO:Epoch: 2650/10000 | Train Loss: 7.942e-01 | Dynamic Loss: 7.942e-01 | Regularization Loss: 2.652e-08 | Val Loss: 6.890e-01 | Time: 4.77s
2025-08-18 11:00:57,679:INFO:New best model found at epoch 2650 with validation loss 6.890e-01. Saving...
2025-08-18 11:00:59,508:INFO:Epoch: 2550/10000 | Train Loss: 7.424e-01 | Dynamic Loss: 7.424e-01 | Regularization Loss: 3.174e-08 | Val Loss: 8.348e-01 | Time: 4.94s
2025-08-18 11:01:01,823:INFO:Epoch: 2600/10000 | Train Loss: 7.753e-01 | Dynamic Loss: 7.753e-01 | Regularization Loss: 2.892e-08 | Val Loss: 8.411e-01 | Time: 4.84s
2025-08-18 11:01:02,057:INFO:Epoch: 2500/10000 | Train Loss: 8.120e-01 | Dynamic Loss: 8.120e-01 | Regularization Loss: 3.366e-08 | Val Loss: 7.160e-01 | Time: 5.08s
2025-08-18 11:01:02,059:INFO:New best model found at epoch 2500 with validation loss 7.160e-01. Saving...
2025-08-18 11:01:02,387:INFO:Epoch: 2700/10000 | Train Loss: 7.303e-01 | Dynamic Loss: 7.303e-01 | Regularization Loss: 2.529e-08 | Val Loss: 8.379e-01 | Time: 4.69s
2025-08-18 11:01:04,598:INFO:Epoch: 2600/10000 | Train Loss: 7.753e-01 | Dynamic Loss: 7.753e-01 | Regularization Loss: 2.892e-08 | Val Loss: 8.411e-01 | Time: 5.09s
2025-08-18 11:01:06,777:INFO:Epoch: 2650/10000 | Train Loss: 7.942e-01 | Dynamic Loss: 7.942e-01 | Regularization Loss: 2.652e-08 | Val Loss: 6.890e-01 | Time: 4.95s
2025-08-18 11:01:06,779:INFO:New best model found at epoch 2650 with validation loss 6.890e-01. Saving...
2025-08-18 11:01:07,096:INFO:Epoch: 2750/10000 | Train Loss: 7.463e-01 | Dynamic Loss: 7.463e-01 | Regularization Loss: 2.437e-08 | Val Loss: 6.785e-01 | Time: 4.71s
2025-08-18 11:01:07,099:INFO:New best model found at epoch 2750 with validation loss 6.785e-01. Saving...
2025-08-18 11:01:07,165:INFO:Epoch: 2550/10000 | Train Loss: 7.424e-01 | Dynamic Loss: 7.424e-01 | Regularization Loss: 3.174e-08 | Val Loss: 8.348e-01 | Time: 5.09s
2025-08-18 11:01:09,535:INFO:Epoch: 2650/10000 | Train Loss: 7.942e-01 | Dynamic Loss: 7.942e-01 | Regularization Loss: 2.652e-08 | Val Loss: 6.890e-01 | Time: 4.93s
2025-08-18 11:01:09,537:INFO:New best model found at epoch 2650 with validation loss 6.890e-01. Saving...
2025-08-18 11:01:11,680:INFO:Epoch: 2700/10000 | Train Loss: 7.303e-01 | Dynamic Loss: 7.303e-01 | Regularization Loss: 2.529e-08 | Val Loss: 8.379e-01 | Time: 4.89s
2025-08-18 11:01:12,164:INFO:Epoch: 2600/10000 | Train Loss: 7.753e-01 | Dynamic Loss: 7.753e-01 | Regularization Loss: 2.892e-08 | Val Loss: 8.411e-01 | Time: 5.00s
2025-08-18 11:01:15,387:INFO:Epoch: 2700/10000 | Train Loss: 7.303e-01 | Dynamic Loss: 7.303e-01 | Regularization Loss: 2.529e-08 | Val Loss: 8.379e-01 | Time: 5.84s
2025-08-18 11:01:16,584:INFO:Epoch: 2750/10000 | Train Loss: 7.463e-01 | Dynamic Loss: 7.463e-01 | Regularization Loss: 2.437e-08 | Val Loss: 6.785e-01 | Time: 4.90s
2025-08-18 11:01:16,586:INFO:New best model found at epoch 2750 with validation loss 6.785e-01. Saving...
2025-08-18 11:01:16,837:INFO:Epoch: 2800/10000 | Train Loss: 7.046e-01 | Dynamic Loss: 7.046e-01 | Regularization Loss: 2.336e-08 | Val Loss: 7.768e-01 | Time: 9.72s
2025-08-18 11:01:17,286:INFO:Epoch: 2650/10000 | Train Loss: 7.942e-01 | Dynamic Loss: 7.942e-01 | Regularization Loss: 2.652e-08 | Val Loss: 6.890e-01 | Time: 5.12s
2025-08-18 11:01:17,289:INFO:New best model found at epoch 2650 with validation loss 6.890e-01. Saving...
2025-08-18 11:01:21,320:INFO:Epoch: 2850/10000 | Train Loss: 7.178e-01 | Dynamic Loss: 7.178e-01 | Regularization Loss: 2.249e-08 | Val Loss: 7.171e-01 | Time: 4.48s
2025-08-18 11:01:22,385:INFO:Epoch: 2700/10000 | Train Loss: 7.303e-01 | Dynamic Loss: 7.303e-01 | Regularization Loss: 2.529e-08 | Val Loss: 8.379e-01 | Time: 5.08s
2025-08-18 11:01:23,396:INFO:Epoch: 2750/10000 | Train Loss: 7.463e-01 | Dynamic Loss: 7.463e-01 | Regularization Loss: 2.437e-08 | Val Loss: 6.785e-01 | Time: 8.01s
2025-08-18 11:01:23,399:INFO:New best model found at epoch 2750 with validation loss 6.785e-01. Saving...
2025-08-18 11:01:25,804:INFO:Epoch: 2900/10000 | Train Loss: 6.985e-01 | Dynamic Loss: 6.985e-01 | Regularization Loss: 2.171e-08 | Val Loss: 7.399e-01 | Time: 4.48s
2025-08-18 11:01:26,630:INFO:Epoch: 2800/10000 | Train Loss: 7.046e-01 | Dynamic Loss: 7.046e-01 | Regularization Loss: 2.336e-08 | Val Loss: 7.768e-01 | Time: 10.03s
2025-08-18 11:01:27,398:INFO:Epoch: 2750/10000 | Train Loss: 7.463e-01 | Dynamic Loss: 7.463e-01 | Regularization Loss: 2.437e-08 | Val Loss: 6.785e-01 | Time: 5.01s
2025-08-18 11:01:27,400:INFO:New best model found at epoch 2750 with validation loss 6.785e-01. Saving...
2025-08-18 11:01:28,189:INFO:Epoch: 2800/10000 | Train Loss: 7.046e-01 | Dynamic Loss: 7.046e-01 | Regularization Loss: 2.336e-08 | Val Loss: 7.768e-01 | Time: 4.78s
2025-08-18 11:01:30,242:INFO:Epoch: 2950/10000 | Train Loss: 7.007e-01 | Dynamic Loss: 7.007e-01 | Regularization Loss: 2.108e-08 | Val Loss: 6.916e-01 | Time: 4.44s
2025-08-18 11:01:31,282:INFO:Epoch: 2850/10000 | Train Loss: 7.178e-01 | Dynamic Loss: 7.178e-01 | Regularization Loss: 2.249e-08 | Val Loss: 7.171e-01 | Time: 4.65s
2025-08-18 11:01:32,918:INFO:Epoch: 2850/10000 | Train Loss: 7.178e-01 | Dynamic Loss: 7.178e-01 | Regularization Loss: 2.249e-08 | Val Loss: 7.171e-01 | Time: 4.73s
2025-08-18 11:01:35,957:INFO:Epoch: 2900/10000 | Train Loss: 6.985e-01 | Dynamic Loss: 6.985e-01 | Regularization Loss: 2.171e-08 | Val Loss: 7.399e-01 | Time: 4.67s
2025-08-18 11:01:37,808:INFO:Epoch: 2900/10000 | Train Loss: 6.985e-01 | Dynamic Loss: 6.985e-01 | Regularization Loss: 2.171e-08 | Val Loss: 7.399e-01 | Time: 4.89s
2025-08-18 11:01:37,901:INFO:Epoch: 2800/10000 | Train Loss: 7.046e-01 | Dynamic Loss: 7.046e-01 | Regularization Loss: 2.336e-08 | Val Loss: 7.768e-01 | Time: 10.49s
2025-08-18 11:01:40,482:INFO:Epoch: 3000/10000 | Train Loss: 7.118e-01 | Dynamic Loss: 7.118e-01 | Regularization Loss: 2.059e-08 | Val Loss: 6.478e-01 | Time: 10.24s
2025-08-18 11:01:40,485:INFO:New best model found at epoch 3000 with validation loss 6.478e-01. Saving...
2025-08-18 11:01:40,606:INFO:Epoch: 2950/10000 | Train Loss: 7.007e-01 | Dynamic Loss: 7.007e-01 | Regularization Loss: 2.108e-08 | Val Loss: 6.916e-01 | Time: 4.65s
2025-08-18 11:01:42,599:INFO:Epoch: 2950/10000 | Train Loss: 7.007e-01 | Dynamic Loss: 7.007e-01 | Regularization Loss: 2.108e-08 | Val Loss: 6.916e-01 | Time: 4.79s
2025-08-18 11:01:42,828:INFO:Epoch: 2850/10000 | Train Loss: 7.178e-01 | Dynamic Loss: 7.178e-01 | Regularization Loss: 2.249e-08 | Val Loss: 7.171e-01 | Time: 4.92s
2025-08-18 11:01:45,038:INFO:Epoch: 3050/10000 | Train Loss: 6.910e-01 | Dynamic Loss: 6.910e-01 | Regularization Loss: 2.079e-08 | Val Loss: 7.239e-01 | Time: 4.54s
2025-08-18 11:01:47,435:INFO:Epoch: 3000/10000 | Train Loss: 7.118e-01 | Dynamic Loss: 7.118e-01 | Regularization Loss: 2.059e-08 | Val Loss: 6.478e-01 | Time: 4.83s
2025-08-18 11:01:47,438:INFO:New best model found at epoch 3000 with validation loss 6.478e-01. Saving...
2025-08-18 11:01:47,691:INFO:Epoch: 2900/10000 | Train Loss: 6.985e-01 | Dynamic Loss: 6.985e-01 | Regularization Loss: 2.171e-08 | Val Loss: 7.399e-01 | Time: 4.86s
2025-08-18 11:01:49,513:INFO:Epoch: 3100/10000 | Train Loss: 6.781e-01 | Dynamic Loss: 6.781e-01 | Regularization Loss: 2.114e-08 | Val Loss: 6.776e-01 | Time: 4.47s
2025-08-18 11:01:51,078:INFO:Epoch: 3000/10000 | Train Loss: 7.118e-01 | Dynamic Loss: 7.118e-01 | Regularization Loss: 2.059e-08 | Val Loss: 6.478e-01 | Time: 10.47s
2025-08-18 11:01:51,081:INFO:New best model found at epoch 3000 with validation loss 6.478e-01. Saving...
2025-08-18 11:01:52,255:INFO:Epoch: 3050/10000 | Train Loss: 6.910e-01 | Dynamic Loss: 6.910e-01 | Regularization Loss: 2.079e-08 | Val Loss: 7.239e-01 | Time: 4.81s
2025-08-18 11:01:52,533:INFO:Epoch: 2950/10000 | Train Loss: 7.007e-01 | Dynamic Loss: 7.007e-01 | Regularization Loss: 2.108e-08 | Val Loss: 6.916e-01 | Time: 4.84s
2025-08-18 11:01:54,006:INFO:Epoch: 3150/10000 | Train Loss: 6.914e-01 | Dynamic Loss: 6.914e-01 | Regularization Loss: 2.160e-08 | Val Loss: 6.321e-01 | Time: 4.49s
2025-08-18 11:01:54,009:INFO:New best model found at epoch 3150 with validation loss 6.321e-01. Saving...
2025-08-18 11:01:55,765:INFO:Epoch: 3050/10000 | Train Loss: 6.910e-01 | Dynamic Loss: 6.910e-01 | Regularization Loss: 2.079e-08 | Val Loss: 7.239e-01 | Time: 4.67s
2025-08-18 11:02:00,412:INFO:Epoch: 3100/10000 | Train Loss: 6.781e-01 | Dynamic Loss: 6.781e-01 | Regularization Loss: 2.114e-08 | Val Loss: 6.776e-01 | Time: 4.64s
2025-08-18 11:02:01,834:INFO:Epoch: 3100/10000 | Train Loss: 6.781e-01 | Dynamic Loss: 6.781e-01 | Regularization Loss: 2.114e-08 | Val Loss: 6.776e-01 | Time: 9.58s
2025-08-18 11:02:03,349:INFO:Epoch: 3000/10000 | Train Loss: 7.118e-01 | Dynamic Loss: 7.118e-01 | Regularization Loss: 2.059e-08 | Val Loss: 6.478e-01 | Time: 10.81s
2025-08-18 11:02:03,351:INFO:New best model found at epoch 3000 with validation loss 6.478e-01. Saving...
2025-08-18 11:02:04,700:INFO:Epoch: 3200/10000 | Train Loss: 6.730e-01 | Dynamic Loss: 6.730e-01 | Regularization Loss: 2.198e-08 | Val Loss: 6.492e-01 | Time: 10.68s
2025-08-18 11:02:05,043:INFO:Epoch: 3150/10000 | Train Loss: 6.914e-01 | Dynamic Loss: 6.914e-01 | Regularization Loss: 2.160e-08 | Val Loss: 6.321e-01 | Time: 4.63s
2025-08-18 11:02:05,046:INFO:New best model found at epoch 3150 with validation loss 6.321e-01. Saving...
2025-08-18 11:02:06,621:INFO:Epoch: 3150/10000 | Train Loss: 6.914e-01 | Dynamic Loss: 6.914e-01 | Regularization Loss: 2.160e-08 | Val Loss: 6.321e-01 | Time: 4.78s
2025-08-18 11:02:06,623:INFO:New best model found at epoch 3150 with validation loss 6.321e-01. Saving...
2025-08-18 11:02:08,233:INFO:Epoch: 3050/10000 | Train Loss: 6.910e-01 | Dynamic Loss: 6.910e-01 | Regularization Loss: 2.079e-08 | Val Loss: 7.239e-01 | Time: 4.87s
2025-08-18 11:02:09,213:INFO:Epoch: 3250/10000 | Train Loss: 6.678e-01 | Dynamic Loss: 6.678e-01 | Regularization Loss: 2.287e-08 | Val Loss: 6.463e-01 | Time: 4.51s
2025-08-18 11:02:11,362:INFO:Epoch: 3200/10000 | Train Loss: 6.730e-01 | Dynamic Loss: 6.730e-01 | Regularization Loss: 2.198e-08 | Val Loss: 6.492e-01 | Time: 4.73s
2025-08-18 11:02:13,060:INFO:Epoch: 3100/10000 | Train Loss: 6.781e-01 | Dynamic Loss: 6.781e-01 | Regularization Loss: 2.114e-08 | Val Loss: 6.776e-01 | Time: 4.83s
2025-08-18 11:02:13,666:INFO:Epoch: 3300/10000 | Train Loss: 6.770e-01 | Dynamic Loss: 6.770e-01 | Regularization Loss: 2.444e-08 | Val Loss: 6.356e-01 | Time: 4.45s
2025-08-18 11:02:15,714:INFO:Epoch: 3200/10000 | Train Loss: 6.730e-01 | Dynamic Loss: 6.730e-01 | Regularization Loss: 2.198e-08 | Val Loss: 6.492e-01 | Time: 10.65s
2025-08-18 11:02:16,161:INFO:Epoch: 3250/10000 | Train Loss: 6.678e-01 | Dynamic Loss: 6.678e-01 | Regularization Loss: 2.287e-08 | Val Loss: 6.463e-01 | Time: 4.80s
2025-08-18 11:02:17,909:INFO:Epoch: 3150/10000 | Train Loss: 6.914e-01 | Dynamic Loss: 6.914e-01 | Regularization Loss: 2.160e-08 | Val Loss: 6.321e-01 | Time: 4.85s
2025-08-18 11:02:17,912:INFO:New best model found at epoch 3150 with validation loss 6.321e-01. Saving...
2025-08-18 11:02:18,216:INFO:Epoch: 3350/10000 | Train Loss: 6.493e-01 | Dynamic Loss: 6.493e-01 | Regularization Loss: 2.631e-08 | Val Loss: 6.836e-01 | Time: 4.55s
2025-08-18 11:02:20,425:INFO:Epoch: 3250/10000 | Train Loss: 6.678e-01 | Dynamic Loss: 6.678e-01 | Regularization Loss: 2.287e-08 | Val Loss: 6.463e-01 | Time: 4.71s
2025-08-18 11:02:21,057:INFO:Epoch: 3300/10000 | Train Loss: 6.770e-01 | Dynamic Loss: 6.770e-01 | Regularization Loss: 2.444e-08 | Val Loss: 6.356e-01 | Time: 4.89s
2025-08-18 11:02:22,674:INFO:Epoch: 3400/10000 | Train Loss: 6.636e-01 | Dynamic Loss: 6.636e-01 | Regularization Loss: 2.836e-08 | Val Loss: 6.264e-01 | Time: 4.46s
2025-08-18 11:02:22,677:INFO:New best model found at epoch 3400 with validation loss 6.264e-01. Saving...
2025-08-18 11:02:25,105:INFO:Epoch: 3300/10000 | Train Loss: 6.770e-01 | Dynamic Loss: 6.770e-01 | Regularization Loss: 2.444e-08 | Val Loss: 6.356e-01 | Time: 4.68s
2025-08-18 11:02:25,835:INFO:Epoch: 3350/10000 | Train Loss: 6.493e-01 | Dynamic Loss: 6.493e-01 | Regularization Loss: 2.631e-08 | Val Loss: 6.836e-01 | Time: 4.77s
2025-08-18 11:02:27,194:INFO:Epoch: 3450/10000 | Train Loss: 6.409e-01 | Dynamic Loss: 6.409e-01 | Regularization Loss: 3.143e-08 | Val Loss: 6.178e-01 | Time: 4.50s
2025-08-18 11:02:27,198:INFO:New best model found at epoch 3450 with validation loss 6.178e-01. Saving...
2025-08-18 11:02:29,187:INFO:Epoch: 3200/10000 | Train Loss: 6.730e-01 | Dynamic Loss: 6.730e-01 | Regularization Loss: 2.198e-08 | Val Loss: 6.492e-01 | Time: 11.26s
2025-08-18 11:02:29,834:INFO:Epoch: 3350/10000 | Train Loss: 6.493e-01 | Dynamic Loss: 6.493e-01 | Regularization Loss: 2.631e-08 | Val Loss: 6.836e-01 | Time: 4.73s
2025-08-18 11:02:30,549:INFO:Epoch: 3400/10000 | Train Loss: 6.636e-01 | Dynamic Loss: 6.636e-01 | Regularization Loss: 2.836e-08 | Val Loss: 6.264e-01 | Time: 4.71s
2025-08-18 11:02:30,552:INFO:New best model found at epoch 3400 with validation loss 6.264e-01. Saving...
2025-08-18 11:02:31,662:INFO:Epoch: 3500/10000 | Train Loss: 6.477e-01 | Dynamic Loss: 6.477e-01 | Regularization Loss: 3.438e-08 | Val Loss: 6.674e-01 | Time: 4.46s
2025-08-18 11:02:34,082:INFO:Epoch: 3250/10000 | Train Loss: 6.678e-01 | Dynamic Loss: 6.678e-01 | Regularization Loss: 2.287e-08 | Val Loss: 6.463e-01 | Time: 4.89s
2025-08-18 11:02:34,534:INFO:Epoch: 3400/10000 | Train Loss: 6.636e-01 | Dynamic Loss: 6.636e-01 | Regularization Loss: 2.836e-08 | Val Loss: 6.264e-01 | Time: 4.70s
2025-08-18 11:02:34,537:INFO:New best model found at epoch 3400 with validation loss 6.264e-01. Saving...
2025-08-18 11:02:35,353:INFO:Epoch: 3450/10000 | Train Loss: 6.409e-01 | Dynamic Loss: 6.409e-01 | Regularization Loss: 3.143e-08 | Val Loss: 6.178e-01 | Time: 4.79s
2025-08-18 11:02:35,357:INFO:New best model found at epoch 3450 with validation loss 6.178e-01. Saving...
2025-08-18 11:02:38,932:INFO:Epoch: 3300/10000 | Train Loss: 6.770e-01 | Dynamic Loss: 6.770e-01 | Regularization Loss: 2.444e-08 | Val Loss: 6.356e-01 | Time: 4.85s
2025-08-18 11:02:39,312:INFO:Epoch: 3450/10000 | Train Loss: 6.409e-01 | Dynamic Loss: 6.409e-01 | Regularization Loss: 3.143e-08 | Val Loss: 6.178e-01 | Time: 4.76s
2025-08-18 11:02:39,315:INFO:New best model found at epoch 3450 with validation loss 6.178e-01. Saving...
2025-08-18 11:02:40,171:INFO:Epoch: 3550/10000 | Train Loss: 6.458e-01 | Dynamic Loss: 6.458e-01 | Regularization Loss: 3.917e-08 | Val Loss: 6.026e-01 | Time: 8.51s
2025-08-18 11:02:40,173:INFO:New best model found at epoch 3550 with validation loss 6.026e-01. Saving...
2025-08-18 11:02:40,260:INFO:Epoch: 3500/10000 | Train Loss: 6.477e-01 | Dynamic Loss: 6.477e-01 | Regularization Loss: 3.438e-08 | Val Loss: 6.674e-01 | Time: 4.89s
2025-08-18 11:02:43,804:INFO:Epoch: 3350/10000 | Train Loss: 6.493e-01 | Dynamic Loss: 6.493e-01 | Regularization Loss: 2.631e-08 | Val Loss: 6.836e-01 | Time: 4.87s
2025-08-18 11:02:44,012:INFO:Epoch: 3500/10000 | Train Loss: 6.477e-01 | Dynamic Loss: 6.477e-01 | Regularization Loss: 3.438e-08 | Val Loss: 6.674e-01 | Time: 4.68s
2025-08-18 11:02:44,663:INFO:Epoch: 3600/10000 | Train Loss: 6.278e-01 | Dynamic Loss: 6.278e-01 | Regularization Loss: 4.476e-08 | Val Loss: 6.381e-01 | Time: 4.48s
2025-08-18 11:02:45,109:INFO:Epoch: 3550/10000 | Train Loss: 6.458e-01 | Dynamic Loss: 6.458e-01 | Regularization Loss: 3.917e-08 | Val Loss: 6.026e-01 | Time: 4.85s
2025-08-18 11:02:45,113:INFO:New best model found at epoch 3550 with validation loss 6.026e-01. Saving...
2025-08-18 11:02:48,584:INFO:Epoch: 3400/10000 | Train Loss: 6.636e-01 | Dynamic Loss: 6.636e-01 | Regularization Loss: 2.836e-08 | Val Loss: 6.264e-01 | Time: 4.78s
2025-08-18 11:02:48,587:INFO:New best model found at epoch 3400 with validation loss 6.264e-01. Saving...
2025-08-18 11:02:49,109:INFO:Epoch: 3650/10000 | Train Loss: 6.352e-01 | Dynamic Loss: 6.352e-01 | Regularization Loss: 5.038e-08 | Val Loss: 6.024e-01 | Time: 4.44s
2025-08-18 11:02:49,111:INFO:New best model found at epoch 3650 with validation loss 6.024e-01. Saving...
2025-08-18 11:02:49,972:INFO:Epoch: 3600/10000 | Train Loss: 6.278e-01 | Dynamic Loss: 6.278e-01 | Regularization Loss: 4.476e-08 | Val Loss: 6.381e-01 | Time: 4.85s
2025-08-18 11:02:52,737:INFO:Epoch: 3550/10000 | Train Loss: 6.458e-01 | Dynamic Loss: 6.458e-01 | Regularization Loss: 3.917e-08 | Val Loss: 6.026e-01 | Time: 8.72s
2025-08-18 11:02:52,741:INFO:New best model found at epoch 3550 with validation loss 6.026e-01. Saving...
2025-08-18 11:02:53,581:INFO:Epoch: 3450/10000 | Train Loss: 6.409e-01 | Dynamic Loss: 6.409e-01 | Regularization Loss: 3.143e-08 | Val Loss: 6.178e-01 | Time: 4.98s
2025-08-18 11:02:53,583:INFO:New best model found at epoch 3450 with validation loss 6.178e-01. Saving...
2025-08-18 11:02:53,634:INFO:Epoch: 3700/10000 | Train Loss: 6.244e-01 | Dynamic Loss: 6.244e-01 | Regularization Loss: 5.808e-08 | Val Loss: 6.373e-01 | Time: 4.51s
2025-08-18 11:02:57,550:INFO:Epoch: 3600/10000 | Train Loss: 6.278e-01 | Dynamic Loss: 6.278e-01 | Regularization Loss: 4.476e-08 | Val Loss: 6.381e-01 | Time: 4.80s
2025-08-18 11:02:57,688:INFO:Epoch: 3650/10000 | Train Loss: 6.352e-01 | Dynamic Loss: 6.352e-01 | Regularization Loss: 5.038e-08 | Val Loss: 6.024e-01 | Time: 7.70s
2025-08-18 11:02:57,691:INFO:New best model found at epoch 3650 with validation loss 6.024e-01. Saving...
2025-08-18 11:02:58,163:INFO:Epoch: 3750/10000 | Train Loss: 6.186e-01 | Dynamic Loss: 6.186e-01 | Regularization Loss: 6.649e-08 | Val Loss: 6.151e-01 | Time: 4.53s
2025-08-18 11:02:58,456:INFO:Epoch: 3500/10000 | Train Loss: 6.477e-01 | Dynamic Loss: 6.477e-01 | Regularization Loss: 3.438e-08 | Val Loss: 6.674e-01 | Time: 4.86s
2025-08-18 11:03:02,209:INFO:Epoch: 3650/10000 | Train Loss: 6.352e-01 | Dynamic Loss: 6.352e-01 | Regularization Loss: 5.038e-08 | Val Loss: 6.024e-01 | Time: 4.66s
2025-08-18 11:03:02,211:INFO:New best model found at epoch 3650 with validation loss 6.024e-01. Saving...
2025-08-18 11:03:02,589:INFO:Epoch: 3700/10000 | Train Loss: 6.244e-01 | Dynamic Loss: 6.244e-01 | Regularization Loss: 5.808e-08 | Val Loss: 6.373e-01 | Time: 4.89s
2025-08-18 11:03:02,664:INFO:Epoch: 3800/10000 | Train Loss: 6.226e-01 | Dynamic Loss: 6.226e-01 | Regularization Loss: 7.829e-08 | Val Loss: 5.886e-01 | Time: 4.50s
2025-08-18 11:03:02,666:INFO:New best model found at epoch 3800 with validation loss 5.886e-01. Saving...
2025-08-18 11:03:06,951:INFO:Epoch: 3700/10000 | Train Loss: 6.244e-01 | Dynamic Loss: 6.244e-01 | Regularization Loss: 5.808e-08 | Val Loss: 6.373e-01 | Time: 4.73s
2025-08-18 11:03:07,132:INFO:Epoch: 3850/10000 | Train Loss: 5.984e-01 | Dynamic Loss: 5.984e-01 | Regularization Loss: 8.793e-08 | Val Loss: 5.996e-01 | Time: 4.45s
2025-08-18 11:03:07,399:INFO:Epoch: 3550/10000 | Train Loss: 6.458e-01 | Dynamic Loss: 6.458e-01 | Regularization Loss: 3.917e-08 | Val Loss: 6.026e-01 | Time: 8.94s
2025-08-18 11:03:07,402:INFO:New best model found at epoch 3550 with validation loss 6.026e-01. Saving...
2025-08-18 11:03:07,500:INFO:Epoch: 3750/10000 | Train Loss: 6.186e-01 | Dynamic Loss: 6.186e-01 | Regularization Loss: 6.649e-08 | Val Loss: 6.151e-01 | Time: 4.91s
2025-08-18 11:03:11,621:INFO:Epoch: 3750/10000 | Train Loss: 6.186e-01 | Dynamic Loss: 6.186e-01 | Regularization Loss: 6.649e-08 | Val Loss: 6.151e-01 | Time: 4.67s
2025-08-18 11:03:12,294:INFO:Epoch: 3600/10000 | Train Loss: 6.278e-01 | Dynamic Loss: 6.278e-01 | Regularization Loss: 4.476e-08 | Val Loss: 6.381e-01 | Time: 4.88s
2025-08-18 11:03:12,363:INFO:Epoch: 3800/10000 | Train Loss: 6.226e-01 | Dynamic Loss: 6.226e-01 | Regularization Loss: 7.829e-08 | Val Loss: 5.886e-01 | Time: 4.86s
2025-08-18 11:03:12,366:INFO:New best model found at epoch 3800 with validation loss 5.886e-01. Saving...
2025-08-18 11:03:13,489:INFO:Epoch: 3900/10000 | Train Loss: 5.976e-01 | Dynamic Loss: 5.976e-01 | Regularization Loss: 1.042e-07 | Val Loss: 6.012e-01 | Time: 6.35s
2025-08-18 11:03:16,286:INFO:Epoch: 3800/10000 | Train Loss: 6.226e-01 | Dynamic Loss: 6.226e-01 | Regularization Loss: 7.829e-08 | Val Loss: 5.886e-01 | Time: 4.66s
2025-08-18 11:03:16,289:INFO:New best model found at epoch 3800 with validation loss 5.886e-01. Saving...
2025-08-18 11:03:17,128:INFO:Epoch: 3650/10000 | Train Loss: 6.352e-01 | Dynamic Loss: 6.352e-01 | Regularization Loss: 5.038e-08 | Val Loss: 6.024e-01 | Time: 4.83s
2025-08-18 11:03:17,130:INFO:New best model found at epoch 3650 with validation loss 6.024e-01. Saving...
2025-08-18 11:03:22,024:INFO:Epoch: 3700/10000 | Train Loss: 6.244e-01 | Dynamic Loss: 6.244e-01 | Regularization Loss: 5.808e-08 | Val Loss: 6.373e-01 | Time: 4.88s
2025-08-18 11:03:26,873:INFO:Epoch: 3750/10000 | Train Loss: 6.186e-01 | Dynamic Loss: 6.186e-01 | Regularization Loss: 6.649e-08 | Val Loss: 6.151e-01 | Time: 4.85s
2025-08-18 11:03:31,706:INFO:Epoch: 3800/10000 | Train Loss: 6.226e-01 | Dynamic Loss: 6.226e-01 | Regularization Loss: 7.829e-08 | Val Loss: 5.886e-01 | Time: 4.83s
2025-08-18 11:03:31,706:INFO:New best model found at epoch 3800 with validation loss 5.886e-01. Saving...
2025-08-18 11:03:36,582:INFO:Epoch: 3850/10000 | Train Loss: 5.984e-01 | Dynamic Loss: 5.984e-01 | Regularization Loss: 8.793e-08 | Val Loss: 5.996e-01 | Time: 4.87s
2025-08-18 11:03:43,437:INFO:Epoch: 3900/10000 | Train Loss: 5.976e-01 | Dynamic Loss: 5.976e-01 | Regularization Loss: 1.042e-07 | Val Loss: 6.012e-01 | Time: 6.85s
2025-08-18 11:03:48,273:INFO:Epoch: 3950/10000 | Train Loss: 6.048e-01 | Dynamic Loss: 6.048e-01 | Regularization Loss: 1.246e-07 | Val Loss: 6.001e-01 | Time: 4.84s
2025-08-18 11:03:53,148:INFO:Epoch: 4000/10000 | Train Loss: 6.109e-01 | Dynamic Loss: 6.109e-01 | Regularization Loss: 1.531e-07 | Val Loss: 5.698e-01 | Time: 4.87s
2025-08-18 11:03:53,148:INFO:New best model found at epoch 4000 with validation loss 5.698e-01. Saving...
2025-08-18 11:03:58,000:INFO:Epoch: 4050/10000 | Train Loss: 5.918e-01 | Dynamic Loss: 5.918e-01 | Regularization Loss: 1.819e-07 | Val Loss: 6.008e-01 | Time: 4.84s
2025-08-18 11:04:07,922:INFO:Epoch: 4100/10000 | Train Loss: 5.871e-01 | Dynamic Loss: 5.871e-01 | Regularization Loss: 2.087e-07 | Val Loss: 6.212e-01 | Time: 9.92s
2025-08-18 11:04:12,798:INFO:Epoch: 4150/10000 | Train Loss: 5.919e-01 | Dynamic Loss: 5.919e-01 | Regularization Loss: 2.414e-07 | Val Loss: 5.896e-01 | Time: 4.88s
2025-08-18 11:04:17,695:INFO:Epoch: 4200/10000 | Train Loss: 5.892e-01 | Dynamic Loss: 5.892e-01 | Regularization Loss: 2.759e-07 | Val Loss: 5.800e-01 | Time: 4.90s
2025-08-18 11:04:22,490:INFO:Epoch: 4250/10000 | Train Loss: 5.711e-01 | Dynamic Loss: 5.711e-01 | Regularization Loss: 3.185e-07 | Val Loss: 5.596e-01 | Time: 4.79s
2025-08-18 11:04:22,490:INFO:New best model found at epoch 4250 with validation loss 5.596e-01. Saving...
2025-08-18 11:04:33,877:INFO:Epoch: 4300/10000 | Train Loss: 5.796e-01 | Dynamic Loss: 5.796e-01 | Regularization Loss: 3.598e-07 | Val Loss: 5.712e-01 | Time: 11.38s
2025-08-18 11:04:38,780:INFO:Epoch: 4350/10000 | Train Loss: 5.759e-01 | Dynamic Loss: 5.759e-01 | Regularization Loss: 3.799e-07 | Val Loss: 5.731e-01 | Time: 4.90s
2025-08-18 11:04:43,675:INFO:Epoch: 4400/10000 | Train Loss: 5.706e-01 | Dynamic Loss: 5.706e-01 | Regularization Loss: 4.153e-07 | Val Loss: 5.722e-01 | Time: 4.89s
2025-08-18 11:04:48,560:INFO:Epoch: 4450/10000 | Train Loss: 5.832e-01 | Dynamic Loss: 5.832e-01 | Regularization Loss: 4.485e-07 | Val Loss: 5.562e-01 | Time: 4.89s
2025-08-18 11:04:48,561:INFO:New best model found at epoch 4450 with validation loss 5.562e-01. Saving...
2025-08-18 11:04:58,627:INFO:Epoch: 4500/10000 | Train Loss: 5.762e-01 | Dynamic Loss: 5.762e-01 | Regularization Loss: 4.416e-07 | Val Loss: 5.551e-01 | Time: 10.06s
2025-08-18 11:04:58,627:INFO:New best model found at epoch 4500 with validation loss 5.551e-01. Saving...
2025-08-18 11:05:03,511:INFO:Epoch: 4550/10000 | Train Loss: 5.674e-01 | Dynamic Loss: 5.674e-01 | Regularization Loss: 4.313e-07 | Val Loss: 5.655e-01 | Time: 4.88s
2025-08-18 11:05:08,422:INFO:Epoch: 4600/10000 | Train Loss: 5.661e-01 | Dynamic Loss: 5.661e-01 | Regularization Loss: 4.213e-07 | Val Loss: 5.470e-01 | Time: 4.91s
2025-08-18 11:05:08,422:INFO:New best model found at epoch 4600 with validation loss 5.470e-01. Saving...
2025-08-18 11:05:13,343:INFO:Epoch: 4650/10000 | Train Loss: 5.736e-01 | Dynamic Loss: 5.736e-01 | Regularization Loss: 4.196e-07 | Val Loss: 5.491e-01 | Time: 4.91s
2025-08-18 11:05:22,282:INFO:Epoch: 4700/10000 | Train Loss: 5.640e-01 | Dynamic Loss: 5.640e-01 | Regularization Loss: 3.935e-07 | Val Loss: 5.734e-01 | Time: 8.94s
2025-08-18 11:05:27,113:INFO:Epoch: 4750/10000 | Train Loss: 5.535e-01 | Dynamic Loss: 5.535e-01 | Regularization Loss: 3.355e-07 | Val Loss: 5.579e-01 | Time: 4.83s
2025-08-18 11:05:31,963:INFO:Epoch: 4800/10000 | Train Loss: 5.614e-01 | Dynamic Loss: 5.614e-01 | Regularization Loss: 3.130e-07 | Val Loss: 5.424e-01 | Time: 4.85s
2025-08-18 11:05:31,963:INFO:New best model found at epoch 4800 with validation loss 5.424e-01. Saving...
2025-08-18 11:05:36,813:INFO:Epoch: 4850/10000 | Train Loss: 5.572e-01 | Dynamic Loss: 5.572e-01 | Regularization Loss: 2.869e-07 | Val Loss: 5.480e-01 | Time: 4.84s
2025-08-18 11:05:46,172:INFO:Epoch: 4900/10000 | Train Loss: 5.513e-01 | Dynamic Loss: 5.513e-01 | Regularization Loss: 2.479e-07 | Val Loss: 5.359e-01 | Time: 9.36s
2025-08-18 11:05:46,173:INFO:New best model found at epoch 4900 with validation loss 5.359e-01. Saving...
2025-08-18 11:05:51,109:INFO:Epoch: 4950/10000 | Train Loss: 5.488e-01 | Dynamic Loss: 5.488e-01 | Regularization Loss: 1.868e-07 | Val Loss: 5.392e-01 | Time: 4.93s
2025-08-18 11:05:56,015:INFO:Epoch: 5000/10000 | Train Loss: 5.477e-01 | Dynamic Loss: 5.477e-01 | Regularization Loss: 1.421e-07 | Val Loss: 5.455e-01 | Time: 4.91s
2025-08-18 11:06:00,862:INFO:Epoch: 5050/10000 | Train Loss: 5.546e-01 | Dynamic Loss: 5.546e-01 | Regularization Loss: 1.173e-07 | Val Loss: 5.401e-01 | Time: 4.85s
2025-08-18 11:06:09,356:INFO:Epoch: 5100/10000 | Train Loss: 5.490e-01 | Dynamic Loss: 5.490e-01 | Regularization Loss: 8.325e-08 | Val Loss: 5.467e-01 | Time: 8.49s
2025-08-18 11:06:14,207:INFO:Epoch: 5150/10000 | Train Loss: 5.569e-01 | Dynamic Loss: 5.569e-01 | Regularization Loss: 5.611e-08 | Val Loss: 5.338e-01 | Time: 4.85s
2025-08-18 11:06:14,207:INFO:New best model found at epoch 5150 with validation loss 5.338e-01. Saving...
2025-08-18 11:06:19,132:INFO:Epoch: 5200/10000 | Train Loss: 5.493e-01 | Dynamic Loss: 5.493e-01 | Regularization Loss: 3.502e-08 | Val Loss: 5.515e-01 | Time: 4.92s
2025-08-18 11:06:24,020:INFO:Epoch: 5250/10000 | Train Loss: 5.434e-01 | Dynamic Loss: 5.434e-01 | Regularization Loss: 2.322e-08 | Val Loss: 5.320e-01 | Time: 4.89s
2025-08-18 11:06:24,020:INFO:New best model found at epoch 5250 with validation loss 5.320e-01. Saving...
2025-08-18 11:06:31,577:INFO:Epoch: 5300/10000 | Train Loss: 5.480e-01 | Dynamic Loss: 5.480e-01 | Regularization Loss: 1.387e-08 | Val Loss: 5.293e-01 | Time: 7.55s
2025-08-18 11:06:31,577:INFO:New best model found at epoch 5300 with validation loss 5.293e-01. Saving...
2025-08-18 11:06:36,450:INFO:Epoch: 5350/10000 | Train Loss: 5.455e-01 | Dynamic Loss: 5.455e-01 | Regularization Loss: 7.529e-09 | Val Loss: 5.429e-01 | Time: 4.87s
2025-08-18 11:06:41,653:INFO:Epoch: 5400/10000 | Train Loss: 5.375e-01 | Dynamic Loss: 5.375e-01 | Regularization Loss: 4.033e-09 | Val Loss: 5.333e-01 | Time: 5.20s
2025-08-18 11:06:46,565:INFO:Epoch: 5450/10000 | Train Loss: 5.410e-01 | Dynamic Loss: 5.410e-01 | Regularization Loss: 2.162e-09 | Val Loss: 5.331e-01 | Time: 4.91s
2025-08-18 11:06:51,506:INFO:Epoch: 5500/10000 | Train Loss: 5.403e-01 | Dynamic Loss: 5.403e-01 | Regularization Loss: 1.258e-09 | Val Loss: 5.260e-01 | Time: 4.94s
2025-08-18 11:06:51,506:INFO:New best model found at epoch 5500 with validation loss 5.260e-01. Saving...
2025-08-18 11:06:58,893:INFO:Epoch: 5550/10000 | Train Loss: 5.357e-01 | Dynamic Loss: 5.357e-01 | Regularization Loss: 7.264e-10 | Val Loss: 5.229e-01 | Time: 7.38s
2025-08-18 11:06:58,893:INFO:New best model found at epoch 5550 with validation loss 5.229e-01. Saving...
2025-08-18 11:07:03,933:INFO:Epoch: 5600/10000 | Train Loss: 5.317e-01 | Dynamic Loss: 5.317e-01 | Regularization Loss: 3.392e-10 | Val Loss: 5.235e-01 | Time: 5.03s
2025-08-18 11:07:08,967:INFO:Epoch: 5650/10000 | Train Loss: 5.355e-01 | Dynamic Loss: 5.355e-01 | Regularization Loss: 1.586e-10 | Val Loss: 5.231e-01 | Time: 5.03s
2025-08-18 11:07:13,864:INFO:Epoch: 5700/10000 | Train Loss: 5.367e-01 | Dynamic Loss: 5.367e-01 | Regularization Loss: 7.019e-11 | Val Loss: 5.338e-01 | Time: 4.90s
2025-08-18 11:07:19,427:INFO:Epoch: 5750/10000 | Train Loss: 5.369e-01 | Dynamic Loss: 5.369e-01 | Regularization Loss: 3.176e-11 | Val Loss: 5.232e-01 | Time: 5.56s
2025-08-18 11:07:24,377:INFO:Epoch: 5800/10000 | Train Loss: 5.338e-01 | Dynamic Loss: 5.338e-01 | Regularization Loss: 1.598e-11 | Val Loss: 5.244e-01 | Time: 4.95s
2025-08-18 11:07:29,215:INFO:Epoch: 5850/10000 | Train Loss: 5.392e-01 | Dynamic Loss: 5.392e-01 | Regularization Loss: 7.122e-12 | Val Loss: 5.262e-01 | Time: 4.84s
2025-08-18 11:07:34,133:INFO:Epoch: 5900/10000 | Train Loss: 5.344e-01 | Dynamic Loss: 5.344e-01 | Regularization Loss: 2.833e-12 | Val Loss: 5.249e-01 | Time: 4.92s
2025-08-18 11:07:40,015:INFO:Epoch: 5950/10000 | Train Loss: 5.328e-01 | Dynamic Loss: 5.328e-01 | Regularization Loss: 1.306e-12 | Val Loss: 5.171e-01 | Time: 5.88s
2025-08-18 11:07:40,016:INFO:New best model found at epoch 5950 with validation loss 5.171e-01. Saving...
2025-08-18 11:07:45,000:INFO:Epoch: 6000/10000 | Train Loss: 5.344e-01 | Dynamic Loss: 5.344e-01 | Regularization Loss: 5.568e-13 | Val Loss: 5.157e-01 | Time: 4.98s
2025-08-18 11:07:45,000:INFO:New best model found at epoch 6000 with validation loss 5.157e-01. Saving...
2025-08-18 11:07:50,052:INFO:Epoch: 6050/10000 | Train Loss: 5.359e-01 | Dynamic Loss: 5.359e-01 | Regularization Loss: 2.089e-13 | Val Loss: 5.298e-01 | Time: 5.04s
2025-08-18 11:07:55,766:INFO:Epoch: 6100/10000 | Train Loss: 5.314e-01 | Dynamic Loss: 5.314e-01 | Regularization Loss: 7.715e-14 | Val Loss: 5.275e-01 | Time: 5.71s
2025-08-18 11:08:00,635:INFO:Epoch: 6150/10000 | Train Loss: 5.271e-01 | Dynamic Loss: 5.271e-01 | Regularization Loss: 2.931e-14 | Val Loss: 5.173e-01 | Time: 4.87s
2025-08-18 11:08:05,758:INFO:Epoch: 6200/10000 | Train Loss: 5.317e-01 | Dynamic Loss: 5.317e-01 | Regularization Loss: 1.179e-14 | Val Loss: 5.199e-01 | Time: 5.12s
2025-08-18 11:08:10,628:INFO:Epoch: 6250/10000 | Train Loss: 5.293e-01 | Dynamic Loss: 5.293e-01 | Regularization Loss: 4.480e-15 | Val Loss: 5.179e-01 | Time: 4.87s
2025-08-18 11:08:22,141:INFO:Epoch: 6300/10000 | Train Loss: 5.305e-01 | Dynamic Loss: 5.305e-01 | Regularization Loss: 1.717e-15 | Val Loss: 5.199e-01 | Time: 11.51s
2025-08-18 11:08:27,067:INFO:Epoch: 6350/10000 | Train Loss: 5.269e-01 | Dynamic Loss: 5.269e-01 | Regularization Loss: 6.594e-16 | Val Loss: 5.191e-01 | Time: 4.93s
2025-08-18 11:08:32,010:INFO:Epoch: 6400/10000 | Train Loss: 5.273e-01 | Dynamic Loss: 5.273e-01 | Regularization Loss: 2.414e-16 | Val Loss: 5.124e-01 | Time: 4.94s
2025-08-18 11:08:32,010:INFO:New best model found at epoch 6400 with validation loss 5.124e-01. Saving...
2025-08-18 11:08:36,988:INFO:Epoch: 6450/10000 | Train Loss: 5.348e-01 | Dynamic Loss: 5.348e-01 | Regularization Loss: 8.885e-17 | Val Loss: 5.300e-01 | Time: 4.97s
2025-08-18 11:08:41,878:INFO:Epoch: 6500/10000 | Train Loss: 5.280e-01 | Dynamic Loss: 5.280e-01 | Regularization Loss: 3.617e-17 | Val Loss: 5.188e-01 | Time: 4.89s
2025-08-18 11:08:46,824:INFO:Epoch: 6550/10000 | Train Loss: 5.240e-01 | Dynamic Loss: 5.240e-01 | Regularization Loss: 1.183e-17 | Val Loss: 5.174e-01 | Time: 4.95s
2025-08-18 11:08:51,704:INFO:Epoch: 6600/10000 | Train Loss: 5.223e-01 | Dynamic Loss: 5.223e-01 | Regularization Loss: 4.950e-18 | Val Loss: 5.198e-01 | Time: 4.88s
2025-08-18 11:08:56,723:INFO:Epoch: 6650/10000 | Train Loss: 5.217e-01 | Dynamic Loss: 5.217e-01 | Regularization Loss: 1.812e-18 | Val Loss: 5.166e-01 | Time: 5.02s
2025-08-18 11:09:01,691:INFO:Epoch: 6700/10000 | Train Loss: 5.277e-01 | Dynamic Loss: 5.277e-01 | Regularization Loss: 5.985e-19 | Val Loss: 5.104e-01 | Time: 4.97s
2025-08-18 11:09:01,691:INFO:New best model found at epoch 6700 with validation loss 5.104e-01. Saving...
2025-08-18 11:09:06,616:INFO:Epoch: 6750/10000 | Train Loss: 5.256e-01 | Dynamic Loss: 5.256e-01 | Regularization Loss: 2.313e-19 | Val Loss: 5.188e-01 | Time: 4.92s
2025-08-18 11:09:11,489:INFO:Epoch: 6800/10000 | Train Loss: 5.228e-01 | Dynamic Loss: 5.228e-01 | Regularization Loss: 7.532e-20 | Val Loss: 5.163e-01 | Time: 4.87s
2025-08-18 11:09:23,148:INFO:Epoch: 6850/10000 | Train Loss: 5.240e-01 | Dynamic Loss: 5.240e-01 | Regularization Loss: 3.037e-20 | Val Loss: 5.156e-01 | Time: 11.66s
2025-08-18 11:09:28,134:INFO:Epoch: 6900/10000 | Train Loss: 5.265e-01 | Dynamic Loss: 5.265e-01 | Regularization Loss: 1.256e-20 | Val Loss: 5.222e-01 | Time: 4.99s
2025-08-18 11:09:33,059:INFO:Epoch: 6950/10000 | Train Loss: 5.254e-01 | Dynamic Loss: 5.254e-01 | Regularization Loss: 5.082e-21 | Val Loss: 5.180e-01 | Time: 4.92s
2025-08-18 11:09:38,015:INFO:Epoch: 7000/10000 | Train Loss: 5.222e-01 | Dynamic Loss: 5.222e-01 | Regularization Loss: 2.360e-21 | Val Loss: 5.049e-01 | Time: 4.96s
2025-08-18 11:09:38,015:INFO:New best model found at epoch 7000 with validation loss 5.049e-01. Saving...
2025-08-18 11:09:48,044:INFO:Epoch: 7050/10000 | Train Loss: 5.218e-01 | Dynamic Loss: 5.218e-01 | Regularization Loss: 9.472e-22 | Val Loss: 5.071e-01 | Time: 10.02s
2025-08-18 11:09:53,044:INFO:Epoch: 7100/10000 | Train Loss: 5.189e-01 | Dynamic Loss: 5.189e-01 | Regularization Loss: 4.427e-22 | Val Loss: 5.070e-01 | Time: 5.00s
2025-08-18 11:09:58,052:INFO:Epoch: 7150/10000 | Train Loss: 5.196e-01 | Dynamic Loss: 5.196e-01 | Regularization Loss: 1.830e-22 | Val Loss: 5.184e-01 | Time: 5.01s
2025-08-18 11:10:03,027:INFO:Epoch: 7200/10000 | Train Loss: 5.184e-01 | Dynamic Loss: 5.184e-01 | Regularization Loss: 8.229e-23 | Val Loss: 5.036e-01 | Time: 4.98s
2025-08-18 11:10:03,028:INFO:New best model found at epoch 7200 with validation loss 5.036e-01. Saving...
2025-08-18 11:10:12,200:INFO:Epoch: 7250/10000 | Train Loss: 5.156e-01 | Dynamic Loss: 5.156e-01 | Regularization Loss: 3.958e-23 | Val Loss: 5.070e-01 | Time: 9.17s
2025-08-18 11:10:17,233:INFO:Epoch: 7300/10000 | Train Loss: 5.184e-01 | Dynamic Loss: 5.184e-01 | Regularization Loss: 2.059e-23 | Val Loss: 5.033e-01 | Time: 5.03s
2025-08-18 11:10:17,233:INFO:New best model found at epoch 7300 with validation loss 5.033e-01. Saving...
2025-08-18 11:10:22,266:INFO:Epoch: 7350/10000 | Train Loss: 5.192e-01 | Dynamic Loss: 5.192e-01 | Regularization Loss: 1.166e-23 | Val Loss: 5.085e-01 | Time: 5.03s
2025-08-18 11:10:27,248:INFO:Epoch: 7400/10000 | Train Loss: 5.151e-01 | Dynamic Loss: 5.151e-01 | Regularization Loss: 6.367e-24 | Val Loss: 5.153e-01 | Time: 4.98s
2025-08-18 11:10:34,459:INFO:Epoch: 7450/10000 | Train Loss: 5.203e-01 | Dynamic Loss: 5.203e-01 | Regularization Loss: 3.740e-24 | Val Loss: 5.091e-01 | Time: 7.21s
2025-08-18 11:10:39,497:INFO:Epoch: 7500/10000 | Train Loss: 5.214e-01 | Dynamic Loss: 5.214e-01 | Regularization Loss: 2.322e-24 | Val Loss: 5.076e-01 | Time: 5.04s
2025-08-18 11:10:44,590:INFO:Epoch: 7550/10000 | Train Loss: 5.185e-01 | Dynamic Loss: 5.185e-01 | Regularization Loss: 1.631e-24 | Val Loss: 5.055e-01 | Time: 5.09s
2025-08-18 11:10:49,595:INFO:Epoch: 7600/10000 | Train Loss: 5.149e-01 | Dynamic Loss: 5.149e-01 | Regularization Loss: 9.938e-25 | Val Loss: 5.137e-01 | Time: 5.00s
2025-08-18 11:10:54,699:INFO:Epoch: 7650/10000 | Train Loss: 5.175e-01 | Dynamic Loss: 5.175e-01 | Regularization Loss: 8.066e-25 | Val Loss: 5.022e-01 | Time: 5.10s
2025-08-18 11:10:54,699:INFO:New best model found at epoch 7650 with validation loss 5.022e-01. Saving...
2025-08-18 11:10:59,711:INFO:Epoch: 7700/10000 | Train Loss: 5.107e-01 | Dynamic Loss: 5.107e-01 | Regularization Loss: 6.384e-25 | Val Loss: 5.077e-01 | Time: 5.00s
2025-08-18 11:11:04,683:INFO:Epoch: 7750/10000 | Train Loss: 5.148e-01 | Dynamic Loss: 5.148e-01 | Regularization Loss: 5.487e-25 | Val Loss: 5.048e-01 | Time: 4.97s
2025-08-18 11:11:09,589:INFO:Epoch: 7800/10000 | Train Loss: 5.156e-01 | Dynamic Loss: 5.156e-01 | Regularization Loss: 5.123e-25 | Val Loss: 5.072e-01 | Time: 4.91s
2025-08-18 11:11:16,031:INFO:Epoch: 7850/10000 | Train Loss: 5.149e-01 | Dynamic Loss: 5.149e-01 | Regularization Loss: 5.993e-25 | Val Loss: 5.002e-01 | Time: 6.44s
2025-08-18 11:11:16,031:INFO:New best model found at epoch 7850 with validation loss 5.002e-01. Saving...
2025-08-18 11:11:21,054:INFO:Epoch: 7900/10000 | Train Loss: 5.104e-01 | Dynamic Loss: 5.104e-01 | Regularization Loss: 7.068e-25 | Val Loss: 5.013e-01 | Time: 5.02s
2025-08-18 11:11:26,041:INFO:Epoch: 7950/10000 | Train Loss: 5.106e-01 | Dynamic Loss: 5.106e-01 | Regularization Loss: 8.451e-25 | Val Loss: 5.018e-01 | Time: 4.99s
2025-08-18 11:11:31,059:INFO:Epoch: 8000/10000 | Train Loss: 5.115e-01 | Dynamic Loss: 5.115e-01 | Regularization Loss: 9.465e-25 | Val Loss: 5.080e-01 | Time: 5.02s
2025-08-18 11:11:36,182:INFO:Epoch: 8050/10000 | Train Loss: 5.139e-01 | Dynamic Loss: 5.139e-01 | Regularization Loss: 1.310e-24 | Val Loss: 5.050e-01 | Time: 5.12s
2025-08-18 11:11:41,109:INFO:Epoch: 8100/10000 | Train Loss: 5.113e-01 | Dynamic Loss: 5.113e-01 | Regularization Loss: 1.744e-24 | Val Loss: 4.963e-01 | Time: 4.93s
2025-08-18 11:11:41,109:INFO:New best model found at epoch 8100 with validation loss 4.963e-01. Saving...
2025-08-18 11:11:46,124:INFO:Epoch: 8150/10000 | Train Loss: 5.124e-01 | Dynamic Loss: 5.124e-01 | Regularization Loss: 3.161e-24 | Val Loss: 5.027e-01 | Time: 5.01s
2025-08-18 11:11:51,026:INFO:Epoch: 8200/10000 | Train Loss: 5.094e-01 | Dynamic Loss: 5.094e-01 | Regularization Loss: 6.235e-24 | Val Loss: 5.031e-01 | Time: 4.90s
2025-08-18 11:11:56,060:INFO:Epoch: 8250/10000 | Train Loss: 5.072e-01 | Dynamic Loss: 5.072e-01 | Regularization Loss: 1.275e-23 | Val Loss: 5.041e-01 | Time: 5.03s
2025-08-18 11:12:01,029:INFO:Epoch: 8300/10000 | Train Loss: 5.095e-01 | Dynamic Loss: 5.095e-01 | Regularization Loss: 3.032e-23 | Val Loss: 5.018e-01 | Time: 4.97s
2025-08-18 11:12:05,943:INFO:Epoch: 8350/10000 | Train Loss: 5.092e-01 | Dynamic Loss: 5.092e-01 | Regularization Loss: 8.111e-23 | Val Loss: 4.951e-01 | Time: 4.91s
2025-08-18 11:12:05,943:INFO:New best model found at epoch 8350 with validation loss 4.951e-01. Saving...
2025-08-18 11:12:10,880:INFO:Epoch: 8400/10000 | Train Loss: 5.097e-01 | Dynamic Loss: 5.097e-01 | Regularization Loss: 2.004e-22 | Val Loss: 4.990e-01 | Time: 4.93s
2025-08-18 11:12:15,886:INFO:Epoch: 8450/10000 | Train Loss: 5.065e-01 | Dynamic Loss: 5.065e-01 | Regularization Loss: 5.810e-22 | Val Loss: 5.015e-01 | Time: 5.01s
2025-08-18 11:12:20,932:INFO:Epoch: 8500/10000 | Train Loss: 5.072e-01 | Dynamic Loss: 5.072e-01 | Regularization Loss: 2.154e-21 | Val Loss: 5.075e-01 | Time: 5.05s
2025-08-18 11:12:26,066:INFO:Epoch: 8550/10000 | Train Loss: 5.104e-01 | Dynamic Loss: 5.104e-01 | Regularization Loss: 7.770e-21 | Val Loss: 5.015e-01 | Time: 5.13s
2025-08-18 11:12:31,007:INFO:Epoch: 8600/10000 | Train Loss: 5.052e-01 | Dynamic Loss: 5.052e-01 | Regularization Loss: 0.000e+00 | Val Loss: 5.021e-01 | Time: 4.94s
2025-08-18 11:12:36,414:INFO:Epoch: 8650/10000 | Train Loss: 5.017e-01 | Dynamic Loss: 5.017e-01 | Regularization Loss: 0.000e+00 | Val Loss: 4.944e-01 | Time: 5.41s
2025-08-18 11:12:36,414:INFO:New best model found at epoch 8650 with validation loss 4.944e-01. Saving...
2025-08-18 11:12:41,490:INFO:Epoch: 8700/10000 | Train Loss: 5.022e-01 | Dynamic Loss: 5.022e-01 | Regularization Loss: 0.000e+00 | Val Loss: 4.937e-01 | Time: 5.07s
2025-08-18 11:12:41,490:INFO:New best model found at epoch 8700 with validation loss 4.937e-01. Saving...
2025-08-18 11:12:46,567:INFO:Epoch: 8750/10000 | Train Loss: 5.018e-01 | Dynamic Loss: 5.018e-01 | Regularization Loss: 0.000e+00 | Val Loss: 4.905e-01 | Time: 5.07s
2025-08-18 11:12:46,567:INFO:New best model found at epoch 8750 with validation loss 4.905e-01. Saving...
2025-08-18 11:12:51,463:INFO:Epoch: 8800/10000 | Train Loss: 5.075e-01 | Dynamic Loss: 5.075e-01 | Regularization Loss: 0.000e+00 | Val Loss: 4.920e-01 | Time: 4.89s
2025-08-18 11:12:57,673:INFO:Epoch: 8850/10000 | Train Loss: 5.065e-01 | Dynamic Loss: 5.065e-01 | Regularization Loss: 0.000e+00 | Val Loss: 4.923e-01 | Time: 6.21s
2025-08-18 11:13:02,631:INFO:Epoch: 8900/10000 | Train Loss: 5.080e-01 | Dynamic Loss: 5.080e-01 | Regularization Loss: 0.000e+00 | Val Loss: 5.006e-01 | Time: 4.96s
2025-08-18 11:13:07,637:INFO:Epoch: 8950/10000 | Train Loss: 5.050e-01 | Dynamic Loss: 5.050e-01 | Regularization Loss: 0.000e+00 | Val Loss: 4.969e-01 | Time: 5.01s
2025-08-18 11:13:12,504:INFO:Epoch: 9000/10000 | Train Loss: 4.997e-01 | Dynamic Loss: 4.997e-01 | Regularization Loss: 0.000e+00 | Val Loss: 4.930e-01 | Time: 4.87s
2025-08-18 11:13:17,528:INFO:Epoch: 9050/10000 | Train Loss: nan | Dynamic Loss: nan | Regularization Loss: nan | Val Loss: nan | Time: 5.02s
2025-08-18 11:13:22,555:INFO:Epoch: 9100/10000 | Train Loss: nan | Dynamic Loss: nan | Regularization Loss: nan | Val Loss: nan | Time: 5.03s
2025-08-18 11:13:27,451:INFO:Epoch: 9150/10000 | Train Loss: nan | Dynamic Loss: nan | Regularization Loss: nan | Val Loss: nan | Time: 4.90s
2025-08-18 11:13:32,498:INFO:Epoch: 9200/10000 | Train Loss: nan | Dynamic Loss: nan | Regularization Loss: nan | Val Loss: nan | Time: 5.05s
2025-08-18 11:13:37,513:INFO:Epoch: 9250/10000 | Train Loss: nan | Dynamic Loss: nan | Regularization Loss: nan | Val Loss: nan | Time: 5.01s
2025-08-18 11:13:42,520:INFO:Epoch: 9300/10000 | Train Loss: nan | Dynamic Loss: nan | Regularization Loss: nan | Val Loss: nan | Time: 5.01s
2025-08-18 11:13:47,537:INFO:Epoch: 9350/10000 | Train Loss: nan | Dynamic Loss: nan | Regularization Loss: nan | Val Loss: nan | Time: 5.02s
2025-08-18 11:13:52,439:INFO:Epoch: 9400/10000 | Train Loss: nan | Dynamic Loss: nan | Regularization Loss: nan | Val Loss: nan | Time: 4.90s
2025-08-18 11:13:57,439:INFO:Epoch: 9450/10000 | Train Loss: nan | Dynamic Loss: nan | Regularization Loss: nan | Val Loss: nan | Time: 5.00s
2025-08-18 11:14:02,405:INFO:Epoch: 9500/10000 | Train Loss: nan | Dynamic Loss: nan | Regularization Loss: nan | Val Loss: nan | Time: 4.97s
2025-08-18 11:14:07,419:INFO:Epoch: 9550/10000 | Train Loss: nan | Dynamic Loss: nan | Regularization Loss: nan | Val Loss: nan | Time: 5.01s
2025-08-18 11:14:12,467:INFO:Epoch: 9600/10000 | Train Loss: nan | Dynamic Loss: nan | Regularization Loss: nan | Val Loss: nan | Time: 5.05s
2025-08-18 11:14:17,534:INFO:Epoch: 9650/10000 | Train Loss: nan | Dynamic Loss: nan | Regularization Loss: nan | Val Loss: nan | Time: 5.07s
2025-08-18 11:14:22,508:INFO:Epoch: 9700/10000 | Train Loss: nan | Dynamic Loss: nan | Regularization Loss: nan | Val Loss: nan | Time: 4.97s
2025-08-18 11:14:27,525:INFO:Epoch: 9750/10000 | Train Loss: nan | Dynamic Loss: nan | Regularization Loss: nan | Val Loss: nan | Time: 5.02s
2025-08-18 11:14:32,468:INFO:Epoch: 9800/10000 | Train Loss: nan | Dynamic Loss: nan | Regularization Loss: nan | Val Loss: nan | Time: 4.94s
2025-08-18 11:14:37,629:INFO:Epoch: 9850/10000 | Train Loss: nan | Dynamic Loss: nan | Regularization Loss: nan | Val Loss: nan | Time: 5.16s
2025-08-18 11:14:42,639:INFO:Epoch: 9900/10000 | Train Loss: nan | Dynamic Loss: nan | Regularization Loss: nan | Val Loss: nan | Time: 5.01s
2025-08-18 11:14:47,729:INFO:Epoch: 9950/10000 | Train Loss: nan | Dynamic Loss: nan | Regularization Loss: nan | Val Loss: nan | Time: 5.09s
2025-08-18 11:14:52,684:INFO:Epoch: 10000/10000 | Train Loss: nan | Dynamic Loss: nan | Regularization Loss: nan | Val Loss: nan | Time: 4.95s
