2025-08-18 19:01:42,796:INFO:Created DataLoaders with 5994 training samples and 1998 validation samples.
2025-08-18 19:01:43,356:INFO:model params: 526849
2025-08-18 19:01:44,122:INFO:Epoch: 0/10000 | Train Loss: 1.549e+00 | Dynamic Loss: 1.548e+00 | Regularization Loss: 9.373e-04 | Val Loss: 9.172e-01 | Time: 0.77s
2025-08-18 19:01:44,122:INFO:New best model found at epoch 0 with validation loss 9.172e-01. Saving...
2025-08-18 19:01:49,361:INFO:Epoch: 50/10000 | Train Loss: 6.519e-01 | Dynamic Loss: 6.519e-01 | Regularization Loss: 4.292e-06 | Val Loss: 6.546e-01 | Time: 5.21s
2025-08-18 19:01:49,361:INFO:New best model found at epoch 50 with validation loss 6.546e-01. Saving...
2025-08-18 19:01:54,652:INFO:Epoch: 100/10000 | Train Loss: 5.765e-01 | Dynamic Loss: 5.765e-01 | Regularization Loss: 3.874e-08 | Val Loss: 5.862e-01 | Time: 5.28s
2025-08-18 19:01:54,652:INFO:New best model found at epoch 100 with validation loss 5.862e-01. Saving...
2025-08-18 19:01:59,918:INFO:Epoch: 150/10000 | Train Loss: 5.196e-01 | Dynamic Loss: 5.196e-01 | Regularization Loss: 4.456e-10 | Val Loss: 5.325e-01 | Time: 5.26s
2025-08-18 19:01:59,918:INFO:New best model found at epoch 150 with validation loss 5.325e-01. Saving...
2025-08-18 19:02:06,211:INFO:Epoch: 200/10000 | Train Loss: 4.745e-01 | Dynamic Loss: 4.745e-01 | Regularization Loss: 8.835e-12 | Val Loss: 4.893e-01 | Time: 6.28s
2025-08-18 19:02:06,211:INFO:New best model found at epoch 200 with validation loss 4.893e-01. Saving...
2025-08-18 19:02:11,373:INFO:Epoch: 250/10000 | Train Loss: 4.380e-01 | Dynamic Loss: 4.380e-01 | Regularization Loss: 3.205e-13 | Val Loss: 4.544e-01 | Time: 5.15s
2025-08-18 19:02:11,373:INFO:New best model found at epoch 250 with validation loss 4.544e-01. Saving...
2025-08-18 19:02:16,520:INFO:Epoch: 300/10000 | Train Loss: 4.076e-01 | Dynamic Loss: 4.076e-01 | Regularization Loss: 2.341e-14 | Val Loss: 4.254e-01 | Time: 5.14s
2025-08-18 19:02:16,521:INFO:New best model found at epoch 300 with validation loss 4.254e-01. Saving...
2025-08-18 19:02:26,171:INFO:Epoch: 350/10000 | Train Loss: 3.787e-01 | Dynamic Loss: 3.787e-01 | Regularization Loss: 3.333e-15 | Val Loss: 4.003e-01 | Time: 9.64s
2025-08-18 19:02:26,171:INFO:New best model found at epoch 350 with validation loss 4.003e-01. Saving...
2025-08-18 19:02:31,297:INFO:Epoch: 400/10000 | Train Loss: 3.596e-01 | Dynamic Loss: 3.596e-01 | Regularization Loss: 8.488e-16 | Val Loss: 3.803e-01 | Time: 5.12s
2025-08-18 19:02:31,297:INFO:New best model found at epoch 400 with validation loss 3.803e-01. Saving...
2025-08-18 19:02:36,496:INFO:Epoch: 450/10000 | Train Loss: 3.361e-01 | Dynamic Loss: 3.361e-01 | Regularization Loss: 3.577e-16 | Val Loss: 3.572e-01 | Time: 5.19s
2025-08-18 19:02:36,496:INFO:New best model found at epoch 450 with validation loss 3.572e-01. Saving...
2025-08-18 19:02:44,867:INFO:Epoch: 500/10000 | Train Loss: 3.165e-01 | Dynamic Loss: 3.165e-01 | Regularization Loss: 2.422e-16 | Val Loss: 3.389e-01 | Time: 8.36s
2025-08-18 19:02:44,867:INFO:New best model found at epoch 500 with validation loss 3.389e-01. Saving...
2025-08-18 19:02:50,055:INFO:Epoch: 550/10000 | Train Loss: 3.007e-01 | Dynamic Loss: 3.007e-01 | Regularization Loss: 2.530e-16 | Val Loss: 3.215e-01 | Time: 5.18s
2025-08-18 19:02:50,055:INFO:New best model found at epoch 550 with validation loss 3.215e-01. Saving...
2025-08-18 19:02:55,349:INFO:Epoch: 600/10000 | Train Loss: 2.851e-01 | Dynamic Loss: 2.851e-01 | Regularization Loss: 4.160e-16 | Val Loss: 3.054e-01 | Time: 5.28s
2025-08-18 19:02:55,349:INFO:New best model found at epoch 600 with validation loss 3.054e-01. Saving...
2025-08-18 19:03:00,609:INFO:Epoch: 650/10000 | Train Loss: 2.650e-01 | Dynamic Loss: 2.650e-01 | Regularization Loss: 9.736e-16 | Val Loss: 2.867e-01 | Time: 5.25s
2025-08-18 19:03:00,609:INFO:New best model found at epoch 650 with validation loss 2.867e-01. Saving...
2025-08-18 19:03:05,795:INFO:Epoch: 700/10000 | Train Loss: 2.522e-01 | Dynamic Loss: 2.522e-01 | Regularization Loss: 3.172e-15 | Val Loss: 2.732e-01 | Time: 5.18s
2025-08-18 19:03:05,795:INFO:New best model found at epoch 700 with validation loss 2.732e-01. Saving...
2025-08-18 19:03:11,070:INFO:Epoch: 750/10000 | Train Loss: 2.399e-01 | Dynamic Loss: 2.399e-01 | Regularization Loss: 1.328e-14 | Val Loss: 2.601e-01 | Time: 5.27s
2025-08-18 19:03:11,070:INFO:New best model found at epoch 750 with validation loss 2.601e-01. Saving...
2025-08-18 19:03:16,253:INFO:Epoch: 800/10000 | Train Loss: 2.589e-01 | Dynamic Loss: 2.589e-01 | Regularization Loss: 7.157e-14 | Val Loss: 2.715e-01 | Time: 5.17s
2025-08-18 19:03:21,395:INFO:Epoch: 850/10000 | Train Loss: 2.361e-01 | Dynamic Loss: 2.361e-01 | Regularization Loss: 4.595e-13 | Val Loss: 2.780e-01 | Time: 5.14s
2025-08-18 19:03:26,587:INFO:Epoch: 900/10000 | Train Loss: 2.032e-01 | Dynamic Loss: 2.032e-01 | Regularization Loss: 3.388e-12 | Val Loss: 2.268e-01 | Time: 5.19s
2025-08-18 19:03:26,587:INFO:New best model found at epoch 900 with validation loss 2.268e-01. Saving...
2025-08-18 19:03:31,827:INFO:Epoch: 950/10000 | Train Loss: 1.932e-01 | Dynamic Loss: 1.932e-01 | Regularization Loss: 3.261e-11 | Val Loss: 2.187e-01 | Time: 5.23s
2025-08-18 19:03:31,827:INFO:New best model found at epoch 950 with validation loss 2.187e-01. Saving...
2025-08-18 19:03:36,992:INFO:Epoch: 1000/10000 | Train Loss: 1.849e-01 | Dynamic Loss: 1.849e-01 | Regularization Loss: 3.810e-10 | Val Loss: 2.114e-01 | Time: 5.16s
2025-08-18 19:03:36,992:INFO:New best model found at epoch 1000 with validation loss 2.114e-01. Saving...
2025-08-18 19:03:42,233:INFO:Epoch: 1050/10000 | Train Loss: 1.743e-01 | Dynamic Loss: 1.743e-01 | Regularization Loss: 5.318e-09 | Val Loss: 2.035e-01 | Time: 5.23s
2025-08-18 19:03:42,233:INFO:New best model found at epoch 1050 with validation loss 2.035e-01. Saving...
2025-08-18 19:03:47,467:INFO:Epoch: 1100/10000 | Train Loss: 1.658e-01 | Dynamic Loss: 1.658e-01 | Regularization Loss: 8.806e-08 | Val Loss: 1.941e-01 | Time: 5.22s
2025-08-18 19:03:47,467:INFO:New best model found at epoch 1100 with validation loss 1.941e-01. Saving...
2025-08-18 19:03:52,590:INFO:Epoch: 1150/10000 | Train Loss: 1.603e-01 | Dynamic Loss: 1.603e-01 | Regularization Loss: 1.598e-06 | Val Loss: 1.880e-01 | Time: 5.11s
2025-08-18 19:03:52,590:INFO:New best model found at epoch 1150 with validation loss 1.880e-01. Saving...
2025-08-18 19:03:57,725:INFO:Epoch: 1200/10000 | Train Loss: 1.536e-01 | Dynamic Loss: 1.536e-01 | Regularization Loss: 2.021e-05 | Val Loss: 1.831e-01 | Time: 5.13s
2025-08-18 19:03:57,726:INFO:New best model found at epoch 1200 with validation loss 1.831e-01. Saving...
2025-08-18 19:04:02,974:INFO:Epoch: 1250/10000 | Train Loss: 1.471e-01 | Dynamic Loss: 1.470e-01 | Regularization Loss: 4.112e-05 | Val Loss: 1.808e-01 | Time: 5.24s
2025-08-18 19:04:02,974:INFO:New best model found at epoch 1250 with validation loss 1.808e-01. Saving...
2025-08-18 19:04:08,150:INFO:Epoch: 1300/10000 | Train Loss: 1.406e-01 | Dynamic Loss: 1.405e-01 | Regularization Loss: 4.517e-05 | Val Loss: 1.687e-01 | Time: 5.17s
2025-08-18 19:04:08,151:INFO:New best model found at epoch 1300 with validation loss 1.687e-01. Saving...
2025-08-18 19:04:13,343:INFO:Epoch: 1350/10000 | Train Loss: 1.510e-01 | Dynamic Loss: 1.510e-01 | Regularization Loss: 4.535e-05 | Val Loss: 1.780e-01 | Time: 5.18s
2025-08-18 19:04:21,430:INFO:Epoch: 1400/10000 | Train Loss: 1.285e-01 | Dynamic Loss: 1.284e-01 | Regularization Loss: 4.559e-05 | Val Loss: 1.592e-01 | Time: 8.09s
2025-08-18 19:04:21,430:INFO:New best model found at epoch 1400 with validation loss 1.592e-01. Saving...
2025-08-18 19:04:26,630:INFO:Epoch: 1450/10000 | Train Loss: 1.229e-01 | Dynamic Loss: 1.229e-01 | Regularization Loss: 4.560e-05 | Val Loss: 1.533e-01 | Time: 5.19s
2025-08-18 19:04:26,630:INFO:New best model found at epoch 1450 with validation loss 1.533e-01. Saving...
2025-08-18 19:04:31,912:INFO:Epoch: 1500/10000 | Train Loss: 1.182e-01 | Dynamic Loss: 1.182e-01 | Regularization Loss: 4.475e-05 | Val Loss: 1.510e-01 | Time: 5.27s
2025-08-18 19:04:31,913:INFO:New best model found at epoch 1500 with validation loss 1.510e-01. Saving...
2025-08-18 19:04:38,525:INFO:Epoch: 1550/10000 | Train Loss: 1.167e-01 | Dynamic Loss: 1.167e-01 | Regularization Loss: 4.546e-05 | Val Loss: 1.471e-01 | Time: 6.60s
2025-08-18 19:04:38,525:INFO:New best model found at epoch 1550 with validation loss 1.471e-01. Saving...
2025-08-18 19:04:43,828:INFO:Epoch: 1600/10000 | Train Loss: 1.113e-01 | Dynamic Loss: 1.113e-01 | Regularization Loss: 4.504e-05 | Val Loss: 1.433e-01 | Time: 5.29s
2025-08-18 19:04:43,828:INFO:New best model found at epoch 1600 with validation loss 1.433e-01. Saving...
2025-08-18 19:04:49,140:INFO:Epoch: 1650/10000 | Train Loss: 1.098e-01 | Dynamic Loss: 1.097e-01 | Regularization Loss: 4.580e-05 | Val Loss: 1.406e-01 | Time: 5.30s
2025-08-18 19:04:49,140:INFO:New best model found at epoch 1650 with validation loss 1.406e-01. Saving...
2025-08-18 19:04:54,449:INFO:Epoch: 1700/10000 | Train Loss: 1.102e-01 | Dynamic Loss: 1.101e-01 | Regularization Loss: 4.388e-05 | Val Loss: 1.425e-01 | Time: 5.30s
2025-08-18 19:04:59,637:INFO:Epoch: 1750/10000 | Train Loss: 1.034e-01 | Dynamic Loss: 1.034e-01 | Regularization Loss: 4.371e-05 | Val Loss: 1.378e-01 | Time: 5.19s
2025-08-18 19:04:59,637:INFO:New best model found at epoch 1750 with validation loss 1.378e-01. Saving...
2025-08-18 19:05:04,814:INFO:Epoch: 1800/10000 | Train Loss: 1.009e-01 | Dynamic Loss: 1.009e-01 | Regularization Loss: 4.367e-05 | Val Loss: 1.334e-01 | Time: 5.17s
2025-08-18 19:05:04,815:INFO:New best model found at epoch 1800 with validation loss 1.334e-01. Saving...
2025-08-18 19:05:12,688:INFO:Epoch: 1850/10000 | Train Loss: 9.754e-02 | Dynamic Loss: 9.750e-02 | Regularization Loss: 4.303e-05 | Val Loss: 1.321e-01 | Time: 7.86s
2025-08-18 19:05:12,688:INFO:New best model found at epoch 1850 with validation loss 1.321e-01. Saving...
2025-08-18 19:05:17,905:INFO:Epoch: 1900/10000 | Train Loss: 9.821e-02 | Dynamic Loss: 9.817e-02 | Regularization Loss: 4.240e-05 | Val Loss: 1.299e-01 | Time: 5.21s
2025-08-18 19:05:17,905:INFO:New best model found at epoch 1900 with validation loss 1.299e-01. Saving...
2025-08-18 19:05:23,098:INFO:Epoch: 1950/10000 | Train Loss: 9.114e-02 | Dynamic Loss: 9.110e-02 | Regularization Loss: 4.178e-05 | Val Loss: 1.264e-01 | Time: 5.18s
2025-08-18 19:05:23,098:INFO:New best model found at epoch 1950 with validation loss 1.264e-01. Saving...
2025-08-18 19:05:34,762:INFO:Epoch: 2000/10000 | Train Loss: 8.869e-02 | Dynamic Loss: 8.865e-02 | Regularization Loss: 4.150e-05 | Val Loss: 1.249e-01 | Time: 11.65s
2025-08-18 19:05:34,762:INFO:New best model found at epoch 2000 with validation loss 1.249e-01. Saving...
2025-08-18 19:05:39,977:INFO:Epoch: 2050/10000 | Train Loss: 8.825e-02 | Dynamic Loss: 8.821e-02 | Regularization Loss: 4.116e-05 | Val Loss: 1.229e-01 | Time: 5.21s
2025-08-18 19:05:39,977:INFO:New best model found at epoch 2050 with validation loss 1.229e-01. Saving...
2025-08-18 19:05:45,233:INFO:Epoch: 2100/10000 | Train Loss: 8.582e-02 | Dynamic Loss: 8.578e-02 | Regularization Loss: 4.070e-05 | Val Loss: 1.233e-01 | Time: 5.25s
2025-08-18 19:05:57,147:INFO:Epoch: 2150/10000 | Train Loss: 8.582e-02 | Dynamic Loss: 8.578e-02 | Regularization Loss: 4.000e-05 | Val Loss: 1.211e-01 | Time: 11.91s
2025-08-18 19:05:57,147:INFO:New best model found at epoch 2150 with validation loss 1.211e-01. Saving...
2025-08-18 19:06:02,362:INFO:Epoch: 2200/10000 | Train Loss: 8.590e-02 | Dynamic Loss: 8.586e-02 | Regularization Loss: 3.979e-05 | Val Loss: 1.212e-01 | Time: 5.21s
2025-08-18 19:06:07,553:INFO:Epoch: 2250/10000 | Train Loss: 8.720e-02 | Dynamic Loss: 8.716e-02 | Regularization Loss: 3.929e-05 | Val Loss: 1.225e-01 | Time: 5.19s
2025-08-18 19:06:18,453:INFO:Epoch: 2300/10000 | Train Loss: 8.207e-02 | Dynamic Loss: 8.203e-02 | Regularization Loss: 3.912e-05 | Val Loss: 1.186e-01 | Time: 10.90s
2025-08-18 19:06:18,453:INFO:New best model found at epoch 2300 with validation loss 1.186e-01. Saving...
2025-08-18 19:06:23,809:INFO:Epoch: 2350/10000 | Train Loss: 9.353e-02 | Dynamic Loss: 9.349e-02 | Regularization Loss: 3.841e-05 | Val Loss: 1.242e-01 | Time: 5.35s
2025-08-18 19:06:29,054:INFO:Epoch: 2400/10000 | Train Loss: 8.194e-02 | Dynamic Loss: 8.190e-02 | Regularization Loss: 3.845e-05 | Val Loss: 1.188e-01 | Time: 5.24s
2025-08-18 19:06:38,008:INFO:Epoch: 2450/10000 | Train Loss: 7.755e-02 | Dynamic Loss: 7.752e-02 | Regularization Loss: 3.763e-05 | Val Loss: 1.173e-01 | Time: 8.95s
2025-08-18 19:06:38,008:INFO:New best model found at epoch 2450 with validation loss 1.173e-01. Saving...
2025-08-18 19:06:43,255:INFO:Epoch: 2500/10000 | Train Loss: 7.665e-02 | Dynamic Loss: 7.661e-02 | Regularization Loss: 3.744e-05 | Val Loss: 1.159e-01 | Time: 5.24s
2025-08-18 19:06:43,256:INFO:New best model found at epoch 2500 with validation loss 1.159e-01. Saving...
2025-08-18 19:06:48,531:INFO:Epoch: 2550/10000 | Train Loss: 7.437e-02 | Dynamic Loss: 7.433e-02 | Regularization Loss: 3.655e-05 | Val Loss: 1.138e-01 | Time: 5.27s
2025-08-18 19:06:48,531:INFO:New best model found at epoch 2550 with validation loss 1.138e-01. Saving...
2025-08-18 19:06:57,906:INFO:Epoch: 2600/10000 | Train Loss: 7.591e-02 | Dynamic Loss: 7.588e-02 | Regularization Loss: 3.645e-05 | Val Loss: 1.184e-01 | Time: 9.37s
2025-08-18 19:07:03,187:INFO:Epoch: 2650/10000 | Train Loss: 8.929e-02 | Dynamic Loss: 8.926e-02 | Regularization Loss: 3.655e-05 | Val Loss: 1.249e-01 | Time: 5.28s
2025-08-18 19:07:08,400:INFO:Epoch: 2700/10000 | Train Loss: 7.543e-02 | Dynamic Loss: 7.539e-02 | Regularization Loss: 3.640e-05 | Val Loss: 1.158e-01 | Time: 5.21s
2025-08-18 19:07:17,406:INFO:Epoch: 2750/10000 | Train Loss: 7.676e-02 | Dynamic Loss: 7.672e-02 | Regularization Loss: 3.536e-05 | Val Loss: 1.143e-01 | Time: 9.01s
2025-08-18 19:07:49,166:INFO:Created DataLoaders with 5994 training samples and 1998 validation samples.
2025-08-18 19:07:49,727:INFO:model params: 526849
2025-08-18 19:07:50,536:INFO:Epoch: 0/10000 | Train Loss: 3.166e+00 | Dynamic Loss: 3.165e+00 | Regularization Loss: 8.691e-04 | Val Loss: 2.207e+00 | Time: 0.81s
2025-08-18 19:07:50,536:INFO:New best model found at epoch 0 with validation loss 2.207e+00. Saving...
2025-08-18 19:07:55,809:INFO:Epoch: 50/10000 | Train Loss: 1.651e+00 | Dynamic Loss: 1.651e+00 | Regularization Loss: 7.950e-06 | Val Loss: 1.682e+00 | Time: 5.26s
2025-08-18 19:07:55,809:INFO:New best model found at epoch 50 with validation loss 1.682e+00. Saving...
2025-08-18 19:08:01,217:INFO:Epoch: 100/10000 | Train Loss: 1.489e+00 | Dynamic Loss: 1.489e+00 | Regularization Loss: 3.221e-06 | Val Loss: 1.513e+00 | Time: 5.40s
2025-08-18 19:08:01,217:INFO:New best model found at epoch 100 with validation loss 1.513e+00. Saving...
2025-08-18 19:08:06,643:INFO:Epoch: 150/10000 | Train Loss: 1.360e+00 | Dynamic Loss: 1.360e+00 | Regularization Loss: 1.808e-06 | Val Loss: 1.396e+00 | Time: 5.42s
2025-08-18 19:08:06,643:INFO:New best model found at epoch 150 with validation loss 1.396e+00. Saving...
2025-08-18 19:08:14,851:INFO:Epoch: 200/10000 | Train Loss: 1.257e+00 | Dynamic Loss: 1.257e+00 | Regularization Loss: 1.185e-06 | Val Loss: 1.299e+00 | Time: 8.20s
2025-08-18 19:08:14,851:INFO:New best model found at epoch 200 with validation loss 1.299e+00. Saving...
2025-08-18 19:08:20,301:INFO:Epoch: 250/10000 | Train Loss: 1.199e+00 | Dynamic Loss: 1.199e+00 | Regularization Loss: 8.428e-07 | Val Loss: 1.233e+00 | Time: 5.44s
2025-08-18 19:08:20,301:INFO:New best model found at epoch 250 with validation loss 1.233e+00. Saving...
2025-08-18 19:08:25,796:INFO:Epoch: 300/10000 | Train Loss: 1.143e+00 | Dynamic Loss: 1.143e+00 | Regularization Loss: 6.474e-07 | Val Loss: 1.198e+00 | Time: 5.49s
2025-08-18 19:08:25,796:INFO:New best model found at epoch 300 with validation loss 1.198e+00. Saving...
2025-08-18 19:08:31,328:INFO:Epoch: 350/10000 | Train Loss: 1.045e+00 | Dynamic Loss: 1.045e+00 | Regularization Loss: 5.432e-07 | Val Loss: 1.109e+00 | Time: 5.52s
2025-08-18 19:08:31,329:INFO:New best model found at epoch 350 with validation loss 1.109e+00. Saving...
2025-08-18 19:08:36,937:INFO:Epoch: 400/10000 | Train Loss: 1.395e+00 | Dynamic Loss: 1.395e+00 | Regularization Loss: 5.197e-07 | Val Loss: 1.395e+00 | Time: 5.60s
2025-08-18 19:08:42,475:INFO:Epoch: 450/10000 | Train Loss: 1.154e+00 | Dynamic Loss: 1.154e+00 | Regularization Loss: 5.576e-07 | Val Loss: 1.305e+00 | Time: 5.54s
2025-08-18 19:08:48,082:INFO:Epoch: 500/10000 | Train Loss: 8.603e-01 | Dynamic Loss: 8.603e-01 | Regularization Loss: 6.862e-07 | Val Loss: 9.302e-01 | Time: 5.61s
2025-08-18 19:08:48,082:INFO:New best model found at epoch 500 with validation loss 9.302e-01. Saving...
2025-08-18 19:08:59,985:INFO:Epoch: 550/10000 | Train Loss: 9.167e-01 | Dynamic Loss: 9.167e-01 | Regularization Loss: 8.017e-07 | Val Loss: 9.330e-01 | Time: 11.89s
2025-08-18 19:09:05,499:INFO:Epoch: 600/10000 | Train Loss: 7.590e-01 | Dynamic Loss: 7.590e-01 | Regularization Loss: 1.008e-06 | Val Loss: 8.470e-01 | Time: 5.51s
2025-08-18 19:09:05,500:INFO:New best model found at epoch 600 with validation loss 8.470e-01. Saving...
2025-08-18 19:09:11,074:INFO:Epoch: 650/10000 | Train Loss: 7.233e-01 | Dynamic Loss: 7.233e-01 | Regularization Loss: 1.174e-06 | Val Loss: 8.112e-01 | Time: 5.57s
2025-08-18 19:09:11,074:INFO:New best model found at epoch 650 with validation loss 8.112e-01. Saving...
2025-08-18 19:09:16,639:INFO:Epoch: 700/10000 | Train Loss: 6.909e-01 | Dynamic Loss: 6.909e-01 | Regularization Loss: 1.346e-06 | Val Loss: 7.798e-01 | Time: 5.56s
2025-08-18 19:09:16,639:INFO:New best model found at epoch 700 with validation loss 7.798e-01. Saving...
2025-08-18 19:09:22,198:INFO:Epoch: 750/10000 | Train Loss: 6.668e-01 | Dynamic Loss: 6.668e-01 | Regularization Loss: 1.630e-06 | Val Loss: 7.512e-01 | Time: 5.55s
2025-08-18 19:09:22,199:INFO:New best model found at epoch 750 with validation loss 7.512e-01. Saving...
2025-08-18 19:09:32,192:INFO:Epoch: 800/10000 | Train Loss: 6.867e-01 | Dynamic Loss: 6.867e-01 | Regularization Loss: 1.990e-06 | Val Loss: 7.835e-01 | Time: 9.98s
2025-08-18 19:09:37,696:INFO:Epoch: 850/10000 | Train Loss: 6.080e-01 | Dynamic Loss: 6.080e-01 | Regularization Loss: 2.175e-06 | Val Loss: 6.995e-01 | Time: 5.50s
2025-08-18 19:09:37,696:INFO:New best model found at epoch 850 with validation loss 6.995e-01. Saving...
2025-08-18 19:09:43,242:INFO:Epoch: 900/10000 | Train Loss: 5.973e-01 | Dynamic Loss: 5.973e-01 | Regularization Loss: 2.740e-06 | Val Loss: 6.877e-01 | Time: 5.54s
2025-08-18 19:09:43,242:INFO:New best model found at epoch 900 with validation loss 6.877e-01. Saving...
2025-08-18 19:09:48,763:INFO:Epoch: 950/10000 | Train Loss: 6.045e-01 | Dynamic Loss: 6.045e-01 | Regularization Loss: 2.561e-06 | Val Loss: 6.724e-01 | Time: 5.51s
2025-08-18 19:09:48,764:INFO:New best model found at epoch 950 with validation loss 6.724e-01. Saving...
2025-08-18 19:09:54,369:INFO:Epoch: 1000/10000 | Train Loss: 6.899e-01 | Dynamic Loss: 6.899e-01 | Regularization Loss: 2.443e-06 | Val Loss: 7.350e-01 | Time: 5.60s
2025-08-18 19:09:59,921:INFO:Epoch: 1050/10000 | Train Loss: 5.325e-01 | Dynamic Loss: 5.325e-01 | Regularization Loss: 3.675e-06 | Val Loss: 6.288e-01 | Time: 5.55s
2025-08-18 19:09:59,921:INFO:New best model found at epoch 1050 with validation loss 6.288e-01. Saving...
2025-08-18 19:10:05,653:INFO:Epoch: 1100/10000 | Train Loss: 7.018e-01 | Dynamic Loss: 7.018e-01 | Regularization Loss: 3.320e-06 | Val Loss: 6.492e-01 | Time: 5.72s
2025-08-18 19:10:11,241:INFO:Epoch: 1150/10000 | Train Loss: 4.995e-01 | Dynamic Loss: 4.995e-01 | Regularization Loss: 2.126e-06 | Val Loss: 6.228e-01 | Time: 5.59s
2025-08-18 19:10:11,241:INFO:New best model found at epoch 1150 with validation loss 6.228e-01. Saving...
2025-08-18 19:10:16,901:INFO:Epoch: 1200/10000 | Train Loss: 5.953e-01 | Dynamic Loss: 5.953e-01 | Regularization Loss: 2.266e-06 | Val Loss: 7.311e-01 | Time: 5.65s
2025-08-18 19:10:27,312:INFO:Epoch: 1250/10000 | Train Loss: 4.638e-01 | Dynamic Loss: 4.638e-01 | Regularization Loss: 4.288e-06 | Val Loss: 5.640e-01 | Time: 10.41s
2025-08-18 19:10:27,312:INFO:New best model found at epoch 1250 with validation loss 5.640e-01. Saving...
2025-08-18 19:10:32,903:INFO:Epoch: 1300/10000 | Train Loss: 4.516e-01 | Dynamic Loss: 4.516e-01 | Regularization Loss: 4.458e-06 | Val Loss: 5.457e-01 | Time: 5.58s
2025-08-18 19:10:32,903:INFO:New best model found at epoch 1300 with validation loss 5.457e-01. Saving...
2025-08-18 19:10:38,571:INFO:Epoch: 1350/10000 | Train Loss: 5.003e-01 | Dynamic Loss: 5.003e-01 | Regularization Loss: 2.845e-06 | Val Loss: 5.908e-01 | Time: 5.66s
2025-08-18 19:10:44,148:INFO:Epoch: 1400/10000 | Train Loss: 4.643e-01 | Dynamic Loss: 4.643e-01 | Regularization Loss: 4.236e-06 | Val Loss: 5.400e-01 | Time: 5.58s
2025-08-18 19:10:44,148:INFO:New best model found at epoch 1400 with validation loss 5.400e-01. Saving...
2025-08-18 19:10:49,756:INFO:Epoch: 1450/10000 | Train Loss: 4.795e-01 | Dynamic Loss: 4.795e-01 | Regularization Loss: 4.148e-06 | Val Loss: 5.827e-01 | Time: 5.60s
2025-08-18 19:10:57,742:INFO:Epoch: 1500/10000 | Train Loss: 4.047e-01 | Dynamic Loss: 4.047e-01 | Regularization Loss: 3.063e-06 | Val Loss: 5.215e-01 | Time: 7.99s
2025-08-18 19:10:57,742:INFO:New best model found at epoch 1500 with validation loss 5.215e-01. Saving...
2025-08-18 19:11:03,468:INFO:Epoch: 1550/10000 | Train Loss: 3.703e-01 | Dynamic Loss: 3.703e-01 | Regularization Loss: 4.925e-06 | Val Loss: 4.743e-01 | Time: 5.72s
2025-08-18 19:11:03,468:INFO:New best model found at epoch 1550 with validation loss 4.743e-01. Saving...
2025-08-18 19:11:09,244:INFO:Epoch: 1600/10000 | Train Loss: 4.102e-01 | Dynamic Loss: 4.102e-01 | Regularization Loss: 3.065e-06 | Val Loss: 4.850e-01 | Time: 5.77s
2025-08-18 19:11:14,900:INFO:Epoch: 1650/10000 | Train Loss: 3.730e-01 | Dynamic Loss: 3.730e-01 | Regularization Loss: 4.908e-06 | Val Loss: 4.573e-01 | Time: 5.66s
2025-08-18 19:11:14,900:INFO:New best model found at epoch 1650 with validation loss 4.573e-01. Saving...
2025-08-18 19:11:20,483:INFO:Epoch: 1700/10000 | Train Loss: 3.644e-01 | Dynamic Loss: 3.644e-01 | Regularization Loss: 5.022e-06 | Val Loss: 4.433e-01 | Time: 5.57s
2025-08-18 19:11:20,483:INFO:New best model found at epoch 1700 with validation loss 4.433e-01. Saving...
2025-08-18 19:11:31,774:INFO:Epoch: 1750/10000 | Train Loss: 3.436e-01 | Dynamic Loss: 3.436e-01 | Regularization Loss: 6.300e-06 | Val Loss: 4.348e-01 | Time: 11.28s
2025-08-18 19:11:31,774:INFO:New best model found at epoch 1750 with validation loss 4.348e-01. Saving...
2025-08-18 19:11:37,358:INFO:Epoch: 1800/10000 | Train Loss: 3.202e-01 | Dynamic Loss: 3.202e-01 | Regularization Loss: 3.983e-06 | Val Loss: 4.203e-01 | Time: 5.57s
2025-08-18 19:11:37,358:INFO:New best model found at epoch 1800 with validation loss 4.203e-01. Saving...
2025-08-18 19:11:43,071:INFO:Epoch: 1850/10000 | Train Loss: 2.957e-01 | Dynamic Loss: 2.957e-01 | Regularization Loss: 5.303e-06 | Val Loss: 4.009e-01 | Time: 5.70s
2025-08-18 19:11:43,071:INFO:New best model found at epoch 1850 with validation loss 4.009e-01. Saving...
2025-08-18 19:11:48,705:INFO:Epoch: 1900/10000 | Train Loss: 3.162e-01 | Dynamic Loss: 3.162e-01 | Regularization Loss: 3.303e-06 | Val Loss: 4.539e-01 | Time: 5.62s
2025-08-18 19:11:54,391:INFO:Epoch: 1950/10000 | Train Loss: 2.754e-01 | Dynamic Loss: 2.754e-01 | Regularization Loss: 3.581e-06 | Val Loss: 3.938e-01 | Time: 5.69s
2025-08-18 19:11:54,391:INFO:New best model found at epoch 1950 with validation loss 3.938e-01. Saving...
2025-08-18 19:12:00,006:INFO:Epoch: 2000/10000 | Train Loss: 2.699e-01 | Dynamic Loss: 2.699e-01 | Regularization Loss: 5.706e-06 | Val Loss: 3.851e-01 | Time: 5.61s
2025-08-18 19:12:00,006:INFO:New best model found at epoch 2000 with validation loss 3.851e-01. Saving...
2025-08-18 19:12:05,611:INFO:Epoch: 2050/10000 | Train Loss: 2.698e-01 | Dynamic Loss: 2.698e-01 | Regularization Loss: 6.245e-06 | Val Loss: 3.697e-01 | Time: 5.60s
2025-08-18 19:12:05,611:INFO:New best model found at epoch 2050 with validation loss 3.697e-01. Saving...
2025-08-18 19:12:14,347:INFO:Epoch: 2100/10000 | Train Loss: 2.460e-01 | Dynamic Loss: 2.460e-01 | Regularization Loss: 5.243e-06 | Val Loss: 3.652e-01 | Time: 8.73s
2025-08-18 19:12:14,347:INFO:New best model found at epoch 2100 with validation loss 3.652e-01. Saving...
2025-08-18 19:12:19,942:INFO:Epoch: 2150/10000 | Train Loss: 2.543e-01 | Dynamic Loss: 2.543e-01 | Regularization Loss: 6.046e-06 | Val Loss: 3.833e-01 | Time: 5.59s
2025-08-18 19:12:25,623:INFO:Epoch: 2200/10000 | Train Loss: 2.925e-01 | Dynamic Loss: 2.925e-01 | Regularization Loss: 2.956e-06 | Val Loss: 4.738e-01 | Time: 5.68s
2025-08-18 19:12:31,201:INFO:Epoch: 2250/10000 | Train Loss: 2.962e-01 | Dynamic Loss: 2.962e-01 | Regularization Loss: 5.773e-06 | Val Loss: 3.541e-01 | Time: 5.58s
2025-08-18 19:12:31,201:INFO:New best model found at epoch 2250 with validation loss 3.541e-01. Saving...
2025-08-18 19:12:36,818:INFO:Epoch: 2300/10000 | Train Loss: 2.418e-01 | Dynamic Loss: 2.418e-01 | Regularization Loss: 5.771e-06 | Val Loss: 3.365e-01 | Time: 5.61s
2025-08-18 19:12:36,818:INFO:New best model found at epoch 2300 with validation loss 3.365e-01. Saving...
2025-08-18 19:12:48,202:INFO:Epoch: 2350/10000 | Train Loss: 2.289e-01 | Dynamic Loss: 2.289e-01 | Regularization Loss: 6.042e-06 | Val Loss: 3.438e-01 | Time: 11.37s
2025-08-18 19:12:53,870:INFO:Epoch: 2400/10000 | Train Loss: 2.460e-01 | Dynamic Loss: 2.460e-01 | Regularization Loss: 4.488e-06 | Val Loss: 3.482e-01 | Time: 5.67s
2025-08-18 19:13:04,980:INFO:Epoch: 2450/10000 | Train Loss: 2.114e-01 | Dynamic Loss: 2.114e-01 | Regularization Loss: 5.089e-06 | Val Loss: 3.328e-01 | Time: 11.11s
2025-08-18 19:13:04,980:INFO:New best model found at epoch 2450 with validation loss 3.328e-01. Saving...
2025-08-18 19:13:10,561:INFO:Epoch: 2500/10000 | Train Loss: 2.364e-01 | Dynamic Loss: 2.364e-01 | Regularization Loss: 5.407e-06 | Val Loss: 3.381e-01 | Time: 5.57s
2025-08-18 19:13:16,836:INFO:Epoch: 2550/10000 | Train Loss: 2.161e-01 | Dynamic Loss: 2.161e-01 | Regularization Loss: 4.596e-06 | Val Loss: 3.342e-01 | Time: 6.27s
2025-08-18 19:13:22,535:INFO:Epoch: 2600/10000 | Train Loss: 1.996e-01 | Dynamic Loss: 1.996e-01 | Regularization Loss: 4.604e-06 | Val Loss: 3.107e-01 | Time: 5.70s
2025-08-18 19:13:22,536:INFO:New best model found at epoch 2600 with validation loss 3.107e-01. Saving...
2025-08-18 19:13:28,298:INFO:Epoch: 2650/10000 | Train Loss: 1.939e-01 | Dynamic Loss: 1.939e-01 | Regularization Loss: 4.301e-06 | Val Loss: 3.226e-01 | Time: 5.75s
2025-08-18 19:13:40,369:INFO:Epoch: 2700/10000 | Train Loss: 1.795e-01 | Dynamic Loss: 1.795e-01 | Regularization Loss: 3.727e-06 | Val Loss: 3.032e-01 | Time: 12.07s
2025-08-18 19:13:40,369:INFO:New best model found at epoch 2700 with validation loss 3.032e-01. Saving...
2025-08-18 19:13:46,114:INFO:Epoch: 2750/10000 | Train Loss: 1.806e-01 | Dynamic Loss: 1.806e-01 | Regularization Loss: 3.466e-06 | Val Loss: 3.011e-01 | Time: 5.73s
2025-08-18 19:13:46,114:INFO:New best model found at epoch 2750 with validation loss 3.011e-01. Saving...
2025-08-18 19:13:51,841:INFO:Epoch: 2800/10000 | Train Loss: 1.908e-01 | Dynamic Loss: 1.908e-01 | Regularization Loss: 4.460e-06 | Val Loss: 3.005e-01 | Time: 5.72s
2025-08-18 19:13:51,841:INFO:New best model found at epoch 2800 with validation loss 3.005e-01. Saving...
2025-08-18 19:13:57,545:INFO:Epoch: 2850/10000 | Train Loss: 1.952e-01 | Dynamic Loss: 1.952e-01 | Regularization Loss: 3.645e-06 | Val Loss: 3.018e-01 | Time: 5.69s
2025-08-18 19:14:03,232:INFO:Epoch: 2900/10000 | Train Loss: 1.733e-01 | Dynamic Loss: 1.733e-01 | Regularization Loss: 3.592e-06 | Val Loss: 2.942e-01 | Time: 5.69s
2025-08-18 19:14:03,232:INFO:New best model found at epoch 2900 with validation loss 2.942e-01. Saving...
2025-08-18 19:14:14,286:INFO:Epoch: 2950/10000 | Train Loss: 1.731e-01 | Dynamic Loss: 1.730e-01 | Regularization Loss: 3.361e-06 | Val Loss: 2.907e-01 | Time: 11.04s
2025-08-18 19:14:14,286:INFO:New best model found at epoch 2950 with validation loss 2.907e-01. Saving...
2025-08-18 19:14:19,859:INFO:Epoch: 3000/10000 | Train Loss: 1.731e-01 | Dynamic Loss: 1.731e-01 | Regularization Loss: 3.042e-06 | Val Loss: 2.947e-01 | Time: 5.56s
2025-08-18 19:14:25,531:INFO:Epoch: 3050/10000 | Train Loss: 1.667e-01 | Dynamic Loss: 1.667e-01 | Regularization Loss: 2.980e-06 | Val Loss: 2.882e-01 | Time: 5.67s
2025-08-18 19:14:25,531:INFO:New best model found at epoch 3050 with validation loss 2.882e-01. Saving...
2025-08-18 19:14:31,102:INFO:Epoch: 3100/10000 | Train Loss: 1.623e-01 | Dynamic Loss: 1.622e-01 | Regularization Loss: 2.662e-06 | Val Loss: 2.865e-01 | Time: 5.56s
2025-08-18 19:14:31,103:INFO:New best model found at epoch 3100 with validation loss 2.865e-01. Saving...
2025-08-18 19:14:36,600:INFO:Epoch: 3150/10000 | Train Loss: 1.605e-01 | Dynamic Loss: 1.605e-01 | Regularization Loss: 2.582e-06 | Val Loss: 2.937e-01 | Time: 5.49s
2025-08-18 19:14:42,101:INFO:Epoch: 3200/10000 | Train Loss: 1.517e-01 | Dynamic Loss: 1.517e-01 | Regularization Loss: 2.624e-06 | Val Loss: 2.780e-01 | Time: 5.50s
2025-08-18 19:14:42,101:INFO:New best model found at epoch 3200 with validation loss 2.780e-01. Saving...
2025-08-18 19:14:47,790:INFO:Epoch: 3250/10000 | Train Loss: 1.670e-01 | Dynamic Loss: 1.670e-01 | Regularization Loss: 2.543e-06 | Val Loss: 2.874e-01 | Time: 5.68s
2025-08-18 19:14:57,561:INFO:Epoch: 3300/10000 | Train Loss: 1.719e-01 | Dynamic Loss: 1.719e-01 | Regularization Loss: 2.542e-06 | Val Loss: 2.869e-01 | Time: 9.77s
2025-08-18 19:15:03,181:INFO:Epoch: 3350/10000 | Train Loss: 1.410e-01 | Dynamic Loss: 1.410e-01 | Regularization Loss: 2.603e-06 | Val Loss: 2.657e-01 | Time: 5.62s
2025-08-18 19:15:03,181:INFO:New best model found at epoch 3350 with validation loss 2.657e-01. Saving...
2025-08-18 19:15:08,911:INFO:Epoch: 3400/10000 | Train Loss: 1.820e-01 | Dynamic Loss: 1.820e-01 | Regularization Loss: 2.154e-06 | Val Loss: 2.857e-01 | Time: 5.72s
2025-08-18 19:15:14,508:INFO:Epoch: 3450/10000 | Train Loss: 1.445e-01 | Dynamic Loss: 1.445e-01 | Regularization Loss: 2.620e-06 | Val Loss: 2.611e-01 | Time: 5.60s
2025-08-18 19:15:14,508:INFO:New best model found at epoch 3450 with validation loss 2.611e-01. Saving...
2025-08-18 19:15:20,397:INFO:Epoch: 3500/10000 | Train Loss: 1.349e-01 | Dynamic Loss: 1.349e-01 | Regularization Loss: 2.677e-06 | Val Loss: 2.600e-01 | Time: 5.88s
2025-08-18 19:15:20,397:INFO:New best model found at epoch 3500 with validation loss 2.600e-01. Saving...
2025-08-18 19:15:26,112:INFO:Epoch: 3550/10000 | Train Loss: 1.781e-01 | Dynamic Loss: 1.781e-01 | Regularization Loss: 2.557e-06 | Val Loss: 2.758e-01 | Time: 5.71s
2025-08-18 19:15:31,704:INFO:Epoch: 3600/10000 | Train Loss: 1.398e-01 | Dynamic Loss: 1.398e-01 | Regularization Loss: 2.828e-06 | Val Loss: 2.672e-01 | Time: 5.59s
2025-08-18 19:15:41,195:INFO:Epoch: 3650/10000 | Train Loss: 1.429e-01 | Dynamic Loss: 1.429e-01 | Regularization Loss: 2.704e-06 | Val Loss: 2.700e-01 | Time: 9.49s
2025-08-18 19:15:46,883:INFO:Epoch: 3700/10000 | Train Loss: 1.394e-01 | Dynamic Loss: 1.394e-01 | Regularization Loss: 2.953e-06 | Val Loss: 2.595e-01 | Time: 5.69s
2025-08-18 19:15:46,883:INFO:New best model found at epoch 3700 with validation loss 2.595e-01. Saving...
2025-08-18 19:15:52,649:INFO:Epoch: 3750/10000 | Train Loss: 1.239e-01 | Dynamic Loss: 1.239e-01 | Regularization Loss: 2.899e-06 | Val Loss: 2.502e-01 | Time: 5.76s
2025-08-18 19:15:52,649:INFO:New best model found at epoch 3750 with validation loss 2.502e-01. Saving...
2025-08-18 19:15:58,394:INFO:Epoch: 3800/10000 | Train Loss: 1.365e-01 | Dynamic Loss: 1.365e-01 | Regularization Loss: 2.930e-06 | Val Loss: 2.573e-01 | Time: 5.74s
2025-08-18 19:16:04,135:INFO:Epoch: 3850/10000 | Train Loss: 1.362e-01 | Dynamic Loss: 1.362e-01 | Regularization Loss: 2.859e-06 | Val Loss: 2.629e-01 | Time: 5.74s
2025-08-18 19:16:09,786:INFO:Epoch: 3900/10000 | Train Loss: 1.173e-01 | Dynamic Loss: 1.173e-01 | Regularization Loss: 3.013e-06 | Val Loss: 2.467e-01 | Time: 5.65s
2025-08-18 19:16:09,787:INFO:New best model found at epoch 3900 with validation loss 2.467e-01. Saving...
2025-08-18 19:16:15,324:INFO:Epoch: 3950/10000 | Train Loss: 1.331e-01 | Dynamic Loss: 1.331e-01 | Regularization Loss: 2.891e-06 | Val Loss: 2.537e-01 | Time: 5.53s
2025-08-18 19:16:20,990:INFO:Epoch: 4000/10000 | Train Loss: 1.382e-01 | Dynamic Loss: 1.382e-01 | Regularization Loss: 2.724e-06 | Val Loss: 2.627e-01 | Time: 5.67s
2025-08-18 19:16:26,719:INFO:Epoch: 4050/10000 | Train Loss: 1.121e-01 | Dynamic Loss: 1.121e-01 | Regularization Loss: 2.979e-06 | Val Loss: 2.415e-01 | Time: 5.73s
2025-08-18 19:16:26,719:INFO:New best model found at epoch 4050 with validation loss 2.415e-01. Saving...
2025-08-18 19:16:32,398:INFO:Epoch: 4100/10000 | Train Loss: 1.105e-01 | Dynamic Loss: 1.105e-01 | Regularization Loss: 3.056e-06 | Val Loss: 2.404e-01 | Time: 5.67s
2025-08-18 19:16:32,398:INFO:New best model found at epoch 4100 with validation loss 2.404e-01. Saving...
2025-08-18 19:16:38,090:INFO:Epoch: 4150/10000 | Train Loss: 1.115e-01 | Dynamic Loss: 1.115e-01 | Regularization Loss: 2.898e-06 | Val Loss: 2.436e-01 | Time: 5.68s
2025-08-18 19:16:43,764:INFO:Epoch: 4200/10000 | Train Loss: 1.159e-01 | Dynamic Loss: 1.159e-01 | Regularization Loss: 2.970e-06 | Val Loss: 2.450e-01 | Time: 5.67s
2025-08-18 19:16:49,377:INFO:Epoch: 4250/10000 | Train Loss: 1.323e-01 | Dynamic Loss: 1.323e-01 | Regularization Loss: 2.813e-06 | Val Loss: 2.531e-01 | Time: 5.61s
2025-08-18 19:16:55,047:INFO:Epoch: 4300/10000 | Train Loss: 1.348e-01 | Dynamic Loss: 1.348e-01 | Regularization Loss: 2.900e-06 | Val Loss: 2.861e-01 | Time: 5.67s
2025-08-18 19:17:00,675:INFO:Epoch: 4350/10000 | Train Loss: 1.097e-01 | Dynamic Loss: 1.097e-01 | Regularization Loss: 2.758e-06 | Val Loss: 2.396e-01 | Time: 5.63s
2025-08-18 19:17:00,675:INFO:New best model found at epoch 4350 with validation loss 2.396e-01. Saving...
2025-08-18 19:17:06,394:INFO:Epoch: 4400/10000 | Train Loss: 1.025e-01 | Dynamic Loss: 1.025e-01 | Regularization Loss: 2.821e-06 | Val Loss: 2.333e-01 | Time: 5.71s
2025-08-18 19:17:06,395:INFO:New best model found at epoch 4400 with validation loss 2.333e-01. Saving...
2025-08-18 19:17:13,605:INFO:Epoch: 4450/10000 | Train Loss: 1.083e-01 | Dynamic Loss: 1.083e-01 | Regularization Loss: 2.819e-06 | Val Loss: 2.385e-01 | Time: 7.20s
2025-08-18 19:17:19,269:INFO:Epoch: 4500/10000 | Train Loss: 1.105e-01 | Dynamic Loss: 1.105e-01 | Regularization Loss: 2.809e-06 | Val Loss: 2.461e-01 | Time: 5.66s
2025-08-18 19:17:25,480:INFO:Epoch: 4550/10000 | Train Loss: 1.057e-01 | Dynamic Loss: 1.057e-01 | Regularization Loss: 2.732e-06 | Val Loss: 2.345e-01 | Time: 6.21s
2025-08-18 19:17:31,137:INFO:Epoch: 4600/10000 | Train Loss: 1.084e-01 | Dynamic Loss: 1.084e-01 | Regularization Loss: 2.559e-06 | Val Loss: 2.410e-01 | Time: 5.66s
2025-08-18 19:17:36,842:INFO:Epoch: 4650/10000 | Train Loss: 1.132e-01 | Dynamic Loss: 1.132e-01 | Regularization Loss: 2.482e-06 | Val Loss: 2.390e-01 | Time: 5.70s
2025-08-18 19:17:42,478:INFO:Epoch: 4700/10000 | Train Loss: 1.018e-01 | Dynamic Loss: 1.018e-01 | Regularization Loss: 2.660e-06 | Val Loss: 2.338e-01 | Time: 5.64s
2025-08-18 19:17:48,182:INFO:Epoch: 4750/10000 | Train Loss: 1.004e-01 | Dynamic Loss: 1.004e-01 | Regularization Loss: 2.606e-06 | Val Loss: 2.323e-01 | Time: 5.70s
2025-08-18 19:17:48,182:INFO:New best model found at epoch 4750 with validation loss 2.323e-01. Saving...
2025-08-18 19:17:53,806:INFO:Epoch: 4800/10000 | Train Loss: 9.723e-02 | Dynamic Loss: 9.723e-02 | Regularization Loss: 2.562e-06 | Val Loss: 2.245e-01 | Time: 5.61s
2025-08-18 19:17:53,806:INFO:New best model found at epoch 4800 with validation loss 2.245e-01. Saving...
2025-08-18 19:17:59,458:INFO:Epoch: 4850/10000 | Train Loss: 9.581e-02 | Dynamic Loss: 9.581e-02 | Regularization Loss: 2.407e-06 | Val Loss: 2.267e-01 | Time: 5.64s
2025-08-18 19:18:06,155:INFO:Epoch: 4900/10000 | Train Loss: 1.010e-01 | Dynamic Loss: 1.010e-01 | Regularization Loss: 2.160e-06 | Val Loss: 2.328e-01 | Time: 6.70s
2025-08-18 19:18:11,780:INFO:Epoch: 4950/10000 | Train Loss: 1.042e-01 | Dynamic Loss: 1.042e-01 | Regularization Loss: 2.099e-06 | Val Loss: 2.308e-01 | Time: 5.62s
2025-08-18 19:18:17,499:INFO:Epoch: 5000/10000 | Train Loss: 9.867e-02 | Dynamic Loss: 9.867e-02 | Regularization Loss: 2.486e-06 | Val Loss: 2.268e-01 | Time: 5.72s
2025-08-18 19:18:23,196:INFO:Epoch: 5050/10000 | Train Loss: 8.955e-02 | Dynamic Loss: 8.954e-02 | Regularization Loss: 2.364e-06 | Val Loss: 2.203e-01 | Time: 5.70s
2025-08-18 19:18:23,196:INFO:New best model found at epoch 5050 with validation loss 2.203e-01. Saving...
2025-08-18 19:18:28,930:INFO:Epoch: 5100/10000 | Train Loss: 8.527e-02 | Dynamic Loss: 8.527e-02 | Regularization Loss: 2.352e-06 | Val Loss: 2.140e-01 | Time: 5.72s
2025-08-18 19:18:28,930:INFO:New best model found at epoch 5100 with validation loss 2.140e-01. Saving...
2025-08-18 19:18:34,621:INFO:Epoch: 5150/10000 | Train Loss: 1.160e-01 | Dynamic Loss: 1.160e-01 | Regularization Loss: 1.720e-06 | Val Loss: 2.404e-01 | Time: 5.68s
2025-08-18 19:18:40,430:INFO:Epoch: 5200/10000 | Train Loss: 8.833e-02 | Dynamic Loss: 8.833e-02 | Regularization Loss: 2.151e-06 | Val Loss: 2.162e-01 | Time: 5.81s
2025-08-18 19:18:52,865:INFO:Epoch: 5250/10000 | Train Loss: 1.108e-01 | Dynamic Loss: 1.108e-01 | Regularization Loss: 1.861e-06 | Val Loss: 2.272e-01 | Time: 12.43s
2025-08-18 19:18:58,592:INFO:Epoch: 5300/10000 | Train Loss: 7.952e-02 | Dynamic Loss: 7.952e-02 | Regularization Loss: 2.154e-06 | Val Loss: 2.121e-01 | Time: 5.73s
2025-08-18 19:18:58,592:INFO:New best model found at epoch 5300 with validation loss 2.121e-01. Saving...
2025-08-18 19:19:07,710:INFO:Epoch: 5350/10000 | Train Loss: 1.003e-01 | Dynamic Loss: 1.003e-01 | Regularization Loss: 2.076e-06 | Val Loss: 2.309e-01 | Time: 9.11s
2025-08-18 19:19:13,442:INFO:Epoch: 5400/10000 | Train Loss: 8.793e-02 | Dynamic Loss: 8.793e-02 | Regularization Loss: 2.043e-06 | Val Loss: 2.152e-01 | Time: 5.73s
2025-08-18 19:19:19,048:INFO:Epoch: 5450/10000 | Train Loss: 7.586e-02 | Dynamic Loss: 7.586e-02 | Regularization Loss: 2.037e-06 | Val Loss: 2.081e-01 | Time: 5.61s
2025-08-18 19:19:19,048:INFO:New best model found at epoch 5450 with validation loss 2.081e-01. Saving...
2025-08-18 19:19:31,442:INFO:Epoch: 5500/10000 | Train Loss: 7.413e-02 | Dynamic Loss: 7.413e-02 | Regularization Loss: 1.964e-06 | Val Loss: 2.048e-01 | Time: 12.38s
2025-08-18 19:19:31,442:INFO:New best model found at epoch 5500 with validation loss 2.048e-01. Saving...
2025-08-18 19:19:37,161:INFO:Epoch: 5550/10000 | Train Loss: 1.124e-01 | Dynamic Loss: 1.124e-01 | Regularization Loss: 1.484e-06 | Val Loss: 2.351e-01 | Time: 5.71s
2025-08-18 19:19:42,977:INFO:Epoch: 5600/10000 | Train Loss: 7.684e-02 | Dynamic Loss: 7.684e-02 | Regularization Loss: 1.930e-06 | Val Loss: 2.075e-01 | Time: 5.82s
2025-08-18 19:19:48,813:INFO:Epoch: 5650/10000 | Train Loss: 7.215e-02 | Dynamic Loss: 7.215e-02 | Regularization Loss: 1.924e-06 | Val Loss: 2.045e-01 | Time: 5.84s
2025-08-18 19:19:48,814:INFO:New best model found at epoch 5650 with validation loss 2.045e-01. Saving...
2025-08-18 19:19:54,687:INFO:Epoch: 5700/10000 | Train Loss: 7.436e-02 | Dynamic Loss: 7.435e-02 | Regularization Loss: 1.830e-06 | Val Loss: 2.037e-01 | Time: 5.86s
2025-08-18 19:19:54,687:INFO:New best model found at epoch 5700 with validation loss 2.037e-01. Saving...
2025-08-18 19:20:00,463:INFO:Epoch: 5750/10000 | Train Loss: 1.034e-01 | Dynamic Loss: 1.034e-01 | Regularization Loss: 1.575e-06 | Val Loss: 2.192e-01 | Time: 5.77s
2025-08-18 19:20:06,307:INFO:Epoch: 5800/10000 | Train Loss: 6.618e-02 | Dynamic Loss: 6.617e-02 | Regularization Loss: 1.831e-06 | Val Loss: 1.998e-01 | Time: 5.84s
2025-08-18 19:20:06,307:INFO:New best model found at epoch 5800 with validation loss 1.998e-01. Saving...
2025-08-18 19:20:18,553:INFO:Epoch: 5850/10000 | Train Loss: 8.915e-02 | Dynamic Loss: 8.915e-02 | Regularization Loss: 1.751e-06 | Val Loss: 2.250e-01 | Time: 12.24s
2025-08-18 19:20:24,320:INFO:Epoch: 5900/10000 | Train Loss: 7.543e-02 | Dynamic Loss: 7.543e-02 | Regularization Loss: 1.840e-06 | Val Loss: 2.094e-01 | Time: 5.77s
2025-08-18 19:20:30,209:INFO:Epoch: 5950/10000 | Train Loss: 1.472e-01 | Dynamic Loss: 1.472e-01 | Regularization Loss: 9.180e-07 | Val Loss: 2.446e-01 | Time: 5.89s
2025-08-18 19:20:36,075:INFO:Epoch: 6000/10000 | Train Loss: 7.161e-02 | Dynamic Loss: 7.161e-02 | Regularization Loss: 1.664e-06 | Val Loss: 2.031e-01 | Time: 5.87s
2025-08-18 19:20:41,899:INFO:Epoch: 6050/10000 | Train Loss: 6.425e-02 | Dynamic Loss: 6.425e-02 | Regularization Loss: 1.713e-06 | Val Loss: 1.960e-01 | Time: 5.82s
2025-08-18 19:20:41,899:INFO:New best model found at epoch 6050 with validation loss 1.960e-01. Saving...
2025-08-18 19:20:53,176:INFO:Epoch: 6100/10000 | Train Loss: 6.138e-02 | Dynamic Loss: 6.138e-02 | Regularization Loss: 1.698e-06 | Val Loss: 1.951e-01 | Time: 11.27s
2025-08-18 19:20:53,176:INFO:New best model found at epoch 6100 with validation loss 1.951e-01. Saving...
2025-08-18 19:20:58,821:INFO:Epoch: 6150/10000 | Train Loss: 6.508e-02 | Dynamic Loss: 6.508e-02 | Regularization Loss: 1.670e-06 | Val Loss: 1.980e-01 | Time: 5.64s
2025-08-18 19:21:04,540:INFO:Epoch: 6200/10000 | Train Loss: 8.186e-02 | Dynamic Loss: 8.185e-02 | Regularization Loss: 1.625e-06 | Val Loss: 2.161e-01 | Time: 5.72s
2025-08-18 19:21:10,280:INFO:Epoch: 6250/10000 | Train Loss: 5.975e-02 | Dynamic Loss: 5.975e-02 | Regularization Loss: 1.620e-06 | Val Loss: 1.932e-01 | Time: 5.74s
2025-08-18 19:21:10,281:INFO:New best model found at epoch 6250 with validation loss 1.932e-01. Saving...
2025-08-18 19:21:16,065:INFO:Epoch: 6300/10000 | Train Loss: 6.202e-02 | Dynamic Loss: 6.201e-02 | Regularization Loss: 1.544e-06 | Val Loss: 1.963e-01 | Time: 5.78s
2025-08-18 19:21:21,797:INFO:Epoch: 6350/10000 | Train Loss: 1.278e-01 | Dynamic Loss: 1.278e-01 | Regularization Loss: 1.334e-06 | Val Loss: 2.184e-01 | Time: 5.73s
2025-08-18 19:21:27,485:INFO:Epoch: 6400/10000 | Train Loss: 6.603e-02 | Dynamic Loss: 6.603e-02 | Regularization Loss: 1.571e-06 | Val Loss: 2.091e-01 | Time: 5.69s
2025-08-18 19:21:39,795:INFO:Epoch: 6450/10000 | Train Loss: 6.238e-02 | Dynamic Loss: 6.238e-02 | Regularization Loss: 1.570e-06 | Val Loss: 1.997e-01 | Time: 12.31s
2025-08-18 19:21:45,481:INFO:Epoch: 6500/10000 | Train Loss: 5.662e-02 | Dynamic Loss: 5.661e-02 | Regularization Loss: 1.433e-06 | Val Loss: 1.896e-01 | Time: 5.69s
2025-08-18 19:21:45,481:INFO:New best model found at epoch 6500 with validation loss 1.896e-01. Saving...
2025-08-18 19:21:51,282:INFO:Epoch: 6550/10000 | Train Loss: 6.676e-02 | Dynamic Loss: 6.676e-02 | Regularization Loss: 1.373e-06 | Val Loss: 1.934e-01 | Time: 5.79s
2025-08-18 19:21:57,012:INFO:Epoch: 6600/10000 | Train Loss: 1.465e-01 | Dynamic Loss: 1.465e-01 | Regularization Loss: 1.129e-06 | Val Loss: 2.191e-01 | Time: 5.73s
2025-08-18 19:22:02,673:INFO:Epoch: 6650/10000 | Train Loss: 6.453e-02 | Dynamic Loss: 6.453e-02 | Regularization Loss: 1.268e-06 | Val Loss: 2.003e-01 | Time: 5.66s
2025-08-18 19:22:14,760:INFO:Epoch: 6700/10000 | Train Loss: 8.004e-02 | Dynamic Loss: 8.004e-02 | Regularization Loss: 1.084e-06 | Val Loss: 2.065e-01 | Time: 12.09s
2025-08-18 19:22:20,550:INFO:Epoch: 6750/10000 | Train Loss: 5.573e-02 | Dynamic Loss: 5.573e-02 | Regularization Loss: 1.198e-06 | Val Loss: 1.918e-01 | Time: 5.79s
2025-08-18 19:22:26,374:INFO:Epoch: 6800/10000 | Train Loss: 8.472e-02 | Dynamic Loss: 8.472e-02 | Regularization Loss: 1.200e-06 | Val Loss: 2.156e-01 | Time: 5.82s
2025-08-18 19:22:32,064:INFO:Epoch: 6850/10000 | Train Loss: 5.724e-02 | Dynamic Loss: 5.724e-02 | Regularization Loss: 1.175e-06 | Val Loss: 1.903e-01 | Time: 5.69s
2025-08-18 19:22:37,871:INFO:Epoch: 6900/10000 | Train Loss: 6.166e-02 | Dynamic Loss: 6.166e-02 | Regularization Loss: 1.107e-06 | Val Loss: 1.960e-01 | Time: 5.81s
2025-08-18 19:22:43,535:INFO:Epoch: 6950/10000 | Train Loss: 5.387e-02 | Dynamic Loss: 5.387e-02 | Regularization Loss: 1.134e-06 | Val Loss: 1.912e-01 | Time: 5.66s
2025-08-18 19:22:49,283:INFO:Epoch: 7000/10000 | Train Loss: 6.571e-02 | Dynamic Loss: 6.571e-02 | Regularization Loss: 9.474e-07 | Val Loss: 1.923e-01 | Time: 5.75s
2025-08-18 19:22:55,097:INFO:Epoch: 7050/10000 | Train Loss: 6.033e-02 | Dynamic Loss: 6.033e-02 | Regularization Loss: 1.093e-06 | Val Loss: 1.945e-01 | Time: 5.81s
2025-08-18 19:23:00,797:INFO:Epoch: 7100/10000 | Train Loss: 6.399e-02 | Dynamic Loss: 6.399e-02 | Regularization Loss: 9.639e-07 | Val Loss: 2.055e-01 | Time: 5.70s
2025-08-18 19:23:12,427:INFO:Epoch: 7150/10000 | Train Loss: 9.602e-02 | Dynamic Loss: 9.602e-02 | Regularization Loss: 9.929e-07 | Val Loss: 2.388e-01 | Time: 11.63s
2025-08-18 19:23:18,301:INFO:Epoch: 7200/10000 | Train Loss: 5.429e-02 | Dynamic Loss: 5.429e-02 | Regularization Loss: 9.920e-07 | Val Loss: 1.938e-01 | Time: 5.87s
2025-08-18 19:23:24,057:INFO:Epoch: 7250/10000 | Train Loss: 4.937e-02 | Dynamic Loss: 4.937e-02 | Regularization Loss: 9.668e-07 | Val Loss: 1.836e-01 | Time: 5.76s
2025-08-18 19:23:24,058:INFO:New best model found at epoch 7250 with validation loss 1.836e-01. Saving...
2025-08-18 19:23:29,785:INFO:Epoch: 7300/10000 | Train Loss: 1.031e-01 | Dynamic Loss: 1.031e-01 | Regularization Loss: 9.247e-07 | Val Loss: 1.953e-01 | Time: 5.72s
2025-08-18 19:23:35,566:INFO:Epoch: 7350/10000 | Train Loss: 5.268e-02 | Dynamic Loss: 5.267e-02 | Regularization Loss: 9.621e-07 | Val Loss: 1.873e-01 | Time: 5.78s
2025-08-18 19:23:41,252:INFO:Epoch: 7400/10000 | Train Loss: 5.083e-02 | Dynamic Loss: 5.083e-02 | Regularization Loss: 9.378e-07 | Val Loss: 1.901e-01 | Time: 5.69s
2025-08-18 19:23:46,982:INFO:Epoch: 7450/10000 | Train Loss: 4.932e-02 | Dynamic Loss: 4.932e-02 | Regularization Loss: 8.858e-07 | Val Loss: 1.841e-01 | Time: 5.73s
2025-08-18 19:23:52,746:INFO:Epoch: 7500/10000 | Train Loss: 5.956e-02 | Dynamic Loss: 5.956e-02 | Regularization Loss: 8.840e-07 | Val Loss: 1.928e-01 | Time: 5.76s
2025-08-18 19:23:58,452:INFO:Epoch: 7550/10000 | Train Loss: 4.816e-02 | Dynamic Loss: 4.815e-02 | Regularization Loss: 8.907e-07 | Val Loss: 1.883e-01 | Time: 5.71s
2025-08-18 19:24:04,240:INFO:Epoch: 7600/10000 | Train Loss: 7.721e-02 | Dynamic Loss: 7.721e-02 | Regularization Loss: 7.143e-07 | Val Loss: 1.994e-01 | Time: 5.79s
2025-08-18 19:24:15,587:INFO:Epoch: 7650/10000 | Train Loss: 4.577e-02 | Dynamic Loss: 4.577e-02 | Regularization Loss: 8.459e-07 | Val Loss: 1.824e-01 | Time: 11.35s
2025-08-18 19:24:15,587:INFO:New best model found at epoch 7650 with validation loss 1.824e-01. Saving...
2025-08-18 19:24:21,275:INFO:Epoch: 7700/10000 | Train Loss: 4.636e-02 | Dynamic Loss: 4.636e-02 | Regularization Loss: 8.878e-07 | Val Loss: 1.835e-01 | Time: 5.67s
2025-08-18 19:24:28,963:INFO:Epoch: 7750/10000 | Train Loss: 5.255e-02 | Dynamic Loss: 5.255e-02 | Regularization Loss: 8.144e-07 | Val Loss: 1.832e-01 | Time: 7.69s
2025-08-18 19:24:34,662:INFO:Epoch: 7800/10000 | Train Loss: 4.661e-02 | Dynamic Loss: 4.661e-02 | Regularization Loss: 7.991e-07 | Val Loss: 1.834e-01 | Time: 5.70s
2025-08-18 19:24:40,437:INFO:Epoch: 7850/10000 | Train Loss: 5.261e-02 | Dynamic Loss: 5.261e-02 | Regularization Loss: 7.443e-07 | Val Loss: 1.864e-01 | Time: 5.77s
2025-08-18 19:24:46,133:INFO:Epoch: 7900/10000 | Train Loss: 4.514e-02 | Dynamic Loss: 4.514e-02 | Regularization Loss: 8.112e-07 | Val Loss: 1.835e-01 | Time: 5.70s
2025-08-18 19:24:51,980:INFO:Epoch: 7950/10000 | Train Loss: 4.149e-02 | Dynamic Loss: 4.148e-02 | Regularization Loss: 7.729e-07 | Val Loss: 1.797e-01 | Time: 5.85s
2025-08-18 19:24:51,980:INFO:New best model found at epoch 7950 with validation loss 1.797e-01. Saving...
2025-08-18 19:24:57,752:INFO:Epoch: 8000/10000 | Train Loss: 4.231e-02 | Dynamic Loss: 4.231e-02 | Regularization Loss: 7.925e-07 | Val Loss: 1.802e-01 | Time: 5.76s
2025-08-18 19:25:03,487:INFO:Epoch: 8050/10000 | Train Loss: 4.446e-02 | Dynamic Loss: 4.446e-02 | Regularization Loss: 7.575e-07 | Val Loss: 1.810e-01 | Time: 5.73s
2025-08-18 19:25:16,170:INFO:Epoch: 8100/10000 | Train Loss: 5.207e-02 | Dynamic Loss: 5.206e-02 | Regularization Loss: 7.710e-07 | Val Loss: 1.825e-01 | Time: 12.68s
2025-08-18 19:25:21,907:INFO:Epoch: 8150/10000 | Train Loss: 4.134e-02 | Dynamic Loss: 4.134e-02 | Regularization Loss: 7.582e-07 | Val Loss: 1.824e-01 | Time: 5.74s
2025-08-18 19:25:27,655:INFO:Epoch: 8200/10000 | Train Loss: 4.203e-02 | Dynamic Loss: 4.203e-02 | Regularization Loss: 7.583e-07 | Val Loss: 1.818e-01 | Time: 5.75s
2025-08-18 19:25:33,380:INFO:Epoch: 8250/10000 | Train Loss: 4.134e-02 | Dynamic Loss: 4.134e-02 | Regularization Loss: 7.216e-07 | Val Loss: 1.781e-01 | Time: 5.72s
2025-08-18 19:25:33,380:INFO:New best model found at epoch 8250 with validation loss 1.781e-01. Saving...
2025-08-18 19:25:39,113:INFO:Epoch: 8300/10000 | Train Loss: 5.008e-02 | Dynamic Loss: 5.007e-02 | Regularization Loss: 7.172e-07 | Val Loss: 1.831e-01 | Time: 5.72s
2025-08-18 19:25:49,156:INFO:Epoch: 8350/10000 | Train Loss: 4.305e-02 | Dynamic Loss: 4.305e-02 | Regularization Loss: 6.578e-07 | Val Loss: 1.855e-01 | Time: 10.04s
2025-08-18 19:25:54,781:INFO:Epoch: 8400/10000 | Train Loss: 5.302e-02 | Dynamic Loss: 5.302e-02 | Regularization Loss: 6.019e-07 | Val Loss: 1.861e-01 | Time: 5.63s
2025-08-18 19:26:00,523:INFO:Epoch: 8450/10000 | Train Loss: 4.065e-02 | Dynamic Loss: 4.065e-02 | Regularization Loss: 7.263e-07 | Val Loss: 1.792e-01 | Time: 5.74s
2025-08-18 19:26:06,297:INFO:Epoch: 8500/10000 | Train Loss: 4.332e-02 | Dynamic Loss: 4.332e-02 | Regularization Loss: 6.678e-07 | Val Loss: 1.870e-01 | Time: 5.77s
2025-08-18 19:26:12,139:INFO:Epoch: 8550/10000 | Train Loss: 3.950e-02 | Dynamic Loss: 3.950e-02 | Regularization Loss: 6.768e-07 | Val Loss: 1.778e-01 | Time: 5.84s
2025-08-18 19:26:12,139:INFO:New best model found at epoch 8550 with validation loss 1.778e-01. Saving...
2025-08-18 19:26:17,831:INFO:Epoch: 8600/10000 | Train Loss: 3.977e-02 | Dynamic Loss: 3.977e-02 | Regularization Loss: 6.443e-07 | Val Loss: 1.784e-01 | Time: 5.68s
2025-08-18 19:26:23,638:INFO:Epoch: 8650/10000 | Train Loss: 7.092e-02 | Dynamic Loss: 7.092e-02 | Regularization Loss: 3.412e-07 | Val Loss: 1.888e-01 | Time: 5.81s
2025-08-18 19:26:29,436:INFO:Epoch: 8700/10000 | Train Loss: 5.844e-02 | Dynamic Loss: 5.844e-02 | Regularization Loss: 6.370e-07 | Val Loss: 1.953e-01 | Time: 5.80s
2025-08-18 19:26:35,097:INFO:Epoch: 8750/10000 | Train Loss: 4.920e-02 | Dynamic Loss: 4.920e-02 | Regularization Loss: 6.269e-07 | Val Loss: 1.856e-01 | Time: 5.66s
2025-08-18 19:26:40,835:INFO:Epoch: 8800/10000 | Train Loss: 6.149e-02 | Dynamic Loss: 6.149e-02 | Regularization Loss: 6.306e-07 | Val Loss: 1.935e-01 | Time: 5.74s
2025-08-18 19:26:46,559:INFO:Epoch: 8850/10000 | Train Loss: 3.892e-02 | Dynamic Loss: 3.892e-02 | Regularization Loss: 6.600e-07 | Val Loss: 1.778e-01 | Time: 5.72s
2025-08-18 19:26:46,559:INFO:New best model found at epoch 8850 with validation loss 1.778e-01. Saving...
2025-08-18 19:26:52,340:INFO:Epoch: 8900/10000 | Train Loss: 3.857e-02 | Dynamic Loss: 3.857e-02 | Regularization Loss: 6.365e-07 | Val Loss: 1.768e-01 | Time: 5.77s
2025-08-18 19:26:52,340:INFO:New best model found at epoch 8900 with validation loss 1.768e-01. Saving...
2025-08-18 19:26:58,151:INFO:Epoch: 8950/10000 | Train Loss: 4.306e-02 | Dynamic Loss: 4.306e-02 | Regularization Loss: 5.743e-07 | Val Loss: 1.823e-01 | Time: 5.80s
2025-08-18 19:27:03,843:INFO:Epoch: 9000/10000 | Train Loss: 4.140e-02 | Dynamic Loss: 4.140e-02 | Regularization Loss: 6.058e-07 | Val Loss: 1.784e-01 | Time: 5.69s
2025-08-18 19:27:16,603:INFO:Epoch: 9050/10000 | Train Loss: 4.213e-02 | Dynamic Loss: 4.213e-02 | Regularization Loss: 6.288e-07 | Val Loss: 1.797e-01 | Time: 12.76s
2025-08-18 19:27:22,303:INFO:Epoch: 9100/10000 | Train Loss: 4.169e-02 | Dynamic Loss: 4.169e-02 | Regularization Loss: 5.197e-07 | Val Loss: 1.891e-01 | Time: 5.70s
2025-08-18 19:27:28,160:INFO:Epoch: 9150/10000 | Train Loss: 3.971e-02 | Dynamic Loss: 3.971e-02 | Regularization Loss: 6.186e-07 | Val Loss: 1.756e-01 | Time: 5.86s
2025-08-18 19:27:28,160:INFO:New best model found at epoch 9150 with validation loss 1.756e-01. Saving...
2025-08-18 19:27:33,829:INFO:Epoch: 9200/10000 | Train Loss: 4.020e-02 | Dynamic Loss: 4.020e-02 | Regularization Loss: 6.094e-07 | Val Loss: 1.766e-01 | Time: 5.66s
2025-08-18 19:27:39,471:INFO:Epoch: 9250/10000 | Train Loss: 4.695e-02 | Dynamic Loss: 4.695e-02 | Regularization Loss: 5.901e-07 | Val Loss: 1.780e-01 | Time: 5.64s
2025-08-18 19:27:51,360:INFO:Epoch: 9300/10000 | Train Loss: 3.817e-02 | Dynamic Loss: 3.817e-02 | Regularization Loss: 5.357e-07 | Val Loss: 1.768e-01 | Time: 11.89s
2025-08-18 19:27:57,073:INFO:Epoch: 9350/10000 | Train Loss: 3.353e-02 | Dynamic Loss: 3.353e-02 | Regularization Loss: 5.979e-07 | Val Loss: 1.734e-01 | Time: 5.71s
2025-08-18 19:27:57,074:INFO:New best model found at epoch 9350 with validation loss 1.734e-01. Saving...
2025-08-18 19:28:02,856:INFO:Epoch: 9400/10000 | Train Loss: 3.591e-02 | Dynamic Loss: 3.591e-02 | Regularization Loss: 5.955e-07 | Val Loss: 1.788e-01 | Time: 5.77s
2025-08-18 19:28:08,655:INFO:Epoch: 9450/10000 | Train Loss: 3.873e-02 | Dynamic Loss: 3.873e-02 | Regularization Loss: 5.784e-07 | Val Loss: 1.791e-01 | Time: 5.80s
2025-08-18 19:28:14,422:INFO:Epoch: 9500/10000 | Train Loss: 3.233e-02 | Dynamic Loss: 3.233e-02 | Regularization Loss: 5.714e-07 | Val Loss: 1.746e-01 | Time: 5.77s
2025-08-18 19:28:20,489:INFO:Epoch: 9550/10000 | Train Loss: 4.448e-02 | Dynamic Loss: 4.448e-02 | Regularization Loss: 5.295e-07 | Val Loss: 1.821e-01 | Time: 6.07s
2025-08-18 19:28:26,203:INFO:Epoch: 9600/10000 | Train Loss: 3.301e-02 | Dynamic Loss: 3.301e-02 | Regularization Loss: 6.010e-07 | Val Loss: 1.737e-01 | Time: 5.71s
2025-08-18 19:28:31,999:INFO:Epoch: 9650/10000 | Train Loss: 5.187e-02 | Dynamic Loss: 5.187e-02 | Regularization Loss: 5.074e-07 | Val Loss: 1.860e-01 | Time: 5.79s
2025-08-18 19:28:37,781:INFO:Epoch: 9700/10000 | Train Loss: 3.398e-02 | Dynamic Loss: 3.398e-02 | Regularization Loss: 5.587e-07 | Val Loss: 1.745e-01 | Time: 5.78s
2025-08-18 19:28:43,478:INFO:Epoch: 9750/10000 | Train Loss: 3.073e-02 | Dynamic Loss: 3.073e-02 | Regularization Loss: 5.725e-07 | Val Loss: 1.720e-01 | Time: 5.70s
2025-08-18 19:28:43,478:INFO:New best model found at epoch 9750 with validation loss 1.720e-01. Saving...
2025-08-18 19:28:49,266:INFO:Epoch: 9800/10000 | Train Loss: 2.931e-02 | Dynamic Loss: 2.931e-02 | Regularization Loss: 5.567e-07 | Val Loss: 1.716e-01 | Time: 5.78s
2025-08-18 19:28:49,267:INFO:New best model found at epoch 9800 with validation loss 1.716e-01. Saving...
2025-08-18 19:28:54,977:INFO:Epoch: 9850/10000 | Train Loss: 3.878e-02 | Dynamic Loss: 3.878e-02 | Regularization Loss: 5.191e-07 | Val Loss: 1.731e-01 | Time: 5.70s
2025-08-18 19:29:07,128:INFO:Epoch: 9900/10000 | Train Loss: 3.546e-02 | Dynamic Loss: 3.546e-02 | Regularization Loss: 5.220e-07 | Val Loss: 1.830e-01 | Time: 12.15s
2025-08-18 19:29:12,854:INFO:Epoch: 9950/10000 | Train Loss: 3.957e-02 | Dynamic Loss: 3.957e-02 | Regularization Loss: 5.332e-07 | Val Loss: 1.735e-01 | Time: 5.73s
2025-08-18 19:29:18,607:INFO:Epoch: 10000/10000 | Train Loss: 2.973e-02 | Dynamic Loss: 2.973e-02 | Regularization Loss: 5.502e-07 | Val Loss: 1.737e-01 | Time: 5.75s
