2025-08-18 12:27:06,208:INFO:Created DataLoaders with 2994 training samples and 998 validation samples.
2025-08-18 12:27:10,064:INFO:model params: 1216258
2025-08-18 12:27:28,689:INFO:Epoch: 0/10000 | Train Loss: 1.871e+03 | Dynamic Loss: 1.870e+03 | Regularization Loss: 8.677e-01 | Val Loss: 3.044e+02 | Time: 18.63s
2025-08-18 12:27:28,690:INFO:New best model found at epoch 0 with validation loss 3.044e+02. Saving...
2025-08-18 12:27:34,174:INFO:Epoch: 50/10000 | Train Loss: 1.469e+00 | Dynamic Loss: 1.464e+00 | Regularization Loss: 4.730e-03 | Val Loss: 1.440e+00 | Time: 5.39s
2025-08-18 12:27:34,174:INFO:New best model found at epoch 50 with validation loss 1.440e+00. Saving...
2025-08-18 12:27:44,536:INFO:Epoch: 100/10000 | Train Loss: 1.382e+00 | Dynamic Loss: 1.380e+00 | Regularization Loss: 2.157e-03 | Val Loss: 1.360e+00 | Time: 10.35s
2025-08-18 12:27:44,536:INFO:New best model found at epoch 100 with validation loss 1.360e+00. Saving...
2025-08-18 12:27:50,088:INFO:Epoch: 150/10000 | Train Loss: 1.387e+00 | Dynamic Loss: 1.386e+00 | Regularization Loss: 1.208e-03 | Val Loss: 1.383e+00 | Time: 5.53s
2025-08-18 12:27:55,703:INFO:Epoch: 200/10000 | Train Loss: 1.367e+00 | Dynamic Loss: 1.366e+00 | Regularization Loss: 7.545e-04 | Val Loss: 1.340e+00 | Time: 5.62s
2025-08-18 12:27:55,703:INFO:New best model found at epoch 200 with validation loss 1.340e+00. Saving...
2025-08-18 12:28:01,264:INFO:Epoch: 250/10000 | Train Loss: 1.380e+00 | Dynamic Loss: 1.379e+00 | Regularization Loss: 5.012e-04 | Val Loss: 1.411e+00 | Time: 5.55s
2025-08-18 12:28:06,839:INFO:Epoch: 300/10000 | Train Loss: 1.380e+00 | Dynamic Loss: 1.380e+00 | Regularization Loss: 3.454e-04 | Val Loss: 1.422e+00 | Time: 5.58s
2025-08-18 12:28:14,690:INFO:Epoch: 350/10000 | Train Loss: 1.398e+00 | Dynamic Loss: 1.397e+00 | Regularization Loss: 2.433e-04 | Val Loss: 1.332e+00 | Time: 7.85s
2025-08-18 12:28:14,690:INFO:New best model found at epoch 350 with validation loss 1.332e+00. Saving...
2025-08-18 12:28:20,312:INFO:Epoch: 400/10000 | Train Loss: 1.379e+00 | Dynamic Loss: 1.379e+00 | Regularization Loss: 1.734e-04 | Val Loss: 1.388e+00 | Time: 5.61s
2025-08-18 12:28:26,056:INFO:Epoch: 450/10000 | Train Loss: 1.419e+00 | Dynamic Loss: 1.419e+00 | Regularization Loss: 1.241e-04 | Val Loss: 1.361e+00 | Time: 5.74s
2025-08-18 12:28:31,786:INFO:Epoch: 500/10000 | Train Loss: 1.393e+00 | Dynamic Loss: 1.393e+00 | Regularization Loss: 8.879e-05 | Val Loss: 1.409e+00 | Time: 5.73s
2025-08-18 12:28:37,466:INFO:Epoch: 550/10000 | Train Loss: 1.363e+00 | Dynamic Loss: 1.363e+00 | Regularization Loss: 6.321e-05 | Val Loss: 1.377e+00 | Time: 5.68s
2025-08-18 12:28:45,874:INFO:Epoch: 600/10000 | Train Loss: 1.462e+00 | Dynamic Loss: 1.462e+00 | Regularization Loss: 4.461e-05 | Val Loss: 1.339e+00 | Time: 8.41s
2025-08-18 12:28:51,512:INFO:Epoch: 650/10000 | Train Loss: 1.374e+00 | Dynamic Loss: 1.374e+00 | Regularization Loss: 3.113e-05 | Val Loss: 1.468e+00 | Time: 5.64s
2025-08-18 12:28:57,158:INFO:Epoch: 700/10000 | Train Loss: 1.430e+00 | Dynamic Loss: 1.430e+00 | Regularization Loss: 2.143e-05 | Val Loss: 1.283e+00 | Time: 5.65s
2025-08-18 12:28:57,158:INFO:New best model found at epoch 700 with validation loss 1.283e+00. Saving...
2025-08-18 12:29:08,494:INFO:Epoch: 750/10000 | Train Loss: 1.379e+00 | Dynamic Loss: 1.379e+00 | Regularization Loss: 1.452e-05 | Val Loss: 1.438e+00 | Time: 11.32s
2025-08-18 12:29:14,185:INFO:Epoch: 800/10000 | Train Loss: 1.455e+00 | Dynamic Loss: 1.455e+00 | Regularization Loss: 9.658e-06 | Val Loss: 1.373e+00 | Time: 5.69s
2025-08-18 12:29:19,959:INFO:Epoch: 850/10000 | Train Loss: 1.418e+00 | Dynamic Loss: 1.418e+00 | Regularization Loss: 6.301e-06 | Val Loss: 1.465e+00 | Time: 5.77s
2025-08-18 12:29:25,669:INFO:Epoch: 900/10000 | Train Loss: 1.344e+00 | Dynamic Loss: 1.344e+00 | Regularization Loss: 4.029e-06 | Val Loss: 1.416e+00 | Time: 5.71s
2025-08-18 12:29:31,535:INFO:Epoch: 950/10000 | Train Loss: 1.546e+00 | Dynamic Loss: 1.546e+00 | Regularization Loss: 2.518e-06 | Val Loss: 1.311e+00 | Time: 5.87s
2025-08-18 12:29:37,248:INFO:Epoch: 1000/10000 | Train Loss: 1.297e+00 | Dynamic Loss: 1.297e+00 | Regularization Loss: 1.536e-06 | Val Loss: 1.291e+00 | Time: 5.71s
2025-08-18 12:29:43,081:INFO:Epoch: 1050/10000 | Train Loss: 1.287e+00 | Dynamic Loss: 1.287e+00 | Regularization Loss: 9.158e-07 | Val Loss: 1.270e+00 | Time: 5.83s
2025-08-18 12:29:43,081:INFO:New best model found at epoch 1050 with validation loss 1.270e+00. Saving...
2025-08-18 12:29:49,017:INFO:Epoch: 1100/10000 | Train Loss: 1.277e+00 | Dynamic Loss: 1.277e+00 | Regularization Loss: 5.329e-07 | Val Loss: 1.262e+00 | Time: 5.92s
2025-08-18 12:29:49,017:INFO:New best model found at epoch 1100 with validation loss 1.262e+00. Saving...
2025-08-18 12:29:54,840:INFO:Epoch: 1150/10000 | Train Loss: 1.273e+00 | Dynamic Loss: 1.273e+00 | Regularization Loss: 3.028e-07 | Val Loss: 1.255e+00 | Time: 5.81s
2025-08-18 12:29:54,840:INFO:New best model found at epoch 1150 with validation loss 1.255e+00. Saving...
2025-08-18 12:30:03,329:INFO:Epoch: 1200/10000 | Train Loss: 1.264e+00 | Dynamic Loss: 1.264e+00 | Regularization Loss: 1.679e-07 | Val Loss: 1.252e+00 | Time: 8.47s
2025-08-18 12:30:03,329:INFO:New best model found at epoch 1200 with validation loss 1.252e+00. Saving...
2025-08-18 12:30:09,112:INFO:Epoch: 1250/10000 | Train Loss: 1.258e+00 | Dynamic Loss: 1.258e+00 | Regularization Loss: 9.091e-08 | Val Loss: 1.242e+00 | Time: 5.77s
2025-08-18 12:30:09,112:INFO:New best model found at epoch 1250 with validation loss 1.242e+00. Saving...
2025-08-18 12:30:14,950:INFO:Epoch: 1300/10000 | Train Loss: 1.252e+00 | Dynamic Loss: 1.252e+00 | Regularization Loss: 4.808e-08 | Val Loss: 1.236e+00 | Time: 5.83s
2025-08-18 12:30:14,951:INFO:New best model found at epoch 1300 with validation loss 1.236e+00. Saving...
2025-08-18 12:30:20,839:INFO:Epoch: 1350/10000 | Train Loss: 1.239e+00 | Dynamic Loss: 1.239e+00 | Regularization Loss: 2.485e-08 | Val Loss: 1.227e+00 | Time: 5.87s
2025-08-18 12:30:20,839:INFO:New best model found at epoch 1350 with validation loss 1.227e+00. Saving...
2025-08-18 12:30:26,480:INFO:Epoch: 1400/10000 | Train Loss: 1.232e+00 | Dynamic Loss: 1.232e+00 | Regularization Loss: 1.256e-08 | Val Loss: 1.218e+00 | Time: 5.63s
2025-08-18 12:30:26,480:INFO:New best model found at epoch 1400 with validation loss 1.218e+00. Saving...
2025-08-18 12:30:38,023:INFO:Epoch: 1450/10000 | Train Loss: 1.223e+00 | Dynamic Loss: 1.223e+00 | Regularization Loss: 6.218e-09 | Val Loss: 1.209e+00 | Time: 11.53s
2025-08-18 12:30:38,023:INFO:New best model found at epoch 1450 with validation loss 1.209e+00. Saving...
2025-08-18 12:30:43,578:INFO:Epoch: 1500/10000 | Train Loss: 1.220e+00 | Dynamic Loss: 1.220e+00 | Regularization Loss: 3.023e-09 | Val Loss: 1.205e+00 | Time: 5.54s
2025-08-18 12:30:43,578:INFO:New best model found at epoch 1500 with validation loss 1.205e+00. Saving...
2025-08-18 12:30:49,138:INFO:Epoch: 1550/10000 | Train Loss: 1.207e+00 | Dynamic Loss: 1.207e+00 | Regularization Loss: 1.442e-09 | Val Loss: 1.197e+00 | Time: 5.55s
2025-08-18 12:30:49,138:INFO:New best model found at epoch 1550 with validation loss 1.197e+00. Saving...
2025-08-18 12:30:54,913:INFO:Epoch: 1600/10000 | Train Loss: 1.199e+00 | Dynamic Loss: 1.199e+00 | Regularization Loss: 6.763e-10 | Val Loss: 1.185e+00 | Time: 5.76s
2025-08-18 12:30:54,914:INFO:New best model found at epoch 1600 with validation loss 1.185e+00. Saving...
2025-08-18 12:31:00,531:INFO:Epoch: 1650/10000 | Train Loss: 1.192e+00 | Dynamic Loss: 1.192e+00 | Regularization Loss: 3.121e-10 | Val Loss: 1.181e+00 | Time: 5.60s
2025-08-18 12:31:00,531:INFO:New best model found at epoch 1650 with validation loss 1.181e+00. Saving...
2025-08-18 12:31:06,106:INFO:Epoch: 1700/10000 | Train Loss: 1.180e+00 | Dynamic Loss: 1.180e+00 | Regularization Loss: 1.420e-10 | Val Loss: 1.166e+00 | Time: 5.56s
2025-08-18 12:31:06,106:INFO:New best model found at epoch 1700 with validation loss 1.166e+00. Saving...
2025-08-18 12:31:11,787:INFO:Epoch: 1750/10000 | Train Loss: 1.171e+00 | Dynamic Loss: 1.171e+00 | Regularization Loss: 6.389e-11 | Val Loss: 1.156e+00 | Time: 5.67s
2025-08-18 12:31:11,787:INFO:New best model found at epoch 1750 with validation loss 1.156e+00. Saving...
2025-08-18 12:31:22,009:INFO:Epoch: 1800/10000 | Train Loss: 1.160e+00 | Dynamic Loss: 1.160e+00 | Regularization Loss: 2.845e-11 | Val Loss: 1.145e+00 | Time: 10.21s
2025-08-18 12:31:22,010:INFO:New best model found at epoch 1800 with validation loss 1.145e+00. Saving...
2025-08-18 12:31:27,675:INFO:Epoch: 1850/10000 | Train Loss: 1.150e+00 | Dynamic Loss: 1.150e+00 | Regularization Loss: 1.258e-11 | Val Loss: 1.139e+00 | Time: 5.65s
2025-08-18 12:31:27,675:INFO:New best model found at epoch 1850 with validation loss 1.139e+00. Saving...
2025-08-18 12:31:33,205:INFO:Epoch: 1900/10000 | Train Loss: 1.139e+00 | Dynamic Loss: 1.139e+00 | Regularization Loss: 5.534e-12 | Val Loss: 1.125e+00 | Time: 5.52s
2025-08-18 12:31:33,205:INFO:New best model found at epoch 1900 with validation loss 1.125e+00. Saving...
2025-08-18 12:31:38,881:INFO:Epoch: 1950/10000 | Train Loss: 1.129e+00 | Dynamic Loss: 1.129e+00 | Regularization Loss: 2.430e-12 | Val Loss: 1.114e+00 | Time: 5.66s
2025-08-18 12:31:38,881:INFO:New best model found at epoch 1950 with validation loss 1.114e+00. Saving...
2025-08-18 12:31:50,252:INFO:Epoch: 2000/10000 | Train Loss: 1.116e+00 | Dynamic Loss: 1.116e+00 | Regularization Loss: 1.069e-12 | Val Loss: 1.102e+00 | Time: 11.36s
2025-08-18 12:31:50,252:INFO:New best model found at epoch 2000 with validation loss 1.102e+00. Saving...
2025-08-18 12:31:55,928:INFO:Epoch: 2050/10000 | Train Loss: 1.107e+00 | Dynamic Loss: 1.107e+00 | Regularization Loss: 4.729e-13 | Val Loss: 1.090e+00 | Time: 5.66s
2025-08-18 12:31:55,928:INFO:New best model found at epoch 2050 with validation loss 1.090e+00. Saving...
2025-08-18 12:32:01,477:INFO:Epoch: 2100/10000 | Train Loss: 1.093e+00 | Dynamic Loss: 1.093e+00 | Regularization Loss: 2.105e-13 | Val Loss: 1.080e+00 | Time: 5.54s
2025-08-18 12:32:01,478:INFO:New best model found at epoch 2100 with validation loss 1.080e+00. Saving...
2025-08-18 12:32:07,302:INFO:Epoch: 2150/10000 | Train Loss: 1.080e+00 | Dynamic Loss: 1.080e+00 | Regularization Loss: 9.454e-14 | Val Loss: 1.067e+00 | Time: 5.81s
2025-08-18 12:32:07,303:INFO:New best model found at epoch 2150 with validation loss 1.067e+00. Saving...
2025-08-18 12:32:12,966:INFO:Epoch: 2200/10000 | Train Loss: 1.075e+00 | Dynamic Loss: 1.075e+00 | Regularization Loss: 4.300e-14 | Val Loss: 1.063e+00 | Time: 5.65s
2025-08-18 12:32:12,966:INFO:New best model found at epoch 2200 with validation loss 1.063e+00. Saving...
2025-08-18 12:32:18,548:INFO:Epoch: 2250/10000 | Train Loss: 1.062e+00 | Dynamic Loss: 1.062e+00 | Regularization Loss: 1.983e-14 | Val Loss: 1.048e+00 | Time: 5.57s
2025-08-18 12:32:18,548:INFO:New best model found at epoch 2250 with validation loss 1.048e+00. Saving...
2025-08-18 12:32:24,189:INFO:Epoch: 2300/10000 | Train Loss: 1.050e+00 | Dynamic Loss: 1.050e+00 | Regularization Loss: 9.309e-15 | Val Loss: 1.035e+00 | Time: 5.63s
2025-08-18 12:32:24,189:INFO:New best model found at epoch 2300 with validation loss 1.035e+00. Saving...
2025-08-18 12:32:31,413:INFO:Epoch: 2350/10000 | Train Loss: 1.039e+00 | Dynamic Loss: 1.039e+00 | Regularization Loss: 4.457e-15 | Val Loss: 1.021e+00 | Time: 7.21s
2025-08-18 12:32:31,413:INFO:New best model found at epoch 2350 with validation loss 1.021e+00. Saving...
2025-08-18 12:32:37,002:INFO:Epoch: 2400/10000 | Train Loss: 1.031e+00 | Dynamic Loss: 1.031e+00 | Regularization Loss: 2.186e-15 | Val Loss: 1.013e+00 | Time: 5.58s
2025-08-18 12:32:37,002:INFO:New best model found at epoch 2400 with validation loss 1.013e+00. Saving...
2025-08-18 12:32:42,604:INFO:Epoch: 2450/10000 | Train Loss: 1.019e+00 | Dynamic Loss: 1.019e+00 | Regularization Loss: 1.100e-15 | Val Loss: 9.998e-01 | Time: 5.59s
2025-08-18 12:32:42,604:INFO:New best model found at epoch 2450 with validation loss 9.998e-01. Saving...
2025-08-18 12:32:48,309:INFO:Epoch: 2500/10000 | Train Loss: 1.007e+00 | Dynamic Loss: 1.007e+00 | Regularization Loss: 5.682e-16 | Val Loss: 9.903e-01 | Time: 5.69s
2025-08-18 12:32:48,309:INFO:New best model found at epoch 2500 with validation loss 9.903e-01. Saving...
2025-08-18 12:32:59,953:INFO:Epoch: 2550/10000 | Train Loss: 9.968e-01 | Dynamic Loss: 9.968e-01 | Regularization Loss: 3.019e-16 | Val Loss: 9.816e-01 | Time: 11.63s
2025-08-18 12:32:59,953:INFO:New best model found at epoch 2550 with validation loss 9.816e-01. Saving...
2025-08-18 12:33:05,673:INFO:Epoch: 2600/10000 | Train Loss: 9.866e-01 | Dynamic Loss: 9.866e-01 | Regularization Loss: 1.653e-16 | Val Loss: 9.751e-01 | Time: 5.71s
2025-08-18 12:33:05,673:INFO:New best model found at epoch 2600 with validation loss 9.751e-01. Saving...
2025-08-18 12:33:11,370:INFO:Epoch: 2650/10000 | Train Loss: 9.758e-01 | Dynamic Loss: 9.758e-01 | Regularization Loss: 9.344e-17 | Val Loss: 9.580e-01 | Time: 5.68s
2025-08-18 12:33:11,370:INFO:New best model found at epoch 2650 with validation loss 9.580e-01. Saving...
2025-08-18 12:33:17,102:INFO:Epoch: 2700/10000 | Train Loss: 9.698e-01 | Dynamic Loss: 9.698e-01 | Regularization Loss: 5.471e-17 | Val Loss: 9.543e-01 | Time: 5.72s
2025-08-18 12:33:17,102:INFO:New best model found at epoch 2700 with validation loss 9.543e-01. Saving...
2025-08-18 12:33:22,806:INFO:Epoch: 2750/10000 | Train Loss: 9.570e-01 | Dynamic Loss: 9.570e-01 | Regularization Loss: 3.316e-17 | Val Loss: 9.307e-01 | Time: 5.69s
2025-08-18 12:33:22,806:INFO:New best model found at epoch 2750 with validation loss 9.307e-01. Saving...
2025-08-18 12:33:28,461:INFO:Epoch: 2800/10000 | Train Loss: 9.419e-01 | Dynamic Loss: 9.419e-01 | Regularization Loss: 2.084e-17 | Val Loss: 9.253e-01 | Time: 5.64s
2025-08-18 12:33:28,461:INFO:New best model found at epoch 2800 with validation loss 9.253e-01. Saving...
2025-08-18 12:33:34,129:INFO:Epoch: 2850/10000 | Train Loss: 9.372e-01 | Dynamic Loss: 9.372e-01 | Regularization Loss: 1.357e-17 | Val Loss: 9.226e-01 | Time: 5.66s
2025-08-18 12:33:34,129:INFO:New best model found at epoch 2850 with validation loss 9.226e-01. Saving...
2025-08-18 12:33:43,824:INFO:Epoch: 2900/10000 | Train Loss: 9.277e-01 | Dynamic Loss: 9.277e-01 | Regularization Loss: 9.202e-18 | Val Loss: 9.087e-01 | Time: 9.68s
2025-08-18 12:33:43,824:INFO:New best model found at epoch 2900 with validation loss 9.087e-01. Saving...
2025-08-18 12:33:49,412:INFO:Epoch: 2950/10000 | Train Loss: 9.147e-01 | Dynamic Loss: 9.147e-01 | Regularization Loss: 6.495e-18 | Val Loss: 9.003e-01 | Time: 5.58s
2025-08-18 12:33:49,412:INFO:New best model found at epoch 2950 with validation loss 9.003e-01. Saving...
2025-08-18 12:33:55,010:INFO:Epoch: 3000/10000 | Train Loss: 9.083e-01 | Dynamic Loss: 9.083e-01 | Regularization Loss: 4.770e-18 | Val Loss: 8.907e-01 | Time: 5.59s
2025-08-18 12:33:55,010:INFO:New best model found at epoch 3000 with validation loss 8.907e-01. Saving...
2025-08-18 12:34:01,235:INFO:Epoch: 3050/10000 | Train Loss: 8.977e-01 | Dynamic Loss: 8.977e-01 | Regularization Loss: 3.650e-18 | Val Loss: 8.789e-01 | Time: 6.21s
2025-08-18 12:34:01,235:INFO:New best model found at epoch 3050 with validation loss 8.789e-01. Saving...
2025-08-18 12:34:06,859:INFO:Epoch: 3100/10000 | Train Loss: 8.922e-01 | Dynamic Loss: 8.922e-01 | Regularization Loss: 2.920e-18 | Val Loss: 8.722e-01 | Time: 5.61s
2025-08-18 12:34:06,859:INFO:New best model found at epoch 3100 with validation loss 8.722e-01. Saving...
2025-08-18 12:34:12,540:INFO:Epoch: 3150/10000 | Train Loss: 8.846e-01 | Dynamic Loss: 8.846e-01 | Regularization Loss: 2.438e-18 | Val Loss: 8.697e-01 | Time: 5.67s
2025-08-18 12:34:12,541:INFO:New best model found at epoch 3150 with validation loss 8.697e-01. Saving...
2025-08-18 12:34:18,165:INFO:Epoch: 3200/10000 | Train Loss: 8.723e-01 | Dynamic Loss: 8.723e-01 | Regularization Loss: 2.128e-18 | Val Loss: 8.553e-01 | Time: 5.61s
2025-08-18 12:34:18,165:INFO:New best model found at epoch 3200 with validation loss 8.553e-01. Saving...
2025-08-18 12:34:29,555:INFO:Epoch: 3250/10000 | Train Loss: 8.660e-01 | Dynamic Loss: 8.660e-01 | Regularization Loss: 1.948e-18 | Val Loss: 8.434e-01 | Time: 11.38s
2025-08-18 12:34:29,555:INFO:New best model found at epoch 3250 with validation loss 8.434e-01. Saving...
2025-08-18 12:34:35,208:INFO:Epoch: 3300/10000 | Train Loss: 8.605e-01 | Dynamic Loss: 8.605e-01 | Regularization Loss: 1.866e-18 | Val Loss: 8.372e-01 | Time: 5.64s
2025-08-18 12:34:35,208:INFO:New best model found at epoch 3300 with validation loss 8.372e-01. Saving...
2025-08-18 12:34:40,741:INFO:Epoch: 3350/10000 | Train Loss: 8.467e-01 | Dynamic Loss: 8.467e-01 | Regularization Loss: 1.874e-18 | Val Loss: 8.297e-01 | Time: 5.52s
2025-08-18 12:34:40,741:INFO:New best model found at epoch 3350 with validation loss 8.297e-01. Saving...
2025-08-18 12:34:46,508:INFO:Epoch: 3400/10000 | Train Loss: 8.424e-01 | Dynamic Loss: 8.424e-01 | Regularization Loss: 1.974e-18 | Val Loss: 8.212e-01 | Time: 5.75s
2025-08-18 12:34:46,508:INFO:New best model found at epoch 3400 with validation loss 8.212e-01. Saving...
2025-08-18 12:34:52,141:INFO:Epoch: 3450/10000 | Train Loss: 8.319e-01 | Dynamic Loss: 8.319e-01 | Regularization Loss: 2.180e-18 | Val Loss: 8.160e-01 | Time: 5.62s
2025-08-18 12:34:52,142:INFO:New best model found at epoch 3450 with validation loss 8.160e-01. Saving...
2025-08-18 12:34:57,869:INFO:Epoch: 3500/10000 | Train Loss: 8.276e-01 | Dynamic Loss: 8.276e-01 | Regularization Loss: 2.530e-18 | Val Loss: 8.104e-01 | Time: 5.71s
2025-08-18 12:34:57,870:INFO:New best model found at epoch 3500 with validation loss 8.104e-01. Saving...
2025-08-18 12:35:03,590:INFO:Epoch: 3550/10000 | Train Loss: 8.166e-01 | Dynamic Loss: 8.166e-01 | Regularization Loss: 3.082e-18 | Val Loss: 7.986e-01 | Time: 5.71s
2025-08-18 12:35:03,590:INFO:New best model found at epoch 3550 with validation loss 7.986e-01. Saving...
2025-08-18 12:35:14,068:INFO:Epoch: 3600/10000 | Train Loss: 8.092e-01 | Dynamic Loss: 8.092e-01 | Regularization Loss: 3.934e-18 | Val Loss: 7.933e-01 | Time: 10.47s
2025-08-18 12:35:14,069:INFO:New best model found at epoch 3600 with validation loss 7.933e-01. Saving...
2025-08-18 12:35:19,783:INFO:Epoch: 3650/10000 | Train Loss: 8.049e-01 | Dynamic Loss: 8.049e-01 | Regularization Loss: 5.273e-18 | Val Loss: 7.859e-01 | Time: 5.70s
2025-08-18 12:35:19,783:INFO:New best model found at epoch 3650 with validation loss 7.859e-01. Saving...
2025-08-18 12:35:25,497:INFO:Epoch: 3700/10000 | Train Loss: 7.979e-01 | Dynamic Loss: 7.979e-01 | Regularization Loss: 7.408e-18 | Val Loss: 7.762e-01 | Time: 5.70s
2025-08-18 12:35:25,497:INFO:New best model found at epoch 3700 with validation loss 7.762e-01. Saving...
2025-08-18 12:35:31,192:INFO:Epoch: 3750/10000 | Train Loss: 7.909e-01 | Dynamic Loss: 7.909e-01 | Regularization Loss: 1.090e-17 | Val Loss: 7.701e-01 | Time: 5.68s
2025-08-18 12:35:31,192:INFO:New best model found at epoch 3750 with validation loss 7.701e-01. Saving...
2025-08-18 12:35:36,977:INFO:Epoch: 3800/10000 | Train Loss: 7.818e-01 | Dynamic Loss: 7.818e-01 | Regularization Loss: 1.681e-17 | Val Loss: 7.646e-01 | Time: 5.77s
2025-08-18 12:35:36,977:INFO:New best model found at epoch 3800 with validation loss 7.646e-01. Saving...
2025-08-18 12:35:42,634:INFO:Epoch: 3850/10000 | Train Loss: 7.773e-01 | Dynamic Loss: 7.773e-01 | Regularization Loss: 2.702e-17 | Val Loss: 7.600e-01 | Time: 5.64s
2025-08-18 12:35:42,634:INFO:New best model found at epoch 3850 with validation loss 7.600e-01. Saving...
2025-08-18 12:35:48,284:INFO:Epoch: 3900/10000 | Train Loss: 7.758e-01 | Dynamic Loss: 7.758e-01 | Regularization Loss: 4.539e-17 | Val Loss: 7.584e-01 | Time: 5.64s
2025-08-18 12:35:48,285:INFO:New best model found at epoch 3900 with validation loss 7.584e-01. Saving...
2025-08-18 12:35:57,549:INFO:Epoch: 3950/10000 | Train Loss: 7.653e-01 | Dynamic Loss: 7.653e-01 | Regularization Loss: 7.941e-17 | Val Loss: 7.482e-01 | Time: 9.25s
2025-08-18 12:35:57,549:INFO:New best model found at epoch 3950 with validation loss 7.482e-01. Saving...
2025-08-18 12:36:03,319:INFO:Epoch: 4000/10000 | Train Loss: 7.619e-01 | Dynamic Loss: 7.619e-01 | Regularization Loss: 1.445e-16 | Val Loss: 7.461e-01 | Time: 5.76s
2025-08-18 12:36:03,319:INFO:New best model found at epoch 4000 with validation loss 7.461e-01. Saving...
2025-08-18 12:36:08,994:INFO:Epoch: 4050/10000 | Train Loss: 7.532e-01 | Dynamic Loss: 7.532e-01 | Regularization Loss: 2.735e-16 | Val Loss: 7.339e-01 | Time: 5.66s
2025-08-18 12:36:08,994:INFO:New best model found at epoch 4050 with validation loss 7.339e-01. Saving...
2025-08-18 12:36:14,707:INFO:Epoch: 4100/10000 | Train Loss: 7.476e-01 | Dynamic Loss: 7.476e-01 | Regularization Loss: 5.364e-16 | Val Loss: 7.326e-01 | Time: 5.70s
2025-08-18 12:36:14,707:INFO:New best model found at epoch 4100 with validation loss 7.326e-01. Saving...
2025-08-18 12:36:20,372:INFO:Epoch: 4150/10000 | Train Loss: 7.424e-01 | Dynamic Loss: 7.424e-01 | Regularization Loss: 1.087e-15 | Val Loss: 7.292e-01 | Time: 5.65s
2025-08-18 12:36:20,372:INFO:New best model found at epoch 4150 with validation loss 7.292e-01. Saving...
2025-08-18 12:36:26,031:INFO:Epoch: 4200/10000 | Train Loss: 7.365e-01 | Dynamic Loss: 7.365e-01 | Regularization Loss: 2.270e-15 | Val Loss: 7.220e-01 | Time: 5.65s
2025-08-18 12:36:26,031:INFO:New best model found at epoch 4200 with validation loss 7.220e-01. Saving...
2025-08-18 12:36:31,628:INFO:Epoch: 4250/10000 | Train Loss: 7.334e-01 | Dynamic Loss: 7.334e-01 | Regularization Loss: 4.898e-15 | Val Loss: 7.230e-01 | Time: 5.58s
2025-08-18 12:36:42,624:INFO:Epoch: 4300/10000 | Train Loss: 7.269e-01 | Dynamic Loss: 7.269e-01 | Regularization Loss: 1.088e-14 | Val Loss: 7.148e-01 | Time: 11.00s
2025-08-18 12:36:42,624:INFO:New best model found at epoch 4300 with validation loss 7.148e-01. Saving...
2025-08-18 12:36:48,227:INFO:Epoch: 4350/10000 | Train Loss: 7.208e-01 | Dynamic Loss: 7.208e-01 | Regularization Loss: 2.474e-14 | Val Loss: 7.069e-01 | Time: 5.59s
2025-08-18 12:36:48,227:INFO:New best model found at epoch 4350 with validation loss 7.069e-01. Saving...
2025-08-18 12:36:53,886:INFO:Epoch: 4400/10000 | Train Loss: 7.184e-01 | Dynamic Loss: 7.184e-01 | Regularization Loss: 5.780e-14 | Val Loss: 7.047e-01 | Time: 5.65s
2025-08-18 12:36:53,886:INFO:New best model found at epoch 4400 with validation loss 7.047e-01. Saving...
2025-08-18 12:36:59,571:INFO:Epoch: 4450/10000 | Train Loss: 7.133e-01 | Dynamic Loss: 7.133e-01 | Regularization Loss: 1.383e-13 | Val Loss: 6.966e-01 | Time: 5.67s
2025-08-18 12:36:59,571:INFO:New best model found at epoch 4450 with validation loss 6.966e-01. Saving...
2025-08-18 12:37:09,931:INFO:Epoch: 4500/10000 | Train Loss: 7.097e-01 | Dynamic Loss: 7.097e-01 | Regularization Loss: 3.375e-13 | Val Loss: 6.992e-01 | Time: 10.35s
2025-08-18 12:37:15,596:INFO:Epoch: 4550/10000 | Train Loss: 7.051e-01 | Dynamic Loss: 7.051e-01 | Regularization Loss: 8.399e-13 | Val Loss: 6.937e-01 | Time: 5.66s
2025-08-18 12:37:15,596:INFO:New best model found at epoch 4550 with validation loss 6.937e-01. Saving...
2025-08-18 12:37:21,206:INFO:Epoch: 4600/10000 | Train Loss: 6.990e-01 | Dynamic Loss: 6.990e-01 | Regularization Loss: 2.137e-12 | Val Loss: 6.895e-01 | Time: 5.60s
2025-08-18 12:37:21,207:INFO:New best model found at epoch 4600 with validation loss 6.895e-01. Saving...
2025-08-18 12:37:26,911:INFO:Epoch: 4650/10000 | Train Loss: 6.987e-01 | Dynamic Loss: 6.987e-01 | Regularization Loss: 5.505e-12 | Val Loss: 6.844e-01 | Time: 5.69s
2025-08-18 12:37:26,912:INFO:New best model found at epoch 4650 with validation loss 6.844e-01. Saving...
2025-08-18 12:37:32,598:INFO:Epoch: 4700/10000 | Train Loss: 6.920e-01 | Dynamic Loss: 6.920e-01 | Regularization Loss: 1.444e-11 | Val Loss: 6.821e-01 | Time: 5.67s
2025-08-18 12:37:32,599:INFO:New best model found at epoch 4700 with validation loss 6.821e-01. Saving...
2025-08-18 12:37:38,316:INFO:Epoch: 4750/10000 | Train Loss: 6.899e-01 | Dynamic Loss: 6.899e-01 | Regularization Loss: 3.839e-11 | Val Loss: 6.739e-01 | Time: 5.70s
2025-08-18 12:37:38,316:INFO:New best model found at epoch 4750 with validation loss 6.739e-01. Saving...
2025-08-18 12:37:43,919:INFO:Epoch: 4800/10000 | Train Loss: 6.830e-01 | Dynamic Loss: 6.830e-01 | Regularization Loss: 1.034e-10 | Val Loss: 6.720e-01 | Time: 5.59s
2025-08-18 12:37:43,919:INFO:New best model found at epoch 4800 with validation loss 6.720e-01. Saving...
2025-08-18 12:37:54,973:INFO:Epoch: 4850/10000 | Train Loss: 6.838e-01 | Dynamic Loss: 6.838e-01 | Regularization Loss: 2.811e-10 | Val Loss: 6.715e-01 | Time: 11.04s
2025-08-18 12:37:54,973:INFO:New best model found at epoch 4850 with validation loss 6.715e-01. Saving...
2025-08-18 12:38:00,698:INFO:Epoch: 4900/10000 | Train Loss: 6.801e-01 | Dynamic Loss: 6.801e-01 | Regularization Loss: 7.680e-10 | Val Loss: 6.708e-01 | Time: 5.71s
2025-08-18 12:38:00,698:INFO:New best model found at epoch 4900 with validation loss 6.708e-01. Saving...
2025-08-18 12:38:06,484:INFO:Epoch: 4950/10000 | Train Loss: 6.757e-01 | Dynamic Loss: 6.757e-01 | Regularization Loss: 2.121e-09 | Val Loss: 6.672e-01 | Time: 5.77s
2025-08-18 12:38:06,484:INFO:New best model found at epoch 4950 with validation loss 6.672e-01. Saving...
2025-08-18 12:38:12,282:INFO:Epoch: 5000/10000 | Train Loss: 6.745e-01 | Dynamic Loss: 6.745e-01 | Regularization Loss: 5.888e-09 | Val Loss: 6.608e-01 | Time: 5.78s
2025-08-18 12:38:12,282:INFO:New best model found at epoch 5000 with validation loss 6.608e-01. Saving...
2025-08-18 12:38:18,026:INFO:Epoch: 5050/10000 | Train Loss: 6.700e-01 | Dynamic Loss: 6.700e-01 | Regularization Loss: 1.640e-08 | Val Loss: 6.591e-01 | Time: 5.73s
2025-08-18 12:38:18,026:INFO:New best model found at epoch 5050 with validation loss 6.591e-01. Saving...
2025-08-18 12:38:23,692:INFO:Epoch: 5100/10000 | Train Loss: 6.711e-01 | Dynamic Loss: 6.711e-01 | Regularization Loss: 4.582e-08 | Val Loss: 6.574e-01 | Time: 5.65s
2025-08-18 12:38:23,692:INFO:New best model found at epoch 5100 with validation loss 6.574e-01. Saving...
2025-08-18 12:38:29,284:INFO:Epoch: 5150/10000 | Train Loss: 6.651e-01 | Dynamic Loss: 6.651e-01 | Regularization Loss: 1.278e-07 | Val Loss: 6.550e-01 | Time: 5.58s
2025-08-18 12:38:29,284:INFO:New best model found at epoch 5150 with validation loss 6.550e-01. Saving...
2025-08-18 12:38:38,941:INFO:Epoch: 5200/10000 | Train Loss: 6.635e-01 | Dynamic Loss: 6.635e-01 | Regularization Loss: 3.527e-07 | Val Loss: 6.529e-01 | Time: 9.64s
2025-08-18 12:38:38,941:INFO:New best model found at epoch 5200 with validation loss 6.529e-01. Saving...
2025-08-18 12:38:44,526:INFO:Epoch: 5250/10000 | Train Loss: 6.628e-01 | Dynamic Loss: 6.628e-01 | Regularization Loss: 9.436e-07 | Val Loss: 6.499e-01 | Time: 5.57s
2025-08-18 12:38:44,527:INFO:New best model found at epoch 5250 with validation loss 6.499e-01. Saving...
2025-08-18 12:38:50,101:INFO:Epoch: 5300/10000 | Train Loss: 6.602e-01 | Dynamic Loss: 6.602e-01 | Regularization Loss: 2.313e-06 | Val Loss: 6.508e-01 | Time: 5.56s
2025-08-18 12:38:55,831:INFO:Epoch: 5350/10000 | Train Loss: 6.590e-01 | Dynamic Loss: 6.590e-01 | Regularization Loss: 4.727e-06 | Val Loss: 6.480e-01 | Time: 5.73s
2025-08-18 12:38:55,831:INFO:New best model found at epoch 5350 with validation loss 6.480e-01. Saving...
2025-08-18 12:39:07,164:INFO:Epoch: 5400/10000 | Train Loss: 6.567e-01 | Dynamic Loss: 6.567e-01 | Regularization Loss: 7.317e-06 | Val Loss: 6.463e-01 | Time: 11.32s
2025-08-18 12:39:07,164:INFO:New best model found at epoch 5400 with validation loss 6.463e-01. Saving...
2025-08-18 12:39:12,876:INFO:Epoch: 5450/10000 | Train Loss: 6.575e-01 | Dynamic Loss: 6.575e-01 | Regularization Loss: 8.766e-06 | Val Loss: 6.454e-01 | Time: 5.70s
2025-08-18 12:39:12,876:INFO:New best model found at epoch 5450 with validation loss 6.454e-01. Saving...
2025-08-18 12:39:18,570:INFO:Epoch: 5500/10000 | Train Loss: 6.554e-01 | Dynamic Loss: 6.554e-01 | Regularization Loss: 9.110e-06 | Val Loss: 6.444e-01 | Time: 5.68s
2025-08-18 12:39:18,570:INFO:New best model found at epoch 5500 with validation loss 6.444e-01. Saving...
2025-08-18 12:39:24,279:INFO:Epoch: 5550/10000 | Train Loss: 6.539e-01 | Dynamic Loss: 6.539e-01 | Regularization Loss: 8.976e-06 | Val Loss: 6.429e-01 | Time: 5.70s
2025-08-18 12:39:24,279:INFO:New best model found at epoch 5550 with validation loss 6.429e-01. Saving...
2025-08-18 12:39:29,948:INFO:Epoch: 5600/10000 | Train Loss: 6.507e-01 | Dynamic Loss: 6.507e-01 | Regularization Loss: 8.674e-06 | Val Loss: 6.407e-01 | Time: 5.66s
2025-08-18 12:39:29,948:INFO:New best model found at epoch 5600 with validation loss 6.407e-01. Saving...
2025-08-18 12:39:35,619:INFO:Epoch: 5650/10000 | Train Loss: 6.486e-01 | Dynamic Loss: 6.486e-01 | Regularization Loss: 8.300e-06 | Val Loss: 6.372e-01 | Time: 5.66s
2025-08-18 12:39:35,619:INFO:New best model found at epoch 5650 with validation loss 6.372e-01. Saving...
2025-08-18 12:39:41,327:INFO:Epoch: 5700/10000 | Train Loss: 6.465e-01 | Dynamic Loss: 6.465e-01 | Regularization Loss: 7.947e-06 | Val Loss: 6.372e-01 | Time: 5.70s
2025-08-18 12:39:41,327:INFO:New best model found at epoch 5700 with validation loss 6.372e-01. Saving...
2025-08-18 12:39:47,505:INFO:Epoch: 5750/10000 | Train Loss: 6.487e-01 | Dynamic Loss: 6.486e-01 | Regularization Loss: 7.624e-06 | Val Loss: 6.364e-01 | Time: 6.17s
2025-08-18 12:39:47,505:INFO:New best model found at epoch 5750 with validation loss 6.364e-01. Saving...
2025-08-18 12:39:53,181:INFO:Epoch: 5800/10000 | Train Loss: 6.448e-01 | Dynamic Loss: 6.448e-01 | Regularization Loss: 7.289e-06 | Val Loss: 6.356e-01 | Time: 5.66s
2025-08-18 12:39:53,181:INFO:New best model found at epoch 5800 with validation loss 6.356e-01. Saving...
2025-08-18 12:39:58,846:INFO:Epoch: 5850/10000 | Train Loss: 6.422e-01 | Dynamic Loss: 6.422e-01 | Regularization Loss: 6.997e-06 | Val Loss: 6.308e-01 | Time: 5.65s
2025-08-18 12:39:58,847:INFO:New best model found at epoch 5850 with validation loss 6.308e-01. Saving...
2025-08-18 12:40:04,533:INFO:Epoch: 5900/10000 | Train Loss: 6.405e-01 | Dynamic Loss: 6.405e-01 | Regularization Loss: 6.733e-06 | Val Loss: 6.297e-01 | Time: 5.67s
2025-08-18 12:40:04,533:INFO:New best model found at epoch 5900 with validation loss 6.297e-01. Saving...
2025-08-18 12:40:14,291:INFO:Epoch: 5950/10000 | Train Loss: 6.444e-01 | Dynamic Loss: 6.444e-01 | Regularization Loss: 6.498e-06 | Val Loss: 6.345e-01 | Time: 9.75s
2025-08-18 12:40:19,846:INFO:Epoch: 6000/10000 | Train Loss: 6.423e-01 | Dynamic Loss: 6.423e-01 | Regularization Loss: 6.271e-06 | Val Loss: 6.339e-01 | Time: 5.55s
2025-08-18 12:40:25,508:INFO:Epoch: 6050/10000 | Train Loss: 6.409e-01 | Dynamic Loss: 6.409e-01 | Regularization Loss: 6.041e-06 | Val Loss: 6.313e-01 | Time: 5.66s
2025-08-18 12:40:31,140:INFO:Epoch: 6100/10000 | Train Loss: 6.406e-01 | Dynamic Loss: 6.406e-01 | Regularization Loss: 5.861e-06 | Val Loss: 6.300e-01 | Time: 5.63s
2025-08-18 12:40:42,809:INFO:Epoch: 6150/10000 | Train Loss: 6.396e-01 | Dynamic Loss: 6.396e-01 | Regularization Loss: 5.696e-06 | Val Loss: 6.289e-01 | Time: 11.67s
2025-08-18 12:40:42,809:INFO:New best model found at epoch 6150 with validation loss 6.289e-01. Saving...
2025-08-18 12:40:48,507:INFO:Epoch: 6200/10000 | Train Loss: 6.382e-01 | Dynamic Loss: 6.382e-01 | Regularization Loss: 5.536e-06 | Val Loss: 6.297e-01 | Time: 5.69s
2025-08-18 12:40:54,132:INFO:Epoch: 6250/10000 | Train Loss: 6.346e-01 | Dynamic Loss: 6.346e-01 | Regularization Loss: 5.372e-06 | Val Loss: 6.238e-01 | Time: 5.62s
2025-08-18 12:40:54,132:INFO:New best model found at epoch 6250 with validation loss 6.238e-01. Saving...
2025-08-18 12:40:59,868:INFO:Epoch: 6300/10000 | Train Loss: 6.354e-01 | Dynamic Loss: 6.354e-01 | Regularization Loss: 5.273e-06 | Val Loss: 6.277e-01 | Time: 5.72s
2025-08-18 12:41:05,523:INFO:Epoch: 6350/10000 | Train Loss: 6.323e-01 | Dynamic Loss: 6.323e-01 | Regularization Loss: 5.128e-06 | Val Loss: 6.212e-01 | Time: 5.65s
2025-08-18 12:41:05,523:INFO:New best model found at epoch 6350 with validation loss 6.212e-01. Saving...
2025-08-18 12:41:11,291:INFO:Epoch: 6400/10000 | Train Loss: 6.350e-01 | Dynamic Loss: 6.350e-01 | Regularization Loss: 5.008e-06 | Val Loss: 6.273e-01 | Time: 5.75s
2025-08-18 12:41:16,996:INFO:Epoch: 6450/10000 | Train Loss: 6.350e-01 | Dynamic Loss: 6.350e-01 | Regularization Loss: 4.861e-06 | Val Loss: 6.244e-01 | Time: 5.70s
2025-08-18 12:41:23,324:INFO:Epoch: 6500/10000 | Train Loss: 6.329e-01 | Dynamic Loss: 6.329e-01 | Regularization Loss: 4.774e-06 | Val Loss: 6.235e-01 | Time: 6.33s
2025-08-18 12:41:28,956:INFO:Epoch: 6550/10000 | Train Loss: 6.303e-01 | Dynamic Loss: 6.302e-01 | Regularization Loss: 4.641e-06 | Val Loss: 6.210e-01 | Time: 5.63s
2025-08-18 12:41:28,956:INFO:New best model found at epoch 6550 with validation loss 6.210e-01. Saving...
2025-08-18 12:41:34,606:INFO:Epoch: 6600/10000 | Train Loss: 6.294e-01 | Dynamic Loss: 6.294e-01 | Regularization Loss: 4.553e-06 | Val Loss: 6.247e-01 | Time: 5.64s
2025-08-18 12:41:40,212:INFO:Epoch: 6650/10000 | Train Loss: 6.277e-01 | Dynamic Loss: 6.277e-01 | Regularization Loss: 4.424e-06 | Val Loss: 6.174e-01 | Time: 5.61s
2025-08-18 12:41:40,212:INFO:New best model found at epoch 6650 with validation loss 6.174e-01. Saving...
2025-08-18 12:41:50,958:INFO:Epoch: 6700/10000 | Train Loss: 6.284e-01 | Dynamic Loss: 6.284e-01 | Regularization Loss: 4.365e-06 | Val Loss: 6.182e-01 | Time: 10.73s
2025-08-18 12:41:56,638:INFO:Epoch: 6750/10000 | Train Loss: 6.274e-01 | Dynamic Loss: 6.274e-01 | Regularization Loss: 4.282e-06 | Val Loss: 6.154e-01 | Time: 5.68s
2025-08-18 12:41:56,638:INFO:New best model found at epoch 6750 with validation loss 6.154e-01. Saving...
2025-08-18 12:42:02,297:INFO:Epoch: 6800/10000 | Train Loss: 6.267e-01 | Dynamic Loss: 6.267e-01 | Regularization Loss: 4.209e-06 | Val Loss: 6.171e-01 | Time: 5.65s
2025-08-18 12:42:07,922:INFO:Epoch: 6850/10000 | Train Loss: 6.244e-01 | Dynamic Loss: 6.244e-01 | Regularization Loss: 4.134e-06 | Val Loss: 6.144e-01 | Time: 5.62s
2025-08-18 12:42:07,922:INFO:New best model found at epoch 6850 with validation loss 6.144e-01. Saving...
2025-08-18 12:42:19,577:INFO:Epoch: 6900/10000 | Train Loss: 6.235e-01 | Dynamic Loss: 6.235e-01 | Regularization Loss: 4.064e-06 | Val Loss: 6.160e-01 | Time: 11.64s
2025-08-18 12:42:25,216:INFO:Epoch: 6950/10000 | Train Loss: 6.253e-01 | Dynamic Loss: 6.253e-01 | Regularization Loss: 4.013e-06 | Val Loss: 6.168e-01 | Time: 5.64s
2025-08-18 12:42:30,788:INFO:Epoch: 7000/10000 | Train Loss: 6.260e-01 | Dynamic Loss: 6.260e-01 | Regularization Loss: 3.961e-06 | Val Loss: 6.176e-01 | Time: 5.57s
2025-08-18 12:42:36,787:INFO:Epoch: 7050/10000 | Train Loss: 6.252e-01 | Dynamic Loss: 6.252e-01 | Regularization Loss: 3.903e-06 | Val Loss: 6.155e-01 | Time: 6.00s
2025-08-18 12:42:42,501:INFO:Epoch: 7100/10000 | Train Loss: 6.242e-01 | Dynamic Loss: 6.242e-01 | Regularization Loss: 3.839e-06 | Val Loss: 6.171e-01 | Time: 5.71s
2025-08-18 12:42:48,181:INFO:Epoch: 7150/10000 | Train Loss: 6.239e-01 | Dynamic Loss: 6.239e-01 | Regularization Loss: 3.809e-06 | Val Loss: 6.156e-01 | Time: 5.68s
2025-08-18 12:42:53,878:INFO:Epoch: 7200/10000 | Train Loss: 6.211e-01 | Dynamic Loss: 6.211e-01 | Regularization Loss: 3.745e-06 | Val Loss: 6.109e-01 | Time: 5.70s
2025-08-18 12:42:53,878:INFO:New best model found at epoch 7200 with validation loss 6.109e-01. Saving...
2025-08-18 12:43:03,489:INFO:Epoch: 7250/10000 | Train Loss: 6.230e-01 | Dynamic Loss: 6.229e-01 | Regularization Loss: 3.690e-06 | Val Loss: 6.121e-01 | Time: 9.60s
2025-08-18 12:43:09,188:INFO:Epoch: 7300/10000 | Train Loss: 6.218e-01 | Dynamic Loss: 6.218e-01 | Regularization Loss: 3.671e-06 | Val Loss: 6.141e-01 | Time: 5.70s
2025-08-18 12:43:14,920:INFO:Epoch: 7350/10000 | Train Loss: 6.206e-01 | Dynamic Loss: 6.206e-01 | Regularization Loss: 3.633e-06 | Val Loss: 6.089e-01 | Time: 5.73s
2025-08-18 12:43:14,920:INFO:New best model found at epoch 7350 with validation loss 6.089e-01. Saving...
2025-08-18 12:43:20,683:INFO:Epoch: 7400/10000 | Train Loss: 6.216e-01 | Dynamic Loss: 6.216e-01 | Regularization Loss: 3.578e-06 | Val Loss: 6.123e-01 | Time: 5.75s
2025-08-18 12:43:26,757:INFO:Epoch: 7450/10000 | Train Loss: 6.193e-01 | Dynamic Loss: 6.193e-01 | Regularization Loss: 3.550e-06 | Val Loss: 6.131e-01 | Time: 6.07s
2025-08-18 12:43:32,501:INFO:Epoch: 7500/10000 | Train Loss: 6.193e-01 | Dynamic Loss: 6.193e-01 | Regularization Loss: 3.520e-06 | Val Loss: 6.104e-01 | Time: 5.74s
2025-08-18 12:43:38,124:INFO:Epoch: 7550/10000 | Train Loss: 5.915e-01 | Dynamic Loss: 5.915e-01 | Regularization Loss: 3.662e-06 | Val Loss: 5.506e-01 | Time: 5.62s
2025-08-18 12:43:38,124:INFO:New best model found at epoch 7550 with validation loss 5.506e-01. Saving...
2025-08-18 12:43:49,079:INFO:Epoch: 7600/10000 | Train Loss: 5.933e-01 | Dynamic Loss: 5.933e-01 | Regularization Loss: 3.411e-06 | Val Loss: 5.519e-01 | Time: 10.94s
2025-08-18 12:43:54,758:INFO:Epoch: 7650/10000 | Train Loss: 5.938e-01 | Dynamic Loss: 5.938e-01 | Regularization Loss: 3.404e-06 | Val Loss: 5.520e-01 | Time: 5.68s
2025-08-18 12:44:00,405:INFO:Epoch: 7700/10000 | Train Loss: 5.938e-01 | Dynamic Loss: 5.938e-01 | Regularization Loss: 3.412e-06 | Val Loss: 5.492e-01 | Time: 5.65s
2025-08-18 12:44:00,405:INFO:New best model found at epoch 7700 with validation loss 5.492e-01. Saving...
2025-08-18 12:44:06,089:INFO:Epoch: 7750/10000 | Train Loss: 5.949e-01 | Dynamic Loss: 5.949e-01 | Regularization Loss: 3.376e-06 | Val Loss: 5.515e-01 | Time: 5.66s
2025-08-18 12:44:17,218:INFO:Epoch: 7800/10000 | Train Loss: 5.924e-01 | Dynamic Loss: 5.924e-01 | Regularization Loss: 3.372e-06 | Val Loss: 5.497e-01 | Time: 11.13s
2025-08-18 12:44:23,008:INFO:Epoch: 7850/10000 | Train Loss: 5.951e-01 | Dynamic Loss: 5.951e-01 | Regularization Loss: 3.378e-06 | Val Loss: 5.521e-01 | Time: 5.79s
2025-08-18 12:44:28,730:INFO:Epoch: 7900/10000 | Train Loss: 5.949e-01 | Dynamic Loss: 5.949e-01 | Regularization Loss: 3.393e-06 | Val Loss: 5.517e-01 | Time: 5.72s
2025-08-18 12:44:34,417:INFO:Epoch: 7950/10000 | Train Loss: 5.949e-01 | Dynamic Loss: 5.949e-01 | Regularization Loss: 3.402e-06 | Val Loss: 5.502e-01 | Time: 5.69s
2025-08-18 12:44:41,025:INFO:Epoch: 8000/10000 | Train Loss: 5.967e-01 | Dynamic Loss: 5.967e-01 | Regularization Loss: 3.373e-06 | Val Loss: 5.504e-01 | Time: 6.61s
2025-08-18 12:44:46,771:INFO:Epoch: 8050/10000 | Train Loss: 5.949e-01 | Dynamic Loss: 5.949e-01 | Regularization Loss: 3.370e-06 | Val Loss: 5.519e-01 | Time: 5.74s
2025-08-18 12:44:52,492:INFO:Epoch: 8100/10000 | Train Loss: 5.950e-01 | Dynamic Loss: 5.950e-01 | Regularization Loss: 3.403e-06 | Val Loss: 5.503e-01 | Time: 5.72s
2025-08-18 12:45:03,070:INFO:Epoch: 8150/10000 | Train Loss: 5.949e-01 | Dynamic Loss: 5.949e-01 | Regularization Loss: 3.383e-06 | Val Loss: 5.521e-01 | Time: 10.58s
2025-08-18 12:45:08,749:INFO:Epoch: 8200/10000 | Train Loss: 5.952e-01 | Dynamic Loss: 5.952e-01 | Regularization Loss: 3.372e-06 | Val Loss: 5.505e-01 | Time: 5.68s
2025-08-18 12:45:14,467:INFO:Epoch: 8250/10000 | Train Loss: 5.955e-01 | Dynamic Loss: 5.954e-01 | Regularization Loss: 3.378e-06 | Val Loss: 5.501e-01 | Time: 5.72s
2025-08-18 12:45:20,349:INFO:Epoch: 8300/10000 | Train Loss: 5.963e-01 | Dynamic Loss: 5.963e-01 | Regularization Loss: 3.372e-06 | Val Loss: 5.515e-01 | Time: 5.88s
2025-08-18 12:45:26,136:INFO:Epoch: 8350/10000 | Train Loss: 5.944e-01 | Dynamic Loss: 5.944e-01 | Regularization Loss: 3.375e-06 | Val Loss: 5.494e-01 | Time: 5.79s
2025-08-18 12:45:31,832:INFO:Epoch: 8400/10000 | Train Loss: 5.969e-01 | Dynamic Loss: 5.969e-01 | Regularization Loss: 3.393e-06 | Val Loss: 5.521e-01 | Time: 5.70s
2025-08-18 12:45:37,469:INFO:Epoch: 8450/10000 | Train Loss: 5.939e-01 | Dynamic Loss: 5.939e-01 | Regularization Loss: 3.404e-06 | Val Loss: 5.489e-01 | Time: 5.64s
2025-08-18 12:45:37,469:INFO:New best model found at epoch 8450 with validation loss 5.489e-01. Saving...
2025-08-18 12:45:46,670:INFO:Epoch: 8500/10000 | Train Loss: 5.970e-01 | Dynamic Loss: 5.970e-01 | Regularization Loss: 3.353e-06 | Val Loss: 5.507e-01 | Time: 9.19s
2025-08-18 12:45:52,285:INFO:Epoch: 8550/10000 | Train Loss: 5.950e-01 | Dynamic Loss: 5.950e-01 | Regularization Loss: 3.392e-06 | Val Loss: 5.516e-01 | Time: 5.62s
2025-08-18 12:45:58,353:INFO:Epoch: 8600/10000 | Train Loss: 5.941e-01 | Dynamic Loss: 5.941e-01 | Regularization Loss: 3.356e-06 | Val Loss: 5.497e-01 | Time: 6.07s
2025-08-18 12:46:03,983:INFO:Epoch: 8650/10000 | Train Loss: 5.951e-01 | Dynamic Loss: 5.951e-01 | Regularization Loss: 3.399e-06 | Val Loss: 5.496e-01 | Time: 5.63s
2025-08-18 12:46:15,884:INFO:Epoch: 8700/10000 | Train Loss: 5.957e-01 | Dynamic Loss: 5.957e-01 | Regularization Loss: 3.360e-06 | Val Loss: 5.501e-01 | Time: 11.90s
2025-08-18 12:46:21,626:INFO:Epoch: 8750/10000 | Train Loss: 5.944e-01 | Dynamic Loss: 5.944e-01 | Regularization Loss: 3.364e-06 | Val Loss: 5.507e-01 | Time: 5.74s
2025-08-18 12:46:27,339:INFO:Epoch: 8800/10000 | Train Loss: 5.949e-01 | Dynamic Loss: 5.949e-01 | Regularization Loss: 3.387e-06 | Val Loss: 5.492e-01 | Time: 5.71s
2025-08-18 12:46:32,936:INFO:Epoch: 8850/10000 | Train Loss: 5.934e-01 | Dynamic Loss: 5.934e-01 | Regularization Loss: 3.372e-06 | Val Loss: 5.490e-01 | Time: 5.60s
2025-08-18 12:46:40,145:INFO:Epoch: 8900/10000 | Train Loss: 5.954e-01 | Dynamic Loss: 5.954e-01 | Regularization Loss: 3.357e-06 | Val Loss: 5.502e-01 | Time: 7.21s
2025-08-18 12:46:45,819:INFO:Epoch: 8950/10000 | Train Loss: 5.935e-01 | Dynamic Loss: 5.935e-01 | Regularization Loss: 3.364e-06 | Val Loss: 5.486e-01 | Time: 5.67s
2025-08-18 12:46:45,819:INFO:New best model found at epoch 8950 with validation loss 5.486e-01. Saving...
2025-08-18 12:46:51,479:INFO:Epoch: 9000/10000 | Train Loss: 5.934e-01 | Dynamic Loss: 5.934e-01 | Regularization Loss: 3.369e-06 | Val Loss: 5.495e-01 | Time: 5.65s
2025-08-18 12:47:00,153:INFO:Epoch: 9050/10000 | Train Loss: 5.931e-01 | Dynamic Loss: 5.931e-01 | Regularization Loss: 3.403e-06 | Val Loss: 5.476e-01 | Time: 8.67s
2025-08-18 12:47:00,153:INFO:New best model found at epoch 9050 with validation loss 5.476e-01. Saving...
2025-08-18 12:47:05,810:INFO:Epoch: 9100/10000 | Train Loss: 5.942e-01 | Dynamic Loss: 5.942e-01 | Regularization Loss: 3.359e-06 | Val Loss: 5.500e-01 | Time: 5.64s
2025-08-18 12:47:11,399:INFO:Epoch: 9150/10000 | Train Loss: 5.938e-01 | Dynamic Loss: 5.938e-01 | Regularization Loss: 3.383e-06 | Val Loss: 5.496e-01 | Time: 5.59s
2025-08-18 12:47:17,091:INFO:Epoch: 9200/10000 | Train Loss: 5.936e-01 | Dynamic Loss: 5.936e-01 | Regularization Loss: 3.346e-06 | Val Loss: 5.503e-01 | Time: 5.69s
2025-08-18 12:47:28,003:INFO:Epoch: 9250/10000 | Train Loss: 5.939e-01 | Dynamic Loss: 5.939e-01 | Regularization Loss: 3.366e-06 | Val Loss: 5.491e-01 | Time: 10.91s
2025-08-18 12:47:33,694:INFO:Epoch: 9300/10000 | Train Loss: 5.943e-01 | Dynamic Loss: 5.943e-01 | Regularization Loss: 3.365e-06 | Val Loss: 5.490e-01 | Time: 5.69s
2025-08-18 12:47:39,338:INFO:Epoch: 9350/10000 | Train Loss: 5.898e-01 | Dynamic Loss: 5.898e-01 | Regularization Loss: 3.358e-06 | Val Loss: 5.456e-01 | Time: 5.64s
2025-08-18 12:47:39,339:INFO:New best model found at epoch 9350 with validation loss 5.456e-01. Saving...
2025-08-18 12:47:45,069:INFO:Epoch: 9400/10000 | Train Loss: 5.940e-01 | Dynamic Loss: 5.940e-01 | Regularization Loss: 3.371e-06 | Val Loss: 5.489e-01 | Time: 5.72s
2025-08-18 12:47:50,884:INFO:Epoch: 9450/10000 | Train Loss: 5.909e-01 | Dynamic Loss: 5.909e-01 | Regularization Loss: 3.370e-06 | Val Loss: 5.478e-01 | Time: 5.81s
2025-08-18 12:47:56,622:INFO:Epoch: 9500/10000 | Train Loss: 5.938e-01 | Dynamic Loss: 5.938e-01 | Regularization Loss: 3.363e-06 | Val Loss: 5.491e-01 | Time: 5.74s
2025-08-18 12:48:02,357:INFO:Epoch: 9550/10000 | Train Loss: 5.919e-01 | Dynamic Loss: 5.919e-01 | Regularization Loss: 3.353e-06 | Val Loss: 5.489e-01 | Time: 5.74s
2025-08-18 12:48:13,070:INFO:Epoch: 9600/10000 | Train Loss: 5.912e-01 | Dynamic Loss: 5.912e-01 | Regularization Loss: 3.363e-06 | Val Loss: 5.474e-01 | Time: 10.71s
2025-08-18 12:48:18,756:INFO:Epoch: 9650/10000 | Train Loss: 5.920e-01 | Dynamic Loss: 5.920e-01 | Regularization Loss: 3.355e-06 | Val Loss: 5.492e-01 | Time: 5.69s
2025-08-18 12:48:24,466:INFO:Epoch: 9700/10000 | Train Loss: 5.903e-01 | Dynamic Loss: 5.903e-01 | Regularization Loss: 3.355e-06 | Val Loss: 5.470e-01 | Time: 5.71s
2025-08-18 12:48:30,208:INFO:Epoch: 9750/10000 | Train Loss: 5.889e-01 | Dynamic Loss: 5.889e-01 | Regularization Loss: 3.348e-06 | Val Loss: 5.457e-01 | Time: 5.74s
2025-08-18 12:48:35,853:INFO:Epoch: 9800/10000 | Train Loss: 5.887e-01 | Dynamic Loss: 5.887e-01 | Regularization Loss: 3.382e-06 | Val Loss: 5.453e-01 | Time: 5.65s
2025-08-18 12:48:35,853:INFO:New best model found at epoch 9800 with validation loss 5.453e-01. Saving...
2025-08-18 12:48:41,648:INFO:Epoch: 9850/10000 | Train Loss: 5.918e-01 | Dynamic Loss: 5.918e-01 | Regularization Loss: 3.362e-06 | Val Loss: 5.486e-01 | Time: 5.78s
2025-08-18 12:48:47,381:INFO:Epoch: 9900/10000 | Train Loss: 5.903e-01 | Dynamic Loss: 5.903e-01 | Regularization Loss: 3.363e-06 | Val Loss: 5.459e-01 | Time: 5.73s
2025-08-18 12:48:56,960:INFO:Epoch: 9950/10000 | Train Loss: 5.900e-01 | Dynamic Loss: 5.899e-01 | Regularization Loss: 3.367e-06 | Val Loss: 5.453e-01 | Time: 9.58s
2025-08-18 12:48:56,960:INFO:New best model found at epoch 9950 with validation loss 5.453e-01. Saving...
2025-08-18 12:49:02,689:INFO:Epoch: 10000/10000 | Train Loss: 5.905e-01 | Dynamic Loss: 5.905e-01 | Regularization Loss: 3.361e-06 | Val Loss: 5.458e-01 | Time: 5.72s
