2025-08-18 15:26:58,332:INFO:Created DataLoaders with 2994 training samples and 998 validation samples.
2025-08-18 15:27:00,525:INFO:model params: 526849
2025-08-18 15:27:02,652:INFO:Epoch: 0/20000 | Train Loss: 2.739e+00 | Dynamic Loss: 1.811e+00 | Regularization Loss: 9.288e-01 | Val Loss: 1.942e+00 | Time: 2.13s
2025-08-18 15:27:02,652:INFO:New best model found at epoch 0 with validation loss 1.942e+00. Saving...
2025-08-18 15:27:07,044:INFO:Epoch: 50/20000 | Train Loss: 1.374e+00 | Dynamic Loss: 1.362e+00 | Regularization Loss: 1.203e-02 | Val Loss: 1.351e+00 | Time: 4.35s
2025-08-18 15:27:07,045:INFO:New best model found at epoch 50 with validation loss 1.351e+00. Saving...
2025-08-18 15:27:12,235:INFO:Epoch: 100/20000 | Train Loss: 1.324e+00 | Dynamic Loss: 1.318e+00 | Regularization Loss: 5.304e-03 | Val Loss: 1.307e+00 | Time: 5.18s
2025-08-18 15:27:12,235:INFO:New best model found at epoch 100 with validation loss 1.307e+00. Saving...
2025-08-18 15:27:16,771:INFO:Epoch: 150/20000 | Train Loss: 1.279e+00 | Dynamic Loss: 1.276e+00 | Regularization Loss: 3.092e-03 | Val Loss: 1.264e+00 | Time: 4.53s
2025-08-18 15:27:16,771:INFO:New best model found at epoch 150 with validation loss 1.264e+00. Saving...
2025-08-18 15:27:21,371:INFO:Epoch: 200/20000 | Train Loss: 1.239e+00 | Dynamic Loss: 1.237e+00 | Regularization Loss: 2.066e-03 | Val Loss: 1.225e+00 | Time: 4.59s
2025-08-18 15:27:21,371:INFO:New best model found at epoch 200 with validation loss 1.225e+00. Saving...
2025-08-18 15:27:28,247:INFO:Epoch: 250/20000 | Train Loss: 1.201e+00 | Dynamic Loss: 1.200e+00 | Regularization Loss: 1.495e-03 | Val Loss: 1.191e+00 | Time: 6.87s
2025-08-18 15:27:28,247:INFO:New best model found at epoch 250 with validation loss 1.191e+00. Saving...
2025-08-18 15:27:32,890:INFO:Epoch: 300/20000 | Train Loss: 1.167e+00 | Dynamic Loss: 1.166e+00 | Regularization Loss: 1.141e-03 | Val Loss: 1.159e+00 | Time: 4.63s
2025-08-18 15:27:32,891:INFO:New best model found at epoch 300 with validation loss 1.159e+00. Saving...
2025-08-18 15:27:37,510:INFO:Epoch: 350/20000 | Train Loss: 1.135e+00 | Dynamic Loss: 1.134e+00 | Regularization Loss: 9.040e-04 | Val Loss: 1.127e+00 | Time: 4.61s
2025-08-18 15:27:37,511:INFO:New best model found at epoch 350 with validation loss 1.127e+00. Saving...
2025-08-18 15:27:47,975:INFO:Epoch: 400/20000 | Train Loss: 1.104e+00 | Dynamic Loss: 1.103e+00 | Regularization Loss: 7.361e-04 | Val Loss: 1.099e+00 | Time: 10.45s
2025-08-18 15:27:47,975:INFO:New best model found at epoch 400 with validation loss 1.099e+00. Saving...
2025-08-18 15:27:52,620:INFO:Epoch: 450/20000 | Train Loss: 1.073e+00 | Dynamic Loss: 1.072e+00 | Regularization Loss: 6.122e-04 | Val Loss: 1.067e+00 | Time: 4.64s
2025-08-18 15:27:52,620:INFO:New best model found at epoch 450 with validation loss 1.067e+00. Saving...
2025-08-18 15:27:57,295:INFO:Epoch: 500/20000 | Train Loss: 1.045e+00 | Dynamic Loss: 1.045e+00 | Regularization Loss: 5.177e-04 | Val Loss: 1.040e+00 | Time: 4.67s
2025-08-18 15:27:57,295:INFO:New best model found at epoch 500 with validation loss 1.040e+00. Saving...
2025-08-18 15:28:02,025:INFO:Epoch: 550/20000 | Train Loss: 1.017e+00 | Dynamic Loss: 1.017e+00 | Regularization Loss: 4.437e-04 | Val Loss: 1.014e+00 | Time: 4.72s
2025-08-18 15:28:02,025:INFO:New best model found at epoch 550 with validation loss 1.014e+00. Saving...
2025-08-18 15:28:06,700:INFO:Epoch: 600/20000 | Train Loss: 9.909e-01 | Dynamic Loss: 9.905e-01 | Regularization Loss: 3.845e-04 | Val Loss: 9.883e-01 | Time: 4.67s
2025-08-18 15:28:06,702:INFO:New best model found at epoch 600 with validation loss 9.883e-01. Saving...
2025-08-18 15:28:11,409:INFO:Epoch: 650/20000 | Train Loss: 9.610e-01 | Dynamic Loss: 9.607e-01 | Regularization Loss: 3.362e-04 | Val Loss: 9.572e-01 | Time: 4.70s
2025-08-18 15:28:11,410:INFO:New best model found at epoch 650 with validation loss 9.572e-01. Saving...
2025-08-18 15:28:16,075:INFO:Epoch: 700/20000 | Train Loss: 9.349e-01 | Dynamic Loss: 9.346e-01 | Regularization Loss: 2.963e-04 | Val Loss: 9.356e-01 | Time: 4.65s
2025-08-18 15:28:16,076:INFO:New best model found at epoch 700 with validation loss 9.356e-01. Saving...
2025-08-18 15:28:26,478:INFO:Epoch: 750/20000 | Train Loss: 9.106e-01 | Dynamic Loss: 9.103e-01 | Regularization Loss: 2.627e-04 | Val Loss: 9.096e-01 | Time: 10.39s
2025-08-18 15:28:26,478:INFO:New best model found at epoch 750 with validation loss 9.096e-01. Saving...
2025-08-18 15:28:31,227:INFO:Epoch: 800/20000 | Train Loss: 8.954e-01 | Dynamic Loss: 8.951e-01 | Regularization Loss: 2.343e-04 | Val Loss: 8.939e-01 | Time: 4.74s
2025-08-18 15:28:31,228:INFO:New best model found at epoch 800 with validation loss 8.939e-01. Saving...
2025-08-18 15:28:35,869:INFO:Epoch: 850/20000 | Train Loss: 8.636e-01 | Dynamic Loss: 8.634e-01 | Regularization Loss: 2.099e-04 | Val Loss: 8.663e-01 | Time: 4.63s
2025-08-18 15:28:35,870:INFO:New best model found at epoch 850 with validation loss 8.663e-01. Saving...
2025-08-18 15:28:45,879:INFO:Epoch: 900/20000 | Train Loss: 8.427e-01 | Dynamic Loss: 8.426e-01 | Regularization Loss: 1.889e-04 | Val Loss: 8.438e-01 | Time: 10.00s
2025-08-18 15:28:45,879:INFO:New best model found at epoch 900 with validation loss 8.438e-01. Saving...
2025-08-18 15:28:50,569:INFO:Epoch: 950/20000 | Train Loss: 8.227e-01 | Dynamic Loss: 8.225e-01 | Regularization Loss: 1.706e-04 | Val Loss: 8.244e-01 | Time: 4.68s
2025-08-18 15:28:50,569:INFO:New best model found at epoch 950 with validation loss 8.244e-01. Saving...
2025-08-18 15:28:55,336:INFO:Epoch: 1000/20000 | Train Loss: 8.007e-01 | Dynamic Loss: 8.006e-01 | Regularization Loss: 1.545e-04 | Val Loss: 8.067e-01 | Time: 4.76s
2025-08-18 15:28:55,338:INFO:New best model found at epoch 1000 with validation loss 8.067e-01. Saving...
2025-08-18 15:29:02,599:INFO:Epoch: 1050/20000 | Train Loss: 7.818e-01 | Dynamic Loss: 7.816e-01 | Regularization Loss: 1.403e-04 | Val Loss: 7.893e-01 | Time: 7.25s
2025-08-18 15:29:02,600:INFO:New best model found at epoch 1050 with validation loss 7.893e-01. Saving...
2025-08-18 15:29:07,332:INFO:Epoch: 1100/20000 | Train Loss: 7.659e-01 | Dynamic Loss: 7.658e-01 | Regularization Loss: 1.278e-04 | Val Loss: 7.718e-01 | Time: 4.72s
2025-08-18 15:29:07,332:INFO:New best model found at epoch 1100 with validation loss 7.718e-01. Saving...
2025-08-18 15:29:12,007:INFO:Epoch: 1150/20000 | Train Loss: 7.496e-01 | Dynamic Loss: 7.494e-01 | Regularization Loss: 1.166e-04 | Val Loss: 7.545e-01 | Time: 4.67s
2025-08-18 15:29:12,007:INFO:New best model found at epoch 1150 with validation loss 7.545e-01. Saving...
2025-08-18 15:29:19,068:INFO:Epoch: 1200/20000 | Train Loss: 7.349e-01 | Dynamic Loss: 7.348e-01 | Regularization Loss: 1.067e-04 | Val Loss: 7.431e-01 | Time: 7.05s
2025-08-18 15:29:19,068:INFO:New best model found at epoch 1200 with validation loss 7.431e-01. Saving...
2025-08-18 15:29:23,809:INFO:Epoch: 1250/20000 | Train Loss: 7.183e-01 | Dynamic Loss: 7.182e-01 | Regularization Loss: 9.775e-05 | Val Loss: 7.242e-01 | Time: 4.73s
2025-08-18 15:29:23,810:INFO:New best model found at epoch 1250 with validation loss 7.242e-01. Saving...
2025-08-18 15:29:28,752:INFO:Epoch: 1300/20000 | Train Loss: 7.049e-01 | Dynamic Loss: 7.048e-01 | Regularization Loss: 8.973e-05 | Val Loss: 7.117e-01 | Time: 4.93s
2025-08-18 15:29:28,752:INFO:New best model found at epoch 1300 with validation loss 7.117e-01. Saving...
2025-08-18 15:29:33,508:INFO:Epoch: 1350/20000 | Train Loss: 6.913e-01 | Dynamic Loss: 6.912e-01 | Regularization Loss: 8.250e-05 | Val Loss: 6.987e-01 | Time: 4.75s
2025-08-18 15:29:33,508:INFO:New best model found at epoch 1350 with validation loss 6.987e-01. Saving...
2025-08-18 15:29:38,245:INFO:Epoch: 1400/20000 | Train Loss: 6.779e-01 | Dynamic Loss: 6.779e-01 | Regularization Loss: 7.597e-05 | Val Loss: 6.867e-01 | Time: 4.73s
2025-08-18 15:29:38,245:INFO:New best model found at epoch 1400 with validation loss 6.867e-01. Saving...
2025-08-18 15:29:43,076:INFO:Epoch: 1450/20000 | Train Loss: 6.671e-01 | Dynamic Loss: 6.671e-01 | Regularization Loss: 7.005e-05 | Val Loss: 6.761e-01 | Time: 4.82s
2025-08-18 15:29:43,076:INFO:New best model found at epoch 1450 with validation loss 6.761e-01. Saving...
2025-08-18 15:29:47,813:INFO:Epoch: 1500/20000 | Train Loss: 6.562e-01 | Dynamic Loss: 6.561e-01 | Regularization Loss: 6.469e-05 | Val Loss: 6.656e-01 | Time: 4.73s
2025-08-18 15:29:47,813:INFO:New best model found at epoch 1500 with validation loss 6.656e-01. Saving...
2025-08-18 15:29:52,559:INFO:Epoch: 1550/20000 | Train Loss: 6.453e-01 | Dynamic Loss: 6.453e-01 | Regularization Loss: 5.982e-05 | Val Loss: 6.545e-01 | Time: 4.74s
2025-08-18 15:29:52,559:INFO:New best model found at epoch 1550 with validation loss 6.545e-01. Saving...
2025-08-18 15:29:57,394:INFO:Epoch: 1600/20000 | Train Loss: 6.356e-01 | Dynamic Loss: 6.356e-01 | Regularization Loss: 5.539e-05 | Val Loss: 6.449e-01 | Time: 4.83s
2025-08-18 15:29:57,394:INFO:New best model found at epoch 1600 with validation loss 6.449e-01. Saving...
2025-08-18 15:30:02,171:INFO:Epoch: 1650/20000 | Train Loss: 6.247e-01 | Dynamic Loss: 6.247e-01 | Regularization Loss: 5.135e-05 | Val Loss: 6.363e-01 | Time: 4.77s
2025-08-18 15:30:02,171:INFO:New best model found at epoch 1650 with validation loss 6.363e-01. Saving...
2025-08-18 15:30:06,904:INFO:Epoch: 1700/20000 | Train Loss: 6.166e-01 | Dynamic Loss: 6.165e-01 | Regularization Loss: 4.766e-05 | Val Loss: 6.299e-01 | Time: 4.72s
2025-08-18 15:30:06,904:INFO:New best model found at epoch 1700 with validation loss 6.299e-01. Saving...
2025-08-18 15:30:11,781:INFO:Epoch: 1750/20000 | Train Loss: 6.078e-01 | Dynamic Loss: 6.078e-01 | Regularization Loss: 4.430e-05 | Val Loss: 6.221e-01 | Time: 4.87s
2025-08-18 15:30:11,781:INFO:New best model found at epoch 1750 with validation loss 6.221e-01. Saving...
2025-08-18 15:30:16,526:INFO:Epoch: 1800/20000 | Train Loss: 6.042e-01 | Dynamic Loss: 6.042e-01 | Regularization Loss: 4.122e-05 | Val Loss: 6.158e-01 | Time: 4.74s
2025-08-18 15:30:16,526:INFO:New best model found at epoch 1800 with validation loss 6.158e-01. Saving...
2025-08-18 15:30:21,329:INFO:Epoch: 1850/20000 | Train Loss: 5.942e-01 | Dynamic Loss: 5.941e-01 | Regularization Loss: 3.840e-05 | Val Loss: 6.078e-01 | Time: 4.79s
2025-08-18 15:30:21,329:INFO:New best model found at epoch 1850 with validation loss 6.078e-01. Saving...
2025-08-18 15:30:31,657:INFO:Epoch: 1900/20000 | Train Loss: 5.865e-01 | Dynamic Loss: 5.865e-01 | Regularization Loss: 3.581e-05 | Val Loss: 6.017e-01 | Time: 10.32s
2025-08-18 15:30:31,657:INFO:New best model found at epoch 1900 with validation loss 6.017e-01. Saving...
2025-08-18 15:30:36,449:INFO:Epoch: 1950/20000 | Train Loss: 5.802e-01 | Dynamic Loss: 5.802e-01 | Regularization Loss: 3.344e-05 | Val Loss: 5.940e-01 | Time: 4.78s
2025-08-18 15:30:36,451:INFO:New best model found at epoch 1950 with validation loss 5.940e-01. Saving...
2025-08-18 15:30:41,277:INFO:Epoch: 2000/20000 | Train Loss: 5.733e-01 | Dynamic Loss: 5.733e-01 | Regularization Loss: 3.126e-05 | Val Loss: 5.889e-01 | Time: 4.82s
2025-08-18 15:30:41,278:INFO:New best model found at epoch 2000 with validation loss 5.889e-01. Saving...
2025-08-18 15:30:46,008:INFO:Epoch: 2050/20000 | Train Loss: 5.670e-01 | Dynamic Loss: 5.669e-01 | Regularization Loss: 2.926e-05 | Val Loss: 5.849e-01 | Time: 4.72s
2025-08-18 15:30:46,009:INFO:New best model found at epoch 2050 with validation loss 5.849e-01. Saving...
2025-08-18 15:30:50,718:INFO:Epoch: 2100/20000 | Train Loss: 5.653e-01 | Dynamic Loss: 5.653e-01 | Regularization Loss: 2.742e-05 | Val Loss: 5.794e-01 | Time: 4.70s
2025-08-18 15:30:50,720:INFO:New best model found at epoch 2100 with validation loss 5.794e-01. Saving...
2025-08-18 15:30:55,532:INFO:Epoch: 2150/20000 | Train Loss: 5.562e-01 | Dynamic Loss: 5.561e-01 | Regularization Loss: 2.573e-05 | Val Loss: 5.732e-01 | Time: 4.80s
2025-08-18 15:30:55,532:INFO:New best model found at epoch 2150 with validation loss 5.732e-01. Saving...
2025-08-18 15:31:00,270:INFO:Epoch: 2200/20000 | Train Loss: 5.506e-01 | Dynamic Loss: 5.506e-01 | Regularization Loss: 2.417e-05 | Val Loss: 5.731e-01 | Time: 4.73s
2025-08-18 15:31:00,272:INFO:New best model found at epoch 2200 with validation loss 5.731e-01. Saving...
2025-08-18 15:31:05,037:INFO:Epoch: 2250/20000 | Train Loss: 5.457e-01 | Dynamic Loss: 5.457e-01 | Regularization Loss: 2.273e-05 | Val Loss: 5.666e-01 | Time: 4.76s
2025-08-18 15:31:05,037:INFO:New best model found at epoch 2250 with validation loss 5.666e-01. Saving...
2025-08-18 15:31:09,881:INFO:Epoch: 2300/20000 | Train Loss: 5.375e-01 | Dynamic Loss: 5.375e-01 | Regularization Loss: 2.141e-05 | Val Loss: 5.581e-01 | Time: 4.84s
2025-08-18 15:31:09,883:INFO:New best model found at epoch 2300 with validation loss 5.581e-01. Saving...
2025-08-18 15:31:14,642:INFO:Epoch: 2350/20000 | Train Loss: 5.344e-01 | Dynamic Loss: 5.344e-01 | Regularization Loss: 2.019e-05 | Val Loss: 5.535e-01 | Time: 4.75s
2025-08-18 15:31:14,644:INFO:New best model found at epoch 2350 with validation loss 5.535e-01. Saving...
2025-08-18 15:31:19,442:INFO:Epoch: 2400/20000 | Train Loss: 5.288e-01 | Dynamic Loss: 5.287e-01 | Regularization Loss: 1.907e-05 | Val Loss: 5.488e-01 | Time: 4.79s
2025-08-18 15:31:19,444:INFO:New best model found at epoch 2400 with validation loss 5.488e-01. Saving...
2025-08-18 15:31:29,556:INFO:Epoch: 2450/20000 | Train Loss: 5.257e-01 | Dynamic Loss: 5.256e-01 | Regularization Loss: 1.804e-05 | Val Loss: 5.450e-01 | Time: 10.10s
2025-08-18 15:31:29,556:INFO:New best model found at epoch 2450 with validation loss 5.450e-01. Saving...
2025-08-18 15:31:34,291:INFO:Epoch: 2500/20000 | Train Loss: 5.196e-01 | Dynamic Loss: 5.196e-01 | Regularization Loss: 1.709e-05 | Val Loss: 5.416e-01 | Time: 4.72s
2025-08-18 15:31:34,291:INFO:New best model found at epoch 2500 with validation loss 5.416e-01. Saving...
2025-08-18 15:31:39,051:INFO:Epoch: 2550/20000 | Train Loss: 5.165e-01 | Dynamic Loss: 5.164e-01 | Regularization Loss: 1.622e-05 | Val Loss: 5.389e-01 | Time: 4.75s
2025-08-18 15:31:39,052:INFO:New best model found at epoch 2550 with validation loss 5.389e-01. Saving...
2025-08-18 15:31:49,801:INFO:Epoch: 2600/20000 | Train Loss: 5.116e-01 | Dynamic Loss: 5.116e-01 | Regularization Loss: 1.542e-05 | Val Loss: 5.332e-01 | Time: 10.74s
2025-08-18 15:31:49,801:INFO:New best model found at epoch 2600 with validation loss 5.332e-01. Saving...
2025-08-18 15:31:54,556:INFO:Epoch: 2650/20000 | Train Loss: 5.073e-01 | Dynamic Loss: 5.072e-01 | Regularization Loss: 1.469e-05 | Val Loss: 5.307e-01 | Time: 4.75s
2025-08-18 15:31:54,556:INFO:New best model found at epoch 2650 with validation loss 5.307e-01. Saving...
2025-08-18 15:31:59,328:INFO:Epoch: 2700/20000 | Train Loss: 5.040e-01 | Dynamic Loss: 5.040e-01 | Regularization Loss: 1.402e-05 | Val Loss: 5.267e-01 | Time: 4.76s
2025-08-18 15:31:59,328:INFO:New best model found at epoch 2700 with validation loss 5.267e-01. Saving...
2025-08-18 15:32:06,009:INFO:Epoch: 2750/20000 | Train Loss: 4.970e-01 | Dynamic Loss: 4.970e-01 | Regularization Loss: 1.341e-05 | Val Loss: 5.215e-01 | Time: 6.67s
2025-08-18 15:32:06,010:INFO:New best model found at epoch 2750 with validation loss 5.215e-01. Saving...
2025-08-18 15:32:10,897:INFO:Epoch: 2800/20000 | Train Loss: 4.936e-01 | Dynamic Loss: 4.936e-01 | Regularization Loss: 1.287e-05 | Val Loss: 5.184e-01 | Time: 4.88s
2025-08-18 15:32:10,898:INFO:New best model found at epoch 2800 with validation loss 5.184e-01. Saving...
2025-08-18 15:32:15,778:INFO:Epoch: 2850/20000 | Train Loss: 4.897e-01 | Dynamic Loss: 4.897e-01 | Regularization Loss: 1.238e-05 | Val Loss: 5.150e-01 | Time: 4.87s
2025-08-18 15:32:15,778:INFO:New best model found at epoch 2850 with validation loss 5.150e-01. Saving...
2025-08-18 15:32:20,603:INFO:Epoch: 2900/20000 | Train Loss: 4.867e-01 | Dynamic Loss: 4.867e-01 | Regularization Loss: 1.194e-05 | Val Loss: 5.094e-01 | Time: 4.82s
2025-08-18 15:32:20,603:INFO:New best model found at epoch 2900 with validation loss 5.094e-01. Saving...
2025-08-18 15:32:25,448:INFO:Epoch: 2950/20000 | Train Loss: 4.809e-01 | Dynamic Loss: 4.809e-01 | Regularization Loss: 1.157e-05 | Val Loss: 5.070e-01 | Time: 4.84s
2025-08-18 15:32:25,448:INFO:New best model found at epoch 2950 with validation loss 5.070e-01. Saving...
2025-08-18 15:32:32,915:INFO:Epoch: 3000/20000 | Train Loss: 4.759e-01 | Dynamic Loss: 4.759e-01 | Regularization Loss: 1.124e-05 | Val Loss: 5.043e-01 | Time: 7.46s
2025-08-18 15:32:32,916:INFO:New best model found at epoch 3000 with validation loss 5.043e-01. Saving...
2025-08-18 15:32:37,774:INFO:Epoch: 3050/20000 | Train Loss: 4.712e-01 | Dynamic Loss: 4.712e-01 | Regularization Loss: 1.098e-05 | Val Loss: 5.006e-01 | Time: 4.85s
2025-08-18 15:32:37,775:INFO:New best model found at epoch 3050 with validation loss 5.006e-01. Saving...
2025-08-18 15:32:42,728:INFO:Epoch: 3100/20000 | Train Loss: 4.669e-01 | Dynamic Loss: 4.669e-01 | Regularization Loss: 1.078e-05 | Val Loss: 4.964e-01 | Time: 4.94s
2025-08-18 15:32:42,730:INFO:New best model found at epoch 3100 with validation loss 4.964e-01. Saving...
2025-08-18 15:32:47,511:INFO:Epoch: 3150/20000 | Train Loss: 4.617e-01 | Dynamic Loss: 4.616e-01 | Regularization Loss: 1.065e-05 | Val Loss: 4.932e-01 | Time: 4.77s
2025-08-18 15:32:47,511:INFO:New best model found at epoch 3150 with validation loss 4.932e-01. Saving...
2025-08-18 15:32:52,317:INFO:Epoch: 3200/20000 | Train Loss: 4.569e-01 | Dynamic Loss: 4.569e-01 | Regularization Loss: 1.059e-05 | Val Loss: 4.920e-01 | Time: 4.80s
2025-08-18 15:32:52,317:INFO:New best model found at epoch 3200 with validation loss 4.920e-01. Saving...
2025-08-18 15:32:57,213:INFO:Epoch: 3250/20000 | Train Loss: 4.505e-01 | Dynamic Loss: 4.505e-01 | Regularization Loss: 1.061e-05 | Val Loss: 4.838e-01 | Time: 4.89s
2025-08-18 15:32:57,213:INFO:New best model found at epoch 3250 with validation loss 4.838e-01. Saving...
2025-08-18 15:33:02,015:INFO:Epoch: 3300/20000 | Train Loss: 4.469e-01 | Dynamic Loss: 4.469e-01 | Regularization Loss: 1.073e-05 | Val Loss: 4.805e-01 | Time: 4.79s
2025-08-18 15:33:02,015:INFO:New best model found at epoch 3300 with validation loss 4.805e-01. Saving...
2025-08-18 15:33:06,865:INFO:Epoch: 3350/20000 | Train Loss: 4.409e-01 | Dynamic Loss: 4.409e-01 | Regularization Loss: 1.096e-05 | Val Loss: 4.762e-01 | Time: 4.84s
2025-08-18 15:33:06,865:INFO:New best model found at epoch 3350 with validation loss 4.762e-01. Saving...
2025-08-18 15:33:11,740:INFO:Epoch: 3400/20000 | Train Loss: 4.357e-01 | Dynamic Loss: 4.357e-01 | Regularization Loss: 1.132e-05 | Val Loss: 4.723e-01 | Time: 4.86s
2025-08-18 15:33:11,740:INFO:New best model found at epoch 3400 with validation loss 4.723e-01. Saving...
2025-08-18 15:33:16,594:INFO:Epoch: 3450/20000 | Train Loss: 4.333e-01 | Dynamic Loss: 4.333e-01 | Regularization Loss: 1.185e-05 | Val Loss: 4.684e-01 | Time: 4.84s
2025-08-18 15:33:16,594:INFO:New best model found at epoch 3450 with validation loss 4.684e-01. Saving...
2025-08-18 15:33:21,474:INFO:Epoch: 3500/20000 | Train Loss: 4.257e-01 | Dynamic Loss: 4.257e-01 | Regularization Loss: 1.257e-05 | Val Loss: 4.622e-01 | Time: 4.87s
2025-08-18 15:33:21,474:INFO:New best model found at epoch 3500 with validation loss 4.622e-01. Saving...
2025-08-18 15:33:28,626:INFO:Epoch: 3550/20000 | Train Loss: 4.180e-01 | Dynamic Loss: 4.179e-01 | Regularization Loss: 1.354e-05 | Val Loss: 4.577e-01 | Time: 7.14s
2025-08-18 15:33:28,626:INFO:New best model found at epoch 3550 with validation loss 4.577e-01. Saving...
2025-08-18 15:33:33,479:INFO:Epoch: 3600/20000 | Train Loss: 4.126e-01 | Dynamic Loss: 4.126e-01 | Regularization Loss: 1.481e-05 | Val Loss: 4.508e-01 | Time: 4.84s
2025-08-18 15:33:33,479:INFO:New best model found at epoch 3600 with validation loss 4.508e-01. Saving...
2025-08-18 15:33:38,375:INFO:Epoch: 3650/20000 | Train Loss: 4.056e-01 | Dynamic Loss: 4.056e-01 | Regularization Loss: 1.646e-05 | Val Loss: 4.458e-01 | Time: 4.89s
2025-08-18 15:33:38,375:INFO:New best model found at epoch 3650 with validation loss 4.458e-01. Saving...
2025-08-18 15:33:43,259:INFO:Epoch: 3700/20000 | Train Loss: 3.972e-01 | Dynamic Loss: 3.972e-01 | Regularization Loss: 1.857e-05 | Val Loss: 4.393e-01 | Time: 4.88s
2025-08-18 15:33:43,260:INFO:New best model found at epoch 3700 with validation loss 4.393e-01. Saving...
2025-08-18 15:33:48,044:INFO:Epoch: 3750/20000 | Train Loss: 3.903e-01 | Dynamic Loss: 3.903e-01 | Regularization Loss: 2.122e-05 | Val Loss: 4.364e-01 | Time: 4.77s
2025-08-18 15:33:48,044:INFO:New best model found at epoch 3750 with validation loss 4.364e-01. Saving...
2025-08-18 15:33:54,684:INFO:Epoch: 3800/20000 | Train Loss: 3.841e-01 | Dynamic Loss: 3.841e-01 | Regularization Loss: 2.449e-05 | Val Loss: 4.288e-01 | Time: 6.63s
2025-08-18 15:33:54,684:INFO:New best model found at epoch 3800 with validation loss 4.288e-01. Saving...
2025-08-18 15:33:59,569:INFO:Epoch: 3850/20000 | Train Loss: 3.815e-01 | Dynamic Loss: 3.815e-01 | Regularization Loss: 2.841e-05 | Val Loss: 4.251e-01 | Time: 4.88s
2025-08-18 15:33:59,569:INFO:New best model found at epoch 3850 with validation loss 4.251e-01. Saving...
2025-08-18 15:34:04,476:INFO:Epoch: 3900/20000 | Train Loss: 3.735e-01 | Dynamic Loss: 3.735e-01 | Regularization Loss: 3.285e-05 | Val Loss: 4.174e-01 | Time: 4.90s
2025-08-18 15:34:04,478:INFO:New best model found at epoch 3900 with validation loss 4.174e-01. Saving...
2025-08-18 15:34:09,311:INFO:Epoch: 3950/20000 | Train Loss: 3.651e-01 | Dynamic Loss: 3.651e-01 | Regularization Loss: 3.770e-05 | Val Loss: 4.114e-01 | Time: 4.82s
2025-08-18 15:34:09,311:INFO:New best model found at epoch 3950 with validation loss 4.114e-01. Saving...
2025-08-18 15:34:14,195:INFO:Epoch: 4000/20000 | Train Loss: 3.655e-01 | Dynamic Loss: 3.655e-01 | Regularization Loss: 4.271e-05 | Val Loss: 4.090e-01 | Time: 4.87s
2025-08-18 15:34:14,195:INFO:New best model found at epoch 4000 with validation loss 4.090e-01. Saving...
2025-08-18 15:34:21,822:INFO:Epoch: 4050/20000 | Train Loss: 3.536e-01 | Dynamic Loss: 3.536e-01 | Regularization Loss: 4.755e-05 | Val Loss: 4.009e-01 | Time: 7.62s
2025-08-18 15:34:21,822:INFO:New best model found at epoch 4050 with validation loss 4.009e-01. Saving...
2025-08-18 15:34:26,777:INFO:Epoch: 4100/20000 | Train Loss: 3.460e-01 | Dynamic Loss: 3.460e-01 | Regularization Loss: 5.200e-05 | Val Loss: 3.959e-01 | Time: 4.95s
2025-08-18 15:34:26,777:INFO:New best model found at epoch 4100 with validation loss 3.959e-01. Saving...
2025-08-18 15:34:31,841:INFO:Epoch: 4150/20000 | Train Loss: 3.410e-01 | Dynamic Loss: 3.409e-01 | Regularization Loss: 5.590e-05 | Val Loss: 3.886e-01 | Time: 5.06s
2025-08-18 15:34:31,841:INFO:New best model found at epoch 4150 with validation loss 3.886e-01. Saving...
2025-08-18 15:34:36,687:INFO:Epoch: 4200/20000 | Train Loss: 3.375e-01 | Dynamic Loss: 3.374e-01 | Regularization Loss: 5.917e-05 | Val Loss: 3.846e-01 | Time: 4.84s
2025-08-18 15:34:36,687:INFO:New best model found at epoch 4200 with validation loss 3.846e-01. Saving...
2025-08-18 15:34:41,571:INFO:Epoch: 4250/20000 | Train Loss: 3.285e-01 | Dynamic Loss: 3.284e-01 | Regularization Loss: 6.189e-05 | Val Loss: 3.785e-01 | Time: 4.87s
2025-08-18 15:34:41,571:INFO:New best model found at epoch 4250 with validation loss 3.785e-01. Saving...
2025-08-18 15:34:46,520:INFO:Epoch: 4300/20000 | Train Loss: 3.246e-01 | Dynamic Loss: 3.245e-01 | Regularization Loss: 6.385e-05 | Val Loss: 3.741e-01 | Time: 4.94s
2025-08-18 15:34:46,520:INFO:New best model found at epoch 4300 with validation loss 3.741e-01. Saving...
2025-08-18 15:34:51,389:INFO:Epoch: 4350/20000 | Train Loss: 3.199e-01 | Dynamic Loss: 3.198e-01 | Regularization Loss: 6.535e-05 | Val Loss: 3.679e-01 | Time: 4.86s
2025-08-18 15:34:51,389:INFO:New best model found at epoch 4350 with validation loss 3.679e-01. Saving...
2025-08-18 15:34:56,235:INFO:Epoch: 4400/20000 | Train Loss: 3.105e-01 | Dynamic Loss: 3.105e-01 | Regularization Loss: 6.653e-05 | Val Loss: 3.640e-01 | Time: 4.84s
2025-08-18 15:34:56,235:INFO:New best model found at epoch 4400 with validation loss 3.640e-01. Saving...
2025-08-18 15:35:04,164:INFO:Epoch: 4450/20000 | Train Loss: 3.101e-01 | Dynamic Loss: 3.100e-01 | Regularization Loss: 6.712e-05 | Val Loss: 3.581e-01 | Time: 7.92s
2025-08-18 15:35:04,165:INFO:New best model found at epoch 4450 with validation loss 3.581e-01. Saving...
2025-08-18 15:35:08,969:INFO:Epoch: 4500/20000 | Train Loss: 3.073e-01 | Dynamic Loss: 3.072e-01 | Regularization Loss: 6.760e-05 | Val Loss: 3.572e-01 | Time: 4.80s
2025-08-18 15:35:08,969:INFO:New best model found at epoch 4500 with validation loss 3.572e-01. Saving...
2025-08-18 15:35:13,815:INFO:Epoch: 4550/20000 | Train Loss: 2.970e-01 | Dynamic Loss: 2.969e-01 | Regularization Loss: 6.768e-05 | Val Loss: 3.507e-01 | Time: 4.84s
2025-08-18 15:35:13,815:INFO:New best model found at epoch 4550 with validation loss 3.507e-01. Saving...
2025-08-18 15:35:18,590:INFO:Epoch: 4600/20000 | Train Loss: 2.934e-01 | Dynamic Loss: 2.933e-01 | Regularization Loss: 6.749e-05 | Val Loss: 3.465e-01 | Time: 4.77s
2025-08-18 15:35:18,592:INFO:New best model found at epoch 4600 with validation loss 3.465e-01. Saving...
2025-08-18 15:35:23,412:INFO:Epoch: 4650/20000 | Train Loss: 2.913e-01 | Dynamic Loss: 2.913e-01 | Regularization Loss: 6.730e-05 | Val Loss: 3.443e-01 | Time: 4.81s
2025-08-18 15:35:23,412:INFO:New best model found at epoch 4650 with validation loss 3.443e-01. Saving...
2025-08-18 15:35:31,885:INFO:Epoch: 4700/20000 | Train Loss: 2.850e-01 | Dynamic Loss: 2.849e-01 | Regularization Loss: 6.629e-05 | Val Loss: 3.396e-01 | Time: 8.46s
2025-08-18 15:35:31,885:INFO:New best model found at epoch 4700 with validation loss 3.396e-01. Saving...
2025-08-18 15:35:36,749:INFO:Epoch: 4750/20000 | Train Loss: 2.829e-01 | Dynamic Loss: 2.828e-01 | Regularization Loss: 6.608e-05 | Val Loss: 3.404e-01 | Time: 4.85s
2025-08-18 15:35:41,555:INFO:Epoch: 4800/20000 | Train Loss: 2.937e-01 | Dynamic Loss: 2.936e-01 | Regularization Loss: 6.548e-05 | Val Loss: 3.523e-01 | Time: 4.81s
2025-08-18 15:35:49,471:INFO:Epoch: 4850/20000 | Train Loss: 2.757e-01 | Dynamic Loss: 2.756e-01 | Regularization Loss: 6.417e-05 | Val Loss: 3.310e-01 | Time: 7.92s
2025-08-18 15:35:49,471:INFO:New best model found at epoch 4850 with validation loss 3.310e-01. Saving...
2025-08-18 15:35:54,313:INFO:Epoch: 4900/20000 | Train Loss: 2.724e-01 | Dynamic Loss: 2.724e-01 | Regularization Loss: 6.316e-05 | Val Loss: 3.277e-01 | Time: 4.82s
2025-08-18 15:35:54,314:INFO:New best model found at epoch 4900 with validation loss 3.277e-01. Saving...
2025-08-18 15:35:59,214:INFO:Epoch: 4950/20000 | Train Loss: 2.694e-01 | Dynamic Loss: 2.694e-01 | Regularization Loss: 6.212e-05 | Val Loss: 3.239e-01 | Time: 4.89s
2025-08-18 15:35:59,214:INFO:New best model found at epoch 4950 with validation loss 3.239e-01. Saving...
2025-08-18 15:36:04,036:INFO:Epoch: 5000/20000 | Train Loss: 2.653e-01 | Dynamic Loss: 2.652e-01 | Regularization Loss: 6.111e-05 | Val Loss: 3.229e-01 | Time: 4.81s
2025-08-18 15:36:04,036:INFO:New best model found at epoch 5000 with validation loss 3.229e-01. Saving...
2025-08-18 15:36:08,849:INFO:Epoch: 5050/20000 | Train Loss: 2.638e-01 | Dynamic Loss: 2.637e-01 | Regularization Loss: 5.977e-05 | Val Loss: 3.194e-01 | Time: 4.80s
2025-08-18 15:36:08,849:INFO:New best model found at epoch 5050 with validation loss 3.194e-01. Saving...
2025-08-18 15:36:13,800:INFO:Epoch: 5100/20000 | Train Loss: 2.606e-01 | Dynamic Loss: 2.606e-01 | Regularization Loss: 5.858e-05 | Val Loss: 3.192e-01 | Time: 4.94s
2025-08-18 15:36:13,800:INFO:New best model found at epoch 5100 with validation loss 3.192e-01. Saving...
2025-08-18 15:36:18,669:INFO:Epoch: 5150/20000 | Train Loss: 2.580e-01 | Dynamic Loss: 2.579e-01 | Regularization Loss: 5.731e-05 | Val Loss: 3.143e-01 | Time: 4.86s
2025-08-18 15:36:18,669:INFO:New best model found at epoch 5150 with validation loss 3.143e-01. Saving...
2025-08-18 15:36:23,461:INFO:Epoch: 5200/20000 | Train Loss: 2.585e-01 | Dynamic Loss: 2.585e-01 | Regularization Loss: 5.582e-05 | Val Loss: 3.152e-01 | Time: 4.78s
2025-08-18 15:36:30,503:INFO:Epoch: 5250/20000 | Train Loss: 2.529e-01 | Dynamic Loss: 2.529e-01 | Regularization Loss: 5.522e-05 | Val Loss: 3.112e-01 | Time: 7.04s
2025-08-18 15:36:30,503:INFO:New best model found at epoch 5250 with validation loss 3.112e-01. Saving...
2025-08-18 15:36:35,255:INFO:Epoch: 5300/20000 | Train Loss: 2.533e-01 | Dynamic Loss: 2.532e-01 | Regularization Loss: 5.391e-05 | Val Loss: 3.106e-01 | Time: 4.74s
2025-08-18 15:36:35,255:INFO:New best model found at epoch 5300 with validation loss 3.106e-01. Saving...
2025-08-18 15:36:40,126:INFO:Epoch: 5350/20000 | Train Loss: 2.519e-01 | Dynamic Loss: 2.519e-01 | Regularization Loss: 5.300e-05 | Val Loss: 3.112e-01 | Time: 4.86s
2025-08-18 15:36:44,965:INFO:Epoch: 5400/20000 | Train Loss: 2.479e-01 | Dynamic Loss: 2.479e-01 | Regularization Loss: 5.153e-05 | Val Loss: 3.075e-01 | Time: 4.84s
2025-08-18 15:36:44,966:INFO:New best model found at epoch 5400 with validation loss 3.075e-01. Saving...
2025-08-18 15:36:49,807:INFO:Epoch: 5450/20000 | Train Loss: 2.447e-01 | Dynamic Loss: 2.447e-01 | Regularization Loss: 5.047e-05 | Val Loss: 3.028e-01 | Time: 4.83s
2025-08-18 15:36:49,807:INFO:New best model found at epoch 5450 with validation loss 3.028e-01. Saving...
2025-08-18 15:36:59,670:INFO:Epoch: 5500/20000 | Train Loss: 2.509e-01 | Dynamic Loss: 2.508e-01 | Regularization Loss: 4.986e-05 | Val Loss: 3.088e-01 | Time: 9.85s
2025-08-18 15:37:04,563:INFO:Epoch: 5550/20000 | Train Loss: 2.407e-01 | Dynamic Loss: 2.407e-01 | Regularization Loss: 4.823e-05 | Val Loss: 3.014e-01 | Time: 4.89s
2025-08-18 15:37:04,563:INFO:New best model found at epoch 5550 with validation loss 3.014e-01. Saving...
2025-08-18 15:37:09,471:INFO:Epoch: 5600/20000 | Train Loss: 2.543e-01 | Dynamic Loss: 2.543e-01 | Regularization Loss: 4.747e-05 | Val Loss: 3.100e-01 | Time: 4.90s
2025-08-18 15:37:17,571:INFO:Epoch: 5650/20000 | Train Loss: 2.354e-01 | Dynamic Loss: 2.353e-01 | Regularization Loss: 4.578e-05 | Val Loss: 2.958e-01 | Time: 8.10s
2025-08-18 15:37:17,571:INFO:New best model found at epoch 5650 with validation loss 2.958e-01. Saving...
2025-08-18 15:37:22,380:INFO:Epoch: 5700/20000 | Train Loss: 2.370e-01 | Dynamic Loss: 2.370e-01 | Regularization Loss: 4.458e-05 | Val Loss: 2.981e-01 | Time: 4.80s
2025-08-18 15:37:27,326:INFO:Epoch: 5750/20000 | Train Loss: 2.318e-01 | Dynamic Loss: 2.317e-01 | Regularization Loss: 4.379e-05 | Val Loss: 2.934e-01 | Time: 4.94s
2025-08-18 15:37:27,327:INFO:New best model found at epoch 5750 with validation loss 2.934e-01. Saving...
2025-08-18 15:37:32,170:INFO:Epoch: 5800/20000 | Train Loss: 2.295e-01 | Dynamic Loss: 2.294e-01 | Regularization Loss: 4.215e-05 | Val Loss: 2.909e-01 | Time: 4.83s
2025-08-18 15:37:32,170:INFO:New best model found at epoch 5800 with validation loss 2.909e-01. Saving...
2025-08-18 15:37:37,021:INFO:Epoch: 5850/20000 | Train Loss: 2.350e-01 | Dynamic Loss: 2.349e-01 | Regularization Loss: 4.082e-05 | Val Loss: 2.954e-01 | Time: 4.84s
2025-08-18 15:37:47,727:INFO:Epoch: 5900/20000 | Train Loss: 2.278e-01 | Dynamic Loss: 2.277e-01 | Regularization Loss: 4.000e-05 | Val Loss: 2.913e-01 | Time: 10.70s
2025-08-18 15:37:52,559:INFO:Epoch: 5950/20000 | Train Loss: 2.261e-01 | Dynamic Loss: 2.260e-01 | Regularization Loss: 3.915e-05 | Val Loss: 2.897e-01 | Time: 4.83s
2025-08-18 15:37:52,559:INFO:New best model found at epoch 5950 with validation loss 2.897e-01. Saving...
2025-08-18 15:37:57,458:INFO:Epoch: 6000/20000 | Train Loss: 2.286e-01 | Dynamic Loss: 2.286e-01 | Regularization Loss: 3.770e-05 | Val Loss: 2.930e-01 | Time: 4.89s
2025-08-18 15:38:02,311:INFO:Epoch: 6050/20000 | Train Loss: 2.331e-01 | Dynamic Loss: 2.331e-01 | Regularization Loss: 3.690e-05 | Val Loss: 3.148e-01 | Time: 4.85s
2025-08-18 15:38:07,092:INFO:Epoch: 6100/20000 | Train Loss: 2.248e-01 | Dynamic Loss: 2.247e-01 | Regularization Loss: 3.533e-05 | Val Loss: 2.855e-01 | Time: 4.78s
2025-08-18 15:38:07,092:INFO:New best model found at epoch 6100 with validation loss 2.855e-01. Saving...
2025-08-18 15:38:11,992:INFO:Epoch: 6150/20000 | Train Loss: 2.194e-01 | Dynamic Loss: 2.193e-01 | Regularization Loss: 3.388e-05 | Val Loss: 2.827e-01 | Time: 4.88s
2025-08-18 15:38:11,992:INFO:New best model found at epoch 6150 with validation loss 2.827e-01. Saving...
2025-08-18 15:38:16,805:INFO:Epoch: 6200/20000 | Train Loss: 2.226e-01 | Dynamic Loss: 2.226e-01 | Regularization Loss: 3.371e-05 | Val Loss: 2.855e-01 | Time: 4.80s
2025-08-18 15:38:21,616:INFO:Epoch: 6250/20000 | Train Loss: 2.160e-01 | Dynamic Loss: 2.160e-01 | Regularization Loss: 3.250e-05 | Val Loss: 2.799e-01 | Time: 4.81s
2025-08-18 15:38:21,616:INFO:New best model found at epoch 6250 with validation loss 2.799e-01. Saving...
2025-08-18 15:38:26,502:INFO:Epoch: 6300/20000 | Train Loss: 2.316e-01 | Dynamic Loss: 2.316e-01 | Regularization Loss: 3.137e-05 | Val Loss: 2.949e-01 | Time: 4.88s
2025-08-18 15:38:31,398:INFO:Epoch: 6350/20000 | Train Loss: 2.207e-01 | Dynamic Loss: 2.206e-01 | Regularization Loss: 3.049e-05 | Val Loss: 2.822e-01 | Time: 4.90s
2025-08-18 15:38:36,268:INFO:Epoch: 6400/20000 | Train Loss: 2.130e-01 | Dynamic Loss: 2.130e-01 | Regularization Loss: 2.898e-05 | Val Loss: 2.783e-01 | Time: 4.87s
2025-08-18 15:38:36,268:INFO:New best model found at epoch 6400 with validation loss 2.783e-01. Saving...
2025-08-18 15:38:43,042:INFO:Epoch: 6450/20000 | Train Loss: 2.148e-01 | Dynamic Loss: 2.147e-01 | Regularization Loss: 2.873e-05 | Val Loss: 2.805e-01 | Time: 6.76s
2025-08-18 15:38:47,877:INFO:Epoch: 6500/20000 | Train Loss: 2.541e-01 | Dynamic Loss: 2.540e-01 | Regularization Loss: 2.764e-05 | Val Loss: 3.018e-01 | Time: 4.83s
2025-08-18 15:38:52,756:INFO:Epoch: 6550/20000 | Train Loss: 2.195e-01 | Dynamic Loss: 2.195e-01 | Regularization Loss: 2.676e-05 | Val Loss: 2.844e-01 | Time: 4.88s
2025-08-18 15:38:57,925:INFO:Epoch: 6600/20000 | Train Loss: 2.072e-01 | Dynamic Loss: 2.072e-01 | Regularization Loss: 2.631e-05 | Val Loss: 2.716e-01 | Time: 5.17s
2025-08-18 15:38:57,925:INFO:New best model found at epoch 6600 with validation loss 2.716e-01. Saving...
2025-08-18 15:39:02,730:INFO:Epoch: 6650/20000 | Train Loss: 2.076e-01 | Dynamic Loss: 2.076e-01 | Regularization Loss: 2.544e-05 | Val Loss: 2.709e-01 | Time: 4.80s
2025-08-18 15:39:02,730:INFO:New best model found at epoch 6650 with validation loss 2.709e-01. Saving...
2025-08-18 15:39:07,526:INFO:Epoch: 6700/20000 | Train Loss: 2.037e-01 | Dynamic Loss: 2.036e-01 | Regularization Loss: 2.467e-05 | Val Loss: 2.694e-01 | Time: 4.79s
2025-08-18 15:39:07,526:INFO:New best model found at epoch 6700 with validation loss 2.694e-01. Saving...
2025-08-18 15:39:14,221:INFO:Epoch: 6750/20000 | Train Loss: 2.105e-01 | Dynamic Loss: 2.104e-01 | Regularization Loss: 2.407e-05 | Val Loss: 2.731e-01 | Time: 6.69s
2025-08-18 15:39:19,029:INFO:Epoch: 6800/20000 | Train Loss: 2.068e-01 | Dynamic Loss: 2.068e-01 | Regularization Loss: 2.323e-05 | Val Loss: 2.730e-01 | Time: 4.81s
2025-08-18 15:39:23,866:INFO:Epoch: 6850/20000 | Train Loss: 2.017e-01 | Dynamic Loss: 2.016e-01 | Regularization Loss: 2.262e-05 | Val Loss: 2.673e-01 | Time: 4.84s
2025-08-18 15:39:23,867:INFO:New best model found at epoch 6850 with validation loss 2.673e-01. Saving...
2025-08-18 15:39:30,326:INFO:Epoch: 6900/20000 | Train Loss: 1.978e-01 | Dynamic Loss: 1.978e-01 | Regularization Loss: 2.196e-05 | Val Loss: 2.658e-01 | Time: 6.45s
2025-08-18 15:39:30,328:INFO:New best model found at epoch 6900 with validation loss 2.658e-01. Saving...
2025-08-18 15:39:35,206:INFO:Epoch: 6950/20000 | Train Loss: 1.990e-01 | Dynamic Loss: 1.990e-01 | Regularization Loss: 2.097e-05 | Val Loss: 2.644e-01 | Time: 4.87s
2025-08-18 15:39:35,206:INFO:New best model found at epoch 6950 with validation loss 2.644e-01. Saving...
2025-08-18 15:39:40,081:INFO:Epoch: 7000/20000 | Train Loss: 1.971e-01 | Dynamic Loss: 1.971e-01 | Regularization Loss: 2.070e-05 | Val Loss: 2.642e-01 | Time: 4.87s
2025-08-18 15:39:40,082:INFO:New best model found at epoch 7000 with validation loss 2.642e-01. Saving...
2025-08-18 15:39:47,450:INFO:Epoch: 7050/20000 | Train Loss: 1.939e-01 | Dynamic Loss: 1.939e-01 | Regularization Loss: 2.015e-05 | Val Loss: 2.621e-01 | Time: 7.36s
2025-08-18 15:39:47,450:INFO:New best model found at epoch 7050 with validation loss 2.621e-01. Saving...
2025-08-18 15:39:52,296:INFO:Epoch: 7100/20000 | Train Loss: 1.945e-01 | Dynamic Loss: 1.945e-01 | Regularization Loss: 1.953e-05 | Val Loss: 2.611e-01 | Time: 4.84s
2025-08-18 15:39:52,296:INFO:New best model found at epoch 7100 with validation loss 2.611e-01. Saving...
2025-08-18 15:39:57,125:INFO:Epoch: 7150/20000 | Train Loss: 1.955e-01 | Dynamic Loss: 1.955e-01 | Regularization Loss: 1.888e-05 | Val Loss: 2.622e-01 | Time: 4.82s
2025-08-18 15:40:05,622:INFO:Epoch: 7200/20000 | Train Loss: 1.953e-01 | Dynamic Loss: 1.953e-01 | Regularization Loss: 1.845e-05 | Val Loss: 2.603e-01 | Time: 8.50s
2025-08-18 15:40:05,622:INFO:New best model found at epoch 7200 with validation loss 2.603e-01. Saving...
2025-08-18 15:40:10,526:INFO:Epoch: 7250/20000 | Train Loss: 1.945e-01 | Dynamic Loss: 1.945e-01 | Regularization Loss: 1.801e-05 | Val Loss: 2.615e-01 | Time: 4.90s
2025-08-18 15:40:15,392:INFO:Epoch: 7300/20000 | Train Loss: 1.902e-01 | Dynamic Loss: 1.902e-01 | Regularization Loss: 1.739e-05 | Val Loss: 2.566e-01 | Time: 4.87s
2025-08-18 15:40:15,392:INFO:New best model found at epoch 7300 with validation loss 2.566e-01. Saving...
2025-08-18 15:40:26,095:INFO:Epoch: 7350/20000 | Train Loss: 2.012e-01 | Dynamic Loss: 2.012e-01 | Regularization Loss: 1.700e-05 | Val Loss: 2.624e-01 | Time: 10.69s
2025-08-18 15:40:30,918:INFO:Epoch: 7400/20000 | Train Loss: 1.867e-01 | Dynamic Loss: 1.867e-01 | Regularization Loss: 1.646e-05 | Val Loss: 2.556e-01 | Time: 4.82s
2025-08-18 15:40:30,918:INFO:New best model found at epoch 7400 with validation loss 2.556e-01. Saving...
2025-08-18 15:40:35,762:INFO:Epoch: 7450/20000 | Train Loss: 1.869e-01 | Dynamic Loss: 1.869e-01 | Regularization Loss: 1.600e-05 | Val Loss: 2.562e-01 | Time: 4.83s
2025-08-18 15:40:42,399:INFO:Epoch: 7500/20000 | Train Loss: 1.856e-01 | Dynamic Loss: 1.856e-01 | Regularization Loss: 1.552e-05 | Val Loss: 2.556e-01 | Time: 6.64s
2025-08-18 15:40:42,399:INFO:New best model found at epoch 7500 with validation loss 2.556e-01. Saving...
2025-08-18 15:40:47,229:INFO:Epoch: 7550/20000 | Train Loss: 1.879e-01 | Dynamic Loss: 1.879e-01 | Regularization Loss: 1.516e-05 | Val Loss: 2.599e-01 | Time: 4.82s
2025-08-18 15:40:52,175:INFO:Epoch: 7600/20000 | Train Loss: 1.842e-01 | Dynamic Loss: 1.842e-01 | Regularization Loss: 1.474e-05 | Val Loss: 2.535e-01 | Time: 4.95s
2025-08-18 15:40:52,175:INFO:New best model found at epoch 7600 with validation loss 2.535e-01. Saving...
2025-08-18 15:40:57,057:INFO:Epoch: 7650/20000 | Train Loss: 1.838e-01 | Dynamic Loss: 1.838e-01 | Regularization Loss: 1.432e-05 | Val Loss: 2.523e-01 | Time: 4.87s
2025-08-18 15:40:57,058:INFO:New best model found at epoch 7650 with validation loss 2.523e-01. Saving...
2025-08-18 15:41:01,893:INFO:Epoch: 7700/20000 | Train Loss: 1.806e-01 | Dynamic Loss: 1.806e-01 | Regularization Loss: 1.390e-05 | Val Loss: 2.497e-01 | Time: 4.83s
2025-08-18 15:41:01,893:INFO:New best model found at epoch 7700 with validation loss 2.497e-01. Saving...
2025-08-18 15:41:06,821:INFO:Epoch: 7750/20000 | Train Loss: 1.792e-01 | Dynamic Loss: 1.792e-01 | Regularization Loss: 1.351e-05 | Val Loss: 2.502e-01 | Time: 4.92s
2025-08-18 15:41:11,614:INFO:Epoch: 7800/20000 | Train Loss: 1.815e-01 | Dynamic Loss: 1.815e-01 | Regularization Loss: 1.314e-05 | Val Loss: 2.513e-01 | Time: 4.79s
2025-08-18 15:41:16,554:INFO:Epoch: 7850/20000 | Train Loss: 2.106e-01 | Dynamic Loss: 2.106e-01 | Regularization Loss: 1.273e-05 | Val Loss: 2.813e-01 | Time: 4.94s
2025-08-18 15:41:22,535:INFO:Epoch: 7900/20000 | Train Loss: 1.982e-01 | Dynamic Loss: 1.982e-01 | Regularization Loss: 1.233e-05 | Val Loss: 2.618e-01 | Time: 5.98s
2025-08-18 15:41:27,344:INFO:Epoch: 7950/20000 | Train Loss: 1.760e-01 | Dynamic Loss: 1.760e-01 | Regularization Loss: 1.205e-05 | Val Loss: 2.466e-01 | Time: 4.81s
2025-08-18 15:41:27,344:INFO:New best model found at epoch 7950 with validation loss 2.466e-01. Saving...
2025-08-18 15:41:32,174:INFO:Epoch: 8000/20000 | Train Loss: 1.806e-01 | Dynamic Loss: 1.806e-01 | Regularization Loss: 1.161e-05 | Val Loss: 2.543e-01 | Time: 4.82s
2025-08-18 15:41:38,594:INFO:Epoch: 8050/20000 | Train Loss: 1.749e-01 | Dynamic Loss: 1.749e-01 | Regularization Loss: 1.139e-05 | Val Loss: 2.451e-01 | Time: 6.42s
2025-08-18 15:41:38,594:INFO:New best model found at epoch 8050 with validation loss 2.451e-01. Saving...
2025-08-18 15:41:43,508:INFO:Epoch: 8100/20000 | Train Loss: 1.874e-01 | Dynamic Loss: 1.874e-01 | Regularization Loss: 1.089e-05 | Val Loss: 2.622e-01 | Time: 4.90s
2025-08-18 15:41:48,406:INFO:Epoch: 8150/20000 | Train Loss: 1.744e-01 | Dynamic Loss: 1.744e-01 | Regularization Loss: 1.063e-05 | Val Loss: 2.457e-01 | Time: 4.90s
2025-08-18 15:41:54,522:INFO:Epoch: 8200/20000 | Train Loss: 1.697e-01 | Dynamic Loss: 1.697e-01 | Regularization Loss: 1.034e-05 | Val Loss: 2.428e-01 | Time: 6.12s
2025-08-18 15:41:54,522:INFO:New best model found at epoch 8200 with validation loss 2.428e-01. Saving...
2025-08-18 15:41:59,417:INFO:Epoch: 8250/20000 | Train Loss: 1.701e-01 | Dynamic Loss: 1.700e-01 | Regularization Loss: 1.000e-05 | Val Loss: 2.437e-01 | Time: 4.88s
2025-08-18 15:42:04,233:INFO:Epoch: 8300/20000 | Train Loss: 1.691e-01 | Dynamic Loss: 1.691e-01 | Regularization Loss: 9.820e-06 | Val Loss: 2.426e-01 | Time: 4.82s
2025-08-18 15:42:04,233:INFO:New best model found at epoch 8300 with validation loss 2.426e-01. Saving...
2025-08-18 15:42:09,691:INFO:Epoch: 8350/20000 | Train Loss: 1.679e-01 | Dynamic Loss: 1.679e-01 | Regularization Loss: 9.358e-06 | Val Loss: 2.418e-01 | Time: 5.45s
2025-08-18 15:42:09,691:INFO:New best model found at epoch 8350 with validation loss 2.418e-01. Saving...
2025-08-18 15:42:14,543:INFO:Epoch: 8400/20000 | Train Loss: 1.682e-01 | Dynamic Loss: 1.682e-01 | Regularization Loss: 9.095e-06 | Val Loss: 2.419e-01 | Time: 4.84s
2025-08-18 15:42:19,374:INFO:Epoch: 8450/20000 | Train Loss: 1.690e-01 | Dynamic Loss: 1.690e-01 | Regularization Loss: 8.761e-06 | Val Loss: 2.426e-01 | Time: 4.83s
2025-08-18 15:42:24,705:INFO:Epoch: 8500/20000 | Train Loss: 1.689e-01 | Dynamic Loss: 1.689e-01 | Regularization Loss: 8.593e-06 | Val Loss: 2.404e-01 | Time: 5.33s
2025-08-18 15:42:24,707:INFO:New best model found at epoch 8500 with validation loss 2.404e-01. Saving...
2025-08-18 15:42:29,560:INFO:Epoch: 8550/20000 | Train Loss: 1.672e-01 | Dynamic Loss: 1.672e-01 | Regularization Loss: 8.228e-06 | Val Loss: 2.435e-01 | Time: 4.84s
2025-08-18 15:42:34,399:INFO:Epoch: 8600/20000 | Train Loss: 2.120e-01 | Dynamic Loss: 2.119e-01 | Regularization Loss: 8.032e-06 | Val Loss: 2.712e-01 | Time: 4.84s
2025-08-18 15:42:45,016:INFO:Epoch: 8650/20000 | Train Loss: 1.639e-01 | Dynamic Loss: 1.639e-01 | Regularization Loss: 7.773e-06 | Val Loss: 2.364e-01 | Time: 10.62s
2025-08-18 15:42:45,018:INFO:New best model found at epoch 8650 with validation loss 2.364e-01. Saving...
2025-08-18 15:42:49,945:INFO:Epoch: 8700/20000 | Train Loss: 1.617e-01 | Dynamic Loss: 1.617e-01 | Regularization Loss: 7.604e-06 | Val Loss: 2.335e-01 | Time: 4.92s
2025-08-18 15:42:49,945:INFO:New best model found at epoch 8700 with validation loss 2.335e-01. Saving...
2025-08-18 15:42:54,808:INFO:Epoch: 8750/20000 | Train Loss: 2.026e-01 | Dynamic Loss: 2.026e-01 | Regularization Loss: 7.332e-06 | Val Loss: 2.601e-01 | Time: 4.85s
2025-08-18 15:43:04,017:INFO:Epoch: 8800/20000 | Train Loss: 1.611e-01 | Dynamic Loss: 1.611e-01 | Regularization Loss: 7.149e-06 | Val Loss: 2.360e-01 | Time: 9.21s
2025-08-18 15:43:08,800:INFO:Epoch: 8850/20000 | Train Loss: 1.576e-01 | Dynamic Loss: 1.576e-01 | Regularization Loss: 7.038e-06 | Val Loss: 2.313e-01 | Time: 4.78s
2025-08-18 15:43:08,800:INFO:New best model found at epoch 8850 with validation loss 2.313e-01. Saving...
2025-08-18 15:43:13,577:INFO:Epoch: 8900/20000 | Train Loss: 1.591e-01 | Dynamic Loss: 1.591e-01 | Regularization Loss: 6.719e-06 | Val Loss: 2.325e-01 | Time: 4.77s
2025-08-18 15:43:24,433:INFO:Epoch: 8950/20000 | Train Loss: 1.673e-01 | Dynamic Loss: 1.672e-01 | Regularization Loss: 6.545e-06 | Val Loss: 2.442e-01 | Time: 10.85s
2025-08-18 15:43:29,331:INFO:Epoch: 9000/20000 | Train Loss: 1.628e-01 | Dynamic Loss: 1.628e-01 | Regularization Loss: 6.339e-06 | Val Loss: 2.398e-01 | Time: 4.90s
2025-08-18 15:43:34,135:INFO:Epoch: 9050/20000 | Train Loss: 1.689e-01 | Dynamic Loss: 1.689e-01 | Regularization Loss: 6.200e-06 | Val Loss: 2.410e-01 | Time: 4.80s
2025-08-18 15:43:45,236:INFO:Epoch: 9100/20000 | Train Loss: 1.565e-01 | Dynamic Loss: 1.565e-01 | Regularization Loss: 6.029e-06 | Val Loss: 2.323e-01 | Time: 11.10s
2025-08-18 15:43:50,080:INFO:Epoch: 9150/20000 | Train Loss: 1.570e-01 | Dynamic Loss: 1.570e-01 | Regularization Loss: 5.846e-06 | Val Loss: 2.304e-01 | Time: 4.84s
2025-08-18 15:43:50,081:INFO:New best model found at epoch 9150 with validation loss 2.304e-01. Saving...
2025-08-18 15:43:54,939:INFO:Epoch: 9200/20000 | Train Loss: 1.652e-01 | Dynamic Loss: 1.652e-01 | Regularization Loss: 5.696e-06 | Val Loss: 2.408e-01 | Time: 4.85s
2025-08-18 15:44:04,714:INFO:Epoch: 9250/20000 | Train Loss: 1.494e-01 | Dynamic Loss: 1.494e-01 | Regularization Loss: 5.546e-06 | Val Loss: 2.260e-01 | Time: 9.77s
2025-08-18 15:44:04,716:INFO:New best model found at epoch 9250 with validation loss 2.260e-01. Saving...
2025-08-18 15:44:09,550:INFO:Epoch: 9300/20000 | Train Loss: 1.508e-01 | Dynamic Loss: 1.508e-01 | Regularization Loss: 5.371e-06 | Val Loss: 2.243e-01 | Time: 4.82s
2025-08-18 15:44:09,550:INFO:New best model found at epoch 9300 with validation loss 2.243e-01. Saving...
2025-08-18 15:44:14,367:INFO:Epoch: 9350/20000 | Train Loss: 1.482e-01 | Dynamic Loss: 1.482e-01 | Regularization Loss: 5.199e-06 | Val Loss: 2.235e-01 | Time: 4.81s
2025-08-18 15:44:14,367:INFO:New best model found at epoch 9350 with validation loss 2.235e-01. Saving...
2025-08-18 15:44:24,053:INFO:Epoch: 9400/20000 | Train Loss: 1.503e-01 | Dynamic Loss: 1.503e-01 | Regularization Loss: 5.036e-06 | Val Loss: 2.226e-01 | Time: 9.68s
2025-08-18 15:44:24,054:INFO:New best model found at epoch 9400 with validation loss 2.226e-01. Saving...
2025-08-18 15:44:28,875:INFO:Epoch: 9450/20000 | Train Loss: 1.484e-01 | Dynamic Loss: 1.484e-01 | Regularization Loss: 4.862e-06 | Val Loss: 2.223e-01 | Time: 4.81s
2025-08-18 15:44:28,875:INFO:New best model found at epoch 9450 with validation loss 2.223e-01. Saving...
2025-08-18 15:44:33,751:INFO:Epoch: 9500/20000 | Train Loss: 1.455e-01 | Dynamic Loss: 1.455e-01 | Regularization Loss: 4.809e-06 | Val Loss: 2.209e-01 | Time: 4.87s
2025-08-18 15:44:33,751:INFO:New best model found at epoch 9500 with validation loss 2.209e-01. Saving...
2025-08-18 15:44:44,516:INFO:Epoch: 9550/20000 | Train Loss: 1.565e-01 | Dynamic Loss: 1.565e-01 | Regularization Loss: 4.572e-06 | Val Loss: 2.444e-01 | Time: 10.76s
2025-08-18 15:44:49,392:INFO:Epoch: 9600/20000 | Train Loss: 1.419e-01 | Dynamic Loss: 1.419e-01 | Regularization Loss: 4.446e-06 | Val Loss: 2.202e-01 | Time: 4.88s
2025-08-18 15:44:49,392:INFO:New best model found at epoch 9600 with validation loss 2.202e-01. Saving...
2025-08-18 15:44:54,365:INFO:Epoch: 9650/20000 | Train Loss: 1.580e-01 | Dynamic Loss: 1.580e-01 | Regularization Loss: 4.328e-06 | Val Loss: 2.547e-01 | Time: 4.96s
2025-08-18 15:44:59,221:INFO:Epoch: 9700/20000 | Train Loss: 1.394e-01 | Dynamic Loss: 1.394e-01 | Regularization Loss: 4.204e-06 | Val Loss: 2.169e-01 | Time: 4.86s
2025-08-18 15:44:59,223:INFO:New best model found at epoch 9700 with validation loss 2.169e-01. Saving...
2025-08-18 15:45:04,130:INFO:Epoch: 9750/20000 | Train Loss: 1.441e-01 | Dynamic Loss: 1.441e-01 | Regularization Loss: 4.060e-06 | Val Loss: 2.206e-01 | Time: 4.90s
2025-08-18 15:45:10,178:INFO:Epoch: 9800/20000 | Train Loss: 1.378e-01 | Dynamic Loss: 1.378e-01 | Regularization Loss: 3.913e-06 | Val Loss: 2.164e-01 | Time: 6.05s
2025-08-18 15:45:10,179:INFO:New best model found at epoch 9800 with validation loss 2.164e-01. Saving...
2025-08-18 15:45:15,074:INFO:Epoch: 9850/20000 | Train Loss: 1.484e-01 | Dynamic Loss: 1.484e-01 | Regularization Loss: 3.788e-06 | Val Loss: 2.193e-01 | Time: 4.89s
2025-08-18 15:45:19,927:INFO:Epoch: 9900/20000 | Train Loss: 1.386e-01 | Dynamic Loss: 1.386e-01 | Regularization Loss: 3.677e-06 | Val Loss: 2.193e-01 | Time: 4.85s
2025-08-18 15:45:24,836:INFO:Epoch: 9950/20000 | Train Loss: 1.360e-01 | Dynamic Loss: 1.360e-01 | Regularization Loss: 3.623e-06 | Val Loss: 2.116e-01 | Time: 4.91s
2025-08-18 15:45:24,837:INFO:New best model found at epoch 9950 with validation loss 2.116e-01. Saving...
2025-08-18 15:45:29,691:INFO:Epoch: 10000/20000 | Train Loss: 1.380e-01 | Dynamic Loss: 1.380e-01 | Regularization Loss: 3.447e-06 | Val Loss: 2.148e-01 | Time: 4.85s
2025-08-18 15:45:34,578:INFO:Epoch: 10050/20000 | Train Loss: 1.401e-01 | Dynamic Loss: 1.401e-01 | Regularization Loss: 3.324e-06 | Val Loss: 2.129e-01 | Time: 4.88s
2025-08-18 15:45:39,533:INFO:Epoch: 10100/20000 | Train Loss: 1.345e-01 | Dynamic Loss: 1.345e-01 | Regularization Loss: 3.194e-06 | Val Loss: 2.116e-01 | Time: 4.95s
2025-08-18 15:45:44,404:INFO:Epoch: 10150/20000 | Train Loss: 1.376e-01 | Dynamic Loss: 1.376e-01 | Regularization Loss: 3.080e-06 | Val Loss: 2.101e-01 | Time: 4.87s
2025-08-18 15:45:44,404:INFO:New best model found at epoch 10150 with validation loss 2.101e-01. Saving...
2025-08-18 15:45:49,340:INFO:Epoch: 10200/20000 | Train Loss: 1.564e-01 | Dynamic Loss: 1.564e-01 | Regularization Loss: 2.974e-06 | Val Loss: 2.641e-01 | Time: 4.93s
2025-08-18 15:45:54,277:INFO:Epoch: 10250/20000 | Train Loss: 1.331e-01 | Dynamic Loss: 1.331e-01 | Regularization Loss: 2.866e-06 | Val Loss: 2.134e-01 | Time: 4.93s
2025-08-18 15:45:59,187:INFO:Epoch: 10300/20000 | Train Loss: 1.304e-01 | Dynamic Loss: 1.304e-01 | Regularization Loss: 2.737e-06 | Val Loss: 2.116e-01 | Time: 4.91s
2025-08-18 15:46:04,057:INFO:Epoch: 10350/20000 | Train Loss: 1.242e-01 | Dynamic Loss: 1.242e-01 | Regularization Loss: 2.640e-06 | Val Loss: 2.034e-01 | Time: 4.87s
2025-08-18 15:46:04,057:INFO:New best model found at epoch 10350 with validation loss 2.034e-01. Saving...
2025-08-18 15:46:08,973:INFO:Epoch: 10400/20000 | Train Loss: 1.472e-01 | Dynamic Loss: 1.472e-01 | Regularization Loss: 2.564e-06 | Val Loss: 2.121e-01 | Time: 4.91s
2025-08-18 15:46:13,813:INFO:Epoch: 10450/20000 | Train Loss: 1.202e-01 | Dynamic Loss: 1.202e-01 | Regularization Loss: 2.437e-06 | Val Loss: 2.008e-01 | Time: 4.84s
2025-08-18 15:46:13,813:INFO:New best model found at epoch 10450 with validation loss 2.008e-01. Saving...
2025-08-18 15:46:18,672:INFO:Epoch: 10500/20000 | Train Loss: 1.253e-01 | Dynamic Loss: 1.253e-01 | Regularization Loss: 2.350e-06 | Val Loss: 2.056e-01 | Time: 4.85s
2025-08-18 15:46:26,382:INFO:Epoch: 10550/20000 | Train Loss: 1.231e-01 | Dynamic Loss: 1.231e-01 | Regularization Loss: 2.243e-06 | Val Loss: 2.062e-01 | Time: 7.71s
2025-08-18 15:46:31,240:INFO:Epoch: 10600/20000 | Train Loss: 1.242e-01 | Dynamic Loss: 1.242e-01 | Regularization Loss: 2.157e-06 | Val Loss: 2.013e-01 | Time: 4.86s
2025-08-18 15:46:36,320:INFO:Epoch: 10650/20000 | Train Loss: 1.235e-01 | Dynamic Loss: 1.235e-01 | Regularization Loss: 2.063e-06 | Val Loss: 2.039e-01 | Time: 5.08s
2025-08-18 15:46:45,945:INFO:Epoch: 10700/20000 | Train Loss: 1.201e-01 | Dynamic Loss: 1.201e-01 | Regularization Loss: 1.970e-06 | Val Loss: 1.968e-01 | Time: 9.62s
2025-08-18 15:46:45,947:INFO:New best model found at epoch 10700 with validation loss 1.968e-01. Saving...
2025-08-18 15:46:50,871:INFO:Epoch: 10750/20000 | Train Loss: 1.226e-01 | Dynamic Loss: 1.226e-01 | Regularization Loss: 1.901e-06 | Val Loss: 2.055e-01 | Time: 4.91s
2025-08-18 15:46:55,758:INFO:Epoch: 10800/20000 | Train Loss: 1.147e-01 | Dynamic Loss: 1.147e-01 | Regularization Loss: 1.783e-06 | Val Loss: 1.955e-01 | Time: 4.88s
2025-08-18 15:46:55,758:INFO:New best model found at epoch 10800 with validation loss 1.955e-01. Saving...
2025-08-18 15:47:06,023:INFO:Epoch: 10850/20000 | Train Loss: 1.475e-01 | Dynamic Loss: 1.475e-01 | Regularization Loss: 1.757e-06 | Val Loss: 2.073e-01 | Time: 10.26s
2025-08-18 15:47:10,951:INFO:Epoch: 10900/20000 | Train Loss: 1.120e-01 | Dynamic Loss: 1.120e-01 | Regularization Loss: 1.680e-06 | Val Loss: 1.911e-01 | Time: 4.93s
2025-08-18 15:47:10,951:INFO:New best model found at epoch 10900 with validation loss 1.911e-01. Saving...
2025-08-18 15:47:15,898:INFO:Epoch: 10950/20000 | Train Loss: 1.082e-01 | Dynamic Loss: 1.082e-01 | Regularization Loss: 1.622e-06 | Val Loss: 1.897e-01 | Time: 4.94s
2025-08-18 15:47:15,898:INFO:New best model found at epoch 10950 with validation loss 1.897e-01. Saving...
2025-08-18 15:47:20,818:INFO:Epoch: 11000/20000 | Train Loss: 1.166e-01 | Dynamic Loss: 1.166e-01 | Regularization Loss: 1.567e-06 | Val Loss: 1.950e-01 | Time: 4.91s
2025-08-18 15:47:25,709:INFO:Epoch: 11050/20000 | Train Loss: 1.123e-01 | Dynamic Loss: 1.123e-01 | Regularization Loss: 1.512e-06 | Val Loss: 1.910e-01 | Time: 4.89s
2025-08-18 15:47:31,377:INFO:Epoch: 11100/20000 | Train Loss: 1.146e-01 | Dynamic Loss: 1.146e-01 | Regularization Loss: 1.449e-06 | Val Loss: 1.895e-01 | Time: 5.67s
2025-08-18 15:47:31,377:INFO:New best model found at epoch 11100 with validation loss 1.895e-01. Saving...
2025-08-18 15:47:36,335:INFO:Epoch: 11150/20000 | Train Loss: 1.060e-01 | Dynamic Loss: 1.059e-01 | Regularization Loss: 1.388e-06 | Val Loss: 1.872e-01 | Time: 4.95s
2025-08-18 15:47:36,335:INFO:New best model found at epoch 11150 with validation loss 1.872e-01. Saving...
2025-08-18 15:47:41,308:INFO:Epoch: 11200/20000 | Train Loss: 1.097e-01 | Dynamic Loss: 1.097e-01 | Regularization Loss: 1.329e-06 | Val Loss: 1.880e-01 | Time: 4.96s
2025-08-18 15:47:48,557:INFO:Epoch: 11250/20000 | Train Loss: 1.065e-01 | Dynamic Loss: 1.065e-01 | Regularization Loss: 1.300e-06 | Val Loss: 1.865e-01 | Time: 7.25s
2025-08-18 15:47:48,557:INFO:New best model found at epoch 11250 with validation loss 1.865e-01. Saving...
2025-08-18 15:47:53,463:INFO:Epoch: 11300/20000 | Train Loss: 1.066e-01 | Dynamic Loss: 1.066e-01 | Regularization Loss: 1.268e-06 | Val Loss: 1.855e-01 | Time: 4.90s
2025-08-18 15:47:53,464:INFO:New best model found at epoch 11300 with validation loss 1.855e-01. Saving...
2025-08-18 15:47:58,449:INFO:Epoch: 11350/20000 | Train Loss: 1.033e-01 | Dynamic Loss: 1.033e-01 | Regularization Loss: 1.219e-06 | Val Loss: 1.893e-01 | Time: 4.98s
2025-08-18 15:48:03,390:INFO:Epoch: 11400/20000 | Train Loss: 1.278e-01 | Dynamic Loss: 1.278e-01 | Regularization Loss: 1.188e-06 | Val Loss: 2.164e-01 | Time: 4.94s
2025-08-18 15:48:08,295:INFO:Epoch: 11450/20000 | Train Loss: 1.088e-01 | Dynamic Loss: 1.088e-01 | Regularization Loss: 1.134e-06 | Val Loss: 1.921e-01 | Time: 4.91s
2025-08-18 15:48:13,287:INFO:Epoch: 11500/20000 | Train Loss: 9.825e-02 | Dynamic Loss: 9.825e-02 | Regularization Loss: 1.109e-06 | Val Loss: 1.802e-01 | Time: 4.99s
2025-08-18 15:48:13,287:INFO:New best model found at epoch 11500 with validation loss 1.802e-01. Saving...
2025-08-18 15:48:18,173:INFO:Epoch: 11550/20000 | Train Loss: 1.358e-01 | Dynamic Loss: 1.358e-01 | Regularization Loss: 1.091e-06 | Val Loss: 2.084e-01 | Time: 4.88s
2025-08-18 15:48:23,101:INFO:Epoch: 11600/20000 | Train Loss: 1.148e-01 | Dynamic Loss: 1.148e-01 | Regularization Loss: 1.049e-06 | Val Loss: 1.845e-01 | Time: 4.93s
2025-08-18 15:48:30,156:INFO:Epoch: 11650/20000 | Train Loss: 1.055e-01 | Dynamic Loss: 1.055e-01 | Regularization Loss: 1.008e-06 | Val Loss: 1.819e-01 | Time: 7.05s
2025-08-18 15:48:35,064:INFO:Epoch: 11700/20000 | Train Loss: 9.995e-02 | Dynamic Loss: 9.995e-02 | Regularization Loss: 9.726e-07 | Val Loss: 1.822e-01 | Time: 4.91s
2025-08-18 15:48:40,008:INFO:Epoch: 11750/20000 | Train Loss: 9.619e-02 | Dynamic Loss: 9.619e-02 | Regularization Loss: 9.487e-07 | Val Loss: 1.793e-01 | Time: 4.94s
2025-08-18 15:48:40,008:INFO:New best model found at epoch 11750 with validation loss 1.793e-01. Saving...
2025-08-18 15:48:48,406:INFO:Epoch: 11800/20000 | Train Loss: 1.050e-01 | Dynamic Loss: 1.050e-01 | Regularization Loss: 9.352e-07 | Val Loss: 1.858e-01 | Time: 8.39s
2025-08-18 15:48:53,311:INFO:Epoch: 11850/20000 | Train Loss: 1.162e-01 | Dynamic Loss: 1.162e-01 | Regularization Loss: 9.014e-07 | Val Loss: 2.003e-01 | Time: 4.90s
2025-08-18 15:48:58,363:INFO:Epoch: 11900/20000 | Train Loss: 9.959e-02 | Dynamic Loss: 9.959e-02 | Regularization Loss: 8.679e-07 | Val Loss: 1.837e-01 | Time: 5.05s
2025-08-18 15:49:03,295:INFO:Epoch: 11950/20000 | Train Loss: 9.150e-02 | Dynamic Loss: 9.150e-02 | Regularization Loss: 8.441e-07 | Val Loss: 1.758e-01 | Time: 4.93s
2025-08-18 15:49:03,295:INFO:New best model found at epoch 11950 with validation loss 1.758e-01. Saving...
2025-08-18 15:49:08,244:INFO:Epoch: 12000/20000 | Train Loss: 1.491e-01 | Dynamic Loss: 1.491e-01 | Regularization Loss: 8.235e-07 | Val Loss: 2.115e-01 | Time: 4.94s
2025-08-18 15:49:15,666:INFO:Epoch: 12050/20000 | Train Loss: 9.395e-02 | Dynamic Loss: 9.395e-02 | Regularization Loss: 7.935e-07 | Val Loss: 1.792e-01 | Time: 7.42s
2025-08-18 15:49:20,646:INFO:Epoch: 12100/20000 | Train Loss: 9.031e-02 | Dynamic Loss: 9.031e-02 | Regularization Loss: 7.676e-07 | Val Loss: 1.740e-01 | Time: 4.98s
2025-08-18 15:49:20,646:INFO:New best model found at epoch 12100 with validation loss 1.740e-01. Saving...
2025-08-18 15:49:25,689:INFO:Epoch: 12150/20000 | Train Loss: 8.814e-02 | Dynamic Loss: 8.814e-02 | Regularization Loss: 7.442e-07 | Val Loss: 1.719e-01 | Time: 5.03s
2025-08-18 15:49:25,689:INFO:New best model found at epoch 12150 with validation loss 1.719e-01. Saving...
2025-08-18 15:49:30,570:INFO:Epoch: 12200/20000 | Train Loss: 9.446e-02 | Dynamic Loss: 9.446e-02 | Regularization Loss: 7.235e-07 | Val Loss: 1.779e-01 | Time: 4.87s
2025-08-18 15:49:35,482:INFO:Epoch: 12250/20000 | Train Loss: 8.747e-02 | Dynamic Loss: 8.747e-02 | Regularization Loss: 6.977e-07 | Val Loss: 1.718e-01 | Time: 4.91s
2025-08-18 15:49:35,482:INFO:New best model found at epoch 12250 with validation loss 1.718e-01. Saving...
2025-08-18 15:49:40,470:INFO:Epoch: 12300/20000 | Train Loss: 8.685e-02 | Dynamic Loss: 8.685e-02 | Regularization Loss: 6.763e-07 | Val Loss: 1.712e-01 | Time: 4.98s
2025-08-18 15:49:40,470:INFO:New best model found at epoch 12300 with validation loss 1.712e-01. Saving...
2025-08-18 15:49:45,371:INFO:Epoch: 12350/20000 | Train Loss: 8.819e-02 | Dynamic Loss: 8.819e-02 | Regularization Loss: 6.521e-07 | Val Loss: 1.738e-01 | Time: 4.89s
2025-08-18 15:49:50,337:INFO:Epoch: 12400/20000 | Train Loss: 8.685e-02 | Dynamic Loss: 8.685e-02 | Regularization Loss: 6.261e-07 | Val Loss: 1.709e-01 | Time: 4.97s
2025-08-18 15:49:50,337:INFO:New best model found at epoch 12400 with validation loss 1.709e-01. Saving...
2025-08-18 15:50:00,926:INFO:Epoch: 12450/20000 | Train Loss: 9.610e-02 | Dynamic Loss: 9.610e-02 | Regularization Loss: 6.082e-07 | Val Loss: 1.790e-01 | Time: 10.58s
2025-08-18 15:50:05,846:INFO:Epoch: 12500/20000 | Train Loss: 9.214e-02 | Dynamic Loss: 9.214e-02 | Regularization Loss: 5.896e-07 | Val Loss: 1.749e-01 | Time: 4.92s
2025-08-18 15:50:10,750:INFO:Epoch: 12550/20000 | Train Loss: 8.314e-02 | Dynamic Loss: 8.314e-02 | Regularization Loss: 5.674e-07 | Val Loss: 1.670e-01 | Time: 4.90s
2025-08-18 15:50:10,751:INFO:New best model found at epoch 12550 with validation loss 1.670e-01. Saving...
2025-08-18 15:50:18,998:INFO:Epoch: 12600/20000 | Train Loss: 9.917e-02 | Dynamic Loss: 9.917e-02 | Regularization Loss: 5.470e-07 | Val Loss: 1.771e-01 | Time: 8.24s
2025-08-18 15:50:24,000:INFO:Epoch: 12650/20000 | Train Loss: 8.296e-02 | Dynamic Loss: 8.296e-02 | Regularization Loss: 5.273e-07 | Val Loss: 1.677e-01 | Time: 5.00s
2025-08-18 15:50:29,058:INFO:Epoch: 12700/20000 | Train Loss: 1.324e-01 | Dynamic Loss: 1.324e-01 | Regularization Loss: 5.102e-07 | Val Loss: 1.970e-01 | Time: 5.06s
2025-08-18 15:50:34,008:INFO:Epoch: 12750/20000 | Train Loss: 8.434e-02 | Dynamic Loss: 8.434e-02 | Regularization Loss: 4.946e-07 | Val Loss: 1.689e-01 | Time: 4.95s
2025-08-18 15:50:38,958:INFO:Epoch: 12800/20000 | Train Loss: 1.119e-01 | Dynamic Loss: 1.119e-01 | Regularization Loss: 4.783e-07 | Val Loss: 1.761e-01 | Time: 4.95s
2025-08-18 15:50:50,208:INFO:Epoch: 12850/20000 | Train Loss: 7.892e-02 | Dynamic Loss: 7.892e-02 | Regularization Loss: 4.576e-07 | Val Loss: 1.630e-01 | Time: 11.25s
2025-08-18 15:50:50,208:INFO:New best model found at epoch 12850 with validation loss 1.630e-01. Saving...
2025-08-18 15:50:55,119:INFO:Epoch: 12900/20000 | Train Loss: 7.900e-02 | Dynamic Loss: 7.900e-02 | Regularization Loss: 4.439e-07 | Val Loss: 1.637e-01 | Time: 4.90s
2025-08-18 15:51:00,134:INFO:Epoch: 12950/20000 | Train Loss: 8.042e-02 | Dynamic Loss: 8.042e-02 | Regularization Loss: 4.296e-07 | Val Loss: 1.668e-01 | Time: 5.01s
2025-08-18 15:51:05,102:INFO:Epoch: 13000/20000 | Train Loss: 9.037e-02 | Dynamic Loss: 9.037e-02 | Regularization Loss: 4.139e-07 | Val Loss: 1.687e-01 | Time: 4.97s
2025-08-18 15:51:10,003:INFO:Epoch: 13050/20000 | Train Loss: 7.805e-02 | Dynamic Loss: 7.805e-02 | Regularization Loss: 3.981e-07 | Val Loss: 1.627e-01 | Time: 4.90s
2025-08-18 15:51:10,003:INFO:New best model found at epoch 13050 with validation loss 1.627e-01. Saving...
2025-08-18 15:51:16,417:INFO:Epoch: 13100/20000 | Train Loss: 8.495e-02 | Dynamic Loss: 8.495e-02 | Regularization Loss: 3.842e-07 | Val Loss: 1.706e-01 | Time: 6.41s
2025-08-18 15:51:21,305:INFO:Epoch: 13150/20000 | Train Loss: 7.677e-02 | Dynamic Loss: 7.676e-02 | Regularization Loss: 3.707e-07 | Val Loss: 1.612e-01 | Time: 4.89s
2025-08-18 15:51:21,305:INFO:New best model found at epoch 13150 with validation loss 1.612e-01. Saving...
2025-08-18 15:51:26,351:INFO:Epoch: 13200/20000 | Train Loss: 7.363e-02 | Dynamic Loss: 7.363e-02 | Regularization Loss: 3.566e-07 | Val Loss: 1.594e-01 | Time: 5.04s
2025-08-18 15:51:26,351:INFO:New best model found at epoch 13200 with validation loss 1.594e-01. Saving...
2025-08-18 15:51:31,326:INFO:Epoch: 13250/20000 | Train Loss: 8.194e-02 | Dynamic Loss: 8.194e-02 | Regularization Loss: 3.464e-07 | Val Loss: 1.661e-01 | Time: 4.96s
2025-08-18 15:51:36,216:INFO:Epoch: 13300/20000 | Train Loss: 7.228e-02 | Dynamic Loss: 7.228e-02 | Regularization Loss: 3.322e-07 | Val Loss: 1.589e-01 | Time: 4.89s
2025-08-18 15:51:36,216:INFO:New best model found at epoch 13300 with validation loss 1.589e-01. Saving...
2025-08-18 15:51:41,900:INFO:Epoch: 13350/20000 | Train Loss: 7.867e-02 | Dynamic Loss: 7.867e-02 | Regularization Loss: 3.219e-07 | Val Loss: 1.642e-01 | Time: 5.67s
2025-08-18 15:51:46,816:INFO:Epoch: 13400/20000 | Train Loss: 6.893e-02 | Dynamic Loss: 6.893e-02 | Regularization Loss: 3.072e-07 | Val Loss: 1.548e-01 | Time: 4.92s
2025-08-18 15:51:46,816:INFO:New best model found at epoch 13400 with validation loss 1.548e-01. Saving...
2025-08-18 15:51:51,698:INFO:Epoch: 13450/20000 | Train Loss: 6.912e-02 | Dynamic Loss: 6.912e-02 | Regularization Loss: 2.974e-07 | Val Loss: 1.559e-01 | Time: 4.87s
2025-08-18 15:52:02,451:INFO:Epoch: 13500/20000 | Train Loss: 6.996e-02 | Dynamic Loss: 6.996e-02 | Regularization Loss: 2.846e-07 | Val Loss: 1.557e-01 | Time: 10.75s
2025-08-18 15:52:07,376:INFO:Epoch: 13550/20000 | Train Loss: 8.574e-02 | Dynamic Loss: 8.574e-02 | Regularization Loss: 2.746e-07 | Val Loss: 1.630e-01 | Time: 4.92s
2025-08-18 15:52:12,377:INFO:Epoch: 13600/20000 | Train Loss: 6.815e-02 | Dynamic Loss: 6.815e-02 | Regularization Loss: 2.622e-07 | Val Loss: 1.552e-01 | Time: 5.00s
2025-08-18 15:52:17,250:INFO:Epoch: 13650/20000 | Train Loss: 6.886e-02 | Dynamic Loss: 6.886e-02 | Regularization Loss: 2.524e-07 | Val Loss: 1.536e-01 | Time: 4.87s
2025-08-18 15:52:17,250:INFO:New best model found at epoch 13650 with validation loss 1.536e-01. Saving...
2025-08-18 15:52:22,171:INFO:Epoch: 13700/20000 | Train Loss: 6.574e-02 | Dynamic Loss: 6.574e-02 | Regularization Loss: 2.444e-07 | Val Loss: 1.511e-01 | Time: 4.91s
2025-08-18 15:52:22,173:INFO:New best model found at epoch 13700 with validation loss 1.511e-01. Saving...
2025-08-18 15:52:31,664:INFO:Epoch: 13750/20000 | Train Loss: 6.794e-02 | Dynamic Loss: 6.794e-02 | Regularization Loss: 2.332e-07 | Val Loss: 1.540e-01 | Time: 9.48s
2025-08-18 15:52:36,582:INFO:Epoch: 13800/20000 | Train Loss: 7.137e-02 | Dynamic Loss: 7.137e-02 | Regularization Loss: 2.228e-07 | Val Loss: 1.628e-01 | Time: 4.92s
2025-08-18 15:52:41,608:INFO:Epoch: 13850/20000 | Train Loss: 6.930e-02 | Dynamic Loss: 6.930e-02 | Regularization Loss: 2.133e-07 | Val Loss: 1.613e-01 | Time: 5.03s
2025-08-18 15:52:46,533:INFO:Epoch: 13900/20000 | Train Loss: 6.573e-02 | Dynamic Loss: 6.573e-02 | Regularization Loss: 2.023e-07 | Val Loss: 1.509e-01 | Time: 4.93s
2025-08-18 15:52:46,533:INFO:New best model found at epoch 13900 with validation loss 1.509e-01. Saving...
2025-08-18 15:52:51,580:INFO:Epoch: 13950/20000 | Train Loss: 6.397e-02 | Dynamic Loss: 6.396e-02 | Regularization Loss: 1.954e-07 | Val Loss: 1.495e-01 | Time: 5.04s
2025-08-18 15:52:51,580:INFO:New best model found at epoch 13950 with validation loss 1.495e-01. Saving...
2025-08-18 15:52:56,575:INFO:Epoch: 14000/20000 | Train Loss: 6.921e-02 | Dynamic Loss: 6.921e-02 | Regularization Loss: 1.874e-07 | Val Loss: 1.529e-01 | Time: 4.99s
2025-08-18 15:53:01,559:INFO:Epoch: 14050/20000 | Train Loss: 6.250e-02 | Dynamic Loss: 6.250e-02 | Regularization Loss: 1.792e-07 | Val Loss: 1.507e-01 | Time: 4.98s
2025-08-18 15:53:06,620:INFO:Epoch: 14100/20000 | Train Loss: 6.524e-02 | Dynamic Loss: 6.524e-02 | Regularization Loss: 1.718e-07 | Val Loss: 1.512e-01 | Time: 5.06s
2025-08-18 15:53:11,620:INFO:Epoch: 14150/20000 | Train Loss: 6.396e-02 | Dynamic Loss: 6.396e-02 | Regularization Loss: 1.629e-07 | Val Loss: 1.509e-01 | Time: 5.00s
2025-08-18 15:53:16,554:INFO:Epoch: 14200/20000 | Train Loss: 6.433e-02 | Dynamic Loss: 6.433e-02 | Regularization Loss: 1.560e-07 | Val Loss: 1.482e-01 | Time: 4.93s
2025-08-18 15:53:16,555:INFO:New best model found at epoch 14200 with validation loss 1.482e-01. Saving...
2025-08-18 15:53:27,481:INFO:Epoch: 14250/20000 | Train Loss: 5.877e-02 | Dynamic Loss: 5.877e-02 | Regularization Loss: 1.489e-07 | Val Loss: 1.443e-01 | Time: 10.92s
2025-08-18 15:53:27,481:INFO:New best model found at epoch 14250 with validation loss 1.443e-01. Saving...
2025-08-18 15:53:32,415:INFO:Epoch: 14300/20000 | Train Loss: 6.685e-02 | Dynamic Loss: 6.685e-02 | Regularization Loss: 1.426e-07 | Val Loss: 1.510e-01 | Time: 4.92s
2025-08-18 15:53:37,422:INFO:Epoch: 14350/20000 | Train Loss: 5.791e-02 | Dynamic Loss: 5.791e-02 | Regularization Loss: 1.350e-07 | Val Loss: 1.450e-01 | Time: 5.00s
2025-08-18 15:53:42,356:INFO:Epoch: 14400/20000 | Train Loss: 5.916e-02 | Dynamic Loss: 5.916e-02 | Regularization Loss: 1.290e-07 | Val Loss: 1.475e-01 | Time: 4.93s
2025-08-18 15:53:47,276:INFO:Epoch: 14450/20000 | Train Loss: 7.578e-02 | Dynamic Loss: 7.578e-02 | Regularization Loss: 1.219e-07 | Val Loss: 1.568e-01 | Time: 4.92s
2025-08-18 15:53:56,089:INFO:Epoch: 14500/20000 | Train Loss: 5.577e-02 | Dynamic Loss: 5.577e-02 | Regularization Loss: 1.159e-07 | Val Loss: 1.417e-01 | Time: 8.81s
2025-08-18 15:53:56,089:INFO:New best model found at epoch 14500 with validation loss 1.417e-01. Saving...
2025-08-18 15:54:01,109:INFO:Epoch: 14550/20000 | Train Loss: 6.446e-02 | Dynamic Loss: 6.446e-02 | Regularization Loss: 1.097e-07 | Val Loss: 1.469e-01 | Time: 5.01s
2025-08-18 15:54:06,229:INFO:Epoch: 14600/20000 | Train Loss: 5.584e-02 | Dynamic Loss: 5.584e-02 | Regularization Loss: 1.048e-07 | Val Loss: 1.421e-01 | Time: 5.12s
2025-08-18 15:54:11,219:INFO:Epoch: 14650/20000 | Train Loss: 5.776e-02 | Dynamic Loss: 5.776e-02 | Regularization Loss: 9.941e-08 | Val Loss: 1.423e-01 | Time: 4.99s
2025-08-18 15:54:16,195:INFO:Epoch: 14700/20000 | Train Loss: 5.233e-02 | Dynamic Loss: 5.233e-02 | Regularization Loss: 9.544e-08 | Val Loss: 1.385e-01 | Time: 4.98s
2025-08-18 15:54:16,195:INFO:New best model found at epoch 14700 with validation loss 1.385e-01. Saving...
2025-08-18 15:54:26,065:INFO:Epoch: 14750/20000 | Train Loss: 5.278e-02 | Dynamic Loss: 5.278e-02 | Regularization Loss: 9.028e-08 | Val Loss: 1.413e-01 | Time: 9.86s
2025-08-18 15:54:30,984:INFO:Epoch: 14800/20000 | Train Loss: 5.201e-02 | Dynamic Loss: 5.201e-02 | Regularization Loss: 8.541e-08 | Val Loss: 1.382e-01 | Time: 4.92s
2025-08-18 15:54:30,984:INFO:New best model found at epoch 14800 with validation loss 1.382e-01. Saving...
2025-08-18 15:54:36,026:INFO:Epoch: 14850/20000 | Train Loss: 6.398e-02 | Dynamic Loss: 6.398e-02 | Regularization Loss: 8.121e-08 | Val Loss: 1.537e-01 | Time: 5.03s
2025-08-18 15:54:40,963:INFO:Epoch: 14900/20000 | Train Loss: 5.436e-02 | Dynamic Loss: 5.436e-02 | Regularization Loss: 7.601e-08 | Val Loss: 1.398e-01 | Time: 4.94s
2025-08-18 15:54:45,880:INFO:Epoch: 14950/20000 | Train Loss: 7.199e-02 | Dynamic Loss: 7.199e-02 | Regularization Loss: 7.312e-08 | Val Loss: 1.537e-01 | Time: 4.92s
2025-08-18 15:54:55,854:INFO:Epoch: 15000/20000 | Train Loss: 5.030e-02 | Dynamic Loss: 5.030e-02 | Regularization Loss: 6.821e-08 | Val Loss: 1.371e-01 | Time: 9.97s
2025-08-18 15:54:55,854:INFO:New best model found at epoch 15000 with validation loss 1.371e-01. Saving...
2025-08-18 15:55:00,750:INFO:Epoch: 15050/20000 | Train Loss: 5.068e-02 | Dynamic Loss: 5.068e-02 | Regularization Loss: 6.458e-08 | Val Loss: 1.384e-01 | Time: 4.89s
2025-08-18 15:55:06,545:INFO:Epoch: 15100/20000 | Train Loss: 6.266e-02 | Dynamic Loss: 6.266e-02 | Regularization Loss: 6.043e-08 | Val Loss: 1.621e-01 | Time: 5.79s
2025-08-18 15:55:11,851:INFO:Epoch: 15150/20000 | Train Loss: 4.824e-02 | Dynamic Loss: 4.824e-02 | Regularization Loss: 5.601e-08 | Val Loss: 1.341e-01 | Time: 5.31s
2025-08-18 15:55:11,851:INFO:New best model found at epoch 15150 with validation loss 1.341e-01. Saving...
2025-08-18 15:55:16,811:INFO:Epoch: 15200/20000 | Train Loss: 5.138e-02 | Dynamic Loss: 5.138e-02 | Regularization Loss: 5.312e-08 | Val Loss: 1.366e-01 | Time: 4.95s
2025-08-18 15:55:27,221:INFO:Epoch: 15250/20000 | Train Loss: 5.521e-02 | Dynamic Loss: 5.521e-02 | Regularization Loss: 5.007e-08 | Val Loss: 1.429e-01 | Time: 10.41s
2025-08-18 15:55:32,165:INFO:Epoch: 15300/20000 | Train Loss: 5.796e-02 | Dynamic Loss: 5.796e-02 | Regularization Loss: 4.716e-08 | Val Loss: 1.360e-01 | Time: 4.94s
2025-08-18 15:55:37,207:INFO:Epoch: 15350/20000 | Train Loss: 5.085e-02 | Dynamic Loss: 5.085e-02 | Regularization Loss: 4.339e-08 | Val Loss: 1.344e-01 | Time: 5.04s
2025-08-18 15:55:42,218:INFO:Epoch: 15400/20000 | Train Loss: 4.462e-02 | Dynamic Loss: 4.462e-02 | Regularization Loss: 4.067e-08 | Val Loss: 1.302e-01 | Time: 5.01s
2025-08-18 15:55:42,220:INFO:New best model found at epoch 15400 with validation loss 1.302e-01. Saving...
2025-08-18 15:55:47,222:INFO:Epoch: 15450/20000 | Train Loss: 4.597e-02 | Dynamic Loss: 4.597e-02 | Regularization Loss: 3.825e-08 | Val Loss: 1.299e-01 | Time: 4.99s
2025-08-18 15:55:47,222:INFO:New best model found at epoch 15450 with validation loss 1.299e-01. Saving...
2025-08-18 15:55:53,178:INFO:Epoch: 15500/20000 | Train Loss: 4.444e-02 | Dynamic Loss: 4.444e-02 | Regularization Loss: 3.619e-08 | Val Loss: 1.286e-01 | Time: 5.95s
2025-08-18 15:55:53,178:INFO:New best model found at epoch 15500 with validation loss 1.286e-01. Saving...
2025-08-18 15:55:58,174:INFO:Epoch: 15550/20000 | Train Loss: 4.763e-02 | Dynamic Loss: 4.763e-02 | Regularization Loss: 3.397e-08 | Val Loss: 1.348e-01 | Time: 4.99s
2025-08-18 15:56:03,198:INFO:Epoch: 15600/20000 | Train Loss: 4.691e-02 | Dynamic Loss: 4.691e-02 | Regularization Loss: 3.198e-08 | Val Loss: 1.332e-01 | Time: 5.02s
2025-08-18 15:56:08,147:INFO:Epoch: 15650/20000 | Train Loss: 4.631e-02 | Dynamic Loss: 4.631e-02 | Regularization Loss: 3.002e-08 | Val Loss: 1.290e-01 | Time: 4.95s
2025-08-18 15:56:13,075:INFO:Epoch: 15700/20000 | Train Loss: 4.424e-02 | Dynamic Loss: 4.424e-02 | Regularization Loss: 2.795e-08 | Val Loss: 1.299e-01 | Time: 4.93s
2025-08-18 15:56:18,135:INFO:Epoch: 15750/20000 | Train Loss: 5.212e-02 | Dynamic Loss: 5.212e-02 | Regularization Loss: 2.641e-08 | Val Loss: 1.328e-01 | Time: 5.06s
2025-08-18 15:56:23,050:INFO:Epoch: 15800/20000 | Train Loss: 4.081e-02 | Dynamic Loss: 4.081e-02 | Regularization Loss: 2.493e-08 | Val Loss: 1.255e-01 | Time: 4.91s
2025-08-18 15:56:23,050:INFO:New best model found at epoch 15800 with validation loss 1.255e-01. Saving...
2025-08-18 15:56:27,792:INFO:Epoch: 15850/20000 | Train Loss: 5.017e-02 | Dynamic Loss: 5.017e-02 | Regularization Loss: 2.347e-08 | Val Loss: 1.406e-01 | Time: 4.73s
2025-08-18 15:56:34,272:INFO:Epoch: 15900/20000 | Train Loss: 4.272e-02 | Dynamic Loss: 4.272e-02 | Regularization Loss: 2.231e-08 | Val Loss: 1.308e-01 | Time: 6.48s
2025-08-18 15:56:38,980:INFO:Epoch: 15950/20000 | Train Loss: 4.368e-02 | Dynamic Loss: 4.368e-02 | Regularization Loss: 2.112e-08 | Val Loss: 1.280e-01 | Time: 4.71s
2025-08-18 15:56:43,772:INFO:Epoch: 16000/20000 | Train Loss: 4.097e-02 | Dynamic Loss: 4.097e-02 | Regularization Loss: 1.970e-08 | Val Loss: 1.251e-01 | Time: 4.79s
2025-08-18 15:56:43,772:INFO:New best model found at epoch 16000 with validation loss 1.251e-01. Saving...
2025-08-18 15:56:48,552:INFO:Epoch: 16050/20000 | Train Loss: 4.021e-02 | Dynamic Loss: 4.021e-02 | Regularization Loss: 1.871e-08 | Val Loss: 1.250e-01 | Time: 4.77s
2025-08-18 15:56:48,552:INFO:New best model found at epoch 16050 with validation loss 1.250e-01. Saving...
2025-08-18 15:56:53,507:INFO:Epoch: 16100/20000 | Train Loss: 4.180e-02 | Dynamic Loss: 4.180e-02 | Regularization Loss: 1.766e-08 | Val Loss: 1.263e-01 | Time: 4.95s
2025-08-18 15:56:58,327:INFO:Epoch: 16150/20000 | Train Loss: 4.222e-02 | Dynamic Loss: 4.222e-02 | Regularization Loss: 1.656e-08 | Val Loss: 1.266e-01 | Time: 4.82s
2025-08-18 15:57:03,102:INFO:Epoch: 16200/20000 | Train Loss: 4.099e-02 | Dynamic Loss: 4.099e-02 | Regularization Loss: 1.564e-08 | Val Loss: 1.263e-01 | Time: 4.77s
2025-08-18 15:57:07,853:INFO:Epoch: 16250/20000 | Train Loss: 4.190e-02 | Dynamic Loss: 4.190e-02 | Regularization Loss: 1.478e-08 | Val Loss: 1.262e-01 | Time: 4.75s
2025-08-18 15:57:12,647:INFO:Epoch: 16300/20000 | Train Loss: 3.802e-02 | Dynamic Loss: 3.802e-02 | Regularization Loss: 1.389e-08 | Val Loss: 1.239e-01 | Time: 4.79s
2025-08-18 15:57:12,647:INFO:New best model found at epoch 16300 with validation loss 1.239e-01. Saving...
2025-08-18 15:57:23,791:INFO:Epoch: 16350/20000 | Train Loss: 3.662e-02 | Dynamic Loss: 3.662e-02 | Regularization Loss: 1.313e-08 | Val Loss: 1.233e-01 | Time: 11.14s
2025-08-18 15:57:23,792:INFO:New best model found at epoch 16350 with validation loss 1.233e-01. Saving...
2025-08-18 15:57:28,580:INFO:Epoch: 16400/20000 | Train Loss: 3.712e-02 | Dynamic Loss: 3.712e-02 | Regularization Loss: 1.252e-08 | Val Loss: 1.228e-01 | Time: 4.78s
2025-08-18 15:57:28,580:INFO:New best model found at epoch 16400 with validation loss 1.228e-01. Saving...
2025-08-18 15:57:33,300:INFO:Epoch: 16450/20000 | Train Loss: 3.522e-02 | Dynamic Loss: 3.522e-02 | Regularization Loss: 1.185e-08 | Val Loss: 1.193e-01 | Time: 4.71s
2025-08-18 15:57:33,300:INFO:New best model found at epoch 16450 with validation loss 1.193e-01. Saving...
2025-08-18 15:57:38,029:INFO:Epoch: 16500/20000 | Train Loss: 3.833e-02 | Dynamic Loss: 3.833e-02 | Regularization Loss: 1.156e-08 | Val Loss: 1.254e-01 | Time: 4.72s
2025-08-18 15:57:43,264:INFO:Epoch: 16550/20000 | Train Loss: 4.639e-02 | Dynamic Loss: 4.639e-02 | Regularization Loss: 1.084e-08 | Val Loss: 1.333e-01 | Time: 5.23s
2025-08-18 15:57:47,962:INFO:Epoch: 16600/20000 | Train Loss: 3.963e-02 | Dynamic Loss: 3.963e-02 | Regularization Loss: 1.008e-08 | Val Loss: 1.226e-01 | Time: 4.70s
2025-08-18 15:57:52,726:INFO:Epoch: 16650/20000 | Train Loss: 3.690e-02 | Dynamic Loss: 3.690e-02 | Regularization Loss: 9.250e-09 | Val Loss: 1.210e-01 | Time: 4.76s
2025-08-18 15:57:57,465:INFO:Epoch: 16700/20000 | Train Loss: 5.112e-02 | Dynamic Loss: 5.112e-02 | Regularization Loss: 8.283e-09 | Val Loss: 1.335e-01 | Time: 4.74s
2025-08-18 15:58:02,244:INFO:Epoch: 16750/20000 | Train Loss: 3.606e-02 | Dynamic Loss: 3.606e-02 | Regularization Loss: 7.386e-09 | Val Loss: 1.215e-01 | Time: 4.78s
2025-08-18 15:58:13,502:INFO:Epoch: 16800/20000 | Train Loss: 3.407e-02 | Dynamic Loss: 3.407e-02 | Regularization Loss: 6.720e-09 | Val Loss: 1.201e-01 | Time: 11.26s
2025-08-18 15:58:18,251:INFO:Epoch: 16850/20000 | Train Loss: 3.441e-02 | Dynamic Loss: 3.441e-02 | Regularization Loss: 6.167e-09 | Val Loss: 1.168e-01 | Time: 4.75s
2025-08-18 15:58:18,251:INFO:New best model found at epoch 16850 with validation loss 1.168e-01. Saving...
2025-08-18 15:58:23,019:INFO:Epoch: 16900/20000 | Train Loss: 3.522e-02 | Dynamic Loss: 3.522e-02 | Regularization Loss: 5.737e-09 | Val Loss: 1.186e-01 | Time: 4.76s
2025-08-18 15:58:27,779:INFO:Epoch: 16950/20000 | Train Loss: 3.409e-02 | Dynamic Loss: 3.409e-02 | Regularization Loss: 5.360e-09 | Val Loss: 1.192e-01 | Time: 4.76s
2025-08-18 15:58:37,975:INFO:Epoch: 17000/20000 | Train Loss: 3.872e-02 | Dynamic Loss: 3.872e-02 | Regularization Loss: 5.062e-09 | Val Loss: 1.185e-01 | Time: 10.20s
2025-08-18 15:58:42,880:INFO:Epoch: 17050/20000 | Train Loss: 3.368e-02 | Dynamic Loss: 3.368e-02 | Regularization Loss: 4.850e-09 | Val Loss: 1.176e-01 | Time: 4.90s
2025-08-18 15:58:47,661:INFO:Epoch: 17100/20000 | Train Loss: 3.410e-02 | Dynamic Loss: 3.410e-02 | Regularization Loss: 4.652e-09 | Val Loss: 1.195e-01 | Time: 4.78s
2025-08-18 15:58:52,460:INFO:Epoch: 17150/20000 | Train Loss: 4.715e-02 | Dynamic Loss: 4.715e-02 | Regularization Loss: 4.535e-09 | Val Loss: 1.355e-01 | Time: 4.80s
2025-08-18 15:59:01,551:INFO:Epoch: 17200/20000 | Train Loss: 3.410e-02 | Dynamic Loss: 3.410e-02 | Regularization Loss: 4.395e-09 | Val Loss: 1.179e-01 | Time: 9.09s
2025-08-18 15:59:06,261:INFO:Epoch: 17250/20000 | Train Loss: 4.504e-02 | Dynamic Loss: 4.504e-02 | Regularization Loss: 4.282e-09 | Val Loss: 1.229e-01 | Time: 4.71s
2025-08-18 15:59:11,061:INFO:Epoch: 17300/20000 | Train Loss: 4.255e-02 | Dynamic Loss: 4.255e-02 | Regularization Loss: 4.183e-09 | Val Loss: 1.241e-01 | Time: 4.80s
2025-08-18 15:59:15,886:INFO:Epoch: 17350/20000 | Train Loss: 3.231e-02 | Dynamic Loss: 3.231e-02 | Regularization Loss: 4.115e-09 | Val Loss: 1.154e-01 | Time: 4.82s
2025-08-18 15:59:15,886:INFO:New best model found at epoch 17350 with validation loss 1.154e-01. Saving...
2025-08-18 15:59:20,738:INFO:Epoch: 17400/20000 | Train Loss: 3.095e-02 | Dynamic Loss: 3.095e-02 | Regularization Loss: 3.981e-09 | Val Loss: 1.161e-01 | Time: 4.84s
2025-08-18 15:59:25,539:INFO:Epoch: 17450/20000 | Train Loss: 3.065e-02 | Dynamic Loss: 3.065e-02 | Regularization Loss: 3.901e-09 | Val Loss: 1.147e-01 | Time: 4.80s
2025-08-18 15:59:25,541:INFO:New best model found at epoch 17450 with validation loss 1.147e-01. Saving...
2025-08-18 15:59:30,658:INFO:Epoch: 17500/20000 | Train Loss: 3.139e-02 | Dynamic Loss: 3.139e-02 | Regularization Loss: 3.820e-09 | Val Loss: 1.162e-01 | Time: 5.11s
2025-08-18 15:59:35,455:INFO:Epoch: 17550/20000 | Train Loss: 2.944e-02 | Dynamic Loss: 2.944e-02 | Regularization Loss: 3.729e-09 | Val Loss: 1.134e-01 | Time: 4.80s
2025-08-18 15:59:35,498:INFO:New best model found at epoch 17550 with validation loss 1.134e-01. Saving...
2025-08-18 15:59:40,246:INFO:Epoch: 17600/20000 | Train Loss: 3.103e-02 | Dynamic Loss: 3.103e-02 | Regularization Loss: 3.644e-09 | Val Loss: 1.163e-01 | Time: 4.74s
2025-08-18 15:59:51,878:INFO:Epoch: 17650/20000 | Train Loss: 3.012e-02 | Dynamic Loss: 3.012e-02 | Regularization Loss: 3.568e-09 | Val Loss: 1.135e-01 | Time: 11.63s
2025-08-18 15:59:56,703:INFO:Epoch: 17700/20000 | Train Loss: 3.008e-02 | Dynamic Loss: 3.008e-02 | Regularization Loss: 3.489e-09 | Val Loss: 1.135e-01 | Time: 4.74s
2025-08-18 16:00:01,439:INFO:Epoch: 17750/20000 | Train Loss: 2.943e-02 | Dynamic Loss: 2.943e-02 | Regularization Loss: 3.421e-09 | Val Loss: 1.138e-01 | Time: 4.74s
2025-08-18 16:00:06,266:INFO:Epoch: 17800/20000 | Train Loss: 3.327e-02 | Dynamic Loss: 3.327e-02 | Regularization Loss: 3.346e-09 | Val Loss: 1.159e-01 | Time: 4.83s
2025-08-18 16:00:15,970:INFO:Epoch: 17850/20000 | Train Loss: 3.024e-02 | Dynamic Loss: 3.024e-02 | Regularization Loss: 3.288e-09 | Val Loss: 1.134e-01 | Time: 9.70s
2025-08-18 16:00:15,970:INFO:New best model found at epoch 17850 with validation loss 1.134e-01. Saving...
2025-08-18 16:00:20,772:INFO:Epoch: 17900/20000 | Train Loss: 2.957e-02 | Dynamic Loss: 2.957e-02 | Regularization Loss: 3.223e-09 | Val Loss: 1.142e-01 | Time: 4.79s
2025-08-18 16:00:25,531:INFO:Epoch: 17950/20000 | Train Loss: 3.212e-02 | Dynamic Loss: 3.212e-02 | Regularization Loss: 3.113e-09 | Val Loss: 1.158e-01 | Time: 4.76s
2025-08-18 16:00:30,335:INFO:Epoch: 18000/20000 | Train Loss: 2.939e-02 | Dynamic Loss: 2.939e-02 | Regularization Loss: 3.080e-09 | Val Loss: 1.119e-01 | Time: 4.80s
2025-08-18 16:00:30,335:INFO:New best model found at epoch 18000 with validation loss 1.119e-01. Saving...
2025-08-18 16:00:38,257:INFO:Epoch: 18050/20000 | Train Loss: 3.364e-02 | Dynamic Loss: 3.364e-02 | Regularization Loss: 3.005e-09 | Val Loss: 1.189e-01 | Time: 7.91s
2025-08-18 16:00:42,958:INFO:Epoch: 18100/20000 | Train Loss: 2.775e-02 | Dynamic Loss: 2.775e-02 | Regularization Loss: 2.932e-09 | Val Loss: 1.106e-01 | Time: 4.70s
2025-08-18 16:00:42,960:INFO:New best model found at epoch 18100 with validation loss 1.106e-01. Saving...
2025-08-18 16:00:47,819:INFO:Epoch: 18150/20000 | Train Loss: 3.436e-02 | Dynamic Loss: 3.436e-02 | Regularization Loss: 2.933e-09 | Val Loss: 1.187e-01 | Time: 4.85s
2025-08-18 16:00:52,607:INFO:Epoch: 18200/20000 | Train Loss: 2.801e-02 | Dynamic Loss: 2.801e-02 | Regularization Loss: 2.851e-09 | Val Loss: 1.116e-01 | Time: 4.79s
2025-08-18 16:00:57,405:INFO:Epoch: 18250/20000 | Train Loss: 3.143e-02 | Dynamic Loss: 3.143e-02 | Regularization Loss: 2.800e-09 | Val Loss: 1.155e-01 | Time: 4.80s
2025-08-18 16:01:02,137:INFO:Epoch: 18300/20000 | Train Loss: 3.122e-02 | Dynamic Loss: 3.122e-02 | Regularization Loss: 2.775e-09 | Val Loss: 1.148e-01 | Time: 4.73s
2025-08-18 16:01:06,958:INFO:Epoch: 18350/20000 | Train Loss: 3.018e-02 | Dynamic Loss: 3.018e-02 | Regularization Loss: 2.753e-09 | Val Loss: 1.133e-01 | Time: 4.82s
2025-08-18 16:01:11,738:INFO:Epoch: 18400/20000 | Train Loss: 3.415e-02 | Dynamic Loss: 3.415e-02 | Regularization Loss: 2.655e-09 | Val Loss: 1.132e-01 | Time: 4.78s
2025-08-18 16:01:16,588:INFO:Epoch: 18450/20000 | Train Loss: 2.771e-02 | Dynamic Loss: 2.771e-02 | Regularization Loss: 2.608e-09 | Val Loss: 1.114e-01 | Time: 4.85s
2025-08-18 16:01:21,315:INFO:Epoch: 18500/20000 | Train Loss: 2.820e-02 | Dynamic Loss: 2.820e-02 | Regularization Loss: 2.550e-09 | Val Loss: 1.099e-01 | Time: 4.73s
2025-08-18 16:01:21,317:INFO:New best model found at epoch 18500 with validation loss 1.099e-01. Saving...
2025-08-18 16:01:26,103:INFO:Epoch: 18550/20000 | Train Loss: 2.736e-02 | Dynamic Loss: 2.736e-02 | Regularization Loss: 2.500e-09 | Val Loss: 1.101e-01 | Time: 4.78s
2025-08-18 16:01:30,828:INFO:Epoch: 18600/20000 | Train Loss: 2.818e-02 | Dynamic Loss: 2.818e-02 | Regularization Loss: 2.463e-09 | Val Loss: 1.124e-01 | Time: 4.73s
2025-08-18 16:01:35,497:INFO:Epoch: 18650/20000 | Train Loss: 2.682e-02 | Dynamic Loss: 2.682e-02 | Regularization Loss: 2.435e-09 | Val Loss: 1.102e-01 | Time: 4.67s
2025-08-18 16:01:46,586:INFO:Epoch: 18700/20000 | Train Loss: 2.769e-02 | Dynamic Loss: 2.769e-02 | Regularization Loss: 2.400e-09 | Val Loss: 1.111e-01 | Time: 11.09s
2025-08-18 16:01:51,440:INFO:Epoch: 18750/20000 | Train Loss: 2.719e-02 | Dynamic Loss: 2.719e-02 | Regularization Loss: 2.364e-09 | Val Loss: 1.097e-01 | Time: 4.85s
2025-08-18 16:01:51,441:INFO:New best model found at epoch 18750 with validation loss 1.097e-01. Saving...
2025-08-18 16:01:56,235:INFO:Epoch: 18800/20000 | Train Loss: 2.605e-02 | Dynamic Loss: 2.605e-02 | Regularization Loss: 2.327e-09 | Val Loss: 1.093e-01 | Time: 4.78s
2025-08-18 16:01:56,235:INFO:New best model found at epoch 18800 with validation loss 1.093e-01. Saving...
2025-08-18 16:02:00,946:INFO:Epoch: 18850/20000 | Train Loss: 2.830e-02 | Dynamic Loss: 2.830e-02 | Regularization Loss: 2.281e-09 | Val Loss: 1.109e-01 | Time: 4.70s
2025-08-18 16:02:09,700:INFO:Epoch: 18900/20000 | Train Loss: 2.599e-02 | Dynamic Loss: 2.599e-02 | Regularization Loss: 2.234e-09 | Val Loss: 1.107e-01 | Time: 8.75s
2025-08-18 16:02:14,526:INFO:Epoch: 18950/20000 | Train Loss: 2.974e-02 | Dynamic Loss: 2.974e-02 | Regularization Loss: 2.190e-09 | Val Loss: 1.151e-01 | Time: 4.82s
2025-08-18 16:02:19,330:INFO:Epoch: 19000/20000 | Train Loss: 2.717e-02 | Dynamic Loss: 2.717e-02 | Regularization Loss: 2.155e-09 | Val Loss: 1.122e-01 | Time: 4.80s
2025-08-18 16:02:24,097:INFO:Epoch: 19050/20000 | Train Loss: 2.991e-02 | Dynamic Loss: 2.991e-02 | Regularization Loss: 2.101e-09 | Val Loss: 1.149e-01 | Time: 4.76s
2025-08-18 16:02:28,911:INFO:Epoch: 19100/20000 | Train Loss: 2.695e-02 | Dynamic Loss: 2.695e-02 | Regularization Loss: 2.067e-09 | Val Loss: 1.101e-01 | Time: 4.81s
2025-08-18 16:02:33,685:INFO:Epoch: 19150/20000 | Train Loss: 2.836e-02 | Dynamic Loss: 2.836e-02 | Regularization Loss: 2.053e-09 | Val Loss: 1.118e-01 | Time: 4.77s
2025-08-18 16:02:38,455:INFO:Epoch: 19200/20000 | Train Loss: 2.765e-02 | Dynamic Loss: 2.765e-02 | Regularization Loss: 2.017e-09 | Val Loss: 1.102e-01 | Time: 4.77s
2025-08-18 16:02:43,222:INFO:Epoch: 19250/20000 | Train Loss: 2.603e-02 | Dynamic Loss: 2.603e-02 | Regularization Loss: 1.963e-09 | Val Loss: 1.116e-01 | Time: 4.77s
2025-08-18 16:02:47,963:INFO:Epoch: 19300/20000 | Train Loss: 2.743e-02 | Dynamic Loss: 2.743e-02 | Regularization Loss: 1.937e-09 | Val Loss: 1.116e-01 | Time: 4.74s
2025-08-18 16:02:54,365:INFO:Epoch: 19350/20000 | Train Loss: 2.668e-02 | Dynamic Loss: 2.668e-02 | Regularization Loss: 1.889e-09 | Val Loss: 1.092e-01 | Time: 6.40s
2025-08-18 16:02:54,365:INFO:New best model found at epoch 19350 with validation loss 1.092e-01. Saving...
2025-08-18 16:02:59,101:INFO:Epoch: 19400/20000 | Train Loss: 2.631e-02 | Dynamic Loss: 2.631e-02 | Regularization Loss: 1.835e-09 | Val Loss: 1.086e-01 | Time: 4.73s
2025-08-18 16:02:59,103:INFO:New best model found at epoch 19400 with validation loss 1.086e-01. Saving...
2025-08-18 16:03:03,998:INFO:Epoch: 19450/20000 | Train Loss: 2.597e-02 | Dynamic Loss: 2.597e-02 | Regularization Loss: 1.822e-09 | Val Loss: 1.100e-01 | Time: 4.89s
2025-08-18 16:03:08,822:INFO:Epoch: 19500/20000 | Train Loss: 2.512e-02 | Dynamic Loss: 2.512e-02 | Regularization Loss: 1.792e-09 | Val Loss: 1.097e-01 | Time: 4.82s
2025-08-18 16:03:13,871:INFO:Epoch: 19550/20000 | Train Loss: 2.809e-02 | Dynamic Loss: 2.809e-02 | Regularization Loss: 1.752e-09 | Val Loss: 1.121e-01 | Time: 5.05s
2025-08-18 16:03:18,607:INFO:Epoch: 19600/20000 | Train Loss: 2.835e-02 | Dynamic Loss: 2.835e-02 | Regularization Loss: 1.704e-09 | Val Loss: 1.110e-01 | Time: 4.73s
2025-08-18 16:03:23,339:INFO:Epoch: 19650/20000 | Train Loss: 2.871e-02 | Dynamic Loss: 2.871e-02 | Regularization Loss: 1.681e-09 | Val Loss: 1.123e-01 | Time: 4.73s
2025-08-18 16:03:28,497:INFO:Epoch: 19700/20000 | Train Loss: 2.492e-02 | Dynamic Loss: 2.492e-02 | Regularization Loss: 1.674e-09 | Val Loss: 1.079e-01 | Time: 5.16s
2025-08-18 16:03:28,499:INFO:New best model found at epoch 19700 with validation loss 1.079e-01. Saving...
2025-08-18 16:03:33,202:INFO:Epoch: 19750/20000 | Train Loss: 2.795e-02 | Dynamic Loss: 2.795e-02 | Regularization Loss: 1.620e-09 | Val Loss: 1.112e-01 | Time: 4.69s
2025-08-18 16:03:37,938:INFO:Epoch: 19800/20000 | Train Loss: 2.797e-02 | Dynamic Loss: 2.797e-02 | Regularization Loss: 1.576e-09 | Val Loss: 1.114e-01 | Time: 4.74s
2025-08-18 16:03:42,679:INFO:Epoch: 19850/20000 | Train Loss: 2.780e-02 | Dynamic Loss: 2.780e-02 | Regularization Loss: 1.524e-09 | Val Loss: 1.131e-01 | Time: 4.74s
2025-08-18 16:03:47,445:INFO:Epoch: 19900/20000 | Train Loss: 3.347e-02 | Dynamic Loss: 3.347e-02 | Regularization Loss: 1.520e-09 | Val Loss: 1.131e-01 | Time: 4.77s
2025-08-18 16:03:58,347:INFO:Epoch: 19950/20000 | Train Loss: 2.645e-02 | Dynamic Loss: 2.645e-02 | Regularization Loss: 1.474e-09 | Val Loss: 1.090e-01 | Time: 10.90s
2025-08-18 16:04:03,280:INFO:Epoch: 20000/20000 | Train Loss: 2.947e-02 | Dynamic Loss: 2.947e-02 | Regularization Loss: 1.435e-09 | Val Loss: 1.144e-01 | Time: 4.93s
