2025-08-18 18:51:34,674:INFO:Created DataLoaders with 5994 training samples and 1998 validation samples.
2025-08-18 18:51:37,637:INFO:model params: 526849
2025-08-18 18:51:41,836:INFO:Epoch: 0/10000 | Train Loss: 8.040e+01 | Dynamic Loss: 8.031e+01 | Regularization Loss: 8.645e-02 | Val Loss: 7.174e+01 | Time: 4.20s
2025-08-18 18:51:41,836:INFO:New best model found at epoch 0 with validation loss 7.174e+01. Saving...
2025-08-18 18:51:46,809:INFO:Epoch: 50/10000 | Train Loss: 5.620e+01 | Dynamic Loss: 5.620e+01 | Regularization Loss: 5.142e-11 | Val Loss: 5.885e+01 | Time: 4.92s
2025-08-18 18:51:46,810:INFO:New best model found at epoch 50 with validation loss 5.885e+01. Saving...
2025-08-18 18:51:53,907:INFO:Epoch: 100/10000 | Train Loss: 4.645e+01 | Dynamic Loss: 4.645e+01 | Regularization Loss: 1.694e-19 | Val Loss: 5.229e+01 | Time: 7.09s
2025-08-18 18:51:53,908:INFO:New best model found at epoch 100 with validation loss 5.229e+01. Saving...
2025-08-18 18:51:58,959:INFO:Epoch: 150/10000 | Train Loss: 3.857e+01 | Dynamic Loss: 3.857e+01 | Regularization Loss: 3.028e-27 | Val Loss: 4.229e+01 | Time: 5.04s
2025-08-18 18:51:58,959:INFO:New best model found at epoch 150 with validation loss 4.229e+01. Saving...
2025-08-18 18:52:04,177:INFO:Epoch: 200/10000 | Train Loss: 3.283e+01 | Dynamic Loss: 3.283e+01 | Regularization Loss: 2.280e-34 | Val Loss: 3.602e+01 | Time: 5.21s
2025-08-18 18:52:04,177:INFO:New best model found at epoch 200 with validation loss 3.602e+01. Saving...
2025-08-18 18:52:09,327:INFO:Epoch: 250/10000 | Train Loss: 2.801e+01 | Dynamic Loss: 2.801e+01 | Regularization Loss: 5.824e-41 | Val Loss: 3.174e+01 | Time: 5.14s
2025-08-18 18:52:09,327:INFO:New best model found at epoch 250 with validation loss 3.174e+01. Saving...
2025-08-18 18:52:14,592:INFO:Epoch: 300/10000 | Train Loss: 2.416e+01 | Dynamic Loss: 2.416e+01 | Regularization Loss: 0.000e+00 | Val Loss: 2.761e+01 | Time: 5.26s
2025-08-18 18:52:14,592:INFO:New best model found at epoch 300 with validation loss 2.761e+01. Saving...
2025-08-18 18:52:19,808:INFO:Epoch: 350/10000 | Train Loss: 2.119e+01 | Dynamic Loss: 2.119e+01 | Regularization Loss: 0.000e+00 | Val Loss: 2.579e+01 | Time: 5.21s
2025-08-18 18:52:19,808:INFO:New best model found at epoch 350 with validation loss 2.579e+01. Saving...
2025-08-18 18:52:25,061:INFO:Epoch: 400/10000 | Train Loss: 1.844e+01 | Dynamic Loss: 1.844e+01 | Regularization Loss: 0.000e+00 | Val Loss: 2.182e+01 | Time: 5.24s
2025-08-18 18:52:25,062:INFO:New best model found at epoch 400 with validation loss 2.182e+01. Saving...
2025-08-18 18:52:30,215:INFO:Epoch: 450/10000 | Train Loss: 1.623e+01 | Dynamic Loss: 1.623e+01 | Regularization Loss: 0.000e+00 | Val Loss: 1.918e+01 | Time: 5.14s
2025-08-18 18:52:30,217:INFO:New best model found at epoch 450 with validation loss 1.918e+01. Saving...
2025-08-18 18:52:35,447:INFO:Epoch: 500/10000 | Train Loss: 1.418e+01 | Dynamic Loss: 1.418e+01 | Regularization Loss: 0.000e+00 | Val Loss: 1.743e+01 | Time: 5.22s
2025-08-18 18:52:35,447:INFO:New best model found at epoch 500 with validation loss 1.743e+01. Saving...
2025-08-18 18:52:40,627:INFO:Epoch: 550/10000 | Train Loss: 1.246e+01 | Dynamic Loss: 1.246e+01 | Regularization Loss: 0.000e+00 | Val Loss: 1.544e+01 | Time: 5.17s
2025-08-18 18:52:40,627:INFO:New best model found at epoch 550 with validation loss 1.544e+01. Saving...
2025-08-18 18:52:45,765:INFO:Epoch: 600/10000 | Train Loss: 1.117e+01 | Dynamic Loss: 1.117e+01 | Regularization Loss: 0.000e+00 | Val Loss: 1.341e+01 | Time: 5.13s
2025-08-18 18:52:45,766:INFO:New best model found at epoch 600 with validation loss 1.341e+01. Saving...
2025-08-18 18:52:52,094:INFO:Epoch: 650/10000 | Train Loss: 9.714e+00 | Dynamic Loss: 9.714e+00 | Regularization Loss: 0.000e+00 | Val Loss: 1.198e+01 | Time: 6.32s
2025-08-18 18:52:52,094:INFO:New best model found at epoch 650 with validation loss 1.198e+01. Saving...
2025-08-18 18:52:57,350:INFO:Epoch: 700/10000 | Train Loss: 8.431e+00 | Dynamic Loss: 8.431e+00 | Regularization Loss: 0.000e+00 | Val Loss: 1.080e+01 | Time: 5.25s
2025-08-18 18:52:57,350:INFO:New best model found at epoch 700 with validation loss 1.080e+01. Saving...
2025-08-18 18:53:02,565:INFO:Epoch: 750/10000 | Train Loss: 7.394e+00 | Dynamic Loss: 7.394e+00 | Regularization Loss: 0.000e+00 | Val Loss: 9.794e+00 | Time: 5.21s
2025-08-18 18:53:02,565:INFO:New best model found at epoch 750 with validation loss 9.794e+00. Saving...
2025-08-18 18:53:10,255:INFO:Epoch: 800/10000 | Train Loss: 6.495e+00 | Dynamic Loss: 6.495e+00 | Regularization Loss: 0.000e+00 | Val Loss: 8.435e+00 | Time: 7.68s
2025-08-18 18:53:10,255:INFO:New best model found at epoch 800 with validation loss 8.435e+00. Saving...
2025-08-18 18:53:15,518:INFO:Epoch: 850/10000 | Train Loss: 6.506e+00 | Dynamic Loss: 6.506e+00 | Regularization Loss: 0.000e+00 | Val Loss: 9.120e+00 | Time: 5.25s
2025-08-18 18:53:20,733:INFO:Epoch: 900/10000 | Train Loss: 5.081e+00 | Dynamic Loss: 5.081e+00 | Regularization Loss: 0.000e+00 | Val Loss: 6.684e+00 | Time: 5.21s
2025-08-18 18:53:20,733:INFO:New best model found at epoch 900 with validation loss 6.684e+00. Saving...
2025-08-18 18:53:31,453:INFO:Epoch: 950/10000 | Train Loss: 4.532e+00 | Dynamic Loss: 4.532e+00 | Regularization Loss: 0.000e+00 | Val Loss: 5.886e+00 | Time: 10.71s
2025-08-18 18:53:31,453:INFO:New best model found at epoch 950 with validation loss 5.886e+00. Saving...
2025-08-18 18:53:36,699:INFO:Epoch: 1000/10000 | Train Loss: 3.930e+00 | Dynamic Loss: 3.930e+00 | Regularization Loss: 0.000e+00 | Val Loss: 5.196e+00 | Time: 5.24s
2025-08-18 18:53:36,699:INFO:New best model found at epoch 1000 with validation loss 5.196e+00. Saving...
2025-08-18 18:53:41,944:INFO:Epoch: 1050/10000 | Train Loss: 3.285e+00 | Dynamic Loss: 3.285e+00 | Regularization Loss: 0.000e+00 | Val Loss: 4.683e+00 | Time: 5.23s
2025-08-18 18:53:41,944:INFO:New best model found at epoch 1050 with validation loss 4.683e+00. Saving...
2025-08-18 18:53:50,143:INFO:Epoch: 1100/10000 | Train Loss: 2.938e+00 | Dynamic Loss: 2.938e+00 | Regularization Loss: 0.000e+00 | Val Loss: 4.033e+00 | Time: 8.19s
2025-08-18 18:53:50,143:INFO:New best model found at epoch 1100 with validation loss 4.033e+00. Saving...
2025-08-18 18:53:55,388:INFO:Epoch: 1150/10000 | Train Loss: 2.462e+00 | Dynamic Loss: 2.462e+00 | Regularization Loss: 0.000e+00 | Val Loss: 3.654e+00 | Time: 5.24s
2025-08-18 18:53:55,388:INFO:New best model found at epoch 1150 with validation loss 3.654e+00. Saving...
2025-08-18 18:54:00,554:INFO:Epoch: 1200/10000 | Train Loss: 2.122e+00 | Dynamic Loss: 2.122e+00 | Regularization Loss: 0.000e+00 | Val Loss: 3.120e+00 | Time: 5.16s
2025-08-18 18:54:00,554:INFO:New best model found at epoch 1200 with validation loss 3.120e+00. Saving...
2025-08-18 18:54:11,247:INFO:Epoch: 1250/10000 | Train Loss: 1.863e+00 | Dynamic Loss: 1.863e+00 | Regularization Loss: 0.000e+00 | Val Loss: 2.780e+00 | Time: 10.69s
2025-08-18 18:54:11,247:INFO:New best model found at epoch 1250 with validation loss 2.780e+00. Saving...
2025-08-18 18:54:16,476:INFO:Epoch: 1300/10000 | Train Loss: 1.606e+00 | Dynamic Loss: 1.606e+00 | Regularization Loss: 0.000e+00 | Val Loss: 2.403e+00 | Time: 5.22s
2025-08-18 18:54:16,476:INFO:New best model found at epoch 1300 with validation loss 2.403e+00. Saving...
2025-08-18 18:54:21,741:INFO:Epoch: 1350/10000 | Train Loss: 1.477e+00 | Dynamic Loss: 1.477e+00 | Regularization Loss: 0.000e+00 | Val Loss: 2.272e+00 | Time: 5.26s
2025-08-18 18:54:21,741:INFO:New best model found at epoch 1350 with validation loss 2.272e+00. Saving...
2025-08-18 18:54:31,396:INFO:Epoch: 1400/10000 | Train Loss: 1.228e+00 | Dynamic Loss: 1.228e+00 | Regularization Loss: 0.000e+00 | Val Loss: 1.951e+00 | Time: 9.65s
2025-08-18 18:54:31,396:INFO:New best model found at epoch 1400 with validation loss 1.951e+00. Saving...
2025-08-18 18:54:36,760:INFO:Epoch: 1450/10000 | Train Loss: 1.111e+00 | Dynamic Loss: 1.111e+00 | Regularization Loss: 0.000e+00 | Val Loss: 1.739e+00 | Time: 5.36s
2025-08-18 18:54:36,760:INFO:New best model found at epoch 1450 with validation loss 1.739e+00. Saving...
2025-08-18 18:54:41,923:INFO:Epoch: 1500/10000 | Train Loss: 1.040e+00 | Dynamic Loss: 1.040e+00 | Regularization Loss: 0.000e+00 | Val Loss: 1.620e+00 | Time: 5.15s
2025-08-18 18:54:41,923:INFO:New best model found at epoch 1500 with validation loss 1.620e+00. Saving...
2025-08-18 18:54:53,449:INFO:Epoch: 1550/10000 | Train Loss: 8.965e-01 | Dynamic Loss: 8.965e-01 | Regularization Loss: 0.000e+00 | Val Loss: 1.511e+00 | Time: 11.52s
2025-08-18 18:54:53,449:INFO:New best model found at epoch 1550 with validation loss 1.511e+00. Saving...
2025-08-18 18:54:58,776:INFO:Epoch: 1600/10000 | Train Loss: 8.143e-01 | Dynamic Loss: 8.143e-01 | Regularization Loss: 0.000e+00 | Val Loss: 1.392e+00 | Time: 5.32s
2025-08-18 18:54:58,777:INFO:New best model found at epoch 1600 with validation loss 1.392e+00. Saving...
2025-08-18 18:55:04,030:INFO:Epoch: 1650/10000 | Train Loss: 7.421e-01 | Dynamic Loss: 7.421e-01 | Regularization Loss: 0.000e+00 | Val Loss: 1.334e+00 | Time: 5.24s
2025-08-18 18:55:04,030:INFO:New best model found at epoch 1650 with validation loss 1.334e+00. Saving...
2025-08-18 18:55:10,382:INFO:Epoch: 1700/10000 | Train Loss: 6.787e-01 | Dynamic Loss: 6.787e-01 | Regularization Loss: 0.000e+00 | Val Loss: 1.217e+00 | Time: 6.34s
2025-08-18 18:55:10,382:INFO:New best model found at epoch 1700 with validation loss 1.217e+00. Saving...
2025-08-18 18:55:15,682:INFO:Epoch: 1750/10000 | Train Loss: 6.331e-01 | Dynamic Loss: 6.331e-01 | Regularization Loss: 0.000e+00 | Val Loss: 1.184e+00 | Time: 5.29s
2025-08-18 18:55:15,682:INFO:New best model found at epoch 1750 with validation loss 1.184e+00. Saving...
2025-08-18 18:55:23,533:INFO:Epoch: 1800/10000 | Train Loss: 6.362e-01 | Dynamic Loss: 6.362e-01 | Regularization Loss: 0.000e+00 | Val Loss: 1.119e+00 | Time: 7.84s
2025-08-18 18:55:23,533:INFO:New best model found at epoch 1800 with validation loss 1.119e+00. Saving...
2025-08-18 18:55:28,832:INFO:Epoch: 1850/10000 | Train Loss: 5.944e-01 | Dynamic Loss: 5.944e-01 | Regularization Loss: 0.000e+00 | Val Loss: 1.089e+00 | Time: 5.29s
2025-08-18 18:55:28,832:INFO:New best model found at epoch 1850 with validation loss 1.089e+00. Saving...
2025-08-18 18:55:34,086:INFO:Epoch: 1900/10000 | Train Loss: 5.616e-01 | Dynamic Loss: 5.616e-01 | Regularization Loss: 0.000e+00 | Val Loss: 1.049e+00 | Time: 5.25s
2025-08-18 18:55:34,087:INFO:New best model found at epoch 1900 with validation loss 1.049e+00. Saving...
2025-08-18 18:55:39,646:INFO:Epoch: 1950/10000 | Train Loss: 6.355e-01 | Dynamic Loss: 6.355e-01 | Regularization Loss: 0.000e+00 | Val Loss: 1.148e+00 | Time: 5.55s
2025-08-18 18:55:45,019:INFO:Epoch: 2000/10000 | Train Loss: 5.249e-01 | Dynamic Loss: 5.249e-01 | Regularization Loss: 0.000e+00 | Val Loss: 1.063e+00 | Time: 5.37s
2025-08-18 18:55:50,315:INFO:Epoch: 2050/10000 | Train Loss: 4.941e-01 | Dynamic Loss: 4.941e-01 | Regularization Loss: 0.000e+00 | Val Loss: 9.781e-01 | Time: 5.30s
2025-08-18 18:55:50,315:INFO:New best model found at epoch 2050 with validation loss 9.781e-01. Saving...
2025-08-18 18:55:55,581:INFO:Epoch: 2100/10000 | Train Loss: 4.852e-01 | Dynamic Loss: 4.852e-01 | Regularization Loss: 0.000e+00 | Val Loss: 9.648e-01 | Time: 5.26s
2025-08-18 18:55:55,581:INFO:New best model found at epoch 2100 with validation loss 9.648e-01. Saving...
2025-08-18 18:56:00,830:INFO:Epoch: 2150/10000 | Train Loss: 4.879e-01 | Dynamic Loss: 4.879e-01 | Regularization Loss: 0.000e+00 | Val Loss: 1.009e+00 | Time: 5.24s
2025-08-18 18:56:06,199:INFO:Epoch: 2200/10000 | Train Loss: 4.499e-01 | Dynamic Loss: 4.499e-01 | Regularization Loss: 0.000e+00 | Val Loss: 9.479e-01 | Time: 5.37s
2025-08-18 18:56:06,199:INFO:New best model found at epoch 2200 with validation loss 9.479e-01. Saving...
2025-08-18 18:56:11,491:INFO:Epoch: 2250/10000 | Train Loss: 4.397e-01 | Dynamic Loss: 4.397e-01 | Regularization Loss: 0.000e+00 | Val Loss: 9.288e-01 | Time: 5.28s
2025-08-18 18:56:11,491:INFO:New best model found at epoch 2250 with validation loss 9.288e-01. Saving...
2025-08-18 18:56:16,828:INFO:Epoch: 2300/10000 | Train Loss: 4.418e-01 | Dynamic Loss: 4.418e-01 | Regularization Loss: 0.000e+00 | Val Loss: 9.610e-01 | Time: 5.33s
2025-08-18 18:56:27,470:INFO:Epoch: 2350/10000 | Train Loss: 4.331e-01 | Dynamic Loss: 4.331e-01 | Regularization Loss: 0.000e+00 | Val Loss: 9.469e-01 | Time: 10.64s
2025-08-18 18:56:32,787:INFO:Epoch: 2400/10000 | Train Loss: 4.090e-01 | Dynamic Loss: 4.090e-01 | Regularization Loss: 0.000e+00 | Val Loss: 9.202e-01 | Time: 5.32s
2025-08-18 18:56:32,787:INFO:New best model found at epoch 2400 with validation loss 9.202e-01. Saving...
2025-08-18 18:56:38,222:INFO:Epoch: 2450/10000 | Train Loss: 3.964e-01 | Dynamic Loss: 3.964e-01 | Regularization Loss: 0.000e+00 | Val Loss: 9.058e-01 | Time: 5.43s
2025-08-18 18:56:38,223:INFO:New best model found at epoch 2450 with validation loss 9.058e-01. Saving...
2025-08-18 18:56:50,245:INFO:Epoch: 2500/10000 | Train Loss: 3.883e-01 | Dynamic Loss: 3.883e-01 | Regularization Loss: 0.000e+00 | Val Loss: 8.851e-01 | Time: 12.01s
2025-08-18 18:56:50,245:INFO:New best model found at epoch 2500 with validation loss 8.851e-01. Saving...
2025-08-18 18:56:55,387:INFO:Epoch: 2550/10000 | Train Loss: 3.663e-01 | Dynamic Loss: 3.663e-01 | Regularization Loss: 0.000e+00 | Val Loss: 8.975e-01 | Time: 5.13s
2025-08-18 18:57:00,686:INFO:Epoch: 2600/10000 | Train Loss: 3.590e-01 | Dynamic Loss: 3.590e-01 | Regularization Loss: 0.000e+00 | Val Loss: 8.841e-01 | Time: 5.30s
2025-08-18 18:57:00,686:INFO:New best model found at epoch 2600 with validation loss 8.841e-01. Saving...
2025-08-18 18:57:06,007:INFO:Epoch: 2650/10000 | Train Loss: 3.507e-01 | Dynamic Loss: 3.507e-01 | Regularization Loss: 0.000e+00 | Val Loss: 8.770e-01 | Time: 5.31s
2025-08-18 18:57:06,007:INFO:New best model found at epoch 2650 with validation loss 8.770e-01. Saving...
2025-08-18 18:57:11,289:INFO:Epoch: 2700/10000 | Train Loss: 3.363e-01 | Dynamic Loss: 3.363e-01 | Regularization Loss: 0.000e+00 | Val Loss: 8.524e-01 | Time: 5.27s
2025-08-18 18:57:11,289:INFO:New best model found at epoch 2700 with validation loss 8.524e-01. Saving...
2025-08-18 18:57:16,474:INFO:Epoch: 2750/10000 | Train Loss: 3.258e-01 | Dynamic Loss: 3.258e-01 | Regularization Loss: 0.000e+00 | Val Loss: 8.579e-01 | Time: 5.18s
2025-08-18 18:57:21,581:INFO:Epoch: 2800/10000 | Train Loss: 4.403e-01 | Dynamic Loss: 4.403e-01 | Regularization Loss: 0.000e+00 | Val Loss: 8.795e-01 | Time: 5.11s
2025-08-18 18:57:27,028:INFO:Epoch: 2850/10000 | Train Loss: 3.137e-01 | Dynamic Loss: 3.137e-01 | Regularization Loss: 0.000e+00 | Val Loss: 8.807e-01 | Time: 5.45s
2025-08-18 18:57:33,145:INFO:Epoch: 2900/10000 | Train Loss: 3.463e-01 | Dynamic Loss: 3.463e-01 | Regularization Loss: 0.000e+00 | Val Loss: 8.402e-01 | Time: 6.12s
2025-08-18 18:57:33,146:INFO:New best model found at epoch 2900 with validation loss 8.402e-01. Saving...
2025-08-18 18:57:38,484:INFO:Epoch: 2950/10000 | Train Loss: 3.431e-01 | Dynamic Loss: 3.431e-01 | Regularization Loss: 0.000e+00 | Val Loss: 9.262e-01 | Time: 5.33s
2025-08-18 18:57:43,752:INFO:Epoch: 3000/10000 | Train Loss: 2.877e-01 | Dynamic Loss: 2.877e-01 | Regularization Loss: 0.000e+00 | Val Loss: 8.503e-01 | Time: 5.27s
2025-08-18 18:57:52,816:INFO:Epoch: 3050/10000 | Train Loss: 2.982e-01 | Dynamic Loss: 2.982e-01 | Regularization Loss: 0.000e+00 | Val Loss: 8.246e-01 | Time: 9.06s
2025-08-18 18:57:52,817:INFO:New best model found at epoch 3050 with validation loss 8.246e-01. Saving...
2025-08-18 18:57:58,222:INFO:Epoch: 3100/10000 | Train Loss: 2.806e-01 | Dynamic Loss: 2.806e-01 | Regularization Loss: 0.000e+00 | Val Loss: 7.910e-01 | Time: 5.40s
2025-08-18 18:57:58,222:INFO:New best model found at epoch 3100 with validation loss 7.910e-01. Saving...
2025-08-18 18:58:03,569:INFO:Epoch: 3150/10000 | Train Loss: 2.578e-01 | Dynamic Loss: 2.578e-01 | Regularization Loss: 0.000e+00 | Val Loss: 8.121e-01 | Time: 5.34s
2025-08-18 18:58:11,360:INFO:Epoch: 3200/10000 | Train Loss: 2.434e-01 | Dynamic Loss: 2.434e-01 | Regularization Loss: 0.000e+00 | Val Loss: 7.716e-01 | Time: 7.79s
2025-08-18 18:58:11,360:INFO:New best model found at epoch 3200 with validation loss 7.716e-01. Saving...
2025-08-18 18:58:16,642:INFO:Epoch: 3250/10000 | Train Loss: 2.377e-01 | Dynamic Loss: 2.377e-01 | Regularization Loss: 0.000e+00 | Val Loss: 7.989e-01 | Time: 5.27s
2025-08-18 18:58:21,927:INFO:Epoch: 3300/10000 | Train Loss: 2.293e-01 | Dynamic Loss: 2.293e-01 | Regularization Loss: 0.000e+00 | Val Loss: 7.802e-01 | Time: 5.28s
2025-08-18 18:58:32,341:INFO:Epoch: 3350/10000 | Train Loss: 2.284e-01 | Dynamic Loss: 2.284e-01 | Regularization Loss: 0.000e+00 | Val Loss: 7.695e-01 | Time: 10.41s
2025-08-18 18:58:32,341:INFO:New best model found at epoch 3350 with validation loss 7.695e-01. Saving...
2025-08-18 18:58:37,622:INFO:Epoch: 3400/10000 | Train Loss: 2.267e-01 | Dynamic Loss: 2.267e-01 | Regularization Loss: 0.000e+00 | Val Loss: 7.967e-01 | Time: 5.27s
2025-08-18 18:58:42,988:INFO:Epoch: 3450/10000 | Train Loss: 2.393e-01 | Dynamic Loss: 2.393e-01 | Regularization Loss: 0.000e+00 | Val Loss: 8.025e-01 | Time: 5.37s
2025-08-18 18:58:54,883:INFO:Epoch: 3500/10000 | Train Loss: 2.548e-01 | Dynamic Loss: 2.548e-01 | Regularization Loss: 0.000e+00 | Val Loss: 7.801e-01 | Time: 11.89s
2025-08-18 18:59:00,291:INFO:Epoch: 3550/10000 | Train Loss: 2.176e-01 | Dynamic Loss: 2.176e-01 | Regularization Loss: 0.000e+00 | Val Loss: 7.443e-01 | Time: 5.41s
2025-08-18 18:59:00,291:INFO:New best model found at epoch 3550 with validation loss 7.443e-01. Saving...
2025-08-18 18:59:05,984:INFO:Epoch: 3600/10000 | Train Loss: 2.015e-01 | Dynamic Loss: 2.015e-01 | Regularization Loss: 0.000e+00 | Val Loss: 7.806e-01 | Time: 5.68s
2025-08-18 18:59:11,346:INFO:Epoch: 3650/10000 | Train Loss: 1.772e-01 | Dynamic Loss: 1.772e-01 | Regularization Loss: 0.000e+00 | Val Loss: 7.280e-01 | Time: 5.36s
2025-08-18 18:59:11,346:INFO:New best model found at epoch 3650 with validation loss 7.280e-01. Saving...
2025-08-18 18:59:16,664:INFO:Epoch: 3700/10000 | Train Loss: 1.760e-01 | Dynamic Loss: 1.760e-01 | Regularization Loss: 0.000e+00 | Val Loss: 7.225e-01 | Time: 5.31s
2025-08-18 18:59:16,664:INFO:New best model found at epoch 3700 with validation loss 7.225e-01. Saving...
2025-08-18 18:59:22,044:INFO:Epoch: 3750/10000 | Train Loss: 1.678e-01 | Dynamic Loss: 1.678e-01 | Regularization Loss: 0.000e+00 | Val Loss: 7.205e-01 | Time: 5.37s
2025-08-18 18:59:22,044:INFO:New best model found at epoch 3750 with validation loss 7.205e-01. Saving...
2025-08-18 18:59:27,460:INFO:Epoch: 3800/10000 | Train Loss: 1.706e-01 | Dynamic Loss: 1.706e-01 | Regularization Loss: 0.000e+00 | Val Loss: 7.575e-01 | Time: 5.41s
2025-08-18 18:59:32,841:INFO:Epoch: 3850/10000 | Train Loss: 1.583e-01 | Dynamic Loss: 1.583e-01 | Regularization Loss: 0.000e+00 | Val Loss: 7.267e-01 | Time: 5.38s
2025-08-18 18:59:42,036:INFO:Epoch: 3900/10000 | Train Loss: 1.550e-01 | Dynamic Loss: 1.550e-01 | Regularization Loss: 0.000e+00 | Val Loss: 7.006e-01 | Time: 9.19s
2025-08-18 18:59:42,036:INFO:New best model found at epoch 3900 with validation loss 7.006e-01. Saving...
2025-08-18 18:59:47,364:INFO:Epoch: 3950/10000 | Train Loss: 1.559e-01 | Dynamic Loss: 1.559e-01 | Regularization Loss: 0.000e+00 | Val Loss: 7.097e-01 | Time: 5.32s
2025-08-18 18:59:52,708:INFO:Epoch: 4000/10000 | Train Loss: 1.410e-01 | Dynamic Loss: 1.410e-01 | Regularization Loss: 0.000e+00 | Val Loss: 6.727e-01 | Time: 5.34s
2025-08-18 18:59:52,708:INFO:New best model found at epoch 4000 with validation loss 6.727e-01. Saving...
2025-08-18 19:00:02,800:INFO:Epoch: 4050/10000 | Train Loss: 1.447e-01 | Dynamic Loss: 1.447e-01 | Regularization Loss: 0.000e+00 | Val Loss: 7.094e-01 | Time: 10.08s
2025-08-18 19:00:08,150:INFO:Epoch: 4100/10000 | Train Loss: 1.490e-01 | Dynamic Loss: 1.490e-01 | Regularization Loss: 0.000e+00 | Val Loss: 6.893e-01 | Time: 5.35s
2025-08-18 19:00:13,553:INFO:Epoch: 4150/10000 | Train Loss: 1.349e-01 | Dynamic Loss: 1.349e-01 | Regularization Loss: 0.000e+00 | Val Loss: 6.884e-01 | Time: 5.40s
2025-08-18 19:00:18,886:INFO:Epoch: 4200/10000 | Train Loss: 1.321e-01 | Dynamic Loss: 1.321e-01 | Regularization Loss: 0.000e+00 | Val Loss: 6.468e-01 | Time: 5.33s
2025-08-18 19:00:18,886:INFO:New best model found at epoch 4200 with validation loss 6.468e-01. Saving...
2025-08-18 19:00:24,208:INFO:Epoch: 4250/10000 | Train Loss: 1.268e-01 | Dynamic Loss: 1.268e-01 | Regularization Loss: 0.000e+00 | Val Loss: 6.476e-01 | Time: 5.31s
2025-08-18 19:00:33,778:INFO:Epoch: 4300/10000 | Train Loss: 1.264e-01 | Dynamic Loss: 1.264e-01 | Regularization Loss: 0.000e+00 | Val Loss: 6.457e-01 | Time: 9.57s
2025-08-18 19:00:33,778:INFO:New best model found at epoch 4300 with validation loss 6.457e-01. Saving...
2025-08-18 19:00:39,135:INFO:Epoch: 4350/10000 | Train Loss: 1.186e-01 | Dynamic Loss: 1.186e-01 | Regularization Loss: 0.000e+00 | Val Loss: 6.331e-01 | Time: 5.35s
2025-08-18 19:00:39,135:INFO:New best model found at epoch 4350 with validation loss 6.331e-01. Saving...
2025-08-18 19:00:44,559:INFO:Epoch: 4400/10000 | Train Loss: 1.248e-01 | Dynamic Loss: 1.248e-01 | Regularization Loss: 0.000e+00 | Val Loss: 6.334e-01 | Time: 5.42s
2025-08-18 19:00:49,911:INFO:Epoch: 4450/10000 | Train Loss: 1.130e-01 | Dynamic Loss: 1.130e-01 | Regularization Loss: 0.000e+00 | Val Loss: 6.147e-01 | Time: 5.35s
2025-08-18 19:00:49,911:INFO:New best model found at epoch 4450 with validation loss 6.147e-01. Saving...
2025-08-18 19:00:55,939:INFO:Epoch: 4500/10000 | Train Loss: 1.136e-01 | Dynamic Loss: 1.136e-01 | Regularization Loss: 0.000e+00 | Val Loss: 6.290e-01 | Time: 6.02s
2025-08-18 19:01:01,332:INFO:Epoch: 4550/10000 | Train Loss: 1.097e-01 | Dynamic Loss: 1.097e-01 | Regularization Loss: 0.000e+00 | Val Loss: 6.018e-01 | Time: 5.39s
2025-08-18 19:01:01,332:INFO:New best model found at epoch 4550 with validation loss 6.018e-01. Saving...
2025-08-18 19:01:06,784:INFO:Epoch: 4600/10000 | Train Loss: 1.045e-01 | Dynamic Loss: 1.045e-01 | Regularization Loss: 0.000e+00 | Val Loss: 6.104e-01 | Time: 5.44s
