2025-08-19 19:19:05,522:INFO:Created DataLoaders with 5994 training samples and 1998 validation samples.
2025-08-19 19:19:07,521:INFO:model params: 2314369
2025-08-19 19:19:28,792:INFO:Epoch: 0/10000 | Train Loss: 1.725e+01 | Dynamic Loss: 1.725e+01 | Regularization Loss: 0.000e+00 | Val Loss: 2.689e+00 | Time: 21.27s
2025-08-19 19:19:28,792:INFO:New best model found at epoch 0 with validation loss 2.689e+00. Saving...
2025-08-19 19:19:35,092:INFO:Epoch: 50/10000 | Train Loss: 1.941e+00 | Dynamic Loss: 1.941e+00 | Regularization Loss: 0.000e+00 | Val Loss: 1.978e+00 | Time: 6.25s
2025-08-19 19:19:35,092:INFO:New best model found at epoch 50 with validation loss 1.978e+00. Saving...
2025-08-19 19:19:41,367:INFO:Epoch: 100/10000 | Train Loss: 1.879e+00 | Dynamic Loss: 1.879e+00 | Regularization Loss: 0.000e+00 | Val Loss: 1.884e+00 | Time: 6.26s
2025-08-19 19:19:41,367:INFO:New best model found at epoch 100 with validation loss 1.884e+00. Saving...
2025-08-19 19:19:47,652:INFO:Epoch: 150/10000 | Train Loss: 1.811e+00 | Dynamic Loss: 1.811e+00 | Regularization Loss: 0.000e+00 | Val Loss: 1.797e+00 | Time: 6.27s
2025-08-19 19:19:47,653:INFO:New best model found at epoch 150 with validation loss 1.797e+00. Saving...
2025-08-19 19:19:54,001:INFO:Epoch: 200/10000 | Train Loss: 1.783e+00 | Dynamic Loss: 1.783e+00 | Regularization Loss: 0.000e+00 | Val Loss: 1.774e+00 | Time: 6.33s
2025-08-19 19:19:54,001:INFO:New best model found at epoch 200 with validation loss 1.774e+00. Saving...
2025-08-19 19:20:00,323:INFO:Epoch: 250/10000 | Train Loss: 1.721e+00 | Dynamic Loss: 1.721e+00 | Regularization Loss: 0.000e+00 | Val Loss: 1.743e+00 | Time: 6.31s
2025-08-19 19:20:00,323:INFO:New best model found at epoch 250 with validation loss 1.743e+00. Saving...
2025-08-19 19:20:06,719:INFO:Epoch: 300/10000 | Train Loss: 1.740e+00 | Dynamic Loss: 1.740e+00 | Regularization Loss: 0.000e+00 | Val Loss: 1.724e+00 | Time: 6.38s
2025-08-19 19:20:06,719:INFO:New best model found at epoch 300 with validation loss 1.724e+00. Saving...
2025-08-19 19:20:13,054:INFO:Epoch: 350/10000 | Train Loss: 1.664e+00 | Dynamic Loss: 1.664e+00 | Regularization Loss: 0.000e+00 | Val Loss: 1.680e+00 | Time: 6.32s
2025-08-19 19:20:13,054:INFO:New best model found at epoch 350 with validation loss 1.680e+00. Saving...
2025-08-19 19:20:19,328:INFO:Epoch: 400/10000 | Train Loss: 1.638e+00 | Dynamic Loss: 1.638e+00 | Regularization Loss: 0.000e+00 | Val Loss: 1.660e+00 | Time: 6.26s
2025-08-19 19:20:19,328:INFO:New best model found at epoch 400 with validation loss 1.660e+00. Saving...
2025-08-19 19:20:25,578:INFO:Epoch: 450/10000 | Train Loss: 1.685e+00 | Dynamic Loss: 1.685e+00 | Regularization Loss: 0.000e+00 | Val Loss: 1.671e+00 | Time: 6.24s
2025-08-19 19:20:31,936:INFO:Epoch: 500/10000 | Train Loss: 1.640e+00 | Dynamic Loss: 1.640e+00 | Regularization Loss: 0.000e+00 | Val Loss: 1.631e+00 | Time: 6.36s
2025-08-19 19:20:31,936:INFO:New best model found at epoch 500 with validation loss 1.631e+00. Saving...
2025-08-19 19:20:38,308:INFO:Epoch: 550/10000 | Train Loss: 1.619e+00 | Dynamic Loss: 1.619e+00 | Regularization Loss: 0.000e+00 | Val Loss: 1.620e+00 | Time: 6.36s
2025-08-19 19:20:38,308:INFO:New best model found at epoch 550 with validation loss 1.620e+00. Saving...
2025-08-19 19:20:44,586:INFO:Epoch: 600/10000 | Train Loss: 1.595e+00 | Dynamic Loss: 1.595e+00 | Regularization Loss: 0.000e+00 | Val Loss: 1.616e+00 | Time: 6.26s
2025-08-19 19:20:44,586:INFO:New best model found at epoch 600 with validation loss 1.616e+00. Saving...
2025-08-19 19:20:57,264:INFO:Epoch: 650/10000 | Train Loss: 1.752e+00 | Dynamic Loss: 1.752e+00 | Regularization Loss: 0.000e+00 | Val Loss: 1.739e+00 | Time: 12.66s
2025-08-19 19:21:03,562:INFO:Epoch: 700/10000 | Train Loss: 1.653e+00 | Dynamic Loss: 1.653e+00 | Regularization Loss: 0.000e+00 | Val Loss: 1.606e+00 | Time: 6.30s
2025-08-19 19:21:03,562:INFO:New best model found at epoch 700 with validation loss 1.606e+00. Saving...
2025-08-19 19:21:09,977:INFO:Epoch: 750/10000 | Train Loss: 1.621e+00 | Dynamic Loss: 1.621e+00 | Regularization Loss: 0.000e+00 | Val Loss: 1.573e+00 | Time: 6.40s
2025-08-19 19:21:09,977:INFO:New best model found at epoch 750 with validation loss 1.573e+00. Saving...
2025-08-19 19:21:22,509:INFO:Epoch: 800/10000 | Train Loss: 1.598e+00 | Dynamic Loss: 1.598e+00 | Regularization Loss: 0.000e+00 | Val Loss: 1.549e+00 | Time: 12.52s
2025-08-19 19:21:22,509:INFO:New best model found at epoch 800 with validation loss 1.549e+00. Saving...
2025-08-19 19:21:28,852:INFO:Epoch: 850/10000 | Train Loss: 1.556e+00 | Dynamic Loss: 1.556e+00 | Regularization Loss: 0.000e+00 | Val Loss: 1.523e+00 | Time: 6.32s
2025-08-19 19:21:28,853:INFO:New best model found at epoch 850 with validation loss 1.523e+00. Saving...
2025-08-19 19:21:35,226:INFO:Epoch: 900/10000 | Train Loss: 1.587e+00 | Dynamic Loss: 1.587e+00 | Regularization Loss: 0.000e+00 | Val Loss: 1.592e+00 | Time: 6.36s
2025-08-19 19:21:47,888:INFO:Epoch: 950/10000 | Train Loss: 1.656e+00 | Dynamic Loss: 1.656e+00 | Regularization Loss: 0.000e+00 | Val Loss: 1.559e+00 | Time: 12.66s
2025-08-19 19:21:54,280:INFO:Epoch: 1000/10000 | Train Loss: 1.490e+00 | Dynamic Loss: 1.490e+00 | Regularization Loss: 0.000e+00 | Val Loss: 1.469e+00 | Time: 6.39s
2025-08-19 19:21:54,280:INFO:New best model found at epoch 1000 with validation loss 1.469e+00. Saving...
2025-08-19 19:22:00,603:INFO:Epoch: 1050/10000 | Train Loss: 1.482e+00 | Dynamic Loss: 1.482e+00 | Regularization Loss: 0.000e+00 | Val Loss: 1.466e+00 | Time: 6.31s
2025-08-19 19:22:00,603:INFO:New best model found at epoch 1050 with validation loss 1.466e+00. Saving...
2025-08-19 19:22:13,302:INFO:Epoch: 1100/10000 | Train Loss: 1.447e+00 | Dynamic Loss: 1.447e+00 | Regularization Loss: 0.000e+00 | Val Loss: 1.437e+00 | Time: 12.68s
2025-08-19 19:22:13,302:INFO:New best model found at epoch 1100 with validation loss 1.437e+00. Saving...
2025-08-19 19:22:19,616:INFO:Epoch: 1150/10000 | Train Loss: 1.433e+00 | Dynamic Loss: 1.433e+00 | Regularization Loss: 0.000e+00 | Val Loss: 1.432e+00 | Time: 6.30s
2025-08-19 19:22:19,617:INFO:New best model found at epoch 1150 with validation loss 1.432e+00. Saving...
2025-08-19 19:22:26,017:INFO:Epoch: 1200/10000 | Train Loss: 1.418e+00 | Dynamic Loss: 1.418e+00 | Regularization Loss: 0.000e+00 | Val Loss: 1.423e+00 | Time: 6.38s
2025-08-19 19:22:26,017:INFO:New best model found at epoch 1200 with validation loss 1.423e+00. Saving...
2025-08-19 19:22:38,891:INFO:Epoch: 1250/10000 | Train Loss: 1.485e+00 | Dynamic Loss: 1.485e+00 | Regularization Loss: 0.000e+00 | Val Loss: 1.431e+00 | Time: 12.86s
2025-08-19 19:22:45,463:INFO:Epoch: 1300/10000 | Train Loss: 1.708e+00 | Dynamic Loss: 1.708e+00 | Regularization Loss: 0.000e+00 | Val Loss: 1.665e+00 | Time: 6.57s
2025-08-19 19:22:51,802:INFO:Epoch: 1350/10000 | Train Loss: 1.477e+00 | Dynamic Loss: 1.477e+00 | Regularization Loss: 0.000e+00 | Val Loss: 1.428e+00 | Time: 6.34s
2025-08-19 19:23:04,607:INFO:Epoch: 1400/10000 | Train Loss: 1.525e+00 | Dynamic Loss: 1.525e+00 | Regularization Loss: 0.000e+00 | Val Loss: 1.729e+00 | Time: 12.80s
2025-08-19 19:23:11,104:INFO:Epoch: 1450/10000 | Train Loss: 1.437e+00 | Dynamic Loss: 1.437e+00 | Regularization Loss: 0.000e+00 | Val Loss: 1.402e+00 | Time: 6.50s
2025-08-19 19:23:11,104:INFO:New best model found at epoch 1450 with validation loss 1.402e+00. Saving...
2025-08-19 19:23:17,534:INFO:Epoch: 1500/10000 | Train Loss: 1.438e+00 | Dynamic Loss: 1.438e+00 | Regularization Loss: 0.000e+00 | Val Loss: 1.402e+00 | Time: 6.42s
2025-08-19 19:23:17,534:INFO:New best model found at epoch 1500 with validation loss 1.402e+00. Saving...
2025-08-19 19:23:30,558:INFO:Epoch: 1550/10000 | Train Loss: 1.400e+00 | Dynamic Loss: 1.400e+00 | Regularization Loss: 0.000e+00 | Val Loss: 1.376e+00 | Time: 13.01s
2025-08-19 19:23:30,558:INFO:New best model found at epoch 1550 with validation loss 1.376e+00. Saving...
2025-08-19 19:23:36,970:INFO:Epoch: 1600/10000 | Train Loss: 1.365e+00 | Dynamic Loss: 1.365e+00 | Regularization Loss: 0.000e+00 | Val Loss: 1.353e+00 | Time: 6.40s
2025-08-19 19:23:36,970:INFO:New best model found at epoch 1600 with validation loss 1.353e+00. Saving...
2025-08-19 19:23:43,275:INFO:Epoch: 1650/10000 | Train Loss: 1.369e+00 | Dynamic Loss: 1.369e+00 | Regularization Loss: 0.000e+00 | Val Loss: 1.358e+00 | Time: 6.29s
2025-08-19 19:23:56,461:INFO:Epoch: 1700/10000 | Train Loss: 1.364e+00 | Dynamic Loss: 1.364e+00 | Regularization Loss: 0.000e+00 | Val Loss: 1.340e+00 | Time: 13.19s
2025-08-19 19:23:56,462:INFO:New best model found at epoch 1700 with validation loss 1.340e+00. Saving...
2025-08-19 19:24:02,972:INFO:Epoch: 1750/10000 | Train Loss: 1.410e+00 | Dynamic Loss: 1.410e+00 | Regularization Loss: 0.000e+00 | Val Loss: 1.367e+00 | Time: 6.49s
2025-08-19 19:24:09,353:INFO:Epoch: 1800/10000 | Train Loss: 1.344e+00 | Dynamic Loss: 1.344e+00 | Regularization Loss: 0.000e+00 | Val Loss: 1.321e+00 | Time: 6.38s
2025-08-19 19:24:09,354:INFO:New best model found at epoch 1800 with validation loss 1.321e+00. Saving...
2025-08-19 19:24:22,476:INFO:Epoch: 1850/10000 | Train Loss: 1.317e+00 | Dynamic Loss: 1.317e+00 | Regularization Loss: 0.000e+00 | Val Loss: 1.309e+00 | Time: 13.11s
2025-08-19 19:24:22,476:INFO:New best model found at epoch 1850 with validation loss 1.309e+00. Saving...
2025-08-19 19:24:28,904:INFO:Epoch: 1900/10000 | Train Loss: 1.312e+00 | Dynamic Loss: 1.312e+00 | Regularization Loss: 0.000e+00 | Val Loss: 1.313e+00 | Time: 6.41s
2025-08-19 19:24:35,324:INFO:Epoch: 1950/10000 | Train Loss: 1.293e+00 | Dynamic Loss: 1.293e+00 | Regularization Loss: 0.000e+00 | Val Loss: 1.287e+00 | Time: 6.42s
2025-08-19 19:24:35,324:INFO:New best model found at epoch 1950 with validation loss 1.287e+00. Saving...
2025-08-19 19:24:48,365:INFO:Epoch: 2000/10000 | Train Loss: 1.286e+00 | Dynamic Loss: 1.286e+00 | Regularization Loss: 0.000e+00 | Val Loss: 1.278e+00 | Time: 13.02s
2025-08-19 19:24:48,365:INFO:New best model found at epoch 2000 with validation loss 1.278e+00. Saving...
2025-08-19 19:24:54,897:INFO:Epoch: 2050/10000 | Train Loss: 1.270e+00 | Dynamic Loss: 1.270e+00 | Regularization Loss: 0.000e+00 | Val Loss: 1.266e+00 | Time: 6.52s
2025-08-19 19:24:54,897:INFO:New best model found at epoch 2050 with validation loss 1.266e+00. Saving...
2025-08-19 19:25:01,336:INFO:Epoch: 2100/10000 | Train Loss: 1.265e+00 | Dynamic Loss: 1.265e+00 | Regularization Loss: 0.000e+00 | Val Loss: 1.258e+00 | Time: 6.42s
2025-08-19 19:25:01,336:INFO:New best model found at epoch 2100 with validation loss 1.258e+00. Saving...
2025-08-19 19:25:14,262:INFO:Epoch: 2150/10000 | Train Loss: 1.261e+00 | Dynamic Loss: 1.261e+00 | Regularization Loss: 0.000e+00 | Val Loss: 1.252e+00 | Time: 12.91s
2025-08-19 19:25:14,262:INFO:New best model found at epoch 2150 with validation loss 1.252e+00. Saving...
2025-08-19 19:25:20,760:INFO:Epoch: 2200/10000 | Train Loss: 1.243e+00 | Dynamic Loss: 1.243e+00 | Regularization Loss: 0.000e+00 | Val Loss: 1.236e+00 | Time: 6.48s
2025-08-19 19:25:20,760:INFO:New best model found at epoch 2200 with validation loss 1.236e+00. Saving...
2025-08-19 19:25:27,231:INFO:Epoch: 2250/10000 | Train Loss: 1.390e+00 | Dynamic Loss: 1.390e+00 | Regularization Loss: 0.000e+00 | Val Loss: 1.400e+00 | Time: 6.45s
2025-08-19 19:25:40,294:INFO:Epoch: 2300/10000 | Train Loss: 1.228e+00 | Dynamic Loss: 1.228e+00 | Regularization Loss: 0.000e+00 | Val Loss: 1.221e+00 | Time: 13.06s
2025-08-19 19:25:40,294:INFO:New best model found at epoch 2300 with validation loss 1.221e+00. Saving...
2025-08-19 19:25:46,833:INFO:Epoch: 2350/10000 | Train Loss: 1.465e+00 | Dynamic Loss: 1.465e+00 | Regularization Loss: 0.000e+00 | Val Loss: 1.391e+00 | Time: 6.52s
2025-08-19 19:25:53,243:INFO:Epoch: 2400/10000 | Train Loss: 1.388e+00 | Dynamic Loss: 1.388e+00 | Regularization Loss: 0.000e+00 | Val Loss: 1.319e+00 | Time: 6.41s
2025-08-19 19:26:06,154:INFO:Epoch: 2450/10000 | Train Loss: 1.341e+00 | Dynamic Loss: 1.341e+00 | Regularization Loss: 0.000e+00 | Val Loss: 1.293e+00 | Time: 12.91s
2025-08-19 19:26:12,578:INFO:Epoch: 2500/10000 | Train Loss: 1.288e+00 | Dynamic Loss: 1.288e+00 | Regularization Loss: 0.000e+00 | Val Loss: 1.261e+00 | Time: 6.42s
2025-08-19 19:26:19,021:INFO:Epoch: 2550/10000 | Train Loss: 1.282e+00 | Dynamic Loss: 1.282e+00 | Regularization Loss: 0.000e+00 | Val Loss: 1.257e+00 | Time: 6.44s
2025-08-19 19:26:31,859:INFO:Epoch: 2600/10000 | Train Loss: 1.248e+00 | Dynamic Loss: 1.248e+00 | Regularization Loss: 0.000e+00 | Val Loss: 1.240e+00 | Time: 12.84s
2025-08-19 19:26:38,299:INFO:Epoch: 2650/10000 | Train Loss: 1.244e+00 | Dynamic Loss: 1.244e+00 | Regularization Loss: 0.000e+00 | Val Loss: 1.248e+00 | Time: 6.44s
2025-08-19 19:26:44,731:INFO:Epoch: 2700/10000 | Train Loss: 1.219e+00 | Dynamic Loss: 1.219e+00 | Regularization Loss: 0.000e+00 | Val Loss: 1.210e+00 | Time: 6.43s
2025-08-19 19:26:44,731:INFO:New best model found at epoch 2700 with validation loss 1.210e+00. Saving...
2025-08-19 19:26:57,694:INFO:Epoch: 2750/10000 | Train Loss: 1.217e+00 | Dynamic Loss: 1.217e+00 | Regularization Loss: 0.000e+00 | Val Loss: 1.215e+00 | Time: 12.95s
2025-08-19 19:27:04,273:INFO:Epoch: 2800/10000 | Train Loss: 1.226e+00 | Dynamic Loss: 1.226e+00 | Regularization Loss: 0.000e+00 | Val Loss: 1.209e+00 | Time: 6.58s
2025-08-19 19:27:04,273:INFO:New best model found at epoch 2800 with validation loss 1.209e+00. Saving...
2025-08-19 19:27:10,755:INFO:Epoch: 2850/10000 | Train Loss: 1.195e+00 | Dynamic Loss: 1.195e+00 | Regularization Loss: 0.000e+00 | Val Loss: 1.191e+00 | Time: 6.47s
2025-08-19 19:27:10,756:INFO:New best model found at epoch 2850 with validation loss 1.191e+00. Saving...
2025-08-19 19:27:23,592:INFO:Epoch: 2900/10000 | Train Loss: 1.201e+00 | Dynamic Loss: 1.201e+00 | Regularization Loss: 0.000e+00 | Val Loss: 1.198e+00 | Time: 12.82s
2025-08-19 19:27:30,018:INFO:Epoch: 2950/10000 | Train Loss: 1.429e+00 | Dynamic Loss: 1.429e+00 | Regularization Loss: 0.000e+00 | Val Loss: 1.195e+00 | Time: 6.43s
2025-08-19 19:27:36,471:INFO:Epoch: 3000/10000 | Train Loss: 1.177e+00 | Dynamic Loss: 1.177e+00 | Regularization Loss: 0.000e+00 | Val Loss: 1.174e+00 | Time: 6.45s
2025-08-19 19:27:36,471:INFO:New best model found at epoch 3000 with validation loss 1.174e+00. Saving...
2025-08-19 19:27:49,577:INFO:Epoch: 3050/10000 | Train Loss: 1.209e+00 | Dynamic Loss: 1.209e+00 | Regularization Loss: 0.000e+00 | Val Loss: 1.183e+00 | Time: 13.09s
2025-08-19 19:27:56,147:INFO:Epoch: 3100/10000 | Train Loss: 1.161e+00 | Dynamic Loss: 1.161e+00 | Regularization Loss: 0.000e+00 | Val Loss: 1.159e+00 | Time: 6.57s
2025-08-19 19:27:56,147:INFO:New best model found at epoch 3100 with validation loss 1.159e+00. Saving...
2025-08-19 19:28:02,565:INFO:Epoch: 3150/10000 | Train Loss: 1.159e+00 | Dynamic Loss: 1.159e+00 | Regularization Loss: 0.000e+00 | Val Loss: 1.156e+00 | Time: 6.40s
2025-08-19 19:28:02,565:INFO:New best model found at epoch 3150 with validation loss 1.156e+00. Saving...
2025-08-19 19:28:15,814:INFO:Epoch: 3200/10000 | Train Loss: 1.172e+00 | Dynamic Loss: 1.172e+00 | Regularization Loss: 0.000e+00 | Val Loss: 1.179e+00 | Time: 13.23s
2025-08-19 19:28:22,308:INFO:Epoch: 3250/10000 | Train Loss: 1.173e+00 | Dynamic Loss: 1.173e+00 | Regularization Loss: 0.000e+00 | Val Loss: 1.156e+00 | Time: 6.49s
2025-08-19 19:28:22,308:INFO:New best model found at epoch 3250 with validation loss 1.156e+00. Saving...
2025-08-19 19:28:28,801:INFO:Epoch: 3300/10000 | Train Loss: 1.143e+00 | Dynamic Loss: 1.143e+00 | Regularization Loss: 0.000e+00 | Val Loss: 1.140e+00 | Time: 6.48s
2025-08-19 19:28:28,802:INFO:New best model found at epoch 3300 with validation loss 1.140e+00. Saving...
2025-08-19 19:28:41,888:INFO:Epoch: 3350/10000 | Train Loss: 1.369e+00 | Dynamic Loss: 1.369e+00 | Regularization Loss: 0.000e+00 | Val Loss: 1.503e+00 | Time: 13.07s
2025-08-19 19:28:48,358:INFO:Epoch: 3400/10000 | Train Loss: 1.257e+00 | Dynamic Loss: 1.257e+00 | Regularization Loss: 0.000e+00 | Val Loss: 1.249e+00 | Time: 6.47s
2025-08-19 19:28:54,809:INFO:Epoch: 3450/10000 | Train Loss: 1.195e+00 | Dynamic Loss: 1.195e+00 | Regularization Loss: 0.000e+00 | Val Loss: 1.156e+00 | Time: 6.45s
2025-08-19 19:29:07,950:INFO:Epoch: 3500/10000 | Train Loss: 1.135e+00 | Dynamic Loss: 1.135e+00 | Regularization Loss: 0.000e+00 | Val Loss: 1.135e+00 | Time: 13.14s
2025-08-19 19:29:07,950:INFO:New best model found at epoch 3500 with validation loss 1.135e+00. Saving...
2025-08-19 19:29:14,406:INFO:Epoch: 3550/10000 | Train Loss: 1.120e+00 | Dynamic Loss: 1.120e+00 | Regularization Loss: 0.000e+00 | Val Loss: 1.122e+00 | Time: 6.44s
2025-08-19 19:29:14,406:INFO:New best model found at epoch 3550 with validation loss 1.122e+00. Saving...
2025-08-19 19:29:20,988:INFO:Epoch: 3600/10000 | Train Loss: 1.204e+00 | Dynamic Loss: 1.204e+00 | Regularization Loss: 0.000e+00 | Val Loss: 1.299e+00 | Time: 6.57s
2025-08-19 19:29:27,475:INFO:Epoch: 3650/10000 | Train Loss: 1.139e+00 | Dynamic Loss: 1.139e+00 | Regularization Loss: 0.000e+00 | Val Loss: 1.133e+00 | Time: 6.49s
2025-08-19 19:29:33,863:INFO:Epoch: 3700/10000 | Train Loss: 1.119e+00 | Dynamic Loss: 1.119e+00 | Regularization Loss: 0.000e+00 | Val Loss: 1.134e+00 | Time: 6.39s
2025-08-19 19:29:40,318:INFO:Epoch: 3750/10000 | Train Loss: 1.090e+00 | Dynamic Loss: 1.090e+00 | Regularization Loss: 0.000e+00 | Val Loss: 1.094e+00 | Time: 6.45s
2025-08-19 19:29:40,319:INFO:New best model found at epoch 3750 with validation loss 1.094e+00. Saving...
2025-08-19 19:29:46,747:INFO:Epoch: 3800/10000 | Train Loss: 1.089e+00 | Dynamic Loss: 1.089e+00 | Regularization Loss: 0.000e+00 | Val Loss: 1.092e+00 | Time: 6.41s
2025-08-19 19:29:46,748:INFO:New best model found at epoch 3800 with validation loss 1.092e+00. Saving...
2025-08-19 19:29:53,270:INFO:Epoch: 3850/10000 | Train Loss: 1.084e+00 | Dynamic Loss: 1.084e+00 | Regularization Loss: 0.000e+00 | Val Loss: 1.097e+00 | Time: 6.51s
2025-08-19 19:30:06,183:INFO:Epoch: 3900/10000 | Train Loss: 1.077e+00 | Dynamic Loss: 1.077e+00 | Regularization Loss: 0.000e+00 | Val Loss: 1.082e+00 | Time: 12.91s
2025-08-19 19:30:06,183:INFO:New best model found at epoch 3900 with validation loss 1.082e+00. Saving...
2025-08-19 19:30:12,630:INFO:Epoch: 3950/10000 | Train Loss: 1.132e+00 | Dynamic Loss: 1.132e+00 | Regularization Loss: 0.000e+00 | Val Loss: 1.163e+00 | Time: 6.43s
2025-08-19 19:30:19,065:INFO:Epoch: 4000/10000 | Train Loss: 1.065e+00 | Dynamic Loss: 1.065e+00 | Regularization Loss: 0.000e+00 | Val Loss: 1.070e+00 | Time: 6.43s
2025-08-19 19:30:19,066:INFO:New best model found at epoch 4000 with validation loss 1.070e+00. Saving...
2025-08-19 19:30:31,770:INFO:Epoch: 4050/10000 | Train Loss: 1.130e+00 | Dynamic Loss: 1.130e+00 | Regularization Loss: 0.000e+00 | Val Loss: 1.114e+00 | Time: 12.69s
2025-08-19 19:30:38,206:INFO:Epoch: 4100/10000 | Train Loss: 1.068e+00 | Dynamic Loss: 1.068e+00 | Regularization Loss: 0.000e+00 | Val Loss: 1.077e+00 | Time: 6.44s
2025-08-19 19:30:44,755:INFO:Epoch: 4150/10000 | Train Loss: 1.045e+00 | Dynamic Loss: 1.045e+00 | Regularization Loss: 0.000e+00 | Val Loss: 1.049e+00 | Time: 6.55s
2025-08-19 19:30:44,755:INFO:New best model found at epoch 4150 with validation loss 1.049e+00. Saving...
2025-08-19 19:30:51,189:INFO:Epoch: 4200/10000 | Train Loss: 1.052e+00 | Dynamic Loss: 1.052e+00 | Regularization Loss: 0.000e+00 | Val Loss: 1.064e+00 | Time: 6.42s
2025-08-19 19:30:57,561:INFO:Epoch: 4250/10000 | Train Loss: 1.034e+00 | Dynamic Loss: 1.034e+00 | Regularization Loss: 0.000e+00 | Val Loss: 1.043e+00 | Time: 6.37s
2025-08-19 19:30:57,562:INFO:New best model found at epoch 4250 with validation loss 1.043e+00. Saving...
2025-08-19 19:31:04,077:INFO:Epoch: 4300/10000 | Train Loss: 1.032e+00 | Dynamic Loss: 1.032e+00 | Regularization Loss: 0.000e+00 | Val Loss: 1.040e+00 | Time: 6.50s
2025-08-19 19:31:04,077:INFO:New best model found at epoch 4300 with validation loss 1.040e+00. Saving...
2025-08-19 19:31:10,522:INFO:Epoch: 4350/10000 | Train Loss: 1.029e+00 | Dynamic Loss: 1.029e+00 | Regularization Loss: 0.000e+00 | Val Loss: 1.039e+00 | Time: 6.43s
2025-08-19 19:31:10,522:INFO:New best model found at epoch 4350 with validation loss 1.039e+00. Saving...
2025-08-19 19:31:16,985:INFO:Epoch: 4400/10000 | Train Loss: 1.021e+00 | Dynamic Loss: 1.021e+00 | Regularization Loss: 0.000e+00 | Val Loss: 1.034e+00 | Time: 6.45s
2025-08-19 19:31:16,985:INFO:New best model found at epoch 4400 with validation loss 1.034e+00. Saving...
2025-08-19 19:31:23,460:INFO:Epoch: 4450/10000 | Train Loss: 1.012e+00 | Dynamic Loss: 1.012e+00 | Regularization Loss: 0.000e+00 | Val Loss: 1.021e+00 | Time: 6.46s
2025-08-19 19:31:23,460:INFO:New best model found at epoch 4450 with validation loss 1.021e+00. Saving...
2025-08-19 19:31:29,911:INFO:Epoch: 4500/10000 | Train Loss: 1.008e+00 | Dynamic Loss: 1.008e+00 | Regularization Loss: 0.000e+00 | Val Loss: 1.018e+00 | Time: 6.44s
2025-08-19 19:31:29,911:INFO:New best model found at epoch 4500 with validation loss 1.018e+00. Saving...
2025-08-19 19:31:36,326:INFO:Epoch: 4550/10000 | Train Loss: 1.075e+00 | Dynamic Loss: 1.075e+00 | Regularization Loss: 0.000e+00 | Val Loss: 1.066e+00 | Time: 6.40s
2025-08-19 19:31:42,782:INFO:Epoch: 4600/10000 | Train Loss: 1.023e+00 | Dynamic Loss: 1.023e+00 | Regularization Loss: 0.000e+00 | Val Loss: 1.015e+00 | Time: 6.46s
2025-08-19 19:31:42,783:INFO:New best model found at epoch 4600 with validation loss 1.015e+00. Saving...
2025-08-19 19:31:49,232:INFO:Epoch: 4650/10000 | Train Loss: 1.007e+00 | Dynamic Loss: 1.007e+00 | Regularization Loss: 0.000e+00 | Val Loss: 1.003e+00 | Time: 6.43s
2025-08-19 19:31:49,232:INFO:New best model found at epoch 4650 with validation loss 1.003e+00. Saving...
2025-08-19 19:31:55,716:INFO:Epoch: 4700/10000 | Train Loss: 1.001e+00 | Dynamic Loss: 1.001e+00 | Regularization Loss: 0.000e+00 | Val Loss: 9.987e-01 | Time: 6.47s
2025-08-19 19:31:55,716:INFO:New best model found at epoch 4700 with validation loss 9.987e-01. Saving...
2025-08-19 19:32:08,725:INFO:Epoch: 4750/10000 | Train Loss: 9.984e-01 | Dynamic Loss: 9.984e-01 | Regularization Loss: 0.000e+00 | Val Loss: 9.961e-01 | Time: 12.99s
2025-08-19 19:32:08,725:INFO:New best model found at epoch 4750 with validation loss 9.961e-01. Saving...
2025-08-19 19:32:15,316:INFO:Epoch: 4800/10000 | Train Loss: 9.913e-01 | Dynamic Loss: 9.913e-01 | Regularization Loss: 0.000e+00 | Val Loss: 9.932e-01 | Time: 6.57s
2025-08-19 19:32:15,316:INFO:New best model found at epoch 4800 with validation loss 9.932e-01. Saving...
2025-08-19 19:32:21,784:INFO:Epoch: 4850/10000 | Train Loss: 1.004e+00 | Dynamic Loss: 1.004e+00 | Regularization Loss: 0.000e+00 | Val Loss: 1.000e+00 | Time: 6.45s
2025-08-19 19:32:34,956:INFO:Epoch: 4900/10000 | Train Loss: 9.794e-01 | Dynamic Loss: 9.794e-01 | Regularization Loss: 0.000e+00 | Val Loss: 9.812e-01 | Time: 13.17s
2025-08-19 19:32:34,956:INFO:New best model found at epoch 4900 with validation loss 9.812e-01. Saving...
2025-08-19 19:32:41,481:INFO:Epoch: 4950/10000 | Train Loss: 1.657e+00 | Dynamic Loss: 1.657e+00 | Regularization Loss: 0.000e+00 | Val Loss: 1.295e+00 | Time: 6.51s
2025-08-19 19:32:48,019:INFO:Epoch: 5000/10000 | Train Loss: 1.052e+00 | Dynamic Loss: 1.052e+00 | Regularization Loss: 0.000e+00 | Val Loss: 1.144e+00 | Time: 6.54s
2025-08-19 19:32:54,500:INFO:Epoch: 5050/10000 | Train Loss: 9.714e-01 | Dynamic Loss: 9.714e-01 | Regularization Loss: 0.000e+00 | Val Loss: 9.715e-01 | Time: 6.48s
2025-08-19 19:32:54,500:INFO:New best model found at epoch 5050 with validation loss 9.715e-01. Saving...
2025-08-19 19:33:00,998:INFO:Epoch: 5100/10000 | Train Loss: 9.661e-01 | Dynamic Loss: 9.661e-01 | Regularization Loss: 0.000e+00 | Val Loss: 9.711e-01 | Time: 6.48s
2025-08-19 19:33:00,998:INFO:New best model found at epoch 5100 with validation loss 9.711e-01. Saving...
2025-08-19 19:33:07,530:INFO:Epoch: 5150/10000 | Train Loss: 9.815e-01 | Dynamic Loss: 9.815e-01 | Regularization Loss: 0.000e+00 | Val Loss: 9.854e-01 | Time: 6.52s
2025-08-19 19:33:14,011:INFO:Epoch: 5200/10000 | Train Loss: 9.458e-01 | Dynamic Loss: 9.458e-01 | Regularization Loss: 0.000e+00 | Val Loss: 9.441e-01 | Time: 6.48s
2025-08-19 19:33:14,012:INFO:New best model found at epoch 5200 with validation loss 9.441e-01. Saving...
2025-08-19 19:33:20,489:INFO:Epoch: 5250/10000 | Train Loss: 9.478e-01 | Dynamic Loss: 9.478e-01 | Regularization Loss: 0.000e+00 | Val Loss: 9.452e-01 | Time: 6.46s
2025-08-19 19:33:32,716:INFO:Epoch: 5300/10000 | Train Loss: 9.606e-01 | Dynamic Loss: 9.606e-01 | Regularization Loss: 0.000e+00 | Val Loss: 9.635e-01 | Time: 12.23s
2025-08-19 19:33:39,168:INFO:Epoch: 5350/10000 | Train Loss: 1.043e+00 | Dynamic Loss: 1.043e+00 | Regularization Loss: 0.000e+00 | Val Loss: 1.024e+00 | Time: 6.45s
2025-08-19 19:33:45,580:INFO:Epoch: 5400/10000 | Train Loss: 9.423e-01 | Dynamic Loss: 9.423e-01 | Regularization Loss: 0.000e+00 | Val Loss: 9.420e-01 | Time: 6.41s
2025-08-19 19:33:45,580:INFO:New best model found at epoch 5400 with validation loss 9.420e-01. Saving...
2025-08-19 19:33:58,779:INFO:Epoch: 5450/10000 | Train Loss: 9.961e-01 | Dynamic Loss: 9.961e-01 | Regularization Loss: 0.000e+00 | Val Loss: 9.892e-01 | Time: 13.18s
2025-08-19 19:34:05,344:INFO:Epoch: 5500/10000 | Train Loss: 9.358e-01 | Dynamic Loss: 9.358e-01 | Regularization Loss: 0.000e+00 | Val Loss: 1.029e+00 | Time: 6.56s
2025-08-19 19:34:11,799:INFO:Epoch: 5550/10000 | Train Loss: 9.520e-01 | Dynamic Loss: 9.520e-01 | Regularization Loss: 0.000e+00 | Val Loss: 9.446e-01 | Time: 6.46s
2025-08-19 19:34:24,990:INFO:Epoch: 5600/10000 | Train Loss: 9.493e-01 | Dynamic Loss: 9.493e-01 | Regularization Loss: 0.000e+00 | Val Loss: 9.581e-01 | Time: 13.19s
2025-08-19 19:34:31,414:INFO:Epoch: 5650/10000 | Train Loss: 8.981e-01 | Dynamic Loss: 8.981e-01 | Regularization Loss: 0.000e+00 | Val Loss: 8.971e-01 | Time: 6.42s
2025-08-19 19:34:31,414:INFO:New best model found at epoch 5650 with validation loss 8.971e-01. Saving...
2025-08-19 19:34:37,821:INFO:Epoch: 5700/10000 | Train Loss: 1.049e+00 | Dynamic Loss: 1.049e+00 | Regularization Loss: 0.000e+00 | Val Loss: 1.054e+00 | Time: 6.39s
2025-08-19 19:34:50,823:INFO:Epoch: 5750/10000 | Train Loss: 1.658e+00 | Dynamic Loss: 1.658e+00 | Regularization Loss: 0.000e+00 | Val Loss: 1.545e+00 | Time: 13.00s
2025-08-19 19:34:57,303:INFO:Epoch: 5800/10000 | Train Loss: 8.894e-01 | Dynamic Loss: 8.894e-01 | Regularization Loss: 0.000e+00 | Val Loss: 8.870e-01 | Time: 6.48s
2025-08-19 19:34:57,303:INFO:New best model found at epoch 5800 with validation loss 8.870e-01. Saving...
2025-08-19 19:35:03,799:INFO:Epoch: 5850/10000 | Train Loss: 8.870e-01 | Dynamic Loss: 8.870e-01 | Regularization Loss: 0.000e+00 | Val Loss: 8.920e-01 | Time: 6.48s
2025-08-19 19:35:10,316:INFO:Epoch: 5900/10000 | Train Loss: 8.795e-01 | Dynamic Loss: 8.795e-01 | Regularization Loss: 0.000e+00 | Val Loss: 8.896e-01 | Time: 6.52s
2025-08-19 19:35:16,740:INFO:Epoch: 5950/10000 | Train Loss: 9.237e-01 | Dynamic Loss: 9.237e-01 | Regularization Loss: 0.000e+00 | Val Loss: 9.181e-01 | Time: 6.42s
2025-08-19 19:35:23,293:INFO:Epoch: 6000/10000 | Train Loss: 8.912e-01 | Dynamic Loss: 8.912e-01 | Regularization Loss: 0.000e+00 | Val Loss: 8.981e-01 | Time: 6.55s
2025-08-19 19:35:29,804:INFO:Epoch: 6050/10000 | Train Loss: 8.438e-01 | Dynamic Loss: 8.438e-01 | Regularization Loss: 0.000e+00 | Val Loss: 8.532e-01 | Time: 6.51s
2025-08-19 19:35:29,804:INFO:New best model found at epoch 6050 with validation loss 8.532e-01. Saving...
2025-08-19 19:35:36,299:INFO:Epoch: 6100/10000 | Train Loss: 8.758e-01 | Dynamic Loss: 8.758e-01 | Regularization Loss: 0.000e+00 | Val Loss: 8.648e-01 | Time: 6.48s
2025-08-19 19:35:48,893:INFO:Epoch: 6150/10000 | Train Loss: 8.436e-01 | Dynamic Loss: 8.436e-01 | Regularization Loss: 0.000e+00 | Val Loss: 8.505e-01 | Time: 12.59s
2025-08-19 19:35:48,893:INFO:New best model found at epoch 6150 with validation loss 8.505e-01. Saving...
2025-08-19 19:35:55,368:INFO:Epoch: 6200/10000 | Train Loss: 1.126e+00 | Dynamic Loss: 1.126e+00 | Regularization Loss: 0.000e+00 | Val Loss: 1.142e+00 | Time: 6.46s
2025-08-19 19:36:01,793:INFO:Epoch: 6250/10000 | Train Loss: 8.259e-01 | Dynamic Loss: 8.259e-01 | Regularization Loss: 0.000e+00 | Val Loss: 8.288e-01 | Time: 6.43s
2025-08-19 19:36:01,793:INFO:New best model found at epoch 6250 with validation loss 8.288e-01. Saving...
2025-08-19 19:36:14,890:INFO:Epoch: 6300/10000 | Train Loss: 8.677e-01 | Dynamic Loss: 8.677e-01 | Regularization Loss: 0.000e+00 | Val Loss: 8.809e-01 | Time: 13.08s
2025-08-19 19:36:21,427:INFO:Epoch: 6350/10000 | Train Loss: 8.490e-01 | Dynamic Loss: 8.490e-01 | Regularization Loss: 0.000e+00 | Val Loss: 8.502e-01 | Time: 6.54s
2025-08-19 19:36:27,842:INFO:Epoch: 6400/10000 | Train Loss: 8.150e-01 | Dynamic Loss: 8.150e-01 | Regularization Loss: 0.000e+00 | Val Loss: 8.251e-01 | Time: 6.41s
2025-08-19 19:36:27,842:INFO:New best model found at epoch 6400 with validation loss 8.251e-01. Saving...
2025-08-19 19:36:35,454:INFO:Epoch: 6450/10000 | Train Loss: 8.896e-01 | Dynamic Loss: 8.896e-01 | Regularization Loss: 0.000e+00 | Val Loss: 8.972e-01 | Time: 7.59s
2025-08-19 19:36:41,920:INFO:Epoch: 6500/10000 | Train Loss: 8.045e-01 | Dynamic Loss: 8.045e-01 | Regularization Loss: 0.000e+00 | Val Loss: 8.082e-01 | Time: 6.47s
2025-08-19 19:36:41,920:INFO:New best model found at epoch 6500 with validation loss 8.082e-01. Saving...
2025-08-19 19:36:48,393:INFO:Epoch: 6550/10000 | Train Loss: 8.373e-01 | Dynamic Loss: 8.373e-01 | Regularization Loss: 0.000e+00 | Val Loss: 8.458e-01 | Time: 6.46s
2025-08-19 19:37:01,745:INFO:Epoch: 6600/10000 | Train Loss: 7.918e-01 | Dynamic Loss: 7.918e-01 | Regularization Loss: 0.000e+00 | Val Loss: 7.994e-01 | Time: 13.35s
2025-08-19 19:37:01,745:INFO:New best model found at epoch 6600 with validation loss 7.994e-01. Saving...
2025-08-19 19:37:08,268:INFO:Epoch: 6650/10000 | Train Loss: 8.785e-01 | Dynamic Loss: 8.785e-01 | Regularization Loss: 0.000e+00 | Val Loss: 8.951e-01 | Time: 6.51s
2025-08-19 19:37:14,702:INFO:Epoch: 6700/10000 | Train Loss: 7.859e-01 | Dynamic Loss: 7.859e-01 | Regularization Loss: 0.000e+00 | Val Loss: 7.941e-01 | Time: 6.43s
2025-08-19 19:37:14,702:INFO:New best model found at epoch 6700 with validation loss 7.941e-01. Saving...
2025-08-19 19:37:28,212:INFO:Epoch: 6750/10000 | Train Loss: 1.010e+00 | Dynamic Loss: 1.010e+00 | Regularization Loss: 0.000e+00 | Val Loss: 9.667e-01 | Time: 13.49s
2025-08-19 19:37:34,709:INFO:Epoch: 6800/10000 | Train Loss: 1.368e+00 | Dynamic Loss: 1.368e+00 | Regularization Loss: 0.000e+00 | Val Loss: 8.959e-01 | Time: 6.50s
2025-08-19 19:37:41,172:INFO:Epoch: 6850/10000 | Train Loss: 7.778e-01 | Dynamic Loss: 7.778e-01 | Regularization Loss: 0.000e+00 | Val Loss: 7.906e-01 | Time: 6.46s
2025-08-19 19:37:41,172:INFO:New best model found at epoch 6850 with validation loss 7.906e-01. Saving...
2025-08-19 19:37:54,576:INFO:Epoch: 6900/10000 | Train Loss: 9.289e-01 | Dynamic Loss: 9.289e-01 | Regularization Loss: 0.000e+00 | Val Loss: 8.838e-01 | Time: 13.39s
2025-08-19 19:38:01,060:INFO:Epoch: 6950/10000 | Train Loss: 7.676e-01 | Dynamic Loss: 7.676e-01 | Regularization Loss: 0.000e+00 | Val Loss: 7.804e-01 | Time: 6.48s
2025-08-19 19:38:01,060:INFO:New best model found at epoch 6950 with validation loss 7.804e-01. Saving...
2025-08-19 19:38:07,468:INFO:Epoch: 7000/10000 | Train Loss: 8.658e-01 | Dynamic Loss: 8.658e-01 | Regularization Loss: 0.000e+00 | Val Loss: 8.757e-01 | Time: 6.39s
2025-08-19 19:38:20,759:INFO:Epoch: 7050/10000 | Train Loss: 7.804e-01 | Dynamic Loss: 7.804e-01 | Regularization Loss: 0.000e+00 | Val Loss: 7.888e-01 | Time: 13.29s
2025-08-19 19:38:27,256:INFO:Epoch: 7100/10000 | Train Loss: 7.927e-01 | Dynamic Loss: 7.927e-01 | Regularization Loss: 0.000e+00 | Val Loss: 8.034e-01 | Time: 6.50s
2025-08-19 19:38:33,787:INFO:Epoch: 7150/10000 | Train Loss: 7.548e-01 | Dynamic Loss: 7.548e-01 | Regularization Loss: 0.000e+00 | Val Loss: 7.664e-01 | Time: 6.53s
2025-08-19 19:38:33,787:INFO:New best model found at epoch 7150 with validation loss 7.664e-01. Saving...
2025-08-19 19:38:40,351:INFO:Epoch: 7200/10000 | Train Loss: 7.492e-01 | Dynamic Loss: 7.492e-01 | Regularization Loss: 0.000e+00 | Val Loss: 7.629e-01 | Time: 6.55s
2025-08-19 19:38:40,351:INFO:New best model found at epoch 7200 with validation loss 7.629e-01. Saving...
2025-08-19 19:38:46,835:INFO:Epoch: 7250/10000 | Train Loss: 1.511e+00 | Dynamic Loss: 1.511e+00 | Regularization Loss: 0.000e+00 | Val Loss: 1.014e+00 | Time: 6.47s
2025-08-19 19:38:53,420:INFO:Epoch: 7300/10000 | Train Loss: 7.490e-01 | Dynamic Loss: 7.490e-01 | Regularization Loss: 0.000e+00 | Val Loss: 7.750e-01 | Time: 6.58s
2025-08-19 19:38:59,889:INFO:Epoch: 7350/10000 | Train Loss: 7.793e-01 | Dynamic Loss: 7.793e-01 | Regularization Loss: 0.000e+00 | Val Loss: 7.824e-01 | Time: 6.47s
2025-08-19 19:39:06,328:INFO:Epoch: 7400/10000 | Train Loss: 7.402e-01 | Dynamic Loss: 7.402e-01 | Regularization Loss: 0.000e+00 | Val Loss: 7.517e-01 | Time: 6.44s
2025-08-19 19:39:06,328:INFO:New best model found at epoch 7400 with validation loss 7.517e-01. Saving...
2025-08-19 19:39:12,878:INFO:Epoch: 7450/10000 | Train Loss: 7.415e-01 | Dynamic Loss: 7.415e-01 | Regularization Loss: 0.000e+00 | Val Loss: 7.562e-01 | Time: 6.53s
2025-08-19 19:39:19,322:INFO:Epoch: 7500/10000 | Train Loss: 8.198e-01 | Dynamic Loss: 8.198e-01 | Regularization Loss: 0.000e+00 | Val Loss: 8.270e-01 | Time: 6.44s
2025-08-19 19:39:25,753:INFO:Epoch: 7550/10000 | Train Loss: 7.280e-01 | Dynamic Loss: 7.280e-01 | Regularization Loss: 0.000e+00 | Val Loss: 7.460e-01 | Time: 6.43s
2025-08-19 19:39:25,754:INFO:New best model found at epoch 7550 with validation loss 7.460e-01. Saving...
2025-08-19 19:39:38,509:INFO:Epoch: 7600/10000 | Train Loss: 7.245e-01 | Dynamic Loss: 7.245e-01 | Regularization Loss: 0.000e+00 | Val Loss: 7.416e-01 | Time: 12.72s
2025-08-19 19:39:38,509:INFO:New best model found at epoch 7600 with validation loss 7.416e-01. Saving...
2025-08-19 19:39:44,959:INFO:Epoch: 7650/10000 | Train Loss: 7.339e-01 | Dynamic Loss: 7.339e-01 | Regularization Loss: 0.000e+00 | Val Loss: 7.442e-01 | Time: 6.43s
2025-08-19 19:39:51,396:INFO:Epoch: 7700/10000 | Train Loss: 1.163e+00 | Dynamic Loss: 1.163e+00 | Regularization Loss: 0.000e+00 | Val Loss: 1.187e+00 | Time: 6.44s
2025-08-19 19:40:04,587:INFO:Epoch: 7750/10000 | Train Loss: 9.775e-01 | Dynamic Loss: 9.775e-01 | Regularization Loss: 0.000e+00 | Val Loss: 9.983e-01 | Time: 13.19s
2025-08-19 19:40:11,118:INFO:Epoch: 7800/10000 | Train Loss: 9.134e-01 | Dynamic Loss: 9.134e-01 | Regularization Loss: 0.000e+00 | Val Loss: 9.357e-01 | Time: 6.53s
2025-08-19 19:40:17,562:INFO:Epoch: 7850/10000 | Train Loss: 9.134e-01 | Dynamic Loss: 9.134e-01 | Regularization Loss: 0.000e+00 | Val Loss: 9.758e-01 | Time: 6.44s
2025-08-19 19:40:30,890:INFO:Epoch: 7900/10000 | Train Loss: 8.271e-01 | Dynamic Loss: 8.271e-01 | Regularization Loss: 0.000e+00 | Val Loss: 8.571e-01 | Time: 13.33s
2025-08-19 19:40:37,501:INFO:Epoch: 7950/10000 | Train Loss: 9.720e-01 | Dynamic Loss: 9.720e-01 | Regularization Loss: 0.000e+00 | Val Loss: 8.917e-01 | Time: 6.61s
2025-08-19 19:40:44,072:INFO:Epoch: 8000/10000 | Train Loss: 7.933e-01 | Dynamic Loss: 7.933e-01 | Regularization Loss: 0.000e+00 | Val Loss: 8.277e-01 | Time: 6.57s
2025-08-19 19:40:50,563:INFO:Epoch: 8050/10000 | Train Loss: 7.941e-01 | Dynamic Loss: 7.941e-01 | Regularization Loss: 0.000e+00 | Val Loss: 8.304e-01 | Time: 6.49s
2025-08-19 19:40:57,106:INFO:Epoch: 8100/10000 | Train Loss: 7.805e-01 | Dynamic Loss: 7.805e-01 | Regularization Loss: 0.000e+00 | Val Loss: 8.147e-01 | Time: 6.54s
2025-08-19 19:41:03,633:INFO:Epoch: 8150/10000 | Train Loss: 7.682e-01 | Dynamic Loss: 7.682e-01 | Regularization Loss: 0.000e+00 | Val Loss: 8.030e-01 | Time: 6.53s
2025-08-19 19:41:10,094:INFO:Epoch: 8200/10000 | Train Loss: 7.907e-01 | Dynamic Loss: 7.907e-01 | Regularization Loss: 0.000e+00 | Val Loss: 8.087e-01 | Time: 6.46s
2025-08-19 19:41:16,514:INFO:Epoch: 8250/10000 | Train Loss: 7.639e-01 | Dynamic Loss: 7.639e-01 | Regularization Loss: 0.000e+00 | Val Loss: 7.979e-01 | Time: 6.42s
2025-08-19 19:41:22,962:INFO:Epoch: 8300/10000 | Train Loss: 7.492e-01 | Dynamic Loss: 7.492e-01 | Regularization Loss: 0.000e+00 | Val Loss: 7.788e-01 | Time: 6.45s
2025-08-19 19:41:29,424:INFO:Epoch: 8350/10000 | Train Loss: 7.650e-01 | Dynamic Loss: 7.650e-01 | Regularization Loss: 0.000e+00 | Val Loss: 7.936e-01 | Time: 6.46s
2025-08-19 19:41:35,881:INFO:Epoch: 8400/10000 | Train Loss: 7.505e-01 | Dynamic Loss: 7.505e-01 | Regularization Loss: 0.000e+00 | Val Loss: 7.755e-01 | Time: 6.46s
2025-08-19 19:41:48,850:INFO:Epoch: 8450/10000 | Train Loss: 9.637e-01 | Dynamic Loss: 9.637e-01 | Regularization Loss: 0.000e+00 | Val Loss: 1.027e+00 | Time: 12.97s
2025-08-19 19:41:55,316:INFO:Epoch: 8500/10000 | Train Loss: 7.390e-01 | Dynamic Loss: 7.390e-01 | Regularization Loss: 0.000e+00 | Val Loss: 7.650e-01 | Time: 6.47s
2025-08-19 19:42:01,747:INFO:Epoch: 8550/10000 | Train Loss: 7.892e-01 | Dynamic Loss: 7.892e-01 | Regularization Loss: 0.000e+00 | Val Loss: 8.373e-01 | Time: 6.43s
2025-08-19 19:42:14,968:INFO:Epoch: 8600/10000 | Train Loss: 7.238e-01 | Dynamic Loss: 7.238e-01 | Regularization Loss: 0.000e+00 | Val Loss: 7.519e-01 | Time: 13.22s
2025-08-19 19:42:21,439:INFO:Epoch: 8650/10000 | Train Loss: 7.241e-01 | Dynamic Loss: 7.241e-01 | Regularization Loss: 0.000e+00 | Val Loss: 7.479e-01 | Time: 6.47s
2025-08-19 19:42:28,010:INFO:Epoch: 8700/10000 | Train Loss: 8.781e-01 | Dynamic Loss: 8.781e-01 | Regularization Loss: 0.000e+00 | Val Loss: 8.267e-01 | Time: 6.57s
2025-08-19 19:42:34,441:INFO:Epoch: 8750/10000 | Train Loss: 7.127e-01 | Dynamic Loss: 7.127e-01 | Regularization Loss: 0.000e+00 | Val Loss: 7.414e-01 | Time: 6.43s
2025-08-19 19:42:34,441:INFO:New best model found at epoch 8750 with validation loss 7.414e-01. Saving...
2025-08-19 19:42:40,963:INFO:Epoch: 8800/10000 | Train Loss: 7.061e-01 | Dynamic Loss: 7.061e-01 | Regularization Loss: 0.000e+00 | Val Loss: 7.339e-01 | Time: 6.50s
2025-08-19 19:42:40,963:INFO:New best model found at epoch 8800 with validation loss 7.339e-01. Saving...
2025-08-19 19:42:47,463:INFO:Epoch: 8850/10000 | Train Loss: 7.476e-01 | Dynamic Loss: 7.476e-01 | Regularization Loss: 0.000e+00 | Val Loss: 8.497e-01 | Time: 6.48s
2025-08-19 19:42:53,940:INFO:Epoch: 8900/10000 | Train Loss: 7.468e-01 | Dynamic Loss: 7.468e-01 | Regularization Loss: 0.000e+00 | Val Loss: 7.607e-01 | Time: 6.48s
2025-08-19 19:43:00,416:INFO:Epoch: 8950/10000 | Train Loss: 7.089e-01 | Dynamic Loss: 7.089e-01 | Regularization Loss: 0.000e+00 | Val Loss: 7.334e-01 | Time: 6.48s
2025-08-19 19:43:00,416:INFO:New best model found at epoch 8950 with validation loss 7.334e-01. Saving...
2025-08-19 19:43:06,954:INFO:Epoch: 9000/10000 | Train Loss: 7.024e-01 | Dynamic Loss: 7.024e-01 | Regularization Loss: 0.000e+00 | Val Loss: 7.326e-01 | Time: 6.52s
2025-08-19 19:43:06,955:INFO:New best model found at epoch 9000 with validation loss 7.326e-01. Saving...
2025-08-19 19:43:13,427:INFO:Epoch: 9050/10000 | Train Loss: 7.307e-01 | Dynamic Loss: 7.307e-01 | Regularization Loss: 0.000e+00 | Val Loss: 7.473e-01 | Time: 6.46s
2025-08-19 19:43:19,890:INFO:Epoch: 9100/10000 | Train Loss: 7.022e-01 | Dynamic Loss: 7.022e-01 | Regularization Loss: 0.000e+00 | Val Loss: 7.442e-01 | Time: 6.46s
2025-08-19 19:43:26,392:INFO:Epoch: 9150/10000 | Train Loss: 6.911e-01 | Dynamic Loss: 6.911e-01 | Regularization Loss: 0.000e+00 | Val Loss: 7.217e-01 | Time: 6.50s
2025-08-19 19:43:26,392:INFO:New best model found at epoch 9150 with validation loss 7.217e-01. Saving...
2025-08-19 19:43:32,920:INFO:Epoch: 9200/10000 | Train Loss: 7.110e-01 | Dynamic Loss: 7.110e-01 | Regularization Loss: 0.000e+00 | Val Loss: 7.307e-01 | Time: 6.51s
2025-08-19 19:43:39,390:INFO:Epoch: 9250/10000 | Train Loss: 1.433e+00 | Dynamic Loss: 1.433e+00 | Regularization Loss: 0.000e+00 | Val Loss: 8.910e-01 | Time: 6.47s
2025-08-19 19:43:52,366:INFO:Epoch: 9300/10000 | Train Loss: 7.198e-01 | Dynamic Loss: 7.198e-01 | Regularization Loss: 0.000e+00 | Val Loss: 7.463e-01 | Time: 12.98s
2025-08-19 19:43:58,815:INFO:Epoch: 9350/10000 | Train Loss: 6.744e-01 | Dynamic Loss: 6.744e-01 | Regularization Loss: 0.000e+00 | Val Loss: 7.039e-01 | Time: 6.45s
2025-08-19 19:43:58,815:INFO:New best model found at epoch 9350 with validation loss 7.039e-01. Saving...
2025-08-19 19:44:05,206:INFO:Epoch: 9400/10000 | Train Loss: 6.884e-01 | Dynamic Loss: 6.884e-01 | Regularization Loss: 0.000e+00 | Val Loss: 7.131e-01 | Time: 6.38s
2025-08-19 19:44:18,513:INFO:Epoch: 9450/10000 | Train Loss: 7.362e-01 | Dynamic Loss: 7.362e-01 | Regularization Loss: 0.000e+00 | Val Loss: 7.544e-01 | Time: 13.31s
2025-08-19 19:44:25,000:INFO:Epoch: 9500/10000 | Train Loss: 8.899e-01 | Dynamic Loss: 8.899e-01 | Regularization Loss: 0.000e+00 | Val Loss: 9.173e-01 | Time: 6.49s
2025-08-19 19:44:31,524:INFO:Epoch: 9550/10000 | Train Loss: 6.881e-01 | Dynamic Loss: 6.881e-01 | Regularization Loss: 0.000e+00 | Val Loss: 7.069e-01 | Time: 6.52s
2025-08-19 19:44:37,931:INFO:Epoch: 9600/10000 | Train Loss: 6.729e-01 | Dynamic Loss: 6.729e-01 | Regularization Loss: 0.000e+00 | Val Loss: 6.973e-01 | Time: 6.41s
2025-08-19 19:44:37,931:INFO:New best model found at epoch 9600 with validation loss 6.973e-01. Saving...
2025-08-19 19:44:44,367:INFO:Epoch: 9650/10000 | Train Loss: 6.758e-01 | Dynamic Loss: 6.758e-01 | Regularization Loss: 0.000e+00 | Val Loss: 6.981e-01 | Time: 6.42s
2025-08-19 19:44:50,907:INFO:Epoch: 9700/10000 | Train Loss: 6.654e-01 | Dynamic Loss: 6.654e-01 | Regularization Loss: 0.000e+00 | Val Loss: 7.024e-01 | Time: 6.54s
2025-08-19 19:44:57,393:INFO:Epoch: 9750/10000 | Train Loss: 6.701e-01 | Dynamic Loss: 6.701e-01 | Regularization Loss: 0.000e+00 | Val Loss: 7.002e-01 | Time: 6.49s
2025-08-19 19:45:03,806:INFO:Epoch: 9800/10000 | Train Loss: 6.621e-01 | Dynamic Loss: 6.621e-01 | Regularization Loss: 0.000e+00 | Val Loss: 6.887e-01 | Time: 6.41s
2025-08-19 19:45:03,807:INFO:New best model found at epoch 9800 with validation loss 6.887e-01. Saving...
2025-08-19 19:45:16,395:INFO:Epoch: 9850/10000 | Train Loss: 7.202e-01 | Dynamic Loss: 7.202e-01 | Regularization Loss: 0.000e+00 | Val Loss: 7.229e-01 | Time: 12.57s
2025-08-19 19:45:22,866:INFO:Epoch: 9900/10000 | Train Loss: 6.611e-01 | Dynamic Loss: 6.611e-01 | Regularization Loss: 0.000e+00 | Val Loss: 6.880e-01 | Time: 6.47s
2025-08-19 19:45:22,867:INFO:New best model found at epoch 9900 with validation loss 6.880e-01. Saving...
2025-08-19 19:45:29,324:INFO:Epoch: 9950/10000 | Train Loss: 6.752e-01 | Dynamic Loss: 6.752e-01 | Regularization Loss: 0.000e+00 | Val Loss: 6.943e-01 | Time: 6.44s
2025-08-19 19:45:42,563:INFO:Epoch: 10000/10000 | Train Loss: 6.867e-01 | Dynamic Loss: 6.867e-01 | Regularization Loss: 0.000e+00 | Val Loss: 7.315e-01 | Time: 13.24s
