2025-08-19 18:36:41,908:INFO:Created DataLoaders with 5994 training samples and 1998 validation samples.
2025-08-19 18:36:42,501:INFO:model params: 2446209
2025-08-19 18:36:43,247:INFO:Epoch: 0/10000 | Train Loss: 2.770e+00 | Dynamic Loss: 2.675e+00 | Regularization Loss: 9.509e-02 | Val Loss: 2.172e+00 | Time: 0.75s
2025-08-19 18:36:43,247:INFO:New best model found at epoch 0 with validation loss 2.172e+00. Saving...
2025-08-19 18:36:49,645:INFO:Epoch: 50/10000 | Train Loss: 1.767e+00 | Dynamic Loss: 1.763e+00 | Regularization Loss: 4.073e-03 | Val Loss: 1.754e+00 | Time: 6.39s
2025-08-19 18:36:49,645:INFO:New best model found at epoch 50 with validation loss 1.754e+00. Saving...
2025-08-19 18:36:56,106:INFO:Epoch: 100/10000 | Train Loss: 1.718e+00 | Dynamic Loss: 1.716e+00 | Regularization Loss: 1.610e-03 | Val Loss: 1.690e+00 | Time: 6.45s
2025-08-19 18:36:56,106:INFO:New best model found at epoch 100 with validation loss 1.690e+00. Saving...
2025-08-19 18:37:02,600:INFO:Epoch: 150/10000 | Train Loss: 1.602e+00 | Dynamic Loss: 1.601e+00 | Regularization Loss: 8.984e-04 | Val Loss: 1.641e+00 | Time: 6.48s
2025-08-19 18:37:02,600:INFO:New best model found at epoch 150 with validation loss 1.641e+00. Saving...
2025-08-19 18:37:09,241:INFO:Epoch: 200/10000 | Train Loss: 1.505e+00 | Dynamic Loss: 1.505e+00 | Regularization Loss: 5.840e-04 | Val Loss: 1.548e+00 | Time: 6.60s
2025-08-19 18:37:09,241:INFO:New best model found at epoch 200 with validation loss 1.548e+00. Saving...
2025-08-19 18:37:20,872:INFO:Epoch: 250/10000 | Train Loss: 1.457e+00 | Dynamic Loss: 1.456e+00 | Regularization Loss: 4.139e-04 | Val Loss: 1.462e+00 | Time: 11.61s
2025-08-19 18:37:20,872:INFO:New best model found at epoch 250 with validation loss 1.462e+00. Saving...
2025-08-19 18:37:27,450:INFO:Epoch: 300/10000 | Train Loss: 1.335e+00 | Dynamic Loss: 1.335e+00 | Regularization Loss: 3.101e-04 | Val Loss: 1.365e+00 | Time: 6.57s
2025-08-19 18:37:27,450:INFO:New best model found at epoch 300 with validation loss 1.365e+00. Saving...
2025-08-19 18:37:34,082:INFO:Epoch: 350/10000 | Train Loss: 1.275e+00 | Dynamic Loss: 1.274e+00 | Regularization Loss: 2.416e-04 | Val Loss: 1.315e+00 | Time: 6.60s
2025-08-19 18:37:34,082:INFO:New best model found at epoch 350 with validation loss 1.315e+00. Saving...
2025-08-19 18:37:40,767:INFO:Epoch: 400/10000 | Train Loss: 1.170e+00 | Dynamic Loss: 1.170e+00 | Regularization Loss: 1.937e-04 | Val Loss: 1.216e+00 | Time: 6.65s
2025-08-19 18:37:40,767:INFO:New best model found at epoch 400 with validation loss 1.216e+00. Saving...
2025-08-19 18:37:53,192:INFO:Epoch: 450/10000 | Train Loss: 1.141e+00 | Dynamic Loss: 1.140e+00 | Regularization Loss: 1.587e-04 | Val Loss: 1.230e+00 | Time: 12.41s
2025-08-19 18:37:59,814:INFO:Epoch: 500/10000 | Train Loss: 1.031e+00 | Dynamic Loss: 1.030e+00 | Regularization Loss: 1.323e-04 | Val Loss: 1.100e+00 | Time: 6.62s
2025-08-19 18:37:59,814:INFO:New best model found at epoch 500 with validation loss 1.100e+00. Saving...
2025-08-19 18:38:06,498:INFO:Epoch: 550/10000 | Train Loss: 9.865e-01 | Dynamic Loss: 9.864e-01 | Regularization Loss: 1.118e-04 | Val Loss: 1.057e+00 | Time: 6.67s
2025-08-19 18:38:06,498:INFO:New best model found at epoch 550 with validation loss 1.057e+00. Saving...
2025-08-19 18:38:13,142:INFO:Epoch: 600/10000 | Train Loss: 9.877e-01 | Dynamic Loss: 9.876e-01 | Regularization Loss: 9.558e-05 | Val Loss: 1.008e+00 | Time: 6.63s
2025-08-19 18:38:13,142:INFO:New best model found at epoch 600 with validation loss 1.008e+00. Saving...
2025-08-19 18:38:25,628:INFO:Epoch: 650/10000 | Train Loss: 8.962e-01 | Dynamic Loss: 8.961e-01 | Regularization Loss: 8.252e-05 | Val Loss: 9.690e-01 | Time: 12.45s
2025-08-19 18:38:25,628:INFO:New best model found at epoch 650 with validation loss 9.690e-01. Saving...
2025-08-19 18:38:32,350:INFO:Epoch: 700/10000 | Train Loss: 8.356e-01 | Dynamic Loss: 8.356e-01 | Regularization Loss: 7.180e-05 | Val Loss: 9.376e-01 | Time: 6.71s
2025-08-19 18:38:32,350:INFO:New best model found at epoch 700 with validation loss 9.376e-01. Saving...
2025-08-19 18:38:39,000:INFO:Epoch: 750/10000 | Train Loss: 8.859e-01 | Dynamic Loss: 8.858e-01 | Regularization Loss: 6.290e-05 | Val Loss: 9.057e-01 | Time: 6.61s
2025-08-19 18:38:39,000:INFO:New best model found at epoch 750 with validation loss 9.057e-01. Saving...
2025-08-19 18:38:45,713:INFO:Epoch: 800/10000 | Train Loss: 7.614e-01 | Dynamic Loss: 7.614e-01 | Regularization Loss: 5.545e-05 | Val Loss: 8.302e-01 | Time: 6.68s
2025-08-19 18:38:45,713:INFO:New best model found at epoch 800 with validation loss 8.302e-01. Saving...
2025-08-19 18:38:52,389:INFO:Epoch: 850/10000 | Train Loss: 7.357e-01 | Dynamic Loss: 7.357e-01 | Regularization Loss: 4.914e-05 | Val Loss: 8.325e-01 | Time: 6.66s
2025-08-19 18:38:59,034:INFO:Epoch: 900/10000 | Train Loss: 6.921e-01 | Dynamic Loss: 6.920e-01 | Regularization Loss: 4.372e-05 | Val Loss: 7.932e-01 | Time: 6.64s
2025-08-19 18:38:59,034:INFO:New best model found at epoch 900 with validation loss 7.932e-01. Saving...
2025-08-19 18:39:05,710:INFO:Epoch: 950/10000 | Train Loss: 6.546e-01 | Dynamic Loss: 6.545e-01 | Regularization Loss: 3.910e-05 | Val Loss: 7.366e-01 | Time: 6.64s
2025-08-19 18:39:05,710:INFO:New best model found at epoch 950 with validation loss 7.366e-01. Saving...
2025-08-19 18:39:18,099:INFO:Epoch: 1000/10000 | Train Loss: 6.863e-01 | Dynamic Loss: 6.863e-01 | Regularization Loss: 3.505e-05 | Val Loss: 7.772e-01 | Time: 12.38s
2025-08-19 18:39:24,772:INFO:Epoch: 1050/10000 | Train Loss: 6.314e-01 | Dynamic Loss: 6.314e-01 | Regularization Loss: 3.152e-05 | Val Loss: 7.319e-01 | Time: 6.67s
2025-08-19 18:39:24,772:INFO:New best model found at epoch 1050 with validation loss 7.319e-01. Saving...
2025-08-19 18:39:31,476:INFO:Epoch: 1100/10000 | Train Loss: 5.934e-01 | Dynamic Loss: 5.933e-01 | Regularization Loss: 2.843e-05 | Val Loss: 6.744e-01 | Time: 6.69s
2025-08-19 18:39:31,476:INFO:New best model found at epoch 1100 with validation loss 6.744e-01. Saving...
2025-08-19 18:39:43,917:INFO:Epoch: 1150/10000 | Train Loss: 5.783e-01 | Dynamic Loss: 5.783e-01 | Regularization Loss: 2.572e-05 | Val Loss: 6.483e-01 | Time: 12.43s
2025-08-19 18:39:43,917:INFO:New best model found at epoch 1150 with validation loss 6.483e-01. Saving...
2025-08-19 18:39:50,731:INFO:Epoch: 1200/10000 | Train Loss: 5.805e-01 | Dynamic Loss: 5.805e-01 | Regularization Loss: 2.331e-05 | Val Loss: 6.393e-01 | Time: 6.78s
2025-08-19 18:39:50,731:INFO:New best model found at epoch 1200 with validation loss 6.393e-01. Saving...
2025-08-19 18:39:57,421:INFO:Epoch: 1250/10000 | Train Loss: 6.143e-01 | Dynamic Loss: 6.143e-01 | Regularization Loss: 2.118e-05 | Val Loss: 6.383e-01 | Time: 6.68s
2025-08-19 18:39:57,421:INFO:New best model found at epoch 1250 with validation loss 6.383e-01. Saving...
2025-08-19 18:40:04,103:INFO:Epoch: 1300/10000 | Train Loss: 5.860e-01 | Dynamic Loss: 5.860e-01 | Regularization Loss: 1.927e-05 | Val Loss: 6.577e-01 | Time: 6.67s
2025-08-19 18:40:10,858:INFO:Epoch: 1350/10000 | Train Loss: 5.743e-01 | Dynamic Loss: 5.743e-01 | Regularization Loss: 1.757e-05 | Val Loss: 6.047e-01 | Time: 6.76s
2025-08-19 18:40:10,858:INFO:New best model found at epoch 1350 with validation loss 6.047e-01. Saving...
2025-08-19 18:40:17,578:INFO:Epoch: 1400/10000 | Train Loss: 4.695e-01 | Dynamic Loss: 4.695e-01 | Regularization Loss: 1.603e-05 | Val Loss: 5.353e-01 | Time: 6.70s
2025-08-19 18:40:17,578:INFO:New best model found at epoch 1400 with validation loss 5.353e-01. Saving...
2025-08-19 18:40:24,314:INFO:Epoch: 1450/10000 | Train Loss: 5.053e-01 | Dynamic Loss: 5.053e-01 | Regularization Loss: 1.465e-05 | Val Loss: 5.968e-01 | Time: 6.72s
2025-08-19 18:40:31,046:INFO:Epoch: 1500/10000 | Train Loss: 4.391e-01 | Dynamic Loss: 4.391e-01 | Regularization Loss: 1.340e-05 | Val Loss: 6.123e-01 | Time: 6.73s
2025-08-19 18:40:37,796:INFO:Epoch: 1550/10000 | Train Loss: 4.637e-01 | Dynamic Loss: 4.637e-01 | Regularization Loss: 1.228e-05 | Val Loss: 5.322e-01 | Time: 6.75s
2025-08-19 18:40:37,796:INFO:New best model found at epoch 1550 with validation loss 5.322e-01. Saving...
2025-08-19 18:40:44,547:INFO:Epoch: 1600/10000 | Train Loss: 4.368e-01 | Dynamic Loss: 4.368e-01 | Regularization Loss: 1.128e-05 | Val Loss: 5.237e-01 | Time: 6.74s
2025-08-19 18:40:44,547:INFO:New best model found at epoch 1600 with validation loss 5.237e-01. Saving...
2025-08-19 18:40:57,185:INFO:Epoch: 1650/10000 | Train Loss: 4.084e-01 | Dynamic Loss: 4.084e-01 | Regularization Loss: 1.036e-05 | Val Loss: 4.695e-01 | Time: 12.61s
2025-08-19 18:40:57,185:INFO:New best model found at epoch 1650 with validation loss 4.695e-01. Saving...
2025-08-19 18:41:03,953:INFO:Epoch: 1700/10000 | Train Loss: 3.957e-01 | Dynamic Loss: 3.957e-01 | Regularization Loss: 9.554e-06 | Val Loss: 4.655e-01 | Time: 6.76s
2025-08-19 18:41:03,953:INFO:New best model found at epoch 1700 with validation loss 4.655e-01. Saving...
2025-08-19 18:41:10,837:INFO:Epoch: 1750/10000 | Train Loss: 3.736e-01 | Dynamic Loss: 3.736e-01 | Regularization Loss: 8.784e-06 | Val Loss: 4.746e-01 | Time: 6.85s
2025-08-19 18:41:23,437:INFO:Epoch: 1800/10000 | Train Loss: 3.734e-01 | Dynamic Loss: 3.734e-01 | Regularization Loss: 8.082e-06 | Val Loss: 4.546e-01 | Time: 12.60s
2025-08-19 18:41:23,438:INFO:New best model found at epoch 1800 with validation loss 4.546e-01. Saving...
2025-08-19 18:41:30,198:INFO:Epoch: 1850/10000 | Train Loss: 4.648e-01 | Dynamic Loss: 4.648e-01 | Regularization Loss: 7.174e-06 | Val Loss: 5.011e-01 | Time: 6.75s
2025-08-19 18:41:36,915:INFO:Epoch: 1900/10000 | Train Loss: 3.446e-01 | Dynamic Loss: 3.446e-01 | Regularization Loss: 6.648e-06 | Val Loss: 3.984e-01 | Time: 6.72s
2025-08-19 18:41:36,915:INFO:New best model found at epoch 1900 with validation loss 3.984e-01. Saving...
2025-08-19 18:41:43,764:INFO:Epoch: 1950/10000 | Train Loss: 3.669e-01 | Dynamic Loss: 3.669e-01 | Regularization Loss: 6.194e-06 | Val Loss: 3.975e-01 | Time: 6.84s
2025-08-19 18:41:43,764:INFO:New best model found at epoch 1950 with validation loss 3.975e-01. Saving...
2025-08-19 18:41:50,577:INFO:Epoch: 2000/10000 | Train Loss: 3.819e-01 | Dynamic Loss: 3.819e-01 | Regularization Loss: 5.810e-06 | Val Loss: 4.335e-01 | Time: 6.78s
2025-08-19 18:41:57,344:INFO:Epoch: 2050/10000 | Train Loss: 4.427e-01 | Dynamic Loss: 4.427e-01 | Regularization Loss: 5.351e-06 | Val Loss: 4.596e-01 | Time: 6.77s
2025-08-19 18:42:03,993:INFO:Epoch: 2100/10000 | Train Loss: 3.361e-01 | Dynamic Loss: 3.361e-01 | Regularization Loss: 4.729e-06 | Val Loss: 3.975e-01 | Time: 6.65s
2025-08-19 18:42:16,649:INFO:Epoch: 2150/10000 | Train Loss: 3.068e-01 | Dynamic Loss: 3.068e-01 | Regularization Loss: 4.449e-06 | Val Loss: 3.524e-01 | Time: 12.66s
2025-08-19 18:42:16,649:INFO:New best model found at epoch 2150 with validation loss 3.524e-01. Saving...
2025-08-19 18:42:23,516:INFO:Epoch: 2200/10000 | Train Loss: 2.859e-01 | Dynamic Loss: 2.859e-01 | Regularization Loss: 4.037e-06 | Val Loss: 3.391e-01 | Time: 6.83s
2025-08-19 18:42:23,516:INFO:New best model found at epoch 2200 with validation loss 3.391e-01. Saving...
2025-08-19 18:42:30,386:INFO:Epoch: 2250/10000 | Train Loss: 3.899e-01 | Dynamic Loss: 3.899e-01 | Regularization Loss: 3.815e-06 | Val Loss: 3.864e-01 | Time: 6.84s
2025-08-19 18:42:37,102:INFO:Epoch: 2300/10000 | Train Loss: 2.810e-01 | Dynamic Loss: 2.810e-01 | Regularization Loss: 3.681e-06 | Val Loss: 3.290e-01 | Time: 6.72s
2025-08-19 18:42:37,102:INFO:New best model found at epoch 2300 with validation loss 3.290e-01. Saving...
2025-08-19 18:42:43,964:INFO:Epoch: 2350/10000 | Train Loss: 3.409e-01 | Dynamic Loss: 3.409e-01 | Regularization Loss: 3.495e-06 | Val Loss: 3.722e-01 | Time: 6.83s
2025-08-19 18:42:50,739:INFO:Epoch: 2400/10000 | Train Loss: 1.590e+00 | Dynamic Loss: 1.590e+00 | Regularization Loss: 3.491e-06 | Val Loss: 2.462e+00 | Time: 6.78s
2025-08-19 18:42:57,521:INFO:Epoch: 2450/10000 | Train Loss: 2.661e-01 | Dynamic Loss: 2.661e-01 | Regularization Loss: 3.016e-06 | Val Loss: 3.000e-01 | Time: 6.78s
2025-08-19 18:42:57,521:INFO:New best model found at epoch 2450 with validation loss 3.000e-01. Saving...
2025-08-19 18:43:04,248:INFO:Epoch: 2500/10000 | Train Loss: 2.522e-01 | Dynamic Loss: 2.522e-01 | Regularization Loss: 3.103e-06 | Val Loss: 2.956e-01 | Time: 6.69s
2025-08-19 18:43:04,248:INFO:New best model found at epoch 2500 with validation loss 2.956e-01. Saving...
2025-08-19 18:43:11,082:INFO:Epoch: 2550/10000 | Train Loss: 2.701e-01 | Dynamic Loss: 2.701e-01 | Regularization Loss: 3.257e-06 | Val Loss: 3.045e-01 | Time: 6.80s
2025-08-19 18:43:17,924:INFO:Epoch: 2600/10000 | Train Loss: 2.527e-01 | Dynamic Loss: 2.527e-01 | Regularization Loss: 3.501e-06 | Val Loss: 3.031e-01 | Time: 6.84s
2025-08-19 18:43:24,668:INFO:Epoch: 2650/10000 | Train Loss: 3.112e-01 | Dynamic Loss: 3.112e-01 | Regularization Loss: 3.431e-06 | Val Loss: 3.366e-01 | Time: 6.74s
2025-08-19 18:43:31,418:INFO:Epoch: 2700/10000 | Train Loss: 3.906e-01 | Dynamic Loss: 3.906e-01 | Regularization Loss: 2.786e-06 | Val Loss: 4.124e-01 | Time: 6.75s
2025-08-19 18:43:38,136:INFO:Epoch: 2750/10000 | Train Loss: 2.651e-01 | Dynamic Loss: 2.651e-01 | Regularization Loss: 2.734e-06 | Val Loss: 8.157e-01 | Time: 6.72s
2025-08-19 18:43:50,740:INFO:Epoch: 2800/10000 | Train Loss: 2.456e-01 | Dynamic Loss: 2.456e-01 | Regularization Loss: 2.245e-06 | Val Loss: 2.776e-01 | Time: 12.60s
2025-08-19 18:43:50,740:INFO:New best model found at epoch 2800 with validation loss 2.776e-01. Saving...
2025-08-19 18:43:57,480:INFO:Epoch: 2850/10000 | Train Loss: 2.838e-01 | Dynamic Loss: 2.838e-01 | Regularization Loss: 2.217e-06 | Val Loss: 3.149e-01 | Time: 6.73s
2025-08-19 18:44:04,308:INFO:Epoch: 2900/10000 | Train Loss: 3.807e-01 | Dynamic Loss: 3.807e-01 | Regularization Loss: 1.905e-06 | Val Loss: 3.563e-01 | Time: 6.83s
2025-08-19 18:44:11,033:INFO:Epoch: 2950/10000 | Train Loss: 2.449e-01 | Dynamic Loss: 2.448e-01 | Regularization Loss: 1.694e-06 | Val Loss: 2.781e-01 | Time: 6.72s
2025-08-19 18:44:17,729:INFO:Epoch: 3000/10000 | Train Loss: 2.428e-01 | Dynamic Loss: 2.428e-01 | Regularization Loss: 1.578e-06 | Val Loss: 2.733e-01 | Time: 6.70s
2025-08-19 18:44:17,729:INFO:New best model found at epoch 3000 with validation loss 2.733e-01. Saving...
2025-08-19 18:44:24,455:INFO:Epoch: 3050/10000 | Train Loss: 2.111e-01 | Dynamic Loss: 2.111e-01 | Regularization Loss: 1.817e-06 | Val Loss: 2.598e-01 | Time: 6.71s
2025-08-19 18:44:24,455:INFO:New best model found at epoch 3050 with validation loss 2.598e-01. Saving...
2025-08-19 18:44:31,323:INFO:Epoch: 3100/10000 | Train Loss: 2.279e-01 | Dynamic Loss: 2.279e-01 | Regularization Loss: 1.847e-06 | Val Loss: 2.690e-01 | Time: 6.84s
2025-08-19 18:44:38,077:INFO:Epoch: 3150/10000 | Train Loss: 4.543e-01 | Dynamic Loss: 4.543e-01 | Regularization Loss: 1.891e-06 | Val Loss: 3.909e-01 | Time: 6.75s
2025-08-19 18:44:44,795:INFO:Epoch: 3200/10000 | Train Loss: 2.458e-01 | Dynamic Loss: 2.458e-01 | Regularization Loss: 1.703e-06 | Val Loss: 2.588e-01 | Time: 6.72s
2025-08-19 18:44:44,795:INFO:New best model found at epoch 3200 with validation loss 2.588e-01. Saving...
2025-08-19 18:44:51,569:INFO:Epoch: 3250/10000 | Train Loss: 2.674e-01 | Dynamic Loss: 2.674e-01 | Regularization Loss: 1.959e-06 | Val Loss: 2.909e-01 | Time: 6.74s
2025-08-19 18:45:04,361:INFO:Epoch: 3300/10000 | Train Loss: 3.056e-01 | Dynamic Loss: 3.056e-01 | Regularization Loss: 1.883e-06 | Val Loss: 2.950e-01 | Time: 12.79s
2025-08-19 18:45:11,209:INFO:Epoch: 3350/10000 | Train Loss: 1.742e-01 | Dynamic Loss: 1.742e-01 | Regularization Loss: 1.854e-06 | Val Loss: 1.999e-01 | Time: 6.85s
2025-08-19 18:45:11,209:INFO:New best model found at epoch 3350 with validation loss 1.999e-01. Saving...
2025-08-19 18:45:17,965:INFO:Epoch: 3400/10000 | Train Loss: 2.100e-01 | Dynamic Loss: 2.100e-01 | Regularization Loss: 1.842e-06 | Val Loss: 2.502e-01 | Time: 6.74s
2025-08-19 18:45:30,770:INFO:Epoch: 3450/10000 | Train Loss: 2.101e-01 | Dynamic Loss: 2.101e-01 | Regularization Loss: 1.904e-06 | Val Loss: 2.297e-01 | Time: 12.80s
2025-08-19 18:45:37,508:INFO:Epoch: 3500/10000 | Train Loss: 1.933e-01 | Dynamic Loss: 1.933e-01 | Regularization Loss: 1.934e-06 | Val Loss: 2.135e-01 | Time: 6.74s
2025-08-19 18:45:44,254:INFO:Epoch: 3550/10000 | Train Loss: 2.853e-01 | Dynamic Loss: 2.852e-01 | Regularization Loss: 1.631e-06 | Val Loss: 3.112e-01 | Time: 6.75s
2025-08-19 18:45:56,896:INFO:Epoch: 3600/10000 | Train Loss: 1.734e-01 | Dynamic Loss: 1.734e-01 | Regularization Loss: 1.668e-06 | Val Loss: 1.963e-01 | Time: 12.64s
2025-08-19 18:45:56,896:INFO:New best model found at epoch 3600 with validation loss 1.963e-01. Saving...
2025-08-19 18:46:03,579:INFO:Epoch: 3650/10000 | Train Loss: 2.010e-01 | Dynamic Loss: 2.010e-01 | Regularization Loss: 1.484e-06 | Val Loss: 2.196e-01 | Time: 6.67s
2025-08-19 18:46:10,440:INFO:Epoch: 3700/10000 | Train Loss: 2.204e-01 | Dynamic Loss: 2.204e-01 | Regularization Loss: 1.229e-06 | Val Loss: 2.434e-01 | Time: 6.86s
2025-08-19 18:46:23,178:INFO:Epoch: 3750/10000 | Train Loss: 1.706e-01 | Dynamic Loss: 1.706e-01 | Regularization Loss: 1.223e-06 | Val Loss: 2.113e-01 | Time: 12.74s
2025-08-19 18:46:29,991:INFO:Epoch: 3800/10000 | Train Loss: 5.100e-01 | Dynamic Loss: 5.100e-01 | Regularization Loss: 1.264e-06 | Val Loss: 5.699e-01 | Time: 6.81s
2025-08-19 18:46:36,780:INFO:Epoch: 3850/10000 | Train Loss: 1.748e-01 | Dynamic Loss: 1.748e-01 | Regularization Loss: 1.033e-06 | Val Loss: 2.013e-01 | Time: 6.79s
2025-08-19 18:46:49,557:INFO:Epoch: 3900/10000 | Train Loss: 2.667e-01 | Dynamic Loss: 2.667e-01 | Regularization Loss: 1.072e-06 | Val Loss: 2.643e-01 | Time: 12.78s
2025-08-19 18:46:56,352:INFO:Epoch: 3950/10000 | Train Loss: 2.461e-01 | Dynamic Loss: 2.461e-01 | Regularization Loss: 1.163e-06 | Val Loss: 2.768e-01 | Time: 6.80s
2025-08-19 18:47:03,165:INFO:Epoch: 4000/10000 | Train Loss: 1.882e-01 | Dynamic Loss: 1.882e-01 | Regularization Loss: 8.936e-07 | Val Loss: 2.115e-01 | Time: 6.81s
2025-08-19 18:47:15,973:INFO:Epoch: 4050/10000 | Train Loss: 2.105e-01 | Dynamic Loss: 2.105e-01 | Regularization Loss: 8.432e-07 | Val Loss: 2.435e-01 | Time: 12.81s
2025-08-19 18:47:22,883:INFO:Epoch: 4100/10000 | Train Loss: 1.639e-01 | Dynamic Loss: 1.639e-01 | Regularization Loss: 7.736e-07 | Val Loss: 1.810e-01 | Time: 6.91s
2025-08-19 18:47:22,883:INFO:New best model found at epoch 4100 with validation loss 1.810e-01. Saving...
2025-08-19 18:47:29,615:INFO:Epoch: 4150/10000 | Train Loss: 2.107e-01 | Dynamic Loss: 2.107e-01 | Regularization Loss: 7.377e-07 | Val Loss: 2.150e-01 | Time: 6.70s
2025-08-19 18:47:36,340:INFO:Epoch: 4200/10000 | Train Loss: 1.577e-01 | Dynamic Loss: 1.576e-01 | Regularization Loss: 7.362e-07 | Val Loss: 1.746e-01 | Time: 6.73s
2025-08-19 18:47:36,340:INFO:New best model found at epoch 4200 with validation loss 1.746e-01. Saving...
2025-08-19 18:47:43,154:INFO:Epoch: 4250/10000 | Train Loss: 1.514e-01 | Dynamic Loss: 1.514e-01 | Regularization Loss: 6.345e-07 | Val Loss: 1.792e-01 | Time: 6.80s
2025-08-19 18:47:49,970:INFO:Epoch: 4300/10000 | Train Loss: 6.150e-01 | Dynamic Loss: 6.150e-01 | Regularization Loss: 8.605e-07 | Val Loss: 6.350e-01 | Time: 6.82s
2025-08-19 18:47:56,962:INFO:Epoch: 4350/10000 | Train Loss: 3.096e-01 | Dynamic Loss: 3.096e-01 | Regularization Loss: 6.573e-07 | Val Loss: 3.159e-01 | Time: 6.99s
2025-08-19 18:48:03,695:INFO:Epoch: 4400/10000 | Train Loss: 1.694e-01 | Dynamic Loss: 1.694e-01 | Regularization Loss: 6.012e-07 | Val Loss: 1.890e-01 | Time: 6.73s
2025-08-19 18:48:10,442:INFO:Epoch: 4450/10000 | Train Loss: 1.741e-01 | Dynamic Loss: 1.741e-01 | Regularization Loss: 5.683e-07 | Val Loss: 1.779e-01 | Time: 6.75s
2025-08-19 18:48:22,883:INFO:Epoch: 4500/10000 | Train Loss: 2.394e-01 | Dynamic Loss: 2.394e-01 | Regularization Loss: 6.013e-07 | Val Loss: 2.597e-01 | Time: 12.44s
2025-08-19 18:48:29,609:INFO:Epoch: 4550/10000 | Train Loss: 1.689e-01 | Dynamic Loss: 1.689e-01 | Regularization Loss: 4.824e-07 | Val Loss: 1.891e-01 | Time: 6.73s
2025-08-19 18:48:36,404:INFO:Epoch: 4600/10000 | Train Loss: 2.017e-01 | Dynamic Loss: 2.017e-01 | Regularization Loss: 5.851e-07 | Val Loss: 2.821e-01 | Time: 6.79s
2025-08-19 18:48:48,976:INFO:Epoch: 4650/10000 | Train Loss: 1.649e-01 | Dynamic Loss: 1.649e-01 | Regularization Loss: 5.587e-07 | Val Loss: 1.872e-01 | Time: 12.57s
2025-08-19 18:48:55,774:INFO:Epoch: 4700/10000 | Train Loss: 1.412e-01 | Dynamic Loss: 1.412e-01 | Regularization Loss: 5.857e-07 | Val Loss: 1.628e-01 | Time: 6.80s
2025-08-19 18:48:55,774:INFO:New best model found at epoch 4700 with validation loss 1.628e-01. Saving...
2025-08-19 18:49:02,622:INFO:Epoch: 4750/10000 | Train Loss: 1.337e-01 | Dynamic Loss: 1.337e-01 | Regularization Loss: 6.416e-07 | Val Loss: 8.935e-01 | Time: 6.83s
2025-08-19 18:49:09,406:INFO:Epoch: 4800/10000 | Train Loss: 1.296e-01 | Dynamic Loss: 1.296e-01 | Regularization Loss: 6.559e-07 | Val Loss: 1.553e-01 | Time: 6.78s
2025-08-19 18:49:09,406:INFO:New best model found at epoch 4800 with validation loss 1.553e-01. Saving...
2025-08-19 18:49:16,219:INFO:Epoch: 4850/10000 | Train Loss: 2.296e-01 | Dynamic Loss: 2.296e-01 | Regularization Loss: 5.645e-07 | Val Loss: 2.299e-01 | Time: 6.78s
2025-08-19 18:49:22,995:INFO:Epoch: 4900/10000 | Train Loss: 2.328e-01 | Dynamic Loss: 2.328e-01 | Regularization Loss: 4.875e-07 | Val Loss: 2.498e-01 | Time: 6.78s
2025-08-19 18:49:29,825:INFO:Epoch: 4950/10000 | Train Loss: 2.102e-01 | Dynamic Loss: 2.102e-01 | Regularization Loss: 5.838e-07 | Val Loss: 2.279e-01 | Time: 6.83s
2025-08-19 18:49:36,618:INFO:Epoch: 5000/10000 | Train Loss: 1.557e-01 | Dynamic Loss: 1.557e-01 | Regularization Loss: 5.295e-07 | Val Loss: 1.703e-01 | Time: 6.79s
2025-08-19 18:49:43,473:INFO:Epoch: 5050/10000 | Train Loss: 2.178e-01 | Dynamic Loss: 2.178e-01 | Regularization Loss: 5.052e-07 | Val Loss: 2.540e-01 | Time: 6.85s
2025-08-19 18:49:50,311:INFO:Epoch: 5100/10000 | Train Loss: 1.302e-01 | Dynamic Loss: 1.302e-01 | Regularization Loss: 5.082e-07 | Val Loss: 1.476e-01 | Time: 6.84s
2025-08-19 18:49:50,311:INFO:New best model found at epoch 5100 with validation loss 1.476e-01. Saving...
2025-08-19 18:49:57,083:INFO:Epoch: 5150/10000 | Train Loss: 1.226e-01 | Dynamic Loss: 1.226e-01 | Regularization Loss: 4.903e-07 | Val Loss: 1.374e-01 | Time: 6.74s
2025-08-19 18:49:57,083:INFO:New best model found at epoch 5150 with validation loss 1.374e-01. Saving...
2025-08-19 18:50:03,817:INFO:Epoch: 5200/10000 | Train Loss: 1.408e-01 | Dynamic Loss: 1.408e-01 | Regularization Loss: 4.534e-07 | Val Loss: 1.615e-01 | Time: 6.72s
2025-08-19 18:50:10,569:INFO:Epoch: 5250/10000 | Train Loss: 4.559e-01 | Dynamic Loss: 4.559e-01 | Regularization Loss: 3.289e-07 | Val Loss: 3.498e-01 | Time: 6.75s
2025-08-19 18:50:23,475:INFO:Epoch: 5300/10000 | Train Loss: 2.372e-01 | Dynamic Loss: 2.372e-01 | Regularization Loss: 2.083e-07 | Val Loss: 2.517e-01 | Time: 12.91s
2025-08-19 18:50:30,295:INFO:Epoch: 5350/10000 | Train Loss: 2.269e-01 | Dynamic Loss: 2.269e-01 | Regularization Loss: 2.145e-07 | Val Loss: 2.628e-01 | Time: 6.82s
2025-08-19 18:50:37,060:INFO:Epoch: 5400/10000 | Train Loss: 1.513e-01 | Dynamic Loss: 1.513e-01 | Regularization Loss: 2.107e-07 | Val Loss: 1.631e-01 | Time: 6.76s
2025-08-19 18:50:43,869:INFO:Epoch: 5450/10000 | Train Loss: 1.405e-01 | Dynamic Loss: 1.405e-01 | Regularization Loss: 2.246e-07 | Val Loss: 1.610e-01 | Time: 6.81s
2025-08-19 18:50:50,630:INFO:Epoch: 5500/10000 | Train Loss: 1.403e-01 | Dynamic Loss: 1.403e-01 | Regularization Loss: 2.520e-07 | Val Loss: 1.550e-01 | Time: 6.76s
2025-08-19 18:50:57,524:INFO:Epoch: 5550/10000 | Train Loss: 1.525e-01 | Dynamic Loss: 1.525e-01 | Regularization Loss: 2.602e-07 | Val Loss: 1.639e-01 | Time: 6.89s
2025-08-19 18:51:04,336:INFO:Epoch: 5600/10000 | Train Loss: 1.730e-01 | Dynamic Loss: 1.730e-01 | Regularization Loss: 2.473e-07 | Val Loss: 2.084e-01 | Time: 6.81s
2025-08-19 18:51:17,260:INFO:Epoch: 5650/10000 | Train Loss: 3.461e-01 | Dynamic Loss: 3.461e-01 | Regularization Loss: 2.079e-07 | Val Loss: 3.380e-01 | Time: 12.92s
2025-08-19 18:51:24,074:INFO:Epoch: 5700/10000 | Train Loss: 1.668e-01 | Dynamic Loss: 1.668e-01 | Regularization Loss: 1.669e-07 | Val Loss: 1.752e-01 | Time: 6.81s
2025-08-19 18:51:30,914:INFO:Epoch: 5750/10000 | Train Loss: 1.220e-01 | Dynamic Loss: 1.220e-01 | Regularization Loss: 1.638e-07 | Val Loss: 1.389e-01 | Time: 6.84s
2025-08-19 18:51:44,154:INFO:Epoch: 5800/10000 | Train Loss: 2.484e-01 | Dynamic Loss: 2.484e-01 | Regularization Loss: 1.703e-07 | Val Loss: 2.257e-01 | Time: 13.24s
2025-08-19 18:51:50,951:INFO:Epoch: 5850/10000 | Train Loss: 1.175e-01 | Dynamic Loss: 1.175e-01 | Regularization Loss: 1.732e-07 | Val Loss: 1.333e-01 | Time: 6.80s
2025-08-19 18:51:50,951:INFO:New best model found at epoch 5850 with validation loss 1.333e-01. Saving...
2025-08-19 18:51:57,716:INFO:Epoch: 5900/10000 | Train Loss: 1.262e-01 | Dynamic Loss: 1.262e-01 | Regularization Loss: 1.710e-07 | Val Loss: 1.387e-01 | Time: 6.75s
2025-08-19 18:52:04,705:INFO:Epoch: 5950/10000 | Train Loss: 1.114e-01 | Dynamic Loss: 1.114e-01 | Regularization Loss: 1.417e-07 | Val Loss: 1.296e-01 | Time: 6.99s
2025-08-19 18:52:04,705:INFO:New best model found at epoch 5950 with validation loss 1.296e-01. Saving...
2025-08-19 18:52:11,802:INFO:Epoch: 6000/10000 | Train Loss: 1.914e+00 | Dynamic Loss: 1.914e+00 | Regularization Loss: 1.314e-07 | Val Loss: 1.893e+00 | Time: 7.08s
2025-08-19 18:52:18,712:INFO:Epoch: 6050/10000 | Train Loss: 1.804e-01 | Dynamic Loss: 1.804e-01 | Regularization Loss: 9.148e-08 | Val Loss: 2.017e-01 | Time: 6.91s
2025-08-19 18:52:25,629:INFO:Epoch: 6100/10000 | Train Loss: 1.477e-01 | Dynamic Loss: 1.477e-01 | Regularization Loss: 8.125e-08 | Val Loss: 1.595e-01 | Time: 6.92s
2025-08-19 18:52:32,374:INFO:Epoch: 6150/10000 | Train Loss: 1.065e-01 | Dynamic Loss: 1.065e-01 | Regularization Loss: 9.208e-08 | Val Loss: 1.612e-01 | Time: 6.74s
2025-08-19 18:52:39,163:INFO:Epoch: 6200/10000 | Train Loss: 8.616e-01 | Dynamic Loss: 8.616e-01 | Regularization Loss: 8.794e-08 | Val Loss: 6.360e-01 | Time: 6.79s
2025-08-19 18:52:51,801:INFO:Epoch: 6250/10000 | Train Loss: 5.238e-01 | Dynamic Loss: 5.238e-01 | Regularization Loss: 7.352e-08 | Val Loss: 5.694e-01 | Time: 12.64s
2025-08-19 18:52:58,686:INFO:Epoch: 6300/10000 | Train Loss: 9.941e-02 | Dynamic Loss: 9.941e-02 | Regularization Loss: 6.574e-08 | Val Loss: 1.186e-01 | Time: 6.89s
2025-08-19 18:52:58,686:INFO:New best model found at epoch 6300 with validation loss 1.186e-01. Saving...
2025-08-19 18:53:05,516:INFO:Epoch: 6350/10000 | Train Loss: 2.149e-01 | Dynamic Loss: 2.149e-01 | Regularization Loss: 7.033e-08 | Val Loss: 5.832e-01 | Time: 6.82s
2025-08-19 18:53:18,659:INFO:Epoch: 6400/10000 | Train Loss: 1.108e-01 | Dynamic Loss: 1.108e-01 | Regularization Loss: 5.745e-08 | Val Loss: 1.280e-01 | Time: 13.14s
2025-08-19 18:53:25,460:INFO:Epoch: 6450/10000 | Train Loss: 1.863e-01 | Dynamic Loss: 1.863e-01 | Regularization Loss: 6.625e-08 | Val Loss: 1.918e-01 | Time: 6.80s
2025-08-19 18:53:32,264:INFO:Epoch: 6500/10000 | Train Loss: 1.132e-01 | Dynamic Loss: 1.132e-01 | Regularization Loss: 5.996e-08 | Val Loss: 1.280e-01 | Time: 6.80s
2025-08-19 18:53:45,366:INFO:Epoch: 6550/10000 | Train Loss: 1.310e-01 | Dynamic Loss: 1.310e-01 | Regularization Loss: 5.481e-08 | Val Loss: 1.450e-01 | Time: 13.10s
2025-08-19 18:53:52,242:INFO:Epoch: 6600/10000 | Train Loss: 1.414e-01 | Dynamic Loss: 1.414e-01 | Regularization Loss: 4.084e-08 | Val Loss: 1.525e-01 | Time: 6.88s
2025-08-19 18:53:59,110:INFO:Epoch: 6650/10000 | Train Loss: 1.109e-01 | Dynamic Loss: 1.109e-01 | Regularization Loss: 3.941e-08 | Val Loss: 1.269e-01 | Time: 6.87s
2025-08-19 18:54:12,206:INFO:Epoch: 6700/10000 | Train Loss: 3.372e-01 | Dynamic Loss: 3.372e-01 | Regularization Loss: 4.488e-08 | Val Loss: 6.312e-01 | Time: 13.10s
2025-08-19 18:54:19,009:INFO:Epoch: 6750/10000 | Train Loss: 9.180e-02 | Dynamic Loss: 9.180e-02 | Regularization Loss: 3.998e-08 | Val Loss: 1.080e-01 | Time: 6.80s
2025-08-19 18:54:19,009:INFO:New best model found at epoch 6750 with validation loss 1.080e-01. Saving...
2025-08-19 18:54:25,856:INFO:Epoch: 6800/10000 | Train Loss: 1.472e-01 | Dynamic Loss: 1.472e-01 | Regularization Loss: 2.574e-08 | Val Loss: 1.655e-01 | Time: 6.83s
2025-08-19 18:54:38,930:INFO:Epoch: 6850/10000 | Train Loss: 4.233e-01 | Dynamic Loss: 4.233e-01 | Regularization Loss: 1.488e-08 | Val Loss: 3.629e-01 | Time: 13.07s
2025-08-19 18:54:45,806:INFO:Epoch: 6900/10000 | Train Loss: 1.018e-01 | Dynamic Loss: 1.018e-01 | Regularization Loss: 1.187e-08 | Val Loss: 1.150e-01 | Time: 6.88s
2025-08-19 18:54:52,692:INFO:Epoch: 6950/10000 | Train Loss: 9.725e-02 | Dynamic Loss: 9.725e-02 | Regularization Loss: 1.321e-08 | Val Loss: 1.169e-01 | Time: 6.89s
2025-08-19 18:55:05,782:INFO:Epoch: 7000/10000 | Train Loss: 9.727e-02 | Dynamic Loss: 9.727e-02 | Regularization Loss: 1.031e-08 | Val Loss: 1.145e-01 | Time: 13.09s
2025-08-19 18:55:12,586:INFO:Epoch: 7050/10000 | Train Loss: 1.139e-01 | Dynamic Loss: 1.139e-01 | Regularization Loss: 1.003e-08 | Val Loss: 1.221e-01 | Time: 6.80s
2025-08-19 18:55:19,362:INFO:Epoch: 7100/10000 | Train Loss: 9.795e-02 | Dynamic Loss: 9.795e-02 | Regularization Loss: 7.697e-09 | Val Loss: 1.160e-01 | Time: 6.78s
2025-08-19 18:55:32,493:INFO:Epoch: 7150/10000 | Train Loss: 1.682e-01 | Dynamic Loss: 1.682e-01 | Regularization Loss: 6.553e-09 | Val Loss: 1.801e-01 | Time: 13.13s
2025-08-19 18:55:39,409:INFO:Epoch: 7200/10000 | Train Loss: 2.451e-01 | Dynamic Loss: 2.451e-01 | Regularization Loss: 5.724e-09 | Val Loss: 3.839e-01 | Time: 6.92s
2025-08-19 18:55:46,310:INFO:Epoch: 7250/10000 | Train Loss: 1.673e-01 | Dynamic Loss: 1.673e-01 | Regularization Loss: 5.820e-09 | Val Loss: 1.701e-01 | Time: 6.90s
2025-08-19 18:55:59,475:INFO:Epoch: 7300/10000 | Train Loss: 8.514e-02 | Dynamic Loss: 8.514e-02 | Regularization Loss: 5.206e-09 | Val Loss: 1.016e-01 | Time: 13.17s
2025-08-19 18:55:59,475:INFO:New best model found at epoch 7300 with validation loss 1.016e-01. Saving...
2025-08-19 18:56:06,365:INFO:Epoch: 7350/10000 | Train Loss: 1.564e-01 | Dynamic Loss: 1.564e-01 | Regularization Loss: 4.045e-09 | Val Loss: 1.573e-01 | Time: 6.86s
2025-08-19 18:56:13,295:INFO:Epoch: 7400/10000 | Train Loss: 8.066e-02 | Dynamic Loss: 8.066e-02 | Regularization Loss: 4.893e-09 | Val Loss: 9.660e-02 | Time: 6.93s
2025-08-19 18:56:13,296:INFO:New best model found at epoch 7400 with validation loss 9.660e-02. Saving...
2025-08-19 18:56:20,054:INFO:Epoch: 7450/10000 | Train Loss: 1.292e-01 | Dynamic Loss: 1.292e-01 | Regularization Loss: 2.826e-09 | Val Loss: 1.444e-01 | Time: 6.73s
2025-08-19 18:56:26,818:INFO:Epoch: 7500/10000 | Train Loss: 1.071e-01 | Dynamic Loss: 1.071e-01 | Regularization Loss: 3.485e-09 | Val Loss: 1.262e-01 | Time: 6.76s
2025-08-19 18:56:33,685:INFO:Epoch: 7550/10000 | Train Loss: 5.420e-01 | Dynamic Loss: 5.420e-01 | Regularization Loss: 3.400e-09 | Val Loss: 4.271e-01 | Time: 6.87s
2025-08-19 18:56:40,525:INFO:Epoch: 7600/10000 | Train Loss: 1.114e-01 | Dynamic Loss: 1.114e-01 | Regularization Loss: 2.836e-09 | Val Loss: 1.242e-01 | Time: 6.84s
