2025-08-18 21:32:46,170:INFO:Created DataLoaders with 5994 training samples and 1998 validation samples.
2025-08-18 21:32:48,259:INFO:model params: 526849
2025-08-18 21:32:51,546:INFO:Epoch: 0/10000 | Train Loss: 3.166e+00 | Dynamic Loss: 3.165e+00 | Regularization Loss: 8.691e-04 | Val Loss: 2.207e+00 | Time: 3.29s
2025-08-18 21:32:51,546:INFO:New best model found at epoch 0 with validation loss 2.207e+00. Saving...
2025-08-18 21:32:57,112:INFO:Epoch: 50/10000 | Train Loss: 1.651e+00 | Dynamic Loss: 1.651e+00 | Regularization Loss: 7.950e-06 | Val Loss: 1.682e+00 | Time: 5.49s
2025-08-18 21:32:57,112:INFO:New best model found at epoch 50 with validation loss 1.682e+00. Saving...
2025-08-18 21:33:02,641:INFO:Epoch: 100/10000 | Train Loss: 1.501e+00 | Dynamic Loss: 1.501e+00 | Regularization Loss: 3.222e-06 | Val Loss: 1.518e+00 | Time: 5.52s
2025-08-18 21:33:02,641:INFO:New best model found at epoch 100 with validation loss 1.518e+00. Saving...
2025-08-18 21:33:08,338:INFO:Epoch: 150/10000 | Train Loss: 1.364e+00 | Dynamic Loss: 1.364e+00 | Regularization Loss: 1.810e-06 | Val Loss: 1.402e+00 | Time: 5.69s
2025-08-18 21:33:08,338:INFO:New best model found at epoch 150 with validation loss 1.402e+00. Saving...
2025-08-18 21:33:16,743:INFO:Epoch: 200/10000 | Train Loss: 1.260e+00 | Dynamic Loss: 1.260e+00 | Regularization Loss: 1.182e-06 | Val Loss: 1.304e+00 | Time: 8.39s
2025-08-18 21:33:16,743:INFO:New best model found at epoch 200 with validation loss 1.304e+00. Saving...
2025-08-18 21:33:22,253:INFO:Epoch: 250/10000 | Train Loss: 1.197e+00 | Dynamic Loss: 1.197e+00 | Regularization Loss: 8.446e-07 | Val Loss: 1.238e+00 | Time: 5.50s
2025-08-18 21:33:22,253:INFO:New best model found at epoch 250 with validation loss 1.238e+00. Saving...
2025-08-18 21:33:27,855:INFO:Epoch: 300/10000 | Train Loss: 1.127e+00 | Dynamic Loss: 1.127e+00 | Regularization Loss: 6.518e-07 | Val Loss: 1.174e+00 | Time: 5.59s
2025-08-18 21:33:27,855:INFO:New best model found at epoch 300 with validation loss 1.174e+00. Saving...
2025-08-18 21:33:33,561:INFO:Epoch: 350/10000 | Train Loss: 1.047e+00 | Dynamic Loss: 1.047e+00 | Regularization Loss: 5.505e-07 | Val Loss: 1.111e+00 | Time: 5.70s
2025-08-18 21:33:33,561:INFO:New best model found at epoch 350 with validation loss 1.111e+00. Saving...
2025-08-18 21:33:39,238:INFO:Epoch: 400/10000 | Train Loss: 9.721e-01 | Dynamic Loss: 9.721e-01 | Regularization Loss: 5.173e-07 | Val Loss: 1.046e+00 | Time: 5.67s
2025-08-18 21:33:39,239:INFO:New best model found at epoch 400 with validation loss 1.046e+00. Saving...
2025-08-18 21:33:44,901:INFO:Epoch: 450/10000 | Train Loss: 9.169e-01 | Dynamic Loss: 9.169e-01 | Regularization Loss: 5.128e-07 | Val Loss: 9.931e-01 | Time: 5.65s
2025-08-18 21:33:44,901:INFO:New best model found at epoch 450 with validation loss 9.931e-01. Saving...
2025-08-18 21:33:50,529:INFO:Epoch: 500/10000 | Train Loss: 8.574e-01 | Dynamic Loss: 8.574e-01 | Regularization Loss: 5.705e-07 | Val Loss: 9.359e-01 | Time: 5.62s
2025-08-18 21:33:50,530:INFO:New best model found at epoch 500 with validation loss 9.359e-01. Saving...
2025-08-18 21:34:02,579:INFO:Epoch: 550/10000 | Train Loss: 9.332e-01 | Dynamic Loss: 9.332e-01 | Regularization Loss: 5.999e-07 | Val Loss: 1.060e+00 | Time: 12.04s
2025-08-18 21:34:08,119:INFO:Epoch: 600/10000 | Train Loss: 7.701e-01 | Dynamic Loss: 7.701e-01 | Regularization Loss: 8.611e-07 | Val Loss: 8.519e-01 | Time: 5.54s
2025-08-18 21:34:08,119:INFO:New best model found at epoch 600 with validation loss 8.519e-01. Saving...
2025-08-18 21:34:13,900:INFO:Epoch: 650/10000 | Train Loss: 7.283e-01 | Dynamic Loss: 7.283e-01 | Regularization Loss: 9.480e-07 | Val Loss: 8.119e-01 | Time: 5.77s
2025-08-18 21:34:13,900:INFO:New best model found at epoch 650 with validation loss 8.119e-01. Saving...
2025-08-18 21:34:19,402:INFO:Epoch: 700/10000 | Train Loss: 7.010e-01 | Dynamic Loss: 7.010e-01 | Regularization Loss: 1.257e-06 | Val Loss: 7.830e-01 | Time: 5.49s
2025-08-18 21:34:19,402:INFO:New best model found at epoch 700 with validation loss 7.830e-01. Saving...
2025-08-18 21:34:25,052:INFO:Epoch: 750/10000 | Train Loss: 6.611e-01 | Dynamic Loss: 6.611e-01 | Regularization Loss: 2.014e-06 | Val Loss: 7.417e-01 | Time: 5.64s
2025-08-18 21:34:25,054:INFO:New best model found at epoch 750 with validation loss 7.417e-01. Saving...
2025-08-18 21:34:35,204:INFO:Epoch: 800/10000 | Train Loss: 6.310e-01 | Dynamic Loss: 6.310e-01 | Regularization Loss: 1.961e-06 | Val Loss: 7.143e-01 | Time: 10.14s
2025-08-18 21:34:35,204:INFO:New best model found at epoch 800 with validation loss 7.143e-01. Saving...
2025-08-18 21:34:40,871:INFO:Epoch: 850/10000 | Train Loss: 6.289e-01 | Dynamic Loss: 6.289e-01 | Regularization Loss: 1.973e-06 | Val Loss: 7.332e-01 | Time: 5.66s
2025-08-18 21:34:46,433:INFO:Epoch: 900/10000 | Train Loss: 5.901e-01 | Dynamic Loss: 5.901e-01 | Regularization Loss: 3.083e-06 | Val Loss: 6.748e-01 | Time: 5.56s
2025-08-18 21:34:46,433:INFO:New best model found at epoch 900 with validation loss 6.748e-01. Saving...
2025-08-18 21:34:52,198:INFO:Epoch: 950/10000 | Train Loss: 5.703e-01 | Dynamic Loss: 5.703e-01 | Regularization Loss: 3.053e-06 | Val Loss: 6.647e-01 | Time: 5.76s
2025-08-18 21:34:52,198:INFO:New best model found at epoch 950 with validation loss 6.647e-01. Saving...
2025-08-18 21:34:58,129:INFO:Epoch: 1000/10000 | Train Loss: 5.632e-01 | Dynamic Loss: 5.632e-01 | Regularization Loss: 3.749e-06 | Val Loss: 6.501e-01 | Time: 5.92s
2025-08-18 21:34:58,129:INFO:New best model found at epoch 1000 with validation loss 6.501e-01. Saving...
2025-08-18 21:35:03,866:INFO:Epoch: 1050/10000 | Train Loss: 5.564e-01 | Dynamic Loss: 5.564e-01 | Regularization Loss: 3.819e-06 | Val Loss: 6.208e-01 | Time: 5.73s
2025-08-18 21:35:03,866:INFO:New best model found at epoch 1050 with validation loss 6.208e-01. Saving...
2025-08-18 21:35:09,637:INFO:Epoch: 1100/10000 | Train Loss: 5.112e-01 | Dynamic Loss: 5.112e-01 | Regularization Loss: 3.144e-06 | Val Loss: 6.226e-01 | Time: 5.76s
2025-08-18 21:35:18,543:INFO:Epoch: 1150/10000 | Train Loss: 4.869e-01 | Dynamic Loss: 4.869e-01 | Regularization Loss: 3.647e-06 | Val Loss: 5.835e-01 | Time: 8.91s
2025-08-18 21:35:18,543:INFO:New best model found at epoch 1150 with validation loss 5.835e-01. Saving...
2025-08-18 21:35:24,425:INFO:Epoch: 1200/10000 | Train Loss: 4.555e-01 | Dynamic Loss: 4.555e-01 | Regularization Loss: 4.763e-06 | Val Loss: 5.518e-01 | Time: 5.87s
2025-08-18 21:35:24,426:INFO:New best model found at epoch 1200 with validation loss 5.518e-01. Saving...
2025-08-18 21:35:30,307:INFO:Epoch: 1250/10000 | Train Loss: 4.294e-01 | Dynamic Loss: 4.294e-01 | Regularization Loss: 4.359e-06 | Val Loss: 5.302e-01 | Time: 5.87s
2025-08-18 21:35:30,308:INFO:New best model found at epoch 1250 with validation loss 5.302e-01. Saving...
2025-08-18 21:35:38,955:INFO:Epoch: 1300/10000 | Train Loss: 4.007e-01 | Dynamic Loss: 4.007e-01 | Regularization Loss: 4.637e-06 | Val Loss: 5.023e-01 | Time: 8.64s
2025-08-18 21:35:38,955:INFO:New best model found at epoch 1300 with validation loss 5.023e-01. Saving...
2025-08-18 21:35:44,828:INFO:Epoch: 1350/10000 | Train Loss: 4.119e-01 | Dynamic Loss: 4.119e-01 | Regularization Loss: 6.393e-06 | Val Loss: 4.900e-01 | Time: 5.86s
2025-08-18 21:35:44,828:INFO:New best model found at epoch 1350 with validation loss 4.900e-01. Saving...
2025-08-18 21:35:56,118:INFO:Epoch: 1400/10000 | Train Loss: 3.638e-01 | Dynamic Loss: 3.638e-01 | Regularization Loss: 6.015e-06 | Val Loss: 4.589e-01 | Time: 11.28s
2025-08-18 21:35:56,118:INFO:New best model found at epoch 1400 with validation loss 4.589e-01. Saving...
2025-08-18 21:36:01,946:INFO:Epoch: 1450/10000 | Train Loss: 3.493e-01 | Dynamic Loss: 3.493e-01 | Regularization Loss: 5.634e-06 | Val Loss: 4.458e-01 | Time: 5.82s
2025-08-18 21:36:01,947:INFO:New best model found at epoch 1450 with validation loss 4.458e-01. Saving...
2025-08-18 21:36:07,884:INFO:Epoch: 1500/10000 | Train Loss: 3.205e-01 | Dynamic Loss: 3.205e-01 | Regularization Loss: 5.196e-06 | Val Loss: 4.318e-01 | Time: 5.93s
2025-08-18 21:36:07,885:INFO:New best model found at epoch 1500 with validation loss 4.318e-01. Saving...
2025-08-18 21:36:13,698:INFO:Epoch: 1550/10000 | Train Loss: 2.970e-01 | Dynamic Loss: 2.969e-01 | Regularization Loss: 7.018e-06 | Val Loss: 4.113e-01 | Time: 5.80s
2025-08-18 21:36:13,698:INFO:New best model found at epoch 1550 with validation loss 4.113e-01. Saving...
2025-08-18 21:36:19,549:INFO:Epoch: 1600/10000 | Train Loss: 2.804e-01 | Dynamic Loss: 2.804e-01 | Regularization Loss: 5.763e-06 | Val Loss: 4.051e-01 | Time: 5.84s
2025-08-18 21:36:19,549:INFO:New best model found at epoch 1600 with validation loss 4.051e-01. Saving...
2025-08-18 21:36:25,316:INFO:Epoch: 1650/10000 | Train Loss: 2.660e-01 | Dynamic Loss: 2.660e-01 | Regularization Loss: 5.618e-06 | Val Loss: 3.838e-01 | Time: 5.76s
2025-08-18 21:36:25,316:INFO:New best model found at epoch 1650 with validation loss 3.838e-01. Saving...
2025-08-18 21:36:31,130:INFO:Epoch: 1700/10000 | Train Loss: 2.615e-01 | Dynamic Loss: 2.615e-01 | Regularization Loss: 5.678e-06 | Val Loss: 3.774e-01 | Time: 5.81s
2025-08-18 21:36:31,131:INFO:New best model found at epoch 1700 with validation loss 3.774e-01. Saving...
2025-08-18 21:36:39,088:INFO:Epoch: 1750/10000 | Train Loss: 2.920e-01 | Dynamic Loss: 2.920e-01 | Regularization Loss: 5.666e-06 | Val Loss: 3.708e-01 | Time: 7.95s
2025-08-18 21:36:39,088:INFO:New best model found at epoch 1750 with validation loss 3.708e-01. Saving...
2025-08-18 21:36:44,882:INFO:Epoch: 1800/10000 | Train Loss: 2.496e-01 | Dynamic Loss: 2.496e-01 | Regularization Loss: 6.121e-06 | Val Loss: 3.602e-01 | Time: 5.79s
2025-08-18 21:36:44,882:INFO:New best model found at epoch 1800 with validation loss 3.602e-01. Saving...
2025-08-18 21:36:50,743:INFO:Epoch: 1850/10000 | Train Loss: 2.418e-01 | Dynamic Loss: 2.418e-01 | Regularization Loss: 6.569e-06 | Val Loss: 3.626e-01 | Time: 5.85s
2025-08-18 21:36:56,532:INFO:Epoch: 1900/10000 | Train Loss: 2.444e-01 | Dynamic Loss: 2.444e-01 | Regularization Loss: 6.728e-06 | Val Loss: 3.645e-01 | Time: 5.79s
2025-08-18 21:37:02,442:INFO:Epoch: 1950/10000 | Train Loss: 2.753e-01 | Dynamic Loss: 2.753e-01 | Regularization Loss: 5.652e-06 | Val Loss: 3.861e-01 | Time: 5.91s
2025-08-18 21:37:12,362:INFO:Epoch: 2000/10000 | Train Loss: 2.505e-01 | Dynamic Loss: 2.505e-01 | Regularization Loss: 6.633e-06 | Val Loss: 3.393e-01 | Time: 9.92s
2025-08-18 21:37:12,362:INFO:New best model found at epoch 2000 with validation loss 3.393e-01. Saving...
2025-08-18 21:37:18,144:INFO:Epoch: 2050/10000 | Train Loss: 2.293e-01 | Dynamic Loss: 2.293e-01 | Regularization Loss: 6.733e-06 | Val Loss: 3.354e-01 | Time: 5.77s
2025-08-18 21:37:18,144:INFO:New best model found at epoch 2050 with validation loss 3.354e-01. Saving...
2025-08-18 21:37:24,068:INFO:Epoch: 2100/10000 | Train Loss: 2.197e-01 | Dynamic Loss: 2.197e-01 | Regularization Loss: 6.030e-06 | Val Loss: 3.290e-01 | Time: 5.91s
2025-08-18 21:37:24,068:INFO:New best model found at epoch 2100 with validation loss 3.290e-01. Saving...
2025-08-18 21:37:29,854:INFO:Epoch: 2150/10000 | Train Loss: 2.125e-01 | Dynamic Loss: 2.125e-01 | Regularization Loss: 4.921e-06 | Val Loss: 3.226e-01 | Time: 5.78s
2025-08-18 21:37:29,854:INFO:New best model found at epoch 2150 with validation loss 3.226e-01. Saving...
2025-08-18 21:37:35,712:INFO:Epoch: 2200/10000 | Train Loss: 2.472e-01 | Dynamic Loss: 2.472e-01 | Regularization Loss: 4.436e-06 | Val Loss: 3.513e-01 | Time: 5.85s
2025-08-18 21:37:46,599:INFO:Epoch: 2250/10000 | Train Loss: 1.973e-01 | Dynamic Loss: 1.973e-01 | Regularization Loss: 4.469e-06 | Val Loss: 3.127e-01 | Time: 10.89s
2025-08-18 21:37:46,599:INFO:New best model found at epoch 2250 with validation loss 3.127e-01. Saving...
2025-08-18 21:37:52,298:INFO:Epoch: 2300/10000 | Train Loss: 2.007e-01 | Dynamic Loss: 2.007e-01 | Regularization Loss: 4.050e-06 | Val Loss: 3.112e-01 | Time: 5.69s
2025-08-18 21:37:52,298:INFO:New best model found at epoch 2300 with validation loss 3.112e-01. Saving...
2025-08-18 21:37:58,062:INFO:Epoch: 2350/10000 | Train Loss: 1.941e-01 | Dynamic Loss: 1.941e-01 | Regularization Loss: 3.501e-06 | Val Loss: 3.159e-01 | Time: 5.75s
2025-08-18 21:38:03,702:INFO:Epoch: 2400/10000 | Train Loss: 1.925e-01 | Dynamic Loss: 1.925e-01 | Regularization Loss: 3.163e-06 | Val Loss: 3.030e-01 | Time: 5.64s
2025-08-18 21:38:03,703:INFO:New best model found at epoch 2400 with validation loss 3.030e-01. Saving...
2025-08-18 21:38:09,445:INFO:Epoch: 2450/10000 | Train Loss: 1.827e-01 | Dynamic Loss: 1.827e-01 | Regularization Loss: 4.017e-06 | Val Loss: 3.028e-01 | Time: 5.73s
2025-08-18 21:38:09,445:INFO:New best model found at epoch 2450 with validation loss 3.028e-01. Saving...
2025-08-18 21:38:20,622:INFO:Epoch: 2500/10000 | Train Loss: 1.820e-01 | Dynamic Loss: 1.820e-01 | Regularization Loss: 3.444e-06 | Val Loss: 2.946e-01 | Time: 11.17s
2025-08-18 21:38:20,622:INFO:New best model found at epoch 2500 with validation loss 2.946e-01. Saving...
2025-08-18 21:38:26,317:INFO:Epoch: 2550/10000 | Train Loss: 2.042e-01 | Dynamic Loss: 2.042e-01 | Regularization Loss: 3.805e-06 | Val Loss: 3.104e-01 | Time: 5.69s
2025-08-18 21:38:32,163:INFO:Epoch: 2600/10000 | Train Loss: 1.762e-01 | Dynamic Loss: 1.762e-01 | Regularization Loss: 2.884e-06 | Val Loss: 2.942e-01 | Time: 5.85s
2025-08-18 21:38:32,163:INFO:New best model found at epoch 2600 with validation loss 2.942e-01. Saving...
2025-08-18 21:38:37,871:INFO:Epoch: 2650/10000 | Train Loss: 1.928e-01 | Dynamic Loss: 1.928e-01 | Regularization Loss: 2.971e-06 | Val Loss: 3.048e-01 | Time: 5.70s
2025-08-18 21:38:43,734:INFO:Epoch: 2700/10000 | Train Loss: 1.763e-01 | Dynamic Loss: 1.763e-01 | Regularization Loss: 2.912e-06 | Val Loss: 3.102e-01 | Time: 5.86s
2025-08-18 21:38:49,591:INFO:Epoch: 2750/10000 | Train Loss: 1.658e-01 | Dynamic Loss: 1.658e-01 | Regularization Loss: 2.690e-06 | Val Loss: 2.936e-01 | Time: 5.86s
2025-08-18 21:38:49,591:INFO:New best model found at epoch 2750 with validation loss 2.936e-01. Saving...
2025-08-18 21:38:55,395:INFO:Epoch: 2800/10000 | Train Loss: 1.650e-01 | Dynamic Loss: 1.650e-01 | Regularization Loss: 2.461e-06 | Val Loss: 2.840e-01 | Time: 5.79s
2025-08-18 21:38:55,395:INFO:New best model found at epoch 2800 with validation loss 2.840e-01. Saving...
2025-08-18 21:39:06,224:INFO:Epoch: 2850/10000 | Train Loss: 1.532e-01 | Dynamic Loss: 1.532e-01 | Regularization Loss: 2.185e-06 | Val Loss: 2.782e-01 | Time: 10.82s
2025-08-18 21:39:06,224:INFO:New best model found at epoch 2850 with validation loss 2.782e-01. Saving...
2025-08-18 21:39:11,975:INFO:Epoch: 2900/10000 | Train Loss: 2.026e-01 | Dynamic Loss: 2.026e-01 | Regularization Loss: 2.354e-06 | Val Loss: 2.994e-01 | Time: 5.74s
2025-08-18 21:39:17,764:INFO:Epoch: 2950/10000 | Train Loss: 1.599e-01 | Dynamic Loss: 1.599e-01 | Regularization Loss: 2.258e-06 | Val Loss: 2.819e-01 | Time: 5.79s
2025-08-18 21:39:23,592:INFO:Epoch: 3000/10000 | Train Loss: 1.578e-01 | Dynamic Loss: 1.578e-01 | Regularization Loss: 2.056e-06 | Val Loss: 2.723e-01 | Time: 5.83s
2025-08-18 21:39:23,592:INFO:New best model found at epoch 3000 with validation loss 2.723e-01. Saving...
2025-08-18 21:39:29,405:INFO:Epoch: 3050/10000 | Train Loss: 1.417e-01 | Dynamic Loss: 1.417e-01 | Regularization Loss: 2.011e-06 | Val Loss: 2.668e-01 | Time: 5.80s
2025-08-18 21:39:29,405:INFO:New best model found at epoch 3050 with validation loss 2.668e-01. Saving...
2025-08-18 21:39:41,588:INFO:Epoch: 3100/10000 | Train Loss: 1.523e-01 | Dynamic Loss: 1.523e-01 | Regularization Loss: 2.035e-06 | Val Loss: 2.744e-01 | Time: 12.17s
2025-08-18 21:39:47,325:INFO:Epoch: 3150/10000 | Train Loss: 1.468e-01 | Dynamic Loss: 1.468e-01 | Regularization Loss: 1.983e-06 | Val Loss: 2.743e-01 | Time: 5.74s
2025-08-18 21:39:53,144:INFO:Epoch: 3200/10000 | Train Loss: 1.513e-01 | Dynamic Loss: 1.513e-01 | Regularization Loss: 1.997e-06 | Val Loss: 2.808e-01 | Time: 5.82s
2025-08-18 21:39:59,314:INFO:Epoch: 3250/10000 | Train Loss: 1.494e-01 | Dynamic Loss: 1.494e-01 | Regularization Loss: 1.770e-06 | Val Loss: 2.710e-01 | Time: 6.17s
2025-08-18 21:40:05,178:INFO:Epoch: 3300/10000 | Train Loss: 1.315e-01 | Dynamic Loss: 1.315e-01 | Regularization Loss: 1.978e-06 | Val Loss: 2.637e-01 | Time: 5.86s
2025-08-18 21:40:05,178:INFO:New best model found at epoch 3300 with validation loss 2.637e-01. Saving...
2025-08-18 21:40:10,942:INFO:Epoch: 3350/10000 | Train Loss: 1.369e-01 | Dynamic Loss: 1.369e-01 | Regularization Loss: 2.024e-06 | Val Loss: 2.608e-01 | Time: 5.75s
2025-08-18 21:40:10,942:INFO:New best model found at epoch 3350 with validation loss 2.608e-01. Saving...
2025-08-18 21:40:16,704:INFO:Epoch: 3400/10000 | Train Loss: 1.359e-01 | Dynamic Loss: 1.359e-01 | Regularization Loss: 1.728e-06 | Val Loss: 2.659e-01 | Time: 5.75s
2025-08-18 21:40:27,115:INFO:Epoch: 3450/10000 | Train Loss: 1.272e-01 | Dynamic Loss: 1.271e-01 | Regularization Loss: 2.019e-06 | Val Loss: 2.620e-01 | Time: 10.41s
2025-08-18 21:40:32,707:INFO:Epoch: 3500/10000 | Train Loss: 1.180e-01 | Dynamic Loss: 1.180e-01 | Regularization Loss: 2.117e-06 | Val Loss: 2.496e-01 | Time: 5.59s
2025-08-18 21:40:32,707:INFO:New best model found at epoch 3500 with validation loss 2.496e-01. Saving...
2025-08-18 21:40:38,401:INFO:Epoch: 3550/10000 | Train Loss: 1.279e-01 | Dynamic Loss: 1.279e-01 | Regularization Loss: 2.195e-06 | Val Loss: 2.509e-01 | Time: 5.68s
2025-08-18 21:40:44,190:INFO:Epoch: 3600/10000 | Train Loss: 1.215e-01 | Dynamic Loss: 1.215e-01 | Regularization Loss: 2.194e-06 | Val Loss: 2.505e-01 | Time: 5.79s
2025-08-18 21:40:50,060:INFO:Epoch: 3650/10000 | Train Loss: 1.136e-01 | Dynamic Loss: 1.136e-01 | Regularization Loss: 2.447e-06 | Val Loss: 2.504e-01 | Time: 5.87s
2025-08-18 21:40:55,788:INFO:Epoch: 3700/10000 | Train Loss: 1.105e-01 | Dynamic Loss: 1.105e-01 | Regularization Loss: 2.405e-06 | Val Loss: 2.434e-01 | Time: 5.73s
2025-08-18 21:40:55,788:INFO:New best model found at epoch 3700 with validation loss 2.434e-01. Saving...
2025-08-18 21:41:01,553:INFO:Epoch: 3750/10000 | Train Loss: 1.082e-01 | Dynamic Loss: 1.082e-01 | Regularization Loss: 2.392e-06 | Val Loss: 2.458e-01 | Time: 5.76s
2025-08-18 21:41:07,360:INFO:Epoch: 3800/10000 | Train Loss: 1.134e-01 | Dynamic Loss: 1.134e-01 | Regularization Loss: 2.342e-06 | Val Loss: 2.497e-01 | Time: 5.81s
2025-08-18 21:41:13,197:INFO:Epoch: 3850/10000 | Train Loss: 1.721e-01 | Dynamic Loss: 1.721e-01 | Regularization Loss: 2.424e-06 | Val Loss: 2.956e-01 | Time: 5.84s
2025-08-18 21:41:18,948:INFO:Epoch: 3900/10000 | Train Loss: 1.069e-01 | Dynamic Loss: 1.068e-01 | Regularization Loss: 2.485e-06 | Val Loss: 2.437e-01 | Time: 5.75s
2025-08-18 21:41:29,403:INFO:Epoch: 3950/10000 | Train Loss: 1.177e-01 | Dynamic Loss: 1.177e-01 | Regularization Loss: 2.100e-06 | Val Loss: 2.585e-01 | Time: 10.46s
2025-08-18 21:41:35,260:INFO:Epoch: 4000/10000 | Train Loss: 1.115e-01 | Dynamic Loss: 1.115e-01 | Regularization Loss: 2.438e-06 | Val Loss: 2.440e-01 | Time: 5.86s
2025-08-18 21:41:42,830:INFO:Epoch: 4050/10000 | Train Loss: 9.931e-02 | Dynamic Loss: 9.931e-02 | Regularization Loss: 2.426e-06 | Val Loss: 2.349e-01 | Time: 7.57s
2025-08-18 21:41:42,830:INFO:New best model found at epoch 4050 with validation loss 2.349e-01. Saving...
2025-08-18 21:41:48,689:INFO:Epoch: 4100/10000 | Train Loss: 1.015e-01 | Dynamic Loss: 1.015e-01 | Regularization Loss: 2.218e-06 | Val Loss: 2.406e-01 | Time: 5.85s
2025-08-18 21:41:54,594:INFO:Epoch: 4150/10000 | Train Loss: 1.037e-01 | Dynamic Loss: 1.037e-01 | Regularization Loss: 2.088e-06 | Val Loss: 2.378e-01 | Time: 5.90s
2025-08-18 21:42:00,364:INFO:Epoch: 4200/10000 | Train Loss: 9.928e-02 | Dynamic Loss: 9.928e-02 | Regularization Loss: 2.219e-06 | Val Loss: 2.342e-01 | Time: 5.77s
2025-08-18 21:42:00,364:INFO:New best model found at epoch 4200 with validation loss 2.342e-01. Saving...
2025-08-18 21:42:06,247:INFO:Epoch: 4250/10000 | Train Loss: 1.456e-01 | Dynamic Loss: 1.456e-01 | Regularization Loss: 1.530e-06 | Val Loss: 2.920e-01 | Time: 5.87s
2025-08-18 21:42:12,025:INFO:Epoch: 4300/10000 | Train Loss: 1.039e-01 | Dynamic Loss: 1.039e-01 | Regularization Loss: 2.189e-06 | Val Loss: 2.379e-01 | Time: 5.78s
2025-08-18 21:42:17,806:INFO:Epoch: 4350/10000 | Train Loss: 9.504e-02 | Dynamic Loss: 9.504e-02 | Regularization Loss: 2.106e-06 | Val Loss: 2.245e-01 | Time: 5.78s
2025-08-18 21:42:17,807:INFO:New best model found at epoch 4350 with validation loss 2.245e-01. Saving...
2025-08-18 21:42:30,108:INFO:Epoch: 4400/10000 | Train Loss: 9.357e-02 | Dynamic Loss: 9.357e-02 | Regularization Loss: 2.102e-06 | Val Loss: 2.265e-01 | Time: 12.29s
2025-08-18 21:42:35,844:INFO:Epoch: 4450/10000 | Train Loss: 9.146e-02 | Dynamic Loss: 9.146e-02 | Regularization Loss: 2.002e-06 | Val Loss: 2.248e-01 | Time: 5.74s
2025-08-18 21:42:41,488:INFO:Epoch: 4500/10000 | Train Loss: 9.362e-02 | Dynamic Loss: 9.362e-02 | Regularization Loss: 1.973e-06 | Val Loss: 2.297e-01 | Time: 5.64s
2025-08-18 21:42:47,275:INFO:Epoch: 4550/10000 | Train Loss: 8.737e-02 | Dynamic Loss: 8.736e-02 | Regularization Loss: 1.913e-06 | Val Loss: 2.230e-01 | Time: 5.79s
2025-08-18 21:42:47,275:INFO:New best model found at epoch 4550 with validation loss 2.230e-01. Saving...
2025-08-18 21:42:53,184:INFO:Epoch: 4600/10000 | Train Loss: 8.924e-02 | Dynamic Loss: 8.923e-02 | Regularization Loss: 1.913e-06 | Val Loss: 2.234e-01 | Time: 5.90s
2025-08-18 21:42:58,983:INFO:Epoch: 4650/10000 | Train Loss: 9.345e-02 | Dynamic Loss: 9.345e-02 | Regularization Loss: 1.856e-06 | Val Loss: 2.303e-01 | Time: 5.80s
2025-08-18 21:43:04,844:INFO:Epoch: 4700/10000 | Train Loss: 9.092e-02 | Dynamic Loss: 9.092e-02 | Regularization Loss: 1.778e-06 | Val Loss: 2.260e-01 | Time: 5.86s
2025-08-18 21:43:17,459:INFO:Epoch: 4750/10000 | Train Loss: 8.701e-02 | Dynamic Loss: 8.701e-02 | Regularization Loss: 1.768e-06 | Val Loss: 2.282e-01 | Time: 12.61s
2025-08-18 21:43:23,231:INFO:Epoch: 4800/10000 | Train Loss: 1.028e-01 | Dynamic Loss: 1.028e-01 | Regularization Loss: 1.616e-06 | Val Loss: 2.434e-01 | Time: 5.77s
2025-08-18 21:43:29,049:INFO:Epoch: 4850/10000 | Train Loss: 7.754e-02 | Dynamic Loss: 7.754e-02 | Regularization Loss: 1.756e-06 | Val Loss: 2.167e-01 | Time: 5.82s
2025-08-18 21:43:29,049:INFO:New best model found at epoch 4850 with validation loss 2.167e-01. Saving...
2025-08-18 21:43:34,865:INFO:Epoch: 4900/10000 | Train Loss: 7.671e-02 | Dynamic Loss: 7.671e-02 | Regularization Loss: 1.784e-06 | Val Loss: 2.150e-01 | Time: 5.81s
2025-08-18 21:43:34,865:INFO:New best model found at epoch 4900 with validation loss 2.150e-01. Saving...
2025-08-18 21:43:40,756:INFO:Epoch: 4950/10000 | Train Loss: 7.615e-02 | Dynamic Loss: 7.615e-02 | Regularization Loss: 1.745e-06 | Val Loss: 2.164e-01 | Time: 5.88s
2025-08-18 21:43:46,604:INFO:Epoch: 5000/10000 | Train Loss: 8.517e-02 | Dynamic Loss: 8.517e-02 | Regularization Loss: 1.665e-06 | Val Loss: 2.206e-01 | Time: 5.85s
2025-08-18 21:43:52,411:INFO:Epoch: 5050/10000 | Train Loss: 1.074e-01 | Dynamic Loss: 1.074e-01 | Regularization Loss: 1.786e-06 | Val Loss: 2.356e-01 | Time: 5.81s
2025-08-18 21:44:04,964:INFO:Epoch: 5100/10000 | Train Loss: 7.963e-02 | Dynamic Loss: 7.963e-02 | Regularization Loss: 1.667e-06 | Val Loss: 2.207e-01 | Time: 12.55s
2025-08-18 21:44:10,787:INFO:Epoch: 5150/10000 | Train Loss: 7.505e-02 | Dynamic Loss: 7.505e-02 | Regularization Loss: 1.650e-06 | Val Loss: 2.142e-01 | Time: 5.82s
2025-08-18 21:44:10,787:INFO:New best model found at epoch 5150 with validation loss 2.142e-01. Saving...
2025-08-18 21:44:20,270:INFO:Epoch: 5200/10000 | Train Loss: 6.903e-02 | Dynamic Loss: 6.903e-02 | Regularization Loss: 1.617e-06 | Val Loss: 2.124e-01 | Time: 9.47s
2025-08-18 21:44:20,270:INFO:New best model found at epoch 5200 with validation loss 2.124e-01. Saving...
2025-08-18 21:44:26,108:INFO:Epoch: 5250/10000 | Train Loss: 6.932e-02 | Dynamic Loss: 6.932e-02 | Regularization Loss: 1.643e-06 | Val Loss: 2.100e-01 | Time: 5.83s
2025-08-18 21:44:26,108:INFO:New best model found at epoch 5250 with validation loss 2.100e-01. Saving...
2025-08-18 21:44:31,849:INFO:Epoch: 5300/10000 | Train Loss: 8.493e-02 | Dynamic Loss: 8.493e-02 | Regularization Loss: 1.569e-06 | Val Loss: 2.312e-01 | Time: 5.73s
2025-08-18 21:44:42,944:INFO:Epoch: 5350/10000 | Train Loss: 7.924e-02 | Dynamic Loss: 7.924e-02 | Regularization Loss: 1.500e-06 | Val Loss: 2.185e-01 | Time: 11.09s
2025-08-18 21:44:48,736:INFO:Epoch: 5400/10000 | Train Loss: 6.931e-02 | Dynamic Loss: 6.931e-02 | Regularization Loss: 1.511e-06 | Val Loss: 2.127e-01 | Time: 5.79s
2025-08-18 21:44:55,856:INFO:Epoch: 5450/10000 | Train Loss: 8.337e-02 | Dynamic Loss: 8.337e-02 | Regularization Loss: 1.438e-06 | Val Loss: 2.112e-01 | Time: 7.12s
2025-08-18 21:45:01,615:INFO:Epoch: 5500/10000 | Train Loss: 7.677e-02 | Dynamic Loss: 7.677e-02 | Regularization Loss: 1.500e-06 | Val Loss: 2.213e-01 | Time: 5.76s
2025-08-18 21:45:07,509:INFO:Epoch: 5550/10000 | Train Loss: 9.805e-02 | Dynamic Loss: 9.805e-02 | Regularization Loss: 1.418e-06 | Val Loss: 2.432e-01 | Time: 5.89s
2025-08-18 21:45:13,368:INFO:Epoch: 5600/10000 | Train Loss: 6.314e-02 | Dynamic Loss: 6.314e-02 | Regularization Loss: 1.502e-06 | Val Loss: 2.076e-01 | Time: 5.86s
2025-08-18 21:45:13,368:INFO:New best model found at epoch 5600 with validation loss 2.076e-01. Saving...
2025-08-18 21:45:19,427:INFO:Epoch: 5650/10000 | Train Loss: 7.700e-02 | Dynamic Loss: 7.700e-02 | Regularization Loss: 1.378e-06 | Val Loss: 2.177e-01 | Time: 6.05s
2025-08-18 21:45:25,403:INFO:Epoch: 5700/10000 | Train Loss: 9.955e-02 | Dynamic Loss: 9.955e-02 | Regularization Loss: 1.051e-06 | Val Loss: 2.438e-01 | Time: 5.98s
2025-08-18 21:45:31,253:INFO:Epoch: 5750/10000 | Train Loss: 6.487e-02 | Dynamic Loss: 6.487e-02 | Regularization Loss: 1.308e-06 | Val Loss: 2.099e-01 | Time: 5.85s
2025-08-18 21:45:43,759:INFO:Epoch: 5800/10000 | Train Loss: 6.038e-02 | Dynamic Loss: 6.038e-02 | Regularization Loss: 1.333e-06 | Val Loss: 2.096e-01 | Time: 12.51s
2025-08-18 21:45:49,608:INFO:Epoch: 5850/10000 | Train Loss: 5.894e-02 | Dynamic Loss: 5.894e-02 | Regularization Loss: 1.341e-06 | Val Loss: 2.088e-01 | Time: 5.85s
2025-08-18 21:45:55,518:INFO:Epoch: 5900/10000 | Train Loss: 6.277e-02 | Dynamic Loss: 6.276e-02 | Regularization Loss: 1.248e-06 | Val Loss: 2.124e-01 | Time: 5.91s
2025-08-18 21:46:01,294:INFO:Epoch: 5950/10000 | Train Loss: 7.149e-02 | Dynamic Loss: 7.149e-02 | Regularization Loss: 1.238e-06 | Val Loss: 2.248e-01 | Time: 5.78s
2025-08-18 21:46:07,054:INFO:Epoch: 6000/10000 | Train Loss: 6.055e-02 | Dynamic Loss: 6.055e-02 | Regularization Loss: 1.295e-06 | Val Loss: 2.112e-01 | Time: 5.76s
2025-08-18 21:46:18,582:INFO:Epoch: 6050/10000 | Train Loss: 8.173e-02 | Dynamic Loss: 8.173e-02 | Regularization Loss: 1.162e-06 | Val Loss: 2.264e-01 | Time: 11.53s
2025-08-18 21:46:24,400:INFO:Epoch: 6100/10000 | Train Loss: 5.860e-02 | Dynamic Loss: 5.860e-02 | Regularization Loss: 1.279e-06 | Val Loss: 2.143e-01 | Time: 5.82s
2025-08-18 21:46:30,329:INFO:Epoch: 6150/10000 | Train Loss: 8.975e-02 | Dynamic Loss: 8.975e-02 | Regularization Loss: 1.129e-06 | Val Loss: 2.299e-01 | Time: 5.93s
2025-08-18 21:46:36,123:INFO:Epoch: 6200/10000 | Train Loss: 5.363e-02 | Dynamic Loss: 5.363e-02 | Regularization Loss: 1.208e-06 | Val Loss: 2.071e-01 | Time: 5.79s
2025-08-18 21:46:36,124:INFO:New best model found at epoch 6200 with validation loss 2.071e-01. Saving...
2025-08-18 21:46:42,106:INFO:Epoch: 6250/10000 | Train Loss: 5.606e-02 | Dynamic Loss: 5.606e-02 | Regularization Loss: 1.150e-06 | Val Loss: 2.069e-01 | Time: 5.97s
2025-08-18 21:46:42,106:INFO:New best model found at epoch 6250 with validation loss 2.069e-01. Saving...
2025-08-18 21:46:47,960:INFO:Epoch: 6300/10000 | Train Loss: 6.075e-02 | Dynamic Loss: 6.075e-02 | Regularization Loss: 1.210e-06 | Val Loss: 2.122e-01 | Time: 5.84s
2025-08-18 21:46:53,820:INFO:Epoch: 6350/10000 | Train Loss: 6.819e-02 | Dynamic Loss: 6.819e-02 | Regularization Loss: 1.022e-06 | Val Loss: 2.191e-01 | Time: 5.86s
2025-08-18 21:47:00,080:INFO:Epoch: 6400/10000 | Train Loss: 5.872e-02 | Dynamic Loss: 5.872e-02 | Regularization Loss: 1.128e-06 | Val Loss: 2.125e-01 | Time: 6.26s
2025-08-18 21:47:05,879:INFO:Epoch: 6450/10000 | Train Loss: 5.636e-02 | Dynamic Loss: 5.636e-02 | Regularization Loss: 1.103e-06 | Val Loss: 2.073e-01 | Time: 5.80s
2025-08-18 21:47:11,989:INFO:Epoch: 6500/10000 | Train Loss: 5.660e-02 | Dynamic Loss: 5.660e-02 | Regularization Loss: 1.146e-06 | Val Loss: 2.124e-01 | Time: 6.11s
2025-08-18 21:47:17,830:INFO:Epoch: 6550/10000 | Train Loss: 5.139e-02 | Dynamic Loss: 5.139e-02 | Regularization Loss: 1.042e-06 | Val Loss: 2.064e-01 | Time: 5.84s
2025-08-18 21:47:17,830:INFO:New best model found at epoch 6550 with validation loss 2.064e-01. Saving...
2025-08-18 21:47:23,732:INFO:Epoch: 6600/10000 | Train Loss: 5.279e-02 | Dynamic Loss: 5.279e-02 | Regularization Loss: 1.047e-06 | Val Loss: 2.079e-01 | Time: 5.89s
2025-08-18 21:47:29,492:INFO:Epoch: 6650/10000 | Train Loss: 6.861e-02 | Dynamic Loss: 6.861e-02 | Regularization Loss: 1.003e-06 | Val Loss: 2.143e-01 | Time: 5.76s
2025-08-18 21:47:35,250:INFO:Epoch: 6700/10000 | Train Loss: 5.339e-02 | Dynamic Loss: 5.339e-02 | Regularization Loss: 1.036e-06 | Val Loss: 2.058e-01 | Time: 5.76s
2025-08-18 21:47:35,250:INFO:New best model found at epoch 6700 with validation loss 2.058e-01. Saving...
2025-08-18 21:47:47,891:INFO:Epoch: 6750/10000 | Train Loss: 4.768e-02 | Dynamic Loss: 4.767e-02 | Regularization Loss: 1.050e-06 | Val Loss: 2.054e-01 | Time: 12.63s
2025-08-18 21:47:47,891:INFO:New best model found at epoch 6750 with validation loss 2.054e-01. Saving...
2025-08-18 21:47:53,758:INFO:Epoch: 6800/10000 | Train Loss: 6.005e-02 | Dynamic Loss: 6.004e-02 | Regularization Loss: 1.024e-06 | Val Loss: 2.121e-01 | Time: 5.86s
2025-08-18 21:47:59,737:INFO:Epoch: 6850/10000 | Train Loss: 6.800e-02 | Dynamic Loss: 6.800e-02 | Regularization Loss: 8.824e-07 | Val Loss: 2.229e-01 | Time: 5.98s
2025-08-18 21:48:05,527:INFO:Epoch: 6900/10000 | Train Loss: 4.539e-02 | Dynamic Loss: 4.539e-02 | Regularization Loss: 9.985e-07 | Val Loss: 2.035e-01 | Time: 5.79s
2025-08-18 21:48:05,527:INFO:New best model found at epoch 6900 with validation loss 2.035e-01. Saving...
2025-08-18 21:48:11,358:INFO:Epoch: 6950/10000 | Train Loss: 4.778e-02 | Dynamic Loss: 4.778e-02 | Regularization Loss: 9.916e-07 | Val Loss: 2.062e-01 | Time: 5.82s
2025-08-18 21:48:17,251:INFO:Epoch: 7000/10000 | Train Loss: 4.937e-02 | Dynamic Loss: 4.937e-02 | Regularization Loss: 9.678e-07 | Val Loss: 2.072e-01 | Time: 5.89s
2025-08-18 21:48:23,095:INFO:Epoch: 7050/10000 | Train Loss: 6.052e-02 | Dynamic Loss: 6.052e-02 | Regularization Loss: 9.717e-07 | Val Loss: 2.117e-01 | Time: 5.84s
2025-08-18 21:48:28,915:INFO:Epoch: 7100/10000 | Train Loss: 4.565e-02 | Dynamic Loss: 4.565e-02 | Regularization Loss: 9.736e-07 | Val Loss: 2.063e-01 | Time: 5.82s
2025-08-18 21:48:41,387:INFO:Epoch: 7150/10000 | Train Loss: 4.491e-02 | Dynamic Loss: 4.490e-02 | Regularization Loss: 9.509e-07 | Val Loss: 2.026e-01 | Time: 12.47s
2025-08-18 21:48:41,387:INFO:New best model found at epoch 7150 with validation loss 2.026e-01. Saving...
2025-08-18 21:48:47,165:INFO:Epoch: 7200/10000 | Train Loss: 4.674e-02 | Dynamic Loss: 4.674e-02 | Regularization Loss: 9.837e-07 | Val Loss: 2.049e-01 | Time: 5.77s
2025-08-18 21:48:52,847:INFO:Epoch: 7250/10000 | Train Loss: 4.679e-02 | Dynamic Loss: 4.679e-02 | Regularization Loss: 9.117e-07 | Val Loss: 2.060e-01 | Time: 5.68s
2025-08-18 21:48:58,520:INFO:Epoch: 7300/10000 | Train Loss: 5.072e-02 | Dynamic Loss: 5.072e-02 | Regularization Loss: 9.937e-07 | Val Loss: 2.117e-01 | Time: 5.67s
2025-08-18 21:49:04,370:INFO:Epoch: 7350/10000 | Train Loss: 4.611e-02 | Dynamic Loss: 4.611e-02 | Regularization Loss: 9.148e-07 | Val Loss: 2.057e-01 | Time: 5.85s
2025-08-18 21:49:10,116:INFO:Epoch: 7400/10000 | Train Loss: 6.138e-02 | Dynamic Loss: 6.138e-02 | Regularization Loss: 8.501e-07 | Val Loss: 2.137e-01 | Time: 5.75s
2025-08-18 21:49:15,974:INFO:Epoch: 7450/10000 | Train Loss: 4.177e-02 | Dynamic Loss: 4.176e-02 | Regularization Loss: 9.001e-07 | Val Loss: 2.028e-01 | Time: 5.86s
2025-08-18 21:49:21,798:INFO:Epoch: 7500/10000 | Train Loss: 6.614e-02 | Dynamic Loss: 6.614e-02 | Regularization Loss: 8.493e-07 | Val Loss: 2.333e-01 | Time: 5.82s
2025-08-18 21:49:27,668:INFO:Epoch: 7550/10000 | Train Loss: 4.492e-02 | Dynamic Loss: 4.492e-02 | Regularization Loss: 8.748e-07 | Val Loss: 2.078e-01 | Time: 5.87s
2025-08-18 21:49:39,468:INFO:Epoch: 7600/10000 | Train Loss: 5.234e-02 | Dynamic Loss: 5.234e-02 | Regularization Loss: 8.137e-07 | Val Loss: 2.092e-01 | Time: 11.80s
2025-08-18 21:49:45,189:INFO:Epoch: 7650/10000 | Train Loss: 4.175e-02 | Dynamic Loss: 4.175e-02 | Regularization Loss: 8.502e-07 | Val Loss: 2.048e-01 | Time: 5.72s
2025-08-18 21:49:51,159:INFO:Epoch: 7700/10000 | Train Loss: 5.783e-02 | Dynamic Loss: 5.783e-02 | Regularization Loss: 9.269e-07 | Val Loss: 2.102e-01 | Time: 5.97s
2025-08-18 21:49:57,043:INFO:Epoch: 7750/10000 | Train Loss: 4.875e-02 | Dynamic Loss: 4.875e-02 | Regularization Loss: 8.082e-07 | Val Loss: 2.105e-01 | Time: 5.88s
2025-08-18 21:50:02,958:INFO:Epoch: 7800/10000 | Train Loss: 4.558e-02 | Dynamic Loss: 4.558e-02 | Regularization Loss: 8.164e-07 | Val Loss: 2.044e-01 | Time: 5.92s
2025-08-18 21:50:08,752:INFO:Epoch: 7850/10000 | Train Loss: 4.699e-02 | Dynamic Loss: 4.699e-02 | Regularization Loss: 8.796e-07 | Val Loss: 2.061e-01 | Time: 5.79s
2025-08-18 21:50:14,667:INFO:Epoch: 7900/10000 | Train Loss: 4.125e-02 | Dynamic Loss: 4.125e-02 | Regularization Loss: 8.152e-07 | Val Loss: 2.047e-01 | Time: 5.92s
2025-08-18 21:50:20,692:INFO:Epoch: 7950/10000 | Train Loss: 4.475e-02 | Dynamic Loss: 4.475e-02 | Regularization Loss: 7.654e-07 | Val Loss: 2.067e-01 | Time: 6.02s
2025-08-18 21:50:26,475:INFO:Epoch: 8000/10000 | Train Loss: 4.029e-02 | Dynamic Loss: 4.029e-02 | Regularization Loss: 8.290e-07 | Val Loss: 2.025e-01 | Time: 5.78s
2025-08-18 21:50:26,476:INFO:New best model found at epoch 8000 with validation loss 2.025e-01. Saving...
2025-08-18 21:50:38,617:INFO:Epoch: 8050/10000 | Train Loss: 4.573e-02 | Dynamic Loss: 4.573e-02 | Regularization Loss: 7.779e-07 | Val Loss: 2.077e-01 | Time: 12.13s
2025-08-18 21:50:44,498:INFO:Epoch: 8100/10000 | Train Loss: 4.054e-02 | Dynamic Loss: 4.054e-02 | Regularization Loss: 7.580e-07 | Val Loss: 1.998e-01 | Time: 5.88s
2025-08-18 21:50:44,499:INFO:New best model found at epoch 8100 with validation loss 1.998e-01. Saving...
2025-08-18 21:50:50,347:INFO:Epoch: 8150/10000 | Train Loss: 5.387e-02 | Dynamic Loss: 5.387e-02 | Regularization Loss: 7.477e-07 | Val Loss: 2.086e-01 | Time: 5.84s
2025-08-18 21:50:56,287:INFO:Epoch: 8200/10000 | Train Loss: 3.821e-02 | Dynamic Loss: 3.820e-02 | Regularization Loss: 7.509e-07 | Val Loss: 2.020e-01 | Time: 5.94s
2025-08-18 21:51:02,099:INFO:Epoch: 8250/10000 | Train Loss: 3.820e-02 | Dynamic Loss: 3.819e-02 | Regularization Loss: 7.312e-07 | Val Loss: 2.021e-01 | Time: 5.81s
2025-08-18 21:51:11,499:INFO:Epoch: 8300/10000 | Train Loss: 4.021e-02 | Dynamic Loss: 4.021e-02 | Regularization Loss: 7.407e-07 | Val Loss: 2.006e-01 | Time: 9.40s
2025-08-18 21:51:17,294:INFO:Epoch: 8350/10000 | Train Loss: 3.794e-02 | Dynamic Loss: 3.794e-02 | Regularization Loss: 7.277e-07 | Val Loss: 2.018e-01 | Time: 5.80s
2025-08-18 21:51:23,197:INFO:Epoch: 8400/10000 | Train Loss: 4.226e-02 | Dynamic Loss: 4.226e-02 | Regularization Loss: 7.349e-07 | Val Loss: 2.030e-01 | Time: 5.90s
2025-08-18 21:51:29,114:INFO:Epoch: 8450/10000 | Train Loss: 3.705e-02 | Dynamic Loss: 3.705e-02 | Regularization Loss: 7.523e-07 | Val Loss: 1.998e-01 | Time: 5.92s
2025-08-18 21:51:29,114:INFO:New best model found at epoch 8450 with validation loss 1.998e-01. Saving...
2025-08-18 21:51:34,980:INFO:Epoch: 8500/10000 | Train Loss: 3.685e-02 | Dynamic Loss: 3.685e-02 | Regularization Loss: 7.114e-07 | Val Loss: 2.006e-01 | Time: 5.86s
2025-08-18 21:51:40,926:INFO:Epoch: 8550/10000 | Train Loss: 4.137e-02 | Dynamic Loss: 4.137e-02 | Regularization Loss: 7.096e-07 | Val Loss: 2.044e-01 | Time: 5.95s
2025-08-18 21:51:46,740:INFO:Epoch: 8600/10000 | Train Loss: 3.436e-02 | Dynamic Loss: 3.436e-02 | Regularization Loss: 7.060e-07 | Val Loss: 1.989e-01 | Time: 5.81s
2025-08-18 21:51:46,740:INFO:New best model found at epoch 8600 with validation loss 1.989e-01. Saving...
2025-08-18 21:51:52,630:INFO:Epoch: 8650/10000 | Train Loss: 4.145e-02 | Dynamic Loss: 4.145e-02 | Regularization Loss: 6.709e-07 | Val Loss: 2.024e-01 | Time: 5.88s
2025-08-18 21:51:58,494:INFO:Epoch: 8700/10000 | Train Loss: 3.722e-02 | Dynamic Loss: 3.722e-02 | Regularization Loss: 6.616e-07 | Val Loss: 2.038e-01 | Time: 5.86s
2025-08-18 21:52:04,335:INFO:Epoch: 8750/10000 | Train Loss: 4.057e-02 | Dynamic Loss: 4.057e-02 | Regularization Loss: 6.746e-07 | Val Loss: 1.992e-01 | Time: 5.84s
2025-08-18 21:52:10,181:INFO:Epoch: 8800/10000 | Train Loss: 3.629e-02 | Dynamic Loss: 3.629e-02 | Regularization Loss: 6.725e-07 | Val Loss: 1.999e-01 | Time: 5.85s
2025-08-18 21:52:16,041:INFO:Epoch: 8850/10000 | Train Loss: 3.593e-02 | Dynamic Loss: 3.593e-02 | Regularization Loss: 6.682e-07 | Val Loss: 2.001e-01 | Time: 5.86s
2025-08-18 21:52:22,809:INFO:Epoch: 8900/10000 | Train Loss: 3.577e-02 | Dynamic Loss: 3.577e-02 | Regularization Loss: 6.436e-07 | Val Loss: 1.998e-01 | Time: 6.77s
2025-08-18 21:52:28,637:INFO:Epoch: 8950/10000 | Train Loss: 3.389e-02 | Dynamic Loss: 3.389e-02 | Regularization Loss: 6.432e-07 | Val Loss: 1.984e-01 | Time: 5.83s
2025-08-18 21:52:28,637:INFO:New best model found at epoch 8950 with validation loss 1.984e-01. Saving...
2025-08-18 21:52:34,752:INFO:Epoch: 9000/10000 | Train Loss: 3.548e-02 | Dynamic Loss: 3.548e-02 | Regularization Loss: 6.280e-07 | Val Loss: 2.020e-01 | Time: 6.11s
2025-08-18 21:52:41,792:INFO:Epoch: 9050/10000 | Train Loss: 3.496e-02 | Dynamic Loss: 3.496e-02 | Regularization Loss: 6.153e-07 | Val Loss: 1.980e-01 | Time: 7.04s
2025-08-18 21:52:41,793:INFO:New best model found at epoch 9050 with validation loss 1.980e-01. Saving...
2025-08-18 21:52:47,738:INFO:Epoch: 9100/10000 | Train Loss: 3.787e-02 | Dynamic Loss: 3.787e-02 | Regularization Loss: 6.058e-07 | Val Loss: 2.041e-01 | Time: 5.94s
2025-08-18 21:52:58,030:INFO:Epoch: 9150/10000 | Train Loss: 4.880e-02 | Dynamic Loss: 4.880e-02 | Regularization Loss: 5.651e-07 | Val Loss: 2.078e-01 | Time: 10.29s
2025-08-18 21:53:03,909:INFO:Epoch: 9200/10000 | Train Loss: 3.450e-02 | Dynamic Loss: 3.450e-02 | Regularization Loss: 5.789e-07 | Val Loss: 1.966e-01 | Time: 5.88s
2025-08-18 21:53:03,909:INFO:New best model found at epoch 9200 with validation loss 1.966e-01. Saving...
2025-08-18 21:53:09,770:INFO:Epoch: 9250/10000 | Train Loss: 3.946e-02 | Dynamic Loss: 3.946e-02 | Regularization Loss: 5.595e-07 | Val Loss: 2.026e-01 | Time: 5.85s
2025-08-18 21:53:15,710:INFO:Epoch: 9300/10000 | Train Loss: 3.533e-02 | Dynamic Loss: 3.533e-02 | Regularization Loss: 5.900e-07 | Val Loss: 1.989e-01 | Time: 5.94s
2025-08-18 21:53:21,622:INFO:Epoch: 9350/10000 | Train Loss: 3.914e-02 | Dynamic Loss: 3.914e-02 | Regularization Loss: 5.570e-07 | Val Loss: 2.006e-01 | Time: 5.91s
2025-08-18 21:53:27,821:INFO:Epoch: 9400/10000 | Train Loss: 4.159e-02 | Dynamic Loss: 4.159e-02 | Regularization Loss: 5.659e-07 | Val Loss: 2.085e-01 | Time: 6.20s
2025-08-18 21:53:33,863:INFO:Epoch: 9450/10000 | Train Loss: 3.751e-02 | Dynamic Loss: 3.751e-02 | Regularization Loss: 5.438e-07 | Val Loss: 1.983e-01 | Time: 6.04s
2025-08-18 21:53:39,729:INFO:Epoch: 9500/10000 | Train Loss: 3.060e-02 | Dynamic Loss: 3.060e-02 | Regularization Loss: 5.357e-07 | Val Loss: 1.940e-01 | Time: 5.87s
2025-08-18 21:53:39,729:INFO:New best model found at epoch 9500 with validation loss 1.940e-01. Saving...
2025-08-18 21:53:45,523:INFO:Epoch: 9550/10000 | Train Loss: 3.154e-02 | Dynamic Loss: 3.154e-02 | Regularization Loss: 5.315e-07 | Val Loss: 1.983e-01 | Time: 5.79s
2025-08-18 21:53:51,372:INFO:Epoch: 9600/10000 | Train Loss: 4.120e-02 | Dynamic Loss: 4.120e-02 | Regularization Loss: 5.132e-07 | Val Loss: 2.063e-01 | Time: 5.85s
2025-08-18 21:53:57,222:INFO:Epoch: 9650/10000 | Train Loss: 3.238e-02 | Dynamic Loss: 3.238e-02 | Regularization Loss: 5.137e-07 | Val Loss: 1.954e-01 | Time: 5.85s
2025-08-18 21:54:03,062:INFO:Epoch: 9700/10000 | Train Loss: 3.212e-02 | Dynamic Loss: 3.212e-02 | Regularization Loss: 5.180e-07 | Val Loss: 1.956e-01 | Time: 5.84s
2025-08-18 21:54:08,967:INFO:Epoch: 9750/10000 | Train Loss: 3.447e-02 | Dynamic Loss: 3.447e-02 | Regularization Loss: 4.931e-07 | Val Loss: 1.991e-01 | Time: 5.90s
2025-08-18 21:54:14,824:INFO:Epoch: 9800/10000 | Train Loss: 3.298e-02 | Dynamic Loss: 3.298e-02 | Regularization Loss: 5.053e-07 | Val Loss: 1.986e-01 | Time: 5.86s
2025-08-18 21:54:20,648:INFO:Epoch: 9850/10000 | Train Loss: 3.549e-02 | Dynamic Loss: 3.549e-02 | Regularization Loss: 4.803e-07 | Val Loss: 1.988e-01 | Time: 5.82s
2025-08-18 21:54:32,328:INFO:Epoch: 9900/10000 | Train Loss: 3.462e-02 | Dynamic Loss: 3.462e-02 | Regularization Loss: 4.423e-07 | Val Loss: 2.043e-01 | Time: 11.68s
2025-08-18 21:54:38,129:INFO:Epoch: 9950/10000 | Train Loss: 3.409e-02 | Dynamic Loss: 3.409e-02 | Regularization Loss: 4.563e-07 | Val Loss: 2.016e-01 | Time: 5.80s
2025-08-18 21:54:44,673:INFO:Epoch: 10000/10000 | Train Loss: 3.103e-02 | Dynamic Loss: 3.103e-02 | Regularization Loss: 4.525e-07 | Val Loss: 1.988e-01 | Time: 6.54s
