2025-08-18 13:39:43,292:INFO:Created DataLoaders with 2994 training samples and 998 validation samples.
2025-08-18 13:39:46,530:INFO:model params: 395009
2025-08-18 13:39:52,426:INFO:Epoch: 0/10000 | Train Loss: 1.915e+00 | Dynamic Loss: 1.915e+00 | Regularization Loss: 0.000e+00 | Val Loss: 2.204e+00 | Time: 5.90s
2025-08-18 13:39:52,427:INFO:New best model found at epoch 0 with validation loss 2.204e+00. Saving...
2025-08-18 13:39:56,315:INFO:Epoch: 50/10000 | Train Loss: 1.625e+00 | Dynamic Loss: 1.625e+00 | Regularization Loss: 0.000e+00 | Val Loss: 1.638e+00 | Time: 3.85s
2025-08-18 13:39:56,315:INFO:New best model found at epoch 50 with validation loss 1.638e+00. Saving...
2025-08-18 13:40:05,508:INFO:Epoch: 100/10000 | Train Loss: 1.500e+00 | Dynamic Loss: 1.500e+00 | Regularization Loss: 0.000e+00 | Val Loss: 1.516e+00 | Time: 9.18s
2025-08-18 13:40:05,508:INFO:New best model found at epoch 100 with validation loss 1.516e+00. Saving...
2025-08-18 13:40:09,540:INFO:Epoch: 150/10000 | Train Loss: 1.415e+00 | Dynamic Loss: 1.415e+00 | Regularization Loss: 0.000e+00 | Val Loss: 1.428e+00 | Time: 4.03s
2025-08-18 13:40:09,540:INFO:New best model found at epoch 150 with validation loss 1.428e+00. Saving...
2025-08-18 13:40:13,490:INFO:Epoch: 200/10000 | Train Loss: 1.324e+00 | Dynamic Loss: 1.324e+00 | Regularization Loss: 0.000e+00 | Val Loss: 1.357e+00 | Time: 3.94s
2025-08-18 13:40:13,491:INFO:New best model found at epoch 200 with validation loss 1.357e+00. Saving...
2025-08-18 13:40:17,534:INFO:Epoch: 250/10000 | Train Loss: 1.289e+00 | Dynamic Loss: 1.289e+00 | Regularization Loss: 0.000e+00 | Val Loss: 1.325e+00 | Time: 4.04s
2025-08-18 13:40:17,534:INFO:New best model found at epoch 250 with validation loss 1.325e+00. Saving...
2025-08-18 13:40:21,501:INFO:Epoch: 300/10000 | Train Loss: 1.242e+00 | Dynamic Loss: 1.242e+00 | Regularization Loss: 0.000e+00 | Val Loss: 1.281e+00 | Time: 3.96s
2025-08-18 13:40:21,501:INFO:New best model found at epoch 300 with validation loss 1.281e+00. Saving...
2025-08-18 13:40:25,493:INFO:Epoch: 350/10000 | Train Loss: 1.215e+00 | Dynamic Loss: 1.215e+00 | Regularization Loss: 0.000e+00 | Val Loss: 1.256e+00 | Time: 3.99s
2025-08-18 13:40:25,493:INFO:New best model found at epoch 350 with validation loss 1.256e+00. Saving...
2025-08-18 13:40:29,421:INFO:Epoch: 400/10000 | Train Loss: 1.171e+00 | Dynamic Loss: 1.171e+00 | Regularization Loss: 0.000e+00 | Val Loss: 1.218e+00 | Time: 3.92s
2025-08-18 13:40:29,421:INFO:New best model found at epoch 400 with validation loss 1.218e+00. Saving...
2025-08-18 13:40:33,476:INFO:Epoch: 450/10000 | Train Loss: 1.152e+00 | Dynamic Loss: 1.152e+00 | Regularization Loss: 0.000e+00 | Val Loss: 1.202e+00 | Time: 4.05s
2025-08-18 13:40:33,476:INFO:New best model found at epoch 450 with validation loss 1.202e+00. Saving...
2025-08-18 13:40:37,428:INFO:Epoch: 500/10000 | Train Loss: 1.115e+00 | Dynamic Loss: 1.115e+00 | Regularization Loss: 0.000e+00 | Val Loss: 1.165e+00 | Time: 3.95s
2025-08-18 13:40:37,428:INFO:New best model found at epoch 500 with validation loss 1.165e+00. Saving...
2025-08-18 13:40:41,436:INFO:Epoch: 550/10000 | Train Loss: 1.090e+00 | Dynamic Loss: 1.090e+00 | Regularization Loss: 0.000e+00 | Val Loss: 1.140e+00 | Time: 4.00s
2025-08-18 13:40:41,436:INFO:New best model found at epoch 550 with validation loss 1.140e+00. Saving...
2025-08-18 13:40:45,409:INFO:Epoch: 600/10000 | Train Loss: 1.146e+00 | Dynamic Loss: 1.146e+00 | Regularization Loss: 0.000e+00 | Val Loss: 1.183e+00 | Time: 3.97s
2025-08-18 13:40:49,534:INFO:Epoch: 650/10000 | Train Loss: 1.039e+00 | Dynamic Loss: 1.039e+00 | Regularization Loss: 0.000e+00 | Val Loss: 1.084e+00 | Time: 4.12s
2025-08-18 13:40:49,534:INFO:New best model found at epoch 650 with validation loss 1.084e+00. Saving...
2025-08-18 13:40:53,553:INFO:Epoch: 700/10000 | Train Loss: 9.868e-01 | Dynamic Loss: 9.868e-01 | Regularization Loss: 0.000e+00 | Val Loss: 1.047e+00 | Time: 4.01s
2025-08-18 13:40:53,553:INFO:New best model found at epoch 700 with validation loss 1.047e+00. Saving...
2025-08-18 13:40:57,644:INFO:Epoch: 750/10000 | Train Loss: 9.308e-01 | Dynamic Loss: 9.308e-01 | Regularization Loss: 0.000e+00 | Val Loss: 1.000e+00 | Time: 4.08s
2025-08-18 13:40:57,644:INFO:New best model found at epoch 750 with validation loss 1.000e+00. Saving...
2025-08-18 13:41:01,716:INFO:Epoch: 800/10000 | Train Loss: 9.540e-01 | Dynamic Loss: 9.540e-01 | Regularization Loss: 0.000e+00 | Val Loss: 1.017e+00 | Time: 4.07s
2025-08-18 13:41:11,181:INFO:Epoch: 850/10000 | Train Loss: 8.641e-01 | Dynamic Loss: 8.641e-01 | Regularization Loss: 0.000e+00 | Val Loss: 9.413e-01 | Time: 9.46s
2025-08-18 13:41:11,181:INFO:New best model found at epoch 850 with validation loss 9.413e-01. Saving...
2025-08-18 13:41:15,305:INFO:Epoch: 900/10000 | Train Loss: 1.021e+00 | Dynamic Loss: 1.021e+00 | Regularization Loss: 0.000e+00 | Val Loss: 9.981e-01 | Time: 4.12s
2025-08-18 13:41:19,397:INFO:Epoch: 950/10000 | Train Loss: 8.531e-01 | Dynamic Loss: 8.531e-01 | Regularization Loss: 0.000e+00 | Val Loss: 9.290e-01 | Time: 4.09s
2025-08-18 13:41:19,397:INFO:New best model found at epoch 950 with validation loss 9.290e-01. Saving...
2025-08-18 13:41:23,558:INFO:Epoch: 1000/10000 | Train Loss: 7.855e-01 | Dynamic Loss: 7.855e-01 | Regularization Loss: 0.000e+00 | Val Loss: 8.665e-01 | Time: 4.16s
2025-08-18 13:41:23,558:INFO:New best model found at epoch 1000 with validation loss 8.665e-01. Saving...
2025-08-18 13:41:27,614:INFO:Epoch: 1050/10000 | Train Loss: 7.671e-01 | Dynamic Loss: 7.671e-01 | Regularization Loss: 0.000e+00 | Val Loss: 8.486e-01 | Time: 4.05s
2025-08-18 13:41:27,614:INFO:New best model found at epoch 1050 with validation loss 8.486e-01. Saving...
2025-08-18 13:41:31,683:INFO:Epoch: 1100/10000 | Train Loss: 7.772e-01 | Dynamic Loss: 7.772e-01 | Regularization Loss: 0.000e+00 | Val Loss: 8.521e-01 | Time: 4.06s
2025-08-18 13:41:35,767:INFO:Epoch: 1150/10000 | Train Loss: 7.340e-01 | Dynamic Loss: 7.340e-01 | Regularization Loss: 0.000e+00 | Val Loss: 8.214e-01 | Time: 4.08s
2025-08-18 13:41:35,767:INFO:New best model found at epoch 1150 with validation loss 8.214e-01. Saving...
2025-08-18 13:41:45,817:INFO:Epoch: 1200/10000 | Train Loss: 7.211e-01 | Dynamic Loss: 7.211e-01 | Regularization Loss: 0.000e+00 | Val Loss: 8.099e-01 | Time: 10.04s
2025-08-18 13:41:45,817:INFO:New best model found at epoch 1200 with validation loss 8.099e-01. Saving...
2025-08-18 13:41:49,889:INFO:Epoch: 1250/10000 | Train Loss: 7.084e-01 | Dynamic Loss: 7.084e-01 | Regularization Loss: 0.000e+00 | Val Loss: 7.958e-01 | Time: 4.07s
2025-08-18 13:41:49,889:INFO:New best model found at epoch 1250 with validation loss 7.958e-01. Saving...
2025-08-18 13:41:53,942:INFO:Epoch: 1300/10000 | Train Loss: 7.529e-01 | Dynamic Loss: 7.529e-01 | Regularization Loss: 0.000e+00 | Val Loss: 8.207e-01 | Time: 4.05s
2025-08-18 13:41:58,111:INFO:Epoch: 1350/10000 | Train Loss: 6.714e-01 | Dynamic Loss: 6.714e-01 | Regularization Loss: 0.000e+00 | Val Loss: 7.619e-01 | Time: 4.17s
2025-08-18 13:41:58,111:INFO:New best model found at epoch 1350 with validation loss 7.619e-01. Saving...
2025-08-18 13:42:02,209:INFO:Epoch: 1400/10000 | Train Loss: 6.459e-01 | Dynamic Loss: 6.459e-01 | Regularization Loss: 0.000e+00 | Val Loss: 7.457e-01 | Time: 4.09s
2025-08-18 13:42:02,209:INFO:New best model found at epoch 1400 with validation loss 7.457e-01. Saving...
2025-08-18 13:42:06,237:INFO:Epoch: 1450/10000 | Train Loss: 6.484e-01 | Dynamic Loss: 6.484e-01 | Regularization Loss: 0.000e+00 | Val Loss: 7.388e-01 | Time: 4.02s
2025-08-18 13:42:06,238:INFO:New best model found at epoch 1450 with validation loss 7.388e-01. Saving...
2025-08-18 13:42:10,331:INFO:Epoch: 1500/10000 | Train Loss: 8.408e-01 | Dynamic Loss: 8.408e-01 | Regularization Loss: 0.000e+00 | Val Loss: 8.461e-01 | Time: 4.09s
2025-08-18 13:42:19,953:INFO:Epoch: 1550/10000 | Train Loss: 6.541e-01 | Dynamic Loss: 6.541e-01 | Regularization Loss: 0.000e+00 | Val Loss: 8.222e-01 | Time: 9.62s
2025-08-18 13:42:24,127:INFO:Epoch: 1600/10000 | Train Loss: 5.847e-01 | Dynamic Loss: 5.847e-01 | Regularization Loss: 0.000e+00 | Val Loss: 6.813e-01 | Time: 4.17s
2025-08-18 13:42:24,127:INFO:New best model found at epoch 1600 with validation loss 6.813e-01. Saving...
2025-08-18 13:42:28,192:INFO:Epoch: 1650/10000 | Train Loss: 5.732e-01 | Dynamic Loss: 5.732e-01 | Regularization Loss: 0.000e+00 | Val Loss: 6.704e-01 | Time: 4.06s
2025-08-18 13:42:28,192:INFO:New best model found at epoch 1650 with validation loss 6.704e-01. Saving...
2025-08-18 13:42:32,370:INFO:Epoch: 1700/10000 | Train Loss: 8.792e-01 | Dynamic Loss: 8.792e-01 | Regularization Loss: 0.000e+00 | Val Loss: 1.022e+00 | Time: 4.17s
2025-08-18 13:42:36,501:INFO:Epoch: 1750/10000 | Train Loss: 7.823e-01 | Dynamic Loss: 7.823e-01 | Regularization Loss: 0.000e+00 | Val Loss: 8.888e-01 | Time: 4.13s
2025-08-18 13:42:40,572:INFO:Epoch: 1800/10000 | Train Loss: 5.599e-01 | Dynamic Loss: 5.599e-01 | Regularization Loss: 0.000e+00 | Val Loss: 6.653e-01 | Time: 4.07s
2025-08-18 13:42:40,573:INFO:New best model found at epoch 1800 with validation loss 6.653e-01. Saving...
2025-08-18 13:42:44,773:INFO:Epoch: 1850/10000 | Train Loss: 5.251e-01 | Dynamic Loss: 5.251e-01 | Regularization Loss: 0.000e+00 | Val Loss: 6.213e-01 | Time: 4.19s
2025-08-18 13:42:44,773:INFO:New best model found at epoch 1850 with validation loss 6.213e-01. Saving...
2025-08-18 13:42:48,879:INFO:Epoch: 1900/10000 | Train Loss: 7.220e-01 | Dynamic Loss: 7.220e-01 | Regularization Loss: 0.000e+00 | Val Loss: 8.355e-01 | Time: 4.10s
2025-08-18 13:42:53,040:INFO:Epoch: 1950/10000 | Train Loss: 5.103e-01 | Dynamic Loss: 5.103e-01 | Regularization Loss: 0.000e+00 | Val Loss: 6.042e-01 | Time: 4.16s
2025-08-18 13:42:53,040:INFO:New best model found at epoch 1950 with validation loss 6.042e-01. Saving...
2025-08-18 13:42:57,185:INFO:Epoch: 2000/10000 | Train Loss: 4.842e-01 | Dynamic Loss: 4.842e-01 | Regularization Loss: 0.000e+00 | Val Loss: 5.818e-01 | Time: 4.14s
2025-08-18 13:42:57,185:INFO:New best model found at epoch 2000 with validation loss 5.818e-01. Saving...
2025-08-18 13:43:01,415:INFO:Epoch: 2050/10000 | Train Loss: 6.253e-01 | Dynamic Loss: 6.253e-01 | Regularization Loss: 0.000e+00 | Val Loss: 6.444e-01 | Time: 4.22s
2025-08-18 13:43:05,481:INFO:Epoch: 2100/10000 | Train Loss: 4.546e-01 | Dynamic Loss: 4.546e-01 | Regularization Loss: 0.000e+00 | Val Loss: 5.533e-01 | Time: 4.07s
2025-08-18 13:43:05,481:INFO:New best model found at epoch 2100 with validation loss 5.533e-01. Saving...
2025-08-18 13:43:09,591:INFO:Epoch: 2150/10000 | Train Loss: 4.439e-01 | Dynamic Loss: 4.439e-01 | Regularization Loss: 0.000e+00 | Val Loss: 5.404e-01 | Time: 4.11s
2025-08-18 13:43:09,592:INFO:New best model found at epoch 2150 with validation loss 5.404e-01. Saving...
2025-08-18 13:43:13,611:INFO:Epoch: 2200/10000 | Train Loss: 4.978e-01 | Dynamic Loss: 4.978e-01 | Regularization Loss: 0.000e+00 | Val Loss: 5.927e-01 | Time: 4.01s
2025-08-18 13:43:23,330:INFO:Epoch: 2250/10000 | Train Loss: 4.503e-01 | Dynamic Loss: 4.503e-01 | Regularization Loss: 0.000e+00 | Val Loss: 5.418e-01 | Time: 9.72s
2025-08-18 13:43:27,474:INFO:Epoch: 2300/10000 | Train Loss: 4.137e-01 | Dynamic Loss: 4.137e-01 | Regularization Loss: 0.000e+00 | Val Loss: 5.096e-01 | Time: 4.14s
2025-08-18 13:43:27,475:INFO:New best model found at epoch 2300 with validation loss 5.096e-01. Saving...
2025-08-18 13:43:31,602:INFO:Epoch: 2350/10000 | Train Loss: 4.319e-01 | Dynamic Loss: 4.319e-01 | Regularization Loss: 0.000e+00 | Val Loss: 5.188e-01 | Time: 4.12s
2025-08-18 13:43:35,777:INFO:Epoch: 2400/10000 | Train Loss: 3.970e-01 | Dynamic Loss: 3.970e-01 | Regularization Loss: 0.000e+00 | Val Loss: 4.859e-01 | Time: 4.17s
2025-08-18 13:43:35,777:INFO:New best model found at epoch 2400 with validation loss 4.859e-01. Saving...
2025-08-18 13:43:39,877:INFO:Epoch: 2450/10000 | Train Loss: 4.259e-01 | Dynamic Loss: 4.259e-01 | Regularization Loss: 0.000e+00 | Val Loss: 5.262e-01 | Time: 4.09s
2025-08-18 13:43:43,967:INFO:Epoch: 2500/10000 | Train Loss: 4.474e-01 | Dynamic Loss: 4.474e-01 | Regularization Loss: 0.000e+00 | Val Loss: 5.278e-01 | Time: 4.09s
2025-08-18 13:43:48,045:INFO:Epoch: 2550/10000 | Train Loss: 3.651e-01 | Dynamic Loss: 3.651e-01 | Regularization Loss: 0.000e+00 | Val Loss: 4.616e-01 | Time: 4.08s
2025-08-18 13:43:48,045:INFO:New best model found at epoch 2550 with validation loss 4.616e-01. Saving...
2025-08-18 13:43:57,888:INFO:Epoch: 2600/10000 | Train Loss: 3.654e-01 | Dynamic Loss: 3.654e-01 | Regularization Loss: 0.000e+00 | Val Loss: 4.591e-01 | Time: 9.84s
2025-08-18 13:43:57,888:INFO:New best model found at epoch 2600 with validation loss 4.591e-01. Saving...
2025-08-18 13:44:02,063:INFO:Epoch: 2650/10000 | Train Loss: 3.439e-01 | Dynamic Loss: 3.439e-01 | Regularization Loss: 0.000e+00 | Val Loss: 4.412e-01 | Time: 4.17s
2025-08-18 13:44:02,064:INFO:New best model found at epoch 2650 with validation loss 4.412e-01. Saving...
2025-08-18 13:44:06,123:INFO:Epoch: 2700/10000 | Train Loss: 4.068e-01 | Dynamic Loss: 4.068e-01 | Regularization Loss: 0.000e+00 | Val Loss: 4.728e-01 | Time: 4.05s
2025-08-18 13:44:10,207:INFO:Epoch: 2750/10000 | Train Loss: 6.232e-01 | Dynamic Loss: 6.232e-01 | Regularization Loss: 0.000e+00 | Val Loss: 5.160e-01 | Time: 4.08s
2025-08-18 13:44:14,751:INFO:Epoch: 2800/10000 | Train Loss: 3.157e-01 | Dynamic Loss: 3.157e-01 | Regularization Loss: 0.000e+00 | Val Loss: 4.136e-01 | Time: 4.54s
2025-08-18 13:44:14,751:INFO:New best model found at epoch 2800 with validation loss 4.136e-01. Saving...
2025-08-18 13:44:18,951:INFO:Epoch: 2850/10000 | Train Loss: 3.347e-01 | Dynamic Loss: 3.347e-01 | Regularization Loss: 0.000e+00 | Val Loss: 4.250e-01 | Time: 4.19s
2025-08-18 13:44:23,103:INFO:Epoch: 2900/10000 | Train Loss: 3.434e-01 | Dynamic Loss: 3.434e-01 | Regularization Loss: 0.000e+00 | Val Loss: 4.437e-01 | Time: 4.15s
2025-08-18 13:44:32,588:INFO:Epoch: 2950/10000 | Train Loss: 3.458e-01 | Dynamic Loss: 3.458e-01 | Regularization Loss: 0.000e+00 | Val Loss: 4.322e-01 | Time: 9.49s
2025-08-18 13:44:36,689:INFO:Epoch: 3000/10000 | Train Loss: 2.928e-01 | Dynamic Loss: 2.928e-01 | Regularization Loss: 0.000e+00 | Val Loss: 3.877e-01 | Time: 4.10s
2025-08-18 13:44:36,689:INFO:New best model found at epoch 3000 with validation loss 3.877e-01. Saving...
2025-08-18 13:44:40,862:INFO:Epoch: 3050/10000 | Train Loss: 2.927e-01 | Dynamic Loss: 2.927e-01 | Regularization Loss: 0.000e+00 | Val Loss: 3.868e-01 | Time: 4.17s
2025-08-18 13:44:40,862:INFO:New best model found at epoch 3050 with validation loss 3.868e-01. Saving...
2025-08-18 13:44:45,092:INFO:Epoch: 3100/10000 | Train Loss: 2.909e-01 | Dynamic Loss: 2.909e-01 | Regularization Loss: 0.000e+00 | Val Loss: 4.118e-01 | Time: 4.22s
2025-08-18 13:44:49,279:INFO:Epoch: 3150/10000 | Train Loss: 2.753e-01 | Dynamic Loss: 2.753e-01 | Regularization Loss: 0.000e+00 | Val Loss: 3.732e-01 | Time: 4.19s
2025-08-18 13:44:49,279:INFO:New best model found at epoch 3150 with validation loss 3.732e-01. Saving...
2025-08-18 13:44:53,426:INFO:Epoch: 3200/10000 | Train Loss: 2.952e-01 | Dynamic Loss: 2.952e-01 | Regularization Loss: 0.000e+00 | Val Loss: 3.801e-01 | Time: 4.14s
2025-08-18 13:44:57,561:INFO:Epoch: 3250/10000 | Train Loss: 3.062e-01 | Dynamic Loss: 3.062e-01 | Regularization Loss: 0.000e+00 | Val Loss: 3.827e-01 | Time: 4.14s
2025-08-18 13:45:08,048:INFO:Epoch: 3300/10000 | Train Loss: 2.647e-01 | Dynamic Loss: 2.647e-01 | Regularization Loss: 0.000e+00 | Val Loss: 3.689e-01 | Time: 10.49s
2025-08-18 13:45:08,048:INFO:New best model found at epoch 3300 with validation loss 3.689e-01. Saving...
2025-08-18 13:45:12,196:INFO:Epoch: 3350/10000 | Train Loss: 2.545e-01 | Dynamic Loss: 2.545e-01 | Regularization Loss: 0.000e+00 | Val Loss: 3.544e-01 | Time: 4.14s
2025-08-18 13:45:12,196:INFO:New best model found at epoch 3350 with validation loss 3.544e-01. Saving...
2025-08-18 13:45:16,362:INFO:Epoch: 3400/10000 | Train Loss: 4.522e-01 | Dynamic Loss: 4.522e-01 | Regularization Loss: 0.000e+00 | Val Loss: 5.004e-01 | Time: 4.16s
2025-08-18 13:45:20,584:INFO:Epoch: 3450/10000 | Train Loss: 2.763e-01 | Dynamic Loss: 2.763e-01 | Regularization Loss: 0.000e+00 | Val Loss: 3.642e-01 | Time: 4.22s
2025-08-18 13:45:24,666:INFO:Epoch: 3500/10000 | Train Loss: 2.497e-01 | Dynamic Loss: 2.497e-01 | Regularization Loss: 0.000e+00 | Val Loss: 3.539e-01 | Time: 4.08s
2025-08-18 13:45:24,666:INFO:New best model found at epoch 3500 with validation loss 3.539e-01. Saving...
2025-08-18 13:45:28,792:INFO:Epoch: 3550/10000 | Train Loss: 2.547e-01 | Dynamic Loss: 2.547e-01 | Regularization Loss: 0.000e+00 | Val Loss: 3.454e-01 | Time: 4.12s
2025-08-18 13:45:28,792:INFO:New best model found at epoch 3550 with validation loss 3.454e-01. Saving...
2025-08-18 13:45:32,905:INFO:Epoch: 3600/10000 | Train Loss: 2.373e-01 | Dynamic Loss: 2.373e-01 | Regularization Loss: 0.000e+00 | Val Loss: 3.386e-01 | Time: 4.11s
2025-08-18 13:45:32,906:INFO:New best model found at epoch 3600 with validation loss 3.386e-01. Saving...
2025-08-18 13:45:43,187:INFO:Epoch: 3650/10000 | Train Loss: 2.284e-01 | Dynamic Loss: 2.284e-01 | Regularization Loss: 0.000e+00 | Val Loss: 3.309e-01 | Time: 10.28s
2025-08-18 13:45:43,187:INFO:New best model found at epoch 3650 with validation loss 3.309e-01. Saving...
2025-08-18 13:45:47,344:INFO:Epoch: 3700/10000 | Train Loss: 2.310e-01 | Dynamic Loss: 2.310e-01 | Regularization Loss: 0.000e+00 | Val Loss: 3.297e-01 | Time: 4.15s
2025-08-18 13:45:47,344:INFO:New best model found at epoch 3700 with validation loss 3.297e-01. Saving...
2025-08-18 13:45:51,429:INFO:Epoch: 3750/10000 | Train Loss: 2.227e-01 | Dynamic Loss: 2.227e-01 | Regularization Loss: 0.000e+00 | Val Loss: 3.264e-01 | Time: 4.08s
2025-08-18 13:45:51,429:INFO:New best model found at epoch 3750 with validation loss 3.264e-01. Saving...
2025-08-18 13:45:55,601:INFO:Epoch: 3800/10000 | Train Loss: 2.186e-01 | Dynamic Loss: 2.186e-01 | Regularization Loss: 0.000e+00 | Val Loss: 3.229e-01 | Time: 4.17s
2025-08-18 13:45:55,602:INFO:New best model found at epoch 3800 with validation loss 3.229e-01. Saving...
2025-08-18 13:45:59,685:INFO:Epoch: 3850/10000 | Train Loss: 2.132e-01 | Dynamic Loss: 2.132e-01 | Regularization Loss: 0.000e+00 | Val Loss: 3.200e-01 | Time: 4.08s
2025-08-18 13:45:59,685:INFO:New best model found at epoch 3850 with validation loss 3.200e-01. Saving...
2025-08-18 13:46:03,790:INFO:Epoch: 3900/10000 | Train Loss: 2.079e-01 | Dynamic Loss: 2.079e-01 | Regularization Loss: 0.000e+00 | Val Loss: 3.146e-01 | Time: 4.10s
2025-08-18 13:46:03,791:INFO:New best model found at epoch 3900 with validation loss 3.146e-01. Saving...
2025-08-18 13:46:07,912:INFO:Epoch: 3950/10000 | Train Loss: 2.524e-01 | Dynamic Loss: 2.524e-01 | Regularization Loss: 0.000e+00 | Val Loss: 3.505e-01 | Time: 4.11s
2025-08-18 13:46:12,142:INFO:Epoch: 4000/10000 | Train Loss: 2.242e-01 | Dynamic Loss: 2.242e-01 | Regularization Loss: 0.000e+00 | Val Loss: 3.212e-01 | Time: 4.23s
2025-08-18 13:46:16,273:INFO:Epoch: 4050/10000 | Train Loss: 2.139e-01 | Dynamic Loss: 2.139e-01 | Regularization Loss: 0.000e+00 | Val Loss: 3.297e-01 | Time: 4.13s
2025-08-18 13:46:20,394:INFO:Epoch: 4100/10000 | Train Loss: 2.002e-01 | Dynamic Loss: 2.002e-01 | Regularization Loss: 0.000e+00 | Val Loss: 3.068e-01 | Time: 4.12s
2025-08-18 13:46:20,394:INFO:New best model found at epoch 4100 with validation loss 3.068e-01. Saving...
2025-08-18 13:46:24,483:INFO:Epoch: 4150/10000 | Train Loss: 2.053e-01 | Dynamic Loss: 2.053e-01 | Regularization Loss: 0.000e+00 | Val Loss: 3.088e-01 | Time: 4.08s
2025-08-18 13:46:34,173:INFO:Epoch: 4200/10000 | Train Loss: 1.998e-01 | Dynamic Loss: 1.998e-01 | Regularization Loss: 0.000e+00 | Val Loss: 3.121e-01 | Time: 9.69s
2025-08-18 13:46:38,327:INFO:Epoch: 4250/10000 | Train Loss: 2.058e-01 | Dynamic Loss: 2.058e-01 | Regularization Loss: 0.000e+00 | Val Loss: 3.068e-01 | Time: 4.15s
2025-08-18 13:46:42,507:INFO:Epoch: 4300/10000 | Train Loss: 1.903e-01 | Dynamic Loss: 1.903e-01 | Regularization Loss: 0.000e+00 | Val Loss: 3.006e-01 | Time: 4.18s
2025-08-18 13:46:42,507:INFO:New best model found at epoch 4300 with validation loss 3.006e-01. Saving...
2025-08-18 13:46:46,626:INFO:Epoch: 4350/10000 | Train Loss: 1.849e-01 | Dynamic Loss: 1.849e-01 | Regularization Loss: 0.000e+00 | Val Loss: 2.957e-01 | Time: 4.11s
2025-08-18 13:46:46,627:INFO:New best model found at epoch 4350 with validation loss 2.957e-01. Saving...
2025-08-18 13:46:56,794:INFO:Epoch: 4400/10000 | Train Loss: 1.822e-01 | Dynamic Loss: 1.822e-01 | Regularization Loss: 0.000e+00 | Val Loss: 2.920e-01 | Time: 10.16s
2025-08-18 13:46:56,794:INFO:New best model found at epoch 4400 with validation loss 2.920e-01. Saving...
2025-08-18 13:47:00,968:INFO:Epoch: 4450/10000 | Train Loss: 1.788e-01 | Dynamic Loss: 1.788e-01 | Regularization Loss: 0.000e+00 | Val Loss: 2.913e-01 | Time: 4.17s
2025-08-18 13:47:00,968:INFO:New best model found at epoch 4450 with validation loss 2.913e-01. Saving...
2025-08-18 13:47:05,063:INFO:Epoch: 4500/10000 | Train Loss: 1.745e-01 | Dynamic Loss: 1.745e-01 | Regularization Loss: 0.000e+00 | Val Loss: 2.862e-01 | Time: 4.09s
2025-08-18 13:47:05,063:INFO:New best model found at epoch 4500 with validation loss 2.862e-01. Saving...
2025-08-18 13:47:09,145:INFO:Epoch: 4550/10000 | Train Loss: 1.898e-01 | Dynamic Loss: 1.898e-01 | Regularization Loss: 0.000e+00 | Val Loss: 2.926e-01 | Time: 4.08s
2025-08-18 13:47:19,586:INFO:Epoch: 4600/10000 | Train Loss: 1.722e-01 | Dynamic Loss: 1.722e-01 | Regularization Loss: 0.000e+00 | Val Loss: 2.844e-01 | Time: 10.44s
2025-08-18 13:47:19,587:INFO:New best model found at epoch 4600 with validation loss 2.844e-01. Saving...
2025-08-18 13:47:23,694:INFO:Epoch: 4650/10000 | Train Loss: 1.728e-01 | Dynamic Loss: 1.728e-01 | Regularization Loss: 0.000e+00 | Val Loss: 2.833e-01 | Time: 4.10s
2025-08-18 13:47:23,694:INFO:New best model found at epoch 4650 with validation loss 2.833e-01. Saving...
2025-08-18 13:47:27,811:INFO:Epoch: 4700/10000 | Train Loss: 1.677e-01 | Dynamic Loss: 1.677e-01 | Regularization Loss: 0.000e+00 | Val Loss: 2.803e-01 | Time: 4.11s
2025-08-18 13:47:27,811:INFO:New best model found at epoch 4700 with validation loss 2.803e-01. Saving...
2025-08-18 13:47:31,983:INFO:Epoch: 4750/10000 | Train Loss: 1.836e-01 | Dynamic Loss: 1.836e-01 | Regularization Loss: 0.000e+00 | Val Loss: 2.875e-01 | Time: 4.17s
2025-08-18 13:47:36,096:INFO:Epoch: 4800/10000 | Train Loss: 1.615e-01 | Dynamic Loss: 1.615e-01 | Regularization Loss: 0.000e+00 | Val Loss: 2.768e-01 | Time: 4.11s
2025-08-18 13:47:36,096:INFO:New best model found at epoch 4800 with validation loss 2.768e-01. Saving...
2025-08-18 13:47:40,256:INFO:Epoch: 4850/10000 | Train Loss: 2.024e-01 | Dynamic Loss: 2.024e-01 | Regularization Loss: 0.000e+00 | Val Loss: 3.139e-01 | Time: 4.15s
2025-08-18 13:47:44,413:INFO:Epoch: 4900/10000 | Train Loss: 1.770e-01 | Dynamic Loss: 1.770e-01 | Regularization Loss: 0.000e+00 | Val Loss: 2.873e-01 | Time: 4.16s
2025-08-18 13:47:49,842:INFO:Epoch: 4950/10000 | Train Loss: 1.666e-01 | Dynamic Loss: 1.666e-01 | Regularization Loss: 0.000e+00 | Val Loss: 2.782e-01 | Time: 5.43s
2025-08-18 13:47:53,924:INFO:Epoch: 5000/10000 | Train Loss: 1.582e-01 | Dynamic Loss: 1.582e-01 | Regularization Loss: 0.000e+00 | Val Loss: 2.709e-01 | Time: 4.08s
2025-08-18 13:47:53,924:INFO:New best model found at epoch 5000 with validation loss 2.709e-01. Saving...
2025-08-18 13:47:58,040:INFO:Epoch: 5050/10000 | Train Loss: 1.836e-01 | Dynamic Loss: 1.836e-01 | Regularization Loss: 0.000e+00 | Val Loss: 3.186e-01 | Time: 4.11s
2025-08-18 13:48:02,128:INFO:Epoch: 5100/10000 | Train Loss: 1.909e-01 | Dynamic Loss: 1.909e-01 | Regularization Loss: 0.000e+00 | Val Loss: 2.733e-01 | Time: 4.09s
2025-08-18 13:48:11,877:INFO:Epoch: 5150/10000 | Train Loss: 1.606e-01 | Dynamic Loss: 1.606e-01 | Regularization Loss: 0.000e+00 | Val Loss: 2.718e-01 | Time: 9.75s
2025-08-18 13:48:15,961:INFO:Epoch: 5200/10000 | Train Loss: 1.543e-01 | Dynamic Loss: 1.543e-01 | Regularization Loss: 0.000e+00 | Val Loss: 2.763e-01 | Time: 4.08s
2025-08-18 13:48:20,120:INFO:Epoch: 5250/10000 | Train Loss: 1.877e-01 | Dynamic Loss: 1.877e-01 | Regularization Loss: 0.000e+00 | Val Loss: 2.878e-01 | Time: 4.16s
2025-08-18 13:48:24,313:INFO:Epoch: 5300/10000 | Train Loss: 1.557e-01 | Dynamic Loss: 1.557e-01 | Regularization Loss: 0.000e+00 | Val Loss: 2.799e-01 | Time: 4.19s
2025-08-18 13:48:28,458:INFO:Epoch: 5350/10000 | Train Loss: 1.418e-01 | Dynamic Loss: 1.418e-01 | Regularization Loss: 0.000e+00 | Val Loss: 2.653e-01 | Time: 4.15s
2025-08-18 13:48:28,459:INFO:New best model found at epoch 5350 with validation loss 2.653e-01. Saving...
2025-08-18 13:48:32,557:INFO:Epoch: 5400/10000 | Train Loss: 1.332e-01 | Dynamic Loss: 1.332e-01 | Regularization Loss: 0.000e+00 | Val Loss: 2.521e-01 | Time: 4.09s
2025-08-18 13:48:32,557:INFO:New best model found at epoch 5400 with validation loss 2.521e-01. Saving...
2025-08-18 13:48:36,655:INFO:Epoch: 5450/10000 | Train Loss: 1.952e-01 | Dynamic Loss: 1.952e-01 | Regularization Loss: 0.000e+00 | Val Loss: 3.058e-01 | Time: 4.09s
2025-08-18 13:48:46,465:INFO:Epoch: 5500/10000 | Train Loss: 1.353e-01 | Dynamic Loss: 1.353e-01 | Regularization Loss: 0.000e+00 | Val Loss: 2.575e-01 | Time: 9.81s
2025-08-18 13:48:50,551:INFO:Epoch: 5550/10000 | Train Loss: 1.433e-01 | Dynamic Loss: 1.433e-01 | Regularization Loss: 0.000e+00 | Val Loss: 2.631e-01 | Time: 4.09s
2025-08-18 13:48:54,625:INFO:Epoch: 5600/10000 | Train Loss: 1.338e-01 | Dynamic Loss: 1.338e-01 | Regularization Loss: 0.000e+00 | Val Loss: 2.532e-01 | Time: 4.07s
2025-08-18 13:48:58,727:INFO:Epoch: 5650/10000 | Train Loss: 1.315e-01 | Dynamic Loss: 1.315e-01 | Regularization Loss: 0.000e+00 | Val Loss: 2.502e-01 | Time: 4.10s
2025-08-18 13:48:58,728:INFO:New best model found at epoch 5650 with validation loss 2.502e-01. Saving...
2025-08-18 13:49:08,550:INFO:Epoch: 5700/10000 | Train Loss: 1.240e-01 | Dynamic Loss: 1.240e-01 | Regularization Loss: 0.000e+00 | Val Loss: 2.446e-01 | Time: 9.82s
2025-08-18 13:49:08,551:INFO:New best model found at epoch 5700 with validation loss 2.446e-01. Saving...
2025-08-18 13:49:12,690:INFO:Epoch: 5750/10000 | Train Loss: 1.742e-01 | Dynamic Loss: 1.742e-01 | Regularization Loss: 0.000e+00 | Val Loss: 2.932e-01 | Time: 4.13s
2025-08-18 13:49:16,772:INFO:Epoch: 5800/10000 | Train Loss: 1.209e-01 | Dynamic Loss: 1.209e-01 | Regularization Loss: 0.000e+00 | Val Loss: 2.432e-01 | Time: 4.08s
2025-08-18 13:49:16,772:INFO:New best model found at epoch 5800 with validation loss 2.432e-01. Saving...
2025-08-18 13:49:20,935:INFO:Epoch: 5850/10000 | Train Loss: 1.227e-01 | Dynamic Loss: 1.227e-01 | Regularization Loss: 0.000e+00 | Val Loss: 2.438e-01 | Time: 4.16s
2025-08-18 13:49:25,038:INFO:Epoch: 5900/10000 | Train Loss: 1.222e-01 | Dynamic Loss: 1.222e-01 | Regularization Loss: 0.000e+00 | Val Loss: 2.420e-01 | Time: 4.10s
2025-08-18 13:49:25,038:INFO:New best model found at epoch 5900 with validation loss 2.420e-01. Saving...
2025-08-18 13:49:29,210:INFO:Epoch: 5950/10000 | Train Loss: 1.151e-01 | Dynamic Loss: 1.151e-01 | Regularization Loss: 0.000e+00 | Val Loss: 2.374e-01 | Time: 4.17s
2025-08-18 13:49:29,210:INFO:New best model found at epoch 5950 with validation loss 2.374e-01. Saving...
2025-08-18 13:49:33,370:INFO:Epoch: 6000/10000 | Train Loss: 1.194e-01 | Dynamic Loss: 1.194e-01 | Regularization Loss: 0.000e+00 | Val Loss: 2.422e-01 | Time: 4.16s
2025-08-18 13:49:43,250:INFO:Epoch: 6050/10000 | Train Loss: 1.105e-01 | Dynamic Loss: 1.105e-01 | Regularization Loss: 0.000e+00 | Val Loss: 2.354e-01 | Time: 9.88s
2025-08-18 13:49:43,250:INFO:New best model found at epoch 6050 with validation loss 2.354e-01. Saving...
2025-08-18 13:49:47,450:INFO:Epoch: 6100/10000 | Train Loss: 1.257e-01 | Dynamic Loss: 1.257e-01 | Regularization Loss: 0.000e+00 | Val Loss: 2.467e-01 | Time: 4.19s
2025-08-18 13:49:51,615:INFO:Epoch: 6150/10000 | Train Loss: 1.155e-01 | Dynamic Loss: 1.155e-01 | Regularization Loss: 0.000e+00 | Val Loss: 2.380e-01 | Time: 4.16s
2025-08-18 13:49:55,766:INFO:Epoch: 6200/10000 | Train Loss: 1.161e-01 | Dynamic Loss: 1.161e-01 | Regularization Loss: 0.000e+00 | Val Loss: 2.362e-01 | Time: 4.15s
2025-08-18 13:50:06,049:INFO:Epoch: 6250/10000 | Train Loss: 1.080e-01 | Dynamic Loss: 1.080e-01 | Regularization Loss: 0.000e+00 | Val Loss: 2.322e-01 | Time: 10.28s
2025-08-18 13:50:06,049:INFO:New best model found at epoch 6250 with validation loss 2.322e-01. Saving...
2025-08-18 13:50:10,273:INFO:Epoch: 6300/10000 | Train Loss: 1.119e-01 | Dynamic Loss: 1.119e-01 | Regularization Loss: 0.000e+00 | Val Loss: 2.332e-01 | Time: 4.22s
2025-08-18 13:50:14,414:INFO:Epoch: 6350/10000 | Train Loss: 1.093e-01 | Dynamic Loss: 1.093e-01 | Regularization Loss: 0.000e+00 | Val Loss: 2.327e-01 | Time: 4.14s
2025-08-18 13:50:24,613:INFO:Epoch: 6400/10000 | Train Loss: 1.159e-01 | Dynamic Loss: 1.159e-01 | Regularization Loss: 0.000e+00 | Val Loss: 2.390e-01 | Time: 10.20s
2025-08-18 13:50:28,846:INFO:Epoch: 6450/10000 | Train Loss: 1.105e-01 | Dynamic Loss: 1.105e-01 | Regularization Loss: 0.000e+00 | Val Loss: 2.346e-01 | Time: 4.23s
2025-08-18 13:50:33,023:INFO:Epoch: 6500/10000 | Train Loss: 1.132e-01 | Dynamic Loss: 1.132e-01 | Regularization Loss: 0.000e+00 | Val Loss: 2.343e-01 | Time: 4.18s
2025-08-18 13:50:37,180:INFO:Epoch: 6550/10000 | Train Loss: 1.032e-01 | Dynamic Loss: 1.032e-01 | Regularization Loss: 0.000e+00 | Val Loss: 2.282e-01 | Time: 4.16s
2025-08-18 13:50:37,180:INFO:New best model found at epoch 6550 with validation loss 2.282e-01. Saving...
2025-08-18 13:50:48,048:INFO:Epoch: 6600/10000 | Train Loss: 1.046e-01 | Dynamic Loss: 1.046e-01 | Regularization Loss: 0.000e+00 | Val Loss: 2.328e-01 | Time: 10.86s
2025-08-18 13:50:52,221:INFO:Epoch: 6650/10000 | Train Loss: 1.018e-01 | Dynamic Loss: 1.018e-01 | Regularization Loss: 0.000e+00 | Val Loss: 2.240e-01 | Time: 4.17s
2025-08-18 13:50:52,221:INFO:New best model found at epoch 6650 with validation loss 2.240e-01. Saving...
2025-08-18 13:50:56,400:INFO:Epoch: 6700/10000 | Train Loss: 1.454e-01 | Dynamic Loss: 1.454e-01 | Regularization Loss: 0.000e+00 | Val Loss: 2.547e-01 | Time: 4.17s
2025-08-18 13:51:06,553:INFO:Epoch: 6750/10000 | Train Loss: 1.108e-01 | Dynamic Loss: 1.108e-01 | Regularization Loss: 0.000e+00 | Val Loss: 2.472e-01 | Time: 10.15s
2025-08-18 13:51:10,710:INFO:Epoch: 6800/10000 | Train Loss: 9.841e-02 | Dynamic Loss: 9.841e-02 | Regularization Loss: 0.000e+00 | Val Loss: 2.272e-01 | Time: 4.16s
2025-08-18 13:51:14,873:INFO:Epoch: 6850/10000 | Train Loss: 9.984e-02 | Dynamic Loss: 9.984e-02 | Regularization Loss: 0.000e+00 | Val Loss: 2.253e-01 | Time: 4.16s
2025-08-18 13:51:19,070:INFO:Epoch: 6900/10000 | Train Loss: 9.311e-02 | Dynamic Loss: 9.311e-02 | Regularization Loss: 0.000e+00 | Val Loss: 2.213e-01 | Time: 4.20s
2025-08-18 13:51:19,070:INFO:New best model found at epoch 6900 with validation loss 2.213e-01. Saving...
2025-08-18 13:51:29,775:INFO:Epoch: 6950/10000 | Train Loss: 1.032e-01 | Dynamic Loss: 1.032e-01 | Regularization Loss: 0.000e+00 | Val Loss: 2.292e-01 | Time: 10.70s
2025-08-18 13:51:33,885:INFO:Epoch: 7000/10000 | Train Loss: 9.629e-02 | Dynamic Loss: 9.629e-02 | Regularization Loss: 0.000e+00 | Val Loss: 2.229e-01 | Time: 4.11s
2025-08-18 13:51:38,068:INFO:Epoch: 7050/10000 | Train Loss: 9.453e-02 | Dynamic Loss: 9.453e-02 | Regularization Loss: 0.000e+00 | Val Loss: 2.223e-01 | Time: 4.18s
2025-08-18 13:51:48,196:INFO:Epoch: 7100/10000 | Train Loss: 2.235e-01 | Dynamic Loss: 2.235e-01 | Regularization Loss: 0.000e+00 | Val Loss: 2.713e-01 | Time: 10.13s
2025-08-18 13:51:52,371:INFO:Epoch: 7150/10000 | Train Loss: 8.980e-02 | Dynamic Loss: 8.980e-02 | Regularization Loss: 0.000e+00 | Val Loss: 2.178e-01 | Time: 4.18s
2025-08-18 13:51:52,371:INFO:New best model found at epoch 7150 with validation loss 2.178e-01. Saving...
2025-08-18 13:51:56,480:INFO:Epoch: 7200/10000 | Train Loss: 9.199e-02 | Dynamic Loss: 9.199e-02 | Regularization Loss: 0.000e+00 | Val Loss: 2.220e-01 | Time: 4.09s
2025-08-18 13:52:00,646:INFO:Epoch: 7250/10000 | Train Loss: 8.806e-02 | Dynamic Loss: 8.806e-02 | Regularization Loss: 0.000e+00 | Val Loss: 2.169e-01 | Time: 4.17s
2025-08-18 13:52:00,646:INFO:New best model found at epoch 7250 with validation loss 2.169e-01. Saving...
2025-08-18 13:52:11,092:INFO:Epoch: 7300/10000 | Train Loss: 8.976e-02 | Dynamic Loss: 8.976e-02 | Regularization Loss: 0.000e+00 | Val Loss: 2.206e-01 | Time: 10.44s
2025-08-18 13:52:15,304:INFO:Epoch: 7350/10000 | Train Loss: 8.796e-02 | Dynamic Loss: 8.796e-02 | Regularization Loss: 0.000e+00 | Val Loss: 2.165e-01 | Time: 4.21s
2025-08-18 13:52:15,304:INFO:New best model found at epoch 7350 with validation loss 2.165e-01. Saving...
2025-08-18 13:52:19,460:INFO:Epoch: 7400/10000 | Train Loss: 8.887e-02 | Dynamic Loss: 8.887e-02 | Regularization Loss: 0.000e+00 | Val Loss: 2.165e-01 | Time: 4.15s
2025-08-18 13:52:19,461:INFO:New best model found at epoch 7400 with validation loss 2.165e-01. Saving...
2025-08-18 13:52:29,409:INFO:Epoch: 7450/10000 | Train Loss: 9.704e-02 | Dynamic Loss: 9.704e-02 | Regularization Loss: 0.000e+00 | Val Loss: 2.345e-01 | Time: 9.94s
2025-08-18 13:52:33,599:INFO:Epoch: 7500/10000 | Train Loss: 8.562e-02 | Dynamic Loss: 8.562e-02 | Regularization Loss: 0.000e+00 | Val Loss: 2.156e-01 | Time: 4.19s
2025-08-18 13:52:33,599:INFO:New best model found at epoch 7500 with validation loss 2.156e-01. Saving...
2025-08-18 13:52:37,818:INFO:Epoch: 7550/10000 | Train Loss: 8.702e-02 | Dynamic Loss: 8.702e-02 | Regularization Loss: 0.000e+00 | Val Loss: 2.187e-01 | Time: 4.21s
2025-08-18 13:52:42,038:INFO:Epoch: 7600/10000 | Train Loss: 8.411e-02 | Dynamic Loss: 8.411e-02 | Regularization Loss: 0.000e+00 | Val Loss: 2.124e-01 | Time: 4.22s
2025-08-18 13:52:42,038:INFO:New best model found at epoch 7600 with validation loss 2.124e-01. Saving...
2025-08-18 13:52:52,339:INFO:Epoch: 7650/10000 | Train Loss: 8.917e-02 | Dynamic Loss: 8.917e-02 | Regularization Loss: 0.000e+00 | Val Loss: 2.154e-01 | Time: 10.30s
2025-08-18 13:52:56,500:INFO:Epoch: 7700/10000 | Train Loss: 9.933e-02 | Dynamic Loss: 9.933e-02 | Regularization Loss: 0.000e+00 | Val Loss: 2.267e-01 | Time: 4.16s
2025-08-18 13:53:00,721:INFO:Epoch: 7750/10000 | Train Loss: 8.445e-02 | Dynamic Loss: 8.445e-02 | Regularization Loss: 0.000e+00 | Val Loss: 2.152e-01 | Time: 4.22s
2025-08-18 13:53:07,006:INFO:Epoch: 7800/10000 | Train Loss: 9.144e-02 | Dynamic Loss: 9.144e-02 | Regularization Loss: 0.000e+00 | Val Loss: 2.158e-01 | Time: 6.29s
2025-08-18 13:53:11,186:INFO:Epoch: 7850/10000 | Train Loss: 1.109e-01 | Dynamic Loss: 1.109e-01 | Regularization Loss: 0.000e+00 | Val Loss: 2.387e-01 | Time: 4.18s
2025-08-18 13:53:15,381:INFO:Epoch: 7900/10000 | Train Loss: 1.128e-01 | Dynamic Loss: 1.128e-01 | Regularization Loss: 0.000e+00 | Val Loss: 2.374e-01 | Time: 4.19s
2025-08-18 13:53:19,548:INFO:Epoch: 7950/10000 | Train Loss: 7.788e-02 | Dynamic Loss: 7.788e-02 | Regularization Loss: 0.000e+00 | Val Loss: 2.083e-01 | Time: 4.17s
2025-08-18 13:53:19,548:INFO:New best model found at epoch 7950 with validation loss 2.083e-01. Saving...
2025-08-18 13:53:29,931:INFO:Epoch: 8000/10000 | Train Loss: 7.757e-02 | Dynamic Loss: 7.757e-02 | Regularization Loss: 0.000e+00 | Val Loss: 2.077e-01 | Time: 10.38s
2025-08-18 13:53:29,931:INFO:New best model found at epoch 8000 with validation loss 2.077e-01. Saving...
2025-08-18 13:53:34,082:INFO:Epoch: 8050/10000 | Train Loss: 9.893e-02 | Dynamic Loss: 9.893e-02 | Regularization Loss: 0.000e+00 | Val Loss: 2.267e-01 | Time: 4.14s
2025-08-18 13:53:38,243:INFO:Epoch: 8100/10000 | Train Loss: 8.261e-02 | Dynamic Loss: 8.261e-02 | Regularization Loss: 0.000e+00 | Val Loss: 2.128e-01 | Time: 4.16s
2025-08-18 13:53:43,583:INFO:Epoch: 8150/10000 | Train Loss: 7.770e-02 | Dynamic Loss: 7.770e-02 | Regularization Loss: 0.000e+00 | Val Loss: 2.068e-01 | Time: 5.34s
2025-08-18 13:53:43,583:INFO:New best model found at epoch 8150 with validation loss 2.068e-01. Saving...
2025-08-18 13:53:47,723:INFO:Epoch: 8200/10000 | Train Loss: 7.802e-02 | Dynamic Loss: 7.802e-02 | Regularization Loss: 0.000e+00 | Val Loss: 2.077e-01 | Time: 4.14s
2025-08-18 13:53:51,940:INFO:Epoch: 8250/10000 | Train Loss: 8.045e-02 | Dynamic Loss: 8.045e-02 | Regularization Loss: 0.000e+00 | Val Loss: 2.100e-01 | Time: 4.22s
2025-08-18 13:53:56,221:INFO:Epoch: 8300/10000 | Train Loss: 7.440e-02 | Dynamic Loss: 7.440e-02 | Regularization Loss: 0.000e+00 | Val Loss: 2.047e-01 | Time: 4.28s
2025-08-18 13:53:56,221:INFO:New best model found at epoch 8300 with validation loss 2.047e-01. Saving...
2025-08-18 13:54:00,436:INFO:Epoch: 8350/10000 | Train Loss: 7.373e-02 | Dynamic Loss: 7.373e-02 | Regularization Loss: 0.000e+00 | Val Loss: 2.032e-01 | Time: 4.21s
2025-08-18 13:54:00,436:INFO:New best model found at epoch 8350 with validation loss 2.032e-01. Saving...
2025-08-18 13:54:04,575:INFO:Epoch: 8400/10000 | Train Loss: 1.113e-01 | Dynamic Loss: 1.113e-01 | Regularization Loss: 0.000e+00 | Val Loss: 2.272e-01 | Time: 4.13s
2025-08-18 13:54:08,739:INFO:Epoch: 8450/10000 | Train Loss: 7.506e-02 | Dynamic Loss: 7.506e-02 | Regularization Loss: 0.000e+00 | Val Loss: 2.112e-01 | Time: 4.16s
2025-08-18 13:54:13,019:INFO:Epoch: 8500/10000 | Train Loss: 7.529e-02 | Dynamic Loss: 7.529e-02 | Regularization Loss: 0.000e+00 | Val Loss: 2.079e-01 | Time: 4.28s
2025-08-18 13:54:17,156:INFO:Epoch: 8550/10000 | Train Loss: 7.669e-02 | Dynamic Loss: 7.669e-02 | Regularization Loss: 0.000e+00 | Val Loss: 2.092e-01 | Time: 4.14s
2025-08-18 13:54:21,348:INFO:Epoch: 8600/10000 | Train Loss: 1.158e-01 | Dynamic Loss: 1.158e-01 | Regularization Loss: 0.000e+00 | Val Loss: 2.341e-01 | Time: 4.19s
2025-08-18 13:54:25,609:INFO:Epoch: 8650/10000 | Train Loss: 6.953e-02 | Dynamic Loss: 6.953e-02 | Regularization Loss: 0.000e+00 | Val Loss: 2.022e-01 | Time: 4.26s
2025-08-18 13:54:25,609:INFO:New best model found at epoch 8650 with validation loss 2.022e-01. Saving...
2025-08-18 13:54:29,780:INFO:Epoch: 8700/10000 | Train Loss: 8.906e-02 | Dynamic Loss: 8.906e-02 | Regularization Loss: 0.000e+00 | Val Loss: 2.116e-01 | Time: 4.17s
2025-08-18 13:54:33,942:INFO:Epoch: 8750/10000 | Train Loss: 8.997e-02 | Dynamic Loss: 8.997e-02 | Regularization Loss: 0.000e+00 | Val Loss: 2.305e-01 | Time: 4.16s
2025-08-18 13:54:38,113:INFO:Epoch: 8800/10000 | Train Loss: 1.043e-01 | Dynamic Loss: 1.043e-01 | Regularization Loss: 0.000e+00 | Val Loss: 2.413e-01 | Time: 4.17s
2025-08-18 13:54:42,505:INFO:Epoch: 8850/10000 | Train Loss: 7.244e-02 | Dynamic Loss: 7.244e-02 | Regularization Loss: 0.000e+00 | Val Loss: 2.100e-01 | Time: 4.39s
2025-08-18 13:54:46,716:INFO:Epoch: 8900/10000 | Train Loss: 7.023e-02 | Dynamic Loss: 7.023e-02 | Regularization Loss: 0.000e+00 | Val Loss: 2.022e-01 | Time: 4.21s
2025-08-18 13:54:46,716:INFO:New best model found at epoch 8900 with validation loss 2.022e-01. Saving...
2025-08-18 13:54:50,853:INFO:Epoch: 8950/10000 | Train Loss: 7.130e-02 | Dynamic Loss: 7.130e-02 | Regularization Loss: 0.000e+00 | Val Loss: 2.025e-01 | Time: 4.13s
2025-08-18 13:54:55,104:INFO:Epoch: 9000/10000 | Train Loss: 8.272e-02 | Dynamic Loss: 8.272e-02 | Regularization Loss: 0.000e+00 | Val Loss: 2.167e-01 | Time: 4.25s
2025-08-18 13:54:59,308:INFO:Epoch: 9050/10000 | Train Loss: 6.763e-02 | Dynamic Loss: 6.763e-02 | Regularization Loss: 0.000e+00 | Val Loss: 2.018e-01 | Time: 4.20s
2025-08-18 13:54:59,308:INFO:New best model found at epoch 9050 with validation loss 2.018e-01. Saving...
2025-08-18 13:55:03,523:INFO:Epoch: 9100/10000 | Train Loss: 6.813e-02 | Dynamic Loss: 6.813e-02 | Regularization Loss: 0.000e+00 | Val Loss: 2.007e-01 | Time: 4.21s
2025-08-18 13:55:03,523:INFO:New best model found at epoch 9100 with validation loss 2.007e-01. Saving...
2025-08-18 13:55:07,718:INFO:Epoch: 9150/10000 | Train Loss: 9.175e-02 | Dynamic Loss: 9.175e-02 | Regularization Loss: 0.000e+00 | Val Loss: 2.253e-01 | Time: 4.19s
2025-08-18 13:55:18,539:INFO:Epoch: 9200/10000 | Train Loss: 7.504e-02 | Dynamic Loss: 7.504e-02 | Regularization Loss: 0.000e+00 | Val Loss: 2.049e-01 | Time: 10.82s
2025-08-18 13:55:22,730:INFO:Epoch: 9250/10000 | Train Loss: 8.818e-02 | Dynamic Loss: 8.818e-02 | Regularization Loss: 0.000e+00 | Val Loss: 2.082e-01 | Time: 4.19s
2025-08-18 13:55:26,923:INFO:Epoch: 9300/10000 | Train Loss: 7.629e-02 | Dynamic Loss: 7.629e-02 | Regularization Loss: 0.000e+00 | Val Loss: 2.173e-01 | Time: 4.19s
2025-08-18 13:55:32,243:INFO:Epoch: 9350/10000 | Train Loss: 7.293e-02 | Dynamic Loss: 7.293e-02 | Regularization Loss: 0.000e+00 | Val Loss: 2.100e-01 | Time: 5.32s
2025-08-18 13:55:36,405:INFO:Epoch: 9400/10000 | Train Loss: 6.965e-02 | Dynamic Loss: 6.965e-02 | Regularization Loss: 0.000e+00 | Val Loss: 2.037e-01 | Time: 4.16s
2025-08-18 13:55:40,581:INFO:Epoch: 9450/10000 | Train Loss: 6.852e-02 | Dynamic Loss: 6.852e-02 | Regularization Loss: 0.000e+00 | Val Loss: 1.989e-01 | Time: 4.18s
2025-08-18 13:55:40,582:INFO:New best model found at epoch 9450 with validation loss 1.989e-01. Saving...
2025-08-18 13:55:44,669:INFO:Epoch: 9500/10000 | Train Loss: 6.828e-02 | Dynamic Loss: 6.828e-02 | Regularization Loss: 0.000e+00 | Val Loss: 1.996e-01 | Time: 4.08s
2025-08-18 13:55:54,760:INFO:Epoch: 9550/10000 | Train Loss: 6.466e-02 | Dynamic Loss: 6.466e-02 | Regularization Loss: 0.000e+00 | Val Loss: 1.976e-01 | Time: 10.09s
2025-08-18 13:55:54,760:INFO:New best model found at epoch 9550 with validation loss 1.976e-01. Saving...
2025-08-18 13:55:58,979:INFO:Epoch: 9600/10000 | Train Loss: 6.431e-02 | Dynamic Loss: 6.431e-02 | Regularization Loss: 0.000e+00 | Val Loss: 1.968e-01 | Time: 4.21s
2025-08-18 13:55:58,979:INFO:New best model found at epoch 9600 with validation loss 1.968e-01. Saving...
2025-08-18 13:56:03,138:INFO:Epoch: 9650/10000 | Train Loss: 6.407e-02 | Dynamic Loss: 6.407e-02 | Regularization Loss: 0.000e+00 | Val Loss: 1.991e-01 | Time: 4.15s
2025-08-18 13:56:07,395:INFO:Epoch: 9700/10000 | Train Loss: 7.319e-02 | Dynamic Loss: 7.319e-02 | Regularization Loss: 0.000e+00 | Val Loss: 2.131e-01 | Time: 4.26s
2025-08-18 13:56:11,640:INFO:Epoch: 9750/10000 | Train Loss: 7.080e-02 | Dynamic Loss: 7.080e-02 | Regularization Loss: 0.000e+00 | Val Loss: 1.985e-01 | Time: 4.24s
2025-08-18 13:56:15,908:INFO:Epoch: 9800/10000 | Train Loss: 6.256e-02 | Dynamic Loss: 6.256e-02 | Regularization Loss: 0.000e+00 | Val Loss: 1.945e-01 | Time: 4.27s
2025-08-18 13:56:15,908:INFO:New best model found at epoch 9800 with validation loss 1.945e-01. Saving...
2025-08-18 13:56:20,120:INFO:Epoch: 9850/10000 | Train Loss: 6.322e-02 | Dynamic Loss: 6.322e-02 | Regularization Loss: 0.000e+00 | Val Loss: 1.999e-01 | Time: 4.21s
2025-08-18 13:56:30,328:INFO:Epoch: 9900/10000 | Train Loss: 6.212e-02 | Dynamic Loss: 6.212e-02 | Regularization Loss: 0.000e+00 | Val Loss: 1.969e-01 | Time: 10.21s
2025-08-18 13:56:34,514:INFO:Epoch: 9950/10000 | Train Loss: 7.272e-02 | Dynamic Loss: 7.272e-02 | Regularization Loss: 0.000e+00 | Val Loss: 2.010e-01 | Time: 4.19s
2025-08-18 13:56:38,691:INFO:Epoch: 10000/10000 | Train Loss: 6.136e-02 | Dynamic Loss: 6.136e-02 | Regularization Loss: 0.000e+00 | Val Loss: 1.942e-01 | Time: 4.18s
2025-08-18 13:56:38,691:INFO:New best model found at epoch 10000 with validation loss 1.942e-01. Saving...
