2025-08-18 18:51:34,198:INFO:Created DataLoaders with 5994 training samples and 1998 validation samples.
2025-08-18 18:51:37,636:INFO:model params: 526849
2025-08-18 18:51:41,844:INFO:Epoch: 0/10000 | Train Loss: 8.031e+01 | Dynamic Loss: 8.031e+01 | Regularization Loss: 8.645e-04 | Val Loss: 7.174e+01 | Time: 4.21s
2025-08-18 18:51:41,844:INFO:New best model found at epoch 0 with validation loss 7.174e+01. Saving...
2025-08-18 18:51:46,727:INFO:Epoch: 50/10000 | Train Loss: 5.603e+01 | Dynamic Loss: 5.603e+01 | Regularization Loss: 3.311e-13 | Val Loss: 5.864e+01 | Time: 4.83s
2025-08-18 18:51:46,727:INFO:New best model found at epoch 50 with validation loss 5.864e+01. Saving...
2025-08-18 18:51:53,800:INFO:Epoch: 100/10000 | Train Loss: 4.579e+01 | Dynamic Loss: 4.579e+01 | Regularization Loss: 9.525e-22 | Val Loss: 4.950e+01 | Time: 7.06s
2025-08-18 18:51:53,800:INFO:New best model found at epoch 100 with validation loss 4.950e+01. Saving...
2025-08-18 18:51:58,802:INFO:Epoch: 150/10000 | Train Loss: 3.833e+01 | Dynamic Loss: 3.833e+01 | Regularization Loss: 1.630e-29 | Val Loss: 4.185e+01 | Time: 4.99s
2025-08-18 18:51:58,802:INFO:New best model found at epoch 150 with validation loss 4.185e+01. Saving...
2025-08-18 18:52:03,923:INFO:Epoch: 200/10000 | Train Loss: 3.256e+01 | Dynamic Loss: 3.256e+01 | Regularization Loss: 1.182e-36 | Val Loss: 3.608e+01 | Time: 5.11s
2025-08-18 18:52:03,923:INFO:New best model found at epoch 200 with validation loss 3.608e+01. Saving...
2025-08-18 18:52:09,023:INFO:Epoch: 250/10000 | Train Loss: 2.789e+01 | Dynamic Loss: 2.789e+01 | Regularization Loss: 2.938e-43 | Val Loss: 3.151e+01 | Time: 5.09s
2025-08-18 18:52:09,024:INFO:New best model found at epoch 250 with validation loss 3.151e+01. Saving...
2025-08-18 18:52:14,102:INFO:Epoch: 300/10000 | Train Loss: 2.403e+01 | Dynamic Loss: 2.403e+01 | Regularization Loss: 0.000e+00 | Val Loss: 2.767e+01 | Time: 5.07s
2025-08-18 18:52:14,102:INFO:New best model found at epoch 300 with validation loss 2.767e+01. Saving...
2025-08-18 18:52:19,347:INFO:Epoch: 350/10000 | Train Loss: 2.101e+01 | Dynamic Loss: 2.101e+01 | Regularization Loss: 0.000e+00 | Val Loss: 2.454e+01 | Time: 5.24s
2025-08-18 18:52:19,347:INFO:New best model found at epoch 350 with validation loss 2.454e+01. Saving...
2025-08-18 18:52:24,637:INFO:Epoch: 400/10000 | Train Loss: 1.834e+01 | Dynamic Loss: 1.834e+01 | Regularization Loss: 0.000e+00 | Val Loss: 2.146e+01 | Time: 5.28s
2025-08-18 18:52:24,637:INFO:New best model found at epoch 400 with validation loss 2.146e+01. Saving...
2025-08-18 18:52:29,811:INFO:Epoch: 450/10000 | Train Loss: 1.618e+01 | Dynamic Loss: 1.618e+01 | Regularization Loss: 0.000e+00 | Val Loss: 1.918e+01 | Time: 5.17s
2025-08-18 18:52:29,811:INFO:New best model found at epoch 450 with validation loss 1.918e+01. Saving...
2025-08-18 18:52:35,007:INFO:Epoch: 500/10000 | Train Loss: 1.450e+01 | Dynamic Loss: 1.450e+01 | Regularization Loss: 0.000e+00 | Val Loss: 1.696e+01 | Time: 5.19s
2025-08-18 18:52:35,007:INFO:New best model found at epoch 500 with validation loss 1.696e+01. Saving...
2025-08-18 18:52:40,157:INFO:Epoch: 550/10000 | Train Loss: 1.253e+01 | Dynamic Loss: 1.253e+01 | Regularization Loss: 0.000e+00 | Val Loss: 1.525e+01 | Time: 5.14s
2025-08-18 18:52:40,158:INFO:New best model found at epoch 550 with validation loss 1.525e+01. Saving...
2025-08-18 18:52:45,331:INFO:Epoch: 600/10000 | Train Loss: 1.096e+01 | Dynamic Loss: 1.096e+01 | Regularization Loss: 0.000e+00 | Val Loss: 1.357e+01 | Time: 5.16s
2025-08-18 18:52:45,331:INFO:New best model found at epoch 600 with validation loss 1.357e+01. Saving...
2025-08-18 18:52:52,485:INFO:Epoch: 650/10000 | Train Loss: 9.632e+00 | Dynamic Loss: 9.632e+00 | Regularization Loss: 0.000e+00 | Val Loss: 1.235e+01 | Time: 7.15s
2025-08-18 18:52:52,485:INFO:New best model found at epoch 650 with validation loss 1.235e+01. Saving...
2025-08-18 18:52:57,560:INFO:Epoch: 700/10000 | Train Loss: 8.563e+00 | Dynamic Loss: 8.563e+00 | Regularization Loss: 0.000e+00 | Val Loss: 1.095e+01 | Time: 5.07s
2025-08-18 18:52:57,560:INFO:New best model found at epoch 700 with validation loss 1.095e+01. Saving...
2025-08-18 18:53:02,667:INFO:Epoch: 750/10000 | Train Loss: 7.648e+00 | Dynamic Loss: 7.648e+00 | Regularization Loss: 0.000e+00 | Val Loss: 9.510e+00 | Time: 5.10s
2025-08-18 18:53:02,667:INFO:New best model found at epoch 750 with validation loss 9.510e+00. Saving...
2025-08-18 18:53:08,720:INFO:Epoch: 800/10000 | Train Loss: 6.663e+00 | Dynamic Loss: 6.663e+00 | Regularization Loss: 0.000e+00 | Val Loss: 8.690e+00 | Time: 6.04s
2025-08-18 18:53:08,721:INFO:New best model found at epoch 800 with validation loss 8.690e+00. Saving...
2025-08-18 18:53:13,826:INFO:Epoch: 850/10000 | Train Loss: 5.748e+00 | Dynamic Loss: 5.748e+00 | Regularization Loss: 0.000e+00 | Val Loss: 7.593e+00 | Time: 5.10s
2025-08-18 18:53:13,827:INFO:New best model found at epoch 850 with validation loss 7.593e+00. Saving...
2025-08-18 18:53:18,998:INFO:Epoch: 900/10000 | Train Loss: 5.027e+00 | Dynamic Loss: 5.027e+00 | Regularization Loss: 0.000e+00 | Val Loss: 6.855e+00 | Time: 5.16s
2025-08-18 18:53:18,998:INFO:New best model found at epoch 900 with validation loss 6.855e+00. Saving...
2025-08-18 18:53:27,554:INFO:Epoch: 950/10000 | Train Loss: 4.429e+00 | Dynamic Loss: 4.429e+00 | Regularization Loss: 0.000e+00 | Val Loss: 5.997e+00 | Time: 8.55s
2025-08-18 18:53:27,554:INFO:New best model found at epoch 950 with validation loss 5.997e+00. Saving...
2025-08-18 18:53:32,765:INFO:Epoch: 1000/10000 | Train Loss: 3.890e+00 | Dynamic Loss: 3.890e+00 | Regularization Loss: 0.000e+00 | Val Loss: 5.259e+00 | Time: 5.20s
2025-08-18 18:53:32,766:INFO:New best model found at epoch 1000 with validation loss 5.259e+00. Saving...
2025-08-18 18:53:37,922:INFO:Epoch: 1050/10000 | Train Loss: 3.466e+00 | Dynamic Loss: 3.466e+00 | Regularization Loss: 0.000e+00 | Val Loss: 4.717e+00 | Time: 5.15s
2025-08-18 18:53:37,923:INFO:New best model found at epoch 1050 with validation loss 4.717e+00. Saving...
2025-08-18 18:53:43,134:INFO:Epoch: 1100/10000 | Train Loss: 2.979e+00 | Dynamic Loss: 2.979e+00 | Regularization Loss: 0.000e+00 | Val Loss: 4.429e+00 | Time: 5.20s
2025-08-18 18:53:43,135:INFO:New best model found at epoch 1100 with validation loss 4.429e+00. Saving...
2025-08-18 18:53:48,320:INFO:Epoch: 1150/10000 | Train Loss: 2.571e+00 | Dynamic Loss: 2.571e+00 | Regularization Loss: 0.000e+00 | Val Loss: 3.719e+00 | Time: 5.18s
2025-08-18 18:53:48,320:INFO:New best model found at epoch 1150 with validation loss 3.719e+00. Saving...
2025-08-18 18:53:53,481:INFO:Epoch: 1200/10000 | Train Loss: 2.251e+00 | Dynamic Loss: 2.251e+00 | Regularization Loss: 0.000e+00 | Val Loss: 3.353e+00 | Time: 5.15s
2025-08-18 18:53:53,481:INFO:New best model found at epoch 1200 with validation loss 3.353e+00. Saving...
2025-08-18 18:53:59,613:INFO:Epoch: 1250/10000 | Train Loss: 2.140e+00 | Dynamic Loss: 2.140e+00 | Regularization Loss: 0.000e+00 | Val Loss: 3.418e+00 | Time: 6.12s
2025-08-18 18:54:04,858:INFO:Epoch: 1300/10000 | Train Loss: 1.858e+00 | Dynamic Loss: 1.858e+00 | Regularization Loss: 0.000e+00 | Val Loss: 2.604e+00 | Time: 5.24s
2025-08-18 18:54:04,858:INFO:New best model found at epoch 1300 with validation loss 2.604e+00. Saving...
2025-08-18 18:54:10,119:INFO:Epoch: 1350/10000 | Train Loss: 1.531e+00 | Dynamic Loss: 1.531e+00 | Regularization Loss: 0.000e+00 | Val Loss: 2.330e+00 | Time: 5.25s
2025-08-18 18:54:10,119:INFO:New best model found at epoch 1350 with validation loss 2.330e+00. Saving...
2025-08-18 18:54:21,144:INFO:Epoch: 1400/10000 | Train Loss: 1.372e+00 | Dynamic Loss: 1.372e+00 | Regularization Loss: 0.000e+00 | Val Loss: 2.135e+00 | Time: 11.02s
2025-08-18 18:54:21,144:INFO:New best model found at epoch 1400 with validation loss 2.135e+00. Saving...
2025-08-18 18:54:26,330:INFO:Epoch: 1450/10000 | Train Loss: 1.275e+00 | Dynamic Loss: 1.275e+00 | Regularization Loss: 0.000e+00 | Val Loss: 2.109e+00 | Time: 5.18s
2025-08-18 18:54:26,330:INFO:New best model found at epoch 1450 with validation loss 2.109e+00. Saving...
2025-08-18 18:54:31,508:INFO:Epoch: 1500/10000 | Train Loss: 1.125e+00 | Dynamic Loss: 1.125e+00 | Regularization Loss: 0.000e+00 | Val Loss: 1.788e+00 | Time: 5.17s
2025-08-18 18:54:31,508:INFO:New best model found at epoch 1500 with validation loss 1.788e+00. Saving...
2025-08-18 18:54:36,777:INFO:Epoch: 1550/10000 | Train Loss: 9.829e-01 | Dynamic Loss: 9.829e-01 | Regularization Loss: 0.000e+00 | Val Loss: 1.667e+00 | Time: 5.26s
2025-08-18 18:54:36,777:INFO:New best model found at epoch 1550 with validation loss 1.667e+00. Saving...
2025-08-18 18:54:42,122:INFO:Epoch: 1600/10000 | Train Loss: 8.926e-01 | Dynamic Loss: 8.926e-01 | Regularization Loss: 0.000e+00 | Val Loss: 1.519e+00 | Time: 5.34s
2025-08-18 18:54:42,122:INFO:New best model found at epoch 1600 with validation loss 1.519e+00. Saving...
2025-08-18 18:54:47,522:INFO:Epoch: 1650/10000 | Train Loss: 9.195e-01 | Dynamic Loss: 9.195e-01 | Regularization Loss: 0.000e+00 | Val Loss: 1.509e+00 | Time: 5.39s
2025-08-18 18:54:47,522:INFO:New best model found at epoch 1650 with validation loss 1.509e+00. Saving...
2025-08-18 18:54:52,801:INFO:Epoch: 1700/10000 | Train Loss: 7.995e-01 | Dynamic Loss: 7.995e-01 | Regularization Loss: 0.000e+00 | Val Loss: 1.376e+00 | Time: 5.27s
2025-08-18 18:54:52,801:INFO:New best model found at epoch 1700 with validation loss 1.376e+00. Saving...
2025-08-18 18:54:58,045:INFO:Epoch: 1750/10000 | Train Loss: 8.437e-01 | Dynamic Loss: 8.437e-01 | Regularization Loss: 0.000e+00 | Val Loss: 1.341e+00 | Time: 5.23s
2025-08-18 18:54:58,045:INFO:New best model found at epoch 1750 with validation loss 1.341e+00. Saving...
2025-08-18 18:55:03,391:INFO:Epoch: 1800/10000 | Train Loss: 6.766e-01 | Dynamic Loss: 6.766e-01 | Regularization Loss: 0.000e+00 | Val Loss: 1.250e+00 | Time: 5.34s
2025-08-18 18:55:03,391:INFO:New best model found at epoch 1800 with validation loss 1.250e+00. Saving...
2025-08-18 18:55:08,667:INFO:Epoch: 1850/10000 | Train Loss: 6.757e-01 | Dynamic Loss: 6.757e-01 | Regularization Loss: 0.000e+00 | Val Loss: 1.219e+00 | Time: 5.27s
2025-08-18 18:55:08,668:INFO:New best model found at epoch 1850 with validation loss 1.219e+00. Saving...
2025-08-18 18:55:13,878:INFO:Epoch: 1900/10000 | Train Loss: 6.409e-01 | Dynamic Loss: 6.409e-01 | Regularization Loss: 0.000e+00 | Val Loss: 1.238e+00 | Time: 5.20s
2025-08-18 18:55:23,100:INFO:Epoch: 1950/10000 | Train Loss: 5.795e-01 | Dynamic Loss: 5.795e-01 | Regularization Loss: 0.000e+00 | Val Loss: 1.168e+00 | Time: 9.22s
2025-08-18 18:55:23,102:INFO:New best model found at epoch 1950 with validation loss 1.168e+00. Saving...
2025-08-18 18:55:28,370:INFO:Epoch: 2000/10000 | Train Loss: 5.482e-01 | Dynamic Loss: 5.482e-01 | Regularization Loss: 0.000e+00 | Val Loss: 1.079e+00 | Time: 5.26s
2025-08-18 18:55:28,370:INFO:New best model found at epoch 2000 with validation loss 1.079e+00. Saving...
2025-08-18 18:55:33,584:INFO:Epoch: 2050/10000 | Train Loss: 5.313e-01 | Dynamic Loss: 5.313e-01 | Regularization Loss: 0.000e+00 | Val Loss: 1.066e+00 | Time: 5.21s
2025-08-18 18:55:33,584:INFO:New best model found at epoch 2050 with validation loss 1.066e+00. Saving...
2025-08-18 18:55:45,343:INFO:Epoch: 2100/10000 | Train Loss: 5.049e-01 | Dynamic Loss: 5.049e-01 | Regularization Loss: 0.000e+00 | Val Loss: 1.046e+00 | Time: 11.75s
2025-08-18 18:55:45,343:INFO:New best model found at epoch 2100 with validation loss 1.046e+00. Saving...
2025-08-18 18:55:50,617:INFO:Epoch: 2150/10000 | Train Loss: 4.879e-01 | Dynamic Loss: 4.879e-01 | Regularization Loss: 0.000e+00 | Val Loss: 1.008e+00 | Time: 5.26s
2025-08-18 18:55:50,617:INFO:New best model found at epoch 2150 with validation loss 1.008e+00. Saving...
2025-08-18 18:55:55,961:INFO:Epoch: 2200/10000 | Train Loss: 4.802e-01 | Dynamic Loss: 4.802e-01 | Regularization Loss: 0.000e+00 | Val Loss: 9.944e-01 | Time: 5.34s
2025-08-18 18:55:55,961:INFO:New best model found at epoch 2200 with validation loss 9.944e-01. Saving...
2025-08-18 18:56:01,252:INFO:Epoch: 2250/10000 | Train Loss: 4.521e-01 | Dynamic Loss: 4.521e-01 | Regularization Loss: 0.000e+00 | Val Loss: 9.808e-01 | Time: 5.28s
2025-08-18 18:56:01,252:INFO:New best model found at epoch 2250 with validation loss 9.808e-01. Saving...
2025-08-18 18:56:06,507:INFO:Epoch: 2300/10000 | Train Loss: 4.535e-01 | Dynamic Loss: 4.535e-01 | Regularization Loss: 0.000e+00 | Val Loss: 9.807e-01 | Time: 5.25s
2025-08-18 18:56:06,508:INFO:New best model found at epoch 2300 with validation loss 9.807e-01. Saving...
2025-08-18 18:56:11,801:INFO:Epoch: 2350/10000 | Train Loss: 4.270e-01 | Dynamic Loss: 4.270e-01 | Regularization Loss: 0.000e+00 | Val Loss: 9.873e-01 | Time: 5.28s
2025-08-18 18:56:17,080:INFO:Epoch: 2400/10000 | Train Loss: 4.404e-01 | Dynamic Loss: 4.404e-01 | Regularization Loss: 0.000e+00 | Val Loss: 9.323e-01 | Time: 5.28s
2025-08-18 18:56:17,080:INFO:New best model found at epoch 2400 with validation loss 9.323e-01. Saving...
2025-08-18 18:56:22,388:INFO:Epoch: 2450/10000 | Train Loss: 4.068e-01 | Dynamic Loss: 4.068e-01 | Regularization Loss: 0.000e+00 | Val Loss: 9.490e-01 | Time: 5.30s
2025-08-18 18:56:33,512:INFO:Epoch: 2500/10000 | Train Loss: 4.097e-01 | Dynamic Loss: 4.097e-01 | Regularization Loss: 0.000e+00 | Val Loss: 9.441e-01 | Time: 11.12s
2025-08-18 18:56:38,888:INFO:Epoch: 2550/10000 | Train Loss: 4.908e-01 | Dynamic Loss: 4.908e-01 | Regularization Loss: 0.000e+00 | Val Loss: 1.091e+00 | Time: 5.38s
2025-08-18 18:56:44,225:INFO:Epoch: 2600/10000 | Train Loss: 3.625e-01 | Dynamic Loss: 3.625e-01 | Regularization Loss: 0.000e+00 | Val Loss: 8.883e-01 | Time: 5.34s
2025-08-18 18:56:44,226:INFO:New best model found at epoch 2600 with validation loss 8.883e-01. Saving...
2025-08-18 18:56:49,500:INFO:Epoch: 2650/10000 | Train Loss: 3.720e-01 | Dynamic Loss: 3.720e-01 | Regularization Loss: 0.000e+00 | Val Loss: 9.165e-01 | Time: 5.27s
2025-08-18 18:56:54,833:INFO:Epoch: 2700/10000 | Train Loss: 4.034e-01 | Dynamic Loss: 4.034e-01 | Regularization Loss: 0.000e+00 | Val Loss: 9.948e-01 | Time: 5.33s
2025-08-18 18:57:00,204:INFO:Epoch: 2750/10000 | Train Loss: 3.383e-01 | Dynamic Loss: 3.383e-01 | Regularization Loss: 0.000e+00 | Val Loss: 9.139e-01 | Time: 5.37s
2025-08-18 18:57:05,456:INFO:Epoch: 2800/10000 | Train Loss: 3.286e-01 | Dynamic Loss: 3.286e-01 | Regularization Loss: 0.000e+00 | Val Loss: 8.698e-01 | Time: 5.25s
2025-08-18 18:57:05,457:INFO:New best model found at epoch 2800 with validation loss 8.698e-01. Saving...
2025-08-18 18:57:10,688:INFO:Epoch: 2850/10000 | Train Loss: 3.164e-01 | Dynamic Loss: 3.164e-01 | Regularization Loss: 0.000e+00 | Val Loss: 8.559e-01 | Time: 5.22s
2025-08-18 18:57:10,688:INFO:New best model found at epoch 2850 with validation loss 8.559e-01. Saving...
2025-08-18 18:57:19,522:INFO:Epoch: 2900/10000 | Train Loss: 2.996e-01 | Dynamic Loss: 2.996e-01 | Regularization Loss: 0.000e+00 | Val Loss: 8.632e-01 | Time: 8.82s
2025-08-18 18:57:24,811:INFO:Epoch: 2950/10000 | Train Loss: 2.912e-01 | Dynamic Loss: 2.912e-01 | Regularization Loss: 0.000e+00 | Val Loss: 8.862e-01 | Time: 5.29s
2025-08-18 18:57:30,051:INFO:Epoch: 3000/10000 | Train Loss: 3.339e-01 | Dynamic Loss: 3.339e-01 | Regularization Loss: 0.000e+00 | Val Loss: 8.790e-01 | Time: 5.24s
2025-08-18 18:57:39,744:INFO:Epoch: 3050/10000 | Train Loss: 2.921e-01 | Dynamic Loss: 2.921e-01 | Regularization Loss: 0.000e+00 | Val Loss: 8.638e-01 | Time: 9.69s
2025-08-18 18:57:45,048:INFO:Epoch: 3100/10000 | Train Loss: 2.572e-01 | Dynamic Loss: 2.572e-01 | Regularization Loss: 0.000e+00 | Val Loss: 8.378e-01 | Time: 5.30s
2025-08-18 18:57:45,049:INFO:New best model found at epoch 3100 with validation loss 8.378e-01. Saving...
2025-08-18 18:57:50,365:INFO:Epoch: 3150/10000 | Train Loss: 2.486e-01 | Dynamic Loss: 2.486e-01 | Regularization Loss: 0.000e+00 | Val Loss: 8.371e-01 | Time: 5.31s
2025-08-18 18:57:50,365:INFO:New best model found at epoch 3150 with validation loss 8.371e-01. Saving...
2025-08-18 18:57:55,645:INFO:Epoch: 3200/10000 | Train Loss: 2.568e-01 | Dynamic Loss: 2.568e-01 | Regularization Loss: 0.000e+00 | Val Loss: 8.160e-01 | Time: 5.27s
2025-08-18 18:57:55,645:INFO:New best model found at epoch 3200 with validation loss 8.160e-01. Saving...
2025-08-18 18:58:00,980:INFO:Epoch: 3250/10000 | Train Loss: 2.444e-01 | Dynamic Loss: 2.444e-01 | Regularization Loss: 0.000e+00 | Val Loss: 7.966e-01 | Time: 5.33s
2025-08-18 18:58:00,980:INFO:New best model found at epoch 3250 with validation loss 7.966e-01. Saving...
2025-08-18 18:58:10,336:INFO:Epoch: 3300/10000 | Train Loss: 2.359e-01 | Dynamic Loss: 2.359e-01 | Regularization Loss: 0.000e+00 | Val Loss: 8.309e-01 | Time: 9.35s
2025-08-18 18:58:15,684:INFO:Epoch: 3350/10000 | Train Loss: 2.401e-01 | Dynamic Loss: 2.401e-01 | Regularization Loss: 0.000e+00 | Val Loss: 8.206e-01 | Time: 5.35s
2025-08-18 18:58:20,924:INFO:Epoch: 3400/10000 | Train Loss: 2.083e-01 | Dynamic Loss: 2.083e-01 | Regularization Loss: 0.000e+00 | Val Loss: 7.866e-01 | Time: 5.24s
2025-08-18 18:58:20,924:INFO:New best model found at epoch 3400 with validation loss 7.866e-01. Saving...
2025-08-18 18:58:31,235:INFO:Epoch: 3450/10000 | Train Loss: 2.038e-01 | Dynamic Loss: 2.038e-01 | Regularization Loss: 0.000e+00 | Val Loss: 7.958e-01 | Time: 10.30s
2025-08-18 18:58:36,548:INFO:Epoch: 3500/10000 | Train Loss: 2.252e-01 | Dynamic Loss: 2.252e-01 | Regularization Loss: 0.000e+00 | Val Loss: 8.019e-01 | Time: 5.31s
2025-08-18 18:58:41,828:INFO:Epoch: 3550/10000 | Train Loss: 1.927e-01 | Dynamic Loss: 1.927e-01 | Regularization Loss: 0.000e+00 | Val Loss: 7.617e-01 | Time: 5.28s
2025-08-18 18:58:41,828:INFO:New best model found at epoch 3550 with validation loss 7.617e-01. Saving...
2025-08-18 18:58:53,376:INFO:Epoch: 3600/10000 | Train Loss: 1.843e-01 | Dynamic Loss: 1.843e-01 | Regularization Loss: 0.000e+00 | Val Loss: 7.676e-01 | Time: 11.54s
2025-08-18 18:58:58,715:INFO:Epoch: 3650/10000 | Train Loss: 1.773e-01 | Dynamic Loss: 1.773e-01 | Regularization Loss: 0.000e+00 | Val Loss: 7.601e-01 | Time: 5.34s
2025-08-18 18:58:58,715:INFO:New best model found at epoch 3650 with validation loss 7.601e-01. Saving...
2025-08-18 18:59:04,056:INFO:Epoch: 3700/10000 | Train Loss: 1.741e-01 | Dynamic Loss: 1.741e-01 | Regularization Loss: 0.000e+00 | Val Loss: 7.471e-01 | Time: 5.33s
2025-08-18 18:59:04,056:INFO:New best model found at epoch 3700 with validation loss 7.471e-01. Saving...
2025-08-18 18:59:09,321:INFO:Epoch: 3750/10000 | Train Loss: 1.769e-01 | Dynamic Loss: 1.769e-01 | Regularization Loss: 0.000e+00 | Val Loss: 7.572e-01 | Time: 5.26s
2025-08-18 18:59:14,608:INFO:Epoch: 3800/10000 | Train Loss: 1.667e-01 | Dynamic Loss: 1.667e-01 | Regularization Loss: 0.000e+00 | Val Loss: 7.794e-01 | Time: 5.29s
2025-08-18 18:59:19,930:INFO:Epoch: 3850/10000 | Train Loss: 1.687e-01 | Dynamic Loss: 1.687e-01 | Regularization Loss: 0.000e+00 | Val Loss: 7.837e-01 | Time: 5.32s
2025-08-18 18:59:25,178:INFO:Epoch: 3900/10000 | Train Loss: 1.644e-01 | Dynamic Loss: 1.644e-01 | Regularization Loss: 0.000e+00 | Val Loss: 7.374e-01 | Time: 5.25s
2025-08-18 18:59:25,178:INFO:New best model found at epoch 3900 with validation loss 7.374e-01. Saving...
2025-08-18 18:59:30,479:INFO:Epoch: 3950/10000 | Train Loss: 1.508e-01 | Dynamic Loss: 1.508e-01 | Regularization Loss: 0.000e+00 | Val Loss: 7.126e-01 | Time: 5.29s
2025-08-18 18:59:30,479:INFO:New best model found at epoch 3950 with validation loss 7.126e-01. Saving...
2025-08-18 18:59:38,030:INFO:Epoch: 4000/10000 | Train Loss: 1.474e-01 | Dynamic Loss: 1.474e-01 | Regularization Loss: 0.000e+00 | Val Loss: 7.176e-01 | Time: 7.54s
2025-08-18 18:59:43,370:INFO:Epoch: 4050/10000 | Train Loss: 1.735e-01 | Dynamic Loss: 1.735e-01 | Regularization Loss: 0.000e+00 | Val Loss: 7.166e-01 | Time: 5.34s
2025-08-18 18:59:48,784:INFO:Epoch: 4100/10000 | Train Loss: 1.350e-01 | Dynamic Loss: 1.350e-01 | Regularization Loss: 0.000e+00 | Val Loss: 7.194e-01 | Time: 5.41s
2025-08-18 18:59:54,154:INFO:Epoch: 4150/10000 | Train Loss: 1.410e-01 | Dynamic Loss: 1.410e-01 | Regularization Loss: 0.000e+00 | Val Loss: 7.260e-01 | Time: 5.37s
2025-08-18 18:59:59,430:INFO:Epoch: 4200/10000 | Train Loss: 1.263e-01 | Dynamic Loss: 1.263e-01 | Regularization Loss: 0.000e+00 | Val Loss: 7.087e-01 | Time: 5.28s
2025-08-18 18:59:59,430:INFO:New best model found at epoch 4200 with validation loss 7.087e-01. Saving...
2025-08-18 19:00:04,778:INFO:Epoch: 4250/10000 | Train Loss: 1.265e-01 | Dynamic Loss: 1.265e-01 | Regularization Loss: 0.000e+00 | Val Loss: 7.049e-01 | Time: 5.34s
2025-08-18 19:00:04,778:INFO:New best model found at epoch 4250 with validation loss 7.049e-01. Saving...
2025-08-18 19:00:10,172:INFO:Epoch: 4300/10000 | Train Loss: 1.272e-01 | Dynamic Loss: 1.272e-01 | Regularization Loss: 0.000e+00 | Val Loss: 6.976e-01 | Time: 5.38s
2025-08-18 19:00:10,172:INFO:New best model found at epoch 4300 with validation loss 6.976e-01. Saving...
2025-08-18 19:00:15,564:INFO:Epoch: 4350/10000 | Train Loss: 1.206e-01 | Dynamic Loss: 1.206e-01 | Regularization Loss: 0.000e+00 | Val Loss: 7.072e-01 | Time: 5.38s
2025-08-18 19:00:21,308:INFO:Epoch: 4400/10000 | Train Loss: 1.277e-01 | Dynamic Loss: 1.277e-01 | Regularization Loss: 0.000e+00 | Val Loss: 7.594e-01 | Time: 5.74s
2025-08-18 19:00:26,662:INFO:Epoch: 4450/10000 | Train Loss: 1.116e-01 | Dynamic Loss: 1.116e-01 | Regularization Loss: 0.000e+00 | Val Loss: 6.825e-01 | Time: 5.35s
2025-08-18 19:00:26,662:INFO:New best model found at epoch 4450 with validation loss 6.825e-01. Saving...
2025-08-18 19:00:32,026:INFO:Epoch: 4500/10000 | Train Loss: 1.302e-01 | Dynamic Loss: 1.302e-01 | Regularization Loss: 0.000e+00 | Val Loss: 7.210e-01 | Time: 5.35s
2025-08-18 19:00:37,360:INFO:Epoch: 4550/10000 | Train Loss: 1.075e-01 | Dynamic Loss: 1.075e-01 | Regularization Loss: 0.000e+00 | Val Loss: 6.709e-01 | Time: 5.33s
2025-08-18 19:00:37,360:INFO:New best model found at epoch 4550 with validation loss 6.709e-01. Saving...
2025-08-18 19:00:42,682:INFO:Epoch: 4600/10000 | Train Loss: 1.358e-01 | Dynamic Loss: 1.358e-01 | Regularization Loss: 0.000e+00 | Val Loss: 7.341e-01 | Time: 5.31s
2025-08-18 19:00:48,012:INFO:Epoch: 4650/10000 | Train Loss: 1.058e-01 | Dynamic Loss: 1.058e-01 | Regularization Loss: 0.000e+00 | Val Loss: 6.475e-01 | Time: 5.33s
2025-08-18 19:00:48,012:INFO:New best model found at epoch 4650 with validation loss 6.475e-01. Saving...
2025-08-18 19:00:53,387:INFO:Epoch: 4700/10000 | Train Loss: 1.060e-01 | Dynamic Loss: 1.060e-01 | Regularization Loss: 0.000e+00 | Val Loss: 6.434e-01 | Time: 5.37s
2025-08-18 19:00:53,388:INFO:New best model found at epoch 4700 with validation loss 6.434e-01. Saving...
2025-08-18 19:00:58,807:INFO:Epoch: 4750/10000 | Train Loss: 1.162e-01 | Dynamic Loss: 1.162e-01 | Regularization Loss: 0.000e+00 | Val Loss: 6.392e-01 | Time: 5.41s
2025-08-18 19:00:58,807:INFO:New best model found at epoch 4750 with validation loss 6.392e-01. Saving...
2025-08-18 19:01:04,271:INFO:Epoch: 4800/10000 | Train Loss: 9.960e-02 | Dynamic Loss: 9.960e-02 | Regularization Loss: 0.000e+00 | Val Loss: 6.441e-01 | Time: 5.46s
