2025-08-21 01:55:06,552:INFO:Created DataLoaders with 1194 training samples and 398 validation samples.
2025-08-21 01:55:20,427:INFO:model params: 2512001
2025-08-21 01:55:20,427:INFO:removing projection layer after initialization
2025-08-21 01:55:51,075:INFO:Epoch: 0/40000 | Train Loss: 2.898e+00 | Dynamic Loss: 2.898e+00 | Regularization Loss: 0.000e+00 | Val Loss: 2.723e+00 | Time: 30.53s
2025-08-21 01:55:51,075:INFO:New best model found at epoch 0 with validation loss 2.723e+00. Saving...
2025-08-21 01:55:55,562:INFO:Epoch: 50/40000 | Train Loss: 1.881e+00 | Dynamic Loss: 1.881e+00 | Regularization Loss: 0.000e+00 | Val Loss: 1.926e+00 | Time: 4.32s
2025-08-21 01:55:55,562:INFO:New best model found at epoch 50 with validation loss 1.926e+00. Saving...
2025-08-21 01:56:00,130:INFO:Epoch: 100/40000 | Train Loss: 1.824e+00 | Dynamic Loss: 1.824e+00 | Regularization Loss: 0.000e+00 | Val Loss: 1.822e+00 | Time: 4.44s
2025-08-21 01:56:00,130:INFO:New best model found at epoch 100 with validation loss 1.822e+00. Saving...
2025-08-21 01:56:04,620:INFO:Epoch: 150/40000 | Train Loss: 1.770e+00 | Dynamic Loss: 1.770e+00 | Regularization Loss: 0.000e+00 | Val Loss: 1.768e+00 | Time: 4.36s
2025-08-21 01:56:04,620:INFO:New best model found at epoch 150 with validation loss 1.768e+00. Saving...
2025-08-21 01:56:09,108:INFO:Epoch: 200/40000 | Train Loss: 1.710e+00 | Dynamic Loss: 1.710e+00 | Regularization Loss: 0.000e+00 | Val Loss: 1.725e+00 | Time: 4.36s
2025-08-21 01:56:09,108:INFO:New best model found at epoch 200 with validation loss 1.725e+00. Saving...
2025-08-21 01:56:13,670:INFO:Epoch: 250/40000 | Train Loss: 1.669e+00 | Dynamic Loss: 1.669e+00 | Regularization Loss: 0.000e+00 | Val Loss: 1.720e+00 | Time: 4.44s
2025-08-21 01:56:13,670:INFO:New best model found at epoch 250 with validation loss 1.720e+00. Saving...
2025-08-21 01:56:18,228:INFO:Epoch: 300/40000 | Train Loss: 1.647e+00 | Dynamic Loss: 1.647e+00 | Regularization Loss: 0.000e+00 | Val Loss: 1.704e+00 | Time: 4.43s
2025-08-21 01:56:18,228:INFO:New best model found at epoch 300 with validation loss 1.704e+00. Saving...
2025-08-21 01:56:22,899:INFO:Epoch: 350/40000 | Train Loss: 1.636e+00 | Dynamic Loss: 1.636e+00 | Regularization Loss: 0.000e+00 | Val Loss: 1.687e+00 | Time: 4.54s
2025-08-21 01:56:22,899:INFO:New best model found at epoch 350 with validation loss 1.687e+00. Saving...
2025-08-21 01:56:27,473:INFO:Epoch: 400/40000 | Train Loss: 1.623e+00 | Dynamic Loss: 1.623e+00 | Regularization Loss: 0.000e+00 | Val Loss: 1.673e+00 | Time: 4.44s
2025-08-21 01:56:27,473:INFO:New best model found at epoch 400 with validation loss 1.673e+00. Saving...
2025-08-21 01:56:31,956:INFO:Epoch: 450/40000 | Train Loss: 1.617e+00 | Dynamic Loss: 1.617e+00 | Regularization Loss: 0.000e+00 | Val Loss: 1.669e+00 | Time: 4.36s
2025-08-21 01:56:31,956:INFO:New best model found at epoch 450 with validation loss 1.669e+00. Saving...
2025-08-21 01:56:36,506:INFO:Epoch: 500/40000 | Train Loss: 1.603e+00 | Dynamic Loss: 1.603e+00 | Regularization Loss: 0.000e+00 | Val Loss: 1.653e+00 | Time: 4.43s
2025-08-21 01:56:36,506:INFO:New best model found at epoch 500 with validation loss 1.653e+00. Saving...
2025-08-21 01:56:41,339:INFO:Epoch: 550/40000 | Train Loss: 1.592e+00 | Dynamic Loss: 1.592e+00 | Regularization Loss: 0.000e+00 | Val Loss: 1.645e+00 | Time: 4.60s
2025-08-21 01:56:41,339:INFO:New best model found at epoch 550 with validation loss 1.645e+00. Saving...
2025-08-21 01:56:45,959:INFO:Epoch: 600/40000 | Train Loss: 1.594e+00 | Dynamic Loss: 1.594e+00 | Regularization Loss: 0.000e+00 | Val Loss: 1.644e+00 | Time: 4.50s
2025-08-21 01:56:45,959:INFO:New best model found at epoch 600 with validation loss 1.644e+00. Saving...
2025-08-21 01:56:50,645:INFO:Epoch: 650/40000 | Train Loss: 1.588e+00 | Dynamic Loss: 1.588e+00 | Regularization Loss: 0.000e+00 | Val Loss: 1.634e+00 | Time: 4.56s
2025-08-21 01:56:50,645:INFO:New best model found at epoch 650 with validation loss 1.634e+00. Saving...
2025-08-21 01:56:55,313:INFO:Epoch: 700/40000 | Train Loss: 1.559e+00 | Dynamic Loss: 1.559e+00 | Regularization Loss: 0.000e+00 | Val Loss: 1.619e+00 | Time: 4.54s
2025-08-21 01:56:55,313:INFO:New best model found at epoch 700 with validation loss 1.619e+00. Saving...
2025-08-21 01:56:59,901:INFO:Epoch: 750/40000 | Train Loss: 1.546e+00 | Dynamic Loss: 1.546e+00 | Regularization Loss: 0.000e+00 | Val Loss: 1.607e+00 | Time: 4.46s
2025-08-21 01:56:59,902:INFO:New best model found at epoch 750 with validation loss 1.607e+00. Saving...
2025-08-21 01:57:05,513:INFO:Epoch: 800/40000 | Train Loss: 1.538e+00 | Dynamic Loss: 1.538e+00 | Regularization Loss: 0.000e+00 | Val Loss: 1.600e+00 | Time: 5.48s
2025-08-21 01:57:05,514:INFO:New best model found at epoch 800 with validation loss 1.600e+00. Saving...
2025-08-21 01:57:10,107:INFO:Epoch: 850/40000 | Train Loss: 1.555e+00 | Dynamic Loss: 1.555e+00 | Regularization Loss: 0.000e+00 | Val Loss: 1.603e+00 | Time: 4.47s
2025-08-21 01:57:14,680:INFO:Epoch: 900/40000 | Train Loss: 1.510e+00 | Dynamic Loss: 1.510e+00 | Regularization Loss: 0.000e+00 | Val Loss: 1.571e+00 | Time: 4.47s
2025-08-21 01:57:14,680:INFO:New best model found at epoch 900 with validation loss 1.571e+00. Saving...
2025-08-21 01:57:19,231:INFO:Epoch: 950/40000 | Train Loss: 1.517e+00 | Dynamic Loss: 1.517e+00 | Regularization Loss: 0.000e+00 | Val Loss: 1.565e+00 | Time: 4.43s
2025-08-21 01:57:19,231:INFO:New best model found at epoch 950 with validation loss 1.565e+00. Saving...
2025-08-21 01:57:24,002:INFO:Epoch: 1000/40000 | Train Loss: 1.481e+00 | Dynamic Loss: 1.481e+00 | Regularization Loss: 0.000e+00 | Val Loss: 1.543e+00 | Time: 4.65s
2025-08-21 01:57:24,002:INFO:New best model found at epoch 1000 with validation loss 1.543e+00. Saving...
2025-08-21 01:57:28,751:INFO:Epoch: 1050/40000 | Train Loss: 1.470e+00 | Dynamic Loss: 1.470e+00 | Regularization Loss: 0.000e+00 | Val Loss: 1.540e+00 | Time: 4.63s
2025-08-21 01:57:28,751:INFO:New best model found at epoch 1050 with validation loss 1.540e+00. Saving...
2025-08-21 01:57:33,445:INFO:Epoch: 1100/40000 | Train Loss: 1.537e+00 | Dynamic Loss: 1.537e+00 | Regularization Loss: 0.000e+00 | Val Loss: 1.536e+00 | Time: 4.57s
2025-08-21 01:57:33,446:INFO:New best model found at epoch 1100 with validation loss 1.536e+00. Saving...
2025-08-21 01:57:38,092:INFO:Epoch: 1150/40000 | Train Loss: 1.423e+00 | Dynamic Loss: 1.423e+00 | Regularization Loss: 0.000e+00 | Val Loss: 1.483e+00 | Time: 4.52s
2025-08-21 01:57:38,092:INFO:New best model found at epoch 1150 with validation loss 1.483e+00. Saving...
2025-08-21 01:57:42,866:INFO:Epoch: 1200/40000 | Train Loss: 1.398e+00 | Dynamic Loss: 1.398e+00 | Regularization Loss: 0.000e+00 | Val Loss: 1.454e+00 | Time: 4.65s
2025-08-21 01:57:42,866:INFO:New best model found at epoch 1200 with validation loss 1.454e+00. Saving...
2025-08-21 01:57:47,587:INFO:Epoch: 1250/40000 | Train Loss: 1.413e+00 | Dynamic Loss: 1.413e+00 | Regularization Loss: 0.000e+00 | Val Loss: 1.487e+00 | Time: 4.59s
2025-08-21 01:57:52,406:INFO:Epoch: 1300/40000 | Train Loss: 1.356e+00 | Dynamic Loss: 1.356e+00 | Regularization Loss: 0.000e+00 | Val Loss: 1.416e+00 | Time: 4.71s
2025-08-21 01:57:52,406:INFO:New best model found at epoch 1300 with validation loss 1.416e+00. Saving...
2025-08-21 01:57:57,036:INFO:Epoch: 1350/40000 | Train Loss: 1.355e+00 | Dynamic Loss: 1.355e+00 | Regularization Loss: 0.000e+00 | Val Loss: 1.423e+00 | Time: 4.50s
2025-08-21 01:58:01,688:INFO:Epoch: 1400/40000 | Train Loss: 1.309e+00 | Dynamic Loss: 1.309e+00 | Regularization Loss: 0.000e+00 | Val Loss: 1.376e+00 | Time: 4.54s
2025-08-21 01:58:01,688:INFO:New best model found at epoch 1400 with validation loss 1.376e+00. Saving...
2025-08-21 01:58:09,855:INFO:Epoch: 1450/40000 | Train Loss: 1.299e+00 | Dynamic Loss: 1.299e+00 | Regularization Loss: 0.000e+00 | Val Loss: 1.367e+00 | Time: 8.04s
2025-08-21 01:58:09,855:INFO:New best model found at epoch 1450 with validation loss 1.367e+00. Saving...
2025-08-21 01:58:14,594:INFO:Epoch: 1500/40000 | Train Loss: 1.338e+00 | Dynamic Loss: 1.338e+00 | Regularization Loss: 0.000e+00 | Val Loss: 1.400e+00 | Time: 4.61s
2025-08-21 01:58:19,238:INFO:Epoch: 1550/40000 | Train Loss: 1.249e+00 | Dynamic Loss: 1.249e+00 | Regularization Loss: 0.000e+00 | Val Loss: 1.318e+00 | Time: 4.53s
2025-08-21 01:58:19,238:INFO:New best model found at epoch 1550 with validation loss 1.318e+00. Saving...
2025-08-21 01:58:23,930:INFO:Epoch: 1600/40000 | Train Loss: 1.233e+00 | Dynamic Loss: 1.233e+00 | Regularization Loss: 0.000e+00 | Val Loss: 1.301e+00 | Time: 4.56s
2025-08-21 01:58:23,931:INFO:New best model found at epoch 1600 with validation loss 1.301e+00. Saving...
2025-08-21 01:58:28,766:INFO:Epoch: 1650/40000 | Train Loss: 1.296e+00 | Dynamic Loss: 1.296e+00 | Regularization Loss: 0.000e+00 | Val Loss: 1.372e+00 | Time: 4.71s
2025-08-21 01:58:33,476:INFO:Epoch: 1700/40000 | Train Loss: 1.187e+00 | Dynamic Loss: 1.187e+00 | Regularization Loss: 0.000e+00 | Val Loss: 1.259e+00 | Time: 4.60s
2025-08-21 01:58:33,476:INFO:New best model found at epoch 1700 with validation loss 1.259e+00. Saving...
2025-08-21 01:58:38,203:INFO:Epoch: 1750/40000 | Train Loss: 1.168e+00 | Dynamic Loss: 1.168e+00 | Regularization Loss: 0.000e+00 | Val Loss: 1.245e+00 | Time: 4.59s
2025-08-21 01:58:38,203:INFO:New best model found at epoch 1750 with validation loss 1.245e+00. Saving...
2025-08-21 01:58:42,921:INFO:Epoch: 1800/40000 | Train Loss: 1.151e+00 | Dynamic Loss: 1.151e+00 | Regularization Loss: 0.000e+00 | Val Loss: 1.229e+00 | Time: 4.59s
2025-08-21 01:58:42,921:INFO:New best model found at epoch 1800 with validation loss 1.229e+00. Saving...
2025-08-21 01:58:47,777:INFO:Epoch: 1850/40000 | Train Loss: 1.128e+00 | Dynamic Loss: 1.128e+00 | Regularization Loss: 0.000e+00 | Val Loss: 1.206e+00 | Time: 4.73s
2025-08-21 01:58:47,777:INFO:New best model found at epoch 1850 with validation loss 1.206e+00. Saving...
2025-08-21 01:58:52,491:INFO:Epoch: 1900/40000 | Train Loss: 1.105e+00 | Dynamic Loss: 1.105e+00 | Regularization Loss: 0.000e+00 | Val Loss: 1.190e+00 | Time: 4.58s
2025-08-21 01:58:52,491:INFO:New best model found at epoch 1900 with validation loss 1.190e+00. Saving...
2025-08-21 01:58:57,174:INFO:Epoch: 1950/40000 | Train Loss: 1.152e+00 | Dynamic Loss: 1.152e+00 | Regularization Loss: 0.000e+00 | Val Loss: 1.237e+00 | Time: 4.55s
2025-08-21 01:59:01,842:INFO:Epoch: 2000/40000 | Train Loss: 1.050e+00 | Dynamic Loss: 1.050e+00 | Regularization Loss: 0.000e+00 | Val Loss: 1.138e+00 | Time: 4.56s
2025-08-21 01:59:01,842:INFO:New best model found at epoch 2000 with validation loss 1.138e+00. Saving...
2025-08-21 01:59:06,561:INFO:Epoch: 2050/40000 | Train Loss: 1.029e+00 | Dynamic Loss: 1.029e+00 | Regularization Loss: 0.000e+00 | Val Loss: 1.115e+00 | Time: 4.60s
2025-08-21 01:59:06,561:INFO:New best model found at epoch 2050 with validation loss 1.115e+00. Saving...
2025-08-21 01:59:11,335:INFO:Epoch: 2100/40000 | Train Loss: 1.016e+00 | Dynamic Loss: 1.016e+00 | Regularization Loss: 0.000e+00 | Val Loss: 1.109e+00 | Time: 4.65s
2025-08-21 01:59:11,335:INFO:New best model found at epoch 2100 with validation loss 1.109e+00. Saving...
2025-08-21 01:59:15,948:INFO:Epoch: 2150/40000 | Train Loss: 1.001e+00 | Dynamic Loss: 1.001e+00 | Regularization Loss: 0.000e+00 | Val Loss: 1.095e+00 | Time: 4.49s
2025-08-21 01:59:15,948:INFO:New best model found at epoch 2150 with validation loss 1.095e+00. Saving...
2025-08-21 01:59:20,673:INFO:Epoch: 2200/40000 | Train Loss: 1.019e+00 | Dynamic Loss: 1.019e+00 | Regularization Loss: 0.000e+00 | Val Loss: 1.123e+00 | Time: 4.61s
2025-08-21 01:59:25,331:INFO:Epoch: 2250/40000 | Train Loss: 1.039e+00 | Dynamic Loss: 1.039e+00 | Regularization Loss: 0.000e+00 | Val Loss: 1.106e+00 | Time: 4.56s
2025-08-21 01:59:29,999:INFO:Epoch: 2300/40000 | Train Loss: 9.495e-01 | Dynamic Loss: 9.495e-01 | Regularization Loss: 0.000e+00 | Val Loss: 1.085e+00 | Time: 4.57s
2025-08-21 01:59:29,999:INFO:New best model found at epoch 2300 with validation loss 1.085e+00. Saving...
2025-08-21 01:59:34,836:INFO:Epoch: 2350/40000 | Train Loss: 9.205e-01 | Dynamic Loss: 9.205e-01 | Regularization Loss: 0.000e+00 | Val Loss: 1.025e+00 | Time: 4.71s
2025-08-21 01:59:34,836:INFO:New best model found at epoch 2350 with validation loss 1.025e+00. Saving...
2025-08-21 01:59:39,587:INFO:Epoch: 2400/40000 | Train Loss: 9.152e-01 | Dynamic Loss: 9.152e-01 | Regularization Loss: 0.000e+00 | Val Loss: 1.020e+00 | Time: 4.63s
2025-08-21 01:59:39,587:INFO:New best model found at epoch 2400 with validation loss 1.020e+00. Saving...
2025-08-21 01:59:44,289:INFO:Epoch: 2450/40000 | Train Loss: 9.089e-01 | Dynamic Loss: 9.089e-01 | Regularization Loss: 0.000e+00 | Val Loss: 1.006e+00 | Time: 4.58s
2025-08-21 01:59:44,289:INFO:New best model found at epoch 2450 with validation loss 1.006e+00. Saving...
2025-08-21 01:59:49,051:INFO:Epoch: 2500/40000 | Train Loss: 9.148e-01 | Dynamic Loss: 9.148e-01 | Regularization Loss: 0.000e+00 | Val Loss: 1.017e+00 | Time: 4.64s
2025-08-21 01:59:53,732:INFO:Epoch: 2550/40000 | Train Loss: 1.040e+00 | Dynamic Loss: 1.040e+00 | Regularization Loss: 0.000e+00 | Val Loss: 1.053e+00 | Time: 4.58s
2025-08-21 01:59:58,442:INFO:Epoch: 2600/40000 | Train Loss: 8.519e-01 | Dynamic Loss: 8.519e-01 | Regularization Loss: 0.000e+00 | Val Loss: 9.607e-01 | Time: 4.61s
2025-08-21 01:59:58,442:INFO:New best model found at epoch 2600 with validation loss 9.607e-01. Saving...
2025-08-21 02:00:03,214:INFO:Epoch: 2650/40000 | Train Loss: 8.821e-01 | Dynamic Loss: 8.821e-01 | Regularization Loss: 0.000e+00 | Val Loss: 9.903e-01 | Time: 4.64s
2025-08-21 02:00:07,995:INFO:Epoch: 2700/40000 | Train Loss: 8.219e-01 | Dynamic Loss: 8.219e-01 | Regularization Loss: 0.000e+00 | Val Loss: 9.351e-01 | Time: 4.68s
2025-08-21 02:00:07,995:INFO:New best model found at epoch 2700 with validation loss 9.351e-01. Saving...
2025-08-21 02:00:12,735:INFO:Epoch: 2750/40000 | Train Loss: 8.260e-01 | Dynamic Loss: 8.260e-01 | Regularization Loss: 0.000e+00 | Val Loss: 9.411e-01 | Time: 4.62s
2025-08-21 02:00:17,454:INFO:Epoch: 2800/40000 | Train Loss: 8.084e-01 | Dynamic Loss: 8.084e-01 | Regularization Loss: 0.000e+00 | Val Loss: 9.241e-01 | Time: 4.62s
2025-08-21 02:00:17,455:INFO:New best model found at epoch 2800 with validation loss 9.241e-01. Saving...
2025-08-21 02:00:22,225:INFO:Epoch: 2850/40000 | Train Loss: 9.199e-01 | Dynamic Loss: 9.199e-01 | Regularization Loss: 0.000e+00 | Val Loss: 1.028e+00 | Time: 4.65s
2025-08-21 02:00:27,016:INFO:Epoch: 2900/40000 | Train Loss: 7.901e-01 | Dynamic Loss: 7.901e-01 | Regularization Loss: 0.000e+00 | Val Loss: 9.062e-01 | Time: 4.69s
2025-08-21 02:00:27,016:INFO:New best model found at epoch 2900 with validation loss 9.062e-01. Saving...
2025-08-21 02:00:31,666:INFO:Epoch: 2950/40000 | Train Loss: 7.938e-01 | Dynamic Loss: 7.938e-01 | Regularization Loss: 0.000e+00 | Val Loss: 9.152e-01 | Time: 4.52s
2025-08-21 02:00:36,282:INFO:Epoch: 3000/40000 | Train Loss: 7.753e-01 | Dynamic Loss: 7.753e-01 | Regularization Loss: 0.000e+00 | Val Loss: 9.041e-01 | Time: 4.51s
2025-08-21 02:00:36,282:INFO:New best model found at epoch 3000 with validation loss 9.041e-01. Saving...
2025-08-21 02:00:41,058:INFO:Epoch: 3050/40000 | Train Loss: 9.089e-01 | Dynamic Loss: 9.089e-01 | Regularization Loss: 0.000e+00 | Val Loss: 9.928e-01 | Time: 4.65s
2025-08-21 02:00:45,743:INFO:Epoch: 3100/40000 | Train Loss: 7.541e-01 | Dynamic Loss: 7.541e-01 | Regularization Loss: 0.000e+00 | Val Loss: 8.718e-01 | Time: 4.58s
2025-08-21 02:00:45,743:INFO:New best model found at epoch 3100 with validation loss 8.718e-01. Saving...
2025-08-21 02:00:50,562:INFO:Epoch: 3150/40000 | Train Loss: 7.710e-01 | Dynamic Loss: 7.710e-01 | Regularization Loss: 0.000e+00 | Val Loss: 8.710e-01 | Time: 4.69s
2025-08-21 02:00:50,562:INFO:New best model found at epoch 3150 with validation loss 8.710e-01. Saving...
2025-08-21 02:00:55,236:INFO:Epoch: 3200/40000 | Train Loss: 7.215e-01 | Dynamic Loss: 7.215e-01 | Regularization Loss: 0.000e+00 | Val Loss: 8.382e-01 | Time: 4.55s
2025-08-21 02:00:55,237:INFO:New best model found at epoch 3200 with validation loss 8.382e-01. Saving...
2025-08-21 02:01:00,090:INFO:Epoch: 3250/40000 | Train Loss: 7.452e-01 | Dynamic Loss: 7.452e-01 | Regularization Loss: 0.000e+00 | Val Loss: 8.705e-01 | Time: 4.59s
2025-08-21 02:01:04,833:INFO:Epoch: 3300/40000 | Train Loss: 7.740e-01 | Dynamic Loss: 7.740e-01 | Regularization Loss: 0.000e+00 | Val Loss: 8.664e-01 | Time: 4.64s
2025-08-21 02:01:09,517:INFO:Epoch: 3350/40000 | Train Loss: 7.008e-01 | Dynamic Loss: 7.008e-01 | Regularization Loss: 0.000e+00 | Val Loss: 8.193e-01 | Time: 4.58s
2025-08-21 02:01:09,517:INFO:New best model found at epoch 3350 with validation loss 8.193e-01. Saving...
2025-08-21 02:01:14,281:INFO:Epoch: 3400/40000 | Train Loss: 6.914e-01 | Dynamic Loss: 6.914e-01 | Regularization Loss: 0.000e+00 | Val Loss: 8.105e-01 | Time: 4.64s
2025-08-21 02:01:14,281:INFO:New best model found at epoch 3400 with validation loss 8.105e-01. Saving...
2025-08-21 02:01:18,944:INFO:Epoch: 3450/40000 | Train Loss: 6.966e-01 | Dynamic Loss: 6.966e-01 | Regularization Loss: 0.000e+00 | Val Loss: 8.266e-01 | Time: 4.53s
2025-08-21 02:01:31,773:INFO:Epoch: 3500/40000 | Train Loss: 6.932e-01 | Dynamic Loss: 6.932e-01 | Regularization Loss: 0.000e+00 | Val Loss: 8.087e-01 | Time: 12.72s
2025-08-21 02:01:31,773:INFO:New best model found at epoch 3500 with validation loss 8.087e-01. Saving...
2025-08-21 02:01:36,554:INFO:Epoch: 3550/40000 | Train Loss: 7.268e-01 | Dynamic Loss: 7.268e-01 | Regularization Loss: 0.000e+00 | Val Loss: 8.936e-01 | Time: 4.65s
2025-08-21 02:01:41,234:INFO:Epoch: 3600/40000 | Train Loss: 6.582e-01 | Dynamic Loss: 6.582e-01 | Regularization Loss: 0.000e+00 | Val Loss: 7.819e-01 | Time: 4.57s
2025-08-21 02:01:41,234:INFO:New best model found at epoch 3600 with validation loss 7.819e-01. Saving...
2025-08-21 02:01:46,018:INFO:Epoch: 3650/40000 | Train Loss: 6.545e-01 | Dynamic Loss: 6.545e-01 | Regularization Loss: 0.000e+00 | Val Loss: 7.829e-01 | Time: 4.66s
2025-08-21 02:01:58,848:INFO:Epoch: 3700/40000 | Train Loss: 6.744e-01 | Dynamic Loss: 6.744e-01 | Regularization Loss: 0.000e+00 | Val Loss: 8.016e-01 | Time: 12.72s
2025-08-21 02:02:03,605:INFO:Epoch: 3750/40000 | Train Loss: 6.369e-01 | Dynamic Loss: 6.369e-01 | Regularization Loss: 0.000e+00 | Val Loss: 7.654e-01 | Time: 4.65s
2025-08-21 02:02:03,605:INFO:New best model found at epoch 3750 with validation loss 7.654e-01. Saving...
2025-08-21 02:02:08,389:INFO:Epoch: 3800/40000 | Train Loss: 6.363e-01 | Dynamic Loss: 6.363e-01 | Regularization Loss: 0.000e+00 | Val Loss: 7.616e-01 | Time: 4.65s
2025-08-21 02:02:08,390:INFO:New best model found at epoch 3800 with validation loss 7.616e-01. Saving...
2025-08-21 02:02:13,219:INFO:Epoch: 3850/40000 | Train Loss: 1.015e+00 | Dynamic Loss: 1.015e+00 | Regularization Loss: 0.000e+00 | Val Loss: 1.028e+00 | Time: 4.70s
2025-08-21 02:02:26,150:INFO:Epoch: 3900/40000 | Train Loss: 6.209e-01 | Dynamic Loss: 6.209e-01 | Regularization Loss: 0.000e+00 | Val Loss: 7.484e-01 | Time: 12.82s
2025-08-21 02:02:26,150:INFO:New best model found at epoch 3900 with validation loss 7.484e-01. Saving...
2025-08-21 02:02:30,949:INFO:Epoch: 3950/40000 | Train Loss: 7.243e-01 | Dynamic Loss: 7.243e-01 | Regularization Loss: 0.000e+00 | Val Loss: 7.811e-01 | Time: 4.67s
2025-08-21 02:02:35,692:INFO:Epoch: 4000/40000 | Train Loss: 5.998e-01 | Dynamic Loss: 5.998e-01 | Regularization Loss: 0.000e+00 | Val Loss: 7.207e-01 | Time: 4.63s
2025-08-21 02:02:35,692:INFO:New best model found at epoch 4000 with validation loss 7.207e-01. Saving...
2025-08-21 02:02:40,394:INFO:Epoch: 4050/40000 | Train Loss: 6.158e-01 | Dynamic Loss: 6.158e-01 | Regularization Loss: 0.000e+00 | Val Loss: 7.509e-01 | Time: 4.57s
