2025-08-18 12:49:58,451:INFO:Created DataLoaders with 2994 training samples and 998 validation samples.
2025-08-18 12:49:59,028:INFO:model params: 1205826
2025-08-18 12:49:59,883:INFO:Epoch: 0/10000 | Train Loss: 8.406e+04 | Dynamic Loss: 8.406e+04 | Regularization Loss: 9.126e-02 | Val Loss: 1.584e+04 | Time: 0.85s
2025-08-18 12:49:59,883:INFO:New best model found at epoch 0 with validation loss 1.584e+04. Saving...
2025-08-18 12:50:04,935:INFO:Epoch: 50/10000 | Train Loss: 1.433e+00 | Dynamic Loss: 1.432e+00 | Regularization Loss: 1.099e-03 | Val Loss: 1.423e+00 | Time: 5.02s
2025-08-18 12:50:04,935:INFO:New best model found at epoch 50 with validation loss 1.423e+00. Saving...
2025-08-18 12:50:09,851:INFO:Epoch: 100/10000 | Train Loss: 1.428e+00 | Dynamic Loss: 1.427e+00 | Regularization Loss: 4.847e-04 | Val Loss: 1.413e+00 | Time: 4.90s
2025-08-18 12:50:09,851:INFO:New best model found at epoch 100 with validation loss 1.413e+00. Saving...
2025-08-18 12:50:14,718:INFO:Epoch: 150/10000 | Train Loss: 1.426e+00 | Dynamic Loss: 1.426e+00 | Regularization Loss: 2.811e-04 | Val Loss: 1.411e+00 | Time: 4.85s
2025-08-18 12:50:14,718:INFO:New best model found at epoch 150 with validation loss 1.411e+00. Saving...
2025-08-18 12:50:23,993:INFO:Epoch: 200/10000 | Train Loss: 1.424e+00 | Dynamic Loss: 1.424e+00 | Regularization Loss: 1.865e-04 | Val Loss: 1.409e+00 | Time: 9.26s
2025-08-18 12:50:23,993:INFO:New best model found at epoch 200 with validation loss 1.409e+00. Saving...
2025-08-18 12:50:28,954:INFO:Epoch: 250/10000 | Train Loss: 1.423e+00 | Dynamic Loss: 1.423e+00 | Regularization Loss: 1.340e-04 | Val Loss: 1.407e+00 | Time: 4.95s
2025-08-18 12:50:28,954:INFO:New best model found at epoch 250 with validation loss 1.407e+00. Saving...
2025-08-18 12:50:34,024:INFO:Epoch: 300/10000 | Train Loss: 1.422e+00 | Dynamic Loss: 1.422e+00 | Regularization Loss: 1.014e-04 | Val Loss: 1.405e+00 | Time: 5.06s
2025-08-18 12:50:34,024:INFO:New best model found at epoch 300 with validation loss 1.405e+00. Saving...
2025-08-18 12:50:39,037:INFO:Epoch: 350/10000 | Train Loss: 1.421e+00 | Dynamic Loss: 1.421e+00 | Regularization Loss: 7.963e-05 | Val Loss: 1.403e+00 | Time: 5.00s
2025-08-18 12:50:39,037:INFO:New best model found at epoch 350 with validation loss 1.403e+00. Saving...
2025-08-18 12:50:44,032:INFO:Epoch: 400/10000 | Train Loss: 1.420e+00 | Dynamic Loss: 1.420e+00 | Regularization Loss: 6.425e-05 | Val Loss: 1.402e+00 | Time: 4.98s
2025-08-18 12:50:44,032:INFO:New best model found at epoch 400 with validation loss 1.402e+00. Saving...
2025-08-18 12:50:53,893:INFO:Epoch: 450/10000 | Train Loss: 1.419e+00 | Dynamic Loss: 1.419e+00 | Regularization Loss: 5.295e-05 | Val Loss: 1.401e+00 | Time: 9.85s
2025-08-18 12:50:53,893:INFO:New best model found at epoch 450 with validation loss 1.401e+00. Saving...
2025-08-18 12:50:58,921:INFO:Epoch: 500/10000 | Train Loss: 1.417e+00 | Dynamic Loss: 1.417e+00 | Regularization Loss: 4.436e-05 | Val Loss: 1.400e+00 | Time: 5.01s
2025-08-18 12:50:58,921:INFO:New best model found at epoch 500 with validation loss 1.400e+00. Saving...
2025-08-18 12:51:04,151:INFO:Epoch: 550/10000 | Train Loss: 1.415e+00 | Dynamic Loss: 1.415e+00 | Regularization Loss: 3.766e-05 | Val Loss: 1.399e+00 | Time: 5.22s
2025-08-18 12:51:04,151:INFO:New best model found at epoch 550 with validation loss 1.399e+00. Saving...
2025-08-18 12:51:09,253:INFO:Epoch: 600/10000 | Train Loss: 1.414e+00 | Dynamic Loss: 1.414e+00 | Regularization Loss: 3.233e-05 | Val Loss: 1.397e+00 | Time: 5.09s
2025-08-18 12:51:09,253:INFO:New best model found at epoch 600 with validation loss 1.397e+00. Saving...
2025-08-18 12:51:14,435:INFO:Epoch: 650/10000 | Train Loss: 1.413e+00 | Dynamic Loss: 1.413e+00 | Regularization Loss: 2.800e-05 | Val Loss: 1.396e+00 | Time: 5.17s
2025-08-18 12:51:14,435:INFO:New best model found at epoch 650 with validation loss 1.396e+00. Saving...
2025-08-18 12:51:19,539:INFO:Epoch: 700/10000 | Train Loss: 1.413e+00 | Dynamic Loss: 1.413e+00 | Regularization Loss: 2.444e-05 | Val Loss: 1.394e+00 | Time: 5.09s
2025-08-18 12:51:19,539:INFO:New best model found at epoch 700 with validation loss 1.394e+00. Saving...
2025-08-18 12:51:24,568:INFO:Epoch: 750/10000 | Train Loss: 1.410e+00 | Dynamic Loss: 1.410e+00 | Regularization Loss: 2.147e-05 | Val Loss: 1.393e+00 | Time: 5.02s
2025-08-18 12:51:24,568:INFO:New best model found at epoch 750 with validation loss 1.393e+00. Saving...
2025-08-18 12:51:35,298:INFO:Epoch: 800/10000 | Train Loss: 1.410e+00 | Dynamic Loss: 1.410e+00 | Regularization Loss: 1.896e-05 | Val Loss: 1.391e+00 | Time: 10.72s
2025-08-18 12:51:35,298:INFO:New best model found at epoch 800 with validation loss 1.391e+00. Saving...
2025-08-18 12:51:40,369:INFO:Epoch: 850/10000 | Train Loss: 1.410e+00 | Dynamic Loss: 1.410e+00 | Regularization Loss: 1.682e-05 | Val Loss: 1.391e+00 | Time: 5.06s
2025-08-18 12:51:40,370:INFO:New best model found at epoch 850 with validation loss 1.391e+00. Saving...
2025-08-18 12:51:45,597:INFO:Epoch: 900/10000 | Train Loss: 1.410e+00 | Dynamic Loss: 1.410e+00 | Regularization Loss: 1.499e-05 | Val Loss: 1.391e+00 | Time: 5.21s
2025-08-18 12:51:50,754:INFO:Epoch: 950/10000 | Train Loss: 1.408e+00 | Dynamic Loss: 1.408e+00 | Regularization Loss: 1.340e-05 | Val Loss: 1.392e+00 | Time: 5.16s
2025-08-18 12:51:56,019:INFO:Epoch: 1000/10000 | Train Loss: 1.408e+00 | Dynamic Loss: 1.408e+00 | Regularization Loss: 1.202e-05 | Val Loss: 1.393e+00 | Time: 5.27s
2025-08-18 12:52:01,128:INFO:Epoch: 1050/10000 | Train Loss: 1.410e+00 | Dynamic Loss: 1.410e+00 | Regularization Loss: 1.080e-05 | Val Loss: 1.391e+00 | Time: 5.11s
2025-08-18 12:52:01,128:INFO:New best model found at epoch 1050 with validation loss 1.391e+00. Saving...
2025-08-18 12:52:06,245:INFO:Epoch: 1100/10000 | Train Loss: 1.407e+00 | Dynamic Loss: 1.407e+00 | Regularization Loss: 9.732e-06 | Val Loss: 1.389e+00 | Time: 5.10s
2025-08-18 12:52:06,246:INFO:New best model found at epoch 1100 with validation loss 1.389e+00. Saving...
2025-08-18 12:52:16,466:INFO:Epoch: 1150/10000 | Train Loss: 1.412e+00 | Dynamic Loss: 1.412e+00 | Regularization Loss: 8.786e-06 | Val Loss: 1.389e+00 | Time: 10.21s
2025-08-18 12:52:16,466:INFO:New best model found at epoch 1150 with validation loss 1.389e+00. Saving...
2025-08-18 12:52:21,606:INFO:Epoch: 1200/10000 | Train Loss: 1.408e+00 | Dynamic Loss: 1.408e+00 | Regularization Loss: 7.941e-06 | Val Loss: 1.389e+00 | Time: 5.13s
2025-08-18 12:52:21,606:INFO:New best model found at epoch 1200 with validation loss 1.389e+00. Saving...
2025-08-18 12:52:29,233:INFO:Epoch: 1250/10000 | Train Loss: 1.409e+00 | Dynamic Loss: 1.409e+00 | Regularization Loss: 7.189e-06 | Val Loss: 1.401e+00 | Time: 7.62s
2025-08-18 12:52:34,441:INFO:Epoch: 1300/10000 | Train Loss: 1.415e+00 | Dynamic Loss: 1.415e+00 | Regularization Loss: 6.511e-06 | Val Loss: 1.391e+00 | Time: 5.21s
2025-08-18 12:52:39,708:INFO:Epoch: 1350/10000 | Train Loss: 1.413e+00 | Dynamic Loss: 1.413e+00 | Regularization Loss: 5.904e-06 | Val Loss: 1.427e+00 | Time: 5.27s
2025-08-18 12:52:44,876:INFO:Epoch: 1400/10000 | Train Loss: 1.412e+00 | Dynamic Loss: 1.412e+00 | Regularization Loss: 5.354e-06 | Val Loss: 1.397e+00 | Time: 5.17s
2025-08-18 12:52:50,161:INFO:Epoch: 1450/10000 | Train Loss: 1.409e+00 | Dynamic Loss: 1.409e+00 | Regularization Loss: 4.858e-06 | Val Loss: 1.387e+00 | Time: 5.29s
2025-08-18 12:52:50,162:INFO:New best model found at epoch 1450 with validation loss 1.387e+00. Saving...
2025-08-18 12:52:55,326:INFO:Epoch: 1500/10000 | Train Loss: 1.404e+00 | Dynamic Loss: 1.404e+00 | Regularization Loss: 4.408e-06 | Val Loss: 1.384e+00 | Time: 5.15s
2025-08-18 12:52:55,326:INFO:New best model found at epoch 1500 with validation loss 1.384e+00. Saving...
2025-08-18 12:53:00,539:INFO:Epoch: 1550/10000 | Train Loss: 1.404e+00 | Dynamic Loss: 1.404e+00 | Regularization Loss: 3.999e-06 | Val Loss: 1.382e+00 | Time: 5.20s
2025-08-18 12:53:00,539:INFO:New best model found at epoch 1550 with validation loss 1.382e+00. Saving...
2025-08-18 12:53:11,874:INFO:Epoch: 1600/10000 | Train Loss: 1.404e+00 | Dynamic Loss: 1.404e+00 | Regularization Loss: 3.627e-06 | Val Loss: 1.386e+00 | Time: 11.32s
2025-08-18 12:53:17,049:INFO:Epoch: 1650/10000 | Train Loss: 1.401e+00 | Dynamic Loss: 1.401e+00 | Regularization Loss: 3.287e-06 | Val Loss: 1.378e+00 | Time: 5.17s
2025-08-18 12:53:17,050:INFO:New best model found at epoch 1650 with validation loss 1.378e+00. Saving...
2025-08-18 12:53:22,392:INFO:Epoch: 1700/10000 | Train Loss: 1.400e+00 | Dynamic Loss: 1.400e+00 | Regularization Loss: 2.979e-06 | Val Loss: 1.381e+00 | Time: 5.33s
2025-08-18 12:53:27,527:INFO:Epoch: 1750/10000 | Train Loss: 1.395e+00 | Dynamic Loss: 1.395e+00 | Regularization Loss: 2.696e-06 | Val Loss: 1.379e+00 | Time: 5.13s
2025-08-18 12:53:32,709:INFO:Epoch: 1800/10000 | Train Loss: 1.402e+00 | Dynamic Loss: 1.402e+00 | Regularization Loss: 2.437e-06 | Val Loss: 1.416e+00 | Time: 5.18s
2025-08-18 12:53:37,870:INFO:Epoch: 1850/10000 | Train Loss: 1.394e+00 | Dynamic Loss: 1.394e+00 | Regularization Loss: 2.201e-06 | Val Loss: 1.377e+00 | Time: 5.16s
2025-08-18 12:53:37,871:INFO:New best model found at epoch 1850 with validation loss 1.377e+00. Saving...
2025-08-18 12:53:43,103:INFO:Epoch: 1900/10000 | Train Loss: 1.403e+00 | Dynamic Loss: 1.403e+00 | Regularization Loss: 1.985e-06 | Val Loss: 1.385e+00 | Time: 5.22s
2025-08-18 12:53:53,825:INFO:Epoch: 1950/10000 | Train Loss: 1.398e+00 | Dynamic Loss: 1.398e+00 | Regularization Loss: 1.787e-06 | Val Loss: 1.377e+00 | Time: 10.72s
2025-08-18 12:53:53,826:INFO:New best model found at epoch 1950 with validation loss 1.377e+00. Saving...
2025-08-18 12:53:58,991:INFO:Epoch: 2000/10000 | Train Loss: 1.407e+00 | Dynamic Loss: 1.407e+00 | Regularization Loss: 1.606e-06 | Val Loss: 1.411e+00 | Time: 5.15s
2025-08-18 12:54:04,255:INFO:Epoch: 2050/10000 | Train Loss: 1.405e+00 | Dynamic Loss: 1.405e+00 | Regularization Loss: 1.441e-06 | Val Loss: 1.394e+00 | Time: 5.26s
2025-08-18 12:54:09,436:INFO:Epoch: 2100/10000 | Train Loss: 1.427e+00 | Dynamic Loss: 1.427e+00 | Regularization Loss: 1.290e-06 | Val Loss: 1.383e+00 | Time: 5.18s
2025-08-18 12:54:14,693:INFO:Epoch: 2150/10000 | Train Loss: 1.410e+00 | Dynamic Loss: 1.410e+00 | Regularization Loss: 1.153e-06 | Val Loss: 1.433e+00 | Time: 5.26s
2025-08-18 12:54:19,885:INFO:Epoch: 2200/10000 | Train Loss: 1.427e+00 | Dynamic Loss: 1.427e+00 | Regularization Loss: 1.028e-06 | Val Loss: 1.383e+00 | Time: 5.19s
2025-08-18 12:54:25,077:INFO:Epoch: 2250/10000 | Train Loss: 1.412e+00 | Dynamic Loss: 1.412e+00 | Regularization Loss: 9.144e-07 | Val Loss: 1.439e+00 | Time: 5.19s
2025-08-18 12:54:36,603:INFO:Epoch: 2300/10000 | Train Loss: 1.429e+00 | Dynamic Loss: 1.429e+00 | Regularization Loss: 8.109e-07 | Val Loss: 1.384e+00 | Time: 11.53s
2025-08-18 12:54:41,747:INFO:Epoch: 2350/10000 | Train Loss: 1.418e+00 | Dynamic Loss: 1.418e+00 | Regularization Loss: 7.169e-07 | Val Loss: 1.441e+00 | Time: 5.14s
2025-08-18 12:54:49,530:INFO:Epoch: 2400/10000 | Train Loss: 1.434e+00 | Dynamic Loss: 1.434e+00 | Regularization Loss: 6.318e-07 | Val Loss: 1.385e+00 | Time: 7.78s
2025-08-18 12:54:54,787:INFO:Epoch: 2450/10000 | Train Loss: 1.416e+00 | Dynamic Loss: 1.416e+00 | Regularization Loss: 5.549e-07 | Val Loss: 1.450e+00 | Time: 5.26s
2025-08-18 12:55:00,081:INFO:Epoch: 2500/10000 | Train Loss: 1.435e+00 | Dynamic Loss: 1.435e+00 | Regularization Loss: 4.857e-07 | Val Loss: 1.387e+00 | Time: 5.29s
2025-08-18 12:55:05,264:INFO:Epoch: 2550/10000 | Train Loss: 1.426e+00 | Dynamic Loss: 1.426e+00 | Regularization Loss: 4.236e-07 | Val Loss: 1.457e+00 | Time: 5.18s
2025-08-18 12:55:10,491:INFO:Epoch: 2600/10000 | Train Loss: 1.439e+00 | Dynamic Loss: 1.439e+00 | Regularization Loss: 3.679e-07 | Val Loss: 1.390e+00 | Time: 5.23s
2025-08-18 12:55:15,779:INFO:Epoch: 2650/10000 | Train Loss: 1.427e+00 | Dynamic Loss: 1.427e+00 | Regularization Loss: 3.183e-07 | Val Loss: 1.467e+00 | Time: 5.29s
2025-08-18 12:55:21,011:INFO:Epoch: 2700/10000 | Train Loss: 1.452e+00 | Dynamic Loss: 1.452e+00 | Regularization Loss: 2.742e-07 | Val Loss: 1.391e+00 | Time: 5.23s
2025-08-18 12:55:31,156:INFO:Epoch: 2750/10000 | Train Loss: 1.430e+00 | Dynamic Loss: 1.430e+00 | Regularization Loss: 2.351e-07 | Val Loss: 1.487e+00 | Time: 10.14s
2025-08-18 12:55:36,289:INFO:Epoch: 2800/10000 | Train Loss: 1.456e+00 | Dynamic Loss: 1.456e+00 | Regularization Loss: 2.007e-07 | Val Loss: 1.397e+00 | Time: 5.13s
2025-08-18 12:55:41,606:INFO:Epoch: 2850/10000 | Train Loss: 1.436e+00 | Dynamic Loss: 1.436e+00 | Regularization Loss: 1.705e-07 | Val Loss: 1.502e+00 | Time: 5.32s
2025-08-18 12:55:46,845:INFO:Epoch: 2900/10000 | Train Loss: 1.458e+00 | Dynamic Loss: 1.458e+00 | Regularization Loss: 1.441e-07 | Val Loss: 1.406e+00 | Time: 5.24s
2025-08-18 12:55:52,154:INFO:Epoch: 2950/10000 | Train Loss: 1.445e+00 | Dynamic Loss: 1.445e+00 | Regularization Loss: 1.212e-07 | Val Loss: 1.522e+00 | Time: 5.31s
2025-08-18 12:55:57,438:INFO:Epoch: 3000/10000 | Train Loss: 1.464e+00 | Dynamic Loss: 1.464e+00 | Regularization Loss: 1.014e-07 | Val Loss: 1.416e+00 | Time: 5.28s
2025-08-18 12:56:02,753:INFO:Epoch: 3050/10000 | Train Loss: 1.448e+00 | Dynamic Loss: 1.448e+00 | Regularization Loss: 8.435e-08 | Val Loss: 1.550e+00 | Time: 5.31s
2025-08-18 12:56:12,188:INFO:Epoch: 3100/10000 | Train Loss: 1.473e+00 | Dynamic Loss: 1.473e+00 | Regularization Loss: 6.978e-08 | Val Loss: 1.427e+00 | Time: 9.44s
2025-08-18 12:56:17,427:INFO:Epoch: 3150/10000 | Train Loss: 1.456e+00 | Dynamic Loss: 1.456e+00 | Regularization Loss: 5.739e-08 | Val Loss: 1.571e+00 | Time: 5.24s
2025-08-18 12:56:23,670:INFO:Epoch: 3200/10000 | Train Loss: 1.486e+00 | Dynamic Loss: 1.486e+00 | Regularization Loss: 4.693e-08 | Val Loss: 1.439e+00 | Time: 6.24s
2025-08-18 12:56:28,886:INFO:Epoch: 3250/10000 | Train Loss: 1.468e+00 | Dynamic Loss: 1.468e+00 | Regularization Loss: 3.814e-08 | Val Loss: 1.605e+00 | Time: 5.22s
2025-08-18 12:56:36,904:INFO:Epoch: 3300/10000 | Train Loss: 1.486e+00 | Dynamic Loss: 1.486e+00 | Regularization Loss: 3.081e-08 | Val Loss: 1.459e+00 | Time: 8.02s
2025-08-18 12:56:42,097:INFO:Epoch: 3350/10000 | Train Loss: 1.471e+00 | Dynamic Loss: 1.471e+00 | Regularization Loss: 2.473e-08 | Val Loss: 1.639e+00 | Time: 5.19s
2025-08-18 12:56:51,178:INFO:Epoch: 3400/10000 | Train Loss: 1.495e+00 | Dynamic Loss: 1.495e+00 | Regularization Loss: 1.973e-08 | Val Loss: 1.475e+00 | Time: 9.08s
2025-08-18 12:56:56,394:INFO:Epoch: 3450/10000 | Train Loss: 1.476e+00 | Dynamic Loss: 1.476e+00 | Regularization Loss: 1.565e-08 | Val Loss: 1.669e+00 | Time: 5.22s
2025-08-18 12:57:04,432:INFO:Epoch: 3500/10000 | Train Loss: 1.501e+00 | Dynamic Loss: 1.501e+00 | Regularization Loss: 1.233e-08 | Val Loss: 1.495e+00 | Time: 8.04s
2025-08-18 12:57:09,812:INFO:Epoch: 3550/10000 | Train Loss: 1.476e+00 | Dynamic Loss: 1.476e+00 | Regularization Loss: 9.667e-09 | Val Loss: 1.702e+00 | Time: 5.38s
2025-08-18 12:57:17,336:INFO:Epoch: 3600/10000 | Train Loss: 1.505e+00 | Dynamic Loss: 1.505e+00 | Regularization Loss: 7.537e-09 | Val Loss: 1.507e+00 | Time: 7.52s
2025-08-18 12:57:22,547:INFO:Epoch: 3650/10000 | Train Loss: 1.486e+00 | Dynamic Loss: 1.486e+00 | Regularization Loss: 5.852e-09 | Val Loss: 1.732e+00 | Time: 5.21s
2025-08-18 12:57:30,405:INFO:Epoch: 3700/10000 | Train Loss: 1.499e+00 | Dynamic Loss: 1.499e+00 | Regularization Loss: 4.523e-09 | Val Loss: 1.532e+00 | Time: 7.86s
2025-08-18 12:57:35,725:INFO:Epoch: 3750/10000 | Train Loss: 1.483e+00 | Dynamic Loss: 1.483e+00 | Regularization Loss: 3.483e-09 | Val Loss: 1.765e+00 | Time: 5.32s
2025-08-18 12:57:43,490:INFO:Epoch: 3800/10000 | Train Loss: 1.504e+00 | Dynamic Loss: 1.504e+00 | Regularization Loss: 2.673e-09 | Val Loss: 1.540e+00 | Time: 7.76s
2025-08-18 12:57:48,584:INFO:Epoch: 3850/10000 | Train Loss: 1.456e+00 | Dynamic Loss: 1.456e+00 | Regularization Loss: 2.050e-09 | Val Loss: 1.567e+00 | Time: 5.09s
2025-08-18 12:57:53,629:INFO:Epoch: 3900/10000 | Train Loss: 1.306e+00 | Dynamic Loss: 1.306e+00 | Regularization Loss: 1.752e-09 | Val Loss: 1.305e+00 | Time: 5.04s
2025-08-18 12:57:53,629:INFO:New best model found at epoch 3900 with validation loss 1.305e+00. Saving...
2025-08-18 12:58:04,167:INFO:Epoch: 3950/10000 | Train Loss: 1.300e+00 | Dynamic Loss: 1.300e+00 | Regularization Loss: 1.498e-09 | Val Loss: 1.301e+00 | Time: 10.53s
2025-08-18 12:58:04,167:INFO:New best model found at epoch 3950 with validation loss 1.301e+00. Saving...
2025-08-18 12:58:09,267:INFO:Epoch: 4000/10000 | Train Loss: 1.299e+00 | Dynamic Loss: 1.299e+00 | Regularization Loss: 1.270e-09 | Val Loss: 1.300e+00 | Time: 5.09s
2025-08-18 12:58:09,267:INFO:New best model found at epoch 4000 with validation loss 1.300e+00. Saving...
2025-08-18 12:58:14,334:INFO:Epoch: 4050/10000 | Train Loss: 1.298e+00 | Dynamic Loss: 1.298e+00 | Regularization Loss: 1.072e-09 | Val Loss: 1.299e+00 | Time: 5.06s
2025-08-18 12:58:14,334:INFO:New best model found at epoch 4050 with validation loss 1.299e+00. Saving...
2025-08-18 12:58:24,961:INFO:Epoch: 4100/10000 | Train Loss: 1.294e+00 | Dynamic Loss: 1.294e+00 | Regularization Loss: 9.037e-10 | Val Loss: 1.290e+00 | Time: 10.62s
2025-08-18 12:58:24,961:INFO:New best model found at epoch 4100 with validation loss 1.290e+00. Saving...
2025-08-18 12:58:29,969:INFO:Epoch: 4150/10000 | Train Loss: 1.288e+00 | Dynamic Loss: 1.288e+00 | Regularization Loss: 7.626e-10 | Val Loss: 1.287e+00 | Time: 5.00s
2025-08-18 12:58:29,970:INFO:New best model found at epoch 4150 with validation loss 1.287e+00. Saving...
2025-08-18 12:58:35,075:INFO:Epoch: 4200/10000 | Train Loss: 1.285e+00 | Dynamic Loss: 1.285e+00 | Regularization Loss: 6.464e-10 | Val Loss: 1.287e+00 | Time: 5.09s
2025-08-18 12:58:35,076:INFO:New best model found at epoch 4200 with validation loss 1.287e+00. Saving...
2025-08-18 12:58:44,692:INFO:Epoch: 4250/10000 | Train Loss: 1.281e+00 | Dynamic Loss: 1.281e+00 | Regularization Loss: 5.509e-10 | Val Loss: 1.281e+00 | Time: 9.60s
2025-08-18 12:58:44,692:INFO:New best model found at epoch 4250 with validation loss 1.281e+00. Saving...
2025-08-18 12:58:49,789:INFO:Epoch: 4300/10000 | Train Loss: 1.277e+00 | Dynamic Loss: 1.277e+00 | Regularization Loss: 4.732e-10 | Val Loss: 1.276e+00 | Time: 5.08s
2025-08-18 12:58:49,789:INFO:New best model found at epoch 4300 with validation loss 1.276e+00. Saving...
2025-08-18 12:58:54,962:INFO:Epoch: 4350/10000 | Train Loss: 1.275e+00 | Dynamic Loss: 1.275e+00 | Regularization Loss: 4.105e-10 | Val Loss: 1.279e+00 | Time: 5.16s
2025-08-18 12:59:00,093:INFO:Epoch: 4400/10000 | Train Loss: 1.266e+00 | Dynamic Loss: 1.266e+00 | Regularization Loss: 3.605e-10 | Val Loss: 1.271e+00 | Time: 5.13s
2025-08-18 12:59:00,094:INFO:New best model found at epoch 4400 with validation loss 1.271e+00. Saving...
2025-08-18 12:59:06,025:INFO:Epoch: 4450/10000 | Train Loss: 1.264e+00 | Dynamic Loss: 1.264e+00 | Regularization Loss: 3.215e-10 | Val Loss: 1.267e+00 | Time: 5.92s
2025-08-18 12:59:06,025:INFO:New best model found at epoch 4450 with validation loss 1.267e+00. Saving...
2025-08-18 12:59:11,048:INFO:Epoch: 4500/10000 | Train Loss: 1.262e+00 | Dynamic Loss: 1.262e+00 | Regularization Loss: 2.913e-10 | Val Loss: 1.259e+00 | Time: 5.01s
2025-08-18 12:59:11,048:INFO:New best model found at epoch 4500 with validation loss 1.259e+00. Saving...
2025-08-18 12:59:16,084:INFO:Epoch: 4550/10000 | Train Loss: 1.256e+00 | Dynamic Loss: 1.256e+00 | Regularization Loss: 2.693e-10 | Val Loss: 1.256e+00 | Time: 5.03s
2025-08-18 12:59:16,084:INFO:New best model found at epoch 4550 with validation loss 1.256e+00. Saving...
2025-08-18 12:59:26,688:INFO:Epoch: 4600/10000 | Train Loss: 1.253e+00 | Dynamic Loss: 1.253e+00 | Regularization Loss: 2.545e-10 | Val Loss: 1.254e+00 | Time: 10.59s
2025-08-18 12:59:26,688:INFO:New best model found at epoch 4600 with validation loss 1.254e+00. Saving...
2025-08-18 12:59:31,757:INFO:Epoch: 4650/10000 | Train Loss: 1.247e+00 | Dynamic Loss: 1.247e+00 | Regularization Loss: 2.464e-10 | Val Loss: 1.248e+00 | Time: 5.06s
2025-08-18 12:59:31,757:INFO:New best model found at epoch 4650 with validation loss 1.248e+00. Saving...
2025-08-18 12:59:36,825:INFO:Epoch: 4700/10000 | Train Loss: 1.242e+00 | Dynamic Loss: 1.242e+00 | Regularization Loss: 2.451e-10 | Val Loss: 1.241e+00 | Time: 5.05s
2025-08-18 12:59:36,825:INFO:New best model found at epoch 4700 with validation loss 1.241e+00. Saving...
2025-08-18 12:59:42,005:INFO:Epoch: 4750/10000 | Train Loss: 1.240e+00 | Dynamic Loss: 1.240e+00 | Regularization Loss: 2.516e-10 | Val Loss: 1.239e+00 | Time: 5.17s
2025-08-18 12:59:42,005:INFO:New best model found at epoch 4750 with validation loss 1.239e+00. Saving...
2025-08-18 12:59:47,205:INFO:Epoch: 4800/10000 | Train Loss: 1.230e+00 | Dynamic Loss: 1.230e+00 | Regularization Loss: 2.669e-10 | Val Loss: 1.231e+00 | Time: 5.19s
2025-08-18 12:59:47,205:INFO:New best model found at epoch 4800 with validation loss 1.231e+00. Saving...
2025-08-18 12:59:52,305:INFO:Epoch: 4850/10000 | Train Loss: 1.234e+00 | Dynamic Loss: 1.234e+00 | Regularization Loss: 2.936e-10 | Val Loss: 1.236e+00 | Time: 5.09s
2025-08-18 12:59:57,350:INFO:Epoch: 4900/10000 | Train Loss: 1.222e+00 | Dynamic Loss: 1.222e+00 | Regularization Loss: 3.361e-10 | Val Loss: 1.223e+00 | Time: 5.04s
2025-08-18 12:59:57,350:INFO:New best model found at epoch 4900 with validation loss 1.223e+00. Saving...
2025-08-18 13:00:08,977:INFO:Epoch: 4950/10000 | Train Loss: 1.214e+00 | Dynamic Loss: 1.214e+00 | Regularization Loss: 4.024e-10 | Val Loss: 1.219e+00 | Time: 11.61s
2025-08-18 13:00:08,977:INFO:New best model found at epoch 4950 with validation loss 1.219e+00. Saving...
2025-08-18 13:00:14,148:INFO:Epoch: 5000/10000 | Train Loss: 1.207e+00 | Dynamic Loss: 1.207e+00 | Regularization Loss: 5.046e-10 | Val Loss: 1.211e+00 | Time: 5.16s
2025-08-18 13:00:14,148:INFO:New best model found at epoch 5000 with validation loss 1.211e+00. Saving...
2025-08-18 13:00:19,271:INFO:Epoch: 5050/10000 | Train Loss: 1.205e+00 | Dynamic Loss: 1.205e+00 | Regularization Loss: 6.655e-10 | Val Loss: 1.199e+00 | Time: 5.11s
2025-08-18 13:00:19,272:INFO:New best model found at epoch 5050 with validation loss 1.199e+00. Saving...
2025-08-18 13:00:26,144:INFO:Epoch: 5100/10000 | Train Loss: 1.196e+00 | Dynamic Loss: 1.196e+00 | Regularization Loss: 9.278e-10 | Val Loss: 1.202e+00 | Time: 6.86s
2025-08-18 13:00:31,220:INFO:Epoch: 5150/10000 | Train Loss: 1.190e+00 | Dynamic Loss: 1.190e+00 | Regularization Loss: 1.372e-09 | Val Loss: 1.193e+00 | Time: 5.08s
2025-08-18 13:00:31,220:INFO:New best model found at epoch 5150 with validation loss 1.193e+00. Saving...
2025-08-18 13:00:36,346:INFO:Epoch: 5200/10000 | Train Loss: 1.183e+00 | Dynamic Loss: 1.183e+00 | Regularization Loss: 2.159e-09 | Val Loss: 1.179e+00 | Time: 5.11s
2025-08-18 13:00:36,346:INFO:New best model found at epoch 5200 with validation loss 1.179e+00. Saving...
2025-08-18 13:00:41,619:INFO:Epoch: 5250/10000 | Train Loss: 1.178e+00 | Dynamic Loss: 1.178e+00 | Regularization Loss: 3.636e-09 | Val Loss: 1.176e+00 | Time: 5.26s
2025-08-18 13:00:41,619:INFO:New best model found at epoch 5250 with validation loss 1.176e+00. Saving...
2025-08-18 13:00:46,715:INFO:Epoch: 5300/10000 | Train Loss: 1.169e+00 | Dynamic Loss: 1.169e+00 | Regularization Loss: 6.575e-09 | Val Loss: 1.167e+00 | Time: 5.08s
2025-08-18 13:00:46,715:INFO:New best model found at epoch 5300 with validation loss 1.167e+00. Saving...
2025-08-18 13:00:51,888:INFO:Epoch: 5350/10000 | Train Loss: 1.162e+00 | Dynamic Loss: 1.162e+00 | Regularization Loss: 1.282e-08 | Val Loss: 1.162e+00 | Time: 5.16s
2025-08-18 13:00:51,888:INFO:New best model found at epoch 5350 with validation loss 1.162e+00. Saving...
2025-08-18 13:00:56,971:INFO:Epoch: 5400/10000 | Train Loss: 1.151e+00 | Dynamic Loss: 1.151e+00 | Regularization Loss: 2.701e-08 | Val Loss: 1.160e+00 | Time: 5.07s
2025-08-18 13:00:56,971:INFO:New best model found at epoch 5400 with validation loss 1.160e+00. Saving...
2025-08-18 13:01:04,991:INFO:Epoch: 5450/10000 | Train Loss: 1.145e+00 | Dynamic Loss: 1.145e+00 | Regularization Loss: 6.144e-08 | Val Loss: 1.150e+00 | Time: 8.01s
2025-08-18 13:01:04,991:INFO:New best model found at epoch 5450 with validation loss 1.150e+00. Saving...
2025-08-18 13:01:10,096:INFO:Epoch: 5500/10000 | Train Loss: 1.141e+00 | Dynamic Loss: 1.141e+00 | Regularization Loss: 1.489e-07 | Val Loss: 1.136e+00 | Time: 5.09s
2025-08-18 13:01:10,096:INFO:New best model found at epoch 5500 with validation loss 1.136e+00. Saving...
2025-08-18 13:01:15,204:INFO:Epoch: 5550/10000 | Train Loss: 1.125e+00 | Dynamic Loss: 1.125e+00 | Regularization Loss: 3.685e-07 | Val Loss: 1.133e+00 | Time: 5.10s
2025-08-18 13:01:15,204:INFO:New best model found at epoch 5550 with validation loss 1.133e+00. Saving...
2025-08-18 13:01:20,424:INFO:Epoch: 5600/10000 | Train Loss: 1.118e+00 | Dynamic Loss: 1.118e+00 | Regularization Loss: 8.353e-07 | Val Loss: 1.117e+00 | Time: 5.21s
2025-08-18 13:01:20,424:INFO:New best model found at epoch 5600 with validation loss 1.117e+00. Saving...
2025-08-18 13:01:25,590:INFO:Epoch: 5650/10000 | Train Loss: 1.116e+00 | Dynamic Loss: 1.116e+00 | Regularization Loss: 1.476e-06 | Val Loss: 1.120e+00 | Time: 5.15s
2025-08-18 13:01:30,709:INFO:Epoch: 5700/10000 | Train Loss: 1.102e+00 | Dynamic Loss: 1.102e+00 | Regularization Loss: 1.944e-06 | Val Loss: 1.098e+00 | Time: 5.12s
2025-08-18 13:01:30,710:INFO:New best model found at epoch 5700 with validation loss 1.098e+00. Saving...
2025-08-18 13:01:35,790:INFO:Epoch: 5750/10000 | Train Loss: 1.096e+00 | Dynamic Loss: 1.096e+00 | Regularization Loss: 2.165e-06 | Val Loss: 1.097e+00 | Time: 5.07s
2025-08-18 13:01:35,790:INFO:New best model found at epoch 5750 with validation loss 1.097e+00. Saving...
2025-08-18 13:01:44,429:INFO:Epoch: 5800/10000 | Train Loss: 1.086e+00 | Dynamic Loss: 1.086e+00 | Regularization Loss: 2.283e-06 | Val Loss: 1.080e+00 | Time: 8.63s
2025-08-18 13:01:44,430:INFO:New best model found at epoch 5800 with validation loss 1.080e+00. Saving...
2025-08-18 13:01:49,525:INFO:Epoch: 5850/10000 | Train Loss: 1.078e+00 | Dynamic Loss: 1.078e+00 | Regularization Loss: 2.370e-06 | Val Loss: 1.082e+00 | Time: 5.08s
2025-08-18 13:01:54,571:INFO:Epoch: 5900/10000 | Train Loss: 1.066e+00 | Dynamic Loss: 1.066e+00 | Regularization Loss: 2.453e-06 | Val Loss: 1.075e+00 | Time: 5.05s
2025-08-18 13:01:54,572:INFO:New best model found at epoch 5900 with validation loss 1.075e+00. Saving...
2025-08-18 13:01:59,637:INFO:Epoch: 5950/10000 | Train Loss: 1.058e+00 | Dynamic Loss: 1.058e+00 | Regularization Loss: 2.531e-06 | Val Loss: 1.055e+00 | Time: 5.05s
2025-08-18 13:01:59,638:INFO:New best model found at epoch 5950 with validation loss 1.055e+00. Saving...
2025-08-18 13:02:10,635:INFO:Epoch: 6000/10000 | Train Loss: 1.053e+00 | Dynamic Loss: 1.053e+00 | Regularization Loss: 2.604e-06 | Val Loss: 1.052e+00 | Time: 10.99s
2025-08-18 13:02:10,635:INFO:New best model found at epoch 6000 with validation loss 1.052e+00. Saving...
2025-08-18 13:02:15,750:INFO:Epoch: 6050/10000 | Train Loss: 1.039e+00 | Dynamic Loss: 1.039e+00 | Regularization Loss: 2.675e-06 | Val Loss: 1.050e+00 | Time: 5.10s
2025-08-18 13:02:15,750:INFO:New best model found at epoch 6050 with validation loss 1.050e+00. Saving...
2025-08-18 13:02:20,817:INFO:Epoch: 6100/10000 | Train Loss: 1.033e+00 | Dynamic Loss: 1.033e+00 | Regularization Loss: 2.736e-06 | Val Loss: 1.046e+00 | Time: 5.05s
2025-08-18 13:02:20,817:INFO:New best model found at epoch 6100 with validation loss 1.046e+00. Saving...
2025-08-18 13:02:29,630:INFO:Epoch: 6150/10000 | Train Loss: 1.027e+00 | Dynamic Loss: 1.027e+00 | Regularization Loss: 2.797e-06 | Val Loss: 1.032e+00 | Time: 8.80s
2025-08-18 13:02:29,630:INFO:New best model found at epoch 6150 with validation loss 1.032e+00. Saving...
2025-08-18 13:02:34,719:INFO:Epoch: 6200/10000 | Train Loss: 1.015e+00 | Dynamic Loss: 1.015e+00 | Regularization Loss: 2.859e-06 | Val Loss: 1.014e+00 | Time: 5.08s
2025-08-18 13:02:34,719:INFO:New best model found at epoch 6200 with validation loss 1.014e+00. Saving...
2025-08-18 13:02:39,823:INFO:Epoch: 6250/10000 | Train Loss: 1.000e+00 | Dynamic Loss: 1.000e+00 | Regularization Loss: 2.913e-06 | Val Loss: 1.001e+00 | Time: 5.09s
2025-08-18 13:02:39,823:INFO:New best model found at epoch 6250 with validation loss 1.001e+00. Saving...
2025-08-18 13:02:45,134:INFO:Epoch: 6300/10000 | Train Loss: 9.979e-01 | Dynamic Loss: 9.979e-01 | Regularization Loss: 2.964e-06 | Val Loss: 1.006e+00 | Time: 5.30s
2025-08-18 13:02:50,297:INFO:Epoch: 6350/10000 | Train Loss: 9.845e-01 | Dynamic Loss: 9.845e-01 | Regularization Loss: 3.012e-06 | Val Loss: 9.856e-01 | Time: 5.16s
2025-08-18 13:02:50,297:INFO:New best model found at epoch 6350 with validation loss 9.856e-01. Saving...
2025-08-18 13:02:55,474:INFO:Epoch: 6400/10000 | Train Loss: 9.802e-01 | Dynamic Loss: 9.802e-01 | Regularization Loss: 3.058e-06 | Val Loss: 9.818e-01 | Time: 5.16s
2025-08-18 13:02:55,474:INFO:New best model found at epoch 6400 with validation loss 9.818e-01. Saving...
2025-08-18 13:03:00,717:INFO:Epoch: 6450/10000 | Train Loss: 9.649e-01 | Dynamic Loss: 9.649e-01 | Regularization Loss: 3.104e-06 | Val Loss: 9.649e-01 | Time: 5.23s
2025-08-18 13:03:00,718:INFO:New best model found at epoch 6450 with validation loss 9.649e-01. Saving...
2025-08-18 13:03:05,881:INFO:Epoch: 6500/10000 | Train Loss: 9.546e-01 | Dynamic Loss: 9.545e-01 | Regularization Loss: 3.141e-06 | Val Loss: 9.557e-01 | Time: 5.15s
2025-08-18 13:03:05,881:INFO:New best model found at epoch 6500 with validation loss 9.557e-01. Saving...
2025-08-18 13:03:10,985:INFO:Epoch: 6550/10000 | Train Loss: 9.458e-01 | Dynamic Loss: 9.458e-01 | Regularization Loss: 3.177e-06 | Val Loss: 9.445e-01 | Time: 5.09s
2025-08-18 13:03:10,986:INFO:New best model found at epoch 6550 with validation loss 9.445e-01. Saving...
2025-08-18 13:03:16,285:INFO:Epoch: 6600/10000 | Train Loss: 9.389e-01 | Dynamic Loss: 9.389e-01 | Regularization Loss: 3.216e-06 | Val Loss: 9.417e-01 | Time: 5.29s
2025-08-18 13:03:16,285:INFO:New best model found at epoch 6600 with validation loss 9.417e-01. Saving...
2025-08-18 13:03:21,491:INFO:Epoch: 6650/10000 | Train Loss: 9.262e-01 | Dynamic Loss: 9.262e-01 | Regularization Loss: 3.246e-06 | Val Loss: 9.370e-01 | Time: 5.19s
2025-08-18 13:03:21,491:INFO:New best model found at epoch 6650 with validation loss 9.370e-01. Saving...
2025-08-18 13:03:26,656:INFO:Epoch: 6700/10000 | Train Loss: 9.227e-01 | Dynamic Loss: 9.227e-01 | Regularization Loss: 3.276e-06 | Val Loss: 9.226e-01 | Time: 5.15s
2025-08-18 13:03:26,657:INFO:New best model found at epoch 6700 with validation loss 9.226e-01. Saving...
2025-08-18 13:03:31,798:INFO:Epoch: 6750/10000 | Train Loss: 9.102e-01 | Dynamic Loss: 9.102e-01 | Regularization Loss: 3.303e-06 | Val Loss: 9.072e-01 | Time: 5.13s
2025-08-18 13:03:31,798:INFO:New best model found at epoch 6750 with validation loss 9.072e-01. Saving...
2025-08-18 13:03:36,916:INFO:Epoch: 6800/10000 | Train Loss: 9.039e-01 | Dynamic Loss: 9.039e-01 | Regularization Loss: 3.331e-06 | Val Loss: 9.058e-01 | Time: 5.11s
2025-08-18 13:03:36,916:INFO:New best model found at epoch 6800 with validation loss 9.058e-01. Saving...
2025-08-18 13:03:42,091:INFO:Epoch: 6850/10000 | Train Loss: 8.892e-01 | Dynamic Loss: 8.891e-01 | Regularization Loss: 3.357e-06 | Val Loss: 8.871e-01 | Time: 5.16s
2025-08-18 13:03:42,091:INFO:New best model found at epoch 6850 with validation loss 8.871e-01. Saving...
2025-08-18 13:03:47,300:INFO:Epoch: 6900/10000 | Train Loss: 8.878e-01 | Dynamic Loss: 8.878e-01 | Regularization Loss: 3.375e-06 | Val Loss: 8.876e-01 | Time: 5.20s
2025-08-18 13:03:52,391:INFO:Epoch: 6950/10000 | Train Loss: 8.756e-01 | Dynamic Loss: 8.756e-01 | Regularization Loss: 3.395e-06 | Val Loss: 8.783e-01 | Time: 5.09s
2025-08-18 13:03:52,391:INFO:New best model found at epoch 6950 with validation loss 8.783e-01. Saving...
2025-08-18 13:03:57,451:INFO:Epoch: 7000/10000 | Train Loss: 8.672e-01 | Dynamic Loss: 8.672e-01 | Regularization Loss: 3.418e-06 | Val Loss: 8.690e-01 | Time: 5.05s
2025-08-18 13:03:57,451:INFO:New best model found at epoch 7000 with validation loss 8.690e-01. Saving...
2025-08-18 13:04:02,511:INFO:Epoch: 7050/10000 | Train Loss: 8.632e-01 | Dynamic Loss: 8.632e-01 | Regularization Loss: 3.427e-06 | Val Loss: 8.653e-01 | Time: 5.05s
2025-08-18 13:04:02,511:INFO:New best model found at epoch 7050 with validation loss 8.653e-01. Saving...
2025-08-18 13:04:08,873:INFO:Epoch: 7100/10000 | Train Loss: 8.518e-01 | Dynamic Loss: 8.517e-01 | Regularization Loss: 3.438e-06 | Val Loss: 8.596e-01 | Time: 6.35s
2025-08-18 13:04:08,873:INFO:New best model found at epoch 7100 with validation loss 8.596e-01. Saving...
2025-08-18 13:04:13,956:INFO:Epoch: 7150/10000 | Train Loss: 8.419e-01 | Dynamic Loss: 8.419e-01 | Regularization Loss: 3.458e-06 | Val Loss: 8.462e-01 | Time: 5.07s
2025-08-18 13:04:13,956:INFO:New best model found at epoch 7150 with validation loss 8.462e-01. Saving...
2025-08-18 13:04:19,000:INFO:Epoch: 7200/10000 | Train Loss: 8.336e-01 | Dynamic Loss: 8.336e-01 | Regularization Loss: 3.471e-06 | Val Loss: 8.361e-01 | Time: 5.03s
2025-08-18 13:04:19,000:INFO:New best model found at epoch 7200 with validation loss 8.361e-01. Saving...
2025-08-18 13:04:30,450:INFO:Epoch: 7250/10000 | Train Loss: 8.220e-01 | Dynamic Loss: 8.220e-01 | Regularization Loss: 3.476e-06 | Val Loss: 8.296e-01 | Time: 11.44s
2025-08-18 13:04:30,450:INFO:New best model found at epoch 7250 with validation loss 8.296e-01. Saving...
2025-08-18 13:04:35,654:INFO:Epoch: 7300/10000 | Train Loss: 8.214e-01 | Dynamic Loss: 8.214e-01 | Regularization Loss: 3.488e-06 | Val Loss: 8.228e-01 | Time: 5.19s
2025-08-18 13:04:35,655:INFO:New best model found at epoch 7300 with validation loss 8.228e-01. Saving...
2025-08-18 13:04:40,795:INFO:Epoch: 7350/10000 | Train Loss: 8.105e-01 | Dynamic Loss: 8.105e-01 | Regularization Loss: 3.498e-06 | Val Loss: 8.139e-01 | Time: 5.13s
2025-08-18 13:04:40,795:INFO:New best model found at epoch 7350 with validation loss 8.139e-01. Saving...
2025-08-18 13:04:49,087:INFO:Epoch: 7400/10000 | Train Loss: 8.029e-01 | Dynamic Loss: 8.029e-01 | Regularization Loss: 3.506e-06 | Val Loss: 8.013e-01 | Time: 8.28s
2025-08-18 13:04:49,087:INFO:New best model found at epoch 7400 with validation loss 8.013e-01. Saving...
2025-08-18 13:04:54,287:INFO:Epoch: 7450/10000 | Train Loss: 7.961e-01 | Dynamic Loss: 7.961e-01 | Regularization Loss: 3.508e-06 | Val Loss: 7.982e-01 | Time: 5.19s
2025-08-18 13:04:54,288:INFO:New best model found at epoch 7450 with validation loss 7.982e-01. Saving...
2025-08-18 13:04:59,460:INFO:Epoch: 7500/10000 | Train Loss: 7.886e-01 | Dynamic Loss: 7.886e-01 | Regularization Loss: 3.516e-06 | Val Loss: 7.993e-01 | Time: 5.16s
2025-08-18 13:05:04,659:INFO:Epoch: 7550/10000 | Train Loss: 7.844e-01 | Dynamic Loss: 7.844e-01 | Regularization Loss: 3.522e-06 | Val Loss: 7.868e-01 | Time: 5.20s
2025-08-18 13:05:04,659:INFO:New best model found at epoch 7550 with validation loss 7.868e-01. Saving...
2025-08-18 13:05:09,728:INFO:Epoch: 7600/10000 | Train Loss: 7.760e-01 | Dynamic Loss: 7.759e-01 | Regularization Loss: 3.529e-06 | Val Loss: 7.791e-01 | Time: 5.06s
2025-08-18 13:05:09,728:INFO:New best model found at epoch 7600 with validation loss 7.791e-01. Saving...
2025-08-18 13:05:14,824:INFO:Epoch: 7650/10000 | Train Loss: 7.690e-01 | Dynamic Loss: 7.690e-01 | Regularization Loss: 3.527e-06 | Val Loss: 7.760e-01 | Time: 5.08s
2025-08-18 13:05:14,824:INFO:New best model found at epoch 7650 with validation loss 7.760e-01. Saving...
2025-08-18 13:05:20,005:INFO:Epoch: 7700/10000 | Train Loss: 7.627e-01 | Dynamic Loss: 7.627e-01 | Regularization Loss: 3.527e-06 | Val Loss: 7.587e-01 | Time: 5.17s
2025-08-18 13:05:20,005:INFO:New best model found at epoch 7700 with validation loss 7.587e-01. Saving...
2025-08-18 13:05:25,196:INFO:Epoch: 7750/10000 | Train Loss: 7.573e-01 | Dynamic Loss: 7.573e-01 | Regularization Loss: 3.528e-06 | Val Loss: 7.630e-01 | Time: 5.18s
2025-08-18 13:05:30,374:INFO:Epoch: 7800/10000 | Train Loss: 7.523e-01 | Dynamic Loss: 7.523e-01 | Regularization Loss: 3.530e-06 | Val Loss: 7.557e-01 | Time: 5.18s
2025-08-18 13:05:30,374:INFO:New best model found at epoch 7800 with validation loss 7.557e-01. Saving...
2025-08-18 13:05:35,465:INFO:Epoch: 7850/10000 | Train Loss: 7.472e-01 | Dynamic Loss: 7.472e-01 | Regularization Loss: 3.531e-06 | Val Loss: 7.472e-01 | Time: 5.08s
2025-08-18 13:05:35,465:INFO:New best model found at epoch 7850 with validation loss 7.472e-01. Saving...
2025-08-18 13:05:44,945:INFO:Epoch: 7900/10000 | Train Loss: 7.396e-01 | Dynamic Loss: 7.396e-01 | Regularization Loss: 3.538e-06 | Val Loss: 7.477e-01 | Time: 9.47s
2025-08-18 13:05:50,026:INFO:Epoch: 7950/10000 | Train Loss: 7.350e-01 | Dynamic Loss: 7.350e-01 | Regularization Loss: 3.536e-06 | Val Loss: 7.416e-01 | Time: 5.08s
2025-08-18 13:05:50,026:INFO:New best model found at epoch 7950 with validation loss 7.416e-01. Saving...
2025-08-18 13:05:55,177:INFO:Epoch: 8000/10000 | Train Loss: 7.314e-01 | Dynamic Loss: 7.314e-01 | Regularization Loss: 3.533e-06 | Val Loss: 7.383e-01 | Time: 5.14s
2025-08-18 13:05:55,177:INFO:New best model found at epoch 8000 with validation loss 7.383e-01. Saving...
2025-08-18 13:06:00,442:INFO:Epoch: 8050/10000 | Train Loss: 7.275e-01 | Dynamic Loss: 7.275e-01 | Regularization Loss: 3.531e-06 | Val Loss: 7.349e-01 | Time: 5.25s
2025-08-18 13:06:00,442:INFO:New best model found at epoch 8050 with validation loss 7.349e-01. Saving...
2025-08-18 13:06:05,683:INFO:Epoch: 8100/10000 | Train Loss: 7.215e-01 | Dynamic Loss: 7.215e-01 | Regularization Loss: 3.532e-06 | Val Loss: 7.277e-01 | Time: 5.23s
2025-08-18 13:06:05,684:INFO:New best model found at epoch 8100 with validation loss 7.277e-01. Saving...
2025-08-18 13:06:10,811:INFO:Epoch: 8150/10000 | Train Loss: 7.178e-01 | Dynamic Loss: 7.178e-01 | Regularization Loss: 3.539e-06 | Val Loss: 7.206e-01 | Time: 5.12s
2025-08-18 13:06:10,811:INFO:New best model found at epoch 8150 with validation loss 7.206e-01. Saving...
2025-08-18 13:06:15,983:INFO:Epoch: 8200/10000 | Train Loss: 7.146e-01 | Dynamic Loss: 7.145e-01 | Regularization Loss: 3.531e-06 | Val Loss: 7.148e-01 | Time: 5.16s
2025-08-18 13:06:15,983:INFO:New best model found at epoch 8200 with validation loss 7.148e-01. Saving...
2025-08-18 13:06:24,414:INFO:Epoch: 8250/10000 | Train Loss: 7.067e-01 | Dynamic Loss: 7.067e-01 | Regularization Loss: 3.522e-06 | Val Loss: 7.040e-01 | Time: 8.42s
2025-08-18 13:06:24,414:INFO:New best model found at epoch 8250 with validation loss 7.040e-01. Saving...
2025-08-18 13:06:29,528:INFO:Epoch: 8300/10000 | Train Loss: 7.045e-01 | Dynamic Loss: 7.045e-01 | Regularization Loss: 3.530e-06 | Val Loss: 7.067e-01 | Time: 5.10s
2025-08-18 13:06:34,630:INFO:Epoch: 8350/10000 | Train Loss: 7.003e-01 | Dynamic Loss: 7.003e-01 | Regularization Loss: 3.539e-06 | Val Loss: 7.013e-01 | Time: 5.10s
2025-08-18 13:06:34,630:INFO:New best model found at epoch 8350 with validation loss 7.013e-01. Saving...
2025-08-18 13:06:39,885:INFO:Epoch: 8400/10000 | Train Loss: 6.964e-01 | Dynamic Loss: 6.964e-01 | Regularization Loss: 3.522e-06 | Val Loss: 6.970e-01 | Time: 5.24s
2025-08-18 13:06:39,885:INFO:New best model found at epoch 8400 with validation loss 6.970e-01. Saving...
2025-08-18 13:06:45,015:INFO:Epoch: 8450/10000 | Train Loss: 6.940e-01 | Dynamic Loss: 6.940e-01 | Regularization Loss: 3.518e-06 | Val Loss: 6.941e-01 | Time: 5.12s
2025-08-18 13:06:45,015:INFO:New best model found at epoch 8450 with validation loss 6.941e-01. Saving...
2025-08-18 13:06:50,182:INFO:Epoch: 8500/10000 | Train Loss: 6.892e-01 | Dynamic Loss: 6.892e-01 | Regularization Loss: 3.524e-06 | Val Loss: 6.962e-01 | Time: 5.15s
2025-08-18 13:06:55,288:INFO:Epoch: 8550/10000 | Train Loss: 6.856e-01 | Dynamic Loss: 6.856e-01 | Regularization Loss: 3.513e-06 | Val Loss: 6.875e-01 | Time: 5.11s
2025-08-18 13:06:55,288:INFO:New best model found at epoch 8550 with validation loss 6.875e-01. Saving...
2025-08-18 13:07:06,037:INFO:Epoch: 8600/10000 | Train Loss: 6.845e-01 | Dynamic Loss: 6.845e-01 | Regularization Loss: 3.513e-06 | Val Loss: 6.866e-01 | Time: 10.74s
2025-08-18 13:07:06,037:INFO:New best model found at epoch 8600 with validation loss 6.866e-01. Saving...
2025-08-18 13:07:11,234:INFO:Epoch: 8650/10000 | Train Loss: 6.804e-01 | Dynamic Loss: 6.804e-01 | Regularization Loss: 3.507e-06 | Val Loss: 6.830e-01 | Time: 5.18s
2025-08-18 13:07:11,234:INFO:New best model found at epoch 8650 with validation loss 6.830e-01. Saving...
2025-08-18 13:07:16,319:INFO:Epoch: 8700/10000 | Train Loss: 6.786e-01 | Dynamic Loss: 6.786e-01 | Regularization Loss: 3.511e-06 | Val Loss: 6.805e-01 | Time: 5.07s
2025-08-18 13:07:16,319:INFO:New best model found at epoch 8700 with validation loss 6.805e-01. Saving...
2025-08-18 13:07:21,490:INFO:Epoch: 8750/10000 | Train Loss: 6.743e-01 | Dynamic Loss: 6.743e-01 | Regularization Loss: 3.511e-06 | Val Loss: 6.762e-01 | Time: 5.16s
2025-08-18 13:07:21,490:INFO:New best model found at epoch 8750 with validation loss 6.762e-01. Saving...
2025-08-18 13:07:26,653:INFO:Epoch: 8800/10000 | Train Loss: 6.746e-01 | Dynamic Loss: 6.746e-01 | Regularization Loss: 3.505e-06 | Val Loss: 6.726e-01 | Time: 5.15s
2025-08-18 13:07:26,654:INFO:New best model found at epoch 8800 with validation loss 6.726e-01. Saving...
2025-08-18 13:07:31,790:INFO:Epoch: 8850/10000 | Train Loss: 6.712e-01 | Dynamic Loss: 6.712e-01 | Regularization Loss: 3.511e-06 | Val Loss: 6.716e-01 | Time: 5.12s
2025-08-18 13:07:31,790:INFO:New best model found at epoch 8850 with validation loss 6.716e-01. Saving...
2025-08-18 13:07:36,964:INFO:Epoch: 8900/10000 | Train Loss: 6.664e-01 | Dynamic Loss: 6.664e-01 | Regularization Loss: 3.504e-06 | Val Loss: 6.665e-01 | Time: 5.16s
2025-08-18 13:07:36,964:INFO:New best model found at epoch 8900 with validation loss 6.665e-01. Saving...
2025-08-18 13:07:42,097:INFO:Epoch: 8950/10000 | Train Loss: 6.672e-01 | Dynamic Loss: 6.672e-01 | Regularization Loss: 3.503e-06 | Val Loss: 6.620e-01 | Time: 5.12s
2025-08-18 13:07:42,097:INFO:New best model found at epoch 8950 with validation loss 6.620e-01. Saving...
2025-08-18 13:07:47,209:INFO:Epoch: 9000/10000 | Train Loss: 6.607e-01 | Dynamic Loss: 6.607e-01 | Regularization Loss: 3.497e-06 | Val Loss: 6.582e-01 | Time: 5.10s
2025-08-18 13:07:47,209:INFO:New best model found at epoch 9000 with validation loss 6.582e-01. Saving...
2025-08-18 13:07:52,403:INFO:Epoch: 9050/10000 | Train Loss: 6.585e-01 | Dynamic Loss: 6.585e-01 | Regularization Loss: 3.505e-06 | Val Loss: 6.617e-01 | Time: 5.18s
2025-08-18 13:07:57,515:INFO:Epoch: 9100/10000 | Train Loss: 6.604e-01 | Dynamic Loss: 6.604e-01 | Regularization Loss: 3.503e-06 | Val Loss: 6.560e-01 | Time: 5.11s
2025-08-18 13:07:57,515:INFO:New best model found at epoch 9100 with validation loss 6.560e-01. Saving...
2025-08-18 13:08:02,671:INFO:Epoch: 9150/10000 | Train Loss: 6.567e-01 | Dynamic Loss: 6.567e-01 | Regularization Loss: 3.499e-06 | Val Loss: 6.578e-01 | Time: 5.14s
2025-08-18 13:08:07,852:INFO:Epoch: 9200/10000 | Train Loss: 6.556e-01 | Dynamic Loss: 6.556e-01 | Regularization Loss: 3.497e-06 | Val Loss: 6.580e-01 | Time: 5.18s
2025-08-18 13:08:12,988:INFO:Epoch: 9250/10000 | Train Loss: 6.494e-01 | Dynamic Loss: 6.494e-01 | Regularization Loss: 3.495e-06 | Val Loss: 6.467e-01 | Time: 5.14s
2025-08-18 13:08:12,988:INFO:New best model found at epoch 9250 with validation loss 6.467e-01. Saving...
2025-08-18 13:08:18,131:INFO:Epoch: 9300/10000 | Train Loss: 6.509e-01 | Dynamic Loss: 6.509e-01 | Regularization Loss: 3.493e-06 | Val Loss: 6.507e-01 | Time: 5.13s
2025-08-18 13:08:23,331:INFO:Epoch: 9350/10000 | Train Loss: 6.495e-01 | Dynamic Loss: 6.495e-01 | Regularization Loss: 3.495e-06 | Val Loss: 6.493e-01 | Time: 5.20s
2025-08-18 13:08:28,441:INFO:Epoch: 9400/10000 | Train Loss: 6.456e-01 | Dynamic Loss: 6.456e-01 | Regularization Loss: 3.487e-06 | Val Loss: 6.464e-01 | Time: 5.11s
2025-08-18 13:08:28,441:INFO:New best model found at epoch 9400 with validation loss 6.464e-01. Saving...
2025-08-18 13:08:33,516:INFO:Epoch: 9450/10000 | Train Loss: 6.441e-01 | Dynamic Loss: 6.441e-01 | Regularization Loss: 3.501e-06 | Val Loss: 6.462e-01 | Time: 5.06s
2025-08-18 13:08:33,516:INFO:New best model found at epoch 9450 with validation loss 6.462e-01. Saving...
2025-08-18 13:08:38,705:INFO:Epoch: 9500/10000 | Train Loss: 6.441e-01 | Dynamic Loss: 6.441e-01 | Regularization Loss: 3.475e-06 | Val Loss: 6.410e-01 | Time: 5.18s
2025-08-18 13:08:38,705:INFO:New best model found at epoch 9500 with validation loss 6.410e-01. Saving...
2025-08-18 13:08:43,810:INFO:Epoch: 9550/10000 | Train Loss: 6.430e-01 | Dynamic Loss: 6.430e-01 | Regularization Loss: 3.488e-06 | Val Loss: 6.414e-01 | Time: 5.09s
2025-08-18 13:08:48,970:INFO:Epoch: 9600/10000 | Train Loss: 6.428e-01 | Dynamic Loss: 6.428e-01 | Regularization Loss: 3.497e-06 | Val Loss: 6.401e-01 | Time: 5.16s
2025-08-18 13:08:48,970:INFO:New best model found at epoch 9600 with validation loss 6.401e-01. Saving...
2025-08-18 13:08:54,141:INFO:Epoch: 9650/10000 | Train Loss: 6.383e-01 | Dynamic Loss: 6.383e-01 | Regularization Loss: 3.481e-06 | Val Loss: 6.366e-01 | Time: 5.16s
2025-08-18 13:08:54,142:INFO:New best model found at epoch 9650 with validation loss 6.366e-01. Saving...
2025-08-18 13:08:59,252:INFO:Epoch: 9700/10000 | Train Loss: 6.371e-01 | Dynamic Loss: 6.371e-01 | Regularization Loss: 3.488e-06 | Val Loss: 6.350e-01 | Time: 5.10s
2025-08-18 13:08:59,254:INFO:New best model found at epoch 9700 with validation loss 6.350e-01. Saving...
2025-08-18 13:09:04,379:INFO:Epoch: 9750/10000 | Train Loss: 6.393e-01 | Dynamic Loss: 6.393e-01 | Regularization Loss: 3.490e-06 | Val Loss: 6.349e-01 | Time: 5.11s
2025-08-18 13:09:04,379:INFO:New best model found at epoch 9750 with validation loss 6.349e-01. Saving...
2025-08-18 13:09:09,580:INFO:Epoch: 9800/10000 | Train Loss: 6.379e-01 | Dynamic Loss: 6.379e-01 | Regularization Loss: 3.504e-06 | Val Loss: 6.378e-01 | Time: 5.19s
2025-08-18 13:09:14,767:INFO:Epoch: 9850/10000 | Train Loss: 6.311e-01 | Dynamic Loss: 6.311e-01 | Regularization Loss: 3.488e-06 | Val Loss: 6.342e-01 | Time: 5.19s
2025-08-18 13:09:14,768:INFO:New best model found at epoch 9850 with validation loss 6.342e-01. Saving...
2025-08-18 13:09:19,966:INFO:Epoch: 9900/10000 | Train Loss: 6.348e-01 | Dynamic Loss: 6.348e-01 | Regularization Loss: 3.484e-06 | Val Loss: 6.324e-01 | Time: 5.19s
2025-08-18 13:09:19,967:INFO:New best model found at epoch 9900 with validation loss 6.324e-01. Saving...
2025-08-18 13:09:25,029:INFO:Epoch: 9950/10000 | Train Loss: 6.341e-01 | Dynamic Loss: 6.341e-01 | Regularization Loss: 3.484e-06 | Val Loss: 6.321e-01 | Time: 5.05s
2025-08-18 13:09:25,030:INFO:New best model found at epoch 9950 with validation loss 6.321e-01. Saving...
2025-08-18 13:09:34,674:INFO:Epoch: 10000/10000 | Train Loss: 6.323e-01 | Dynamic Loss: 6.323e-01 | Regularization Loss: 3.473e-06 | Val Loss: 6.343e-01 | Time: 9.63s
