2025-08-19 18:12:27,821:INFO:Created DataLoaders with 5994 training samples and 1998 validation samples.
2025-08-19 18:12:28,430:INFO:model params: 526849
2025-08-19 18:12:31,211:INFO:Epoch: 0/20000 | Train Loss: 2.825e+00 | Dynamic Loss: 2.816e+00 | Regularization Loss: 9.509e-03 | Val Loss: 2.350e+00 | Time: 2.78s
2025-08-19 18:12:31,211:INFO:New best model found at epoch 0 with validation loss 2.350e+00. Saving...
2025-08-19 18:12:37,069:INFO:Epoch: 50/20000 | Train Loss: 1.774e+00 | Dynamic Loss: 1.774e+00 | Regularization Loss: 4.061e-04 | Val Loss: 1.739e+00 | Time: 5.85s
2025-08-19 18:12:37,069:INFO:New best model found at epoch 50 with validation loss 1.739e+00. Saving...
2025-08-19 18:12:47,867:INFO:Epoch: 100/20000 | Train Loss: 1.639e+00 | Dynamic Loss: 1.639e+00 | Regularization Loss: 1.603e-04 | Val Loss: 1.674e+00 | Time: 10.79s
2025-08-19 18:12:47,868:INFO:New best model found at epoch 100 with validation loss 1.674e+00. Saving...
2025-08-19 18:12:54,034:INFO:Epoch: 150/20000 | Train Loss: 1.553e+00 | Dynamic Loss: 1.553e+00 | Regularization Loss: 8.942e-05 | Val Loss: 1.597e+00 | Time: 6.16s
2025-08-19 18:12:54,034:INFO:New best model found at epoch 150 with validation loss 1.597e+00. Saving...
2025-08-19 18:13:00,051:INFO:Epoch: 200/20000 | Train Loss: 1.470e+00 | Dynamic Loss: 1.469e+00 | Regularization Loss: 5.812e-05 | Val Loss: 1.507e+00 | Time: 6.01s
2025-08-19 18:13:00,051:INFO:New best model found at epoch 200 with validation loss 1.507e+00. Saving...
2025-08-19 18:13:12,138:INFO:Epoch: 250/20000 | Train Loss: 1.410e+00 | Dynamic Loss: 1.409e+00 | Regularization Loss: 4.119e-05 | Val Loss: 1.440e+00 | Time: 12.08s
2025-08-19 18:13:12,138:INFO:New best model found at epoch 250 with validation loss 1.440e+00. Saving...
2025-08-19 18:13:18,523:INFO:Epoch: 300/20000 | Train Loss: 1.337e+00 | Dynamic Loss: 1.337e+00 | Regularization Loss: 3.086e-05 | Val Loss: 1.384e+00 | Time: 6.38s
2025-08-19 18:13:18,523:INFO:New best model found at epoch 300 with validation loss 1.384e+00. Saving...
2025-08-19 18:13:24,739:INFO:Epoch: 350/20000 | Train Loss: 1.273e+00 | Dynamic Loss: 1.273e+00 | Regularization Loss: 2.404e-05 | Val Loss: 1.328e+00 | Time: 6.21s
2025-08-19 18:13:24,739:INFO:New best model found at epoch 350 with validation loss 1.328e+00. Saving...
2025-08-19 18:13:34,794:INFO:Epoch: 400/20000 | Train Loss: 1.223e+00 | Dynamic Loss: 1.223e+00 | Regularization Loss: 1.927e-05 | Val Loss: 1.276e+00 | Time: 10.05s
2025-08-19 18:13:34,794:INFO:New best model found at epoch 400 with validation loss 1.276e+00. Saving...
2025-08-19 18:13:40,942:INFO:Epoch: 450/20000 | Train Loss: 1.199e+00 | Dynamic Loss: 1.199e+00 | Regularization Loss: 1.579e-05 | Val Loss: 1.237e+00 | Time: 6.14s
2025-08-19 18:13:40,942:INFO:New best model found at epoch 450 with validation loss 1.237e+00. Saving...
2025-08-19 18:13:51,220:INFO:Epoch: 500/20000 | Train Loss: 1.129e+00 | Dynamic Loss: 1.129e+00 | Regularization Loss: 1.317e-05 | Val Loss: 1.194e+00 | Time: 10.27s
2025-08-19 18:13:51,220:INFO:New best model found at epoch 500 with validation loss 1.194e+00. Saving...
2025-08-19 18:13:57,642:INFO:Epoch: 550/20000 | Train Loss: 1.082e+00 | Dynamic Loss: 1.082e+00 | Regularization Loss: 1.114e-05 | Val Loss: 1.155e+00 | Time: 6.41s
2025-08-19 18:13:57,642:INFO:New best model found at epoch 550 with validation loss 1.155e+00. Saving...
2025-08-19 18:14:04,006:INFO:Epoch: 600/20000 | Train Loss: 1.040e+00 | Dynamic Loss: 1.040e+00 | Regularization Loss: 9.529e-06 | Val Loss: 1.117e+00 | Time: 6.35s
2025-08-19 18:14:04,006:INFO:New best model found at epoch 600 with validation loss 1.117e+00. Saving...
2025-08-19 18:14:12,630:INFO:Epoch: 650/20000 | Train Loss: 9.971e-01 | Dynamic Loss: 9.971e-01 | Regularization Loss: 8.237e-06 | Val Loss: 1.080e+00 | Time: 8.62s
2025-08-19 18:14:12,630:INFO:New best model found at epoch 650 with validation loss 1.080e+00. Saving...
2025-08-19 18:14:19,229:INFO:Epoch: 700/20000 | Train Loss: 9.539e-01 | Dynamic Loss: 9.539e-01 | Regularization Loss: 7.170e-06 | Val Loss: 1.038e+00 | Time: 6.59s
2025-08-19 18:14:19,229:INFO:New best model found at epoch 700 with validation loss 1.038e+00. Saving...
2025-08-19 18:14:28,521:INFO:Epoch: 750/20000 | Train Loss: 9.260e-01 | Dynamic Loss: 9.260e-01 | Regularization Loss: 6.316e-06 | Val Loss: 1.008e+00 | Time: 9.28s
2025-08-19 18:14:28,522:INFO:New best model found at epoch 750 with validation loss 1.008e+00. Saving...
2025-08-19 18:14:34,762:INFO:Epoch: 800/20000 | Train Loss: 9.114e-01 | Dynamic Loss: 9.114e-01 | Regularization Loss: 5.580e-06 | Val Loss: 9.758e-01 | Time: 6.23s
2025-08-19 18:14:34,762:INFO:New best model found at epoch 800 with validation loss 9.758e-01. Saving...
2025-08-19 18:14:40,994:INFO:Epoch: 850/20000 | Train Loss: 8.713e-01 | Dynamic Loss: 8.713e-01 | Regularization Loss: 4.961e-06 | Val Loss: 9.524e-01 | Time: 6.22s
2025-08-19 18:14:40,995:INFO:New best model found at epoch 850 with validation loss 9.524e-01. Saving...
2025-08-19 18:14:47,396:INFO:Epoch: 900/20000 | Train Loss: 8.447e-01 | Dynamic Loss: 8.447e-01 | Regularization Loss: 4.441e-06 | Val Loss: 9.250e-01 | Time: 6.39s
2025-08-19 18:14:47,396:INFO:New best model found at epoch 900 with validation loss 9.250e-01. Saving...
2025-08-19 18:14:53,646:INFO:Epoch: 950/20000 | Train Loss: 8.199e-01 | Dynamic Loss: 8.199e-01 | Regularization Loss: 3.993e-06 | Val Loss: 9.015e-01 | Time: 6.24s
2025-08-19 18:14:53,646:INFO:New best model found at epoch 950 with validation loss 9.015e-01. Saving...
2025-08-19 18:14:59,791:INFO:Epoch: 1000/20000 | Train Loss: 8.071e-01 | Dynamic Loss: 8.071e-01 | Regularization Loss: 3.590e-06 | Val Loss: 8.864e-01 | Time: 6.14s
2025-08-19 18:14:59,791:INFO:New best model found at epoch 1000 with validation loss 8.864e-01. Saving...
2025-08-19 18:15:06,221:INFO:Epoch: 1050/20000 | Train Loss: 7.904e-01 | Dynamic Loss: 7.904e-01 | Regularization Loss: 3.248e-06 | Val Loss: 8.676e-01 | Time: 6.42s
2025-08-19 18:15:06,221:INFO:New best model found at epoch 1050 with validation loss 8.676e-01. Saving...
2025-08-19 18:15:12,576:INFO:Epoch: 1100/20000 | Train Loss: 7.970e-01 | Dynamic Loss: 7.970e-01 | Regularization Loss: 2.989e-06 | Val Loss: 8.483e-01 | Time: 6.35s
2025-08-19 18:15:12,576:INFO:New best model found at epoch 1100 with validation loss 8.483e-01. Saving...
2025-08-19 18:15:19,244:INFO:Epoch: 1150/20000 | Train Loss: 7.433e-01 | Dynamic Loss: 7.433e-01 | Regularization Loss: 2.777e-06 | Val Loss: 8.331e-01 | Time: 6.66s
2025-08-19 18:15:19,244:INFO:New best model found at epoch 1150 with validation loss 8.331e-01. Saving...
2025-08-19 18:15:29,995:INFO:Epoch: 1200/20000 | Train Loss: 7.302e-01 | Dynamic Loss: 7.302e-01 | Regularization Loss: 2.528e-06 | Val Loss: 8.200e-01 | Time: 10.74s
2025-08-19 18:15:29,995:INFO:New best model found at epoch 1200 with validation loss 8.200e-01. Saving...
2025-08-19 18:15:36,256:INFO:Epoch: 1250/20000 | Train Loss: 7.138e-01 | Dynamic Loss: 7.138e-01 | Regularization Loss: 2.373e-06 | Val Loss: 8.089e-01 | Time: 6.25s
2025-08-19 18:15:36,256:INFO:New best model found at epoch 1250 with validation loss 8.089e-01. Saving...
2025-08-19 18:15:42,563:INFO:Epoch: 1300/20000 | Train Loss: 6.998e-01 | Dynamic Loss: 6.998e-01 | Regularization Loss: 2.177e-06 | Val Loss: 7.940e-01 | Time: 6.30s
2025-08-19 18:15:42,563:INFO:New best model found at epoch 1300 with validation loss 7.940e-01. Saving...
2025-08-19 18:15:49,003:INFO:Epoch: 1350/20000 | Train Loss: 6.762e-01 | Dynamic Loss: 6.762e-01 | Regularization Loss: 2.282e-06 | Val Loss: 7.779e-01 | Time: 6.43s
2025-08-19 18:15:49,004:INFO:New best model found at epoch 1350 with validation loss 7.779e-01. Saving...
2025-08-19 18:15:55,471:INFO:Epoch: 1400/20000 | Train Loss: 6.643e-01 | Dynamic Loss: 6.643e-01 | Regularization Loss: 2.057e-06 | Val Loss: 7.666e-01 | Time: 6.46s
2025-08-19 18:15:55,471:INFO:New best model found at epoch 1400 with validation loss 7.666e-01. Saving...
2025-08-19 18:16:01,995:INFO:Epoch: 1450/20000 | Train Loss: 6.697e-01 | Dynamic Loss: 6.697e-01 | Regularization Loss: 1.905e-06 | Val Loss: 7.508e-01 | Time: 6.51s
2025-08-19 18:16:01,995:INFO:New best model found at epoch 1450 with validation loss 7.508e-01. Saving...
2025-08-19 18:16:08,655:INFO:Epoch: 1500/20000 | Train Loss: 6.321e-01 | Dynamic Loss: 6.321e-01 | Regularization Loss: 1.967e-06 | Val Loss: 7.424e-01 | Time: 6.65s
2025-08-19 18:16:08,655:INFO:New best model found at epoch 1500 with validation loss 7.424e-01. Saving...
2025-08-19 18:16:19,418:INFO:Epoch: 1550/20000 | Train Loss: 6.162e-01 | Dynamic Loss: 6.162e-01 | Regularization Loss: 1.779e-06 | Val Loss: 7.243e-01 | Time: 10.75s
2025-08-19 18:16:19,418:INFO:New best model found at epoch 1550 with validation loss 7.243e-01. Saving...
2025-08-19 18:16:25,603:INFO:Epoch: 1600/20000 | Train Loss: 6.225e-01 | Dynamic Loss: 6.225e-01 | Regularization Loss: 1.600e-06 | Val Loss: 7.225e-01 | Time: 6.18s
2025-08-19 18:16:25,603:INFO:New best model found at epoch 1600 with validation loss 7.225e-01. Saving...
2025-08-19 18:16:32,422:INFO:Epoch: 1650/20000 | Train Loss: 6.011e-01 | Dynamic Loss: 6.011e-01 | Regularization Loss: 1.468e-06 | Val Loss: 7.034e-01 | Time: 6.81s
2025-08-19 18:16:32,422:INFO:New best model found at epoch 1650 with validation loss 7.034e-01. Saving...
2025-08-19 18:16:39,440:INFO:Epoch: 1700/20000 | Train Loss: 5.740e-01 | Dynamic Loss: 5.740e-01 | Regularization Loss: 1.533e-06 | Val Loss: 6.902e-01 | Time: 7.01s
2025-08-19 18:16:39,440:INFO:New best model found at epoch 1700 with validation loss 6.902e-01. Saving...
2025-08-19 18:16:46,239:INFO:Epoch: 1750/20000 | Train Loss: 5.668e-01 | Dynamic Loss: 5.668e-01 | Regularization Loss: 1.579e-06 | Val Loss: 6.795e-01 | Time: 6.79s
2025-08-19 18:16:46,239:INFO:New best model found at epoch 1750 with validation loss 6.795e-01. Saving...
2025-08-19 18:16:52,638:INFO:Epoch: 1800/20000 | Train Loss: 5.520e-01 | Dynamic Loss: 5.520e-01 | Regularization Loss: 1.507e-06 | Val Loss: 6.641e-01 | Time: 6.39s
2025-08-19 18:16:52,638:INFO:New best model found at epoch 1800 with validation loss 6.641e-01. Saving...
2025-08-19 18:16:59,115:INFO:Epoch: 1850/20000 | Train Loss: 5.397e-01 | Dynamic Loss: 5.397e-01 | Regularization Loss: 1.358e-06 | Val Loss: 6.582e-01 | Time: 6.47s
2025-08-19 18:16:59,116:INFO:New best model found at epoch 1850 with validation loss 6.582e-01. Saving...
2025-08-19 18:17:05,859:INFO:Epoch: 1900/20000 | Train Loss: 5.230e-01 | Dynamic Loss: 5.230e-01 | Regularization Loss: 1.228e-06 | Val Loss: 6.412e-01 | Time: 6.73s
2025-08-19 18:17:05,859:INFO:New best model found at epoch 1900 with validation loss 6.412e-01. Saving...
2025-08-19 18:17:12,298:INFO:Epoch: 1950/20000 | Train Loss: 5.292e-01 | Dynamic Loss: 5.292e-01 | Regularization Loss: 1.160e-06 | Val Loss: 6.375e-01 | Time: 6.43s
2025-08-19 18:17:12,298:INFO:New best model found at epoch 1950 with validation loss 6.375e-01. Saving...
2025-08-19 18:17:21,707:INFO:Epoch: 2000/20000 | Train Loss: 4.973e-01 | Dynamic Loss: 4.973e-01 | Regularization Loss: 1.030e-06 | Val Loss: 6.223e-01 | Time: 9.40s
2025-08-19 18:17:21,708:INFO:New best model found at epoch 2000 with validation loss 6.223e-01. Saving...
2025-08-19 18:17:28,568:INFO:Epoch: 2050/20000 | Train Loss: 4.839e-01 | Dynamic Loss: 4.839e-01 | Regularization Loss: 6.797e-07 | Val Loss: 6.110e-01 | Time: 6.85s
2025-08-19 18:17:28,568:INFO:New best model found at epoch 2050 with validation loss 6.110e-01. Saving...
2025-08-19 18:17:39,844:INFO:Epoch: 2100/20000 | Train Loss: 4.941e-01 | Dynamic Loss: 4.941e-01 | Regularization Loss: 7.045e-07 | Val Loss: 6.240e-01 | Time: 11.27s
2025-08-19 18:17:46,825:INFO:Epoch: 2150/20000 | Train Loss: 4.754e-01 | Dynamic Loss: 4.754e-01 | Regularization Loss: 7.123e-07 | Val Loss: 6.006e-01 | Time: 6.98s
2025-08-19 18:17:46,825:INFO:New best model found at epoch 2150 with validation loss 6.006e-01. Saving...
2025-08-19 18:17:53,263:INFO:Epoch: 2200/20000 | Train Loss: 4.553e-01 | Dynamic Loss: 4.553e-01 | Regularization Loss: 6.952e-07 | Val Loss: 5.972e-01 | Time: 6.43s
2025-08-19 18:17:53,263:INFO:New best model found at epoch 2200 with validation loss 5.972e-01. Saving...
2025-08-19 18:18:01,961:INFO:Epoch: 2250/20000 | Train Loss: 4.407e-01 | Dynamic Loss: 4.407e-01 | Regularization Loss: 7.145e-07 | Val Loss: 5.684e-01 | Time: 8.69s
2025-08-19 18:18:01,961:INFO:New best model found at epoch 2250 with validation loss 5.684e-01. Saving...
2025-08-19 18:18:08,680:INFO:Epoch: 2300/20000 | Train Loss: 4.453e-01 | Dynamic Loss: 4.453e-01 | Regularization Loss: 5.530e-07 | Val Loss: 5.703e-01 | Time: 6.71s
2025-08-19 18:18:15,925:INFO:Epoch: 2350/20000 | Train Loss: 5.360e-01 | Dynamic Loss: 5.360e-01 | Regularization Loss: 6.013e-07 | Val Loss: 6.977e-01 | Time: 7.24s
2025-08-19 18:18:23,131:INFO:Epoch: 2400/20000 | Train Loss: 7.375e-01 | Dynamic Loss: 7.375e-01 | Regularization Loss: 4.772e-07 | Val Loss: 9.805e-01 | Time: 7.21s
2025-08-19 18:18:30,079:INFO:Epoch: 2450/20000 | Train Loss: 4.195e-01 | Dynamic Loss: 4.195e-01 | Regularization Loss: 3.531e-07 | Val Loss: 5.461e-01 | Time: 6.95s
2025-08-19 18:18:30,079:INFO:New best model found at epoch 2450 with validation loss 5.461e-01. Saving...
2025-08-19 18:18:42,849:INFO:Epoch: 2500/20000 | Train Loss: 4.111e-01 | Dynamic Loss: 4.111e-01 | Regularization Loss: 3.491e-07 | Val Loss: 5.379e-01 | Time: 12.76s
2025-08-19 18:18:42,849:INFO:New best model found at epoch 2500 with validation loss 5.379e-01. Saving...
2025-08-19 18:18:49,537:INFO:Epoch: 2550/20000 | Train Loss: 4.417e-01 | Dynamic Loss: 4.417e-01 | Regularization Loss: 3.267e-07 | Val Loss: 5.636e-01 | Time: 6.68s
2025-08-19 18:18:56,288:INFO:Epoch: 2600/20000 | Train Loss: 4.533e-01 | Dynamic Loss: 4.533e-01 | Regularization Loss: 3.487e-07 | Val Loss: 5.470e-01 | Time: 6.75s
2025-08-19 18:19:03,061:INFO:Epoch: 2650/20000 | Train Loss: 4.002e-01 | Dynamic Loss: 4.002e-01 | Regularization Loss: 3.906e-07 | Val Loss: 5.262e-01 | Time: 6.77s
2025-08-19 18:19:03,061:INFO:New best model found at epoch 2650 with validation loss 5.262e-01. Saving...
2025-08-19 18:19:09,661:INFO:Epoch: 2700/20000 | Train Loss: 4.744e-01 | Dynamic Loss: 4.744e-01 | Regularization Loss: 4.661e-07 | Val Loss: 5.690e-01 | Time: 6.59s
2025-08-19 18:19:16,172:INFO:Epoch: 2750/20000 | Train Loss: 4.139e-01 | Dynamic Loss: 4.139e-01 | Regularization Loss: 5.440e-07 | Val Loss: 6.023e-01 | Time: 6.51s
2025-08-19 18:19:22,976:INFO:Epoch: 2800/20000 | Train Loss: 3.841e-01 | Dynamic Loss: 3.841e-01 | Regularization Loss: 4.931e-07 | Val Loss: 5.084e-01 | Time: 6.80s
2025-08-19 18:19:22,976:INFO:New best model found at epoch 2800 with validation loss 5.084e-01. Saving...
2025-08-19 18:19:29,687:INFO:Epoch: 2850/20000 | Train Loss: 3.937e-01 | Dynamic Loss: 3.937e-01 | Regularization Loss: 5.148e-07 | Val Loss: 5.185e-01 | Time: 6.70s
2025-08-19 18:19:36,842:INFO:Epoch: 2900/20000 | Train Loss: 3.799e-01 | Dynamic Loss: 3.799e-01 | Regularization Loss: 4.495e-07 | Val Loss: 5.039e-01 | Time: 7.16s
2025-08-19 18:19:36,842:INFO:New best model found at epoch 2900 with validation loss 5.039e-01. Saving...
2025-08-19 18:19:44,875:INFO:Epoch: 2950/20000 | Train Loss: 3.801e-01 | Dynamic Loss: 3.801e-01 | Regularization Loss: 4.478e-07 | Val Loss: 5.032e-01 | Time: 8.02s
2025-08-19 18:19:44,875:INFO:New best model found at epoch 2950 with validation loss 5.032e-01. Saving...
2025-08-19 18:19:51,229:INFO:Epoch: 3000/20000 | Train Loss: 3.779e-01 | Dynamic Loss: 3.779e-01 | Regularization Loss: 4.491e-07 | Val Loss: 5.009e-01 | Time: 6.34s
2025-08-19 18:19:51,229:INFO:New best model found at epoch 3000 with validation loss 5.009e-01. Saving...
2025-08-19 18:20:03,461:INFO:Epoch: 3050/20000 | Train Loss: 3.827e-01 | Dynamic Loss: 3.827e-01 | Regularization Loss: 4.076e-07 | Val Loss: 5.144e-01 | Time: 12.22s
2025-08-19 18:20:09,887:INFO:Epoch: 3100/20000 | Train Loss: 4.064e-01 | Dynamic Loss: 4.064e-01 | Regularization Loss: 3.613e-07 | Val Loss: 5.239e-01 | Time: 6.43s
2025-08-19 18:20:17,267:INFO:Epoch: 3150/20000 | Train Loss: 3.855e-01 | Dynamic Loss: 3.855e-01 | Regularization Loss: 3.439e-07 | Val Loss: 5.024e-01 | Time: 7.38s
2025-08-19 18:20:23,864:INFO:Epoch: 3200/20000 | Train Loss: 3.599e-01 | Dynamic Loss: 3.599e-01 | Regularization Loss: 3.071e-07 | Val Loss: 4.831e-01 | Time: 6.60s
2025-08-19 18:20:23,864:INFO:New best model found at epoch 3200 with validation loss 4.831e-01. Saving...
2025-08-19 18:20:30,281:INFO:Epoch: 3250/20000 | Train Loss: 3.712e-01 | Dynamic Loss: 3.712e-01 | Regularization Loss: 3.461e-07 | Val Loss: 5.146e-01 | Time: 6.41s
2025-08-19 18:20:37,188:INFO:Epoch: 3300/20000 | Train Loss: 4.770e-01 | Dynamic Loss: 4.770e-01 | Regularization Loss: 3.747e-07 | Val Loss: 5.861e-01 | Time: 6.91s
2025-08-19 18:20:43,776:INFO:Epoch: 3350/20000 | Train Loss: 3.584e-01 | Dynamic Loss: 3.584e-01 | Regularization Loss: 3.465e-07 | Val Loss: 4.737e-01 | Time: 6.59s
2025-08-19 18:20:43,776:INFO:New best model found at epoch 3350 with validation loss 4.737e-01. Saving...
2025-08-19 18:20:50,333:INFO:Epoch: 3400/20000 | Train Loss: 3.882e-01 | Dynamic Loss: 3.882e-01 | Regularization Loss: 3.310e-07 | Val Loss: 4.986e-01 | Time: 6.55s
2025-08-19 18:20:56,783:INFO:Epoch: 3450/20000 | Train Loss: 3.374e-01 | Dynamic Loss: 3.374e-01 | Regularization Loss: 3.753e-07 | Val Loss: 4.599e-01 | Time: 6.45s
2025-08-19 18:20:56,784:INFO:New best model found at epoch 3450 with validation loss 4.599e-01. Saving...
2025-08-19 18:21:10,444:INFO:Epoch: 3500/20000 | Train Loss: 3.773e-01 | Dynamic Loss: 3.773e-01 | Regularization Loss: 2.952e-07 | Val Loss: 4.994e-01 | Time: 13.65s
2025-08-19 18:21:17,268:INFO:Epoch: 3550/20000 | Train Loss: 3.545e-01 | Dynamic Loss: 3.545e-01 | Regularization Loss: 2.716e-07 | Val Loss: 4.870e-01 | Time: 6.82s
2025-08-19 18:21:24,188:INFO:Epoch: 3600/20000 | Train Loss: 5.113e-01 | Dynamic Loss: 5.113e-01 | Regularization Loss: 3.046e-07 | Val Loss: 5.867e-01 | Time: 6.92s
2025-08-19 18:21:31,051:INFO:Epoch: 3650/20000 | Train Loss: 3.265e-01 | Dynamic Loss: 3.265e-01 | Regularization Loss: 2.677e-07 | Val Loss: 4.518e-01 | Time: 6.86s
2025-08-19 18:21:31,051:INFO:New best model found at epoch 3650 with validation loss 4.518e-01. Saving...
2025-08-19 18:21:37,874:INFO:Epoch: 3700/20000 | Train Loss: 3.225e-01 | Dynamic Loss: 3.225e-01 | Regularization Loss: 2.579e-07 | Val Loss: 4.463e-01 | Time: 6.81s
2025-08-19 18:21:37,874:INFO:New best model found at epoch 3700 with validation loss 4.463e-01. Saving...
2025-08-19 18:21:44,575:INFO:Epoch: 3750/20000 | Train Loss: 3.219e-01 | Dynamic Loss: 3.219e-01 | Regularization Loss: 2.478e-07 | Val Loss: 4.461e-01 | Time: 6.69s
2025-08-19 18:21:44,575:INFO:New best model found at epoch 3750 with validation loss 4.461e-01. Saving...
2025-08-19 18:21:51,012:INFO:Epoch: 3800/20000 | Train Loss: 3.757e-01 | Dynamic Loss: 3.757e-01 | Regularization Loss: 2.626e-07 | Val Loss: 4.691e-01 | Time: 6.43s
2025-08-19 18:21:57,714:INFO:Epoch: 3850/20000 | Train Loss: 3.503e-01 | Dynamic Loss: 3.503e-01 | Regularization Loss: 2.007e-07 | Val Loss: 4.656e-01 | Time: 6.70s
2025-08-19 18:22:04,454:INFO:Epoch: 3900/20000 | Train Loss: 3.241e-01 | Dynamic Loss: 3.241e-01 | Regularization Loss: 2.250e-07 | Val Loss: 4.386e-01 | Time: 6.74s
2025-08-19 18:22:04,455:INFO:New best model found at epoch 3900 with validation loss 4.386e-01. Saving...
2025-08-19 18:22:11,155:INFO:Epoch: 3950/20000 | Train Loss: 3.073e-01 | Dynamic Loss: 3.073e-01 | Regularization Loss: 2.545e-07 | Val Loss: 4.305e-01 | Time: 6.69s
2025-08-19 18:22:11,156:INFO:New best model found at epoch 3950 with validation loss 4.305e-01. Saving...
2025-08-19 18:22:17,479:INFO:Epoch: 4000/20000 | Train Loss: 3.019e-01 | Dynamic Loss: 3.019e-01 | Regularization Loss: 2.697e-07 | Val Loss: 4.259e-01 | Time: 6.31s
2025-08-19 18:22:17,480:INFO:New best model found at epoch 4000 with validation loss 4.259e-01. Saving...
2025-08-19 18:22:28,493:INFO:Epoch: 4050/20000 | Train Loss: 4.584e-01 | Dynamic Loss: 4.584e-01 | Regularization Loss: 2.730e-07 | Val Loss: 5.637e-01 | Time: 11.00s
2025-08-19 18:22:34,994:INFO:Epoch: 4100/20000 | Train Loss: 3.487e-01 | Dynamic Loss: 3.487e-01 | Regularization Loss: 2.492e-07 | Val Loss: 4.698e-01 | Time: 6.50s
2025-08-19 18:22:41,578:INFO:Epoch: 4150/20000 | Train Loss: 3.346e-01 | Dynamic Loss: 3.346e-01 | Regularization Loss: 2.214e-07 | Val Loss: 4.624e-01 | Time: 6.58s
2025-08-19 18:22:47,906:INFO:Epoch: 4200/20000 | Train Loss: 2.937e-01 | Dynamic Loss: 2.937e-01 | Regularization Loss: 2.493e-07 | Val Loss: 4.162e-01 | Time: 6.33s
2025-08-19 18:22:47,906:INFO:New best model found at epoch 4200 with validation loss 4.162e-01. Saving...
2025-08-19 18:22:54,712:INFO:Epoch: 4250/20000 | Train Loss: 3.231e-01 | Dynamic Loss: 3.231e-01 | Regularization Loss: 2.619e-07 | Val Loss: 4.683e-01 | Time: 6.80s
2025-08-19 18:23:01,519:INFO:Epoch: 4300/20000 | Train Loss: 2.981e-01 | Dynamic Loss: 2.981e-01 | Regularization Loss: 2.879e-07 | Val Loss: 4.241e-01 | Time: 6.81s
2025-08-19 18:23:08,010:INFO:Epoch: 4350/20000 | Train Loss: 2.847e-01 | Dynamic Loss: 2.847e-01 | Regularization Loss: 3.075e-07 | Val Loss: 4.066e-01 | Time: 6.49s
2025-08-19 18:23:08,010:INFO:New best model found at epoch 4350 with validation loss 4.066e-01. Saving...
2025-08-19 18:23:14,635:INFO:Epoch: 4400/20000 | Train Loss: 3.007e-01 | Dynamic Loss: 3.007e-01 | Regularization Loss: 3.037e-07 | Val Loss: 4.193e-01 | Time: 6.61s
2025-08-19 18:23:21,254:INFO:Epoch: 4450/20000 | Train Loss: 3.651e-01 | Dynamic Loss: 3.651e-01 | Regularization Loss: 2.453e-07 | Val Loss: 4.442e-01 | Time: 6.62s
2025-08-19 18:23:30,625:INFO:Epoch: 4500/20000 | Train Loss: 2.862e-01 | Dynamic Loss: 2.862e-01 | Regularization Loss: 2.413e-07 | Val Loss: 4.047e-01 | Time: 9.37s
2025-08-19 18:23:30,626:INFO:New best model found at epoch 4500 with validation loss 4.047e-01. Saving...
2025-08-19 18:23:36,951:INFO:Epoch: 4550/20000 | Train Loss: 3.412e-01 | Dynamic Loss: 3.412e-01 | Regularization Loss: 2.592e-07 | Val Loss: 4.402e-01 | Time: 6.32s
2025-08-19 18:23:43,493:INFO:Epoch: 4600/20000 | Train Loss: 2.883e-01 | Dynamic Loss: 2.883e-01 | Regularization Loss: 2.749e-07 | Val Loss: 4.056e-01 | Time: 6.54s
2025-08-19 18:23:50,319:INFO:Epoch: 4650/20000 | Train Loss: 3.057e-01 | Dynamic Loss: 3.057e-01 | Regularization Loss: 2.451e-07 | Val Loss: 4.216e-01 | Time: 6.83s
2025-08-19 18:23:56,826:INFO:Epoch: 4700/20000 | Train Loss: 2.906e-01 | Dynamic Loss: 2.906e-01 | Regularization Loss: 2.444e-07 | Val Loss: 4.090e-01 | Time: 6.51s
2025-08-19 18:24:08,125:INFO:Epoch: 4750/20000 | Train Loss: 2.863e-01 | Dynamic Loss: 2.863e-01 | Regularization Loss: 2.436e-07 | Val Loss: 3.999e-01 | Time: 11.30s
2025-08-19 18:24:08,125:INFO:New best model found at epoch 4750 with validation loss 3.999e-01. Saving...
2025-08-19 18:24:14,752:INFO:Epoch: 4800/20000 | Train Loss: 2.755e-01 | Dynamic Loss: 2.755e-01 | Regularization Loss: 2.625e-07 | Val Loss: 3.910e-01 | Time: 6.62s
2025-08-19 18:24:14,752:INFO:New best model found at epoch 4800 with validation loss 3.910e-01. Saving...
2025-08-19 18:24:21,530:INFO:Epoch: 4850/20000 | Train Loss: 3.071e-01 | Dynamic Loss: 3.071e-01 | Regularization Loss: 2.624e-07 | Val Loss: 4.151e-01 | Time: 6.77s
2025-08-19 18:24:28,224:INFO:Epoch: 4900/20000 | Train Loss: 2.807e-01 | Dynamic Loss: 2.807e-01 | Regularization Loss: 2.243e-07 | Val Loss: 1.098e+00 | Time: 6.69s
2025-08-19 18:24:35,516:INFO:Epoch: 4950/20000 | Train Loss: 3.338e-01 | Dynamic Loss: 3.338e-01 | Regularization Loss: 2.150e-07 | Val Loss: 4.344e-01 | Time: 7.29s
2025-08-19 18:24:41,849:INFO:Epoch: 5000/20000 | Train Loss: 3.822e-01 | Dynamic Loss: 3.822e-01 | Regularization Loss: 2.146e-07 | Val Loss: 4.806e-01 | Time: 6.33s
2025-08-19 18:24:48,798:INFO:Epoch: 5050/20000 | Train Loss: 3.377e-01 | Dynamic Loss: 3.377e-01 | Regularization Loss: 1.982e-07 | Val Loss: 4.381e-01 | Time: 6.95s
2025-08-19 18:25:01,459:INFO:Epoch: 5100/20000 | Train Loss: 2.608e-01 | Dynamic Loss: 2.608e-01 | Regularization Loss: 2.127e-07 | Val Loss: 3.774e-01 | Time: 12.66s
2025-08-19 18:25:01,459:INFO:New best model found at epoch 5100 with validation loss 3.774e-01. Saving...
2025-08-19 18:25:08,455:INFO:Epoch: 5150/20000 | Train Loss: 4.531e-01 | Dynamic Loss: 4.531e-01 | Regularization Loss: 2.233e-07 | Val Loss: 5.509e-01 | Time: 6.99s
2025-08-19 18:25:19,315:INFO:Epoch: 5200/20000 | Train Loss: 2.978e-01 | Dynamic Loss: 2.978e-01 | Regularization Loss: 2.297e-07 | Val Loss: 4.038e-01 | Time: 10.86s
2025-08-19 18:25:25,833:INFO:Epoch: 5250/20000 | Train Loss: 3.433e-01 | Dynamic Loss: 3.433e-01 | Regularization Loss: 2.336e-07 | Val Loss: 4.762e-01 | Time: 6.52s
2025-08-19 18:25:32,353:INFO:Epoch: 5300/20000 | Train Loss: 2.571e-01 | Dynamic Loss: 2.571e-01 | Regularization Loss: 2.415e-07 | Val Loss: 3.729e-01 | Time: 6.52s
2025-08-19 18:25:32,353:INFO:New best model found at epoch 5300 with validation loss 3.729e-01. Saving...
2025-08-19 18:25:38,957:INFO:Epoch: 5350/20000 | Train Loss: 3.413e-01 | Dynamic Loss: 3.413e-01 | Regularization Loss: 2.143e-07 | Val Loss: 4.253e-01 | Time: 6.59s
2025-08-19 18:25:45,771:INFO:Epoch: 5400/20000 | Train Loss: 2.687e-01 | Dynamic Loss: 2.687e-01 | Regularization Loss: 1.781e-07 | Val Loss: 3.759e-01 | Time: 6.81s
2025-08-19 18:25:52,406:INFO:Epoch: 5450/20000 | Train Loss: 2.590e-01 | Dynamic Loss: 2.590e-01 | Regularization Loss: 1.734e-07 | Val Loss: 3.688e-01 | Time: 6.63s
2025-08-19 18:25:52,406:INFO:New best model found at epoch 5450 with validation loss 3.688e-01. Saving...
2025-08-19 18:25:58,736:INFO:Epoch: 5500/20000 | Train Loss: 2.955e-01 | Dynamic Loss: 2.955e-01 | Regularization Loss: 1.655e-07 | Val Loss: 3.932e-01 | Time: 6.32s
2025-08-19 18:26:10,351:INFO:Epoch: 5550/20000 | Train Loss: 3.144e-01 | Dynamic Loss: 3.144e-01 | Regularization Loss: 1.628e-07 | Val Loss: 4.124e-01 | Time: 11.62s
2025-08-19 18:26:17,202:INFO:Epoch: 5600/20000 | Train Loss: 2.880e-01 | Dynamic Loss: 2.880e-01 | Regularization Loss: 1.731e-07 | Val Loss: 4.067e-01 | Time: 6.85s
2025-08-19 18:26:24,610:INFO:Epoch: 5650/20000 | Train Loss: 3.893e-01 | Dynamic Loss: 3.893e-01 | Regularization Loss: 1.515e-07 | Val Loss: 8.737e-01 | Time: 7.41s
2025-08-19 18:26:30,997:INFO:Epoch: 5700/20000 | Train Loss: 2.535e-01 | Dynamic Loss: 2.535e-01 | Regularization Loss: 1.270e-07 | Val Loss: 3.710e-01 | Time: 6.39s
2025-08-19 18:26:38,124:INFO:Epoch: 5750/20000 | Train Loss: 3.959e-01 | Dynamic Loss: 3.959e-01 | Regularization Loss: 1.323e-07 | Val Loss: 5.001e-01 | Time: 7.13s
2025-08-19 18:26:44,999:INFO:Epoch: 5800/20000 | Train Loss: 3.211e-01 | Dynamic Loss: 3.211e-01 | Regularization Loss: 1.403e-07 | Val Loss: 4.237e-01 | Time: 6.88s
2025-08-19 18:26:52,057:INFO:Epoch: 5850/20000 | Train Loss: 2.651e-01 | Dynamic Loss: 2.651e-01 | Regularization Loss: 1.560e-07 | Val Loss: 3.615e-01 | Time: 7.06s
2025-08-19 18:26:52,057:INFO:New best model found at epoch 5850 with validation loss 3.615e-01. Saving...
2025-08-19 18:26:59,207:INFO:Epoch: 5900/20000 | Train Loss: 2.816e-01 | Dynamic Loss: 2.816e-01 | Regularization Loss: 1.489e-07 | Val Loss: 3.808e-01 | Time: 7.14s
2025-08-19 18:27:06,095:INFO:Epoch: 5950/20000 | Train Loss: 3.536e-01 | Dynamic Loss: 3.536e-01 | Regularization Loss: 1.491e-07 | Val Loss: 4.588e-01 | Time: 6.89s
2025-08-19 18:27:12,658:INFO:Epoch: 6000/20000 | Train Loss: 2.932e-01 | Dynamic Loss: 2.932e-01 | Regularization Loss: 1.442e-07 | Val Loss: 4.226e-01 | Time: 6.56s
2025-08-19 18:27:19,369:INFO:Epoch: 6050/20000 | Train Loss: 3.620e-01 | Dynamic Loss: 3.620e-01 | Regularization Loss: 1.531e-07 | Val Loss: 4.751e-01 | Time: 6.71s
2025-08-19 18:27:26,370:INFO:Epoch: 6100/20000 | Train Loss: 2.835e-01 | Dynamic Loss: 2.835e-01 | Regularization Loss: 1.380e-07 | Val Loss: 3.900e-01 | Time: 7.00s
2025-08-19 18:27:33,333:INFO:Epoch: 6150/20000 | Train Loss: 3.672e-01 | Dynamic Loss: 3.672e-01 | Regularization Loss: 1.405e-07 | Val Loss: 4.435e-01 | Time: 6.96s
2025-08-19 18:27:40,740:INFO:Epoch: 6200/20000 | Train Loss: 2.505e-01 | Dynamic Loss: 2.505e-01 | Regularization Loss: 1.374e-07 | Val Loss: 3.652e-01 | Time: 7.41s
2025-08-19 18:27:47,365:INFO:Epoch: 6250/20000 | Train Loss: 3.712e-01 | Dynamic Loss: 3.712e-01 | Regularization Loss: 1.548e-07 | Val Loss: 4.746e-01 | Time: 6.62s
2025-08-19 18:27:54,431:INFO:Epoch: 6300/20000 | Train Loss: 2.604e-01 | Dynamic Loss: 2.604e-01 | Regularization Loss: 1.648e-07 | Val Loss: 3.744e-01 | Time: 7.07s
2025-08-19 18:28:01,270:INFO:Epoch: 6350/20000 | Train Loss: 3.020e-01 | Dynamic Loss: 3.020e-01 | Regularization Loss: 1.404e-07 | Val Loss: 4.184e-01 | Time: 6.84s
2025-08-19 18:28:07,648:INFO:Epoch: 6400/20000 | Train Loss: 3.226e-01 | Dynamic Loss: 3.226e-01 | Regularization Loss: 1.563e-07 | Val Loss: 5.629e-01 | Time: 6.38s
2025-08-19 18:28:14,331:INFO:Epoch: 6450/20000 | Train Loss: 3.396e-01 | Dynamic Loss: 3.396e-01 | Regularization Loss: 1.502e-07 | Val Loss: 4.580e-01 | Time: 6.68s
2025-08-19 18:28:20,979:INFO:Epoch: 6500/20000 | Train Loss: 2.850e-01 | Dynamic Loss: 2.850e-01 | Regularization Loss: 1.572e-07 | Val Loss: 3.839e-01 | Time: 6.65s
2025-08-19 18:28:27,417:INFO:Epoch: 6550/20000 | Train Loss: 2.373e-01 | Dynamic Loss: 2.373e-01 | Regularization Loss: 1.579e-07 | Val Loss: 3.479e-01 | Time: 6.44s
2025-08-19 18:28:27,417:INFO:New best model found at epoch 6550 with validation loss 3.479e-01. Saving...
2025-08-19 18:28:34,133:INFO:Epoch: 6600/20000 | Train Loss: 2.767e-01 | Dynamic Loss: 2.767e-01 | Regularization Loss: 1.701e-07 | Val Loss: 3.731e-01 | Time: 6.71s
2025-08-19 18:28:40,605:INFO:Epoch: 6650/20000 | Train Loss: 2.396e-01 | Dynamic Loss: 2.396e-01 | Regularization Loss: 1.818e-07 | Val Loss: 3.464e-01 | Time: 6.47s
2025-08-19 18:28:40,605:INFO:New best model found at epoch 6650 with validation loss 3.464e-01. Saving...
2025-08-19 18:28:47,071:INFO:Epoch: 6700/20000 | Train Loss: 2.926e-01 | Dynamic Loss: 2.926e-01 | Regularization Loss: 1.812e-07 | Val Loss: 3.971e-01 | Time: 6.46s
2025-08-19 18:28:53,519:INFO:Epoch: 6750/20000 | Train Loss: 2.905e-01 | Dynamic Loss: 2.905e-01 | Regularization Loss: 1.749e-07 | Val Loss: 3.841e-01 | Time: 6.45s
2025-08-19 18:28:59,854:INFO:Epoch: 6800/20000 | Train Loss: 2.940e-01 | Dynamic Loss: 2.940e-01 | Regularization Loss: 1.538e-07 | Val Loss: 3.865e-01 | Time: 6.33s
2025-08-19 18:29:06,260:INFO:Epoch: 6850/20000 | Train Loss: 3.176e-01 | Dynamic Loss: 3.176e-01 | Regularization Loss: 1.506e-07 | Val Loss: 4.223e-01 | Time: 6.41s
2025-08-19 18:29:12,769:INFO:Epoch: 6900/20000 | Train Loss: 2.526e-01 | Dynamic Loss: 2.526e-01 | Regularization Loss: 1.174e-07 | Val Loss: 3.614e-01 | Time: 6.51s
2025-08-19 18:29:19,526:INFO:Epoch: 6950/20000 | Train Loss: 2.298e-01 | Dynamic Loss: 2.298e-01 | Regularization Loss: 1.241e-07 | Val Loss: 3.379e-01 | Time: 6.76s
2025-08-19 18:29:19,526:INFO:New best model found at epoch 6950 with validation loss 3.379e-01. Saving...
2025-08-19 18:29:26,948:INFO:Epoch: 7000/20000 | Train Loss: 2.527e-01 | Dynamic Loss: 2.527e-01 | Regularization Loss: 1.357e-07 | Val Loss: 3.638e-01 | Time: 7.41s
2025-08-19 18:29:33,920:INFO:Epoch: 7050/20000 | Train Loss: 2.588e-01 | Dynamic Loss: 2.588e-01 | Regularization Loss: 1.430e-07 | Val Loss: 3.644e-01 | Time: 6.97s
2025-08-19 18:29:40,357:INFO:Epoch: 7100/20000 | Train Loss: 3.325e-01 | Dynamic Loss: 3.325e-01 | Regularization Loss: 1.476e-07 | Val Loss: 4.780e-01 | Time: 6.44s
2025-08-19 18:29:47,118:INFO:Epoch: 7150/20000 | Train Loss: 3.024e-01 | Dynamic Loss: 3.024e-01 | Regularization Loss: 1.227e-07 | Val Loss: 3.921e-01 | Time: 6.76s
2025-08-19 18:29:53,661:INFO:Epoch: 7200/20000 | Train Loss: 2.769e-01 | Dynamic Loss: 2.769e-01 | Regularization Loss: 1.088e-07 | Val Loss: 3.806e-01 | Time: 6.54s
2025-08-19 18:30:00,251:INFO:Epoch: 7250/20000 | Train Loss: 2.371e-01 | Dynamic Loss: 2.371e-01 | Regularization Loss: 1.223e-07 | Val Loss: 3.466e-01 | Time: 6.59s
2025-08-19 18:30:07,037:INFO:Epoch: 7300/20000 | Train Loss: 2.300e-01 | Dynamic Loss: 2.300e-01 | Regularization Loss: 1.382e-07 | Val Loss: 3.368e-01 | Time: 6.79s
2025-08-19 18:30:07,037:INFO:New best model found at epoch 7300 with validation loss 3.368e-01. Saving...
2025-08-19 18:30:13,814:INFO:Epoch: 7350/20000 | Train Loss: 2.474e-01 | Dynamic Loss: 2.474e-01 | Regularization Loss: 1.399e-07 | Val Loss: 3.463e-01 | Time: 6.77s
2025-08-19 18:30:20,771:INFO:Epoch: 7400/20000 | Train Loss: 2.384e-01 | Dynamic Loss: 2.384e-01 | Regularization Loss: 1.105e-07 | Val Loss: 3.504e-01 | Time: 6.96s
2025-08-19 18:30:27,736:INFO:Epoch: 7450/20000 | Train Loss: 2.816e-01 | Dynamic Loss: 2.816e-01 | Regularization Loss: 1.250e-07 | Val Loss: 3.616e-01 | Time: 6.96s
2025-08-19 18:30:34,487:INFO:Epoch: 7500/20000 | Train Loss: 2.990e-01 | Dynamic Loss: 2.990e-01 | Regularization Loss: 1.309e-07 | Val Loss: 3.919e-01 | Time: 6.75s
2025-08-19 18:30:40,853:INFO:Epoch: 7550/20000 | Train Loss: 6.490e-01 | Dynamic Loss: 6.490e-01 | Regularization Loss: 1.502e-07 | Val Loss: 8.091e-01 | Time: 6.37s
2025-08-19 18:30:47,207:INFO:Epoch: 7600/20000 | Train Loss: 2.197e-01 | Dynamic Loss: 2.197e-01 | Regularization Loss: 1.557e-07 | Val Loss: 3.286e-01 | Time: 6.35s
2025-08-19 18:30:47,207:INFO:New best model found at epoch 7600 with validation loss 3.286e-01. Saving...
2025-08-19 18:30:53,597:INFO:Epoch: 7650/20000 | Train Loss: 2.337e-01 | Dynamic Loss: 2.337e-01 | Regularization Loss: 1.901e-07 | Val Loss: 3.875e-01 | Time: 6.38s
2025-08-19 18:31:00,191:INFO:Epoch: 7700/20000 | Train Loss: 5.960e-01 | Dynamic Loss: 5.960e-01 | Regularization Loss: 1.816e-07 | Val Loss: 6.023e-01 | Time: 6.59s
2025-08-19 18:31:07,377:INFO:Epoch: 7750/20000 | Train Loss: 2.392e-01 | Dynamic Loss: 2.392e-01 | Regularization Loss: 1.722e-07 | Val Loss: 3.382e-01 | Time: 7.19s
2025-08-19 18:31:14,428:INFO:Epoch: 7800/20000 | Train Loss: 2.120e-01 | Dynamic Loss: 2.120e-01 | Regularization Loss: 1.678e-07 | Val Loss: 3.238e-01 | Time: 7.05s
2025-08-19 18:31:14,428:INFO:New best model found at epoch 7800 with validation loss 3.238e-01. Saving...
2025-08-19 18:31:20,999:INFO:Epoch: 7850/20000 | Train Loss: 3.816e-01 | Dynamic Loss: 3.816e-01 | Regularization Loss: 1.740e-07 | Val Loss: 4.995e-01 | Time: 6.56s
2025-08-19 18:31:27,741:INFO:Epoch: 7900/20000 | Train Loss: 2.322e-01 | Dynamic Loss: 2.322e-01 | Regularization Loss: 1.586e-07 | Val Loss: 4.091e-01 | Time: 6.74s
2025-08-19 18:31:34,372:INFO:Epoch: 7950/20000 | Train Loss: 2.228e-01 | Dynamic Loss: 2.228e-01 | Regularization Loss: 1.514e-07 | Val Loss: 3.265e-01 | Time: 6.63s
2025-08-19 18:31:41,465:INFO:Epoch: 8000/20000 | Train Loss: 2.527e-01 | Dynamic Loss: 2.527e-01 | Regularization Loss: 1.572e-07 | Val Loss: 3.466e-01 | Time: 7.09s
2025-08-19 18:31:47,905:INFO:Epoch: 8050/20000 | Train Loss: 2.135e-01 | Dynamic Loss: 2.135e-01 | Regularization Loss: 1.671e-07 | Val Loss: 3.168e-01 | Time: 6.44s
2025-08-19 18:31:47,905:INFO:New best model found at epoch 8050 with validation loss 3.168e-01. Saving...
2025-08-19 18:31:58,737:INFO:Epoch: 8100/20000 | Train Loss: 2.250e-01 | Dynamic Loss: 2.250e-01 | Regularization Loss: 1.770e-07 | Val Loss: 3.252e-01 | Time: 10.82s
2025-08-19 18:32:05,850:INFO:Epoch: 8150/20000 | Train Loss: 2.116e-01 | Dynamic Loss: 2.116e-01 | Regularization Loss: 1.664e-07 | Val Loss: 3.172e-01 | Time: 7.11s
2025-08-19 18:32:19,728:INFO:Epoch: 8200/20000 | Train Loss: 2.025e-01 | Dynamic Loss: 2.025e-01 | Regularization Loss: 1.599e-07 | Val Loss: 4.264e-01 | Time: 13.88s
2025-08-19 18:32:26,208:INFO:Epoch: 8250/20000 | Train Loss: 2.057e-01 | Dynamic Loss: 2.057e-01 | Regularization Loss: 1.540e-07 | Val Loss: 3.119e-01 | Time: 6.48s
2025-08-19 18:32:26,208:INFO:New best model found at epoch 8250 with validation loss 3.119e-01. Saving...
2025-08-19 18:32:32,807:INFO:Epoch: 8300/20000 | Train Loss: 2.111e-01 | Dynamic Loss: 2.111e-01 | Regularization Loss: 1.501e-07 | Val Loss: 3.124e-01 | Time: 6.59s
2025-08-19 18:32:39,379:INFO:Epoch: 8350/20000 | Train Loss: 2.052e-01 | Dynamic Loss: 2.052e-01 | Regularization Loss: 1.645e-07 | Val Loss: 3.092e-01 | Time: 6.57s
2025-08-19 18:32:39,379:INFO:New best model found at epoch 8350 with validation loss 3.092e-01. Saving...
2025-08-19 18:32:46,138:INFO:Epoch: 8400/20000 | Train Loss: 3.165e-01 | Dynamic Loss: 3.165e-01 | Regularization Loss: 1.473e-07 | Val Loss: 3.920e-01 | Time: 6.75s
2025-08-19 18:32:52,770:INFO:Epoch: 8450/20000 | Train Loss: 3.207e-01 | Dynamic Loss: 3.207e-01 | Regularization Loss: 1.309e-07 | Val Loss: 3.661e-01 | Time: 6.63s
2025-08-19 18:32:59,668:INFO:Epoch: 8500/20000 | Train Loss: 2.090e-01 | Dynamic Loss: 2.090e-01 | Regularization Loss: 9.965e-08 | Val Loss: 3.154e-01 | Time: 6.90s
2025-08-19 18:33:13,127:INFO:Epoch: 8550/20000 | Train Loss: 2.322e-01 | Dynamic Loss: 2.322e-01 | Regularization Loss: 8.568e-08 | Val Loss: 3.239e-01 | Time: 13.46s
2025-08-19 18:33:19,602:INFO:Epoch: 8600/20000 | Train Loss: 1.981e-01 | Dynamic Loss: 1.981e-01 | Regularization Loss: 9.654e-08 | Val Loss: 3.052e-01 | Time: 6.47s
2025-08-19 18:33:19,602:INFO:New best model found at epoch 8600 with validation loss 3.052e-01. Saving...
2025-08-19 18:33:26,143:INFO:Epoch: 8650/20000 | Train Loss: 2.806e-01 | Dynamic Loss: 2.806e-01 | Regularization Loss: 9.207e-08 | Val Loss: 3.749e-01 | Time: 6.53s
2025-08-19 18:33:32,493:INFO:Epoch: 8700/20000 | Train Loss: 1.960e-01 | Dynamic Loss: 1.960e-01 | Regularization Loss: 8.793e-08 | Val Loss: 2.996e-01 | Time: 6.35s
2025-08-19 18:33:32,493:INFO:New best model found at epoch 8700 with validation loss 2.996e-01. Saving...
2025-08-19 18:33:39,330:INFO:Epoch: 8750/20000 | Train Loss: 2.129e-01 | Dynamic Loss: 2.129e-01 | Regularization Loss: 6.663e-08 | Val Loss: 3.082e-01 | Time: 6.83s
2025-08-19 18:33:45,785:INFO:Epoch: 8800/20000 | Train Loss: 2.901e-01 | Dynamic Loss: 2.901e-01 | Regularization Loss: 5.617e-08 | Val Loss: 3.783e-01 | Time: 6.45s
2025-08-19 18:33:52,883:INFO:Epoch: 8850/20000 | Train Loss: 1.085e+00 | Dynamic Loss: 1.085e+00 | Regularization Loss: 6.131e-08 | Val Loss: 1.952e+00 | Time: 7.10s
2025-08-19 18:33:59,866:INFO:Epoch: 8900/20000 | Train Loss: 1.982e-01 | Dynamic Loss: 1.982e-01 | Regularization Loss: 6.781e-08 | Val Loss: 3.013e-01 | Time: 6.98s
2025-08-19 18:34:06,372:INFO:Epoch: 8950/20000 | Train Loss: 2.154e-01 | Dynamic Loss: 2.154e-01 | Regularization Loss: 7.652e-08 | Val Loss: 3.111e-01 | Time: 6.51s
2025-08-19 18:34:16,816:INFO:Epoch: 9000/20000 | Train Loss: 2.278e-01 | Dynamic Loss: 2.278e-01 | Regularization Loss: 7.834e-08 | Val Loss: 3.235e-01 | Time: 10.44s
2025-08-19 18:34:23,770:INFO:Epoch: 9050/20000 | Train Loss: 1.943e-01 | Dynamic Loss: 1.943e-01 | Regularization Loss: 7.204e-08 | Val Loss: 2.971e-01 | Time: 6.95s
2025-08-19 18:34:23,771:INFO:New best model found at epoch 9050 with validation loss 2.971e-01. Saving...
2025-08-19 18:34:30,265:INFO:Epoch: 9100/20000 | Train Loss: 2.279e-01 | Dynamic Loss: 2.279e-01 | Regularization Loss: 1.430e-07 | Val Loss: 3.354e-01 | Time: 6.48s
2025-08-19 18:34:36,602:INFO:Epoch: 9150/20000 | Train Loss: 3.166e-01 | Dynamic Loss: 3.166e-01 | Regularization Loss: 1.456e-07 | Val Loss: 3.746e-01 | Time: 6.34s
2025-08-19 18:34:44,095:INFO:Epoch: 9200/20000 | Train Loss: 3.045e-01 | Dynamic Loss: 3.045e-01 | Regularization Loss: 1.371e-07 | Val Loss: 3.767e-01 | Time: 7.49s
2025-08-19 18:34:50,429:INFO:Epoch: 9250/20000 | Train Loss: 1.953e-01 | Dynamic Loss: 1.953e-01 | Regularization Loss: 1.380e-07 | Val Loss: 2.927e-01 | Time: 6.33s
2025-08-19 18:34:50,429:INFO:New best model found at epoch 9250 with validation loss 2.927e-01. Saving...
2025-08-19 18:34:57,472:INFO:Epoch: 9300/20000 | Train Loss: 3.292e-01 | Dynamic Loss: 3.292e-01 | Regularization Loss: 1.303e-07 | Val Loss: 3.789e-01 | Time: 7.03s
2025-08-19 18:35:04,175:INFO:Epoch: 9350/20000 | Train Loss: 1.856e-01 | Dynamic Loss: 1.856e-01 | Regularization Loss: 1.223e-07 | Val Loss: 2.864e-01 | Time: 6.70s
2025-08-19 18:35:04,175:INFO:New best model found at epoch 9350 with validation loss 2.864e-01. Saving...
2025-08-19 18:35:11,531:INFO:Epoch: 9400/20000 | Train Loss: 1.970e-01 | Dynamic Loss: 1.970e-01 | Regularization Loss: 1.072e-07 | Val Loss: 2.986e-01 | Time: 7.35s
2025-08-19 18:35:18,334:INFO:Epoch: 9450/20000 | Train Loss: 2.224e-01 | Dynamic Loss: 2.224e-01 | Regularization Loss: 1.050e-07 | Val Loss: 3.338e-01 | Time: 6.80s
2025-08-19 18:35:25,483:INFO:Epoch: 9500/20000 | Train Loss: 2.097e-01 | Dynamic Loss: 2.097e-01 | Regularization Loss: 1.114e-07 | Val Loss: 3.112e-01 | Time: 7.15s
2025-08-19 18:35:31,986:INFO:Epoch: 9550/20000 | Train Loss: 2.226e-01 | Dynamic Loss: 2.226e-01 | Regularization Loss: 1.072e-07 | Val Loss: 3.153e-01 | Time: 6.50s
2025-08-19 18:35:39,155:INFO:Epoch: 9600/20000 | Train Loss: 2.467e-01 | Dynamic Loss: 2.467e-01 | Regularization Loss: 1.010e-07 | Val Loss: 3.112e-01 | Time: 7.17s
2025-08-19 18:35:46,420:INFO:Epoch: 9650/20000 | Train Loss: 1.826e-01 | Dynamic Loss: 1.826e-01 | Regularization Loss: 9.477e-08 | Val Loss: 2.823e-01 | Time: 7.27s
2025-08-19 18:35:46,421:INFO:New best model found at epoch 9650 with validation loss 2.823e-01. Saving...
2025-08-19 18:35:53,205:INFO:Epoch: 9700/20000 | Train Loss: 2.050e-01 | Dynamic Loss: 2.050e-01 | Regularization Loss: 8.795e-08 | Val Loss: 2.998e-01 | Time: 6.78s
2025-08-19 18:36:00,543:INFO:Epoch: 9750/20000 | Train Loss: 1.969e-01 | Dynamic Loss: 1.969e-01 | Regularization Loss: 8.052e-08 | Val Loss: 3.310e-01 | Time: 7.34s
2025-08-19 18:36:07,083:INFO:Epoch: 9800/20000 | Train Loss: 2.249e-01 | Dynamic Loss: 2.249e-01 | Regularization Loss: 8.446e-08 | Val Loss: 3.171e-01 | Time: 6.54s
2025-08-19 18:36:13,508:INFO:Epoch: 9850/20000 | Train Loss: 1.927e-01 | Dynamic Loss: 1.927e-01 | Regularization Loss: 9.502e-08 | Val Loss: 3.048e-01 | Time: 6.42s
2025-08-19 18:36:20,132:INFO:Epoch: 9900/20000 | Train Loss: 1.960e-01 | Dynamic Loss: 1.960e-01 | Regularization Loss: 8.486e-08 | Val Loss: 3.067e-01 | Time: 6.62s
2025-08-19 18:36:26,843:INFO:Epoch: 9950/20000 | Train Loss: 2.848e-01 | Dynamic Loss: 2.848e-01 | Regularization Loss: 8.259e-08 | Val Loss: 3.770e-01 | Time: 6.71s
2025-08-19 18:36:33,404:INFO:Epoch: 10000/20000 | Train Loss: 1.869e-01 | Dynamic Loss: 1.869e-01 | Regularization Loss: 8.084e-08 | Val Loss: 3.040e-01 | Time: 6.56s
2025-08-19 18:36:42,407:INFO:Epoch: 10050/20000 | Train Loss: 1.952e-01 | Dynamic Loss: 1.952e-01 | Regularization Loss: 8.287e-08 | Val Loss: 2.938e-01 | Time: 9.00s
2025-08-19 18:36:49,414:INFO:Epoch: 10100/20000 | Train Loss: 1.923e-01 | Dynamic Loss: 1.923e-01 | Regularization Loss: 8.088e-08 | Val Loss: 2.897e-01 | Time: 7.01s
2025-08-19 18:36:56,504:INFO:Epoch: 10150/20000 | Train Loss: 1.807e-01 | Dynamic Loss: 1.807e-01 | Regularization Loss: 7.820e-08 | Val Loss: 2.836e-01 | Time: 7.09s
2025-08-19 18:37:03,167:INFO:Epoch: 10200/20000 | Train Loss: 2.218e-01 | Dynamic Loss: 2.218e-01 | Regularization Loss: 6.455e-08 | Val Loss: 3.070e-01 | Time: 6.66s
2025-08-19 18:37:10,177:INFO:Epoch: 10250/20000 | Train Loss: 1.745e-01 | Dynamic Loss: 1.745e-01 | Regularization Loss: 6.397e-08 | Val Loss: 2.713e-01 | Time: 7.01s
2025-08-19 18:37:10,178:INFO:New best model found at epoch 10250 with validation loss 2.713e-01. Saving...
2025-08-19 18:37:17,264:INFO:Epoch: 10300/20000 | Train Loss: 2.139e-01 | Dynamic Loss: 2.139e-01 | Regularization Loss: 5.977e-08 | Val Loss: 2.935e-01 | Time: 7.08s
2025-08-19 18:37:23,828:INFO:Epoch: 10350/20000 | Train Loss: 2.015e-01 | Dynamic Loss: 2.015e-01 | Regularization Loss: 6.472e-08 | Val Loss: 2.921e-01 | Time: 6.56s
2025-08-19 18:37:31,266:INFO:Epoch: 10400/20000 | Train Loss: 1.761e-01 | Dynamic Loss: 1.761e-01 | Regularization Loss: 5.831e-08 | Val Loss: 2.773e-01 | Time: 7.44s
2025-08-19 18:37:37,951:INFO:Epoch: 10450/20000 | Train Loss: 2.034e-01 | Dynamic Loss: 2.034e-01 | Regularization Loss: 5.509e-08 | Val Loss: 3.025e-01 | Time: 6.68s
2025-08-19 18:37:45,191:INFO:Epoch: 10500/20000 | Train Loss: 2.347e-01 | Dynamic Loss: 2.347e-01 | Regularization Loss: 4.626e-08 | Val Loss: 3.271e-01 | Time: 7.24s
2025-08-19 18:37:52,087:INFO:Epoch: 10550/20000 | Train Loss: 1.744e-01 | Dynamic Loss: 1.744e-01 | Regularization Loss: 4.647e-08 | Val Loss: 2.705e-01 | Time: 6.90s
2025-08-19 18:37:52,087:INFO:New best model found at epoch 10550 with validation loss 2.705e-01. Saving...
2025-08-19 18:37:58,671:INFO:Epoch: 10600/20000 | Train Loss: 1.742e-01 | Dynamic Loss: 1.742e-01 | Regularization Loss: 3.663e-08 | Val Loss: 2.706e-01 | Time: 6.57s
2025-08-19 18:38:05,273:INFO:Epoch: 10650/20000 | Train Loss: 5.261e-01 | Dynamic Loss: 5.261e-01 | Regularization Loss: 3.613e-08 | Val Loss: 6.544e-01 | Time: 6.60s
2025-08-19 18:38:12,117:INFO:Epoch: 10700/20000 | Train Loss: 1.959e-01 | Dynamic Loss: 1.959e-01 | Regularization Loss: 4.343e-08 | Val Loss: 2.928e-01 | Time: 6.84s
2025-08-19 18:38:18,466:INFO:Epoch: 10750/20000 | Train Loss: 1.634e-01 | Dynamic Loss: 1.634e-01 | Regularization Loss: 4.630e-08 | Val Loss: 3.121e-01 | Time: 6.35s
2025-08-19 18:38:25,135:INFO:Epoch: 10800/20000 | Train Loss: 3.255e-01 | Dynamic Loss: 3.255e-01 | Regularization Loss: 4.175e-08 | Val Loss: 4.235e-01 | Time: 6.67s
2025-08-19 18:38:32,528:INFO:Epoch: 10850/20000 | Train Loss: 1.959e-01 | Dynamic Loss: 1.959e-01 | Regularization Loss: 3.924e-08 | Val Loss: 2.861e-01 | Time: 7.39s
2025-08-19 18:38:38,836:INFO:Epoch: 10900/20000 | Train Loss: 1.737e-01 | Dynamic Loss: 1.737e-01 | Regularization Loss: 3.565e-08 | Val Loss: 2.664e-01 | Time: 6.31s
2025-08-19 18:38:38,837:INFO:New best model found at epoch 10900 with validation loss 2.664e-01. Saving...
2025-08-19 18:38:45,573:INFO:Epoch: 10950/20000 | Train Loss: 1.602e-01 | Dynamic Loss: 1.602e-01 | Regularization Loss: 3.396e-08 | Val Loss: 2.892e-01 | Time: 6.73s
2025-08-19 18:38:52,951:INFO:Epoch: 11000/20000 | Train Loss: 1.778e-01 | Dynamic Loss: 1.778e-01 | Regularization Loss: 3.341e-08 | Val Loss: 2.700e-01 | Time: 7.38s
2025-08-19 18:38:59,517:INFO:Epoch: 11050/20000 | Train Loss: 1.811e-01 | Dynamic Loss: 1.811e-01 | Regularization Loss: 3.453e-08 | Val Loss: 2.691e-01 | Time: 6.57s
2025-08-19 18:39:06,006:INFO:Epoch: 11100/20000 | Train Loss: 1.620e-01 | Dynamic Loss: 1.620e-01 | Regularization Loss: 3.378e-08 | Val Loss: 2.579e-01 | Time: 6.49s
2025-08-19 18:39:06,007:INFO:New best model found at epoch 11100 with validation loss 2.579e-01. Saving...
2025-08-19 18:39:13,150:INFO:Epoch: 11150/20000 | Train Loss: 2.639e-01 | Dynamic Loss: 2.639e-01 | Regularization Loss: 3.212e-08 | Val Loss: 3.589e-01 | Time: 7.13s
2025-08-19 18:39:19,731:INFO:Epoch: 11200/20000 | Train Loss: 2.486e-01 | Dynamic Loss: 2.486e-01 | Regularization Loss: 2.916e-08 | Val Loss: 3.368e-01 | Time: 6.58s
2025-08-19 18:39:26,189:INFO:Epoch: 11250/20000 | Train Loss: 1.597e-01 | Dynamic Loss: 1.597e-01 | Regularization Loss: 2.568e-08 | Val Loss: 2.574e-01 | Time: 6.46s
2025-08-19 18:39:26,189:INFO:New best model found at epoch 11250 with validation loss 2.574e-01. Saving...
2025-08-19 18:39:32,938:INFO:Epoch: 11300/20000 | Train Loss: 1.675e-01 | Dynamic Loss: 1.675e-01 | Regularization Loss: 2.405e-08 | Val Loss: 2.621e-01 | Time: 6.74s
2025-08-19 18:39:39,366:INFO:Epoch: 11350/20000 | Train Loss: 2.515e-01 | Dynamic Loss: 2.515e-01 | Regularization Loss: 2.474e-08 | Val Loss: 3.314e-01 | Time: 6.43s
2025-08-19 18:39:48,338:INFO:Epoch: 11400/20000 | Train Loss: 3.131e-01 | Dynamic Loss: 3.131e-01 | Regularization Loss: 2.027e-08 | Val Loss: 3.705e-01 | Time: 8.97s
2025-08-19 18:39:55,225:INFO:Epoch: 11450/20000 | Train Loss: 2.070e-01 | Dynamic Loss: 2.070e-01 | Regularization Loss: 2.066e-08 | Val Loss: 2.993e-01 | Time: 6.89s
2025-08-19 18:40:01,883:INFO:Epoch: 11500/20000 | Train Loss: 1.473e-01 | Dynamic Loss: 1.473e-01 | Regularization Loss: 1.984e-08 | Val Loss: 2.471e-01 | Time: 6.66s
2025-08-19 18:40:01,883:INFO:New best model found at epoch 11500 with validation loss 2.471e-01. Saving...
2025-08-19 18:40:08,509:INFO:Epoch: 11550/20000 | Train Loss: 1.462e-01 | Dynamic Loss: 1.462e-01 | Regularization Loss: 1.807e-08 | Val Loss: 2.442e-01 | Time: 6.62s
2025-08-19 18:40:08,509:INFO:New best model found at epoch 11550 with validation loss 2.442e-01. Saving...
2025-08-19 18:40:14,934:INFO:Epoch: 11600/20000 | Train Loss: 5.000e-01 | Dynamic Loss: 5.000e-01 | Regularization Loss: 1.460e-08 | Val Loss: 4.909e-01 | Time: 6.42s
2025-08-19 18:40:26,184:INFO:Epoch: 11650/20000 | Train Loss: 1.731e-01 | Dynamic Loss: 1.731e-01 | Regularization Loss: 1.258e-08 | Val Loss: 2.673e-01 | Time: 11.25s
2025-08-19 18:40:33,061:INFO:Epoch: 11700/20000 | Train Loss: 2.082e-01 | Dynamic Loss: 2.082e-01 | Regularization Loss: 1.291e-08 | Val Loss: 2.888e-01 | Time: 6.88s
2025-08-19 18:40:45,958:INFO:Epoch: 11750/20000 | Train Loss: 1.483e-01 | Dynamic Loss: 1.483e-01 | Regularization Loss: 1.079e-08 | Val Loss: 2.466e-01 | Time: 12.90s
2025-08-19 18:40:52,724:INFO:Epoch: 11800/20000 | Train Loss: 1.647e-01 | Dynamic Loss: 1.647e-01 | Regularization Loss: 1.108e-08 | Val Loss: 2.783e-01 | Time: 6.77s
2025-08-19 18:41:05,928:INFO:Epoch: 11850/20000 | Train Loss: 2.226e-01 | Dynamic Loss: 2.226e-01 | Regularization Loss: 9.752e-09 | Val Loss: 3.252e-01 | Time: 13.20s
2025-08-19 18:41:12,567:INFO:Epoch: 11900/20000 | Train Loss: 2.245e-01 | Dynamic Loss: 2.245e-01 | Regularization Loss: 9.123e-09 | Val Loss: 3.576e-01 | Time: 6.64s
2025-08-19 18:41:19,166:INFO:Epoch: 11950/20000 | Train Loss: 1.444e-01 | Dynamic Loss: 1.444e-01 | Regularization Loss: 9.305e-09 | Val Loss: 2.443e-01 | Time: 6.60s
2025-08-19 18:41:25,892:INFO:Epoch: 12000/20000 | Train Loss: 1.474e-01 | Dynamic Loss: 1.474e-01 | Regularization Loss: 8.047e-09 | Val Loss: 2.507e-01 | Time: 6.73s
2025-08-19 18:41:32,551:INFO:Epoch: 12050/20000 | Train Loss: 6.465e-01 | Dynamic Loss: 6.465e-01 | Regularization Loss: 8.456e-09 | Val Loss: 7.433e-01 | Time: 6.66s
2025-08-19 18:41:39,440:INFO:Epoch: 12100/20000 | Train Loss: 1.813e-01 | Dynamic Loss: 1.813e-01 | Regularization Loss: 8.235e-09 | Val Loss: 2.709e-01 | Time: 6.89s
2025-08-19 18:41:46,602:INFO:Epoch: 12150/20000 | Train Loss: 1.800e-01 | Dynamic Loss: 1.800e-01 | Regularization Loss: 8.485e-09 | Val Loss: 2.611e-01 | Time: 7.16s
2025-08-19 18:41:53,504:INFO:Epoch: 12200/20000 | Train Loss: 2.373e-01 | Dynamic Loss: 2.373e-01 | Regularization Loss: 7.305e-09 | Val Loss: 3.280e-01 | Time: 6.90s
2025-08-19 18:42:00,975:INFO:Epoch: 12250/20000 | Train Loss: 1.507e-01 | Dynamic Loss: 1.507e-01 | Regularization Loss: 7.180e-09 | Val Loss: 2.492e-01 | Time: 7.47s
2025-08-19 18:42:07,759:INFO:Epoch: 12300/20000 | Train Loss: 1.542e-01 | Dynamic Loss: 1.542e-01 | Regularization Loss: 6.494e-09 | Val Loss: 2.517e-01 | Time: 6.78s
2025-08-19 18:42:14,132:INFO:Epoch: 12350/20000 | Train Loss: 1.886e-01 | Dynamic Loss: 1.886e-01 | Regularization Loss: 6.130e-09 | Val Loss: 2.660e-01 | Time: 6.37s
2025-08-19 18:42:28,275:INFO:Epoch: 12400/20000 | Train Loss: 1.398e-01 | Dynamic Loss: 1.398e-01 | Regularization Loss: 4.776e-09 | Val Loss: 2.378e-01 | Time: 14.14s
2025-08-19 18:42:28,275:INFO:New best model found at epoch 12400 with validation loss 2.378e-01. Saving...
2025-08-19 18:42:35,126:INFO:Epoch: 12450/20000 | Train Loss: 1.408e-01 | Dynamic Loss: 1.408e-01 | Regularization Loss: 6.898e-09 | Val Loss: 2.399e-01 | Time: 6.83s
2025-08-19 18:42:41,754:INFO:Epoch: 12500/20000 | Train Loss: 1.804e-01 | Dynamic Loss: 1.804e-01 | Regularization Loss: 5.772e-09 | Val Loss: 2.770e-01 | Time: 6.63s
2025-08-19 18:42:48,577:INFO:Epoch: 12550/20000 | Train Loss: 2.099e-01 | Dynamic Loss: 2.099e-01 | Regularization Loss: 5.329e-09 | Val Loss: 3.037e-01 | Time: 6.82s
2025-08-19 18:42:55,556:INFO:Epoch: 12600/20000 | Train Loss: 1.548e-01 | Dynamic Loss: 1.548e-01 | Regularization Loss: 4.621e-09 | Val Loss: 2.534e-01 | Time: 6.98s
2025-08-19 18:43:02,371:INFO:Epoch: 12650/20000 | Train Loss: 1.497e-01 | Dynamic Loss: 1.497e-01 | Regularization Loss: 4.770e-09 | Val Loss: 2.944e-01 | Time: 6.82s
2025-08-19 18:43:09,205:INFO:Epoch: 12700/20000 | Train Loss: 2.182e-01 | Dynamic Loss: 2.182e-01 | Regularization Loss: 4.372e-09 | Val Loss: 2.966e-01 | Time: 6.83s
2025-08-19 18:43:23,533:INFO:Epoch: 12750/20000 | Train Loss: 2.217e-01 | Dynamic Loss: 2.217e-01 | Regularization Loss: 4.203e-09 | Val Loss: 3.311e-01 | Time: 14.33s
2025-08-19 18:43:30,521:INFO:Epoch: 12800/20000 | Train Loss: 1.475e-01 | Dynamic Loss: 1.475e-01 | Regularization Loss: 4.591e-09 | Val Loss: 2.454e-01 | Time: 6.99s
2025-08-19 18:43:37,784:INFO:Epoch: 12850/20000 | Train Loss: 2.484e-01 | Dynamic Loss: 2.484e-01 | Regularization Loss: 3.991e-09 | Val Loss: 3.001e-01 | Time: 7.26s
2025-08-19 18:43:45,112:INFO:Epoch: 12900/20000 | Train Loss: 1.943e-01 | Dynamic Loss: 1.943e-01 | Regularization Loss: 3.176e-09 | Val Loss: 2.824e-01 | Time: 7.33s
2025-08-19 18:43:51,769:INFO:Epoch: 12950/20000 | Train Loss: 1.472e-01 | Dynamic Loss: 1.472e-01 | Regularization Loss: 2.928e-09 | Val Loss: 2.439e-01 | Time: 6.66s
2025-08-19 18:43:58,271:INFO:Epoch: 13000/20000 | Train Loss: 2.123e-01 | Dynamic Loss: 2.123e-01 | Regularization Loss: 2.989e-09 | Val Loss: 2.967e-01 | Time: 6.50s
2025-08-19 18:44:05,289:INFO:Epoch: 13050/20000 | Train Loss: 4.362e-01 | Dynamic Loss: 4.362e-01 | Regularization Loss: 2.672e-09 | Val Loss: 4.545e-01 | Time: 7.02s
2025-08-19 18:44:12,030:INFO:Epoch: 13100/20000 | Train Loss: 2.076e-01 | Dynamic Loss: 2.076e-01 | Regularization Loss: 2.368e-09 | Val Loss: 5.979e-01 | Time: 6.74s
2025-08-19 18:44:18,911:INFO:Epoch: 13150/20000 | Train Loss: 2.038e-01 | Dynamic Loss: 2.038e-01 | Regularization Loss: 2.241e-09 | Val Loss: 3.018e-01 | Time: 6.88s
2025-08-19 18:44:33,004:INFO:Epoch: 13200/20000 | Train Loss: 1.373e-01 | Dynamic Loss: 1.373e-01 | Regularization Loss: 2.080e-09 | Val Loss: 2.355e-01 | Time: 14.09s
2025-08-19 18:44:33,005:INFO:New best model found at epoch 13200 with validation loss 2.355e-01. Saving...
2025-08-19 18:44:39,568:INFO:Epoch: 13250/20000 | Train Loss: 7.470e-01 | Dynamic Loss: 7.470e-01 | Regularization Loss: 2.235e-09 | Val Loss: 7.758e-01 | Time: 6.55s
2025-08-19 18:44:52,380:INFO:Epoch: 13300/20000 | Train Loss: 1.338e-01 | Dynamic Loss: 1.338e-01 | Regularization Loss: 1.865e-09 | Val Loss: 2.348e-01 | Time: 12.81s
2025-08-19 18:44:52,380:INFO:New best model found at epoch 13300 with validation loss 2.348e-01. Saving...
2025-08-19 18:44:59,114:INFO:Epoch: 13350/20000 | Train Loss: 1.456e-01 | Dynamic Loss: 1.456e-01 | Regularization Loss: 1.760e-09 | Val Loss: 2.449e-01 | Time: 6.72s
2025-08-19 18:45:06,104:INFO:Epoch: 13400/20000 | Train Loss: 1.270e-01 | Dynamic Loss: 1.270e-01 | Regularization Loss: 1.703e-09 | Val Loss: 2.319e-01 | Time: 6.99s
2025-08-19 18:45:06,104:INFO:New best model found at epoch 13400 with validation loss 2.319e-01. Saving...
2025-08-19 18:45:12,757:INFO:Epoch: 13450/20000 | Train Loss: 3.771e-01 | Dynamic Loss: 3.771e-01 | Regularization Loss: 1.730e-09 | Val Loss: 4.394e-01 | Time: 6.64s
2025-08-19 18:45:21,194:INFO:Epoch: 13500/20000 | Train Loss: 1.277e-01 | Dynamic Loss: 1.277e-01 | Regularization Loss: 1.599e-09 | Val Loss: 2.279e-01 | Time: 8.44s
2025-08-19 18:45:21,194:INFO:New best model found at epoch 13500 with validation loss 2.279e-01. Saving...
2025-08-19 18:45:28,325:INFO:Epoch: 13550/20000 | Train Loss: 1.272e-01 | Dynamic Loss: 1.272e-01 | Regularization Loss: 1.525e-09 | Val Loss: 2.282e-01 | Time: 7.12s
2025-08-19 18:45:39,026:INFO:Epoch: 13600/20000 | Train Loss: 1.335e-01 | Dynamic Loss: 1.335e-01 | Regularization Loss: 1.387e-09 | Val Loss: 2.303e-01 | Time: 10.70s
2025-08-19 18:45:45,997:INFO:Epoch: 13650/20000 | Train Loss: 1.254e-01 | Dynamic Loss: 1.254e-01 | Regularization Loss: 1.136e-09 | Val Loss: 2.254e-01 | Time: 6.97s
2025-08-19 18:45:45,997:INFO:New best model found at epoch 13650 with validation loss 2.254e-01. Saving...
2025-08-19 18:45:52,352:INFO:Epoch: 13700/20000 | Train Loss: 1.397e-01 | Dynamic Loss: 1.397e-01 | Regularization Loss: 1.051e-09 | Val Loss: 2.357e-01 | Time: 6.35s
2025-08-19 18:45:58,602:INFO:Epoch: 13750/20000 | Train Loss: 1.334e-01 | Dynamic Loss: 1.334e-01 | Regularization Loss: 8.647e-10 | Val Loss: 2.486e-01 | Time: 6.25s
2025-08-19 18:46:05,170:INFO:Epoch: 13800/20000 | Train Loss: 1.327e-01 | Dynamic Loss: 1.327e-01 | Regularization Loss: 8.729e-10 | Val Loss: 2.255e-01 | Time: 6.57s
2025-08-19 18:46:11,955:INFO:Epoch: 13850/20000 | Train Loss: 1.727e-01 | Dynamic Loss: 1.727e-01 | Regularization Loss: 6.706e-10 | Val Loss: 3.044e-01 | Time: 6.78s
2025-08-19 18:46:18,607:INFO:Epoch: 13900/20000 | Train Loss: 1.261e-01 | Dynamic Loss: 1.261e-01 | Regularization Loss: 6.380e-10 | Val Loss: 2.273e-01 | Time: 6.65s
2025-08-19 18:46:25,260:INFO:Epoch: 13950/20000 | Train Loss: 1.446e-01 | Dynamic Loss: 1.446e-01 | Regularization Loss: 5.927e-10 | Val Loss: 3.038e-01 | Time: 6.65s
2025-08-19 18:46:32,029:INFO:Epoch: 14000/20000 | Train Loss: 1.300e-01 | Dynamic Loss: 1.300e-01 | Regularization Loss: 4.955e-10 | Val Loss: 2.315e-01 | Time: 6.77s
2025-08-19 18:46:38,794:INFO:Epoch: 14050/20000 | Train Loss: 1.212e-01 | Dynamic Loss: 1.212e-01 | Regularization Loss: 5.125e-10 | Val Loss: 2.209e-01 | Time: 6.77s
2025-08-19 18:46:38,794:INFO:New best model found at epoch 14050 with validation loss 2.209e-01. Saving...
2025-08-19 18:46:45,488:INFO:Epoch: 14100/20000 | Train Loss: 5.521e-01 | Dynamic Loss: 5.521e-01 | Regularization Loss: 5.039e-10 | Val Loss: 6.635e-01 | Time: 6.68s
2025-08-19 18:46:51,920:INFO:Epoch: 14150/20000 | Train Loss: 2.728e-01 | Dynamic Loss: 2.728e-01 | Regularization Loss: 3.908e-10 | Val Loss: 3.455e-01 | Time: 6.43s
2025-08-19 18:46:58,332:INFO:Epoch: 14200/20000 | Train Loss: 1.216e-01 | Dynamic Loss: 1.216e-01 | Regularization Loss: 3.641e-10 | Val Loss: 2.222e-01 | Time: 6.41s
2025-08-19 18:47:05,137:INFO:Epoch: 14250/20000 | Train Loss: 1.656e-01 | Dynamic Loss: 1.656e-01 | Regularization Loss: 3.736e-10 | Val Loss: 2.493e-01 | Time: 6.80s
2025-08-19 18:47:11,778:INFO:Epoch: 14300/20000 | Train Loss: 1.208e-01 | Dynamic Loss: 1.208e-01 | Regularization Loss: 3.793e-10 | Val Loss: 2.185e-01 | Time: 6.64s
2025-08-19 18:47:11,778:INFO:New best model found at epoch 14300 with validation loss 2.185e-01. Saving...
2025-08-19 18:47:18,679:INFO:Epoch: 14350/20000 | Train Loss: 1.306e-01 | Dynamic Loss: 1.306e-01 | Regularization Loss: 2.790e-10 | Val Loss: 2.321e-01 | Time: 6.89s
2025-08-19 18:47:25,325:INFO:Epoch: 14400/20000 | Train Loss: 1.356e-01 | Dynamic Loss: 1.356e-01 | Regularization Loss: 2.686e-10 | Val Loss: 2.410e-01 | Time: 6.65s
2025-08-19 18:47:31,791:INFO:Epoch: 14450/20000 | Train Loss: 1.159e-01 | Dynamic Loss: 1.159e-01 | Regularization Loss: 2.692e-10 | Val Loss: 2.203e-01 | Time: 6.47s
2025-08-19 18:47:38,477:INFO:Epoch: 14500/20000 | Train Loss: 1.435e-01 | Dynamic Loss: 1.435e-01 | Regularization Loss: 2.698e-10 | Val Loss: 2.451e-01 | Time: 6.69s
2025-08-19 18:47:47,141:INFO:Epoch: 14550/20000 | Train Loss: 1.210e-01 | Dynamic Loss: 1.210e-01 | Regularization Loss: 2.037e-10 | Val Loss: 2.269e-01 | Time: 8.66s
2025-08-19 18:47:53,303:INFO:Epoch: 14600/20000 | Train Loss: 1.151e-01 | Dynamic Loss: 1.151e-01 | Regularization Loss: 1.796e-10 | Val Loss: 2.180e-01 | Time: 6.16s
2025-08-19 18:47:53,303:INFO:New best model found at epoch 14600 with validation loss 2.180e-01. Saving...
2025-08-19 18:47:59,880:INFO:Epoch: 14650/20000 | Train Loss: 1.125e-01 | Dynamic Loss: 1.125e-01 | Regularization Loss: 1.784e-10 | Val Loss: 2.151e-01 | Time: 6.57s
2025-08-19 18:47:59,880:INFO:New best model found at epoch 14650 with validation loss 2.151e-01. Saving...
2025-08-19 18:48:06,245:INFO:Epoch: 14700/20000 | Train Loss: 1.408e-01 | Dynamic Loss: 1.408e-01 | Regularization Loss: 1.621e-10 | Val Loss: 2.379e-01 | Time: 6.36s
2025-08-19 18:48:12,630:INFO:Epoch: 14750/20000 | Train Loss: 1.128e-01 | Dynamic Loss: 1.128e-01 | Regularization Loss: 1.468e-10 | Val Loss: 2.157e-01 | Time: 6.38s
2025-08-19 18:48:19,515:INFO:Epoch: 14800/20000 | Train Loss: 1.095e-01 | Dynamic Loss: 1.095e-01 | Regularization Loss: 1.401e-10 | Val Loss: 2.147e-01 | Time: 6.88s
2025-08-19 18:48:19,515:INFO:New best model found at epoch 14800 with validation loss 2.147e-01. Saving...
2025-08-19 18:48:26,072:INFO:Epoch: 14850/20000 | Train Loss: 1.239e-01 | Dynamic Loss: 1.239e-01 | Regularization Loss: 1.267e-10 | Val Loss: 2.339e-01 | Time: 6.55s
2025-08-19 18:48:32,491:INFO:Epoch: 14900/20000 | Train Loss: 1.375e-01 | Dynamic Loss: 1.375e-01 | Regularization Loss: 1.225e-10 | Val Loss: 2.390e-01 | Time: 6.42s
2025-08-19 18:48:39,009:INFO:Epoch: 14950/20000 | Train Loss: 1.077e-01 | Dynamic Loss: 1.077e-01 | Regularization Loss: 1.104e-10 | Val Loss: 2.091e-01 | Time: 6.52s
2025-08-19 18:48:39,010:INFO:New best model found at epoch 14950 with validation loss 2.091e-01. Saving...
2025-08-19 18:48:52,662:INFO:Epoch: 15000/20000 | Train Loss: 1.737e-01 | Dynamic Loss: 1.737e-01 | Regularization Loss: 1.025e-10 | Val Loss: 2.475e-01 | Time: 13.64s
2025-08-19 18:48:59,334:INFO:Epoch: 15050/20000 | Train Loss: 1.092e-01 | Dynamic Loss: 1.092e-01 | Regularization Loss: 1.009e-10 | Val Loss: 2.102e-01 | Time: 6.67s
2025-08-19 18:49:06,146:INFO:Epoch: 15100/20000 | Train Loss: 1.132e-01 | Dynamic Loss: 1.132e-01 | Regularization Loss: 9.605e-11 | Val Loss: 2.145e-01 | Time: 6.81s
2025-08-19 18:49:12,759:INFO:Epoch: 15150/20000 | Train Loss: 1.043e-01 | Dynamic Loss: 1.043e-01 | Regularization Loss: 9.000e-11 | Val Loss: 2.444e-01 | Time: 6.61s
2025-08-19 18:49:19,261:INFO:Epoch: 15200/20000 | Train Loss: 1.377e-01 | Dynamic Loss: 1.377e-01 | Regularization Loss: 8.648e-11 | Val Loss: 2.424e-01 | Time: 6.50s
2025-08-19 18:49:26,145:INFO:Epoch: 15250/20000 | Train Loss: 1.039e-01 | Dynamic Loss: 1.039e-01 | Regularization Loss: 7.113e-11 | Val Loss: 2.088e-01 | Time: 6.88s
2025-08-19 18:49:26,146:INFO:New best model found at epoch 15250 with validation loss 2.088e-01. Saving...
2025-08-19 18:49:32,519:INFO:Epoch: 15300/20000 | Train Loss: 1.038e-01 | Dynamic Loss: 1.038e-01 | Regularization Loss: 6.357e-11 | Val Loss: 2.098e-01 | Time: 6.36s
2025-08-19 18:49:39,096:INFO:Epoch: 15350/20000 | Train Loss: 1.053e-01 | Dynamic Loss: 1.053e-01 | Regularization Loss: 6.185e-11 | Val Loss: 2.096e-01 | Time: 6.58s
2025-08-19 18:49:45,474:INFO:Epoch: 15400/20000 | Train Loss: 9.969e-02 | Dynamic Loss: 9.969e-02 | Regularization Loss: 6.052e-11 | Val Loss: 2.533e-01 | Time: 6.38s
2025-08-19 18:49:52,047:INFO:Epoch: 15450/20000 | Train Loss: 9.917e-02 | Dynamic Loss: 9.917e-02 | Regularization Loss: 5.409e-11 | Val Loss: 2.043e-01 | Time: 6.57s
2025-08-19 18:49:52,047:INFO:New best model found at epoch 15450 with validation loss 2.043e-01. Saving...
2025-08-19 18:49:58,314:INFO:Epoch: 15500/20000 | Train Loss: 1.022e-01 | Dynamic Loss: 1.022e-01 | Regularization Loss: 4.821e-11 | Val Loss: 2.067e-01 | Time: 6.26s
2025-08-19 18:50:04,475:INFO:Epoch: 15550/20000 | Train Loss: 9.595e-01 | Dynamic Loss: 9.595e-01 | Regularization Loss: 4.314e-11 | Val Loss: 9.985e-01 | Time: 6.16s
2025-08-19 18:50:10,999:INFO:Epoch: 15600/20000 | Train Loss: 1.012e-01 | Dynamic Loss: 1.012e-01 | Regularization Loss: 3.377e-11 | Val Loss: 2.083e-01 | Time: 6.52s
2025-08-19 18:50:17,574:INFO:Epoch: 15650/20000 | Train Loss: 1.027e-01 | Dynamic Loss: 1.027e-01 | Regularization Loss: 2.876e-11 | Val Loss: 2.099e-01 | Time: 6.57s
2025-08-19 18:50:24,211:INFO:Epoch: 15700/20000 | Train Loss: 1.012e-01 | Dynamic Loss: 1.012e-01 | Regularization Loss: 2.534e-11 | Val Loss: 2.076e-01 | Time: 6.64s
2025-08-19 18:50:31,195:INFO:Epoch: 15750/20000 | Train Loss: 9.525e-02 | Dynamic Loss: 9.525e-02 | Regularization Loss: 2.519e-11 | Val Loss: 2.015e-01 | Time: 6.98s
2025-08-19 18:50:31,195:INFO:New best model found at epoch 15750 with validation loss 2.015e-01. Saving...
2025-08-19 18:50:37,724:INFO:Epoch: 15800/20000 | Train Loss: 1.449e-01 | Dynamic Loss: 1.449e-01 | Regularization Loss: 2.513e-11 | Val Loss: 2.355e-01 | Time: 6.52s
2025-08-19 18:50:44,193:INFO:Epoch: 15850/20000 | Train Loss: 1.275e-01 | Dynamic Loss: 1.275e-01 | Regularization Loss: 1.561e-11 | Val Loss: 2.306e-01 | Time: 6.47s
2025-08-19 18:50:51,107:INFO:Epoch: 15900/20000 | Train Loss: 9.812e-02 | Dynamic Loss: 9.812e-02 | Regularization Loss: 1.505e-11 | Val Loss: 2.064e-01 | Time: 6.91s
2025-08-19 18:50:57,870:INFO:Epoch: 15950/20000 | Train Loss: 9.368e-02 | Dynamic Loss: 9.368e-02 | Regularization Loss: 1.526e-11 | Val Loss: 2.019e-01 | Time: 6.76s
2025-08-19 18:51:04,742:INFO:Epoch: 16000/20000 | Train Loss: 9.350e-02 | Dynamic Loss: 9.350e-02 | Regularization Loss: 1.535e-11 | Val Loss: 2.017e-01 | Time: 6.87s
2025-08-19 18:51:11,577:INFO:Epoch: 16050/20000 | Train Loss: 1.477e-01 | Dynamic Loss: 1.477e-01 | Regularization Loss: 1.518e-11 | Val Loss: 2.694e-01 | Time: 6.83s
2025-08-19 18:51:18,625:INFO:Epoch: 16100/20000 | Train Loss: 9.715e-02 | Dynamic Loss: 9.715e-02 | Regularization Loss: 1.104e-11 | Val Loss: 2.080e-01 | Time: 7.05s
2025-08-19 18:51:25,397:INFO:Epoch: 16150/20000 | Train Loss: 8.920e-02 | Dynamic Loss: 8.920e-02 | Regularization Loss: 1.073e-11 | Val Loss: 1.988e-01 | Time: 6.77s
2025-08-19 18:51:25,397:INFO:New best model found at epoch 16150 with validation loss 1.988e-01. Saving...
2025-08-19 18:51:33,095:INFO:Epoch: 16200/20000 | Train Loss: 8.772e-02 | Dynamic Loss: 8.772e-02 | Regularization Loss: 1.030e-11 | Val Loss: 1.971e-01 | Time: 7.69s
2025-08-19 18:51:33,095:INFO:New best model found at epoch 16200 with validation loss 1.971e-01. Saving...
2025-08-19 18:51:39,552:INFO:Epoch: 16250/20000 | Train Loss: 1.457e-01 | Dynamic Loss: 1.457e-01 | Regularization Loss: 9.390e-12 | Val Loss: 2.389e-01 | Time: 6.45s
2025-08-19 18:51:46,196:INFO:Epoch: 16300/20000 | Train Loss: 8.601e-02 | Dynamic Loss: 8.601e-02 | Regularization Loss: 8.633e-12 | Val Loss: 1.945e-01 | Time: 6.64s
2025-08-19 18:51:46,196:INFO:New best model found at epoch 16300 with validation loss 1.945e-01. Saving...
2025-08-19 18:51:52,857:INFO:Epoch: 16350/20000 | Train Loss: 1.267e-01 | Dynamic Loss: 1.267e-01 | Regularization Loss: 8.195e-12 | Val Loss: 2.206e-01 | Time: 6.65s
2025-08-19 18:51:59,663:INFO:Epoch: 16400/20000 | Train Loss: 9.714e-02 | Dynamic Loss: 9.714e-02 | Regularization Loss: 6.808e-12 | Val Loss: 2.094e-01 | Time: 6.81s
2025-08-19 18:52:06,517:INFO:Epoch: 16450/20000 | Train Loss: 8.520e-02 | Dynamic Loss: 8.520e-02 | Regularization Loss: 6.203e-12 | Val Loss: 1.944e-01 | Time: 6.85s
2025-08-19 18:52:06,517:INFO:New best model found at epoch 16450 with validation loss 1.944e-01. Saving...
2025-08-19 18:52:13,012:INFO:Epoch: 16500/20000 | Train Loss: 8.608e-02 | Dynamic Loss: 8.608e-02 | Regularization Loss: 5.781e-12 | Val Loss: 1.947e-01 | Time: 6.49s
2025-08-19 18:52:19,602:INFO:Epoch: 16550/20000 | Train Loss: 8.405e-02 | Dynamic Loss: 8.405e-02 | Regularization Loss: 4.903e-12 | Val Loss: 1.936e-01 | Time: 6.59s
2025-08-19 18:52:19,603:INFO:New best model found at epoch 16550 with validation loss 1.936e-01. Saving...
2025-08-19 18:52:26,048:INFO:Epoch: 16600/20000 | Train Loss: 8.180e-02 | Dynamic Loss: 8.180e-02 | Regularization Loss: 4.674e-12 | Val Loss: 1.921e-01 | Time: 6.44s
2025-08-19 18:52:26,048:INFO:New best model found at epoch 16600 with validation loss 1.921e-01. Saving...
2025-08-19 18:52:32,369:INFO:Epoch: 16650/20000 | Train Loss: 8.642e-02 | Dynamic Loss: 8.642e-02 | Regularization Loss: 3.966e-12 | Val Loss: 1.959e-01 | Time: 6.31s
2025-08-19 18:52:38,744:INFO:Epoch: 16700/20000 | Train Loss: 8.227e-02 | Dynamic Loss: 8.227e-02 | Regularization Loss: 4.020e-12 | Val Loss: 1.920e-01 | Time: 6.37s
2025-08-19 18:52:38,744:INFO:New best model found at epoch 16700 with validation loss 1.920e-01. Saving...
2025-08-19 18:52:45,051:INFO:Epoch: 16750/20000 | Train Loss: 8.087e-02 | Dynamic Loss: 8.087e-02 | Regularization Loss: 3.812e-12 | Val Loss: 1.909e-01 | Time: 6.30s
2025-08-19 18:52:45,052:INFO:New best model found at epoch 16750 with validation loss 1.909e-01. Saving...
2025-08-19 18:52:51,724:INFO:Epoch: 16800/20000 | Train Loss: 5.297e-01 | Dynamic Loss: 5.297e-01 | Regularization Loss: 3.173e-12 | Val Loss: 6.219e-01 | Time: 6.66s
2025-08-19 18:52:58,280:INFO:Epoch: 16850/20000 | Train Loss: 8.454e-02 | Dynamic Loss: 8.454e-02 | Regularization Loss: 2.816e-12 | Val Loss: 1.919e-01 | Time: 6.56s
2025-08-19 18:53:04,735:INFO:Epoch: 16900/20000 | Train Loss: 7.930e-02 | Dynamic Loss: 7.930e-02 | Regularization Loss: 2.494e-12 | Val Loss: 1.880e-01 | Time: 6.45s
2025-08-19 18:53:04,735:INFO:New best model found at epoch 16900 with validation loss 1.880e-01. Saving...
2025-08-19 18:53:11,320:INFO:Epoch: 16950/20000 | Train Loss: 1.002e-01 | Dynamic Loss: 1.002e-01 | Regularization Loss: 2.121e-12 | Val Loss: 2.161e-01 | Time: 6.58s
2025-08-19 18:53:17,996:INFO:Epoch: 17000/20000 | Train Loss: 8.240e-02 | Dynamic Loss: 8.240e-02 | Regularization Loss: 1.723e-12 | Val Loss: 1.931e-01 | Time: 6.68s
2025-08-19 18:53:24,767:INFO:Epoch: 17050/20000 | Train Loss: 8.043e-02 | Dynamic Loss: 8.043e-02 | Regularization Loss: 1.653e-12 | Val Loss: 1.905e-01 | Time: 6.77s
2025-08-19 18:53:31,276:INFO:Epoch: 17100/20000 | Train Loss: 7.974e-02 | Dynamic Loss: 7.974e-02 | Regularization Loss: 1.560e-12 | Val Loss: 1.908e-01 | Time: 6.51s
2025-08-19 18:53:37,679:INFO:Epoch: 17150/20000 | Train Loss: 7.757e-02 | Dynamic Loss: 7.757e-02 | Regularization Loss: 1.457e-12 | Val Loss: 1.891e-01 | Time: 6.40s
2025-08-19 18:53:44,751:INFO:Epoch: 17200/20000 | Train Loss: 1.757e+00 | Dynamic Loss: 1.757e+00 | Regularization Loss: 1.346e-12 | Val Loss: 2.039e+00 | Time: 7.07s
2025-08-19 18:53:57,555:INFO:Epoch: 17250/20000 | Train Loss: 8.802e-02 | Dynamic Loss: 8.802e-02 | Regularization Loss: 1.901e-12 | Val Loss: 2.010e-01 | Time: 12.80s
2025-08-19 18:54:04,031:INFO:Epoch: 17300/20000 | Train Loss: 7.854e-02 | Dynamic Loss: 7.854e-02 | Regularization Loss: 1.806e-12 | Val Loss: 1.890e-01 | Time: 6.48s
2025-08-19 18:54:10,665:INFO:Epoch: 17350/20000 | Train Loss: 1.859e+00 | Dynamic Loss: 1.859e+00 | Regularization Loss: 1.774e-12 | Val Loss: 2.120e+00 | Time: 6.63s
2025-08-19 18:54:23,725:INFO:Epoch: 17400/20000 | Train Loss: 9.298e-02 | Dynamic Loss: 9.298e-02 | Regularization Loss: 1.962e-12 | Val Loss: 2.053e-01 | Time: 13.06s
2025-08-19 18:54:30,437:INFO:Epoch: 17450/20000 | Train Loss: 3.186e-01 | Dynamic Loss: 3.186e-01 | Regularization Loss: 1.620e-12 | Val Loss: 4.913e-01 | Time: 6.71s
2025-08-19 18:54:36,966:INFO:Epoch: 17500/20000 | Train Loss: 8.003e-02 | Dynamic Loss: 8.003e-02 | Regularization Loss: 1.456e-12 | Val Loss: 1.941e-01 | Time: 6.53s
2025-08-19 18:54:45,873:INFO:Epoch: 17550/20000 | Train Loss: 7.626e-02 | Dynamic Loss: 7.626e-02 | Regularization Loss: 1.371e-12 | Val Loss: 1.885e-01 | Time: 8.91s
2025-08-19 18:54:52,230:INFO:Epoch: 17600/20000 | Train Loss: 1.335e-01 | Dynamic Loss: 1.335e-01 | Regularization Loss: 1.281e-12 | Val Loss: 2.300e-01 | Time: 6.36s
2025-08-19 18:54:59,040:INFO:Epoch: 17650/20000 | Train Loss: 7.339e-02 | Dynamic Loss: 7.339e-02 | Regularization Loss: 1.179e-12 | Val Loss: 1.842e-01 | Time: 6.81s
2025-08-19 18:54:59,040:INFO:New best model found at epoch 17650 with validation loss 1.842e-01. Saving...
2025-08-19 18:55:06,155:INFO:Epoch: 17700/20000 | Train Loss: 7.220e-02 | Dynamic Loss: 7.220e-02 | Regularization Loss: 1.111e-12 | Val Loss: 1.838e-01 | Time: 7.11s
2025-08-19 18:55:06,155:INFO:New best model found at epoch 17700 with validation loss 1.838e-01. Saving...
2025-08-19 18:55:12,635:INFO:Epoch: 17750/20000 | Train Loss: 7.219e-02 | Dynamic Loss: 7.219e-02 | Regularization Loss: 9.430e-13 | Val Loss: 1.823e-01 | Time: 6.47s
2025-08-19 18:55:12,635:INFO:New best model found at epoch 17750 with validation loss 1.823e-01. Saving...
2025-08-19 18:55:18,915:INFO:Epoch: 17800/20000 | Train Loss: 7.147e-02 | Dynamic Loss: 7.147e-02 | Regularization Loss: 8.718e-13 | Val Loss: 1.822e-01 | Time: 6.27s
2025-08-19 18:55:18,915:INFO:New best model found at epoch 17800 with validation loss 1.822e-01. Saving...
2025-08-19 18:55:28,416:INFO:Epoch: 17850/20000 | Train Loss: 7.013e-02 | Dynamic Loss: 7.013e-02 | Regularization Loss: 8.102e-13 | Val Loss: 1.823e-01 | Time: 9.49s
2025-08-19 18:55:34,948:INFO:Epoch: 17900/20000 | Train Loss: 1.058e-01 | Dynamic Loss: 1.058e-01 | Regularization Loss: 6.885e-13 | Val Loss: 2.277e-01 | Time: 6.53s
2025-08-19 18:55:41,552:INFO:Epoch: 17950/20000 | Train Loss: 5.959e-01 | Dynamic Loss: 5.959e-01 | Regularization Loss: 5.863e-13 | Val Loss: 1.415e+00 | Time: 6.60s
2025-08-19 18:55:55,288:INFO:Epoch: 18000/20000 | Train Loss: 2.563e-01 | Dynamic Loss: 2.563e-01 | Regularization Loss: 6.510e-13 | Val Loss: 3.759e-01 | Time: 13.74s
2025-08-19 18:56:02,124:INFO:Epoch: 18050/20000 | Train Loss: 1.037e-01 | Dynamic Loss: 1.037e-01 | Regularization Loss: 6.919e-13 | Val Loss: 2.174e-01 | Time: 6.84s
2025-08-19 18:56:09,096:INFO:Epoch: 18100/20000 | Train Loss: 9.099e-02 | Dynamic Loss: 9.099e-02 | Regularization Loss: 7.037e-13 | Val Loss: 2.030e-01 | Time: 6.97s
2025-08-19 18:56:22,502:INFO:Epoch: 18150/20000 | Train Loss: 8.506e-02 | Dynamic Loss: 8.506e-02 | Regularization Loss: 7.019e-13 | Val Loss: 1.964e-01 | Time: 13.41s
2025-08-19 18:56:28,957:INFO:Epoch: 18200/20000 | Train Loss: 8.127e-02 | Dynamic Loss: 8.127e-02 | Regularization Loss: 6.802e-13 | Val Loss: 1.925e-01 | Time: 6.45s
2025-08-19 18:56:35,284:INFO:Epoch: 18250/20000 | Train Loss: 2.248e-01 | Dynamic Loss: 2.248e-01 | Regularization Loss: 6.656e-13 | Val Loss: 1.052e+00 | Time: 6.33s
2025-08-19 18:56:47,608:INFO:Epoch: 18300/20000 | Train Loss: 8.133e-02 | Dynamic Loss: 8.133e-02 | Regularization Loss: 6.069e-13 | Val Loss: 1.977e-01 | Time: 12.32s
2025-08-19 18:56:54,023:INFO:Epoch: 18350/20000 | Train Loss: 7.654e-02 | Dynamic Loss: 7.654e-02 | Regularization Loss: 5.957e-13 | Val Loss: 1.887e-01 | Time: 6.42s
2025-08-19 18:57:00,470:INFO:Epoch: 18400/20000 | Train Loss: 7.464e-02 | Dynamic Loss: 7.464e-02 | Regularization Loss: 5.463e-13 | Val Loss: 1.860e-01 | Time: 6.45s
2025-08-19 18:57:08,666:INFO:Epoch: 18450/20000 | Train Loss: 7.293e-02 | Dynamic Loss: 7.293e-02 | Regularization Loss: 5.191e-13 | Val Loss: 1.841e-01 | Time: 8.20s
2025-08-19 18:57:15,118:INFO:Epoch: 18500/20000 | Train Loss: 9.064e-02 | Dynamic Loss: 9.064e-02 | Regularization Loss: 5.728e-13 | Val Loss: 1.934e-01 | Time: 6.45s
2025-08-19 18:57:21,478:INFO:Epoch: 18550/20000 | Train Loss: 7.249e-02 | Dynamic Loss: 7.249e-02 | Regularization Loss: 5.392e-13 | Val Loss: 1.813e-01 | Time: 6.36s
2025-08-19 18:57:21,479:INFO:New best model found at epoch 18550 with validation loss 1.813e-01. Saving...
2025-08-19 18:57:31,022:INFO:Epoch: 18600/20000 | Train Loss: 7.080e-02 | Dynamic Loss: 7.080e-02 | Regularization Loss: 5.091e-13 | Val Loss: 1.806e-01 | Time: 9.53s
2025-08-19 18:57:31,022:INFO:New best model found at epoch 18600 with validation loss 1.806e-01. Saving...
2025-08-19 18:57:37,284:INFO:Epoch: 18650/20000 | Train Loss: 7.045e-02 | Dynamic Loss: 7.045e-02 | Regularization Loss: 4.779e-13 | Val Loss: 1.809e-01 | Time: 6.25s
2025-08-19 18:57:43,935:INFO:Epoch: 18700/20000 | Train Loss: 7.139e-02 | Dynamic Loss: 7.139e-02 | Regularization Loss: 3.802e-13 | Val Loss: 1.790e-01 | Time: 6.65s
2025-08-19 18:57:43,935:INFO:New best model found at epoch 18700 with validation loss 1.790e-01. Saving...
2025-08-19 18:57:53,878:INFO:Epoch: 18750/20000 | Train Loss: 6.810e-02 | Dynamic Loss: 6.810e-02 | Regularization Loss: 3.530e-13 | Val Loss: 1.794e-01 | Time: 9.93s
2025-08-19 18:58:00,447:INFO:Epoch: 18800/20000 | Train Loss: 6.763e-02 | Dynamic Loss: 6.763e-02 | Regularization Loss: 3.040e-13 | Val Loss: 1.794e-01 | Time: 6.57s
2025-08-19 18:58:07,154:INFO:Epoch: 18850/20000 | Train Loss: 1.055e-01 | Dynamic Loss: 1.055e-01 | Regularization Loss: 3.455e-13 | Val Loss: 2.292e-01 | Time: 6.71s
2025-08-19 18:58:20,743:INFO:Epoch: 18900/20000 | Train Loss: 7.257e-02 | Dynamic Loss: 7.257e-02 | Regularization Loss: 3.351e-13 | Val Loss: 1.845e-01 | Time: 13.59s
2025-08-19 18:58:27,149:INFO:Epoch: 18950/20000 | Train Loss: 6.932e-02 | Dynamic Loss: 6.932e-02 | Regularization Loss: 3.224e-13 | Val Loss: 1.799e-01 | Time: 6.41s
2025-08-19 18:58:33,759:INFO:Epoch: 19000/20000 | Train Loss: 6.725e-02 | Dynamic Loss: 6.725e-02 | Regularization Loss: 3.092e-13 | Val Loss: 1.782e-01 | Time: 6.61s
2025-08-19 18:58:33,759:INFO:New best model found at epoch 19000 with validation loss 1.782e-01. Saving...
2025-08-19 18:58:40,173:INFO:Epoch: 19050/20000 | Train Loss: 7.878e-02 | Dynamic Loss: 7.878e-02 | Regularization Loss: 2.750e-13 | Val Loss: 1.829e-01 | Time: 6.41s
2025-08-19 18:58:46,857:INFO:Epoch: 19100/20000 | Train Loss: 6.845e-02 | Dynamic Loss: 6.845e-02 | Regularization Loss: 2.675e-13 | Val Loss: 1.761e-01 | Time: 6.68s
2025-08-19 18:58:46,857:INFO:New best model found at epoch 19100 with validation loss 1.761e-01. Saving...
2025-08-19 18:58:53,468:INFO:Epoch: 19150/20000 | Train Loss: 6.635e-02 | Dynamic Loss: 6.635e-02 | Regularization Loss: 2.596e-13 | Val Loss: 1.747e-01 | Time: 6.60s
2025-08-19 18:58:53,468:INFO:New best model found at epoch 19150 with validation loss 1.747e-01. Saving...
2025-08-19 18:59:02,068:INFO:Epoch: 19200/20000 | Train Loss: 6.525e-02 | Dynamic Loss: 6.525e-02 | Regularization Loss: 2.504e-13 | Val Loss: 1.742e-01 | Time: 8.59s
2025-08-19 18:59:02,068:INFO:New best model found at epoch 19200 with validation loss 1.742e-01. Saving...
2025-08-19 18:59:08,681:INFO:Epoch: 19250/20000 | Train Loss: 6.544e-02 | Dynamic Loss: 6.544e-02 | Regularization Loss: 2.377e-13 | Val Loss: 1.745e-01 | Time: 6.60s
2025-08-19 18:59:15,689:INFO:Epoch: 19300/20000 | Train Loss: 6.390e-02 | Dynamic Loss: 6.390e-02 | Regularization Loss: 2.213e-13 | Val Loss: 1.742e-01 | Time: 7.01s
2025-08-19 18:59:15,689:INFO:New best model found at epoch 19300 with validation loss 1.742e-01. Saving...
2025-08-19 18:59:22,070:INFO:Epoch: 19350/20000 | Train Loss: 6.319e-02 | Dynamic Loss: 6.319e-02 | Regularization Loss: 2.076e-13 | Val Loss: 1.748e-01 | Time: 6.37s
2025-08-19 18:59:28,379:INFO:Epoch: 19400/20000 | Train Loss: 6.285e-02 | Dynamic Loss: 6.285e-02 | Regularization Loss: 1.929e-13 | Val Loss: 1.757e-01 | Time: 6.31s
2025-08-19 18:59:36,214:INFO:Epoch: 19450/20000 | Train Loss: 7.560e-02 | Dynamic Loss: 7.560e-02 | Regularization Loss: 1.748e-13 | Val Loss: 1.854e-01 | Time: 7.83s
2025-08-19 18:59:42,737:INFO:Epoch: 19500/20000 | Train Loss: 6.336e-02 | Dynamic Loss: 6.336e-02 | Regularization Loss: 1.596e-13 | Val Loss: 1.733e-01 | Time: 6.52s
2025-08-19 18:59:42,738:INFO:New best model found at epoch 19500 with validation loss 1.733e-01. Saving...
2025-08-19 18:59:49,509:INFO:Epoch: 19550/20000 | Train Loss: 6.155e-02 | Dynamic Loss: 6.155e-02 | Regularization Loss: 1.482e-13 | Val Loss: 1.722e-01 | Time: 6.76s
2025-08-19 18:59:49,509:INFO:New best model found at epoch 19550 with validation loss 1.722e-01. Saving...
2025-08-19 18:59:57,624:INFO:Epoch: 19600/20000 | Train Loss: 6.570e-02 | Dynamic Loss: 6.570e-02 | Regularization Loss: 1.369e-13 | Val Loss: 1.765e-01 | Time: 8.11s
2025-08-19 19:00:04,398:INFO:Epoch: 19650/20000 | Train Loss: 6.047e-02 | Dynamic Loss: 6.047e-02 | Regularization Loss: 1.257e-13 | Val Loss: 1.719e-01 | Time: 6.77s
2025-08-19 19:00:04,399:INFO:New best model found at epoch 19650 with validation loss 1.719e-01. Saving...
2025-08-19 19:00:11,019:INFO:Epoch: 19700/20000 | Train Loss: 6.508e-01 | Dynamic Loss: 6.508e-01 | Regularization Loss: 1.235e-13 | Val Loss: 6.505e-01 | Time: 6.61s
2025-08-19 19:00:24,921:INFO:Epoch: 19750/20000 | Train Loss: 6.168e-01 | Dynamic Loss: 6.168e-01 | Regularization Loss: 1.087e-13 | Val Loss: 1.218e+00 | Time: 13.90s
2025-08-19 19:00:31,675:INFO:Epoch: 19800/20000 | Train Loss: 7.261e-02 | Dynamic Loss: 7.261e-02 | Regularization Loss: 9.327e-14 | Val Loss: 1.908e-01 | Time: 6.75s
2025-08-19 19:00:38,598:INFO:Epoch: 19850/20000 | Train Loss: 6.703e-02 | Dynamic Loss: 6.703e-02 | Regularization Loss: 8.272e-14 | Val Loss: 1.807e-01 | Time: 6.92s
2025-08-19 19:00:51,473:INFO:Epoch: 19900/20000 | Train Loss: 6.242e-02 | Dynamic Loss: 6.242e-02 | Regularization Loss: 7.550e-14 | Val Loss: 1.768e-01 | Time: 12.88s
2025-08-19 19:00:58,517:INFO:Epoch: 19950/20000 | Train Loss: 6.115e-02 | Dynamic Loss: 6.115e-02 | Regularization Loss: 6.839e-14 | Val Loss: 1.751e-01 | Time: 7.04s
2025-08-19 19:01:05,232:INFO:Epoch: 20000/20000 | Train Loss: 6.024e-02 | Dynamic Loss: 6.024e-02 | Regularization Loss: 6.284e-14 | Val Loss: 1.748e-01 | Time: 6.72s
