2025-08-18 17:05:00,316:INFO:Created DataLoaders with 5994 training samples and 1998 validation samples.
2025-08-18 17:05:02,613:INFO:model params: 526849
2025-08-18 17:05:06,839:INFO:Epoch: 0/20000 | Train Loss: 2.476e+00 | Dynamic Loss: 1.612e+00 | Regularization Loss: 8.646e-01 | Val Loss: 9.830e-01 | Time: 4.23s
2025-08-18 17:05:06,839:INFO:New best model found at epoch 0 with validation loss 9.830e-01. Saving...
2025-08-18 17:05:12,347:INFO:Epoch: 50/20000 | Train Loss: 7.380e-01 | Dynamic Loss: 7.305e-01 | Regularization Loss: 7.557e-03 | Val Loss: 7.312e-01 | Time: 5.49s
2025-08-18 17:05:12,347:INFO:New best model found at epoch 50 with validation loss 7.312e-01. Saving...
2025-08-18 17:05:17,759:INFO:Epoch: 100/20000 | Train Loss: 6.788e-01 | Dynamic Loss: 6.758e-01 | Regularization Loss: 3.086e-03 | Val Loss: 6.840e-01 | Time: 5.40s
2025-08-18 17:05:17,760:INFO:New best model found at epoch 100 with validation loss 6.840e-01. Saving...
2025-08-18 17:05:23,184:INFO:Epoch: 150/20000 | Train Loss: 6.306e-01 | Dynamic Loss: 6.288e-01 | Regularization Loss: 1.741e-03 | Val Loss: 6.386e-01 | Time: 5.41s
2025-08-18 17:05:23,184:INFO:New best model found at epoch 150 with validation loss 6.386e-01. Saving...
2025-08-18 17:05:30,433:INFO:Epoch: 200/20000 | Train Loss: 5.915e-01 | Dynamic Loss: 5.904e-01 | Regularization Loss: 1.140e-03 | Val Loss: 6.045e-01 | Time: 7.24s
2025-08-18 17:05:30,433:INFO:New best model found at epoch 200 with validation loss 6.045e-01. Saving...
2025-08-18 17:05:36,002:INFO:Epoch: 250/20000 | Train Loss: 5.503e-01 | Dynamic Loss: 5.495e-01 | Regularization Loss: 8.127e-04 | Val Loss: 5.633e-01 | Time: 5.56s
2025-08-18 17:05:36,004:INFO:New best model found at epoch 250 with validation loss 5.633e-01. Saving...
2025-08-18 17:05:41,602:INFO:Epoch: 300/20000 | Train Loss: 5.166e-01 | Dynamic Loss: 5.160e-01 | Regularization Loss: 6.119e-04 | Val Loss: 5.315e-01 | Time: 5.59s
2025-08-18 17:05:41,602:INFO:New best model found at epoch 300 with validation loss 5.315e-01. Saving...
2025-08-18 17:05:47,232:INFO:Epoch: 350/20000 | Train Loss: 5.036e-01 | Dynamic Loss: 5.031e-01 | Regularization Loss: 4.785e-04 | Val Loss: 5.080e-01 | Time: 5.62s
2025-08-18 17:05:47,232:INFO:New best model found at epoch 350 with validation loss 5.080e-01. Saving...
2025-08-18 17:05:52,865:INFO:Epoch: 400/20000 | Train Loss: 4.599e-01 | Dynamic Loss: 4.596e-01 | Regularization Loss: 3.847e-04 | Val Loss: 4.779e-01 | Time: 5.62s
2025-08-18 17:05:52,865:INFO:New best model found at epoch 400 with validation loss 4.779e-01. Saving...
2025-08-18 17:05:58,499:INFO:Epoch: 450/20000 | Train Loss: 4.265e-01 | Dynamic Loss: 4.262e-01 | Regularization Loss: 3.158e-04 | Val Loss: 4.456e-01 | Time: 5.62s
2025-08-18 17:05:58,499:INFO:New best model found at epoch 450 with validation loss 4.456e-01. Saving...
2025-08-18 17:06:04,118:INFO:Epoch: 500/20000 | Train Loss: 3.974e-01 | Dynamic Loss: 3.971e-01 | Regularization Loss: 2.634e-04 | Val Loss: 4.182e-01 | Time: 5.61s
2025-08-18 17:06:04,118:INFO:New best model found at epoch 500 with validation loss 4.182e-01. Saving...
2025-08-18 17:06:16,039:INFO:Epoch: 550/20000 | Train Loss: 3.723e-01 | Dynamic Loss: 3.721e-01 | Regularization Loss: 2.226e-04 | Val Loss: 3.924e-01 | Time: 11.91s
2025-08-18 17:06:16,040:INFO:New best model found at epoch 550 with validation loss 3.924e-01. Saving...
2025-08-18 17:06:21,648:INFO:Epoch: 600/20000 | Train Loss: 3.488e-01 | Dynamic Loss: 3.486e-01 | Regularization Loss: 1.901e-04 | Val Loss: 3.703e-01 | Time: 5.60s
2025-08-18 17:06:21,648:INFO:New best model found at epoch 600 with validation loss 3.703e-01. Saving...
2025-08-18 17:06:27,315:INFO:Epoch: 650/20000 | Train Loss: 3.347e-01 | Dynamic Loss: 3.345e-01 | Regularization Loss: 1.637e-04 | Val Loss: 3.541e-01 | Time: 5.66s
2025-08-18 17:06:27,315:INFO:New best model found at epoch 650 with validation loss 3.541e-01. Saving...
2025-08-18 17:06:32,981:INFO:Epoch: 700/20000 | Train Loss: 3.082e-01 | Dynamic Loss: 3.081e-01 | Regularization Loss: 1.420e-04 | Val Loss: 3.321e-01 | Time: 5.66s
2025-08-18 17:06:32,981:INFO:New best model found at epoch 700 with validation loss 3.321e-01. Saving...
2025-08-18 17:06:38,697:INFO:Epoch: 750/20000 | Train Loss: 2.888e-01 | Dynamic Loss: 2.887e-01 | Regularization Loss: 1.240e-04 | Val Loss: 3.121e-01 | Time: 5.71s
2025-08-18 17:06:38,697:INFO:New best model found at epoch 750 with validation loss 3.121e-01. Saving...
2025-08-18 17:06:44,337:INFO:Epoch: 800/20000 | Train Loss: 4.141e-01 | Dynamic Loss: 4.140e-01 | Regularization Loss: 1.088e-04 | Val Loss: 3.480e-01 | Time: 5.63s
2025-08-18 17:06:50,741:INFO:Epoch: 850/20000 | Train Loss: 2.565e-01 | Dynamic Loss: 2.564e-01 | Regularization Loss: 9.595e-05 | Val Loss: 2.818e-01 | Time: 6.40s
2025-08-18 17:06:50,741:INFO:New best model found at epoch 850 with validation loss 2.818e-01. Saving...
2025-08-18 17:06:57,715:INFO:Epoch: 900/20000 | Train Loss: 2.438e-01 | Dynamic Loss: 2.437e-01 | Regularization Loss: 8.497e-05 | Val Loss: 2.682e-01 | Time: 6.96s
2025-08-18 17:06:57,715:INFO:New best model found at epoch 900 with validation loss 2.682e-01. Saving...
2025-08-18 17:07:03,387:INFO:Epoch: 950/20000 | Train Loss: 2.350e-01 | Dynamic Loss: 2.349e-01 | Regularization Loss: 7.552e-05 | Val Loss: 2.581e-01 | Time: 5.66s
2025-08-18 17:07:03,387:INFO:New best model found at epoch 950 with validation loss 2.581e-01. Saving...
2025-08-18 17:07:09,182:INFO:Epoch: 1000/20000 | Train Loss: 2.204e-01 | Dynamic Loss: 2.204e-01 | Regularization Loss: 6.735e-05 | Val Loss: 2.459e-01 | Time: 5.79s
2025-08-18 17:07:09,183:INFO:New best model found at epoch 1000 with validation loss 2.459e-01. Saving...
2025-08-18 17:07:14,933:INFO:Epoch: 1050/20000 | Train Loss: 2.117e-01 | Dynamic Loss: 2.116e-01 | Regularization Loss: 6.026e-05 | Val Loss: 2.390e-01 | Time: 5.74s
2025-08-18 17:07:14,933:INFO:New best model found at epoch 1050 with validation loss 2.390e-01. Saving...
2025-08-18 17:07:20,606:INFO:Epoch: 1100/20000 | Train Loss: 2.182e-01 | Dynamic Loss: 2.181e-01 | Regularization Loss: 5.406e-05 | Val Loss: 2.364e-01 | Time: 5.66s
2025-08-18 17:07:20,606:INFO:New best model found at epoch 1100 with validation loss 2.364e-01. Saving...
2025-08-18 17:07:31,677:INFO:Epoch: 1150/20000 | Train Loss: 1.922e-01 | Dynamic Loss: 1.921e-01 | Regularization Loss: 4.862e-05 | Val Loss: 2.192e-01 | Time: 11.06s
2025-08-18 17:07:31,677:INFO:New best model found at epoch 1150 with validation loss 2.192e-01. Saving...
2025-08-18 17:07:37,359:INFO:Epoch: 1200/20000 | Train Loss: 1.886e-01 | Dynamic Loss: 1.885e-01 | Regularization Loss: 4.385e-05 | Val Loss: 2.181e-01 | Time: 5.67s
2025-08-18 17:07:37,359:INFO:New best model found at epoch 1200 with validation loss 2.181e-01. Saving...
2025-08-18 17:07:43,095:INFO:Epoch: 1250/20000 | Train Loss: 1.822e-01 | Dynamic Loss: 1.822e-01 | Regularization Loss: 3.964e-05 | Val Loss: 2.117e-01 | Time: 5.73s
2025-08-18 17:07:43,095:INFO:New best model found at epoch 1250 with validation loss 2.117e-01. Saving...
2025-08-18 17:07:48,819:INFO:Epoch: 1300/20000 | Train Loss: 1.719e-01 | Dynamic Loss: 1.718e-01 | Regularization Loss: 3.591e-05 | Val Loss: 1.991e-01 | Time: 5.70s
2025-08-18 17:07:48,819:INFO:New best model found at epoch 1300 with validation loss 1.991e-01. Saving...
2025-08-18 17:07:54,561:INFO:Epoch: 1350/20000 | Train Loss: 1.661e-01 | Dynamic Loss: 1.660e-01 | Regularization Loss: 3.260e-05 | Val Loss: 1.933e-01 | Time: 5.73s
2025-08-18 17:07:54,561:INFO:New best model found at epoch 1350 with validation loss 1.933e-01. Saving...
2025-08-18 17:08:00,217:INFO:Epoch: 1400/20000 | Train Loss: 1.671e-01 | Dynamic Loss: 1.671e-01 | Regularization Loss: 2.966e-05 | Val Loss: 1.942e-01 | Time: 5.65s
2025-08-18 17:08:06,013:INFO:Epoch: 1450/20000 | Train Loss: 1.540e-01 | Dynamic Loss: 1.539e-01 | Regularization Loss: 2.704e-05 | Val Loss: 1.834e-01 | Time: 5.80s
2025-08-18 17:08:06,013:INFO:New best model found at epoch 1450 with validation loss 1.834e-01. Saving...
2025-08-18 17:08:13,825:INFO:Epoch: 1500/20000 | Train Loss: 1.484e-01 | Dynamic Loss: 1.484e-01 | Regularization Loss: 2.471e-05 | Val Loss: 1.792e-01 | Time: 7.80s
2025-08-18 17:08:13,825:INFO:New best model found at epoch 1500 with validation loss 1.792e-01. Saving...
2025-08-18 17:08:19,509:INFO:Epoch: 1550/20000 | Train Loss: 1.602e-01 | Dynamic Loss: 1.602e-01 | Regularization Loss: 2.262e-05 | Val Loss: 1.874e-01 | Time: 5.67s
2025-08-18 17:08:31,294:INFO:Epoch: 1600/20000 | Train Loss: 1.453e-01 | Dynamic Loss: 1.452e-01 | Regularization Loss: 2.075e-05 | Val Loss: 1.749e-01 | Time: 11.79s
2025-08-18 17:08:31,294:INFO:New best model found at epoch 1600 with validation loss 1.749e-01. Saving...
2025-08-18 17:08:36,965:INFO:Epoch: 1650/20000 | Train Loss: 1.386e-01 | Dynamic Loss: 1.386e-01 | Regularization Loss: 1.908e-05 | Val Loss: 1.680e-01 | Time: 5.66s
2025-08-18 17:08:36,965:INFO:New best model found at epoch 1650 with validation loss 1.680e-01. Saving...
2025-08-18 17:08:42,678:INFO:Epoch: 1700/20000 | Train Loss: 1.375e-01 | Dynamic Loss: 1.375e-01 | Regularization Loss: 1.758e-05 | Val Loss: 1.670e-01 | Time: 5.70s
2025-08-18 17:08:42,678:INFO:New best model found at epoch 1700 with validation loss 1.670e-01. Saving...
2025-08-18 17:08:48,286:INFO:Epoch: 1750/20000 | Train Loss: 1.334e-01 | Dynamic Loss: 1.334e-01 | Regularization Loss: 1.623e-05 | Val Loss: 1.710e-01 | Time: 5.60s
2025-08-18 17:08:54,095:INFO:Epoch: 1800/20000 | Train Loss: 1.268e-01 | Dynamic Loss: 1.268e-01 | Regularization Loss: 1.501e-05 | Val Loss: 1.586e-01 | Time: 5.81s
2025-08-18 17:08:54,095:INFO:New best model found at epoch 1800 with validation loss 1.586e-01. Saving...
2025-08-18 17:08:59,820:INFO:Epoch: 1850/20000 | Train Loss: 1.238e-01 | Dynamic Loss: 1.238e-01 | Regularization Loss: 1.391e-05 | Val Loss: 1.572e-01 | Time: 5.72s
2025-08-18 17:08:59,820:INFO:New best model found at epoch 1850 with validation loss 1.572e-01. Saving...
2025-08-18 17:09:05,469:INFO:Epoch: 1900/20000 | Train Loss: 1.275e-01 | Dynamic Loss: 1.275e-01 | Regularization Loss: 1.292e-05 | Val Loss: 1.569e-01 | Time: 5.64s
2025-08-18 17:09:05,469:INFO:New best model found at epoch 1900 with validation loss 1.569e-01. Saving...
2025-08-18 17:09:16,174:INFO:Epoch: 1950/20000 | Train Loss: 1.281e-01 | Dynamic Loss: 1.280e-01 | Regularization Loss: 1.201e-05 | Val Loss: 1.544e-01 | Time: 10.70s
2025-08-18 17:09:16,174:INFO:New best model found at epoch 1950 with validation loss 1.544e-01. Saving...
2025-08-18 17:09:21,889:INFO:Epoch: 2000/20000 | Train Loss: 1.174e-01 | Dynamic Loss: 1.174e-01 | Regularization Loss: 1.119e-05 | Val Loss: 1.502e-01 | Time: 5.71s
2025-08-18 17:09:21,889:INFO:New best model found at epoch 2000 with validation loss 1.502e-01. Saving...
2025-08-18 17:09:28,187:INFO:Epoch: 2050/20000 | Train Loss: 1.191e-01 | Dynamic Loss: 1.190e-01 | Regularization Loss: 1.044e-05 | Val Loss: 1.508e-01 | Time: 6.29s
2025-08-18 17:09:33,872:INFO:Epoch: 2100/20000 | Train Loss: 1.150e-01 | Dynamic Loss: 1.150e-01 | Regularization Loss: 9.747e-06 | Val Loss: 1.488e-01 | Time: 5.68s
2025-08-18 17:09:33,872:INFO:New best model found at epoch 2100 with validation loss 1.488e-01. Saving...
2025-08-18 17:09:39,648:INFO:Epoch: 2150/20000 | Train Loss: 1.126e-01 | Dynamic Loss: 1.126e-01 | Regularization Loss: 9.110e-06 | Val Loss: 1.452e-01 | Time: 5.77s
2025-08-18 17:09:39,648:INFO:New best model found at epoch 2150 with validation loss 1.452e-01. Saving...
2025-08-18 17:09:45,448:INFO:Epoch: 2200/20000 | Train Loss: 1.146e-01 | Dynamic Loss: 1.146e-01 | Regularization Loss: 8.520e-06 | Val Loss: 1.462e-01 | Time: 5.79s
2025-08-18 17:09:51,289:INFO:Epoch: 2250/20000 | Train Loss: 1.118e-01 | Dynamic Loss: 1.118e-01 | Regularization Loss: 7.976e-06 | Val Loss: 1.455e-01 | Time: 5.84s
2025-08-18 17:09:56,942:INFO:Epoch: 2300/20000 | Train Loss: 1.057e-01 | Dynamic Loss: 1.057e-01 | Regularization Loss: 7.466e-06 | Val Loss: 1.404e-01 | Time: 5.65s
2025-08-18 17:09:56,942:INFO:New best model found at epoch 2300 with validation loss 1.404e-01. Saving...
2025-08-18 17:10:02,705:INFO:Epoch: 2350/20000 | Train Loss: 1.032e-01 | Dynamic Loss: 1.032e-01 | Regularization Loss: 6.986e-06 | Val Loss: 1.393e-01 | Time: 5.75s
2025-08-18 17:10:02,705:INFO:New best model found at epoch 2350 with validation loss 1.393e-01. Saving...
2025-08-18 17:10:08,610:INFO:Epoch: 2400/20000 | Train Loss: 1.028e-01 | Dynamic Loss: 1.028e-01 | Regularization Loss: 6.538e-06 | Val Loss: 1.386e-01 | Time: 5.90s
2025-08-18 17:10:08,611:INFO:New best model found at epoch 2400 with validation loss 1.386e-01. Saving...
2025-08-18 17:10:14,341:INFO:Epoch: 2450/20000 | Train Loss: 1.046e-01 | Dynamic Loss: 1.046e-01 | Regularization Loss: 6.116e-06 | Val Loss: 1.397e-01 | Time: 5.72s
2025-08-18 17:10:23,559:INFO:Epoch: 2500/20000 | Train Loss: 1.009e-01 | Dynamic Loss: 1.009e-01 | Regularization Loss: 5.718e-06 | Val Loss: 1.379e-01 | Time: 9.22s
2025-08-18 17:10:23,559:INFO:New best model found at epoch 2500 with validation loss 1.379e-01. Saving...
2025-08-18 17:10:29,424:INFO:Epoch: 2550/20000 | Train Loss: 9.819e-02 | Dynamic Loss: 9.818e-02 | Regularization Loss: 5.341e-06 | Val Loss: 1.355e-01 | Time: 5.86s
2025-08-18 17:10:29,424:INFO:New best model found at epoch 2550 with validation loss 1.355e-01. Saving...
2025-08-18 17:10:35,170:INFO:Epoch: 2600/20000 | Train Loss: 9.723e-02 | Dynamic Loss: 9.723e-02 | Regularization Loss: 4.985e-06 | Val Loss: 1.352e-01 | Time: 5.74s
2025-08-18 17:10:35,170:INFO:New best model found at epoch 2600 with validation loss 1.352e-01. Saving...
2025-08-18 17:10:40,880:INFO:Epoch: 2650/20000 | Train Loss: 9.512e-02 | Dynamic Loss: 9.511e-02 | Regularization Loss: 4.652e-06 | Val Loss: 1.337e-01 | Time: 5.70s
2025-08-18 17:10:40,880:INFO:New best model found at epoch 2650 with validation loss 1.337e-01. Saving...
2025-08-18 17:10:46,916:INFO:Epoch: 2700/20000 | Train Loss: 9.986e-02 | Dynamic Loss: 9.985e-02 | Regularization Loss: 4.336e-06 | Val Loss: 1.356e-01 | Time: 6.03s
2025-08-18 17:10:52,636:INFO:Epoch: 2750/20000 | Train Loss: 9.590e-02 | Dynamic Loss: 9.589e-02 | Regularization Loss: 4.040e-06 | Val Loss: 1.324e-01 | Time: 5.72s
2025-08-18 17:10:52,636:INFO:New best model found at epoch 2750 with validation loss 1.324e-01. Saving...
2025-08-18 17:10:58,424:INFO:Epoch: 2800/20000 | Train Loss: 9.430e-02 | Dynamic Loss: 9.429e-02 | Regularization Loss: 3.761e-06 | Val Loss: 1.317e-01 | Time: 5.78s
2025-08-18 17:10:58,424:INFO:New best model found at epoch 2800 with validation loss 1.317e-01. Saving...
2025-08-18 17:11:04,196:INFO:Epoch: 2850/20000 | Train Loss: 9.476e-02 | Dynamic Loss: 9.475e-02 | Regularization Loss: 3.501e-06 | Val Loss: 1.335e-01 | Time: 5.76s
2025-08-18 17:11:09,859:INFO:Epoch: 2900/20000 | Train Loss: 9.232e-02 | Dynamic Loss: 9.232e-02 | Regularization Loss: 3.254e-06 | Val Loss: 1.320e-01 | Time: 5.66s
2025-08-18 17:11:16,326:INFO:Epoch: 2950/20000 | Train Loss: 9.132e-02 | Dynamic Loss: 9.132e-02 | Regularization Loss: 3.025e-06 | Val Loss: 1.317e-01 | Time: 6.47s
2025-08-18 17:11:21,994:INFO:Epoch: 3000/20000 | Train Loss: 8.934e-02 | Dynamic Loss: 8.933e-02 | Regularization Loss: 2.805e-06 | Val Loss: 1.302e-01 | Time: 5.67s
2025-08-18 17:11:21,994:INFO:New best model found at epoch 3000 with validation loss 1.302e-01. Saving...
2025-08-18 17:11:34,451:INFO:Epoch: 3050/20000 | Train Loss: 9.081e-02 | Dynamic Loss: 9.080e-02 | Regularization Loss: 2.603e-06 | Val Loss: 1.302e-01 | Time: 12.45s
2025-08-18 17:11:40,218:INFO:Epoch: 3100/20000 | Train Loss: 9.437e-02 | Dynamic Loss: 9.437e-02 | Regularization Loss: 2.416e-06 | Val Loss: 1.339e-01 | Time: 5.77s
2025-08-18 17:11:47,265:INFO:Epoch: 3150/20000 | Train Loss: 8.772e-02 | Dynamic Loss: 8.772e-02 | Regularization Loss: 2.239e-06 | Val Loss: 1.291e-01 | Time: 7.05s
2025-08-18 17:11:47,265:INFO:New best model found at epoch 3150 with validation loss 1.291e-01. Saving...
2025-08-18 17:11:52,922:INFO:Epoch: 3200/20000 | Train Loss: 8.778e-02 | Dynamic Loss: 8.778e-02 | Regularization Loss: 2.075e-06 | Val Loss: 1.300e-01 | Time: 5.65s
2025-08-18 17:11:58,705:INFO:Epoch: 3250/20000 | Train Loss: 8.991e-02 | Dynamic Loss: 8.991e-02 | Regularization Loss: 1.924e-06 | Val Loss: 1.341e-01 | Time: 5.78s
2025-08-18 17:12:04,542:INFO:Epoch: 3300/20000 | Train Loss: 8.889e-02 | Dynamic Loss: 8.888e-02 | Regularization Loss: 1.786e-06 | Val Loss: 1.331e-01 | Time: 5.84s
2025-08-18 17:12:10,313:INFO:Epoch: 3350/20000 | Train Loss: 8.620e-02 | Dynamic Loss: 8.620e-02 | Regularization Loss: 1.656e-06 | Val Loss: 1.294e-01 | Time: 5.77s
2025-08-18 17:12:15,980:INFO:Epoch: 3400/20000 | Train Loss: 8.531e-02 | Dynamic Loss: 8.531e-02 | Regularization Loss: 1.538e-06 | Val Loss: 1.296e-01 | Time: 5.67s
2025-08-18 17:12:21,741:INFO:Epoch: 3450/20000 | Train Loss: 8.795e-02 | Dynamic Loss: 8.795e-02 | Regularization Loss: 1.431e-06 | Val Loss: 1.328e-01 | Time: 5.76s
2025-08-18 17:12:27,475:INFO:Epoch: 3500/20000 | Train Loss: 8.577e-02 | Dynamic Loss: 8.576e-02 | Regularization Loss: 1.335e-06 | Val Loss: 1.304e-01 | Time: 5.73s
2025-08-18 17:12:33,217:INFO:Epoch: 3550/20000 | Train Loss: 8.791e-02 | Dynamic Loss: 8.790e-02 | Regularization Loss: 1.239e-06 | Val Loss: 1.327e-01 | Time: 5.74s
2025-08-18 17:12:38,963:INFO:Epoch: 3600/20000 | Train Loss: 9.011e-02 | Dynamic Loss: 9.010e-02 | Regularization Loss: 1.159e-06 | Val Loss: 1.329e-01 | Time: 5.75s
2025-08-18 17:12:44,763:INFO:Epoch: 3650/20000 | Train Loss: 8.496e-02 | Dynamic Loss: 8.496e-02 | Regularization Loss: 1.084e-06 | Val Loss: 1.302e-01 | Time: 5.80s
2025-08-18 17:12:50,572:INFO:Epoch: 3700/20000 | Train Loss: 8.111e-02 | Dynamic Loss: 8.111e-02 | Regularization Loss: 1.023e-06 | Val Loss: 1.292e-01 | Time: 5.81s
2025-08-18 17:12:56,441:INFO:Epoch: 3750/20000 | Train Loss: 7.933e-02 | Dynamic Loss: 7.933e-02 | Regularization Loss: 9.657e-07 | Val Loss: 1.287e-01 | Time: 5.87s
2025-08-18 17:12:56,441:INFO:New best model found at epoch 3750 with validation loss 1.287e-01. Saving...
2025-08-18 17:13:02,292:INFO:Epoch: 3800/20000 | Train Loss: 8.080e-02 | Dynamic Loss: 8.080e-02 | Regularization Loss: 9.073e-07 | Val Loss: 1.284e-01 | Time: 5.84s
2025-08-18 17:13:02,292:INFO:New best model found at epoch 3800 with validation loss 1.284e-01. Saving...
2025-08-18 17:13:08,359:INFO:Epoch: 3850/20000 | Train Loss: 8.290e-02 | Dynamic Loss: 8.290e-02 | Regularization Loss: 8.698e-07 | Val Loss: 1.321e-01 | Time: 6.06s
2025-08-18 17:13:14,163:INFO:Epoch: 3900/20000 | Train Loss: 7.941e-02 | Dynamic Loss: 7.941e-02 | Regularization Loss: 8.313e-07 | Val Loss: 1.294e-01 | Time: 5.80s
2025-08-18 17:13:20,096:INFO:Epoch: 3950/20000 | Train Loss: 8.174e-02 | Dynamic Loss: 8.174e-02 | Regularization Loss: 8.016e-07 | Val Loss: 1.315e-01 | Time: 5.93s
2025-08-18 17:13:25,791:INFO:Epoch: 4000/20000 | Train Loss: 8.562e-02 | Dynamic Loss: 8.562e-02 | Regularization Loss: 7.845e-07 | Val Loss: 1.335e-01 | Time: 5.69s
2025-08-18 17:13:31,586:INFO:Epoch: 4050/20000 | Train Loss: 8.103e-02 | Dynamic Loss: 8.103e-02 | Regularization Loss: 7.699e-07 | Val Loss: 1.311e-01 | Time: 5.79s
2025-08-18 17:13:37,311:INFO:Epoch: 4100/20000 | Train Loss: 8.377e-02 | Dynamic Loss: 8.377e-02 | Regularization Loss: 7.678e-07 | Val Loss: 1.339e-01 | Time: 5.72s
2025-08-18 17:13:43,102:INFO:Epoch: 4150/20000 | Train Loss: 7.598e-02 | Dynamic Loss: 7.598e-02 | Regularization Loss: 7.700e-07 | Val Loss: 1.291e-01 | Time: 5.79s
2025-08-18 17:13:55,783:INFO:Epoch: 4200/20000 | Train Loss: 7.712e-02 | Dynamic Loss: 7.712e-02 | Regularization Loss: 8.054e-07 | Val Loss: 1.309e-01 | Time: 12.68s
2025-08-18 17:14:01,623:INFO:Epoch: 4250/20000 | Train Loss: 7.887e-02 | Dynamic Loss: 7.887e-02 | Regularization Loss: 8.320e-07 | Val Loss: 1.296e-01 | Time: 5.84s
2025-08-18 17:14:09,828:INFO:Epoch: 4300/20000 | Train Loss: 7.413e-02 | Dynamic Loss: 7.413e-02 | Regularization Loss: 9.136e-07 | Val Loss: 1.294e-01 | Time: 8.20s
2025-08-18 17:14:15,572:INFO:Epoch: 4350/20000 | Train Loss: 7.879e-02 | Dynamic Loss: 7.879e-02 | Regularization Loss: 9.968e-07 | Val Loss: 1.318e-01 | Time: 5.74s
2025-08-18 17:14:21,428:INFO:Epoch: 4400/20000 | Train Loss: 7.397e-02 | Dynamic Loss: 7.397e-02 | Regularization Loss: 1.055e-06 | Val Loss: 1.293e-01 | Time: 5.86s
2025-08-18 17:14:27,186:INFO:Epoch: 4450/20000 | Train Loss: 7.684e-02 | Dynamic Loss: 7.684e-02 | Regularization Loss: 1.214e-06 | Val Loss: 1.334e-01 | Time: 5.76s
2025-08-18 17:14:33,042:INFO:Epoch: 4500/20000 | Train Loss: 7.333e-02 | Dynamic Loss: 7.333e-02 | Regularization Loss: 1.384e-06 | Val Loss: 1.299e-01 | Time: 5.86s
2025-08-18 17:14:38,877:INFO:Epoch: 4550/20000 | Train Loss: 8.109e-02 | Dynamic Loss: 8.109e-02 | Regularization Loss: 1.604e-06 | Val Loss: 1.353e-01 | Time: 5.83s
2025-08-18 17:14:44,705:INFO:Epoch: 4600/20000 | Train Loss: 7.155e-02 | Dynamic Loss: 7.155e-02 | Regularization Loss: 1.805e-06 | Val Loss: 1.300e-01 | Time: 5.83s
2025-08-18 17:14:50,564:INFO:Epoch: 4650/20000 | Train Loss: 7.038e-02 | Dynamic Loss: 7.038e-02 | Regularization Loss: 2.059e-06 | Val Loss: 1.287e-01 | Time: 5.86s
2025-08-18 17:14:56,454:INFO:Epoch: 4700/20000 | Train Loss: 7.519e-02 | Dynamic Loss: 7.518e-02 | Regularization Loss: 2.357e-06 | Val Loss: 1.325e-01 | Time: 5.89s
2025-08-18 17:15:02,231:INFO:Epoch: 4750/20000 | Train Loss: 6.948e-02 | Dynamic Loss: 6.948e-02 | Regularization Loss: 2.716e-06 | Val Loss: 1.291e-01 | Time: 5.78s
2025-08-18 17:15:08,265:INFO:Epoch: 4800/20000 | Train Loss: 6.955e-02 | Dynamic Loss: 6.955e-02 | Regularization Loss: 3.107e-06 | Val Loss: 1.310e-01 | Time: 6.03s
2025-08-18 17:15:14,128:INFO:Epoch: 4850/20000 | Train Loss: 6.866e-02 | Dynamic Loss: 6.866e-02 | Regularization Loss: 3.449e-06 | Val Loss: 1.298e-01 | Time: 5.86s
2025-08-18 17:15:19,911:INFO:Epoch: 4900/20000 | Train Loss: 6.797e-02 | Dynamic Loss: 6.797e-02 | Regularization Loss: 3.947e-06 | Val Loss: 1.300e-01 | Time: 5.78s
2025-08-18 17:15:32,752:INFO:Epoch: 4950/20000 | Train Loss: 6.676e-02 | Dynamic Loss: 6.675e-02 | Regularization Loss: 4.286e-06 | Val Loss: 1.300e-01 | Time: 12.84s
2025-08-18 17:15:38,638:INFO:Epoch: 5000/20000 | Train Loss: 6.659e-02 | Dynamic Loss: 6.658e-02 | Regularization Loss: 4.669e-06 | Val Loss: 1.315e-01 | Time: 5.89s
2025-08-18 17:15:45,458:INFO:Epoch: 5050/20000 | Train Loss: 6.922e-02 | Dynamic Loss: 6.922e-02 | Regularization Loss: 5.072e-06 | Val Loss: 1.336e-01 | Time: 6.82s
2025-08-18 17:15:51,199:INFO:Epoch: 5100/20000 | Train Loss: 6.574e-02 | Dynamic Loss: 6.574e-02 | Regularization Loss: 5.296e-06 | Val Loss: 1.311e-01 | Time: 5.74s
2025-08-18 17:15:57,104:INFO:Epoch: 5150/20000 | Train Loss: 6.695e-02 | Dynamic Loss: 6.694e-02 | Regularization Loss: 5.565e-06 | Val Loss: 1.320e-01 | Time: 5.90s
2025-08-18 17:16:02,894:INFO:Epoch: 5200/20000 | Train Loss: 7.011e-02 | Dynamic Loss: 7.010e-02 | Regularization Loss: 5.934e-06 | Val Loss: 1.345e-01 | Time: 5.79s
2025-08-18 17:16:08,722:INFO:Epoch: 5250/20000 | Train Loss: 6.291e-02 | Dynamic Loss: 6.290e-02 | Regularization Loss: 6.334e-06 | Val Loss: 1.313e-01 | Time: 5.83s
2025-08-18 17:16:14,469:INFO:Epoch: 5300/20000 | Train Loss: 6.364e-02 | Dynamic Loss: 6.363e-02 | Regularization Loss: 6.369e-06 | Val Loss: 1.312e-01 | Time: 5.75s
2025-08-18 17:16:20,233:INFO:Epoch: 5350/20000 | Train Loss: 7.180e-02 | Dynamic Loss: 7.180e-02 | Regularization Loss: 6.926e-06 | Val Loss: 1.359e-01 | Time: 5.76s
2025-08-18 17:16:26,001:INFO:Epoch: 5400/20000 | Train Loss: 6.309e-02 | Dynamic Loss: 6.308e-02 | Regularization Loss: 7.101e-06 | Val Loss: 1.321e-01 | Time: 5.77s
2025-08-18 17:16:34,804:INFO:Epoch: 5450/20000 | Train Loss: 6.320e-02 | Dynamic Loss: 6.320e-02 | Regularization Loss: 7.370e-06 | Val Loss: 1.335e-01 | Time: 8.80s
2025-08-18 17:16:40,667:INFO:Epoch: 5500/20000 | Train Loss: 6.114e-02 | Dynamic Loss: 6.113e-02 | Regularization Loss: 7.446e-06 | Val Loss: 1.306e-01 | Time: 5.86s
2025-08-18 17:16:48,687:INFO:Epoch: 5550/20000 | Train Loss: 5.809e-02 | Dynamic Loss: 5.809e-02 | Regularization Loss: 7.639e-06 | Val Loss: 1.308e-01 | Time: 8.02s
2025-08-18 17:16:54,428:INFO:Epoch: 5600/20000 | Train Loss: 5.796e-02 | Dynamic Loss: 5.795e-02 | Regularization Loss: 8.008e-06 | Val Loss: 1.316e-01 | Time: 5.74s
2025-08-18 17:17:00,261:INFO:Epoch: 5650/20000 | Train Loss: 6.017e-02 | Dynamic Loss: 6.016e-02 | Regularization Loss: 7.831e-06 | Val Loss: 1.335e-01 | Time: 5.83s
2025-08-18 17:17:06,091:INFO:Epoch: 5700/20000 | Train Loss: 6.077e-02 | Dynamic Loss: 6.076e-02 | Regularization Loss: 8.362e-06 | Val Loss: 1.350e-01 | Time: 5.83s
2025-08-18 17:17:11,896:INFO:Epoch: 5750/20000 | Train Loss: 6.036e-02 | Dynamic Loss: 6.036e-02 | Regularization Loss: 8.532e-06 | Val Loss: 1.379e-01 | Time: 5.81s
2025-08-18 17:17:17,667:INFO:Epoch: 5800/20000 | Train Loss: 5.782e-02 | Dynamic Loss: 5.781e-02 | Regularization Loss: 8.600e-06 | Val Loss: 1.335e-01 | Time: 5.77s
2025-08-18 17:17:23,741:INFO:Epoch: 5850/20000 | Train Loss: 6.081e-02 | Dynamic Loss: 6.080e-02 | Regularization Loss: 8.922e-06 | Val Loss: 1.360e-01 | Time: 6.07s
2025-08-18 17:17:29,820:INFO:Epoch: 5900/20000 | Train Loss: 5.420e-02 | Dynamic Loss: 5.419e-02 | Regularization Loss: 9.100e-06 | Val Loss: 1.326e-01 | Time: 6.08s
2025-08-18 17:17:35,829:INFO:Epoch: 5950/20000 | Train Loss: 5.464e-02 | Dynamic Loss: 5.463e-02 | Regularization Loss: 8.736e-06 | Val Loss: 1.324e-01 | Time: 6.01s
2025-08-18 17:17:41,760:INFO:Epoch: 6000/20000 | Train Loss: 5.606e-02 | Dynamic Loss: 5.605e-02 | Regularization Loss: 9.068e-06 | Val Loss: 1.345e-01 | Time: 5.93s
2025-08-18 17:17:47,653:INFO:Epoch: 6050/20000 | Train Loss: 5.564e-02 | Dynamic Loss: 5.564e-02 | Regularization Loss: 8.474e-06 | Val Loss: 1.343e-01 | Time: 5.89s
2025-08-18 17:17:53,438:INFO:Epoch: 6100/20000 | Train Loss: 5.628e-02 | Dynamic Loss: 5.628e-02 | Regularization Loss: 9.183e-06 | Val Loss: 1.346e-01 | Time: 5.78s
2025-08-18 17:17:59,214:INFO:Epoch: 6150/20000 | Train Loss: 5.850e-02 | Dynamic Loss: 5.849e-02 | Regularization Loss: 9.195e-06 | Val Loss: 1.387e-01 | Time: 5.78s
2025-08-18 17:18:06,086:INFO:Epoch: 6200/20000 | Train Loss: 5.544e-02 | Dynamic Loss: 5.543e-02 | Regularization Loss: 9.229e-06 | Val Loss: 1.385e-01 | Time: 6.87s
2025-08-18 17:18:12,403:INFO:Epoch: 6250/20000 | Train Loss: 5.690e-02 | Dynamic Loss: 5.689e-02 | Regularization Loss: 9.137e-06 | Val Loss: 1.383e-01 | Time: 6.32s
2025-08-18 17:18:18,296:INFO:Epoch: 6300/20000 | Train Loss: 5.912e-02 | Dynamic Loss: 5.911e-02 | Regularization Loss: 9.132e-06 | Val Loss: 1.392e-01 | Time: 5.89s
2025-08-18 17:18:24,096:INFO:Epoch: 6350/20000 | Train Loss: 5.310e-02 | Dynamic Loss: 5.310e-02 | Regularization Loss: 9.185e-06 | Val Loss: 1.355e-01 | Time: 5.80s
2025-08-18 17:18:34,975:INFO:Epoch: 6400/20000 | Train Loss: 5.219e-02 | Dynamic Loss: 5.218e-02 | Regularization Loss: 9.062e-06 | Val Loss: 1.349e-01 | Time: 10.88s
2025-08-18 17:18:40,864:INFO:Epoch: 6450/20000 | Train Loss: 5.114e-02 | Dynamic Loss: 5.113e-02 | Regularization Loss: 9.053e-06 | Val Loss: 1.346e-01 | Time: 5.89s
2025-08-18 17:18:50,714:INFO:Epoch: 6500/20000 | Train Loss: 5.245e-02 | Dynamic Loss: 5.244e-02 | Regularization Loss: 8.783e-06 | Val Loss: 1.352e-01 | Time: 9.85s
2025-08-18 17:18:56,426:INFO:Epoch: 6550/20000 | Train Loss: 4.977e-02 | Dynamic Loss: 4.976e-02 | Regularization Loss: 8.635e-06 | Val Loss: 1.350e-01 | Time: 5.71s
2025-08-18 17:19:07,245:INFO:Epoch: 6600/20000 | Train Loss: 5.313e-02 | Dynamic Loss: 5.312e-02 | Regularization Loss: 8.845e-06 | Val Loss: 1.385e-01 | Time: 10.82s
2025-08-18 17:19:13,048:INFO:Epoch: 6650/20000 | Train Loss: 5.290e-02 | Dynamic Loss: 5.290e-02 | Regularization Loss: 8.725e-06 | Val Loss: 1.376e-01 | Time: 5.80s
2025-08-18 17:19:18,949:INFO:Epoch: 6700/20000 | Train Loss: 5.259e-02 | Dynamic Loss: 5.258e-02 | Regularization Loss: 8.456e-06 | Val Loss: 1.362e-01 | Time: 5.90s
2025-08-18 17:19:24,798:INFO:Epoch: 6750/20000 | Train Loss: 4.869e-02 | Dynamic Loss: 4.868e-02 | Regularization Loss: 8.513e-06 | Val Loss: 1.358e-01 | Time: 5.85s
2025-08-18 17:19:31,070:INFO:Epoch: 6800/20000 | Train Loss: 4.828e-02 | Dynamic Loss: 4.827e-02 | Regularization Loss: 8.400e-06 | Val Loss: 1.354e-01 | Time: 6.27s
2025-08-18 17:19:36,942:INFO:Epoch: 6850/20000 | Train Loss: 5.941e-02 | Dynamic Loss: 5.940e-02 | Regularization Loss: 8.294e-06 | Val Loss: 1.432e-01 | Time: 5.87s
2025-08-18 17:19:45,320:INFO:Epoch: 6900/20000 | Train Loss: 4.690e-02 | Dynamic Loss: 4.689e-02 | Regularization Loss: 8.386e-06 | Val Loss: 1.359e-01 | Time: 8.38s
2025-08-18 17:19:51,152:INFO:Epoch: 6950/20000 | Train Loss: 4.868e-02 | Dynamic Loss: 4.867e-02 | Regularization Loss: 8.232e-06 | Val Loss: 1.356e-01 | Time: 5.83s
2025-08-18 17:19:57,093:INFO:Epoch: 7000/20000 | Train Loss: 4.654e-02 | Dynamic Loss: 4.653e-02 | Regularization Loss: 8.036e-06 | Val Loss: 1.353e-01 | Time: 5.94s
2025-08-18 17:20:02,986:INFO:Epoch: 7050/20000 | Train Loss: 5.113e-02 | Dynamic Loss: 5.112e-02 | Regularization Loss: 7.874e-06 | Val Loss: 1.384e-01 | Time: 5.89s
2025-08-18 17:20:08,891:INFO:Epoch: 7100/20000 | Train Loss: 4.770e-02 | Dynamic Loss: 4.769e-02 | Regularization Loss: 7.873e-06 | Val Loss: 1.371e-01 | Time: 5.91s
2025-08-18 17:20:14,685:INFO:Epoch: 7150/20000 | Train Loss: 4.891e-02 | Dynamic Loss: 4.890e-02 | Regularization Loss: 7.906e-06 | Val Loss: 1.398e-01 | Time: 5.79s
2025-08-18 17:20:20,524:INFO:Epoch: 7200/20000 | Train Loss: 4.614e-02 | Dynamic Loss: 4.613e-02 | Regularization Loss: 7.512e-06 | Val Loss: 1.357e-01 | Time: 5.84s
2025-08-18 17:20:26,318:INFO:Epoch: 7250/20000 | Train Loss: 4.645e-02 | Dynamic Loss: 4.644e-02 | Regularization Loss: 7.430e-06 | Val Loss: 1.363e-01 | Time: 5.79s
2025-08-18 17:20:32,317:INFO:Epoch: 7300/20000 | Train Loss: 4.888e-02 | Dynamic Loss: 4.887e-02 | Regularization Loss: 7.565e-06 | Val Loss: 1.381e-01 | Time: 6.00s
2025-08-18 17:20:38,210:INFO:Epoch: 7350/20000 | Train Loss: 4.754e-02 | Dynamic Loss: 4.753e-02 | Regularization Loss: 7.494e-06 | Val Loss: 1.395e-01 | Time: 5.89s
2025-08-18 17:20:44,194:INFO:Epoch: 7400/20000 | Train Loss: 4.562e-02 | Dynamic Loss: 4.561e-02 | Regularization Loss: 7.388e-06 | Val Loss: 1.369e-01 | Time: 5.98s
2025-08-18 17:20:54,277:INFO:Epoch: 7450/20000 | Train Loss: 4.558e-02 | Dynamic Loss: 4.557e-02 | Regularization Loss: 7.143e-06 | Val Loss: 1.371e-01 | Time: 10.08s
2025-08-18 17:21:00,123:INFO:Epoch: 7500/20000 | Train Loss: 4.517e-02 | Dynamic Loss: 4.516e-02 | Regularization Loss: 7.296e-06 | Val Loss: 1.366e-01 | Time: 5.85s
2025-08-18 17:21:10,312:INFO:Epoch: 7550/20000 | Train Loss: 4.716e-02 | Dynamic Loss: 4.716e-02 | Regularization Loss: 7.151e-06 | Val Loss: 1.397e-01 | Time: 10.19s
2025-08-18 17:21:16,097:INFO:Epoch: 7600/20000 | Train Loss: 4.411e-02 | Dynamic Loss: 4.410e-02 | Regularization Loss: 7.024e-06 | Val Loss: 1.369e-01 | Time: 5.78s
2025-08-18 17:21:22,002:INFO:Epoch: 7650/20000 | Train Loss: 4.705e-02 | Dynamic Loss: 4.704e-02 | Regularization Loss: 6.872e-06 | Val Loss: 1.397e-01 | Time: 5.90s
2025-08-18 17:21:27,827:INFO:Epoch: 7700/20000 | Train Loss: 4.968e-02 | Dynamic Loss: 4.967e-02 | Regularization Loss: 6.757e-06 | Val Loss: 1.382e-01 | Time: 5.82s
2025-08-18 17:21:33,683:INFO:Epoch: 7750/20000 | Train Loss: 4.500e-02 | Dynamic Loss: 4.499e-02 | Regularization Loss: 6.511e-06 | Val Loss: 1.378e-01 | Time: 5.86s
2025-08-18 17:21:39,585:INFO:Epoch: 7800/20000 | Train Loss: 4.494e-02 | Dynamic Loss: 4.494e-02 | Regularization Loss: 6.629e-06 | Val Loss: 1.387e-01 | Time: 5.90s
2025-08-18 17:21:45,409:INFO:Epoch: 7850/20000 | Train Loss: 4.460e-02 | Dynamic Loss: 4.459e-02 | Regularization Loss: 6.556e-06 | Val Loss: 1.400e-01 | Time: 5.82s
2025-08-18 17:21:57,931:INFO:Epoch: 7900/20000 | Train Loss: 4.707e-02 | Dynamic Loss: 4.707e-02 | Regularization Loss: 6.165e-06 | Val Loss: 1.378e-01 | Time: 12.52s
2025-08-18 17:22:03,811:INFO:Epoch: 7950/20000 | Train Loss: 4.328e-02 | Dynamic Loss: 4.328e-02 | Regularization Loss: 6.518e-06 | Val Loss: 1.384e-01 | Time: 5.88s
2025-08-18 17:22:09,764:INFO:Epoch: 8000/20000 | Train Loss: 4.391e-02 | Dynamic Loss: 4.390e-02 | Regularization Loss: 6.399e-06 | Val Loss: 1.399e-01 | Time: 5.95s
2025-08-18 17:22:15,681:INFO:Epoch: 8050/20000 | Train Loss: 5.275e-02 | Dynamic Loss: 5.275e-02 | Regularization Loss: 6.237e-06 | Val Loss: 1.431e-01 | Time: 5.92s
2025-08-18 17:22:21,565:INFO:Epoch: 8100/20000 | Train Loss: 4.337e-02 | Dynamic Loss: 4.336e-02 | Regularization Loss: 6.277e-06 | Val Loss: 1.393e-01 | Time: 5.88s
2025-08-18 17:22:27,608:INFO:Epoch: 8150/20000 | Train Loss: 4.609e-02 | Dynamic Loss: 4.608e-02 | Regularization Loss: 5.920e-06 | Val Loss: 1.417e-01 | Time: 6.04s
2025-08-18 17:22:33,501:INFO:Epoch: 8200/20000 | Train Loss: 4.470e-02 | Dynamic Loss: 4.470e-02 | Regularization Loss: 6.130e-06 | Val Loss: 1.413e-01 | Time: 5.89s
2025-08-18 17:22:39,268:INFO:Epoch: 8250/20000 | Train Loss: 4.509e-02 | Dynamic Loss: 4.508e-02 | Regularization Loss: 5.833e-06 | Val Loss: 1.424e-01 | Time: 5.77s
2025-08-18 17:22:45,146:INFO:Epoch: 8300/20000 | Train Loss: 4.217e-02 | Dynamic Loss: 4.217e-02 | Regularization Loss: 6.016e-06 | Val Loss: 1.385e-01 | Time: 5.88s
2025-08-18 17:22:51,264:INFO:Epoch: 8350/20000 | Train Loss: 4.215e-02 | Dynamic Loss: 4.214e-02 | Regularization Loss: 5.981e-06 | Val Loss: 1.394e-01 | Time: 6.12s
2025-08-18 17:22:57,401:INFO:Epoch: 8400/20000 | Train Loss: 4.582e-02 | Dynamic Loss: 4.582e-02 | Regularization Loss: 5.654e-06 | Val Loss: 1.408e-01 | Time: 6.14s
2025-08-18 17:23:03,268:INFO:Epoch: 8450/20000 | Train Loss: 4.234e-02 | Dynamic Loss: 4.234e-02 | Regularization Loss: 5.796e-06 | Val Loss: 1.410e-01 | Time: 5.87s
2025-08-18 17:23:09,358:INFO:Epoch: 8500/20000 | Train Loss: 4.528e-02 | Dynamic Loss: 4.527e-02 | Regularization Loss: 5.299e-06 | Val Loss: 1.423e-01 | Time: 6.09s
2025-08-18 17:23:15,214:INFO:Epoch: 8550/20000 | Train Loss: 4.256e-02 | Dynamic Loss: 4.256e-02 | Regularization Loss: 5.571e-06 | Val Loss: 1.408e-01 | Time: 5.86s
2025-08-18 17:23:21,127:INFO:Epoch: 8600/20000 | Train Loss: 4.638e-02 | Dynamic Loss: 4.638e-02 | Regularization Loss: 5.527e-06 | Val Loss: 1.423e-01 | Time: 5.91s
2025-08-18 17:23:26,997:INFO:Epoch: 8650/20000 | Train Loss: 4.228e-02 | Dynamic Loss: 4.227e-02 | Regularization Loss: 5.504e-06 | Val Loss: 1.416e-01 | Time: 5.87s
2025-08-18 17:23:32,828:INFO:Epoch: 8700/20000 | Train Loss: 4.094e-02 | Dynamic Loss: 4.093e-02 | Regularization Loss: 5.498e-06 | Val Loss: 1.412e-01 | Time: 5.83s
2025-08-18 17:23:38,624:INFO:Epoch: 8750/20000 | Train Loss: 4.326e-02 | Dynamic Loss: 4.325e-02 | Regularization Loss: 5.375e-06 | Val Loss: 1.404e-01 | Time: 5.80s
2025-08-18 17:23:44,468:INFO:Epoch: 8800/20000 | Train Loss: 4.219e-02 | Dynamic Loss: 4.218e-02 | Regularization Loss: 5.266e-06 | Val Loss: 1.407e-01 | Time: 5.84s
2025-08-18 17:23:50,265:INFO:Epoch: 8850/20000 | Train Loss: 4.331e-02 | Dynamic Loss: 4.330e-02 | Regularization Loss: 5.132e-06 | Val Loss: 1.431e-01 | Time: 5.80s
2025-08-18 17:23:56,075:INFO:Epoch: 8900/20000 | Train Loss: 4.182e-02 | Dynamic Loss: 4.181e-02 | Regularization Loss: 5.240e-06 | Val Loss: 1.414e-01 | Time: 5.81s
2025-08-18 17:24:02,311:INFO:Epoch: 8950/20000 | Train Loss: 4.292e-02 | Dynamic Loss: 4.291e-02 | Regularization Loss: 5.114e-06 | Val Loss: 1.437e-01 | Time: 6.24s
2025-08-18 17:24:08,263:INFO:Epoch: 9000/20000 | Train Loss: 4.066e-02 | Dynamic Loss: 4.065e-02 | Regularization Loss: 5.109e-06 | Val Loss: 1.416e-01 | Time: 5.95s
2025-08-18 17:24:19,159:INFO:Epoch: 9050/20000 | Train Loss: 4.623e-02 | Dynamic Loss: 4.622e-02 | Regularization Loss: 4.836e-06 | Val Loss: 1.460e-01 | Time: 10.90s
2025-08-18 17:24:25,004:INFO:Epoch: 9100/20000 | Train Loss: 4.432e-02 | Dynamic Loss: 4.432e-02 | Regularization Loss: 4.994e-06 | Val Loss: 1.450e-01 | Time: 5.84s
2025-08-18 17:24:30,818:INFO:Epoch: 9150/20000 | Train Loss: 4.018e-02 | Dynamic Loss: 4.017e-02 | Regularization Loss: 4.917e-06 | Val Loss: 1.427e-01 | Time: 5.81s
2025-08-18 17:24:36,875:INFO:Epoch: 9200/20000 | Train Loss: 4.292e-02 | Dynamic Loss: 4.291e-02 | Regularization Loss: 4.785e-06 | Val Loss: 1.438e-01 | Time: 6.06s
2025-08-18 17:24:42,820:INFO:Epoch: 9250/20000 | Train Loss: 4.042e-02 | Dynamic Loss: 4.042e-02 | Regularization Loss: 4.837e-06 | Val Loss: 1.423e-01 | Time: 5.94s
2025-08-18 17:24:48,761:INFO:Epoch: 9300/20000 | Train Loss: 4.254e-02 | Dynamic Loss: 4.253e-02 | Regularization Loss: 4.731e-06 | Val Loss: 1.459e-01 | Time: 5.94s
2025-08-18 17:24:54,483:INFO:Epoch: 9350/20000 | Train Loss: 4.029e-02 | Dynamic Loss: 4.028e-02 | Regularization Loss: 4.713e-06 | Val Loss: 1.420e-01 | Time: 5.72s
2025-08-18 17:25:03,932:INFO:Epoch: 9400/20000 | Train Loss: 4.199e-02 | Dynamic Loss: 4.199e-02 | Regularization Loss: 4.450e-06 | Val Loss: 1.458e-01 | Time: 9.45s
2025-08-18 17:25:09,949:INFO:Epoch: 9450/20000 | Train Loss: 4.159e-02 | Dynamic Loss: 4.158e-02 | Regularization Loss: 4.591e-06 | Val Loss: 1.449e-01 | Time: 6.02s
2025-08-18 17:25:18,914:INFO:Epoch: 9500/20000 | Train Loss: 4.280e-02 | Dynamic Loss: 4.279e-02 | Regularization Loss: 4.307e-06 | Val Loss: 1.442e-01 | Time: 8.96s
2025-08-18 17:25:24,662:INFO:Epoch: 9550/20000 | Train Loss: 3.975e-02 | Dynamic Loss: 3.975e-02 | Regularization Loss: 4.452e-06 | Val Loss: 1.434e-01 | Time: 5.75s
2025-08-18 17:25:30,657:INFO:Epoch: 9600/20000 | Train Loss: 3.987e-02 | Dynamic Loss: 3.986e-02 | Regularization Loss: 4.481e-06 | Val Loss: 1.433e-01 | Time: 6.00s
2025-08-18 17:25:36,738:INFO:Epoch: 9650/20000 | Train Loss: 4.590e-02 | Dynamic Loss: 4.590e-02 | Regularization Loss: 4.061e-06 | Val Loss: 1.473e-01 | Time: 6.08s
2025-08-18 17:25:42,678:INFO:Epoch: 9700/20000 | Train Loss: 3.861e-02 | Dynamic Loss: 3.860e-02 | Regularization Loss: 4.373e-06 | Val Loss: 1.436e-01 | Time: 5.94s
2025-08-18 17:25:48,785:INFO:Epoch: 9750/20000 | Train Loss: 4.091e-02 | Dynamic Loss: 4.091e-02 | Regularization Loss: 4.200e-06 | Val Loss: 1.444e-01 | Time: 6.11s
2025-08-18 17:25:54,694:INFO:Epoch: 9800/20000 | Train Loss: 4.662e-02 | Dynamic Loss: 4.661e-02 | Regularization Loss: 4.262e-06 | Val Loss: 1.478e-01 | Time: 5.91s
2025-08-18 17:26:00,490:INFO:Epoch: 9850/20000 | Train Loss: 3.968e-02 | Dynamic Loss: 3.967e-02 | Regularization Loss: 4.147e-06 | Val Loss: 1.441e-01 | Time: 5.80s
2025-08-18 17:26:06,296:INFO:Epoch: 9900/20000 | Train Loss: 4.021e-02 | Dynamic Loss: 4.021e-02 | Regularization Loss: 4.110e-06 | Val Loss: 1.445e-01 | Time: 5.81s
2025-08-18 17:26:12,092:INFO:Epoch: 9950/20000 | Train Loss: 4.161e-02 | Dynamic Loss: 4.161e-02 | Regularization Loss: 4.059e-06 | Val Loss: 1.451e-01 | Time: 5.80s
2025-08-18 17:26:18,182:INFO:Epoch: 10000/20000 | Train Loss: 3.921e-02 | Dynamic Loss: 3.920e-02 | Regularization Loss: 4.039e-06 | Val Loss: 1.441e-01 | Time: 6.09s
2025-08-18 17:26:31,354:INFO:Epoch: 10050/20000 | Train Loss: 4.081e-02 | Dynamic Loss: 4.080e-02 | Regularization Loss: 3.953e-06 | Val Loss: 1.468e-01 | Time: 13.17s
2025-08-18 17:26:37,404:INFO:Epoch: 10100/20000 | Train Loss: 3.904e-02 | Dynamic Loss: 3.904e-02 | Regularization Loss: 4.023e-06 | Val Loss: 1.451e-01 | Time: 6.05s
2025-08-18 17:26:48,191:INFO:Epoch: 10150/20000 | Train Loss: 3.947e-02 | Dynamic Loss: 3.946e-02 | Regularization Loss: 3.908e-06 | Val Loss: 1.448e-01 | Time: 10.79s
2025-08-18 17:26:53,975:INFO:Epoch: 10200/20000 | Train Loss: 3.906e-02 | Dynamic Loss: 3.906e-02 | Regularization Loss: 3.861e-06 | Val Loss: 1.449e-01 | Time: 5.78s
2025-08-18 17:26:59,826:INFO:Epoch: 10250/20000 | Train Loss: 4.082e-02 | Dynamic Loss: 4.082e-02 | Regularization Loss: 3.701e-06 | Val Loss: 1.446e-01 | Time: 5.85s
2025-08-18 17:27:05,666:INFO:Epoch: 10300/20000 | Train Loss: 3.869e-02 | Dynamic Loss: 3.869e-02 | Regularization Loss: 3.799e-06 | Val Loss: 1.447e-01 | Time: 5.84s
2025-08-18 17:27:11,630:INFO:Epoch: 10350/20000 | Train Loss: 4.036e-02 | Dynamic Loss: 4.036e-02 | Regularization Loss: 3.610e-06 | Val Loss: 1.464e-01 | Time: 5.96s
2025-08-18 17:27:17,484:INFO:Epoch: 10400/20000 | Train Loss: 4.153e-02 | Dynamic Loss: 4.152e-02 | Regularization Loss: 3.613e-06 | Val Loss: 1.486e-01 | Time: 5.85s
2025-08-18 17:27:23,280:INFO:Epoch: 10450/20000 | Train Loss: 4.106e-02 | Dynamic Loss: 4.105e-02 | Regularization Loss: 3.629e-06 | Val Loss: 1.477e-01 | Time: 5.80s
2025-08-18 17:27:36,066:INFO:Epoch: 10500/20000 | Train Loss: 3.887e-02 | Dynamic Loss: 3.887e-02 | Regularization Loss: 3.589e-06 | Val Loss: 1.467e-01 | Time: 12.79s
2025-08-18 17:27:41,927:INFO:Epoch: 10550/20000 | Train Loss: 4.091e-02 | Dynamic Loss: 4.091e-02 | Regularization Loss: 3.528e-06 | Val Loss: 1.487e-01 | Time: 5.86s
2025-08-18 17:27:47,774:INFO:Epoch: 10600/20000 | Train Loss: 3.745e-02 | Dynamic Loss: 3.745e-02 | Regularization Loss: 3.568e-06 | Val Loss: 1.459e-01 | Time: 5.85s
2025-08-18 17:27:53,497:INFO:Epoch: 10650/20000 | Train Loss: 3.858e-02 | Dynamic Loss: 3.858e-02 | Regularization Loss: 3.463e-06 | Val Loss: 1.468e-01 | Time: 5.72s
2025-08-18 17:27:59,216:INFO:Epoch: 10700/20000 | Train Loss: 3.795e-02 | Dynamic Loss: 3.795e-02 | Regularization Loss: 3.463e-06 | Val Loss: 1.461e-01 | Time: 5.72s
2025-08-18 17:28:05,381:INFO:Epoch: 10750/20000 | Train Loss: 3.762e-02 | Dynamic Loss: 3.761e-02 | Regularization Loss: 3.444e-06 | Val Loss: 1.458e-01 | Time: 6.17s
2025-08-18 17:28:11,363:INFO:Epoch: 10800/20000 | Train Loss: 3.777e-02 | Dynamic Loss: 3.777e-02 | Regularization Loss: 3.363e-06 | Val Loss: 1.460e-01 | Time: 5.98s
2025-08-18 17:28:20,285:INFO:Epoch: 10850/20000 | Train Loss: 3.916e-02 | Dynamic Loss: 3.915e-02 | Regularization Loss: 3.298e-06 | Val Loss: 1.474e-01 | Time: 8.92s
2025-08-18 17:28:26,172:INFO:Epoch: 10900/20000 | Train Loss: 3.848e-02 | Dynamic Loss: 3.848e-02 | Regularization Loss: 3.285e-06 | Val Loss: 1.465e-01 | Time: 5.89s
2025-08-18 17:28:38,499:INFO:Epoch: 10950/20000 | Train Loss: 3.915e-02 | Dynamic Loss: 3.915e-02 | Regularization Loss: 3.192e-06 | Val Loss: 1.487e-01 | Time: 12.33s
2025-08-18 17:28:44,282:INFO:Epoch: 11000/20000 | Train Loss: 3.912e-02 | Dynamic Loss: 3.912e-02 | Regularization Loss: 3.183e-06 | Val Loss: 1.486e-01 | Time: 5.78s
2025-08-18 17:28:50,178:INFO:Epoch: 11050/20000 | Train Loss: 3.792e-02 | Dynamic Loss: 3.792e-02 | Regularization Loss: 3.122e-06 | Val Loss: 1.489e-01 | Time: 5.90s
2025-08-18 17:28:56,102:INFO:Epoch: 11100/20000 | Train Loss: 3.729e-02 | Dynamic Loss: 3.729e-02 | Regularization Loss: 3.113e-06 | Val Loss: 1.476e-01 | Time: 5.92s
2025-08-18 17:29:02,008:INFO:Epoch: 11150/20000 | Train Loss: 3.909e-02 | Dynamic Loss: 3.909e-02 | Regularization Loss: 3.039e-06 | Val Loss: 1.498e-01 | Time: 5.91s
2025-08-18 17:29:07,827:INFO:Epoch: 11200/20000 | Train Loss: 3.998e-02 | Dynamic Loss: 3.998e-02 | Regularization Loss: 2.939e-06 | Val Loss: 1.509e-01 | Time: 5.82s
2025-08-18 17:29:13,673:INFO:Epoch: 11250/20000 | Train Loss: 3.710e-02 | Dynamic Loss: 3.710e-02 | Regularization Loss: 3.012e-06 | Val Loss: 1.481e-01 | Time: 5.85s
2025-08-18 17:29:19,473:INFO:Epoch: 11300/20000 | Train Loss: 3.766e-02 | Dynamic Loss: 3.766e-02 | Regularization Loss: 2.905e-06 | Val Loss: 1.487e-01 | Time: 5.80s
2025-08-18 17:29:25,228:INFO:Epoch: 11350/20000 | Train Loss: 3.731e-02 | Dynamic Loss: 3.731e-02 | Regularization Loss: 2.898e-06 | Val Loss: 1.491e-01 | Time: 5.75s
2025-08-18 17:29:34,273:INFO:Epoch: 11400/20000 | Train Loss: 3.578e-02 | Dynamic Loss: 3.578e-02 | Regularization Loss: 2.903e-06 | Val Loss: 1.479e-01 | Time: 9.05s
2025-08-18 17:29:40,157:INFO:Epoch: 11450/20000 | Train Loss: 3.782e-02 | Dynamic Loss: 3.781e-02 | Regularization Loss: 2.802e-06 | Val Loss: 1.493e-01 | Time: 5.88s
2025-08-18 17:29:48,608:INFO:Epoch: 11500/20000 | Train Loss: 4.464e-02 | Dynamic Loss: 4.463e-02 | Regularization Loss: 2.655e-06 | Val Loss: 1.534e-01 | Time: 8.45s
2025-08-18 17:29:54,435:INFO:Epoch: 11550/20000 | Train Loss: 3.596e-02 | Dynamic Loss: 3.596e-02 | Regularization Loss: 2.743e-06 | Val Loss: 1.498e-01 | Time: 5.83s
2025-08-18 17:30:00,463:INFO:Epoch: 11600/20000 | Train Loss: 3.741e-02 | Dynamic Loss: 3.741e-02 | Regularization Loss: 2.677e-06 | Val Loss: 1.519e-01 | Time: 6.03s
2025-08-18 17:30:06,518:INFO:Epoch: 11650/20000 | Train Loss: 3.788e-02 | Dynamic Loss: 3.788e-02 | Regularization Loss: 2.611e-06 | Val Loss: 1.493e-01 | Time: 6.06s
2025-08-18 17:30:12,572:INFO:Epoch: 11700/20000 | Train Loss: 3.549e-02 | Dynamic Loss: 3.549e-02 | Regularization Loss: 2.594e-06 | Val Loss: 1.499e-01 | Time: 6.05s
2025-08-18 17:30:18,380:INFO:Epoch: 11750/20000 | Train Loss: 3.493e-02 | Dynamic Loss: 3.493e-02 | Regularization Loss: 2.590e-06 | Val Loss: 1.502e-01 | Time: 5.81s
2025-08-18 17:30:26,778:INFO:Epoch: 11800/20000 | Train Loss: 3.510e-02 | Dynamic Loss: 3.510e-02 | Regularization Loss: 2.513e-06 | Val Loss: 1.504e-01 | Time: 8.40s
2025-08-18 17:30:32,644:INFO:Epoch: 11850/20000 | Train Loss: 3.691e-02 | Dynamic Loss: 3.691e-02 | Regularization Loss: 2.443e-06 | Val Loss: 1.516e-01 | Time: 5.87s
2025-08-18 17:30:38,629:INFO:Epoch: 11900/20000 | Train Loss: 3.459e-02 | Dynamic Loss: 3.459e-02 | Regularization Loss: 2.464e-06 | Val Loss: 1.509e-01 | Time: 5.99s
2025-08-18 17:30:44,331:INFO:Epoch: 11950/20000 | Train Loss: 3.506e-02 | Dynamic Loss: 3.506e-02 | Regularization Loss: 2.384e-06 | Val Loss: 1.518e-01 | Time: 5.70s
2025-08-18 17:30:50,104:INFO:Epoch: 12000/20000 | Train Loss: 3.517e-02 | Dynamic Loss: 3.517e-02 | Regularization Loss: 2.341e-06 | Val Loss: 1.519e-01 | Time: 5.77s
2025-08-18 17:30:56,104:INFO:Epoch: 12050/20000 | Train Loss: 3.514e-02 | Dynamic Loss: 3.514e-02 | Regularization Loss: 2.296e-06 | Val Loss: 1.520e-01 | Time: 6.00s
2025-08-18 17:31:01,864:INFO:Epoch: 12100/20000 | Train Loss: 3.486e-02 | Dynamic Loss: 3.486e-02 | Regularization Loss: 2.243e-06 | Val Loss: 1.518e-01 | Time: 5.76s
2025-08-18 17:31:10,679:INFO:Epoch: 12150/20000 | Train Loss: 3.451e-02 | Dynamic Loss: 3.451e-02 | Regularization Loss: 2.238e-06 | Val Loss: 1.535e-01 | Time: 8.82s
2025-08-18 17:31:16,745:INFO:Epoch: 12200/20000 | Train Loss: 3.452e-02 | Dynamic Loss: 3.452e-02 | Regularization Loss: 2.161e-06 | Val Loss: 1.525e-01 | Time: 6.07s
2025-08-18 17:31:29,739:INFO:Epoch: 12250/20000 | Train Loss: 3.502e-02 | Dynamic Loss: 3.501e-02 | Regularization Loss: 2.133e-06 | Val Loss: 1.536e-01 | Time: 12.99s
2025-08-18 17:31:35,530:INFO:Epoch: 12300/20000 | Train Loss: 3.357e-02 | Dynamic Loss: 3.357e-02 | Regularization Loss: 2.119e-06 | Val Loss: 1.535e-01 | Time: 5.79s
2025-08-18 17:31:41,382:INFO:Epoch: 12350/20000 | Train Loss: 3.375e-02 | Dynamic Loss: 3.375e-02 | Regularization Loss: 2.104e-06 | Val Loss: 1.560e-01 | Time: 5.85s
2025-08-18 17:31:47,173:INFO:Epoch: 12400/20000 | Train Loss: 3.353e-02 | Dynamic Loss: 3.353e-02 | Regularization Loss: 2.066e-06 | Val Loss: 1.541e-01 | Time: 5.79s
2025-08-18 17:53:53,631:INFO:Created DataLoaders with 5994 training samples and 1998 validation samples.
2025-08-18 17:53:54,999:INFO:model params: 526849
