2025-08-18 21:32:46,090:INFO:Created DataLoaders with 5994 training samples and 1998 validation samples.
2025-08-18 21:32:46,702:INFO:model params: 526849
2025-08-18 21:32:47,473:INFO:Epoch: 0/10000 | Train Loss: 4.030e+00 | Dynamic Loss: 3.165e+00 | Regularization Loss: 8.646e-01 | Val Loss: 2.207e+00 | Time: 0.77s
2025-08-18 21:32:47,473:INFO:New best model found at epoch 0 with validation loss 2.207e+00. Saving...
2025-08-18 21:32:52,800:INFO:Epoch: 50/10000 | Train Loss: 1.659e+00 | Dynamic Loss: 1.651e+00 | Regularization Loss: 7.539e-03 | Val Loss: 1.682e+00 | Time: 5.30s
2025-08-18 21:32:52,800:INFO:New best model found at epoch 50 with validation loss 1.682e+00. Saving...
2025-08-18 21:32:58,010:INFO:Epoch: 100/10000 | Train Loss: 1.492e+00 | Dynamic Loss: 1.489e+00 | Regularization Loss: 3.066e-03 | Val Loss: 1.516e+00 | Time: 5.20s
2025-08-18 21:32:58,010:INFO:New best model found at epoch 100 with validation loss 1.516e+00. Saving...
2025-08-18 21:33:03,287:INFO:Epoch: 150/10000 | Train Loss: 1.380e+00 | Dynamic Loss: 1.378e+00 | Regularization Loss: 1.723e-03 | Val Loss: 1.418e+00 | Time: 5.27s
2025-08-18 21:33:03,287:INFO:New best model found at epoch 150 with validation loss 1.418e+00. Saving...
2025-08-18 21:33:08,611:INFO:Epoch: 200/10000 | Train Loss: 1.259e+00 | Dynamic Loss: 1.258e+00 | Regularization Loss: 1.123e-03 | Val Loss: 1.301e+00 | Time: 5.31s
2025-08-18 21:33:08,611:INFO:New best model found at epoch 200 with validation loss 1.301e+00. Saving...
2025-08-18 21:33:13,893:INFO:Epoch: 250/10000 | Train Loss: 1.200e+00 | Dynamic Loss: 1.199e+00 | Regularization Loss: 7.967e-04 | Val Loss: 1.237e+00 | Time: 5.27s
2025-08-18 21:33:13,893:INFO:New best model found at epoch 250 with validation loss 1.237e+00. Saving...
2025-08-18 21:33:24,115:INFO:Epoch: 300/10000 | Train Loss: 1.132e+00 | Dynamic Loss: 1.131e+00 | Regularization Loss: 5.974e-04 | Val Loss: 1.233e+00 | Time: 10.21s
2025-08-18 21:33:24,115:INFO:New best model found at epoch 300 with validation loss 1.233e+00. Saving...
2025-08-18 21:33:29,440:INFO:Epoch: 350/10000 | Train Loss: 1.054e+00 | Dynamic Loss: 1.054e+00 | Regularization Loss: 4.656e-04 | Val Loss: 1.112e+00 | Time: 5.32s
2025-08-18 21:33:29,440:INFO:New best model found at epoch 350 with validation loss 1.112e+00. Saving...
2025-08-18 21:33:34,844:INFO:Epoch: 400/10000 | Train Loss: 9.728e-01 | Dynamic Loss: 9.725e-01 | Regularization Loss: 3.734e-04 | Val Loss: 1.042e+00 | Time: 5.39s
2025-08-18 21:33:34,845:INFO:New best model found at epoch 400 with validation loss 1.042e+00. Saving...
2025-08-18 21:33:40,183:INFO:Epoch: 450/10000 | Train Loss: 9.215e-01 | Dynamic Loss: 9.212e-01 | Regularization Loss: 3.060e-04 | Val Loss: 1.006e+00 | Time: 5.33s
2025-08-18 21:33:40,183:INFO:New best model found at epoch 450 with validation loss 1.006e+00. Saving...
2025-08-18 21:33:45,608:INFO:Epoch: 500/10000 | Train Loss: 8.577e-01 | Dynamic Loss: 8.574e-01 | Regularization Loss: 2.552e-04 | Val Loss: 9.368e-01 | Time: 5.42s
2025-08-18 21:33:45,608:INFO:New best model found at epoch 500 with validation loss 9.368e-01. Saving...
2025-08-18 21:33:51,075:INFO:Epoch: 550/10000 | Train Loss: 1.281e+00 | Dynamic Loss: 1.281e+00 | Regularization Loss: 2.157e-04 | Val Loss: 1.068e+00 | Time: 5.46s
2025-08-18 21:33:56,489:INFO:Epoch: 600/10000 | Train Loss: 7.780e-01 | Dynamic Loss: 7.779e-01 | Regularization Loss: 1.845e-04 | Val Loss: 8.622e-01 | Time: 5.41s
2025-08-18 21:33:56,489:INFO:New best model found at epoch 600 with validation loss 8.622e-01. Saving...
2025-08-18 21:34:02,996:INFO:Epoch: 650/10000 | Train Loss: 7.618e-01 | Dynamic Loss: 7.617e-01 | Regularization Loss: 1.593e-04 | Val Loss: 8.445e-01 | Time: 6.50s
2025-08-18 21:34:02,996:INFO:New best model found at epoch 650 with validation loss 8.445e-01. Saving...
2025-08-18 21:34:08,467:INFO:Epoch: 700/10000 | Train Loss: 6.954e-01 | Dynamic Loss: 6.953e-01 | Regularization Loss: 1.388e-04 | Val Loss: 7.831e-01 | Time: 5.46s
2025-08-18 21:34:08,467:INFO:New best model found at epoch 700 with validation loss 7.831e-01. Saving...
2025-08-18 21:34:18,858:INFO:Epoch: 750/10000 | Train Loss: 6.530e-01 | Dynamic Loss: 6.529e-01 | Regularization Loss: 1.217e-04 | Val Loss: 7.470e-01 | Time: 10.38s
2025-08-18 21:34:18,858:INFO:New best model found at epoch 750 with validation loss 7.470e-01. Saving...
2025-08-18 21:34:24,339:INFO:Epoch: 800/10000 | Train Loss: 6.788e-01 | Dynamic Loss: 6.787e-01 | Regularization Loss: 1.074e-04 | Val Loss: 7.899e-01 | Time: 5.47s
2025-08-18 21:34:35,316:INFO:Epoch: 850/10000 | Train Loss: 5.857e-01 | Dynamic Loss: 5.856e-01 | Regularization Loss: 9.532e-05 | Val Loss: 6.819e-01 | Time: 10.98s
2025-08-18 21:34:35,316:INFO:New best model found at epoch 850 with validation loss 6.819e-01. Saving...
2025-08-18 21:34:40,925:INFO:Epoch: 900/10000 | Train Loss: 5.833e-01 | Dynamic Loss: 5.832e-01 | Regularization Loss: 8.505e-05 | Val Loss: 6.680e-01 | Time: 5.60s
2025-08-18 21:34:40,925:INFO:New best model found at epoch 900 with validation loss 6.680e-01. Saving...
2025-08-18 21:34:46,496:INFO:Epoch: 950/10000 | Train Loss: 5.607e-01 | Dynamic Loss: 5.607e-01 | Regularization Loss: 7.615e-05 | Val Loss: 6.784e-01 | Time: 5.56s
2025-08-18 21:34:52,001:INFO:Epoch: 1000/10000 | Train Loss: 5.306e-01 | Dynamic Loss: 5.305e-01 | Regularization Loss: 6.855e-05 | Val Loss: 6.247e-01 | Time: 5.51s
2025-08-18 21:34:52,002:INFO:New best model found at epoch 1000 with validation loss 6.247e-01. Saving...
2025-08-18 21:34:57,529:INFO:Epoch: 1050/10000 | Train Loss: 5.121e-01 | Dynamic Loss: 5.121e-01 | Regularization Loss: 6.185e-05 | Val Loss: 6.129e-01 | Time: 5.52s
2025-08-18 21:34:57,529:INFO:New best model found at epoch 1050 with validation loss 6.129e-01. Saving...
2025-08-18 21:35:02,976:INFO:Epoch: 1100/10000 | Train Loss: 4.943e-01 | Dynamic Loss: 4.942e-01 | Regularization Loss: 5.603e-05 | Val Loss: 5.942e-01 | Time: 5.44s
2025-08-18 21:35:02,976:INFO:New best model found at epoch 1100 with validation loss 5.942e-01. Saving...
2025-08-18 21:35:08,553:INFO:Epoch: 1150/10000 | Train Loss: 4.809e-01 | Dynamic Loss: 4.808e-01 | Regularization Loss: 5.088e-05 | Val Loss: 5.837e-01 | Time: 5.57s
2025-08-18 21:35:08,553:INFO:New best model found at epoch 1150 with validation loss 5.837e-01. Saving...
2025-08-18 21:35:19,884:INFO:Epoch: 1200/10000 | Train Loss: 5.001e-01 | Dynamic Loss: 5.001e-01 | Regularization Loss: 4.634e-05 | Val Loss: 5.939e-01 | Time: 11.32s
2025-08-18 21:35:25,315:INFO:Epoch: 1250/10000 | Train Loss: 5.166e-01 | Dynamic Loss: 5.166e-01 | Regularization Loss: 4.237e-05 | Val Loss: 6.373e-01 | Time: 5.43s
2025-08-18 21:35:30,888:INFO:Epoch: 1300/10000 | Train Loss: 4.529e-01 | Dynamic Loss: 4.529e-01 | Regularization Loss: 3.882e-05 | Val Loss: 5.593e-01 | Time: 5.57s
2025-08-18 21:35:30,888:INFO:New best model found at epoch 1300 with validation loss 5.593e-01. Saving...
2025-08-18 21:35:36,435:INFO:Epoch: 1350/10000 | Train Loss: 4.330e-01 | Dynamic Loss: 4.329e-01 | Regularization Loss: 3.566e-05 | Val Loss: 5.397e-01 | Time: 5.54s
2025-08-18 21:35:36,435:INFO:New best model found at epoch 1350 with validation loss 5.397e-01. Saving...
2025-08-18 21:35:41,917:INFO:Epoch: 1400/10000 | Train Loss: 4.519e-01 | Dynamic Loss: 4.518e-01 | Regularization Loss: 3.281e-05 | Val Loss: 5.833e-01 | Time: 5.47s
2025-08-18 21:35:53,066:INFO:Epoch: 1450/10000 | Train Loss: 4.632e-01 | Dynamic Loss: 4.631e-01 | Regularization Loss: 3.029e-05 | Val Loss: 5.621e-01 | Time: 11.15s
2025-08-18 21:35:58,462:INFO:Epoch: 1500/10000 | Train Loss: 4.065e-01 | Dynamic Loss: 4.065e-01 | Regularization Loss: 2.797e-05 | Val Loss: 5.010e-01 | Time: 5.40s
2025-08-18 21:35:58,462:INFO:New best model found at epoch 1500 with validation loss 5.010e-01. Saving...
2025-08-18 21:36:08,776:INFO:Epoch: 1550/10000 | Train Loss: 3.968e-01 | Dynamic Loss: 3.968e-01 | Regularization Loss: 2.597e-05 | Val Loss: 5.758e-01 | Time: 10.31s
2025-08-18 21:36:14,210:INFO:Epoch: 1600/10000 | Train Loss: 3.506e-01 | Dynamic Loss: 3.506e-01 | Regularization Loss: 2.421e-05 | Val Loss: 4.693e-01 | Time: 5.43s
2025-08-18 21:36:14,210:INFO:New best model found at epoch 1600 with validation loss 4.693e-01. Saving...
2025-08-18 21:36:19,716:INFO:Epoch: 1650/10000 | Train Loss: 3.816e-01 | Dynamic Loss: 3.816e-01 | Regularization Loss: 2.258e-05 | Val Loss: 4.916e-01 | Time: 5.50s
2025-08-18 21:36:25,164:INFO:Epoch: 1700/10000 | Train Loss: 3.301e-01 | Dynamic Loss: 3.301e-01 | Regularization Loss: 2.116e-05 | Val Loss: 4.499e-01 | Time: 5.45s
2025-08-18 21:36:25,164:INFO:New best model found at epoch 1700 with validation loss 4.499e-01. Saving...
2025-08-18 21:36:30,602:INFO:Epoch: 1750/10000 | Train Loss: 3.036e-01 | Dynamic Loss: 3.036e-01 | Regularization Loss: 1.989e-05 | Val Loss: 4.225e-01 | Time: 5.43s
2025-08-18 21:36:30,602:INFO:New best model found at epoch 1750 with validation loss 4.225e-01. Saving...
2025-08-18 21:36:42,262:INFO:Epoch: 1800/10000 | Train Loss: 2.998e-01 | Dynamic Loss: 2.998e-01 | Regularization Loss: 1.875e-05 | Val Loss: 4.227e-01 | Time: 11.65s
2025-08-18 21:36:47,758:INFO:Epoch: 1850/10000 | Train Loss: 2.843e-01 | Dynamic Loss: 2.843e-01 | Regularization Loss: 1.773e-05 | Val Loss: 4.056e-01 | Time: 5.49s
2025-08-18 21:36:47,758:INFO:New best model found at epoch 1850 with validation loss 4.056e-01. Saving...
2025-08-18 21:36:53,289:INFO:Epoch: 1900/10000 | Train Loss: 2.685e-01 | Dynamic Loss: 2.685e-01 | Regularization Loss: 1.682e-05 | Val Loss: 3.896e-01 | Time: 5.52s
2025-08-18 21:36:53,289:INFO:New best model found at epoch 1900 with validation loss 3.896e-01. Saving...
2025-08-18 21:36:58,771:INFO:Epoch: 1950/10000 | Train Loss: 2.779e-01 | Dynamic Loss: 2.779e-01 | Regularization Loss: 1.598e-05 | Val Loss: 3.947e-01 | Time: 5.47s
2025-08-18 21:37:04,307:INFO:Epoch: 2000/10000 | Train Loss: 2.512e-01 | Dynamic Loss: 2.512e-01 | Regularization Loss: 1.526e-05 | Val Loss: 3.713e-01 | Time: 5.54s
2025-08-18 21:37:04,307:INFO:New best model found at epoch 2000 with validation loss 3.713e-01. Saving...
2025-08-18 21:37:09,766:INFO:Epoch: 2050/10000 | Train Loss: 2.450e-01 | Dynamic Loss: 2.449e-01 | Regularization Loss: 1.460e-05 | Val Loss: 3.802e-01 | Time: 5.45s
2025-08-18 21:37:15,219:INFO:Epoch: 2100/10000 | Train Loss: 2.509e-01 | Dynamic Loss: 2.509e-01 | Regularization Loss: 1.404e-05 | Val Loss: 3.511e-01 | Time: 5.45s
2025-08-18 21:37:15,219:INFO:New best model found at epoch 2100 with validation loss 3.511e-01. Saving...
2025-08-18 21:37:26,745:INFO:Epoch: 2150/10000 | Train Loss: 2.403e-01 | Dynamic Loss: 2.403e-01 | Regularization Loss: 1.354e-05 | Val Loss: 3.522e-01 | Time: 11.52s
2025-08-18 21:37:32,248:INFO:Epoch: 2200/10000 | Train Loss: 2.265e-01 | Dynamic Loss: 2.265e-01 | Regularization Loss: 1.310e-05 | Val Loss: 3.493e-01 | Time: 5.50s
2025-08-18 21:37:32,248:INFO:New best model found at epoch 2200 with validation loss 3.493e-01. Saving...
2025-08-18 21:37:37,799:INFO:Epoch: 2250/10000 | Train Loss: 2.306e-01 | Dynamic Loss: 2.305e-01 | Regularization Loss: 1.273e-05 | Val Loss: 3.508e-01 | Time: 5.54s
2025-08-18 21:37:43,404:INFO:Epoch: 2300/10000 | Train Loss: 2.236e-01 | Dynamic Loss: 2.236e-01 | Regularization Loss: 1.243e-05 | Val Loss: 3.456e-01 | Time: 5.60s
2025-08-18 21:37:43,404:INFO:New best model found at epoch 2300 with validation loss 3.456e-01. Saving...
2025-08-18 21:37:48,996:INFO:Epoch: 2350/10000 | Train Loss: 2.232e-01 | Dynamic Loss: 2.232e-01 | Regularization Loss: 1.216e-05 | Val Loss: 3.678e-01 | Time: 5.58s
2025-08-18 21:37:54,479:INFO:Epoch: 2400/10000 | Train Loss: 1.956e-01 | Dynamic Loss: 1.956e-01 | Regularization Loss: 1.195e-05 | Val Loss: 3.181e-01 | Time: 5.48s
2025-08-18 21:37:54,479:INFO:New best model found at epoch 2400 with validation loss 3.181e-01. Saving...
2025-08-18 21:38:00,043:INFO:Epoch: 2450/10000 | Train Loss: 1.941e-01 | Dynamic Loss: 1.941e-01 | Regularization Loss: 1.179e-05 | Val Loss: 3.128e-01 | Time: 5.56s
2025-08-18 21:38:00,043:INFO:New best model found at epoch 2450 with validation loss 3.128e-01. Saving...
2025-08-18 21:38:05,548:INFO:Epoch: 2500/10000 | Train Loss: 1.829e-01 | Dynamic Loss: 1.829e-01 | Regularization Loss: 1.171e-05 | Val Loss: 3.138e-01 | Time: 5.50s
2025-08-18 21:38:11,005:INFO:Epoch: 2550/10000 | Train Loss: 2.010e-01 | Dynamic Loss: 2.010e-01 | Regularization Loss: 1.166e-05 | Val Loss: 3.122e-01 | Time: 5.46s
2025-08-18 21:38:11,005:INFO:New best model found at epoch 2550 with validation loss 3.122e-01. Saving...
2025-08-18 21:38:21,419:INFO:Epoch: 2600/10000 | Train Loss: 1.761e-01 | Dynamic Loss: 1.761e-01 | Regularization Loss: 1.173e-05 | Val Loss: 2.982e-01 | Time: 10.41s
2025-08-18 21:38:21,419:INFO:New best model found at epoch 2600 with validation loss 2.982e-01. Saving...
2025-08-18 21:38:26,928:INFO:Epoch: 2650/10000 | Train Loss: 1.808e-01 | Dynamic Loss: 1.807e-01 | Regularization Loss: 1.173e-05 | Val Loss: 3.115e-01 | Time: 5.50s
2025-08-18 21:38:35,554:INFO:Epoch: 2700/10000 | Train Loss: 1.883e-01 | Dynamic Loss: 1.883e-01 | Regularization Loss: 1.184e-05 | Val Loss: 3.008e-01 | Time: 8.63s
2025-08-18 21:38:41,148:INFO:Epoch: 2750/10000 | Train Loss: 1.819e-01 | Dynamic Loss: 1.819e-01 | Regularization Loss: 1.189e-05 | Val Loss: 2.963e-01 | Time: 5.59s
2025-08-18 21:38:41,148:INFO:New best model found at epoch 2750 with validation loss 2.963e-01. Saving...
2025-08-18 21:38:46,624:INFO:Epoch: 2800/10000 | Train Loss: 1.579e-01 | Dynamic Loss: 1.578e-01 | Regularization Loss: 1.204e-05 | Val Loss: 2.812e-01 | Time: 5.47s
2025-08-18 21:38:46,624:INFO:New best model found at epoch 2800 with validation loss 2.812e-01. Saving...
2025-08-18 21:38:54,675:INFO:Epoch: 2850/10000 | Train Loss: 1.777e-01 | Dynamic Loss: 1.777e-01 | Regularization Loss: 1.214e-05 | Val Loss: 2.908e-01 | Time: 8.04s
2025-08-18 21:39:00,152:INFO:Epoch: 2900/10000 | Train Loss: 1.511e-01 | Dynamic Loss: 1.511e-01 | Regularization Loss: 1.233e-05 | Val Loss: 2.721e-01 | Time: 5.48s
2025-08-18 21:39:00,152:INFO:New best model found at epoch 2900 with validation loss 2.721e-01. Saving...
2025-08-18 21:39:11,817:INFO:Epoch: 2950/10000 | Train Loss: 1.672e-01 | Dynamic Loss: 1.671e-01 | Regularization Loss: 1.252e-05 | Val Loss: 2.749e-01 | Time: 11.66s
2025-08-18 21:39:17,329:INFO:Epoch: 3000/10000 | Train Loss: 1.463e-01 | Dynamic Loss: 1.463e-01 | Regularization Loss: 1.265e-05 | Val Loss: 2.819e-01 | Time: 5.51s
2025-08-18 21:39:29,531:INFO:Epoch: 3050/10000 | Train Loss: 1.472e-01 | Dynamic Loss: 1.471e-01 | Regularization Loss: 1.283e-05 | Val Loss: 2.780e-01 | Time: 12.20s
2025-08-18 21:39:35,050:INFO:Epoch: 3100/10000 | Train Loss: 1.519e-01 | Dynamic Loss: 1.519e-01 | Regularization Loss: 1.301e-05 | Val Loss: 2.804e-01 | Time: 5.52s
2025-08-18 21:39:40,638:INFO:Epoch: 3150/10000 | Train Loss: 1.461e-01 | Dynamic Loss: 1.461e-01 | Regularization Loss: 1.331e-05 | Val Loss: 2.670e-01 | Time: 5.59s
2025-08-18 21:39:40,638:INFO:New best model found at epoch 3150 with validation loss 2.670e-01. Saving...
2025-08-18 21:39:46,354:INFO:Epoch: 3200/10000 | Train Loss: 1.389e-01 | Dynamic Loss: 1.388e-01 | Regularization Loss: 1.347e-05 | Val Loss: 2.619e-01 | Time: 5.71s
2025-08-18 21:39:46,355:INFO:New best model found at epoch 3200 with validation loss 2.619e-01. Saving...
2025-08-18 21:39:51,876:INFO:Epoch: 3250/10000 | Train Loss: 1.460e-01 | Dynamic Loss: 1.460e-01 | Regularization Loss: 1.366e-05 | Val Loss: 2.650e-01 | Time: 5.51s
2025-08-18 21:39:59,889:INFO:Epoch: 3300/10000 | Train Loss: 1.396e-01 | Dynamic Loss: 1.396e-01 | Regularization Loss: 1.388e-05 | Val Loss: 2.579e-01 | Time: 8.01s
2025-08-18 21:39:59,889:INFO:New best model found at epoch 3300 with validation loss 2.579e-01. Saving...
2025-08-18 21:40:05,494:INFO:Epoch: 3350/10000 | Train Loss: 1.696e-01 | Dynamic Loss: 1.696e-01 | Regularization Loss: 1.411e-05 | Val Loss: 2.923e-01 | Time: 5.60s
2025-08-18 21:40:17,405:INFO:Epoch: 3400/10000 | Train Loss: 1.290e-01 | Dynamic Loss: 1.290e-01 | Regularization Loss: 1.424e-05 | Val Loss: 2.660e-01 | Time: 11.91s
2025-08-18 21:40:23,024:INFO:Epoch: 3450/10000 | Train Loss: 1.460e-01 | Dynamic Loss: 1.460e-01 | Regularization Loss: 1.445e-05 | Val Loss: 2.642e-01 | Time: 5.62s
2025-08-18 21:40:33,895:INFO:Epoch: 3500/10000 | Train Loss: 1.287e-01 | Dynamic Loss: 1.287e-01 | Regularization Loss: 1.465e-05 | Val Loss: 2.500e-01 | Time: 10.87s
2025-08-18 21:40:33,895:INFO:New best model found at epoch 3500 with validation loss 2.500e-01. Saving...
2025-08-18 21:40:39,421:INFO:Epoch: 3550/10000 | Train Loss: 1.321e-01 | Dynamic Loss: 1.321e-01 | Regularization Loss: 1.482e-05 | Val Loss: 2.525e-01 | Time: 5.51s
2025-08-18 21:40:45,003:INFO:Epoch: 3600/10000 | Train Loss: 1.222e-01 | Dynamic Loss: 1.221e-01 | Regularization Loss: 1.493e-05 | Val Loss: 2.507e-01 | Time: 5.58s
2025-08-18 21:40:50,537:INFO:Epoch: 3650/10000 | Train Loss: 1.148e-01 | Dynamic Loss: 1.148e-01 | Regularization Loss: 1.531e-05 | Val Loss: 2.427e-01 | Time: 5.53s
2025-08-18 21:40:50,537:INFO:New best model found at epoch 3650 with validation loss 2.427e-01. Saving...
2025-08-18 21:40:56,233:INFO:Epoch: 3700/10000 | Train Loss: 1.151e-01 | Dynamic Loss: 1.151e-01 | Regularization Loss: 1.543e-05 | Val Loss: 2.380e-01 | Time: 5.69s
2025-08-18 21:40:56,233:INFO:New best model found at epoch 3700 with validation loss 2.380e-01. Saving...
2025-08-18 21:41:01,831:INFO:Epoch: 3750/10000 | Train Loss: 1.140e-01 | Dynamic Loss: 1.140e-01 | Regularization Loss: 1.560e-05 | Val Loss: 2.464e-01 | Time: 5.59s
2025-08-18 21:41:07,446:INFO:Epoch: 3800/10000 | Train Loss: 1.126e-01 | Dynamic Loss: 1.126e-01 | Regularization Loss: 1.586e-05 | Val Loss: 2.402e-01 | Time: 5.61s
2025-08-18 21:41:18,231:INFO:Epoch: 3850/10000 | Train Loss: 1.137e-01 | Dynamic Loss: 1.137e-01 | Regularization Loss: 1.595e-05 | Val Loss: 2.360e-01 | Time: 10.78s
2025-08-18 21:41:18,231:INFO:New best model found at epoch 3850 with validation loss 2.360e-01. Saving...
2025-08-18 21:41:23,793:INFO:Epoch: 3900/10000 | Train Loss: 1.118e-01 | Dynamic Loss: 1.118e-01 | Regularization Loss: 1.618e-05 | Val Loss: 2.328e-01 | Time: 5.55s
2025-08-18 21:41:23,793:INFO:New best model found at epoch 3900 with validation loss 2.328e-01. Saving...
2025-08-18 21:41:29,406:INFO:Epoch: 3950/10000 | Train Loss: 1.055e-01 | Dynamic Loss: 1.054e-01 | Regularization Loss: 1.607e-05 | Val Loss: 2.480e-01 | Time: 5.60s
2025-08-18 21:41:35,017:INFO:Epoch: 4000/10000 | Train Loss: 1.044e-01 | Dynamic Loss: 1.044e-01 | Regularization Loss: 1.632e-05 | Val Loss: 2.330e-01 | Time: 5.61s
2025-08-18 21:41:40,623:INFO:Epoch: 4050/10000 | Train Loss: 1.221e-01 | Dynamic Loss: 1.221e-01 | Regularization Loss: 1.628e-05 | Val Loss: 2.546e-01 | Time: 5.61s
2025-08-18 21:41:46,207:INFO:Epoch: 4100/10000 | Train Loss: 1.018e-01 | Dynamic Loss: 1.018e-01 | Regularization Loss: 1.656e-05 | Val Loss: 2.345e-01 | Time: 5.58s
2025-08-18 21:41:51,895:INFO:Epoch: 4150/10000 | Train Loss: 1.150e-01 | Dynamic Loss: 1.150e-01 | Regularization Loss: 1.658e-05 | Val Loss: 2.334e-01 | Time: 5.69s
2025-08-18 21:41:57,451:INFO:Epoch: 4200/10000 | Train Loss: 1.008e-01 | Dynamic Loss: 1.007e-01 | Regularization Loss: 1.647e-05 | Val Loss: 2.288e-01 | Time: 5.56s
2025-08-18 21:41:57,451:INFO:New best model found at epoch 4200 with validation loss 2.288e-01. Saving...
2025-08-18 21:42:03,218:INFO:Epoch: 4250/10000 | Train Loss: 1.121e-01 | Dynamic Loss: 1.121e-01 | Regularization Loss: 1.659e-05 | Val Loss: 2.257e-01 | Time: 5.76s
2025-08-18 21:42:03,219:INFO:New best model found at epoch 4250 with validation loss 2.257e-01. Saving...
2025-08-18 21:42:08,805:INFO:Epoch: 4300/10000 | Train Loss: 9.959e-02 | Dynamic Loss: 9.957e-02 | Regularization Loss: 1.676e-05 | Val Loss: 2.367e-01 | Time: 5.58s
2025-08-18 21:42:14,400:INFO:Epoch: 4350/10000 | Train Loss: 1.008e-01 | Dynamic Loss: 1.008e-01 | Regularization Loss: 1.681e-05 | Val Loss: 2.335e-01 | Time: 5.59s
2025-08-18 21:42:25,008:INFO:Epoch: 4400/10000 | Train Loss: 9.851e-02 | Dynamic Loss: 9.849e-02 | Regularization Loss: 1.672e-05 | Val Loss: 2.256e-01 | Time: 10.61s
2025-08-18 21:42:25,008:INFO:New best model found at epoch 4400 with validation loss 2.256e-01. Saving...
2025-08-18 21:42:30,659:INFO:Epoch: 4450/10000 | Train Loss: 1.056e-01 | Dynamic Loss: 1.056e-01 | Regularization Loss: 1.712e-05 | Val Loss: 2.332e-01 | Time: 5.64s
2025-08-18 21:42:36,206:INFO:Epoch: 4500/10000 | Train Loss: 1.001e-01 | Dynamic Loss: 1.001e-01 | Regularization Loss: 1.708e-05 | Val Loss: 2.232e-01 | Time: 5.55s
2025-08-18 21:42:36,206:INFO:New best model found at epoch 4500 with validation loss 2.232e-01. Saving...
2025-08-18 21:42:41,882:INFO:Epoch: 4550/10000 | Train Loss: 1.040e-01 | Dynamic Loss: 1.040e-01 | Regularization Loss: 1.692e-05 | Val Loss: 2.328e-01 | Time: 5.67s
2025-08-18 21:42:47,560:INFO:Epoch: 4600/10000 | Train Loss: 9.254e-02 | Dynamic Loss: 9.252e-02 | Regularization Loss: 1.702e-05 | Val Loss: 2.240e-01 | Time: 5.68s
2025-08-18 21:42:53,205:INFO:Epoch: 4650/10000 | Train Loss: 1.043e-01 | Dynamic Loss: 1.043e-01 | Regularization Loss: 1.695e-05 | Val Loss: 2.231e-01 | Time: 5.64s
2025-08-18 21:42:53,205:INFO:New best model found at epoch 4650 with validation loss 2.231e-01. Saving...
2025-08-18 21:42:58,960:INFO:Epoch: 4700/10000 | Train Loss: 1.058e-01 | Dynamic Loss: 1.058e-01 | Regularization Loss: 1.704e-05 | Val Loss: 2.280e-01 | Time: 5.75s
2025-08-18 21:43:04,592:INFO:Epoch: 4750/10000 | Train Loss: 8.454e-02 | Dynamic Loss: 8.452e-02 | Regularization Loss: 1.702e-05 | Val Loss: 2.155e-01 | Time: 5.63s
2025-08-18 21:43:04,593:INFO:New best model found at epoch 4750 with validation loss 2.155e-01. Saving...
2025-08-18 21:43:10,224:INFO:Epoch: 4800/10000 | Train Loss: 9.063e-02 | Dynamic Loss: 9.061e-02 | Regularization Loss: 1.733e-05 | Val Loss: 2.226e-01 | Time: 5.62s
2025-08-18 21:43:20,732:INFO:Epoch: 4850/10000 | Train Loss: 9.176e-02 | Dynamic Loss: 9.174e-02 | Regularization Loss: 1.704e-05 | Val Loss: 2.226e-01 | Time: 10.51s
2025-08-18 21:43:26,947:INFO:Epoch: 4900/10000 | Train Loss: 8.170e-02 | Dynamic Loss: 8.168e-02 | Regularization Loss: 1.692e-05 | Val Loss: 2.128e-01 | Time: 6.21s
2025-08-18 21:43:26,947:INFO:New best model found at epoch 4900 with validation loss 2.128e-01. Saving...
2025-08-18 21:43:32,700:INFO:Epoch: 4950/10000 | Train Loss: 8.872e-02 | Dynamic Loss: 8.870e-02 | Regularization Loss: 1.701e-05 | Val Loss: 2.207e-01 | Time: 5.74s
2025-08-18 21:43:38,400:INFO:Epoch: 5000/10000 | Train Loss: 9.392e-02 | Dynamic Loss: 9.390e-02 | Regularization Loss: 1.693e-05 | Val Loss: 2.181e-01 | Time: 5.70s
2025-08-18 21:43:44,032:INFO:Epoch: 5050/10000 | Train Loss: 8.170e-02 | Dynamic Loss: 8.168e-02 | Regularization Loss: 1.710e-05 | Val Loss: 2.188e-01 | Time: 5.63s
2025-08-18 21:43:49,549:INFO:Epoch: 5100/10000 | Train Loss: 1.031e-01 | Dynamic Loss: 1.031e-01 | Regularization Loss: 1.692e-05 | Val Loss: 2.259e-01 | Time: 5.52s
2025-08-18 21:43:55,201:INFO:Epoch: 5150/10000 | Train Loss: 8.186e-02 | Dynamic Loss: 8.184e-02 | Regularization Loss: 1.659e-05 | Val Loss: 2.205e-01 | Time: 5.65s
2025-08-18 21:44:00,847:INFO:Epoch: 5200/10000 | Train Loss: 8.485e-02 | Dynamic Loss: 8.483e-02 | Regularization Loss: 1.681e-05 | Val Loss: 2.124e-01 | Time: 5.65s
2025-08-18 21:44:00,848:INFO:New best model found at epoch 5200 with validation loss 2.124e-01. Saving...
2025-08-18 21:44:06,393:INFO:Epoch: 5250/10000 | Train Loss: 7.708e-02 | Dynamic Loss: 7.706e-02 | Regularization Loss: 1.653e-05 | Val Loss: 2.111e-01 | Time: 5.54s
2025-08-18 21:44:06,393:INFO:New best model found at epoch 5250 with validation loss 2.111e-01. Saving...
2025-08-18 21:44:16,591:INFO:Epoch: 5300/10000 | Train Loss: 8.303e-02 | Dynamic Loss: 8.301e-02 | Regularization Loss: 1.641e-05 | Val Loss: 2.167e-01 | Time: 10.19s
2025-08-18 21:44:22,205:INFO:Epoch: 5350/10000 | Train Loss: 7.437e-02 | Dynamic Loss: 7.436e-02 | Regularization Loss: 1.595e-05 | Val Loss: 2.075e-01 | Time: 5.61s
2025-08-18 21:44:22,205:INFO:New best model found at epoch 5350 with validation loss 2.075e-01. Saving...
2025-08-18 21:44:32,762:INFO:Epoch: 5400/10000 | Train Loss: 9.282e-02 | Dynamic Loss: 9.280e-02 | Regularization Loss: 1.558e-05 | Val Loss: 2.184e-01 | Time: 10.55s
2025-08-18 21:44:38,323:INFO:Epoch: 5450/10000 | Train Loss: 7.615e-02 | Dynamic Loss: 7.613e-02 | Regularization Loss: 1.548e-05 | Val Loss: 2.118e-01 | Time: 5.56s
2025-08-18 21:44:44,484:INFO:Epoch: 5500/10000 | Train Loss: 7.513e-02 | Dynamic Loss: 7.511e-02 | Regularization Loss: 1.503e-05 | Val Loss: 2.132e-01 | Time: 6.16s
2025-08-18 21:44:50,038:INFO:Epoch: 5550/10000 | Train Loss: 9.073e-02 | Dynamic Loss: 9.071e-02 | Regularization Loss: 1.468e-05 | Val Loss: 2.352e-01 | Time: 5.55s
2025-08-18 21:44:55,639:INFO:Epoch: 5600/10000 | Train Loss: 6.898e-02 | Dynamic Loss: 6.896e-02 | Regularization Loss: 1.389e-05 | Val Loss: 2.035e-01 | Time: 5.60s
2025-08-18 21:44:55,639:INFO:New best model found at epoch 5600 with validation loss 2.035e-01. Saving...
2025-08-18 21:45:01,178:INFO:Epoch: 5650/10000 | Train Loss: 7.500e-02 | Dynamic Loss: 7.499e-02 | Regularization Loss: 1.338e-05 | Val Loss: 2.106e-01 | Time: 5.53s
2025-08-18 21:45:06,845:INFO:Epoch: 5700/10000 | Train Loss: 7.553e-02 | Dynamic Loss: 7.552e-02 | Regularization Loss: 1.292e-05 | Val Loss: 2.092e-01 | Time: 5.67s
2025-08-18 21:45:12,469:INFO:Epoch: 5750/10000 | Train Loss: 6.519e-02 | Dynamic Loss: 6.518e-02 | Regularization Loss: 1.250e-05 | Val Loss: 2.033e-01 | Time: 5.62s
2025-08-18 21:45:12,469:INFO:New best model found at epoch 5750 with validation loss 2.033e-01. Saving...
2025-08-18 21:45:18,101:INFO:Epoch: 5800/10000 | Train Loss: 6.850e-02 | Dynamic Loss: 6.849e-02 | Regularization Loss: 1.200e-05 | Val Loss: 2.075e-01 | Time: 5.62s
2025-08-18 21:45:24,604:INFO:Epoch: 5850/10000 | Train Loss: 6.581e-02 | Dynamic Loss: 6.580e-02 | Regularization Loss: 1.122e-05 | Val Loss: 2.021e-01 | Time: 6.50s
2025-08-18 21:45:24,605:INFO:New best model found at epoch 5850 with validation loss 2.021e-01. Saving...
2025-08-18 21:45:30,272:INFO:Epoch: 5900/10000 | Train Loss: 6.816e-02 | Dynamic Loss: 6.815e-02 | Regularization Loss: 1.055e-05 | Val Loss: 2.039e-01 | Time: 5.66s
2025-08-18 21:45:42,453:INFO:Epoch: 5950/10000 | Train Loss: 6.752e-02 | Dynamic Loss: 6.751e-02 | Regularization Loss: 1.013e-05 | Val Loss: 2.040e-01 | Time: 12.18s
2025-08-18 21:45:48,167:INFO:Epoch: 6000/10000 | Train Loss: 6.514e-02 | Dynamic Loss: 6.513e-02 | Regularization Loss: 9.247e-06 | Val Loss: 2.053e-01 | Time: 5.71s
2025-08-18 21:45:53,798:INFO:Epoch: 6050/10000 | Train Loss: 6.515e-02 | Dynamic Loss: 6.514e-02 | Regularization Loss: 8.489e-06 | Val Loss: 2.055e-01 | Time: 5.63s
2025-08-18 21:45:59,430:INFO:Epoch: 6100/10000 | Train Loss: 6.680e-02 | Dynamic Loss: 6.679e-02 | Regularization Loss: 8.583e-06 | Val Loss: 2.016e-01 | Time: 5.63s
2025-08-18 21:45:59,431:INFO:New best model found at epoch 6100 with validation loss 2.016e-01. Saving...
2025-08-18 21:46:05,131:INFO:Epoch: 6150/10000 | Train Loss: 6.397e-02 | Dynamic Loss: 6.396e-02 | Regularization Loss: 7.981e-06 | Val Loss: 2.002e-01 | Time: 5.69s
2025-08-18 21:46:05,131:INFO:New best model found at epoch 6150 with validation loss 2.002e-01. Saving...
2025-08-18 21:46:10,778:INFO:Epoch: 6200/10000 | Train Loss: 6.196e-02 | Dynamic Loss: 6.196e-02 | Regularization Loss: 7.483e-06 | Val Loss: 2.048e-01 | Time: 5.64s
2025-08-18 21:46:16,533:INFO:Epoch: 6250/10000 | Train Loss: 7.633e-02 | Dynamic Loss: 7.632e-02 | Regularization Loss: 5.821e-06 | Val Loss: 2.100e-01 | Time: 5.75s
2025-08-18 21:46:22,152:INFO:Epoch: 6300/10000 | Train Loss: 6.822e-02 | Dynamic Loss: 6.821e-02 | Regularization Loss: 6.065e-06 | Val Loss: 2.066e-01 | Time: 5.62s
2025-08-18 21:46:27,742:INFO:Epoch: 6350/10000 | Train Loss: 7.335e-02 | Dynamic Loss: 7.334e-02 | Regularization Loss: 5.918e-06 | Val Loss: 2.046e-01 | Time: 5.59s
2025-08-18 21:46:33,758:INFO:Epoch: 6400/10000 | Train Loss: 5.737e-02 | Dynamic Loss: 5.736e-02 | Regularization Loss: 5.305e-06 | Val Loss: 1.987e-01 | Time: 6.02s
2025-08-18 21:46:33,758:INFO:New best model found at epoch 6400 with validation loss 1.987e-01. Saving...
2025-08-18 21:46:39,375:INFO:Epoch: 6450/10000 | Train Loss: 5.485e-02 | Dynamic Loss: 5.485e-02 | Regularization Loss: 5.929e-06 | Val Loss: 1.958e-01 | Time: 5.61s
2025-08-18 21:46:39,375:INFO:New best model found at epoch 6450 with validation loss 1.958e-01. Saving...
2025-08-18 21:46:51,548:INFO:Epoch: 6500/10000 | Train Loss: 1.217e-01 | Dynamic Loss: 1.217e-01 | Regularization Loss: 5.161e-06 | Val Loss: 2.595e-01 | Time: 12.16s
2025-08-18 21:46:57,121:INFO:Epoch: 6550/10000 | Train Loss: 5.215e-02 | Dynamic Loss: 5.215e-02 | Regularization Loss: 4.948e-06 | Val Loss: 1.952e-01 | Time: 5.57s
2025-08-18 21:46:57,121:INFO:New best model found at epoch 6550 with validation loss 1.952e-01. Saving...
2025-08-18 21:47:03,812:INFO:Epoch: 6600/10000 | Train Loss: 5.368e-02 | Dynamic Loss: 5.367e-02 | Regularization Loss: 4.588e-06 | Val Loss: 1.978e-01 | Time: 6.68s
2025-08-18 21:47:09,617:INFO:Epoch: 6650/10000 | Train Loss: 8.476e-02 | Dynamic Loss: 8.476e-02 | Regularization Loss: 3.746e-06 | Val Loss: 2.129e-01 | Time: 5.81s
2025-08-18 21:47:15,438:INFO:Epoch: 6700/10000 | Train Loss: 5.409e-02 | Dynamic Loss: 5.409e-02 | Regularization Loss: 3.896e-06 | Val Loss: 1.950e-01 | Time: 5.82s
2025-08-18 21:47:15,438:INFO:New best model found at epoch 6700 with validation loss 1.950e-01. Saving...
2025-08-18 21:47:21,042:INFO:Epoch: 6750/10000 | Train Loss: 4.750e-02 | Dynamic Loss: 4.750e-02 | Regularization Loss: 3.796e-06 | Val Loss: 1.925e-01 | Time: 5.59s
2025-08-18 21:47:21,042:INFO:New best model found at epoch 6750 with validation loss 1.925e-01. Saving...
2025-08-18 21:47:26,741:INFO:Epoch: 6800/10000 | Train Loss: 5.642e-02 | Dynamic Loss: 5.642e-02 | Regularization Loss: 3.127e-06 | Val Loss: 2.060e-01 | Time: 5.69s
2025-08-18 21:47:32,443:INFO:Epoch: 6850/10000 | Train Loss: 6.106e-02 | Dynamic Loss: 6.105e-02 | Regularization Loss: 2.788e-06 | Val Loss: 2.033e-01 | Time: 5.70s
2025-08-18 21:47:38,174:INFO:Epoch: 6900/10000 | Train Loss: 6.931e-02 | Dynamic Loss: 6.931e-02 | Regularization Loss: 2.514e-06 | Val Loss: 2.000e-01 | Time: 5.73s
2025-08-18 21:47:43,792:INFO:Epoch: 6950/10000 | Train Loss: 5.239e-02 | Dynamic Loss: 5.239e-02 | Regularization Loss: 2.838e-06 | Val Loss: 1.946e-01 | Time: 5.62s
2025-08-18 21:47:49,501:INFO:Epoch: 7000/10000 | Train Loss: 5.147e-02 | Dynamic Loss: 5.147e-02 | Regularization Loss: 2.759e-06 | Val Loss: 1.962e-01 | Time: 5.71s
2025-08-18 21:47:55,122:INFO:Epoch: 7050/10000 | Train Loss: 4.510e-02 | Dynamic Loss: 4.510e-02 | Regularization Loss: 2.695e-06 | Val Loss: 1.919e-01 | Time: 5.62s
2025-08-18 21:47:55,122:INFO:New best model found at epoch 7050 with validation loss 1.919e-01. Saving...
2025-08-18 21:48:00,791:INFO:Epoch: 7100/10000 | Train Loss: 5.383e-02 | Dynamic Loss: 5.383e-02 | Regularization Loss: 2.410e-06 | Val Loss: 1.995e-01 | Time: 5.66s
2025-08-18 21:48:13,500:INFO:Epoch: 7150/10000 | Train Loss: 5.657e-02 | Dynamic Loss: 5.657e-02 | Regularization Loss: 2.003e-06 | Val Loss: 2.037e-01 | Time: 12.71s
2025-08-18 21:48:19,119:INFO:Epoch: 7200/10000 | Train Loss: 4.705e-02 | Dynamic Loss: 4.705e-02 | Regularization Loss: 2.289e-06 | Val Loss: 1.939e-01 | Time: 5.62s
2025-08-18 21:48:25,644:INFO:Epoch: 7250/10000 | Train Loss: 5.428e-02 | Dynamic Loss: 5.428e-02 | Regularization Loss: 2.147e-06 | Val Loss: 2.000e-01 | Time: 6.53s
2025-08-18 21:48:31,238:INFO:Epoch: 7300/10000 | Train Loss: 5.699e-02 | Dynamic Loss: 5.699e-02 | Regularization Loss: 2.076e-06 | Val Loss: 1.984e-01 | Time: 5.59s
2025-08-18 21:48:37,281:INFO:Epoch: 7350/10000 | Train Loss: 5.650e-02 | Dynamic Loss: 5.649e-02 | Regularization Loss: 1.802e-06 | Val Loss: 2.027e-01 | Time: 6.04s
2025-08-18 21:48:43,095:INFO:Epoch: 7400/10000 | Train Loss: 4.388e-02 | Dynamic Loss: 4.388e-02 | Regularization Loss: 1.909e-06 | Val Loss: 1.897e-01 | Time: 5.81s
2025-08-18 21:48:43,095:INFO:New best model found at epoch 7400 with validation loss 1.897e-01. Saving...
2025-08-18 21:48:48,961:INFO:Epoch: 7450/10000 | Train Loss: 4.007e-02 | Dynamic Loss: 4.007e-02 | Regularization Loss: 1.818e-06 | Val Loss: 1.860e-01 | Time: 5.86s
2025-08-18 21:48:48,961:INFO:New best model found at epoch 7450 with validation loss 1.860e-01. Saving...
2025-08-18 21:48:54,588:INFO:Epoch: 7500/10000 | Train Loss: 4.438e-02 | Dynamic Loss: 4.438e-02 | Regularization Loss: 1.647e-06 | Val Loss: 1.925e-01 | Time: 5.62s
2025-08-18 21:49:02,696:INFO:Epoch: 7550/10000 | Train Loss: 4.685e-02 | Dynamic Loss: 4.685e-02 | Regularization Loss: 1.640e-06 | Val Loss: 1.959e-01 | Time: 8.11s
2025-08-18 21:49:08,360:INFO:Epoch: 7600/10000 | Train Loss: 4.417e-02 | Dynamic Loss: 4.417e-02 | Regularization Loss: 1.548e-06 | Val Loss: 1.897e-01 | Time: 5.66s
2025-08-18 21:49:14,048:INFO:Epoch: 7650/10000 | Train Loss: 4.188e-02 | Dynamic Loss: 4.188e-02 | Regularization Loss: 1.480e-06 | Val Loss: 1.879e-01 | Time: 5.69s
2025-08-18 21:49:19,703:INFO:Epoch: 7700/10000 | Train Loss: 4.236e-02 | Dynamic Loss: 4.236e-02 | Regularization Loss: 1.348e-06 | Val Loss: 1.890e-01 | Time: 5.65s
2025-08-18 21:49:25,559:INFO:Epoch: 7750/10000 | Train Loss: 3.915e-02 | Dynamic Loss: 3.915e-02 | Regularization Loss: 1.360e-06 | Val Loss: 1.867e-01 | Time: 5.86s
2025-08-18 21:49:31,291:INFO:Epoch: 7800/10000 | Train Loss: 4.853e-02 | Dynamic Loss: 4.853e-02 | Regularization Loss: 1.148e-06 | Val Loss: 1.946e-01 | Time: 5.73s
2025-08-18 21:49:36,952:INFO:Epoch: 7850/10000 | Train Loss: 3.891e-02 | Dynamic Loss: 3.891e-02 | Regularization Loss: 1.288e-06 | Val Loss: 1.861e-01 | Time: 5.66s
2025-08-18 21:49:44,817:INFO:Epoch: 7900/10000 | Train Loss: 6.560e-02 | Dynamic Loss: 6.560e-02 | Regularization Loss: 8.781e-07 | Val Loss: 2.090e-01 | Time: 7.86s
2025-08-18 21:49:50,597:INFO:Epoch: 7950/10000 | Train Loss: 3.916e-02 | Dynamic Loss: 3.916e-02 | Regularization Loss: 1.175e-06 | Val Loss: 1.855e-01 | Time: 5.78s
2025-08-18 21:49:50,597:INFO:New best model found at epoch 7950 with validation loss 1.855e-01. Saving...
2025-08-18 21:50:03,033:INFO:Epoch: 8000/10000 | Train Loss: 4.134e-02 | Dynamic Loss: 4.134e-02 | Regularization Loss: 1.160e-06 | Val Loss: 1.893e-01 | Time: 12.43s
2025-08-18 21:50:08,659:INFO:Epoch: 8050/10000 | Train Loss: 5.330e-02 | Dynamic Loss: 5.330e-02 | Regularization Loss: 8.983e-07 | Val Loss: 1.953e-01 | Time: 5.63s
2025-08-18 21:50:17,426:INFO:Epoch: 8100/10000 | Train Loss: 4.060e-02 | Dynamic Loss: 4.060e-02 | Regularization Loss: 1.059e-06 | Val Loss: 1.849e-01 | Time: 8.77s
2025-08-18 21:50:17,426:INFO:New best model found at epoch 8100 with validation loss 1.849e-01. Saving...
2025-08-18 21:50:23,119:INFO:Epoch: 8150/10000 | Train Loss: 4.163e-02 | Dynamic Loss: 4.163e-02 | Regularization Loss: 1.010e-06 | Val Loss: 1.930e-01 | Time: 5.68s
2025-08-18 21:50:28,938:INFO:Epoch: 8200/10000 | Train Loss: 3.660e-02 | Dynamic Loss: 3.660e-02 | Regularization Loss: 9.759e-07 | Val Loss: 1.847e-01 | Time: 5.82s
2025-08-18 21:50:28,938:INFO:New best model found at epoch 8200 with validation loss 1.847e-01. Saving...
2025-08-18 21:50:34,708:INFO:Epoch: 8250/10000 | Train Loss: 3.530e-02 | Dynamic Loss: 3.530e-02 | Regularization Loss: 9.323e-07 | Val Loss: 1.838e-01 | Time: 5.76s
2025-08-18 21:50:34,708:INFO:New best model found at epoch 8250 with validation loss 1.838e-01. Saving...
2025-08-18 21:50:40,387:INFO:Epoch: 8300/10000 | Train Loss: 4.567e-02 | Dynamic Loss: 4.567e-02 | Regularization Loss: 8.916e-07 | Val Loss: 1.917e-01 | Time: 5.67s
2025-08-18 21:50:45,988:INFO:Epoch: 8350/10000 | Train Loss: 3.510e-02 | Dynamic Loss: 3.510e-02 | Regularization Loss: 8.708e-07 | Val Loss: 1.847e-01 | Time: 5.60s
2025-08-18 21:50:51,656:INFO:Epoch: 8400/10000 | Train Loss: 3.909e-02 | Dynamic Loss: 3.909e-02 | Regularization Loss: 8.590e-07 | Val Loss: 1.900e-01 | Time: 5.67s
2025-08-18 21:50:57,283:INFO:Epoch: 8450/10000 | Train Loss: 3.488e-02 | Dynamic Loss: 3.487e-02 | Regularization Loss: 8.155e-07 | Val Loss: 1.850e-01 | Time: 5.63s
2025-08-18 21:51:03,000:INFO:Epoch: 8500/10000 | Train Loss: 3.375e-02 | Dynamic Loss: 3.375e-02 | Regularization Loss: 7.953e-07 | Val Loss: 1.830e-01 | Time: 5.72s
2025-08-18 21:51:03,001:INFO:New best model found at epoch 8500 with validation loss 1.830e-01. Saving...
2025-08-18 21:51:08,615:INFO:Epoch: 8550/10000 | Train Loss: 3.958e-02 | Dynamic Loss: 3.958e-02 | Regularization Loss: 7.877e-07 | Val Loss: 1.882e-01 | Time: 5.60s
2025-08-18 21:51:14,202:INFO:Epoch: 8600/10000 | Train Loss: 3.212e-02 | Dynamic Loss: 3.212e-02 | Regularization Loss: 7.423e-07 | Val Loss: 1.827e-01 | Time: 5.59s
2025-08-18 21:51:14,202:INFO:New best model found at epoch 8600 with validation loss 1.827e-01. Saving...
2025-08-18 21:51:26,969:INFO:Epoch: 8650/10000 | Train Loss: 3.216e-02 | Dynamic Loss: 3.216e-02 | Regularization Loss: 7.112e-07 | Val Loss: 1.818e-01 | Time: 12.76s
2025-08-18 21:51:26,969:INFO:New best model found at epoch 8650 with validation loss 1.818e-01. Saving...
2025-08-18 21:51:32,609:INFO:Epoch: 8700/10000 | Train Loss: 3.429e-02 | Dynamic Loss: 3.429e-02 | Regularization Loss: 6.913e-07 | Val Loss: 1.823e-01 | Time: 5.63s
2025-08-18 21:51:39,211:INFO:Epoch: 8750/10000 | Train Loss: 3.760e-02 | Dynamic Loss: 3.760e-02 | Regularization Loss: 6.580e-07 | Val Loss: 1.861e-01 | Time: 6.60s
2025-08-18 21:51:44,854:INFO:Epoch: 8800/10000 | Train Loss: 4.511e-02 | Dynamic Loss: 4.511e-02 | Regularization Loss: 5.998e-07 | Val Loss: 1.934e-01 | Time: 5.64s
2025-08-18 21:51:50,712:INFO:Epoch: 8850/10000 | Train Loss: 3.961e-02 | Dynamic Loss: 3.961e-02 | Regularization Loss: 5.731e-07 | Val Loss: 1.864e-01 | Time: 5.86s
2025-08-18 21:51:56,341:INFO:Epoch: 8900/10000 | Train Loss: 3.269e-02 | Dynamic Loss: 3.269e-02 | Regularization Loss: 5.869e-07 | Val Loss: 1.815e-01 | Time: 5.63s
2025-08-18 21:51:56,341:INFO:New best model found at epoch 8900 with validation loss 1.815e-01. Saving...
2025-08-18 21:52:01,977:INFO:Epoch: 8950/10000 | Train Loss: 3.109e-02 | Dynamic Loss: 3.109e-02 | Regularization Loss: 5.621e-07 | Val Loss: 1.810e-01 | Time: 5.63s
2025-08-18 21:52:01,977:INFO:New best model found at epoch 8950 with validation loss 1.810e-01. Saving...
2025-08-18 21:52:08,045:INFO:Epoch: 9000/10000 | Train Loss: 3.485e-02 | Dynamic Loss: 3.485e-02 | Regularization Loss: 5.182e-07 | Val Loss: 1.847e-01 | Time: 6.06s
2025-08-18 21:52:13,658:INFO:Epoch: 9050/10000 | Train Loss: 3.171e-02 | Dynamic Loss: 3.170e-02 | Regularization Loss: 5.265e-07 | Val Loss: 1.820e-01 | Time: 5.61s
2025-08-18 21:52:24,678:INFO:Epoch: 9100/10000 | Train Loss: 3.180e-02 | Dynamic Loss: 3.179e-02 | Regularization Loss: 4.935e-07 | Val Loss: 1.834e-01 | Time: 11.02s
2025-08-18 21:52:30,301:INFO:Epoch: 9150/10000 | Train Loss: 3.247e-02 | Dynamic Loss: 3.247e-02 | Regularization Loss: 4.636e-07 | Val Loss: 1.879e-01 | Time: 5.62s
2025-08-18 21:52:42,113:INFO:Epoch: 9200/10000 | Train Loss: 4.251e-02 | Dynamic Loss: 4.251e-02 | Regularization Loss: 4.075e-07 | Val Loss: 1.887e-01 | Time: 11.81s
2025-08-18 21:52:47,834:INFO:Epoch: 9250/10000 | Train Loss: 3.457e-02 | Dynamic Loss: 3.457e-02 | Regularization Loss: 4.219e-07 | Val Loss: 1.838e-01 | Time: 5.72s
2025-08-18 21:52:53,503:INFO:Epoch: 9300/10000 | Train Loss: 3.286e-02 | Dynamic Loss: 3.286e-02 | Regularization Loss: 3.752e-07 | Val Loss: 1.850e-01 | Time: 5.67s
2025-08-18 21:52:59,167:INFO:Epoch: 9350/10000 | Train Loss: 3.278e-02 | Dynamic Loss: 3.278e-02 | Regularization Loss: 3.784e-07 | Val Loss: 1.857e-01 | Time: 5.66s
2025-08-18 21:53:04,974:INFO:Epoch: 9400/10000 | Train Loss: 3.082e-02 | Dynamic Loss: 3.082e-02 | Regularization Loss: 3.505e-07 | Val Loss: 1.818e-01 | Time: 5.81s
2025-08-18 21:53:10,689:INFO:Epoch: 9450/10000 | Train Loss: 3.081e-02 | Dynamic Loss: 3.081e-02 | Regularization Loss: 3.073e-07 | Val Loss: 1.814e-01 | Time: 5.72s
2025-08-18 21:53:16,466:INFO:Epoch: 9500/10000 | Train Loss: 3.095e-02 | Dynamic Loss: 3.095e-02 | Regularization Loss: 2.836e-07 | Val Loss: 1.805e-01 | Time: 5.78s
2025-08-18 21:53:16,466:INFO:New best model found at epoch 9500 with validation loss 1.805e-01. Saving...
2025-08-18 21:53:22,462:INFO:Epoch: 9550/10000 | Train Loss: 3.457e-02 | Dynamic Loss: 3.457e-02 | Regularization Loss: 2.606e-07 | Val Loss: 1.858e-01 | Time: 5.99s
2025-08-18 21:53:28,204:INFO:Epoch: 9600/10000 | Train Loss: 3.027e-02 | Dynamic Loss: 3.027e-02 | Regularization Loss: 2.386e-07 | Val Loss: 1.822e-01 | Time: 5.74s
2025-08-18 21:53:40,844:INFO:Epoch: 9650/10000 | Train Loss: 3.077e-02 | Dynamic Loss: 3.077e-02 | Regularization Loss: 2.216e-07 | Val Loss: 1.821e-01 | Time: 12.64s
2025-08-18 21:53:46,496:INFO:Epoch: 9700/10000 | Train Loss: 3.216e-02 | Dynamic Loss: 3.216e-02 | Regularization Loss: 2.156e-07 | Val Loss: 1.847e-01 | Time: 5.65s
2025-08-18 21:53:52,389:INFO:Epoch: 9750/10000 | Train Loss: 3.234e-02 | Dynamic Loss: 3.234e-02 | Regularization Loss: 1.881e-07 | Val Loss: 1.847e-01 | Time: 5.89s
2025-08-18 21:53:58,045:INFO:Epoch: 9800/10000 | Train Loss: 3.489e-02 | Dynamic Loss: 3.489e-02 | Regularization Loss: 1.803e-07 | Val Loss: 1.894e-01 | Time: 5.66s
2025-08-18 21:54:03,759:INFO:Epoch: 9850/10000 | Train Loss: 3.267e-02 | Dynamic Loss: 3.267e-02 | Regularization Loss: 1.705e-07 | Val Loss: 1.836e-01 | Time: 5.71s
2025-08-18 21:54:09,353:INFO:Epoch: 9900/10000 | Train Loss: 2.882e-02 | Dynamic Loss: 2.882e-02 | Regularization Loss: 1.541e-07 | Val Loss: 1.830e-01 | Time: 5.59s
2025-08-18 21:54:17,496:INFO:Epoch: 9950/10000 | Train Loss: 2.914e-02 | Dynamic Loss: 2.914e-02 | Regularization Loss: 1.417e-07 | Val Loss: 1.862e-01 | Time: 8.14s
2025-08-18 21:54:23,507:INFO:Epoch: 10000/10000 | Train Loss: 3.472e-02 | Dynamic Loss: 3.472e-02 | Regularization Loss: 1.301e-07 | Val Loss: 1.892e-01 | Time: 6.01s
