2025-08-18 13:31:13,011:INFO:Created DataLoaders with 2994 training samples and 998 validation samples.
2025-08-18 13:31:13,617:INFO:model params: 98945
2025-08-18 13:31:14,285:INFO:Epoch: 0/10000 | Train Loss: 9.283e+02 | Dynamic Loss: 9.283e+02 | Regularization Loss: 0.000e+00 | Val Loss: 3.268e+02 | Time: 0.67s
2025-08-18 13:31:14,285:INFO:New best model found at epoch 0 with validation loss 3.268e+02. Saving...
2025-08-18 13:31:18,236:INFO:Epoch: 50/10000 | Train Loss: 2.883e+00 | Dynamic Loss: 2.883e+00 | Regularization Loss: 0.000e+00 | Val Loss: 5.435e+00 | Time: 3.95s
2025-08-18 13:31:18,237:INFO:New best model found at epoch 50 with validation loss 5.435e+00. Saving...
2025-08-18 13:31:27,326:INFO:Epoch: 100/10000 | Train Loss: 1.969e+00 | Dynamic Loss: 1.969e+00 | Regularization Loss: 0.000e+00 | Val Loss: 2.723e+00 | Time: 9.08s
2025-08-18 13:31:27,327:INFO:New best model found at epoch 100 with validation loss 2.723e+00. Saving...
2025-08-18 13:31:31,448:INFO:Epoch: 150/10000 | Train Loss: 1.761e+00 | Dynamic Loss: 1.761e+00 | Regularization Loss: 0.000e+00 | Val Loss: 1.975e+00 | Time: 4.12s
2025-08-18 13:31:31,448:INFO:New best model found at epoch 150 with validation loss 1.975e+00. Saving...
2025-08-18 13:31:35,587:INFO:Epoch: 200/10000 | Train Loss: 1.696e+00 | Dynamic Loss: 1.696e+00 | Regularization Loss: 0.000e+00 | Val Loss: 1.754e+00 | Time: 4.13s
2025-08-18 13:31:35,587:INFO:New best model found at epoch 200 with validation loss 1.754e+00. Saving...
2025-08-18 13:31:45,793:INFO:Epoch: 250/10000 | Train Loss: 1.678e+00 | Dynamic Loss: 1.678e+00 | Regularization Loss: 0.000e+00 | Val Loss: 1.701e+00 | Time: 10.20s
2025-08-18 13:31:45,793:INFO:New best model found at epoch 250 with validation loss 1.701e+00. Saving...
2025-08-18 13:31:50,028:INFO:Epoch: 300/10000 | Train Loss: 1.717e+00 | Dynamic Loss: 1.717e+00 | Regularization Loss: 0.000e+00 | Val Loss: 1.715e+00 | Time: 4.23s
2025-08-18 13:31:54,160:INFO:Epoch: 350/10000 | Train Loss: 1.925e+00 | Dynamic Loss: 1.925e+00 | Regularization Loss: 0.000e+00 | Val Loss: 2.089e+00 | Time: 4.13s
2025-08-18 13:32:04,624:INFO:Epoch: 400/10000 | Train Loss: 1.658e+00 | Dynamic Loss: 1.658e+00 | Regularization Loss: 0.000e+00 | Val Loss: 1.672e+00 | Time: 10.46s
2025-08-18 13:32:04,624:INFO:New best model found at epoch 400 with validation loss 1.672e+00. Saving...
2025-08-18 13:32:08,884:INFO:Epoch: 450/10000 | Train Loss: 1.664e+00 | Dynamic Loss: 1.664e+00 | Regularization Loss: 0.000e+00 | Val Loss: 1.675e+00 | Time: 4.25s
2025-08-18 13:32:13,049:INFO:Epoch: 500/10000 | Train Loss: 1.719e+00 | Dynamic Loss: 1.719e+00 | Regularization Loss: 0.000e+00 | Val Loss: 1.675e+00 | Time: 4.16s
2025-08-18 13:32:17,698:INFO:Epoch: 550/10000 | Train Loss: 1.633e+00 | Dynamic Loss: 1.633e+00 | Regularization Loss: 0.000e+00 | Val Loss: 1.649e+00 | Time: 4.65s
2025-08-18 13:32:17,698:INFO:New best model found at epoch 550 with validation loss 1.649e+00. Saving...
2025-08-18 13:32:21,994:INFO:Epoch: 600/10000 | Train Loss: 1.629e+00 | Dynamic Loss: 1.629e+00 | Regularization Loss: 0.000e+00 | Val Loss: 1.673e+00 | Time: 4.29s
2025-08-18 13:32:26,236:INFO:Epoch: 650/10000 | Train Loss: 1.620e+00 | Dynamic Loss: 1.620e+00 | Regularization Loss: 0.000e+00 | Val Loss: 1.640e+00 | Time: 4.24s
2025-08-18 13:32:26,236:INFO:New best model found at epoch 650 with validation loss 1.640e+00. Saving...
2025-08-18 13:32:35,807:INFO:Epoch: 700/10000 | Train Loss: 1.618e+00 | Dynamic Loss: 1.618e+00 | Regularization Loss: 0.000e+00 | Val Loss: 1.641e+00 | Time: 9.57s
2025-08-18 13:32:40,121:INFO:Epoch: 750/10000 | Train Loss: 1.612e+00 | Dynamic Loss: 1.612e+00 | Regularization Loss: 0.000e+00 | Val Loss: 1.632e+00 | Time: 4.31s
2025-08-18 13:32:40,121:INFO:New best model found at epoch 750 with validation loss 1.632e+00. Saving...
2025-08-18 13:32:44,392:INFO:Epoch: 800/10000 | Train Loss: 1.644e+00 | Dynamic Loss: 1.644e+00 | Regularization Loss: 0.000e+00 | Val Loss: 1.778e+00 | Time: 4.27s
2025-08-18 13:32:48,713:INFO:Epoch: 850/10000 | Train Loss: 1.601e+00 | Dynamic Loss: 1.601e+00 | Regularization Loss: 0.000e+00 | Val Loss: 1.628e+00 | Time: 4.32s
2025-08-18 13:32:48,714:INFO:New best model found at epoch 850 with validation loss 1.628e+00. Saving...
2025-08-18 13:32:53,128:INFO:Epoch: 900/10000 | Train Loss: 1.628e+00 | Dynamic Loss: 1.628e+00 | Regularization Loss: 0.000e+00 | Val Loss: 1.640e+00 | Time: 4.41s
2025-08-18 13:32:57,366:INFO:Epoch: 950/10000 | Train Loss: 1.595e+00 | Dynamic Loss: 1.595e+00 | Regularization Loss: 0.000e+00 | Val Loss: 1.618e+00 | Time: 4.24s
2025-08-18 13:32:57,366:INFO:New best model found at epoch 950 with validation loss 1.618e+00. Saving...
2025-08-18 13:33:01,721:INFO:Epoch: 1000/10000 | Train Loss: 1.649e+00 | Dynamic Loss: 1.649e+00 | Regularization Loss: 0.000e+00 | Val Loss: 1.691e+00 | Time: 4.35s
2025-08-18 13:33:05,946:INFO:Epoch: 1050/10000 | Train Loss: 1.591e+00 | Dynamic Loss: 1.591e+00 | Regularization Loss: 0.000e+00 | Val Loss: 1.613e+00 | Time: 4.22s
2025-08-18 13:33:05,946:INFO:New best model found at epoch 1050 with validation loss 1.613e+00. Saving...
2025-08-18 13:33:10,163:INFO:Epoch: 1100/10000 | Train Loss: 1.855e+00 | Dynamic Loss: 1.855e+00 | Regularization Loss: 0.000e+00 | Val Loss: 1.752e+00 | Time: 4.21s
2025-08-18 13:33:14,566:INFO:Epoch: 1150/10000 | Train Loss: 1.648e+00 | Dynamic Loss: 1.648e+00 | Regularization Loss: 0.000e+00 | Val Loss: 1.670e+00 | Time: 4.40s
2025-08-18 13:33:18,777:INFO:Epoch: 1200/10000 | Train Loss: 1.609e+00 | Dynamic Loss: 1.609e+00 | Regularization Loss: 0.000e+00 | Val Loss: 1.630e+00 | Time: 4.21s
2025-08-18 13:33:22,985:INFO:Epoch: 1250/10000 | Train Loss: 1.580e+00 | Dynamic Loss: 1.580e+00 | Regularization Loss: 0.000e+00 | Val Loss: 1.616e+00 | Time: 4.21s
2025-08-18 13:33:27,202:INFO:Epoch: 1300/10000 | Train Loss: 1.579e+00 | Dynamic Loss: 1.579e+00 | Regularization Loss: 0.000e+00 | Val Loss: 1.599e+00 | Time: 4.22s
2025-08-18 13:33:27,202:INFO:New best model found at epoch 1300 with validation loss 1.599e+00. Saving...
2025-08-18 13:33:37,537:INFO:Epoch: 1350/10000 | Train Loss: 1.573e+00 | Dynamic Loss: 1.573e+00 | Regularization Loss: 0.000e+00 | Val Loss: 1.597e+00 | Time: 10.33s
2025-08-18 13:33:37,537:INFO:New best model found at epoch 1350 with validation loss 1.597e+00. Saving...
2025-08-18 13:33:41,788:INFO:Epoch: 1400/10000 | Train Loss: 1.576e+00 | Dynamic Loss: 1.576e+00 | Regularization Loss: 0.000e+00 | Val Loss: 1.618e+00 | Time: 4.25s
2025-08-18 13:33:46,011:INFO:Epoch: 1450/10000 | Train Loss: 1.574e+00 | Dynamic Loss: 1.574e+00 | Regularization Loss: 0.000e+00 | Val Loss: 1.608e+00 | Time: 4.22s
2025-08-18 13:33:50,425:INFO:Epoch: 1500/10000 | Train Loss: 1.936e+00 | Dynamic Loss: 1.936e+00 | Regularization Loss: 0.000e+00 | Val Loss: 2.261e+00 | Time: 4.41s
2025-08-18 13:33:54,670:INFO:Epoch: 1550/10000 | Train Loss: 1.566e+00 | Dynamic Loss: 1.566e+00 | Regularization Loss: 0.000e+00 | Val Loss: 1.590e+00 | Time: 4.24s
2025-08-18 13:33:54,670:INFO:New best model found at epoch 1550 with validation loss 1.590e+00. Saving...
2025-08-18 13:33:58,865:INFO:Epoch: 1600/10000 | Train Loss: 1.582e+00 | Dynamic Loss: 1.582e+00 | Regularization Loss: 0.000e+00 | Val Loss: 1.608e+00 | Time: 4.19s
2025-08-18 13:34:04,350:INFO:Epoch: 1650/10000 | Train Loss: 1.593e+00 | Dynamic Loss: 1.593e+00 | Regularization Loss: 0.000e+00 | Val Loss: 1.673e+00 | Time: 5.49s
2025-08-18 13:34:08,794:INFO:Epoch: 1700/10000 | Train Loss: 1.560e+00 | Dynamic Loss: 1.560e+00 | Regularization Loss: 0.000e+00 | Val Loss: 1.585e+00 | Time: 4.44s
2025-08-18 13:34:08,794:INFO:New best model found at epoch 1700 with validation loss 1.585e+00. Saving...
2025-08-18 13:34:13,063:INFO:Epoch: 1750/10000 | Train Loss: 1.571e+00 | Dynamic Loss: 1.571e+00 | Regularization Loss: 0.000e+00 | Val Loss: 1.596e+00 | Time: 4.27s
2025-08-18 13:34:22,480:INFO:Epoch: 1800/10000 | Train Loss: 1.645e+00 | Dynamic Loss: 1.645e+00 | Regularization Loss: 0.000e+00 | Val Loss: 1.630e+00 | Time: 9.42s
2025-08-18 13:34:26,751:INFO:Epoch: 1850/10000 | Train Loss: 2.387e+00 | Dynamic Loss: 2.387e+00 | Regularization Loss: 0.000e+00 | Val Loss: 1.994e+00 | Time: 4.27s
2025-08-18 13:34:30,969:INFO:Epoch: 1900/10000 | Train Loss: 1.556e+00 | Dynamic Loss: 1.556e+00 | Regularization Loss: 0.000e+00 | Val Loss: 1.580e+00 | Time: 4.22s
2025-08-18 13:34:30,969:INFO:New best model found at epoch 1900 with validation loss 1.580e+00. Saving...
2025-08-18 13:34:41,117:INFO:Epoch: 1950/10000 | Train Loss: 1.552e+00 | Dynamic Loss: 1.552e+00 | Regularization Loss: 0.000e+00 | Val Loss: 1.576e+00 | Time: 10.14s
2025-08-18 13:34:41,117:INFO:New best model found at epoch 1950 with validation loss 1.576e+00. Saving...
2025-08-18 13:34:45,371:INFO:Epoch: 2000/10000 | Train Loss: 1.551e+00 | Dynamic Loss: 1.551e+00 | Regularization Loss: 0.000e+00 | Val Loss: 1.575e+00 | Time: 4.25s
2025-08-18 13:34:45,371:INFO:New best model found at epoch 2000 with validation loss 1.575e+00. Saving...
2025-08-18 13:34:49,685:INFO:Epoch: 2050/10000 | Train Loss: 1.545e+00 | Dynamic Loss: 1.545e+00 | Regularization Loss: 0.000e+00 | Val Loss: 1.572e+00 | Time: 4.31s
2025-08-18 13:34:49,685:INFO:New best model found at epoch 2050 with validation loss 1.572e+00. Saving...
2025-08-18 13:34:54,003:INFO:Epoch: 2100/10000 | Train Loss: 1.646e+00 | Dynamic Loss: 1.646e+00 | Regularization Loss: 0.000e+00 | Val Loss: 1.722e+00 | Time: 4.31s
2025-08-18 13:34:58,262:INFO:Epoch: 2150/10000 | Train Loss: 1.543e+00 | Dynamic Loss: 1.543e+00 | Regularization Loss: 0.000e+00 | Val Loss: 1.568e+00 | Time: 4.26s
2025-08-18 13:34:58,262:INFO:New best model found at epoch 2150 with validation loss 1.568e+00. Saving...
2025-08-18 13:35:02,467:INFO:Epoch: 2200/10000 | Train Loss: 1.543e+00 | Dynamic Loss: 1.543e+00 | Regularization Loss: 0.000e+00 | Val Loss: 1.566e+00 | Time: 4.20s
2025-08-18 13:35:02,467:INFO:New best model found at epoch 2200 with validation loss 1.566e+00. Saving...
2025-08-18 13:35:06,868:INFO:Epoch: 2250/10000 | Train Loss: 1.545e+00 | Dynamic Loss: 1.545e+00 | Regularization Loss: 0.000e+00 | Val Loss: 1.566e+00 | Time: 4.40s
2025-08-18 13:35:06,869:INFO:New best model found at epoch 2250 with validation loss 1.566e+00. Saving...
2025-08-18 13:35:17,366:INFO:Epoch: 2300/10000 | Train Loss: 1.539e+00 | Dynamic Loss: 1.539e+00 | Regularization Loss: 0.000e+00 | Val Loss: 1.563e+00 | Time: 10.49s
2025-08-18 13:35:17,367:INFO:New best model found at epoch 2300 with validation loss 1.563e+00. Saving...
2025-08-18 13:35:21,712:INFO:Epoch: 2350/10000 | Train Loss: 1.555e+00 | Dynamic Loss: 1.555e+00 | Regularization Loss: 0.000e+00 | Val Loss: 1.572e+00 | Time: 4.34s
2025-08-18 13:35:25,938:INFO:Epoch: 2400/10000 | Train Loss: 1.551e+00 | Dynamic Loss: 1.551e+00 | Regularization Loss: 0.000e+00 | Val Loss: 1.583e+00 | Time: 4.23s
2025-08-18 13:35:35,798:INFO:Epoch: 2450/10000 | Train Loss: 1.538e+00 | Dynamic Loss: 1.538e+00 | Regularization Loss: 0.000e+00 | Val Loss: 1.560e+00 | Time: 9.86s
2025-08-18 13:35:35,798:INFO:New best model found at epoch 2450 with validation loss 1.560e+00. Saving...
2025-08-18 13:35:40,165:INFO:Epoch: 2500/10000 | Train Loss: 1.535e+00 | Dynamic Loss: 1.535e+00 | Regularization Loss: 0.000e+00 | Val Loss: 1.556e+00 | Time: 4.36s
2025-08-18 13:35:40,165:INFO:New best model found at epoch 2500 with validation loss 1.556e+00. Saving...
2025-08-18 13:35:44,447:INFO:Epoch: 2550/10000 | Train Loss: 1.599e+00 | Dynamic Loss: 1.599e+00 | Regularization Loss: 0.000e+00 | Val Loss: 1.685e+00 | Time: 4.28s
2025-08-18 13:35:48,733:INFO:Epoch: 2600/10000 | Train Loss: 1.530e+00 | Dynamic Loss: 1.530e+00 | Regularization Loss: 0.000e+00 | Val Loss: 1.552e+00 | Time: 4.29s
2025-08-18 13:35:48,733:INFO:New best model found at epoch 2600 with validation loss 1.552e+00. Saving...
2025-08-18 13:35:53,347:INFO:Epoch: 2650/10000 | Train Loss: 1.525e+00 | Dynamic Loss: 1.525e+00 | Regularization Loss: 0.000e+00 | Val Loss: 1.550e+00 | Time: 4.61s
2025-08-18 13:35:53,347:INFO:New best model found at epoch 2650 with validation loss 1.550e+00. Saving...
2025-08-18 13:35:57,635:INFO:Epoch: 2700/10000 | Train Loss: 1.538e+00 | Dynamic Loss: 1.538e+00 | Regularization Loss: 0.000e+00 | Val Loss: 1.572e+00 | Time: 4.28s
2025-08-18 13:36:01,943:INFO:Epoch: 2750/10000 | Train Loss: 1.526e+00 | Dynamic Loss: 1.526e+00 | Regularization Loss: 0.000e+00 | Val Loss: 1.546e+00 | Time: 4.31s
2025-08-18 13:36:01,943:INFO:New best model found at epoch 2750 with validation loss 1.546e+00. Saving...
2025-08-18 13:36:06,305:INFO:Epoch: 2800/10000 | Train Loss: 1.522e+00 | Dynamic Loss: 1.522e+00 | Regularization Loss: 0.000e+00 | Val Loss: 1.543e+00 | Time: 4.36s
2025-08-18 13:36:06,305:INFO:New best model found at epoch 2800 with validation loss 1.543e+00. Saving...
2025-08-18 13:36:10,591:INFO:Epoch: 2850/10000 | Train Loss: 1.523e+00 | Dynamic Loss: 1.523e+00 | Regularization Loss: 0.000e+00 | Val Loss: 1.544e+00 | Time: 4.28s
2025-08-18 13:36:14,878:INFO:Epoch: 2900/10000 | Train Loss: 1.517e+00 | Dynamic Loss: 1.517e+00 | Regularization Loss: 0.000e+00 | Val Loss: 1.542e+00 | Time: 4.29s
2025-08-18 13:36:14,878:INFO:New best model found at epoch 2900 with validation loss 1.542e+00. Saving...
2025-08-18 13:36:19,333:INFO:Epoch: 2950/10000 | Train Loss: 1.517e+00 | Dynamic Loss: 1.517e+00 | Regularization Loss: 0.000e+00 | Val Loss: 1.540e+00 | Time: 4.45s
2025-08-18 13:36:19,333:INFO:New best model found at epoch 2950 with validation loss 1.540e+00. Saving...
2025-08-18 13:36:23,613:INFO:Epoch: 3000/10000 | Train Loss: 1.524e+00 | Dynamic Loss: 1.524e+00 | Regularization Loss: 0.000e+00 | Val Loss: 1.553e+00 | Time: 4.28s
2025-08-18 13:36:27,846:INFO:Epoch: 3050/10000 | Train Loss: 1.528e+00 | Dynamic Loss: 1.528e+00 | Regularization Loss: 0.000e+00 | Val Loss: 1.549e+00 | Time: 4.23s
2025-08-18 13:36:37,821:INFO:Epoch: 3100/10000 | Train Loss: 1.507e+00 | Dynamic Loss: 1.507e+00 | Regularization Loss: 0.000e+00 | Val Loss: 1.534e+00 | Time: 9.97s
2025-08-18 13:36:37,821:INFO:New best model found at epoch 3100 with validation loss 1.534e+00. Saving...
2025-08-18 13:36:42,243:INFO:Epoch: 3150/10000 | Train Loss: 1.512e+00 | Dynamic Loss: 1.512e+00 | Regularization Loss: 0.000e+00 | Val Loss: 1.533e+00 | Time: 4.42s
2025-08-18 13:36:42,243:INFO:New best model found at epoch 3150 with validation loss 1.533e+00. Saving...
2025-08-18 13:36:46,512:INFO:Epoch: 3200/10000 | Train Loss: 1.519e+00 | Dynamic Loss: 1.519e+00 | Regularization Loss: 0.000e+00 | Val Loss: 1.547e+00 | Time: 4.27s
2025-08-18 13:36:56,093:INFO:Epoch: 3250/10000 | Train Loss: 1.506e+00 | Dynamic Loss: 1.506e+00 | Regularization Loss: 0.000e+00 | Val Loss: 1.530e+00 | Time: 9.58s
2025-08-18 13:36:56,094:INFO:New best model found at epoch 3250 with validation loss 1.530e+00. Saving...
2025-08-18 13:37:00,485:INFO:Epoch: 3300/10000 | Train Loss: 1.508e+00 | Dynamic Loss: 1.508e+00 | Regularization Loss: 0.000e+00 | Val Loss: 1.532e+00 | Time: 4.39s
2025-08-18 13:37:04,728:INFO:Epoch: 3350/10000 | Train Loss: 1.519e+00 | Dynamic Loss: 1.519e+00 | Regularization Loss: 0.000e+00 | Val Loss: 1.531e+00 | Time: 4.24s
2025-08-18 13:37:14,890:INFO:Epoch: 3400/10000 | Train Loss: 1.502e+00 | Dynamic Loss: 1.502e+00 | Regularization Loss: 0.000e+00 | Val Loss: 1.527e+00 | Time: 10.16s
2025-08-18 13:37:14,890:INFO:New best model found at epoch 3400 with validation loss 1.527e+00. Saving...
2025-08-18 13:37:19,460:INFO:Epoch: 3450/10000 | Train Loss: 1.542e+00 | Dynamic Loss: 1.542e+00 | Regularization Loss: 0.000e+00 | Val Loss: 1.675e+00 | Time: 4.33s
2025-08-18 13:37:23,746:INFO:Epoch: 3500/10000 | Train Loss: 1.500e+00 | Dynamic Loss: 1.500e+00 | Regularization Loss: 0.000e+00 | Val Loss: 1.520e+00 | Time: 4.29s
2025-08-18 13:37:23,746:INFO:New best model found at epoch 3500 with validation loss 1.520e+00. Saving...
2025-08-18 13:37:28,064:INFO:Epoch: 3550/10000 | Train Loss: 1.496e+00 | Dynamic Loss: 1.496e+00 | Regularization Loss: 0.000e+00 | Val Loss: 1.518e+00 | Time: 4.31s
2025-08-18 13:37:28,065:INFO:New best model found at epoch 3550 with validation loss 1.518e+00. Saving...
2025-08-18 13:37:32,348:INFO:Epoch: 3600/10000 | Train Loss: 1.527e+00 | Dynamic Loss: 1.527e+00 | Regularization Loss: 0.000e+00 | Val Loss: 1.533e+00 | Time: 4.28s
2025-08-18 13:37:36,593:INFO:Epoch: 3650/10000 | Train Loss: 1.503e+00 | Dynamic Loss: 1.503e+00 | Regularization Loss: 0.000e+00 | Val Loss: 1.523e+00 | Time: 4.24s
2025-08-18 13:37:41,020:INFO:Epoch: 3700/10000 | Train Loss: 1.490e+00 | Dynamic Loss: 1.490e+00 | Regularization Loss: 0.000e+00 | Val Loss: 1.513e+00 | Time: 4.43s
2025-08-18 13:37:41,020:INFO:New best model found at epoch 3700 with validation loss 1.513e+00. Saving...
2025-08-18 13:37:45,300:INFO:Epoch: 3750/10000 | Train Loss: 1.491e+00 | Dynamic Loss: 1.491e+00 | Regularization Loss: 0.000e+00 | Val Loss: 1.513e+00 | Time: 4.28s
2025-08-18 13:37:49,598:INFO:Epoch: 3800/10000 | Train Loss: 1.488e+00 | Dynamic Loss: 1.488e+00 | Regularization Loss: 0.000e+00 | Val Loss: 1.510e+00 | Time: 4.30s
2025-08-18 13:37:49,598:INFO:New best model found at epoch 3800 with validation loss 1.510e+00. Saving...
2025-08-18 13:37:53,916:INFO:Epoch: 3850/10000 | Train Loss: 1.485e+00 | Dynamic Loss: 1.485e+00 | Regularization Loss: 0.000e+00 | Val Loss: 1.508e+00 | Time: 4.31s
2025-08-18 13:37:53,916:INFO:New best model found at epoch 3850 with validation loss 1.508e+00. Saving...
2025-08-18 13:38:04,087:INFO:Epoch: 3900/10000 | Train Loss: 1.487e+00 | Dynamic Loss: 1.487e+00 | Regularization Loss: 0.000e+00 | Val Loss: 1.508e+00 | Time: 10.17s
2025-08-18 13:38:08,406:INFO:Epoch: 3950/10000 | Train Loss: 1.492e+00 | Dynamic Loss: 1.492e+00 | Regularization Loss: 0.000e+00 | Val Loss: 1.515e+00 | Time: 4.32s
2025-08-18 13:38:12,601:INFO:Epoch: 4000/10000 | Train Loss: 1.486e+00 | Dynamic Loss: 1.486e+00 | Regularization Loss: 0.000e+00 | Val Loss: 1.508e+00 | Time: 4.19s
2025-08-18 13:38:12,601:INFO:New best model found at epoch 4000 with validation loss 1.508e+00. Saving...
2025-08-18 13:38:16,949:INFO:Epoch: 4050/10000 | Train Loss: 1.483e+00 | Dynamic Loss: 1.483e+00 | Regularization Loss: 0.000e+00 | Val Loss: 1.509e+00 | Time: 4.34s
2025-08-18 13:38:21,269:INFO:Epoch: 4100/10000 | Train Loss: 1.488e+00 | Dynamic Loss: 1.488e+00 | Regularization Loss: 0.000e+00 | Val Loss: 1.511e+00 | Time: 4.32s
2025-08-18 13:38:25,583:INFO:Epoch: 4150/10000 | Train Loss: 1.494e+00 | Dynamic Loss: 1.494e+00 | Regularization Loss: 0.000e+00 | Val Loss: 1.533e+00 | Time: 4.31s
2025-08-18 13:38:35,471:INFO:Epoch: 4200/10000 | Train Loss: 1.507e+00 | Dynamic Loss: 1.507e+00 | Regularization Loss: 0.000e+00 | Val Loss: 1.537e+00 | Time: 9.89s
2025-08-18 13:38:39,732:INFO:Epoch: 4250/10000 | Train Loss: 1.559e+00 | Dynamic Loss: 1.559e+00 | Regularization Loss: 0.000e+00 | Val Loss: 1.570e+00 | Time: 4.26s
2025-08-18 13:38:43,981:INFO:Epoch: 4300/10000 | Train Loss: 1.472e+00 | Dynamic Loss: 1.472e+00 | Regularization Loss: 0.000e+00 | Val Loss: 1.493e+00 | Time: 4.25s
2025-08-18 13:38:43,981:INFO:New best model found at epoch 4300 with validation loss 1.493e+00. Saving...
2025-08-18 13:38:48,332:INFO:Epoch: 4350/10000 | Train Loss: 1.473e+00 | Dynamic Loss: 1.473e+00 | Regularization Loss: 0.000e+00 | Val Loss: 1.496e+00 | Time: 4.34s
2025-08-18 13:38:52,649:INFO:Epoch: 4400/10000 | Train Loss: 1.472e+00 | Dynamic Loss: 1.472e+00 | Regularization Loss: 0.000e+00 | Val Loss: 1.492e+00 | Time: 4.32s
2025-08-18 13:38:52,649:INFO:New best model found at epoch 4400 with validation loss 1.492e+00. Saving...
2025-08-18 13:38:57,465:INFO:Epoch: 4450/10000 | Train Loss: 1.474e+00 | Dynamic Loss: 1.474e+00 | Regularization Loss: 0.000e+00 | Val Loss: 1.493e+00 | Time: 4.81s
2025-08-18 13:39:01,661:INFO:Epoch: 4500/10000 | Train Loss: 1.474e+00 | Dynamic Loss: 1.474e+00 | Regularization Loss: 0.000e+00 | Val Loss: 1.499e+00 | Time: 4.20s
2025-08-18 13:39:11,946:INFO:Epoch: 4550/10000 | Train Loss: 1.466e+00 | Dynamic Loss: 1.466e+00 | Regularization Loss: 0.000e+00 | Val Loss: 1.495e+00 | Time: 10.29s
2025-08-18 13:39:16,283:INFO:Epoch: 4600/10000 | Train Loss: 1.484e+00 | Dynamic Loss: 1.484e+00 | Regularization Loss: 0.000e+00 | Val Loss: 1.502e+00 | Time: 4.34s
2025-08-18 13:39:20,588:INFO:Epoch: 4650/10000 | Train Loss: 1.464e+00 | Dynamic Loss: 1.464e+00 | Regularization Loss: 0.000e+00 | Val Loss: 1.483e+00 | Time: 4.31s
2025-08-18 13:39:20,589:INFO:New best model found at epoch 4650 with validation loss 1.483e+00. Saving...
2025-08-18 13:39:30,741:INFO:Epoch: 4700/10000 | Train Loss: 1.456e+00 | Dynamic Loss: 1.456e+00 | Regularization Loss: 0.000e+00 | Val Loss: 1.479e+00 | Time: 10.15s
2025-08-18 13:39:30,741:INFO:New best model found at epoch 4700 with validation loss 1.479e+00. Saving...
2025-08-18 13:39:35,035:INFO:Epoch: 4750/10000 | Train Loss: 1.455e+00 | Dynamic Loss: 1.455e+00 | Regularization Loss: 0.000e+00 | Val Loss: 1.478e+00 | Time: 4.29s
2025-08-18 13:39:35,035:INFO:New best model found at epoch 4750 with validation loss 1.478e+00. Saving...
2025-08-18 13:39:39,340:INFO:Epoch: 4800/10000 | Train Loss: 1.468e+00 | Dynamic Loss: 1.468e+00 | Regularization Loss: 0.000e+00 | Val Loss: 1.481e+00 | Time: 4.30s
2025-08-18 13:39:43,753:INFO:Epoch: 4850/10000 | Train Loss: 1.453e+00 | Dynamic Loss: 1.453e+00 | Regularization Loss: 0.000e+00 | Val Loss: 1.475e+00 | Time: 4.41s
2025-08-18 13:39:43,753:INFO:New best model found at epoch 4850 with validation loss 1.475e+00. Saving...
2025-08-18 13:39:47,996:INFO:Epoch: 4900/10000 | Train Loss: 1.454e+00 | Dynamic Loss: 1.454e+00 | Regularization Loss: 0.000e+00 | Val Loss: 1.477e+00 | Time: 4.24s
2025-08-18 13:39:52,274:INFO:Epoch: 4950/10000 | Train Loss: 1.442e+00 | Dynamic Loss: 1.442e+00 | Regularization Loss: 0.000e+00 | Val Loss: 1.466e+00 | Time: 4.28s
2025-08-18 13:39:52,274:INFO:New best model found at epoch 4950 with validation loss 1.466e+00. Saving...
2025-08-18 13:39:56,582:INFO:Epoch: 5000/10000 | Train Loss: 1.443e+00 | Dynamic Loss: 1.443e+00 | Regularization Loss: 0.000e+00 | Val Loss: 1.471e+00 | Time: 4.30s
2025-08-18 13:40:06,601:INFO:Epoch: 5050/10000 | Train Loss: 1.436e+00 | Dynamic Loss: 1.436e+00 | Regularization Loss: 0.000e+00 | Val Loss: 1.461e+00 | Time: 10.02s
2025-08-18 13:40:06,601:INFO:New best model found at epoch 5050 with validation loss 1.461e+00. Saving...
2025-08-18 13:40:10,961:INFO:Epoch: 5100/10000 | Train Loss: 1.467e+00 | Dynamic Loss: 1.467e+00 | Regularization Loss: 0.000e+00 | Val Loss: 1.477e+00 | Time: 4.36s
2025-08-18 13:40:15,255:INFO:Epoch: 5150/10000 | Train Loss: 1.443e+00 | Dynamic Loss: 1.443e+00 | Regularization Loss: 0.000e+00 | Val Loss: 1.488e+00 | Time: 4.29s
2025-08-18 13:40:24,899:INFO:Epoch: 5200/10000 | Train Loss: 1.447e+00 | Dynamic Loss: 1.447e+00 | Regularization Loss: 0.000e+00 | Val Loss: 1.468e+00 | Time: 9.64s
2025-08-18 13:40:29,240:INFO:Epoch: 5250/10000 | Train Loss: 1.500e+00 | Dynamic Loss: 1.500e+00 | Regularization Loss: 0.000e+00 | Val Loss: 1.512e+00 | Time: 4.34s
2025-08-18 13:40:33,567:INFO:Epoch: 5300/10000 | Train Loss: 1.440e+00 | Dynamic Loss: 1.440e+00 | Regularization Loss: 0.000e+00 | Val Loss: 1.453e+00 | Time: 4.33s
2025-08-18 13:40:33,568:INFO:New best model found at epoch 5300 with validation loss 1.453e+00. Saving...
2025-08-18 13:40:43,621:INFO:Epoch: 5350/10000 | Train Loss: 1.424e+00 | Dynamic Loss: 1.424e+00 | Regularization Loss: 0.000e+00 | Val Loss: 1.447e+00 | Time: 10.05s
2025-08-18 13:40:43,622:INFO:New best model found at epoch 5350 with validation loss 1.447e+00. Saving...
2025-08-18 13:40:47,960:INFO:Epoch: 5400/10000 | Train Loss: 1.438e+00 | Dynamic Loss: 1.438e+00 | Regularization Loss: 0.000e+00 | Val Loss: 1.459e+00 | Time: 4.34s
2025-08-18 13:40:52,286:INFO:Epoch: 5450/10000 | Train Loss: 1.426e+00 | Dynamic Loss: 1.426e+00 | Regularization Loss: 0.000e+00 | Val Loss: 1.448e+00 | Time: 4.32s
2025-08-18 13:40:56,665:INFO:Epoch: 5500/10000 | Train Loss: 1.427e+00 | Dynamic Loss: 1.427e+00 | Regularization Loss: 0.000e+00 | Val Loss: 1.449e+00 | Time: 4.38s
2025-08-18 13:41:00,908:INFO:Epoch: 5550/10000 | Train Loss: 1.411e+00 | Dynamic Loss: 1.411e+00 | Regularization Loss: 0.000e+00 | Val Loss: 1.435e+00 | Time: 4.24s
2025-08-18 13:41:00,908:INFO:New best model found at epoch 5550 with validation loss 1.435e+00. Saving...
2025-08-18 13:41:05,307:INFO:Epoch: 5600/10000 | Train Loss: 1.413e+00 | Dynamic Loss: 1.413e+00 | Regularization Loss: 0.000e+00 | Val Loss: 1.437e+00 | Time: 4.40s
2025-08-18 13:41:09,592:INFO:Epoch: 5650/10000 | Train Loss: 1.488e+00 | Dynamic Loss: 1.488e+00 | Regularization Loss: 0.000e+00 | Val Loss: 1.576e+00 | Time: 4.28s
2025-08-18 13:41:19,744:INFO:Epoch: 5700/10000 | Train Loss: 1.424e+00 | Dynamic Loss: 1.424e+00 | Regularization Loss: 0.000e+00 | Val Loss: 1.447e+00 | Time: 10.15s
2025-08-18 13:41:24,157:INFO:Epoch: 5750/10000 | Train Loss: 1.456e+00 | Dynamic Loss: 1.456e+00 | Regularization Loss: 0.000e+00 | Val Loss: 1.438e+00 | Time: 4.41s
2025-08-18 13:41:28,466:INFO:Epoch: 5800/10000 | Train Loss: 1.400e+00 | Dynamic Loss: 1.400e+00 | Regularization Loss: 0.000e+00 | Val Loss: 1.429e+00 | Time: 4.31s
2025-08-18 13:41:28,466:INFO:New best model found at epoch 5800 with validation loss 1.429e+00. Saving...
2025-08-18 13:41:38,563:INFO:Epoch: 5850/10000 | Train Loss: 1.465e+00 | Dynamic Loss: 1.465e+00 | Regularization Loss: 0.000e+00 | Val Loss: 1.451e+00 | Time: 10.09s
2025-08-18 13:41:42,957:INFO:Epoch: 5900/10000 | Train Loss: 1.405e+00 | Dynamic Loss: 1.405e+00 | Regularization Loss: 0.000e+00 | Val Loss: 1.429e+00 | Time: 4.39s
2025-08-18 13:41:47,269:INFO:Epoch: 5950/10000 | Train Loss: 1.392e+00 | Dynamic Loss: 1.392e+00 | Regularization Loss: 0.000e+00 | Val Loss: 1.416e+00 | Time: 4.31s
2025-08-18 13:41:47,269:INFO:New best model found at epoch 5950 with validation loss 1.416e+00. Saving...
2025-08-18 13:41:51,587:INFO:Epoch: 6000/10000 | Train Loss: 1.387e+00 | Dynamic Loss: 1.387e+00 | Regularization Loss: 0.000e+00 | Val Loss: 1.419e+00 | Time: 4.31s
2025-08-18 13:42:02,215:INFO:Epoch: 6050/10000 | Train Loss: 1.384e+00 | Dynamic Loss: 1.384e+00 | Regularization Loss: 0.000e+00 | Val Loss: 1.409e+00 | Time: 10.63s
2025-08-18 13:42:02,215:INFO:New best model found at epoch 6050 with validation loss 1.409e+00. Saving...
2025-08-18 13:42:06,455:INFO:Epoch: 6100/10000 | Train Loss: 1.533e+00 | Dynamic Loss: 1.533e+00 | Regularization Loss: 0.000e+00 | Val Loss: 1.584e+00 | Time: 4.24s
2025-08-18 13:42:10,710:INFO:Epoch: 6150/10000 | Train Loss: 1.420e+00 | Dynamic Loss: 1.420e+00 | Regularization Loss: 0.000e+00 | Val Loss: 1.453e+00 | Time: 4.25s
2025-08-18 13:42:20,768:INFO:Epoch: 6200/10000 | Train Loss: 1.404e+00 | Dynamic Loss: 1.404e+00 | Regularization Loss: 0.000e+00 | Val Loss: 1.437e+00 | Time: 10.06s
2025-08-18 13:42:25,077:INFO:Epoch: 6250/10000 | Train Loss: 1.395e+00 | Dynamic Loss: 1.395e+00 | Regularization Loss: 0.000e+00 | Val Loss: 1.428e+00 | Time: 4.31s
2025-08-18 13:42:29,350:INFO:Epoch: 6300/10000 | Train Loss: 1.391e+00 | Dynamic Loss: 1.391e+00 | Regularization Loss: 0.000e+00 | Val Loss: 1.424e+00 | Time: 4.27s
2025-08-18 13:42:39,533:INFO:Epoch: 6350/10000 | Train Loss: 1.387e+00 | Dynamic Loss: 1.387e+00 | Regularization Loss: 0.000e+00 | Val Loss: 1.418e+00 | Time: 10.18s
2025-08-18 13:42:43,748:INFO:Epoch: 6400/10000 | Train Loss: 1.383e+00 | Dynamic Loss: 1.383e+00 | Regularization Loss: 0.000e+00 | Val Loss: 1.416e+00 | Time: 4.21s
2025-08-18 13:42:48,000:INFO:Epoch: 6450/10000 | Train Loss: 1.409e+00 | Dynamic Loss: 1.409e+00 | Regularization Loss: 0.000e+00 | Val Loss: 1.434e+00 | Time: 4.25s
2025-08-18 13:42:54,803:INFO:Epoch: 6500/10000 | Train Loss: 1.379e+00 | Dynamic Loss: 1.379e+00 | Regularization Loss: 0.000e+00 | Val Loss: 1.408e+00 | Time: 6.80s
2025-08-18 13:42:54,804:INFO:New best model found at epoch 6500 with validation loss 1.408e+00. Saving...
2025-08-18 13:42:59,206:INFO:Epoch: 6550/10000 | Train Loss: 1.377e+00 | Dynamic Loss: 1.377e+00 | Regularization Loss: 0.000e+00 | Val Loss: 1.408e+00 | Time: 4.40s
2025-08-18 13:43:03,587:INFO:Epoch: 6600/10000 | Train Loss: 1.373e+00 | Dynamic Loss: 1.373e+00 | Regularization Loss: 0.000e+00 | Val Loss: 1.403e+00 | Time: 4.38s
2025-08-18 13:43:03,587:INFO:New best model found at epoch 6600 with validation loss 1.403e+00. Saving...
2025-08-18 13:43:08,016:INFO:Epoch: 6650/10000 | Train Loss: 1.413e+00 | Dynamic Loss: 1.413e+00 | Regularization Loss: 0.000e+00 | Val Loss: 1.484e+00 | Time: 4.42s
2025-08-18 13:43:12,334:INFO:Epoch: 6700/10000 | Train Loss: 1.380e+00 | Dynamic Loss: 1.380e+00 | Regularization Loss: 0.000e+00 | Val Loss: 1.417e+00 | Time: 4.32s
2025-08-18 13:43:16,545:INFO:Epoch: 6750/10000 | Train Loss: 1.367e+00 | Dynamic Loss: 1.367e+00 | Regularization Loss: 0.000e+00 | Val Loss: 1.407e+00 | Time: 4.21s
2025-08-18 13:43:26,501:INFO:Epoch: 6800/10000 | Train Loss: 1.374e+00 | Dynamic Loss: 1.374e+00 | Regularization Loss: 0.000e+00 | Val Loss: 1.402e+00 | Time: 9.96s
2025-08-18 13:43:26,501:INFO:New best model found at epoch 6800 with validation loss 1.402e+00. Saving...
2025-08-18 13:43:30,816:INFO:Epoch: 6850/10000 | Train Loss: 1.365e+00 | Dynamic Loss: 1.365e+00 | Regularization Loss: 0.000e+00 | Val Loss: 1.394e+00 | Time: 4.31s
2025-08-18 13:43:30,816:INFO:New best model found at epoch 6850 with validation loss 1.394e+00. Saving...
2025-08-18 13:43:35,226:INFO:Epoch: 6900/10000 | Train Loss: 1.429e+00 | Dynamic Loss: 1.429e+00 | Regularization Loss: 0.000e+00 | Val Loss: 1.450e+00 | Time: 4.41s
2025-08-18 13:43:39,628:INFO:Epoch: 6950/10000 | Train Loss: 1.365e+00 | Dynamic Loss: 1.365e+00 | Regularization Loss: 0.000e+00 | Val Loss: 1.393e+00 | Time: 4.40s
2025-08-18 13:43:39,628:INFO:New best model found at epoch 6950 with validation loss 1.393e+00. Saving...
2025-08-18 13:43:44,004:INFO:Epoch: 7000/10000 | Train Loss: 1.360e+00 | Dynamic Loss: 1.360e+00 | Regularization Loss: 0.000e+00 | Val Loss: 1.391e+00 | Time: 4.37s
2025-08-18 13:43:44,005:INFO:New best model found at epoch 7000 with validation loss 1.391e+00. Saving...
2025-08-18 13:43:48,321:INFO:Epoch: 7050/10000 | Train Loss: 1.433e+00 | Dynamic Loss: 1.433e+00 | Regularization Loss: 0.000e+00 | Val Loss: 1.451e+00 | Time: 4.31s
2025-08-18 13:43:52,621:INFO:Epoch: 7100/10000 | Train Loss: 1.358e+00 | Dynamic Loss: 1.358e+00 | Regularization Loss: 0.000e+00 | Val Loss: 1.384e+00 | Time: 4.30s
2025-08-18 13:43:52,621:INFO:New best model found at epoch 7100 with validation loss 1.384e+00. Saving...
2025-08-18 13:43:57,008:INFO:Epoch: 7150/10000 | Train Loss: 1.353e+00 | Dynamic Loss: 1.353e+00 | Regularization Loss: 0.000e+00 | Val Loss: 1.381e+00 | Time: 4.38s
2025-08-18 13:43:57,008:INFO:New best model found at epoch 7150 with validation loss 1.381e+00. Saving...
2025-08-18 13:44:01,359:INFO:Epoch: 7200/10000 | Train Loss: 1.354e+00 | Dynamic Loss: 1.354e+00 | Regularization Loss: 0.000e+00 | Val Loss: 1.380e+00 | Time: 4.35s
2025-08-18 13:44:01,359:INFO:New best model found at epoch 7200 with validation loss 1.380e+00. Saving...
2025-08-18 13:44:05,593:INFO:Epoch: 7250/10000 | Train Loss: 1.367e+00 | Dynamic Loss: 1.367e+00 | Regularization Loss: 0.000e+00 | Val Loss: 1.391e+00 | Time: 4.23s
2025-08-18 13:44:16,553:INFO:Epoch: 7300/10000 | Train Loss: 1.354e+00 | Dynamic Loss: 1.354e+00 | Regularization Loss: 0.000e+00 | Val Loss: 1.379e+00 | Time: 10.96s
2025-08-18 13:44:16,553:INFO:New best model found at epoch 7300 with validation loss 1.379e+00. Saving...
2025-08-18 13:44:20,965:INFO:Epoch: 7350/10000 | Train Loss: 1.349e+00 | Dynamic Loss: 1.349e+00 | Regularization Loss: 0.000e+00 | Val Loss: 1.377e+00 | Time: 4.41s
2025-08-18 13:44:20,965:INFO:New best model found at epoch 7350 with validation loss 1.377e+00. Saving...
2025-08-18 13:44:25,252:INFO:Epoch: 7400/10000 | Train Loss: 1.410e+00 | Dynamic Loss: 1.410e+00 | Regularization Loss: 0.000e+00 | Val Loss: 1.415e+00 | Time: 4.28s
2025-08-18 13:44:35,598:INFO:Epoch: 7450/10000 | Train Loss: 1.359e+00 | Dynamic Loss: 1.359e+00 | Regularization Loss: 0.000e+00 | Val Loss: 1.378e+00 | Time: 10.35s
2025-08-18 13:44:39,932:INFO:Epoch: 7500/10000 | Train Loss: 1.353e+00 | Dynamic Loss: 1.353e+00 | Regularization Loss: 0.000e+00 | Val Loss: 1.378e+00 | Time: 4.33s
2025-08-18 13:44:44,231:INFO:Epoch: 7550/10000 | Train Loss: 1.350e+00 | Dynamic Loss: 1.350e+00 | Regularization Loss: 0.000e+00 | Val Loss: 1.375e+00 | Time: 4.30s
2025-08-18 13:44:44,231:INFO:New best model found at epoch 7550 with validation loss 1.375e+00. Saving...
2025-08-18 13:44:54,582:INFO:Epoch: 7600/10000 | Train Loss: 1.437e+00 | Dynamic Loss: 1.437e+00 | Regularization Loss: 0.000e+00 | Val Loss: 1.419e+00 | Time: 10.35s
2025-08-18 13:44:58,885:INFO:Epoch: 7650/10000 | Train Loss: 1.369e+00 | Dynamic Loss: 1.369e+00 | Regularization Loss: 0.000e+00 | Val Loss: 1.396e+00 | Time: 4.30s
2025-08-18 13:45:03,215:INFO:Epoch: 7700/10000 | Train Loss: 1.369e+00 | Dynamic Loss: 1.369e+00 | Regularization Loss: 0.000e+00 | Val Loss: 1.412e+00 | Time: 4.33s
2025-08-18 13:45:07,691:INFO:Epoch: 7750/10000 | Train Loss: 1.386e+00 | Dynamic Loss: 1.386e+00 | Regularization Loss: 0.000e+00 | Val Loss: 1.429e+00 | Time: 4.48s
2025-08-18 13:45:12,117:INFO:Epoch: 7800/10000 | Train Loss: 1.339e+00 | Dynamic Loss: 1.339e+00 | Regularization Loss: 0.000e+00 | Val Loss: 1.368e+00 | Time: 4.43s
2025-08-18 13:45:12,117:INFO:New best model found at epoch 7800 with validation loss 1.368e+00. Saving...
2025-08-18 13:45:16,456:INFO:Epoch: 7850/10000 | Train Loss: 1.348e+00 | Dynamic Loss: 1.348e+00 | Regularization Loss: 0.000e+00 | Val Loss: 1.379e+00 | Time: 4.34s
2025-08-18 13:45:26,565:INFO:Epoch: 7900/10000 | Train Loss: 2.177e+00 | Dynamic Loss: 2.177e+00 | Regularization Loss: 0.000e+00 | Val Loss: 2.270e+00 | Time: 10.11s
2025-08-18 13:45:30,944:INFO:Epoch: 7950/10000 | Train Loss: 1.385e+00 | Dynamic Loss: 1.385e+00 | Regularization Loss: 0.000e+00 | Val Loss: 1.415e+00 | Time: 4.38s
2025-08-18 13:45:35,275:INFO:Epoch: 8000/10000 | Train Loss: 1.363e+00 | Dynamic Loss: 1.363e+00 | Regularization Loss: 0.000e+00 | Val Loss: 1.394e+00 | Time: 4.33s
2025-08-18 13:45:45,276:INFO:Epoch: 8050/10000 | Train Loss: 1.354e+00 | Dynamic Loss: 1.354e+00 | Regularization Loss: 0.000e+00 | Val Loss: 1.383e+00 | Time: 10.00s
2025-08-18 13:45:49,604:INFO:Epoch: 8100/10000 | Train Loss: 1.346e+00 | Dynamic Loss: 1.346e+00 | Regularization Loss: 0.000e+00 | Val Loss: 1.378e+00 | Time: 4.33s
2025-08-18 13:45:53,875:INFO:Epoch: 8150/10000 | Train Loss: 1.341e+00 | Dynamic Loss: 1.341e+00 | Regularization Loss: 0.000e+00 | Val Loss: 1.373e+00 | Time: 4.27s
2025-08-18 13:45:58,293:INFO:Epoch: 8200/10000 | Train Loss: 1.341e+00 | Dynamic Loss: 1.341e+00 | Regularization Loss: 0.000e+00 | Val Loss: 1.370e+00 | Time: 4.42s
2025-08-18 13:46:02,677:INFO:Epoch: 8250/10000 | Train Loss: 1.389e+00 | Dynamic Loss: 1.389e+00 | Regularization Loss: 0.000e+00 | Val Loss: 1.463e+00 | Time: 4.38s
2025-08-18 13:46:07,046:INFO:Epoch: 8300/10000 | Train Loss: 1.334e+00 | Dynamic Loss: 1.334e+00 | Regularization Loss: 0.000e+00 | Val Loss: 1.367e+00 | Time: 4.37s
2025-08-18 13:46:07,046:INFO:New best model found at epoch 8300 with validation loss 1.367e+00. Saving...
2025-08-18 13:46:11,433:INFO:Epoch: 8350/10000 | Train Loss: 1.333e+00 | Dynamic Loss: 1.333e+00 | Regularization Loss: 0.000e+00 | Val Loss: 1.362e+00 | Time: 4.38s
2025-08-18 13:46:11,434:INFO:New best model found at epoch 8350 with validation loss 1.362e+00. Saving...
2025-08-18 13:46:15,801:INFO:Epoch: 8400/10000 | Train Loss: 1.331e+00 | Dynamic Loss: 1.331e+00 | Regularization Loss: 0.000e+00 | Val Loss: 1.359e+00 | Time: 4.36s
2025-08-18 13:46:15,801:INFO:New best model found at epoch 8400 with validation loss 1.359e+00. Saving...
2025-08-18 13:46:20,122:INFO:Epoch: 8450/10000 | Train Loss: 1.332e+00 | Dynamic Loss: 1.332e+00 | Regularization Loss: 0.000e+00 | Val Loss: 1.360e+00 | Time: 4.32s
2025-08-18 13:46:24,339:INFO:Epoch: 8500/10000 | Train Loss: 1.344e+00 | Dynamic Loss: 1.344e+00 | Regularization Loss: 0.000e+00 | Val Loss: 1.389e+00 | Time: 4.22s
2025-08-18 13:46:35,253:INFO:Epoch: 8550/10000 | Train Loss: 1.392e+00 | Dynamic Loss: 1.392e+00 | Regularization Loss: 0.000e+00 | Val Loss: 1.407e+00 | Time: 10.91s
2025-08-18 13:46:39,584:INFO:Epoch: 8600/10000 | Train Loss: 1.337e+00 | Dynamic Loss: 1.337e+00 | Regularization Loss: 0.000e+00 | Val Loss: 1.365e+00 | Time: 4.33s
2025-08-18 13:46:43,872:INFO:Epoch: 8650/10000 | Train Loss: 1.333e+00 | Dynamic Loss: 1.333e+00 | Regularization Loss: 0.000e+00 | Val Loss: 1.358e+00 | Time: 4.29s
2025-08-18 13:46:43,872:INFO:New best model found at epoch 8650 with validation loss 1.358e+00. Saving...
2025-08-18 13:46:54,080:INFO:Epoch: 8700/10000 | Train Loss: 1.320e+00 | Dynamic Loss: 1.320e+00 | Regularization Loss: 0.000e+00 | Val Loss: 1.350e+00 | Time: 10.21s
2025-08-18 13:46:54,080:INFO:New best model found at epoch 8700 with validation loss 1.350e+00. Saving...
2025-08-18 13:46:58,379:INFO:Epoch: 8750/10000 | Train Loss: 1.327e+00 | Dynamic Loss: 1.327e+00 | Regularization Loss: 0.000e+00 | Val Loss: 1.354e+00 | Time: 4.30s
2025-08-18 13:47:02,653:INFO:Epoch: 8800/10000 | Train Loss: 1.320e+00 | Dynamic Loss: 1.320e+00 | Regularization Loss: 0.000e+00 | Val Loss: 1.349e+00 | Time: 4.27s
2025-08-18 13:47:02,653:INFO:New best model found at epoch 8800 with validation loss 1.349e+00. Saving...
2025-08-18 13:47:07,024:INFO:Epoch: 8850/10000 | Train Loss: 1.316e+00 | Dynamic Loss: 1.316e+00 | Regularization Loss: 0.000e+00 | Val Loss: 1.347e+00 | Time: 4.37s
2025-08-18 13:47:07,024:INFO:New best model found at epoch 8850 with validation loss 1.347e+00. Saving...
2025-08-18 13:47:11,336:INFO:Epoch: 8900/10000 | Train Loss: 1.312e+00 | Dynamic Loss: 1.312e+00 | Regularization Loss: 0.000e+00 | Val Loss: 1.343e+00 | Time: 4.31s
2025-08-18 13:47:11,336:INFO:New best model found at epoch 8900 with validation loss 1.343e+00. Saving...
2025-08-18 13:47:15,690:INFO:Epoch: 8950/10000 | Train Loss: 1.376e+00 | Dynamic Loss: 1.376e+00 | Regularization Loss: 0.000e+00 | Val Loss: 1.426e+00 | Time: 4.35s
2025-08-18 13:47:20,081:INFO:Epoch: 9000/10000 | Train Loss: 1.399e+00 | Dynamic Loss: 1.399e+00 | Regularization Loss: 0.000e+00 | Val Loss: 1.426e+00 | Time: 4.39s
2025-08-18 13:47:24,549:INFO:Epoch: 9050/10000 | Train Loss: 1.319e+00 | Dynamic Loss: 1.319e+00 | Regularization Loss: 0.000e+00 | Val Loss: 1.345e+00 | Time: 4.47s
2025-08-18 13:47:28,934:INFO:Epoch: 9100/10000 | Train Loss: 1.329e+00 | Dynamic Loss: 1.329e+00 | Regularization Loss: 0.000e+00 | Val Loss: 1.344e+00 | Time: 4.38s
2025-08-18 13:47:33,379:INFO:Epoch: 9150/10000 | Train Loss: 1.355e+00 | Dynamic Loss: 1.355e+00 | Regularization Loss: 0.000e+00 | Val Loss: 1.376e+00 | Time: 4.44s
2025-08-18 13:47:37,727:INFO:Epoch: 9200/10000 | Train Loss: 1.311e+00 | Dynamic Loss: 1.311e+00 | Regularization Loss: 0.000e+00 | Val Loss: 1.338e+00 | Time: 4.35s
2025-08-18 13:47:37,727:INFO:New best model found at epoch 9200 with validation loss 1.338e+00. Saving...
2025-08-18 13:47:42,079:INFO:Epoch: 9250/10000 | Train Loss: 1.345e+00 | Dynamic Loss: 1.345e+00 | Regularization Loss: 0.000e+00 | Val Loss: 1.365e+00 | Time: 4.35s
2025-08-18 13:47:46,453:INFO:Epoch: 9300/10000 | Train Loss: 1.306e+00 | Dynamic Loss: 1.306e+00 | Regularization Loss: 0.000e+00 | Val Loss: 1.334e+00 | Time: 4.37s
2025-08-18 13:47:46,453:INFO:New best model found at epoch 9300 with validation loss 1.334e+00. Saving...
2025-08-18 13:47:50,787:INFO:Epoch: 9350/10000 | Train Loss: 1.301e+00 | Dynamic Loss: 1.301e+00 | Regularization Loss: 0.000e+00 | Val Loss: 1.329e+00 | Time: 4.33s
2025-08-18 13:47:50,788:INFO:New best model found at epoch 9350 with validation loss 1.329e+00. Saving...
2025-08-18 13:47:55,047:INFO:Epoch: 9400/10000 | Train Loss: 1.307e+00 | Dynamic Loss: 1.307e+00 | Regularization Loss: 0.000e+00 | Val Loss: 1.333e+00 | Time: 4.26s
2025-08-18 13:47:59,390:INFO:Epoch: 9450/10000 | Train Loss: 1.303e+00 | Dynamic Loss: 1.303e+00 | Regularization Loss: 0.000e+00 | Val Loss: 1.327e+00 | Time: 4.34s
2025-08-18 13:47:59,390:INFO:New best model found at epoch 9450 with validation loss 1.327e+00. Saving...
2025-08-18 13:48:03,705:INFO:Epoch: 9500/10000 | Train Loss: 1.318e+00 | Dynamic Loss: 1.318e+00 | Regularization Loss: 0.000e+00 | Val Loss: 1.341e+00 | Time: 4.31s
2025-08-18 13:48:08,096:INFO:Epoch: 9550/10000 | Train Loss: 1.305e+00 | Dynamic Loss: 1.305e+00 | Regularization Loss: 0.000e+00 | Val Loss: 1.340e+00 | Time: 4.39s
2025-08-18 13:48:12,479:INFO:Epoch: 9600/10000 | Train Loss: 1.330e+00 | Dynamic Loss: 1.330e+00 | Regularization Loss: 0.000e+00 | Val Loss: 1.385e+00 | Time: 4.38s
2025-08-18 13:48:16,838:INFO:Epoch: 9650/10000 | Train Loss: 1.326e+00 | Dynamic Loss: 1.326e+00 | Regularization Loss: 0.000e+00 | Val Loss: 1.349e+00 | Time: 4.36s
2025-08-18 13:48:21,099:INFO:Epoch: 9700/10000 | Train Loss: 1.309e+00 | Dynamic Loss: 1.309e+00 | Regularization Loss: 0.000e+00 | Val Loss: 1.346e+00 | Time: 4.26s
2025-08-18 13:48:25,908:INFO:Epoch: 9750/10000 | Train Loss: 1.330e+00 | Dynamic Loss: 1.330e+00 | Regularization Loss: 0.000e+00 | Val Loss: 1.344e+00 | Time: 4.81s
2025-08-18 13:48:30,249:INFO:Epoch: 9800/10000 | Train Loss: 1.290e+00 | Dynamic Loss: 1.290e+00 | Regularization Loss: 0.000e+00 | Val Loss: 1.315e+00 | Time: 4.34s
2025-08-18 13:48:30,249:INFO:New best model found at epoch 9800 with validation loss 1.315e+00. Saving...
2025-08-18 13:48:34,586:INFO:Epoch: 9850/10000 | Train Loss: 1.285e+00 | Dynamic Loss: 1.285e+00 | Regularization Loss: 0.000e+00 | Val Loss: 1.314e+00 | Time: 4.32s
2025-08-18 13:48:34,586:INFO:New best model found at epoch 9850 with validation loss 1.314e+00. Saving...
2025-08-18 13:48:38,865:INFO:Epoch: 9900/10000 | Train Loss: 1.287e+00 | Dynamic Loss: 1.287e+00 | Regularization Loss: 0.000e+00 | Val Loss: 1.313e+00 | Time: 4.28s
2025-08-18 13:48:38,866:INFO:New best model found at epoch 9900 with validation loss 1.313e+00. Saving...
2025-08-18 13:48:48,699:INFO:Epoch: 9950/10000 | Train Loss: 1.298e+00 | Dynamic Loss: 1.298e+00 | Regularization Loss: 0.000e+00 | Val Loss: 1.318e+00 | Time: 9.83s
2025-08-18 13:48:53,067:INFO:Epoch: 10000/10000 | Train Loss: 1.609e+00 | Dynamic Loss: 1.609e+00 | Regularization Loss: 0.000e+00 | Val Loss: 1.409e+00 | Time: 4.37s
