2025-08-18 12:27:05,584:INFO:Created DataLoaders with 2994 training samples and 998 validation samples.
2025-08-18 12:27:06,816:INFO:model params: 1216258
2025-08-18 12:27:27,690:INFO:Epoch: 0/10000 | Train Loss: 1.870e+03 | Dynamic Loss: 1.870e+03 | Regularization Loss: 0.000e+00 | Val Loss: 3.044e+02 | Time: 20.87s
2025-08-18 12:27:27,691:INFO:New best model found at epoch 0 with validation loss 3.044e+02. Saving...
2025-08-18 12:27:33,145:INFO:Epoch: 50/10000 | Train Loss: 1.466e+00 | Dynamic Loss: 1.466e+00 | Regularization Loss: 0.000e+00 | Val Loss: 1.442e+00 | Time: 5.44s
2025-08-18 12:27:33,145:INFO:New best model found at epoch 50 with validation loss 1.442e+00. Saving...
2025-08-18 12:27:43,332:INFO:Epoch: 100/10000 | Train Loss: 1.380e+00 | Dynamic Loss: 1.380e+00 | Regularization Loss: 0.000e+00 | Val Loss: 1.361e+00 | Time: 10.17s
2025-08-18 12:27:43,332:INFO:New best model found at epoch 100 with validation loss 1.361e+00. Saving...
2025-08-18 12:27:48,876:INFO:Epoch: 150/10000 | Train Loss: 1.383e+00 | Dynamic Loss: 1.383e+00 | Regularization Loss: 0.000e+00 | Val Loss: 1.371e+00 | Time: 5.53s
2025-08-18 12:27:54,397:INFO:Epoch: 200/10000 | Train Loss: 1.375e+00 | Dynamic Loss: 1.375e+00 | Regularization Loss: 0.000e+00 | Val Loss: 1.407e+00 | Time: 5.52s
2025-08-18 12:27:59,980:INFO:Epoch: 250/10000 | Train Loss: 1.370e+00 | Dynamic Loss: 1.370e+00 | Regularization Loss: 0.000e+00 | Val Loss: 1.372e+00 | Time: 5.58s
2025-08-18 12:28:05,485:INFO:Epoch: 300/10000 | Train Loss: 1.368e+00 | Dynamic Loss: 1.368e+00 | Regularization Loss: 0.000e+00 | Val Loss: 1.361e+00 | Time: 5.50s
2025-08-18 12:28:11,054:INFO:Epoch: 350/10000 | Train Loss: 1.416e+00 | Dynamic Loss: 1.416e+00 | Regularization Loss: 0.000e+00 | Val Loss: 1.345e+00 | Time: 5.57s
2025-08-18 12:28:11,054:INFO:New best model found at epoch 350 with validation loss 1.345e+00. Saving...
2025-08-18 12:28:18,877:INFO:Epoch: 400/10000 | Train Loss: 1.365e+00 | Dynamic Loss: 1.365e+00 | Regularization Loss: 0.000e+00 | Val Loss: 1.404e+00 | Time: 7.81s
2025-08-18 12:28:24,406:INFO:Epoch: 450/10000 | Train Loss: 1.386e+00 | Dynamic Loss: 1.386e+00 | Regularization Loss: 0.000e+00 | Val Loss: 1.304e+00 | Time: 5.53s
2025-08-18 12:28:24,406:INFO:New best model found at epoch 450 with validation loss 1.304e+00. Saving...
2025-08-18 12:28:30,254:INFO:Epoch: 500/10000 | Train Loss: nan | Dynamic Loss: nan | Regularization Loss: nan | Val Loss: nan | Time: 5.83s
2025-08-18 12:28:35,851:INFO:Epoch: 550/10000 | Train Loss: nan | Dynamic Loss: nan | Regularization Loss: nan | Val Loss: nan | Time: 5.60s
2025-08-18 12:28:41,341:INFO:Epoch: 600/10000 | Train Loss: nan | Dynamic Loss: nan | Regularization Loss: nan | Val Loss: nan | Time: 5.49s
2025-08-18 12:28:47,997:INFO:Epoch: 650/10000 | Train Loss: nan | Dynamic Loss: nan | Regularization Loss: nan | Val Loss: nan | Time: 6.66s
2025-08-18 12:28:53,602:INFO:Epoch: 700/10000 | Train Loss: nan | Dynamic Loss: nan | Regularization Loss: nan | Val Loss: nan | Time: 5.60s
2025-08-18 12:28:59,140:INFO:Epoch: 750/10000 | Train Loss: nan | Dynamic Loss: nan | Regularization Loss: nan | Val Loss: nan | Time: 5.54s
2025-08-18 12:29:08,214:INFO:Epoch: 800/10000 | Train Loss: nan | Dynamic Loss: nan | Regularization Loss: nan | Val Loss: nan | Time: 9.07s
2025-08-18 12:29:13,718:INFO:Epoch: 850/10000 | Train Loss: nan | Dynamic Loss: nan | Regularization Loss: nan | Val Loss: nan | Time: 5.50s
2025-08-18 12:29:19,181:INFO:Epoch: 900/10000 | Train Loss: nan | Dynamic Loss: nan | Regularization Loss: nan | Val Loss: nan | Time: 5.46s
2025-08-18 12:29:28,788:INFO:Epoch: 950/10000 | Train Loss: nan | Dynamic Loss: nan | Regularization Loss: nan | Val Loss: nan | Time: 9.61s
2025-08-18 12:29:34,312:INFO:Epoch: 1000/10000 | Train Loss: nan | Dynamic Loss: nan | Regularization Loss: nan | Val Loss: nan | Time: 5.52s
2025-08-18 12:29:39,855:INFO:Epoch: 1050/10000 | Train Loss: nan | Dynamic Loss: nan | Regularization Loss: nan | Val Loss: nan | Time: 5.54s
2025-08-18 12:29:50,806:INFO:Epoch: 1100/10000 | Train Loss: nan | Dynamic Loss: nan | Regularization Loss: nan | Val Loss: nan | Time: 10.95s
2025-08-18 12:29:56,481:INFO:Epoch: 1150/10000 | Train Loss: nan | Dynamic Loss: nan | Regularization Loss: nan | Val Loss: nan | Time: 5.67s
2025-08-18 12:30:01,970:INFO:Epoch: 1200/10000 | Train Loss: nan | Dynamic Loss: nan | Regularization Loss: nan | Val Loss: nan | Time: 5.49s
2025-08-18 12:30:11,774:INFO:Epoch: 1250/10000 | Train Loss: nan | Dynamic Loss: nan | Regularization Loss: nan | Val Loss: nan | Time: 9.80s
2025-08-18 12:30:17,262:INFO:Epoch: 1300/10000 | Train Loss: nan | Dynamic Loss: nan | Regularization Loss: nan | Val Loss: nan | Time: 5.49s
2025-08-18 12:30:22,988:INFO:Epoch: 1350/10000 | Train Loss: nan | Dynamic Loss: nan | Regularization Loss: nan | Val Loss: nan | Time: 5.73s
2025-08-18 12:30:31,309:INFO:Epoch: 1400/10000 | Train Loss: nan | Dynamic Loss: nan | Regularization Loss: nan | Val Loss: nan | Time: 8.32s
2025-08-18 12:30:36,953:INFO:Epoch: 1450/10000 | Train Loss: nan | Dynamic Loss: nan | Regularization Loss: nan | Val Loss: nan | Time: 5.64s
2025-08-18 12:30:42,642:INFO:Epoch: 1500/10000 | Train Loss: nan | Dynamic Loss: nan | Regularization Loss: nan | Val Loss: nan | Time: 5.69s
2025-08-18 12:30:49,261:INFO:Epoch: 1550/10000 | Train Loss: nan | Dynamic Loss: nan | Regularization Loss: nan | Val Loss: nan | Time: 6.62s
2025-08-18 12:30:54,921:INFO:Epoch: 1600/10000 | Train Loss: nan | Dynamic Loss: nan | Regularization Loss: nan | Val Loss: nan | Time: 5.66s
2025-08-18 12:31:00,553:INFO:Epoch: 1650/10000 | Train Loss: nan | Dynamic Loss: nan | Regularization Loss: nan | Val Loss: nan | Time: 5.63s
2025-08-18 12:31:10,517:INFO:Epoch: 1700/10000 | Train Loss: nan | Dynamic Loss: nan | Regularization Loss: nan | Val Loss: nan | Time: 9.96s
2025-08-18 12:31:16,089:INFO:Epoch: 1750/10000 | Train Loss: nan | Dynamic Loss: nan | Regularization Loss: nan | Val Loss: nan | Time: 5.57s
2025-08-18 12:31:21,743:INFO:Epoch: 1800/10000 | Train Loss: nan | Dynamic Loss: nan | Regularization Loss: nan | Val Loss: nan | Time: 5.65s
2025-08-18 12:31:32,843:INFO:Epoch: 1850/10000 | Train Loss: nan | Dynamic Loss: nan | Regularization Loss: nan | Val Loss: nan | Time: 11.10s
2025-08-18 12:31:38,375:INFO:Epoch: 1900/10000 | Train Loss: nan | Dynamic Loss: nan | Regularization Loss: nan | Val Loss: nan | Time: 5.53s
2025-08-18 12:31:43,910:INFO:Epoch: 1950/10000 | Train Loss: nan | Dynamic Loss: nan | Regularization Loss: nan | Val Loss: nan | Time: 5.53s
2025-08-18 12:31:55,290:INFO:Epoch: 2000/10000 | Train Loss: nan | Dynamic Loss: nan | Regularization Loss: nan | Val Loss: nan | Time: 11.38s
2025-08-18 12:32:00,888:INFO:Epoch: 2050/10000 | Train Loss: nan | Dynamic Loss: nan | Regularization Loss: nan | Val Loss: nan | Time: 5.60s
2025-08-18 12:32:06,442:INFO:Epoch: 2100/10000 | Train Loss: nan | Dynamic Loss: nan | Regularization Loss: nan | Val Loss: nan | Time: 5.55s
2025-08-18 12:32:15,463:INFO:Epoch: 2150/10000 | Train Loss: nan | Dynamic Loss: nan | Regularization Loss: nan | Val Loss: nan | Time: 9.02s
2025-08-18 12:32:21,026:INFO:Epoch: 2200/10000 | Train Loss: nan | Dynamic Loss: nan | Regularization Loss: nan | Val Loss: nan | Time: 5.56s
2025-08-18 12:32:26,608:INFO:Epoch: 2250/10000 | Train Loss: nan | Dynamic Loss: nan | Regularization Loss: nan | Val Loss: nan | Time: 5.58s
2025-08-18 12:32:37,221:INFO:Epoch: 2300/10000 | Train Loss: nan | Dynamic Loss: nan | Regularization Loss: nan | Val Loss: nan | Time: 10.61s
2025-08-18 12:32:42,905:INFO:Epoch: 2350/10000 | Train Loss: nan | Dynamic Loss: nan | Regularization Loss: nan | Val Loss: nan | Time: 5.68s
2025-08-18 12:32:48,575:INFO:Epoch: 2400/10000 | Train Loss: nan | Dynamic Loss: nan | Regularization Loss: nan | Val Loss: nan | Time: 5.67s
2025-08-18 12:32:57,979:INFO:Epoch: 2450/10000 | Train Loss: nan | Dynamic Loss: nan | Regularization Loss: nan | Val Loss: nan | Time: 9.40s
2025-08-18 12:33:03,606:INFO:Epoch: 2500/10000 | Train Loss: nan | Dynamic Loss: nan | Regularization Loss: nan | Val Loss: nan | Time: 5.63s
2025-08-18 12:33:09,248:INFO:Epoch: 2550/10000 | Train Loss: nan | Dynamic Loss: nan | Regularization Loss: nan | Val Loss: nan | Time: 5.64s
2025-08-18 12:33:17,463:INFO:Epoch: 2600/10000 | Train Loss: nan | Dynamic Loss: nan | Regularization Loss: nan | Val Loss: nan | Time: 8.21s
2025-08-18 12:33:23,129:INFO:Epoch: 2650/10000 | Train Loss: nan | Dynamic Loss: nan | Regularization Loss: nan | Val Loss: nan | Time: 5.67s
2025-08-18 12:33:28,819:INFO:Epoch: 2700/10000 | Train Loss: nan | Dynamic Loss: nan | Regularization Loss: nan | Val Loss: nan | Time: 5.69s
2025-08-18 12:33:35,638:INFO:Epoch: 2750/10000 | Train Loss: nan | Dynamic Loss: nan | Regularization Loss: nan | Val Loss: nan | Time: 6.82s
2025-08-18 12:33:41,331:INFO:Epoch: 2800/10000 | Train Loss: nan | Dynamic Loss: nan | Regularization Loss: nan | Val Loss: nan | Time: 5.69s
2025-08-18 12:33:46,982:INFO:Epoch: 2850/10000 | Train Loss: nan | Dynamic Loss: nan | Regularization Loss: nan | Val Loss: nan | Time: 5.65s
2025-08-18 12:33:56,926:INFO:Epoch: 2900/10000 | Train Loss: nan | Dynamic Loss: nan | Regularization Loss: nan | Val Loss: nan | Time: 9.94s
2025-08-18 12:34:02,598:INFO:Epoch: 2950/10000 | Train Loss: nan | Dynamic Loss: nan | Regularization Loss: nan | Val Loss: nan | Time: 5.67s
2025-08-18 12:34:08,170:INFO:Epoch: 3000/10000 | Train Loss: nan | Dynamic Loss: nan | Regularization Loss: nan | Val Loss: nan | Time: 5.57s
2025-08-18 12:34:19,408:INFO:Epoch: 3050/10000 | Train Loss: nan | Dynamic Loss: nan | Regularization Loss: nan | Val Loss: nan | Time: 11.24s
2025-08-18 12:34:25,053:INFO:Epoch: 3100/10000 | Train Loss: nan | Dynamic Loss: nan | Regularization Loss: nan | Val Loss: nan | Time: 5.65s
2025-08-18 12:34:30,685:INFO:Epoch: 3150/10000 | Train Loss: nan | Dynamic Loss: nan | Regularization Loss: nan | Val Loss: nan | Time: 5.63s
2025-08-18 12:34:41,157:INFO:Epoch: 3200/10000 | Train Loss: nan | Dynamic Loss: nan | Regularization Loss: nan | Val Loss: nan | Time: 10.47s
2025-08-18 12:34:46,854:INFO:Epoch: 3250/10000 | Train Loss: nan | Dynamic Loss: nan | Regularization Loss: nan | Val Loss: nan | Time: 5.70s
2025-08-18 12:34:52,478:INFO:Epoch: 3300/10000 | Train Loss: nan | Dynamic Loss: nan | Regularization Loss: nan | Val Loss: nan | Time: 5.62s
2025-08-18 12:35:00,662:INFO:Epoch: 3350/10000 | Train Loss: nan | Dynamic Loss: nan | Regularization Loss: nan | Val Loss: nan | Time: 8.18s
2025-08-18 12:35:06,286:INFO:Epoch: 3400/10000 | Train Loss: nan | Dynamic Loss: nan | Regularization Loss: nan | Val Loss: nan | Time: 5.62s
2025-08-18 12:35:11,936:INFO:Epoch: 3450/10000 | Train Loss: nan | Dynamic Loss: nan | Regularization Loss: nan | Val Loss: nan | Time: 5.65s
2025-08-18 12:35:18,615:INFO:Epoch: 3500/10000 | Train Loss: nan | Dynamic Loss: nan | Regularization Loss: nan | Val Loss: nan | Time: 6.68s
2025-08-18 12:35:24,274:INFO:Epoch: 3550/10000 | Train Loss: nan | Dynamic Loss: nan | Regularization Loss: nan | Val Loss: nan | Time: 5.66s
2025-08-18 12:35:29,852:INFO:Epoch: 3600/10000 | Train Loss: nan | Dynamic Loss: nan | Regularization Loss: nan | Val Loss: nan | Time: 5.58s
2025-08-18 12:35:39,235:INFO:Epoch: 3650/10000 | Train Loss: nan | Dynamic Loss: nan | Regularization Loss: nan | Val Loss: nan | Time: 9.38s
2025-08-18 12:35:44,853:INFO:Epoch: 3700/10000 | Train Loss: nan | Dynamic Loss: nan | Regularization Loss: nan | Val Loss: nan | Time: 5.62s
2025-08-18 12:35:50,456:INFO:Epoch: 3750/10000 | Train Loss: nan | Dynamic Loss: nan | Regularization Loss: nan | Val Loss: nan | Time: 5.60s
2025-08-18 12:36:01,579:INFO:Epoch: 3800/10000 | Train Loss: nan | Dynamic Loss: nan | Regularization Loss: nan | Val Loss: nan | Time: 11.12s
2025-08-18 12:36:07,173:INFO:Epoch: 3850/10000 | Train Loss: nan | Dynamic Loss: nan | Regularization Loss: nan | Val Loss: nan | Time: 5.59s
2025-08-18 12:36:13,064:INFO:Epoch: 3900/10000 | Train Loss: nan | Dynamic Loss: nan | Regularization Loss: nan | Val Loss: nan | Time: 5.89s
2025-08-18 12:36:24,559:INFO:Epoch: 3950/10000 | Train Loss: nan | Dynamic Loss: nan | Regularization Loss: nan | Val Loss: nan | Time: 11.50s
2025-08-18 12:36:30,194:INFO:Epoch: 4000/10000 | Train Loss: nan | Dynamic Loss: nan | Regularization Loss: nan | Val Loss: nan | Time: 5.63s
2025-08-18 12:36:35,831:INFO:Epoch: 4050/10000 | Train Loss: nan | Dynamic Loss: nan | Regularization Loss: nan | Val Loss: nan | Time: 5.64s
2025-08-18 12:36:47,144:INFO:Epoch: 4100/10000 | Train Loss: nan | Dynamic Loss: nan | Regularization Loss: nan | Val Loss: nan | Time: 11.31s
2025-08-18 12:36:52,813:INFO:Epoch: 4150/10000 | Train Loss: nan | Dynamic Loss: nan | Regularization Loss: nan | Val Loss: nan | Time: 5.67s
2025-08-18 12:36:58,468:INFO:Epoch: 4200/10000 | Train Loss: nan | Dynamic Loss: nan | Regularization Loss: nan | Val Loss: nan | Time: 5.65s
2025-08-18 12:37:08,845:INFO:Epoch: 4250/10000 | Train Loss: nan | Dynamic Loss: nan | Regularization Loss: nan | Val Loss: nan | Time: 10.38s
2025-08-18 12:37:14,533:INFO:Epoch: 4300/10000 | Train Loss: nan | Dynamic Loss: nan | Regularization Loss: nan | Val Loss: nan | Time: 5.69s
2025-08-18 12:37:20,214:INFO:Epoch: 4350/10000 | Train Loss: nan | Dynamic Loss: nan | Regularization Loss: nan | Val Loss: nan | Time: 5.68s
2025-08-18 12:37:27,855:INFO:Epoch: 4400/10000 | Train Loss: nan | Dynamic Loss: nan | Regularization Loss: nan | Val Loss: nan | Time: 7.64s
2025-08-18 12:37:33,581:INFO:Epoch: 4450/10000 | Train Loss: nan | Dynamic Loss: nan | Regularization Loss: nan | Val Loss: nan | Time: 5.73s
2025-08-18 12:37:39,303:INFO:Epoch: 4500/10000 | Train Loss: nan | Dynamic Loss: nan | Regularization Loss: nan | Val Loss: nan | Time: 5.72s
2025-08-18 12:37:45,597:INFO:Epoch: 4550/10000 | Train Loss: nan | Dynamic Loss: nan | Regularization Loss: nan | Val Loss: nan | Time: 6.29s
2025-08-18 12:37:51,349:INFO:Epoch: 4600/10000 | Train Loss: nan | Dynamic Loss: nan | Regularization Loss: nan | Val Loss: nan | Time: 5.75s
2025-08-18 12:37:56,975:INFO:Epoch: 4650/10000 | Train Loss: nan | Dynamic Loss: nan | Regularization Loss: nan | Val Loss: nan | Time: 5.63s
2025-08-18 12:38:06,201:INFO:Epoch: 4700/10000 | Train Loss: nan | Dynamic Loss: nan | Regularization Loss: nan | Val Loss: nan | Time: 9.23s
2025-08-18 12:38:11,829:INFO:Epoch: 4750/10000 | Train Loss: nan | Dynamic Loss: nan | Regularization Loss: nan | Val Loss: nan | Time: 5.63s
2025-08-18 12:38:17,493:INFO:Epoch: 4800/10000 | Train Loss: nan | Dynamic Loss: nan | Regularization Loss: nan | Val Loss: nan | Time: 5.66s
2025-08-18 12:38:28,809:INFO:Epoch: 4850/10000 | Train Loss: nan | Dynamic Loss: nan | Regularization Loss: nan | Val Loss: nan | Time: 11.32s
2025-08-18 12:38:34,491:INFO:Epoch: 4900/10000 | Train Loss: nan | Dynamic Loss: nan | Regularization Loss: nan | Val Loss: nan | Time: 5.68s
2025-08-18 12:38:40,144:INFO:Epoch: 4950/10000 | Train Loss: nan | Dynamic Loss: nan | Regularization Loss: nan | Val Loss: nan | Time: 5.65s
2025-08-18 12:38:49,356:INFO:Epoch: 5000/10000 | Train Loss: nan | Dynamic Loss: nan | Regularization Loss: nan | Val Loss: nan | Time: 9.21s
2025-08-18 12:38:55,072:INFO:Epoch: 5050/10000 | Train Loss: nan | Dynamic Loss: nan | Regularization Loss: nan | Val Loss: nan | Time: 5.72s
2025-08-18 12:39:00,693:INFO:Epoch: 5100/10000 | Train Loss: nan | Dynamic Loss: nan | Regularization Loss: nan | Val Loss: nan | Time: 5.62s
2025-08-18 12:39:12,070:INFO:Epoch: 5150/10000 | Train Loss: nan | Dynamic Loss: nan | Regularization Loss: nan | Val Loss: nan | Time: 11.38s
2025-08-18 12:39:17,788:INFO:Epoch: 5200/10000 | Train Loss: nan | Dynamic Loss: nan | Regularization Loss: nan | Val Loss: nan | Time: 5.72s
2025-08-18 12:39:23,431:INFO:Epoch: 5250/10000 | Train Loss: nan | Dynamic Loss: nan | Regularization Loss: nan | Val Loss: nan | Time: 5.64s
2025-08-18 12:39:34,989:INFO:Epoch: 5300/10000 | Train Loss: nan | Dynamic Loss: nan | Regularization Loss: nan | Val Loss: nan | Time: 11.56s
2025-08-18 12:39:40,591:INFO:Epoch: 5350/10000 | Train Loss: nan | Dynamic Loss: nan | Regularization Loss: nan | Val Loss: nan | Time: 5.60s
2025-08-18 12:39:46,187:INFO:Epoch: 5400/10000 | Train Loss: nan | Dynamic Loss: nan | Regularization Loss: nan | Val Loss: nan | Time: 5.60s
2025-08-18 12:39:56,754:INFO:Epoch: 5450/10000 | Train Loss: nan | Dynamic Loss: nan | Regularization Loss: nan | Val Loss: nan | Time: 10.57s
2025-08-18 12:40:02,394:INFO:Epoch: 5500/10000 | Train Loss: nan | Dynamic Loss: nan | Regularization Loss: nan | Val Loss: nan | Time: 5.64s
2025-08-18 12:40:08,041:INFO:Epoch: 5550/10000 | Train Loss: nan | Dynamic Loss: nan | Regularization Loss: nan | Val Loss: nan | Time: 5.65s
2025-08-18 12:40:19,402:INFO:Epoch: 5600/10000 | Train Loss: nan | Dynamic Loss: nan | Regularization Loss: nan | Val Loss: nan | Time: 11.36s
2025-08-18 12:40:25,016:INFO:Epoch: 5650/10000 | Train Loss: nan | Dynamic Loss: nan | Regularization Loss: nan | Val Loss: nan | Time: 5.61s
2025-08-18 12:40:30,696:INFO:Epoch: 5700/10000 | Train Loss: nan | Dynamic Loss: nan | Regularization Loss: nan | Val Loss: nan | Time: 5.68s
2025-08-18 12:40:36,495:INFO:Epoch: 5750/10000 | Train Loss: nan | Dynamic Loss: nan | Regularization Loss: nan | Val Loss: nan | Time: 5.80s
2025-08-18 12:40:42,222:INFO:Epoch: 5800/10000 | Train Loss: nan | Dynamic Loss: nan | Regularization Loss: nan | Val Loss: nan | Time: 5.73s
2025-08-18 12:40:47,901:INFO:Epoch: 5850/10000 | Train Loss: nan | Dynamic Loss: nan | Regularization Loss: nan | Val Loss: nan | Time: 5.68s
2025-08-18 12:40:53,509:INFO:Epoch: 5900/10000 | Train Loss: nan | Dynamic Loss: nan | Regularization Loss: nan | Val Loss: nan | Time: 5.61s
2025-08-18 12:41:01,264:INFO:Epoch: 5950/10000 | Train Loss: nan | Dynamic Loss: nan | Regularization Loss: nan | Val Loss: nan | Time: 7.76s
2025-08-18 12:41:06,878:INFO:Epoch: 6000/10000 | Train Loss: nan | Dynamic Loss: nan | Regularization Loss: nan | Val Loss: nan | Time: 5.61s
2025-08-18 12:41:12,566:INFO:Epoch: 6050/10000 | Train Loss: nan | Dynamic Loss: nan | Regularization Loss: nan | Val Loss: nan | Time: 5.69s
2025-08-18 12:41:18,210:INFO:Epoch: 6100/10000 | Train Loss: nan | Dynamic Loss: nan | Regularization Loss: nan | Val Loss: nan | Time: 5.64s
2025-08-18 12:41:23,831:INFO:Epoch: 6150/10000 | Train Loss: nan | Dynamic Loss: nan | Regularization Loss: nan | Val Loss: nan | Time: 5.62s
2025-08-18 12:41:29,416:INFO:Epoch: 6200/10000 | Train Loss: nan | Dynamic Loss: nan | Regularization Loss: nan | Val Loss: nan | Time: 5.58s
2025-08-18 12:41:39,680:INFO:Epoch: 6250/10000 | Train Loss: nan | Dynamic Loss: nan | Regularization Loss: nan | Val Loss: nan | Time: 10.26s
2025-08-18 12:41:45,317:INFO:Epoch: 6300/10000 | Train Loss: nan | Dynamic Loss: nan | Regularization Loss: nan | Val Loss: nan | Time: 5.64s
2025-08-18 12:41:50,848:INFO:Epoch: 6350/10000 | Train Loss: nan | Dynamic Loss: nan | Regularization Loss: nan | Val Loss: nan | Time: 5.53s
2025-08-18 12:42:02,595:INFO:Epoch: 6400/10000 | Train Loss: nan | Dynamic Loss: nan | Regularization Loss: nan | Val Loss: nan | Time: 11.75s
2025-08-18 12:42:08,327:INFO:Epoch: 6450/10000 | Train Loss: nan | Dynamic Loss: nan | Regularization Loss: nan | Val Loss: nan | Time: 5.73s
2025-08-18 12:42:13,977:INFO:Epoch: 6500/10000 | Train Loss: nan | Dynamic Loss: nan | Regularization Loss: nan | Val Loss: nan | Time: 5.65s
2025-08-18 12:42:25,628:INFO:Epoch: 6550/10000 | Train Loss: nan | Dynamic Loss: nan | Regularization Loss: nan | Val Loss: nan | Time: 11.65s
2025-08-18 12:42:31,273:INFO:Epoch: 6600/10000 | Train Loss: nan | Dynamic Loss: nan | Regularization Loss: nan | Val Loss: nan | Time: 5.64s
2025-08-18 12:42:36,970:INFO:Epoch: 6650/10000 | Train Loss: nan | Dynamic Loss: nan | Regularization Loss: nan | Val Loss: nan | Time: 5.70s
2025-08-18 12:42:47,845:INFO:Epoch: 6700/10000 | Train Loss: nan | Dynamic Loss: nan | Regularization Loss: nan | Val Loss: nan | Time: 10.87s
2025-08-18 12:42:53,554:INFO:Epoch: 6750/10000 | Train Loss: nan | Dynamic Loss: nan | Regularization Loss: nan | Val Loss: nan | Time: 5.71s
2025-08-18 12:42:59,149:INFO:Epoch: 6800/10000 | Train Loss: nan | Dynamic Loss: nan | Regularization Loss: nan | Val Loss: nan | Time: 5.59s
2025-08-18 12:43:04,815:INFO:Epoch: 6850/10000 | Train Loss: nan | Dynamic Loss: nan | Regularization Loss: nan | Val Loss: nan | Time: 5.67s
2025-08-18 12:43:10,488:INFO:Epoch: 6900/10000 | Train Loss: nan | Dynamic Loss: nan | Regularization Loss: nan | Val Loss: nan | Time: 5.67s
2025-08-18 12:43:16,064:INFO:Epoch: 6950/10000 | Train Loss: nan | Dynamic Loss: nan | Regularization Loss: nan | Val Loss: nan | Time: 5.58s
2025-08-18 12:43:22,166:INFO:Epoch: 7000/10000 | Train Loss: nan | Dynamic Loss: nan | Regularization Loss: nan | Val Loss: nan | Time: 6.10s
2025-08-18 12:43:27,916:INFO:Epoch: 7050/10000 | Train Loss: nan | Dynamic Loss: nan | Regularization Loss: nan | Val Loss: nan | Time: 5.75s
2025-08-18 12:43:33,698:INFO:Epoch: 7100/10000 | Train Loss: nan | Dynamic Loss: nan | Regularization Loss: nan | Val Loss: nan | Time: 5.78s
2025-08-18 12:43:39,444:INFO:Epoch: 7150/10000 | Train Loss: nan | Dynamic Loss: nan | Regularization Loss: nan | Val Loss: nan | Time: 5.75s
2025-08-18 12:43:45,121:INFO:Epoch: 7200/10000 | Train Loss: nan | Dynamic Loss: nan | Regularization Loss: nan | Val Loss: nan | Time: 5.68s
2025-08-18 12:43:50,809:INFO:Epoch: 7250/10000 | Train Loss: nan | Dynamic Loss: nan | Regularization Loss: nan | Val Loss: nan | Time: 5.69s
2025-08-18 12:43:56,530:INFO:Epoch: 7300/10000 | Train Loss: nan | Dynamic Loss: nan | Regularization Loss: nan | Val Loss: nan | Time: 5.72s
2025-08-18 12:44:02,200:INFO:Epoch: 7350/10000 | Train Loss: nan | Dynamic Loss: nan | Regularization Loss: nan | Val Loss: nan | Time: 5.67s
2025-08-18 12:44:07,861:INFO:Epoch: 7400/10000 | Train Loss: nan | Dynamic Loss: nan | Regularization Loss: nan | Val Loss: nan | Time: 5.66s
2025-08-18 12:44:13,467:INFO:Epoch: 7450/10000 | Train Loss: nan | Dynamic Loss: nan | Regularization Loss: nan | Val Loss: nan | Time: 5.61s
2025-08-18 12:44:21,756:INFO:Epoch: 7500/10000 | Train Loss: nan | Dynamic Loss: nan | Regularization Loss: nan | Val Loss: nan | Time: 8.29s
2025-08-18 12:44:27,468:INFO:Epoch: 7550/10000 | Train Loss: nan | Dynamic Loss: nan | Regularization Loss: nan | Val Loss: nan | Time: 5.71s
2025-08-18 12:44:33,139:INFO:Epoch: 7600/10000 | Train Loss: nan | Dynamic Loss: nan | Regularization Loss: nan | Val Loss: nan | Time: 5.67s
2025-08-18 12:44:39,129:INFO:Epoch: 7650/10000 | Train Loss: nan | Dynamic Loss: nan | Regularization Loss: nan | Val Loss: nan | Time: 5.99s
2025-08-18 12:44:44,864:INFO:Epoch: 7700/10000 | Train Loss: nan | Dynamic Loss: nan | Regularization Loss: nan | Val Loss: nan | Time: 5.74s
2025-08-18 12:44:50,451:INFO:Epoch: 7750/10000 | Train Loss: nan | Dynamic Loss: nan | Regularization Loss: nan | Val Loss: nan | Time: 5.59s
2025-08-18 12:45:01,334:INFO:Epoch: 7800/10000 | Train Loss: nan | Dynamic Loss: nan | Regularization Loss: nan | Val Loss: nan | Time: 10.88s
2025-08-18 12:45:06,971:INFO:Epoch: 7850/10000 | Train Loss: nan | Dynamic Loss: nan | Regularization Loss: nan | Val Loss: nan | Time: 5.64s
2025-08-18 12:45:12,694:INFO:Epoch: 7900/10000 | Train Loss: nan | Dynamic Loss: nan | Regularization Loss: nan | Val Loss: nan | Time: 5.72s
2025-08-18 12:45:23,910:INFO:Epoch: 7950/10000 | Train Loss: nan | Dynamic Loss: nan | Regularization Loss: nan | Val Loss: nan | Time: 11.22s
2025-08-18 12:45:29,525:INFO:Epoch: 8000/10000 | Train Loss: nan | Dynamic Loss: nan | Regularization Loss: nan | Val Loss: nan | Time: 5.61s
2025-08-18 12:45:35,200:INFO:Epoch: 8050/10000 | Train Loss: nan | Dynamic Loss: nan | Regularization Loss: nan | Val Loss: nan | Time: 5.67s
2025-08-18 12:45:47,119:INFO:Epoch: 8100/10000 | Train Loss: nan | Dynamic Loss: nan | Regularization Loss: nan | Val Loss: nan | Time: 11.92s
2025-08-18 12:45:52,770:INFO:Epoch: 8150/10000 | Train Loss: nan | Dynamic Loss: nan | Regularization Loss: nan | Val Loss: nan | Time: 5.65s
2025-08-18 12:45:58,418:INFO:Epoch: 8200/10000 | Train Loss: nan | Dynamic Loss: nan | Regularization Loss: nan | Val Loss: nan | Time: 5.65s
2025-08-18 12:46:08,902:INFO:Epoch: 8250/10000 | Train Loss: nan | Dynamic Loss: nan | Regularization Loss: nan | Val Loss: nan | Time: 10.48s
2025-08-18 12:46:14,530:INFO:Epoch: 8300/10000 | Train Loss: nan | Dynamic Loss: nan | Regularization Loss: nan | Val Loss: nan | Time: 5.63s
2025-08-18 12:46:20,144:INFO:Epoch: 8350/10000 | Train Loss: nan | Dynamic Loss: nan | Regularization Loss: nan | Val Loss: nan | Time: 5.61s
2025-08-18 12:46:25,913:INFO:Epoch: 8400/10000 | Train Loss: nan | Dynamic Loss: nan | Regularization Loss: nan | Val Loss: nan | Time: 5.77s
2025-08-18 12:46:31,670:INFO:Epoch: 8450/10000 | Train Loss: nan | Dynamic Loss: nan | Regularization Loss: nan | Val Loss: nan | Time: 5.76s
2025-08-18 12:46:37,402:INFO:Epoch: 8500/10000 | Train Loss: nan | Dynamic Loss: nan | Regularization Loss: nan | Val Loss: nan | Time: 5.73s
2025-08-18 12:46:43,073:INFO:Epoch: 8550/10000 | Train Loss: nan | Dynamic Loss: nan | Regularization Loss: nan | Val Loss: nan | Time: 5.67s
2025-08-18 12:46:50,701:INFO:Epoch: 8600/10000 | Train Loss: nan | Dynamic Loss: nan | Regularization Loss: nan | Val Loss: nan | Time: 7.63s
2025-08-18 12:46:56,441:INFO:Epoch: 8650/10000 | Train Loss: nan | Dynamic Loss: nan | Regularization Loss: nan | Val Loss: nan | Time: 5.74s
2025-08-18 12:47:02,244:INFO:Epoch: 8700/10000 | Train Loss: nan | Dynamic Loss: nan | Regularization Loss: nan | Val Loss: nan | Time: 5.80s
2025-08-18 12:47:07,921:INFO:Epoch: 8750/10000 | Train Loss: nan | Dynamic Loss: nan | Regularization Loss: nan | Val Loss: nan | Time: 5.68s
2025-08-18 12:47:13,555:INFO:Epoch: 8800/10000 | Train Loss: nan | Dynamic Loss: nan | Regularization Loss: nan | Val Loss: nan | Time: 5.63s
2025-08-18 12:47:19,214:INFO:Epoch: 8850/10000 | Train Loss: nan | Dynamic Loss: nan | Regularization Loss: nan | Val Loss: nan | Time: 5.66s
2025-08-18 12:47:29,956:INFO:Epoch: 8900/10000 | Train Loss: nan | Dynamic Loss: nan | Regularization Loss: nan | Val Loss: nan | Time: 10.74s
2025-08-18 12:47:35,582:INFO:Epoch: 8950/10000 | Train Loss: nan | Dynamic Loss: nan | Regularization Loss: nan | Val Loss: nan | Time: 5.63s
2025-08-18 12:47:41,151:INFO:Epoch: 9000/10000 | Train Loss: nan | Dynamic Loss: nan | Regularization Loss: nan | Val Loss: nan | Time: 5.57s
2025-08-18 12:47:53,227:INFO:Epoch: 9050/10000 | Train Loss: nan | Dynamic Loss: nan | Regularization Loss: nan | Val Loss: nan | Time: 12.08s
2025-08-18 12:47:58,876:INFO:Epoch: 9100/10000 | Train Loss: nan | Dynamic Loss: nan | Regularization Loss: nan | Val Loss: nan | Time: 5.65s
2025-08-18 12:48:04,451:INFO:Epoch: 9150/10000 | Train Loss: nan | Dynamic Loss: nan | Regularization Loss: nan | Val Loss: nan | Time: 5.57s
2025-08-18 12:48:16,494:INFO:Epoch: 9200/10000 | Train Loss: nan | Dynamic Loss: nan | Regularization Loss: nan | Val Loss: nan | Time: 12.04s
2025-08-18 12:48:22,218:INFO:Epoch: 9250/10000 | Train Loss: nan | Dynamic Loss: nan | Regularization Loss: nan | Val Loss: nan | Time: 5.72s
2025-08-18 12:48:27,947:INFO:Epoch: 9300/10000 | Train Loss: nan | Dynamic Loss: nan | Regularization Loss: nan | Val Loss: nan | Time: 5.73s
2025-08-18 12:48:37,373:INFO:Epoch: 9350/10000 | Train Loss: nan | Dynamic Loss: nan | Regularization Loss: nan | Val Loss: nan | Time: 9.43s
2025-08-18 12:48:43,131:INFO:Epoch: 9400/10000 | Train Loss: nan | Dynamic Loss: nan | Regularization Loss: nan | Val Loss: nan | Time: 5.76s
2025-08-18 12:48:48,871:INFO:Epoch: 9450/10000 | Train Loss: nan | Dynamic Loss: nan | Regularization Loss: nan | Val Loss: nan | Time: 5.74s
2025-08-18 12:48:54,648:INFO:Epoch: 9500/10000 | Train Loss: nan | Dynamic Loss: nan | Regularization Loss: nan | Val Loss: nan | Time: 5.78s
2025-08-18 12:49:00,433:INFO:Epoch: 9550/10000 | Train Loss: nan | Dynamic Loss: nan | Regularization Loss: nan | Val Loss: nan | Time: 5.78s
2025-08-18 12:49:06,124:INFO:Epoch: 9600/10000 | Train Loss: nan | Dynamic Loss: nan | Regularization Loss: nan | Val Loss: nan | Time: 5.69s
2025-08-18 12:49:13,804:INFO:Epoch: 9650/10000 | Train Loss: nan | Dynamic Loss: nan | Regularization Loss: nan | Val Loss: nan | Time: 7.68s
2025-08-18 12:49:19,453:INFO:Epoch: 9700/10000 | Train Loss: nan | Dynamic Loss: nan | Regularization Loss: nan | Val Loss: nan | Time: 5.65s
2025-08-18 12:49:25,206:INFO:Epoch: 9750/10000 | Train Loss: nan | Dynamic Loss: nan | Regularization Loss: nan | Val Loss: nan | Time: 5.75s
2025-08-18 12:49:31,006:INFO:Epoch: 9800/10000 | Train Loss: nan | Dynamic Loss: nan | Regularization Loss: nan | Val Loss: nan | Time: 5.80s
2025-08-18 12:49:36,753:INFO:Epoch: 9850/10000 | Train Loss: nan | Dynamic Loss: nan | Regularization Loss: nan | Val Loss: nan | Time: 5.75s
2025-08-18 12:49:42,434:INFO:Epoch: 9900/10000 | Train Loss: nan | Dynamic Loss: nan | Regularization Loss: nan | Val Loss: nan | Time: 5.68s
2025-08-18 12:49:48,223:INFO:Epoch: 9950/10000 | Train Loss: nan | Dynamic Loss: nan | Regularization Loss: nan | Val Loss: nan | Time: 5.79s
2025-08-18 12:49:54,023:INFO:Epoch: 10000/10000 | Train Loss: nan | Dynamic Loss: nan | Regularization Loss: nan | Val Loss: nan | Time: 5.80s
