2025-08-18 19:01:43,040:INFO:Created DataLoaders with 5994 training samples and 1998 validation samples.
2025-08-18 19:01:43,612:INFO:model params: 526849
2025-08-18 19:01:44,372:INFO:Epoch: 0/10000 | Train Loss: 2.413e+00 | Dynamic Loss: 1.549e+00 | Regularization Loss: 8.646e-01 | Val Loss: 9.182e-01 | Time: 0.76s
2025-08-18 19:01:44,372:INFO:New best model found at epoch 0 with validation loss 9.182e-01. Saving...
2025-08-18 19:01:49,935:INFO:Epoch: 50/10000 | Train Loss: 7.073e-01 | Dynamic Loss: 6.997e-01 | Regularization Loss: 7.594e-03 | Val Loss: 7.002e-01 | Time: 5.54s
2025-08-18 19:01:49,935:INFO:New best model found at epoch 50 with validation loss 7.002e-01. Saving...
2025-08-18 19:01:55,134:INFO:Epoch: 100/10000 | Train Loss: 6.506e-01 | Dynamic Loss: 6.475e-01 | Regularization Loss: 3.125e-03 | Val Loss: 6.530e-01 | Time: 5.19s
2025-08-18 19:01:55,134:INFO:New best model found at epoch 100 with validation loss 6.530e-01. Saving...
2025-08-18 19:02:00,394:INFO:Epoch: 150/10000 | Train Loss: 6.065e-01 | Dynamic Loss: 6.047e-01 | Regularization Loss: 1.782e-03 | Val Loss: 6.095e-01 | Time: 5.25s
2025-08-18 19:02:00,395:INFO:New best model found at epoch 150 with validation loss 6.095e-01. Saving...
2025-08-18 19:02:11,819:INFO:Epoch: 200/10000 | Train Loss: 5.604e-01 | Dynamic Loss: 5.592e-01 | Regularization Loss: 1.181e-03 | Val Loss: 5.708e-01 | Time: 11.41s
2025-08-18 19:02:11,819:INFO:New best model found at epoch 200 with validation loss 5.708e-01. Saving...
2025-08-18 19:02:17,259:INFO:Epoch: 250/10000 | Train Loss: 5.274e-01 | Dynamic Loss: 5.266e-01 | Regularization Loss: 8.528e-04 | Val Loss: 5.355e-01 | Time: 5.43s
2025-08-18 19:02:17,259:INFO:New best model found at epoch 250 with validation loss 5.355e-01. Saving...
2025-08-18 19:02:27,503:INFO:Epoch: 300/10000 | Train Loss: 4.892e-01 | Dynamic Loss: 4.886e-01 | Regularization Loss: 6.515e-04 | Val Loss: 5.020e-01 | Time: 10.23s
2025-08-18 19:02:27,503:INFO:New best model found at epoch 300 with validation loss 5.020e-01. Saving...
2025-08-18 19:02:32,998:INFO:Epoch: 350/10000 | Train Loss: 4.559e-01 | Dynamic Loss: 4.554e-01 | Regularization Loss: 5.176e-04 | Val Loss: 4.717e-01 | Time: 5.49s
2025-08-18 19:02:32,998:INFO:New best model found at epoch 350 with validation loss 4.717e-01. Saving...
2025-08-18 19:02:38,485:INFO:Epoch: 400/10000 | Train Loss: 4.281e-01 | Dynamic Loss: 4.277e-01 | Regularization Loss: 4.232e-04 | Val Loss: 4.436e-01 | Time: 5.48s
2025-08-18 19:02:38,485:INFO:New best model found at epoch 400 with validation loss 4.436e-01. Saving...
2025-08-18 19:02:43,917:INFO:Epoch: 450/10000 | Train Loss: 4.059e-01 | Dynamic Loss: 4.055e-01 | Regularization Loss: 3.539e-04 | Val Loss: 4.200e-01 | Time: 5.42s
2025-08-18 19:02:43,918:INFO:New best model found at epoch 450 with validation loss 4.200e-01. Saving...
2025-08-18 19:02:49,327:INFO:Epoch: 500/10000 | Train Loss: 3.712e-01 | Dynamic Loss: 3.709e-01 | Regularization Loss: 3.011e-04 | Val Loss: 3.902e-01 | Time: 5.40s
2025-08-18 19:02:49,327:INFO:New best model found at epoch 500 with validation loss 3.902e-01. Saving...
2025-08-18 19:03:00,811:INFO:Epoch: 550/10000 | Train Loss: 3.461e-01 | Dynamic Loss: 3.458e-01 | Regularization Loss: 2.597e-04 | Val Loss: 3.652e-01 | Time: 11.48s
2025-08-18 19:03:00,812:INFO:New best model found at epoch 550 with validation loss 3.652e-01. Saving...
2025-08-18 19:03:06,226:INFO:Epoch: 600/10000 | Train Loss: 3.232e-01 | Dynamic Loss: 3.230e-01 | Regularization Loss: 2.266e-04 | Val Loss: 3.426e-01 | Time: 5.41s
2025-08-18 19:03:06,226:INFO:New best model found at epoch 600 with validation loss 3.426e-01. Saving...
2025-08-18 19:03:11,788:INFO:Epoch: 650/10000 | Train Loss: 2.992e-01 | Dynamic Loss: 2.990e-01 | Regularization Loss: 1.998e-04 | Val Loss: 3.214e-01 | Time: 5.55s
2025-08-18 19:03:11,788:INFO:New best model found at epoch 650 with validation loss 3.214e-01. Saving...
2025-08-18 19:03:17,370:INFO:Epoch: 700/10000 | Train Loss: 3.185e-01 | Dynamic Loss: 3.183e-01 | Regularization Loss: 1.776e-04 | Val Loss: 3.212e-01 | Time: 5.57s
2025-08-18 19:03:17,370:INFO:New best model found at epoch 700 with validation loss 3.212e-01. Saving...
2025-08-18 19:03:22,873:INFO:Epoch: 750/10000 | Train Loss: 2.669e-01 | Dynamic Loss: 2.667e-01 | Regularization Loss: 1.590e-04 | Val Loss: 2.920e-01 | Time: 5.49s
2025-08-18 19:03:22,873:INFO:New best model found at epoch 750 with validation loss 2.920e-01. Saving...
2025-08-18 19:03:33,482:INFO:Epoch: 800/10000 | Train Loss: 2.451e-01 | Dynamic Loss: 2.450e-01 | Regularization Loss: 1.435e-04 | Val Loss: 2.678e-01 | Time: 10.60s
2025-08-18 19:03:33,483:INFO:New best model found at epoch 800 with validation loss 2.678e-01. Saving...
2025-08-18 19:03:39,006:INFO:Epoch: 850/10000 | Train Loss: 2.308e-01 | Dynamic Loss: 2.307e-01 | Regularization Loss: 1.303e-04 | Val Loss: 2.544e-01 | Time: 5.52s
2025-08-18 19:03:39,007:INFO:New best model found at epoch 850 with validation loss 2.544e-01. Saving...
2025-08-18 19:03:44,555:INFO:Epoch: 900/10000 | Train Loss: 2.772e-01 | Dynamic Loss: 2.771e-01 | Regularization Loss: 1.189e-04 | Val Loss: 2.618e-01 | Time: 5.54s
2025-08-18 19:03:50,049:INFO:Epoch: 950/10000 | Train Loss: 2.223e-01 | Dynamic Loss: 2.222e-01 | Regularization Loss: 1.093e-04 | Val Loss: 2.463e-01 | Time: 5.49s
2025-08-18 19:03:50,049:INFO:New best model found at epoch 950 with validation loss 2.463e-01. Saving...
2025-08-18 19:03:55,599:INFO:Epoch: 1000/10000 | Train Loss: 2.076e-01 | Dynamic Loss: 2.075e-01 | Regularization Loss: 1.009e-04 | Val Loss: 2.249e-01 | Time: 5.54s
2025-08-18 19:03:55,599:INFO:New best model found at epoch 1000 with validation loss 2.249e-01. Saving...
2025-08-18 19:04:01,090:INFO:Epoch: 1050/10000 | Train Loss: 1.848e-01 | Dynamic Loss: 1.847e-01 | Regularization Loss: 9.368e-05 | Val Loss: 2.107e-01 | Time: 5.48s
2025-08-18 19:04:01,090:INFO:New best model found at epoch 1050 with validation loss 2.107e-01. Saving...
2025-08-18 19:04:06,528:INFO:Epoch: 1100/10000 | Train Loss: 1.753e-01 | Dynamic Loss: 1.752e-01 | Regularization Loss: 8.742e-05 | Val Loss: 2.012e-01 | Time: 5.43s
2025-08-18 19:04:06,528:INFO:New best model found at epoch 1100 with validation loss 2.012e-01. Saving...
2025-08-18 19:04:15,428:INFO:Epoch: 1150/10000 | Train Loss: 1.725e-01 | Dynamic Loss: 1.724e-01 | Regularization Loss: 8.197e-05 | Val Loss: 2.036e-01 | Time: 8.89s
2025-08-18 19:04:20,870:INFO:Epoch: 1200/10000 | Train Loss: 1.625e-01 | Dynamic Loss: 1.624e-01 | Regularization Loss: 7.733e-05 | Val Loss: 1.893e-01 | Time: 5.44s
2025-08-18 19:04:20,870:INFO:New best model found at epoch 1200 with validation loss 1.893e-01. Saving...
2025-08-18 19:04:26,389:INFO:Epoch: 1250/10000 | Train Loss: 1.541e-01 | Dynamic Loss: 1.540e-01 | Regularization Loss: 7.315e-05 | Val Loss: 1.821e-01 | Time: 5.51s
2025-08-18 19:04:26,390:INFO:New best model found at epoch 1250 with validation loss 1.821e-01. Saving...
2025-08-18 19:04:31,965:INFO:Epoch: 1300/10000 | Train Loss: 1.505e-01 | Dynamic Loss: 1.504e-01 | Regularization Loss: 6.955e-05 | Val Loss: 1.795e-01 | Time: 5.57s
2025-08-18 19:04:31,965:INFO:New best model found at epoch 1300 with validation loss 1.795e-01. Saving...
2025-08-18 19:04:37,486:INFO:Epoch: 1350/10000 | Train Loss: 1.544e-01 | Dynamic Loss: 1.543e-01 | Regularization Loss: 6.644e-05 | Val Loss: 1.777e-01 | Time: 5.51s
2025-08-18 19:04:37,486:INFO:New best model found at epoch 1350 with validation loss 1.777e-01. Saving...
2025-08-18 19:04:42,970:INFO:Epoch: 1400/10000 | Train Loss: 1.413e-01 | Dynamic Loss: 1.413e-01 | Regularization Loss: 6.362e-05 | Val Loss: 1.697e-01 | Time: 5.47s
2025-08-18 19:04:42,970:INFO:New best model found at epoch 1400 with validation loss 1.697e-01. Saving...
2025-08-18 19:04:48,661:INFO:Epoch: 1450/10000 | Train Loss: 1.454e-01 | Dynamic Loss: 1.453e-01 | Regularization Loss: 6.123e-05 | Val Loss: 1.694e-01 | Time: 5.68s
2025-08-18 19:04:48,661:INFO:New best model found at epoch 1450 with validation loss 1.694e-01. Saving...
2025-08-18 19:05:00,698:INFO:Epoch: 1500/10000 | Train Loss: 1.256e-01 | Dynamic Loss: 1.255e-01 | Regularization Loss: 5.909e-05 | Val Loss: 1.566e-01 | Time: 12.03s
2025-08-18 19:05:00,698:INFO:New best model found at epoch 1500 with validation loss 1.566e-01. Saving...
2025-08-18 19:05:06,740:INFO:Epoch: 1550/10000 | Train Loss: 1.228e-01 | Dynamic Loss: 1.228e-01 | Regularization Loss: 5.727e-05 | Val Loss: 1.525e-01 | Time: 6.03s
2025-08-18 19:05:06,740:INFO:New best model found at epoch 1550 with validation loss 1.525e-01. Saving...
2025-08-18 19:05:12,419:INFO:Epoch: 1600/10000 | Train Loss: 1.178e-01 | Dynamic Loss: 1.178e-01 | Regularization Loss: 5.564e-05 | Val Loss: 1.484e-01 | Time: 5.67s
2025-08-18 19:05:12,419:INFO:New best model found at epoch 1600 with validation loss 1.484e-01. Saving...
2025-08-18 19:05:18,043:INFO:Epoch: 1650/10000 | Train Loss: 1.224e-01 | Dynamic Loss: 1.223e-01 | Regularization Loss: 5.420e-05 | Val Loss: 1.509e-01 | Time: 5.61s
2025-08-18 19:05:23,763:INFO:Epoch: 1700/10000 | Train Loss: 1.142e-01 | Dynamic Loss: 1.142e-01 | Regularization Loss: 5.309e-05 | Val Loss: 1.445e-01 | Time: 5.72s
2025-08-18 19:05:23,763:INFO:New best model found at epoch 1700 with validation loss 1.445e-01. Saving...
2025-08-18 19:05:29,404:INFO:Epoch: 1750/10000 | Train Loss: 1.077e-01 | Dynamic Loss: 1.076e-01 | Regularization Loss: 5.193e-05 | Val Loss: 1.401e-01 | Time: 5.63s
2025-08-18 19:05:29,404:INFO:New best model found at epoch 1750 with validation loss 1.401e-01. Saving...
2025-08-18 19:05:34,902:INFO:Epoch: 1800/10000 | Train Loss: 1.172e-01 | Dynamic Loss: 1.171e-01 | Regularization Loss: 5.113e-05 | Val Loss: 1.477e-01 | Time: 5.49s
2025-08-18 19:05:45,355:INFO:Epoch: 1850/10000 | Train Loss: 1.084e-01 | Dynamic Loss: 1.083e-01 | Regularization Loss: 5.040e-05 | Val Loss: 1.383e-01 | Time: 10.45s
2025-08-18 19:05:45,355:INFO:New best model found at epoch 1850 with validation loss 1.383e-01. Saving...
2025-08-18 19:05:50,908:INFO:Epoch: 1900/10000 | Train Loss: 1.059e-01 | Dynamic Loss: 1.058e-01 | Regularization Loss: 4.976e-05 | Val Loss: 1.362e-01 | Time: 5.54s
2025-08-18 19:05:50,908:INFO:New best model found at epoch 1900 with validation loss 1.362e-01. Saving...
2025-08-18 19:06:00,212:INFO:Epoch: 1950/10000 | Train Loss: 9.977e-02 | Dynamic Loss: 9.972e-02 | Regularization Loss: 4.907e-05 | Val Loss: 1.319e-01 | Time: 9.30s
2025-08-18 19:06:00,212:INFO:New best model found at epoch 1950 with validation loss 1.319e-01. Saving...
2025-08-18 19:06:05,832:INFO:Epoch: 2000/10000 | Train Loss: 9.487e-02 | Dynamic Loss: 9.482e-02 | Regularization Loss: 4.867e-05 | Val Loss: 1.286e-01 | Time: 5.61s
2025-08-18 19:06:05,832:INFO:New best model found at epoch 2000 with validation loss 1.286e-01. Saving...
2025-08-18 19:06:11,442:INFO:Epoch: 2050/10000 | Train Loss: 9.385e-02 | Dynamic Loss: 9.381e-02 | Regularization Loss: 4.778e-05 | Val Loss: 1.284e-01 | Time: 5.60s
2025-08-18 19:06:11,442:INFO:New best model found at epoch 2050 with validation loss 1.284e-01. Saving...
2025-08-18 19:06:17,016:INFO:Epoch: 2100/10000 | Train Loss: 9.174e-02 | Dynamic Loss: 9.169e-02 | Regularization Loss: 4.719e-05 | Val Loss: 1.263e-01 | Time: 5.56s
2025-08-18 19:06:17,016:INFO:New best model found at epoch 2100 with validation loss 1.263e-01. Saving...
2025-08-18 19:06:22,562:INFO:Epoch: 2150/10000 | Train Loss: 8.965e-02 | Dynamic Loss: 8.960e-02 | Regularization Loss: 4.674e-05 | Val Loss: 1.244e-01 | Time: 5.54s
2025-08-18 19:06:22,562:INFO:New best model found at epoch 2150 with validation loss 1.244e-01. Saving...
2025-08-18 19:06:28,122:INFO:Epoch: 2200/10000 | Train Loss: 9.567e-02 | Dynamic Loss: 9.563e-02 | Regularization Loss: 4.598e-05 | Val Loss: 1.270e-01 | Time: 5.55s
2025-08-18 19:06:33,624:INFO:Epoch: 2250/10000 | Train Loss: 9.116e-02 | Dynamic Loss: 9.112e-02 | Regularization Loss: 4.543e-05 | Val Loss: 1.237e-01 | Time: 5.50s
2025-08-18 19:06:33,624:INFO:New best model found at epoch 2250 with validation loss 1.237e-01. Saving...
2025-08-18 19:06:40,895:INFO:Epoch: 2300/10000 | Train Loss: 9.565e-02 | Dynamic Loss: 9.561e-02 | Regularization Loss: 4.480e-05 | Val Loss: 1.285e-01 | Time: 7.26s
2025-08-18 19:06:46,377:INFO:Epoch: 2350/10000 | Train Loss: 8.200e-02 | Dynamic Loss: 8.196e-02 | Regularization Loss: 4.436e-05 | Val Loss: 1.187e-01 | Time: 5.48s
2025-08-18 19:06:46,377:INFO:New best model found at epoch 2350 with validation loss 1.187e-01. Saving...
2025-08-18 19:06:53,740:INFO:Epoch: 2400/10000 | Train Loss: 8.407e-02 | Dynamic Loss: 8.403e-02 | Regularization Loss: 4.373e-05 | Val Loss: 1.203e-01 | Time: 7.35s
2025-08-18 19:06:59,242:INFO:Epoch: 2450/10000 | Train Loss: 7.935e-02 | Dynamic Loss: 7.931e-02 | Regularization Loss: 4.309e-05 | Val Loss: 1.167e-01 | Time: 5.50s
2025-08-18 19:06:59,242:INFO:New best model found at epoch 2450 with validation loss 1.167e-01. Saving...
2025-08-18 19:07:06,199:INFO:Epoch: 2500/10000 | Train Loss: 7.815e-02 | Dynamic Loss: 7.811e-02 | Regularization Loss: 4.259e-05 | Val Loss: 1.163e-01 | Time: 6.95s
2025-08-18 19:07:06,200:INFO:New best model found at epoch 2500 with validation loss 1.163e-01. Saving...
2025-08-18 19:07:11,858:INFO:Epoch: 2550/10000 | Train Loss: 7.834e-02 | Dynamic Loss: 7.830e-02 | Regularization Loss: 4.189e-05 | Val Loss: 1.154e-01 | Time: 5.65s
2025-08-18 19:07:11,858:INFO:New best model found at epoch 2550 with validation loss 1.154e-01. Saving...
2025-08-18 19:08:02,710:INFO:Created DataLoaders with 5994 training samples and 1998 validation samples.
2025-08-18 19:08:04,277:INFO:model params: 526849
2025-08-18 19:08:06,119:INFO:Epoch: 0/10000 | Train Loss: 4.030e+00 | Dynamic Loss: 3.165e+00 | Regularization Loss: 8.646e-01 | Val Loss: 2.207e+00 | Time: 1.84s
2025-08-18 19:08:06,120:INFO:New best model found at epoch 0 with validation loss 2.207e+00. Saving...
2025-08-18 19:08:11,317:INFO:Epoch: 50/10000 | Train Loss: 1.659e+00 | Dynamic Loss: 1.651e+00 | Regularization Loss: 7.539e-03 | Val Loss: 1.682e+00 | Time: 5.17s
2025-08-18 19:08:11,317:INFO:New best model found at epoch 50 with validation loss 1.682e+00. Saving...
2025-08-18 19:08:16,575:INFO:Epoch: 100/10000 | Train Loss: 1.492e+00 | Dynamic Loss: 1.489e+00 | Regularization Loss: 3.066e-03 | Val Loss: 1.517e+00 | Time: 5.25s
2025-08-18 19:08:16,575:INFO:New best model found at epoch 100 with validation loss 1.517e+00. Saving...
2025-08-18 19:08:21,948:INFO:Epoch: 150/10000 | Train Loss: 1.357e+00 | Dynamic Loss: 1.355e+00 | Regularization Loss: 1.723e-03 | Val Loss: 1.395e+00 | Time: 5.36s
2025-08-18 19:08:21,948:INFO:New best model found at epoch 150 with validation loss 1.395e+00. Saving...
2025-08-18 19:08:27,275:INFO:Epoch: 200/10000 | Train Loss: 1.256e+00 | Dynamic Loss: 1.255e+00 | Regularization Loss: 1.123e-03 | Val Loss: 1.307e+00 | Time: 5.32s
2025-08-18 19:08:27,276:INFO:New best model found at epoch 200 with validation loss 1.307e+00. Saving...
2025-08-18 19:08:32,620:INFO:Epoch: 250/10000 | Train Loss: 1.235e+00 | Dynamic Loss: 1.235e+00 | Regularization Loss: 7.966e-04 | Val Loss: 1.245e+00 | Time: 5.33s
2025-08-18 19:08:32,620:INFO:New best model found at epoch 250 with validation loss 1.245e+00. Saving...
2025-08-18 19:08:42,993:INFO:Epoch: 300/10000 | Train Loss: 1.170e+00 | Dynamic Loss: 1.169e+00 | Regularization Loss: 5.974e-04 | Val Loss: 1.175e+00 | Time: 10.37s
2025-08-18 19:08:42,993:INFO:New best model found at epoch 300 with validation loss 1.175e+00. Saving...
2025-08-18 19:08:48,485:INFO:Epoch: 350/10000 | Train Loss: 1.062e+00 | Dynamic Loss: 1.061e+00 | Regularization Loss: 4.656e-04 | Val Loss: 1.115e+00 | Time: 5.48s
2025-08-18 19:08:48,485:INFO:New best model found at epoch 350 with validation loss 1.115e+00. Saving...
2025-08-18 19:08:53,892:INFO:Epoch: 400/10000 | Train Loss: 9.716e-01 | Dynamic Loss: 9.712e-01 | Regularization Loss: 3.734e-04 | Val Loss: 1.030e+00 | Time: 5.40s
2025-08-18 19:08:53,892:INFO:New best model found at epoch 400 with validation loss 1.030e+00. Saving...
2025-08-18 19:08:59,267:INFO:Epoch: 450/10000 | Train Loss: 9.179e-01 | Dynamic Loss: 9.176e-01 | Regularization Loss: 3.061e-04 | Val Loss: 9.892e-01 | Time: 5.37s
2025-08-18 19:08:59,267:INFO:New best model found at epoch 450 with validation loss 9.892e-01. Saving...
2025-08-18 19:09:04,726:INFO:Epoch: 500/10000 | Train Loss: 8.654e-01 | Dynamic Loss: 8.651e-01 | Regularization Loss: 2.552e-04 | Val Loss: 1.024e+00 | Time: 5.45s
2025-08-18 19:09:10,174:INFO:Epoch: 550/10000 | Train Loss: 7.949e-01 | Dynamic Loss: 7.947e-01 | Regularization Loss: 2.158e-04 | Val Loss: 8.783e-01 | Time: 5.45s
2025-08-18 19:09:10,174:INFO:New best model found at epoch 550 with validation loss 8.783e-01. Saving...
2025-08-18 19:09:15,571:INFO:Epoch: 600/10000 | Train Loss: 7.506e-01 | Dynamic Loss: 7.504e-01 | Regularization Loss: 1.846e-04 | Val Loss: 8.414e-01 | Time: 5.39s
2025-08-18 19:09:15,571:INFO:New best model found at epoch 600 with validation loss 8.414e-01. Saving...
2025-08-18 19:09:27,455:INFO:Epoch: 650/10000 | Train Loss: 7.182e-01 | Dynamic Loss: 7.180e-01 | Regularization Loss: 1.594e-04 | Val Loss: 8.058e-01 | Time: 11.87s
2025-08-18 19:09:27,455:INFO:New best model found at epoch 650 with validation loss 8.058e-01. Saving...
2025-08-18 19:09:32,948:INFO:Epoch: 700/10000 | Train Loss: 6.812e-01 | Dynamic Loss: 6.811e-01 | Regularization Loss: 1.388e-04 | Val Loss: 7.696e-01 | Time: 5.48s
2025-08-18 19:09:32,948:INFO:New best model found at epoch 700 with validation loss 7.696e-01. Saving...
2025-08-18 19:09:44,030:INFO:Epoch: 750/10000 | Train Loss: 6.568e-01 | Dynamic Loss: 6.566e-01 | Regularization Loss: 1.218e-04 | Val Loss: 7.384e-01 | Time: 11.07s
2025-08-18 19:09:44,030:INFO:New best model found at epoch 750 with validation loss 7.384e-01. Saving...
2025-08-18 19:09:49,528:INFO:Epoch: 800/10000 | Train Loss: 6.386e-01 | Dynamic Loss: 6.385e-01 | Regularization Loss: 1.075e-04 | Val Loss: 7.266e-01 | Time: 5.49s
2025-08-18 19:09:49,528:INFO:New best model found at epoch 800 with validation loss 7.266e-01. Saving...
2025-08-18 19:09:55,107:INFO:Epoch: 850/10000 | Train Loss: 5.909e-01 | Dynamic Loss: 5.908e-01 | Regularization Loss: 9.544e-05 | Val Loss: 6.783e-01 | Time: 5.57s
2025-08-18 19:09:55,107:INFO:New best model found at epoch 850 with validation loss 6.783e-01. Saving...
2025-08-18 19:10:00,788:INFO:Epoch: 900/10000 | Train Loss: 5.911e-01 | Dynamic Loss: 5.910e-01 | Regularization Loss: 8.518e-05 | Val Loss: 6.759e-01 | Time: 5.52s
2025-08-18 19:10:00,788:INFO:New best model found at epoch 900 with validation loss 6.759e-01. Saving...
2025-08-18 19:10:06,355:INFO:Epoch: 950/10000 | Train Loss: 5.925e-01 | Dynamic Loss: 5.924e-01 | Regularization Loss: 7.621e-05 | Val Loss: 6.642e-01 | Time: 5.56s
2025-08-18 19:10:06,355:INFO:New best model found at epoch 950 with validation loss 6.642e-01. Saving...
2025-08-18 19:10:11,892:INFO:Epoch: 1000/10000 | Train Loss: 5.724e-01 | Dynamic Loss: 5.724e-01 | Regularization Loss: 6.857e-05 | Val Loss: 6.768e-01 | Time: 5.53s
2025-08-18 19:10:17,349:INFO:Epoch: 1050/10000 | Train Loss: 5.180e-01 | Dynamic Loss: 5.180e-01 | Regularization Loss: 6.194e-05 | Val Loss: 6.048e-01 | Time: 5.46s
2025-08-18 19:10:17,349:INFO:New best model found at epoch 1050 with validation loss 6.048e-01. Saving...
2025-08-18 19:10:26,269:INFO:Epoch: 1100/10000 | Train Loss: 5.004e-01 | Dynamic Loss: 5.004e-01 | Regularization Loss: 5.613e-05 | Val Loss: 6.044e-01 | Time: 8.91s
2025-08-18 19:10:26,269:INFO:New best model found at epoch 1100 with validation loss 6.044e-01. Saving...
2025-08-18 19:10:31,757:INFO:Epoch: 1150/10000 | Train Loss: 4.733e-01 | Dynamic Loss: 4.732e-01 | Regularization Loss: 5.105e-05 | Val Loss: 5.847e-01 | Time: 5.48s
2025-08-18 19:10:31,758:INFO:New best model found at epoch 1150 with validation loss 5.847e-01. Saving...
2025-08-18 19:10:39,902:INFO:Epoch: 1200/10000 | Train Loss: 5.175e-01 | Dynamic Loss: 5.175e-01 | Regularization Loss: 4.656e-05 | Val Loss: 5.832e-01 | Time: 8.14s
2025-08-18 19:10:39,902:INFO:New best model found at epoch 1200 with validation loss 5.832e-01. Saving...
2025-08-18 19:10:45,393:INFO:Epoch: 1250/10000 | Train Loss: 4.332e-01 | Dynamic Loss: 4.332e-01 | Regularization Loss: 4.257e-05 | Val Loss: 5.393e-01 | Time: 5.48s
2025-08-18 19:10:45,393:INFO:New best model found at epoch 1250 with validation loss 5.393e-01. Saving...
2025-08-18 19:10:51,050:INFO:Epoch: 1300/10000 | Train Loss: 4.662e-01 | Dynamic Loss: 4.662e-01 | Regularization Loss: 3.900e-05 | Val Loss: 5.254e-01 | Time: 5.65s
2025-08-18 19:10:51,050:INFO:New best model found at epoch 1300 with validation loss 5.254e-01. Saving...
2025-08-18 19:10:56,554:INFO:Epoch: 1350/10000 | Train Loss: 4.139e-01 | Dynamic Loss: 4.138e-01 | Regularization Loss: 3.584e-05 | Val Loss: 5.380e-01 | Time: 5.49s
2025-08-18 19:11:02,147:INFO:Epoch: 1400/10000 | Train Loss: 3.876e-01 | Dynamic Loss: 3.875e-01 | Regularization Loss: 3.302e-05 | Val Loss: 5.058e-01 | Time: 5.59s
2025-08-18 19:11:02,147:INFO:New best model found at epoch 1400 with validation loss 5.058e-01. Saving...
2025-08-18 19:11:07,639:INFO:Epoch: 1450/10000 | Train Loss: 3.559e-01 | Dynamic Loss: 3.559e-01 | Regularization Loss: 3.053e-05 | Val Loss: 4.653e-01 | Time: 5.48s
2025-08-18 19:11:07,639:INFO:New best model found at epoch 1450 with validation loss 4.653e-01. Saving...
2025-08-18 19:11:13,079:INFO:Epoch: 1500/10000 | Train Loss: 3.419e-01 | Dynamic Loss: 3.418e-01 | Regularization Loss: 2.825e-05 | Val Loss: 4.457e-01 | Time: 5.43s
2025-08-18 19:11:13,079:INFO:New best model found at epoch 1500 with validation loss 4.457e-01. Saving...
2025-08-18 19:11:20,566:INFO:Epoch: 1550/10000 | Train Loss: 3.309e-01 | Dynamic Loss: 3.309e-01 | Regularization Loss: 2.627e-05 | Val Loss: 4.391e-01 | Time: 7.48s
2025-08-18 19:11:20,567:INFO:New best model found at epoch 1550 with validation loss 4.391e-01. Saving...
2025-08-18 19:11:26,071:INFO:Epoch: 1600/10000 | Train Loss: 3.163e-01 | Dynamic Loss: 3.163e-01 | Regularization Loss: 2.447e-05 | Val Loss: 4.330e-01 | Time: 5.50s
2025-08-18 19:11:26,071:INFO:New best model found at epoch 1600 with validation loss 4.330e-01. Saving...
2025-08-18 19:11:38,133:INFO:Epoch: 1650/10000 | Train Loss: 3.283e-01 | Dynamic Loss: 3.282e-01 | Regularization Loss: 2.286e-05 | Val Loss: 4.317e-01 | Time: 12.05s
2025-08-18 19:11:38,133:INFO:New best model found at epoch 1650 with validation loss 4.317e-01. Saving...
2025-08-18 19:11:43,713:INFO:Epoch: 1700/10000 | Train Loss: 3.101e-01 | Dynamic Loss: 3.101e-01 | Regularization Loss: 2.144e-05 | Val Loss: 4.219e-01 | Time: 5.57s
2025-08-18 19:11:43,713:INFO:New best model found at epoch 1700 with validation loss 4.219e-01. Saving...
2025-08-18 19:11:49,256:INFO:Epoch: 1750/10000 | Train Loss: 3.079e-01 | Dynamic Loss: 3.079e-01 | Regularization Loss: 2.012e-05 | Val Loss: 4.079e-01 | Time: 5.53s
2025-08-18 19:11:49,256:INFO:New best model found at epoch 1750 with validation loss 4.079e-01. Saving...
2025-08-18 19:11:54,734:INFO:Epoch: 1800/10000 | Train Loss: 2.982e-01 | Dynamic Loss: 2.982e-01 | Regularization Loss: 1.895e-05 | Val Loss: 4.047e-01 | Time: 5.47s
2025-08-18 19:11:54,734:INFO:New best model found at epoch 1800 with validation loss 4.047e-01. Saving...
2025-08-18 19:12:00,346:INFO:Epoch: 1850/10000 | Train Loss: 2.751e-01 | Dynamic Loss: 2.751e-01 | Regularization Loss: 1.789e-05 | Val Loss: 3.921e-01 | Time: 5.60s
2025-08-18 19:12:00,346:INFO:New best model found at epoch 1850 with validation loss 3.921e-01. Saving...
2025-08-18 19:12:05,999:INFO:Epoch: 1900/10000 | Train Loss: 2.598e-01 | Dynamic Loss: 2.598e-01 | Regularization Loss: 1.695e-05 | Val Loss: 3.894e-01 | Time: 5.64s
2025-08-18 19:12:05,999:INFO:New best model found at epoch 1900 with validation loss 3.894e-01. Saving...
2025-08-18 19:12:11,579:INFO:Epoch: 1950/10000 | Train Loss: 2.590e-01 | Dynamic Loss: 2.590e-01 | Regularization Loss: 1.613e-05 | Val Loss: 3.834e-01 | Time: 5.57s
2025-08-18 19:12:11,579:INFO:New best model found at epoch 1950 with validation loss 3.834e-01. Saving...
2025-08-18 19:12:22,506:INFO:Epoch: 2000/10000 | Train Loss: 2.576e-01 | Dynamic Loss: 2.575e-01 | Regularization Loss: 1.541e-05 | Val Loss: 3.821e-01 | Time: 10.92s
2025-08-18 19:12:22,506:INFO:New best model found at epoch 2000 with validation loss 3.821e-01. Saving...
2025-08-18 19:12:28,049:INFO:Epoch: 2050/10000 | Train Loss: 2.459e-01 | Dynamic Loss: 2.459e-01 | Regularization Loss: 1.476e-05 | Val Loss: 3.623e-01 | Time: 5.53s
2025-08-18 19:12:28,049:INFO:New best model found at epoch 2050 with validation loss 3.623e-01. Saving...
2025-08-18 19:12:33,709:INFO:Epoch: 2100/10000 | Train Loss: 2.657e-01 | Dynamic Loss: 2.657e-01 | Regularization Loss: 1.420e-05 | Val Loss: 3.861e-01 | Time: 5.65s
2025-08-18 19:12:39,284:INFO:Epoch: 2150/10000 | Train Loss: 2.391e-01 | Dynamic Loss: 2.391e-01 | Regularization Loss: 1.373e-05 | Val Loss: 3.631e-01 | Time: 5.57s
2025-08-18 19:12:44,832:INFO:Epoch: 2200/10000 | Train Loss: 2.159e-01 | Dynamic Loss: 2.159e-01 | Regularization Loss: 1.336e-05 | Val Loss: 3.425e-01 | Time: 5.55s
2025-08-18 19:12:44,832:INFO:New best model found at epoch 2200 with validation loss 3.425e-01. Saving...
2025-08-18 19:12:50,316:INFO:Epoch: 2250/10000 | Train Loss: 2.315e-01 | Dynamic Loss: 2.315e-01 | Regularization Loss: 1.302e-05 | Val Loss: 3.462e-01 | Time: 5.47s
2025-08-18 19:12:55,993:INFO:Epoch: 2300/10000 | Train Loss: 2.224e-01 | Dynamic Loss: 2.224e-01 | Regularization Loss: 1.278e-05 | Val Loss: 3.308e-01 | Time: 5.68s
2025-08-18 19:12:55,994:INFO:New best model found at epoch 2300 with validation loss 3.308e-01. Saving...
2025-08-18 19:13:01,544:INFO:Epoch: 2350/10000 | Train Loss: 2.009e-01 | Dynamic Loss: 2.008e-01 | Regularization Loss: 1.259e-05 | Val Loss: 3.210e-01 | Time: 5.54s
2025-08-18 19:13:01,544:INFO:New best model found at epoch 2350 with validation loss 3.210e-01. Saving...
2025-08-18 19:13:07,163:INFO:Epoch: 2400/10000 | Train Loss: 1.884e-01 | Dynamic Loss: 1.884e-01 | Regularization Loss: 1.248e-05 | Val Loss: 3.031e-01 | Time: 5.61s
2025-08-18 19:13:07,163:INFO:New best model found at epoch 2400 with validation loss 3.031e-01. Saving...
2025-08-18 19:13:15,754:INFO:Epoch: 2450/10000 | Train Loss: 1.866e-01 | Dynamic Loss: 1.866e-01 | Regularization Loss: 1.236e-05 | Val Loss: 3.106e-01 | Time: 8.58s
2025-08-18 19:13:21,273:INFO:Epoch: 2500/10000 | Train Loss: 1.762e-01 | Dynamic Loss: 1.762e-01 | Regularization Loss: 1.229e-05 | Val Loss: 2.952e-01 | Time: 5.52s
2025-08-18 19:13:21,273:INFO:New best model found at epoch 2500 with validation loss 2.952e-01. Saving...
2025-08-18 19:13:26,923:INFO:Epoch: 2550/10000 | Train Loss: 1.743e-01 | Dynamic Loss: 1.743e-01 | Regularization Loss: 1.226e-05 | Val Loss: 2.990e-01 | Time: 5.64s
2025-08-18 19:13:32,509:INFO:Epoch: 2600/10000 | Train Loss: 1.694e-01 | Dynamic Loss: 1.694e-01 | Regularization Loss: 1.230e-05 | Val Loss: 2.927e-01 | Time: 5.59s
2025-08-18 19:13:32,509:INFO:New best model found at epoch 2600 with validation loss 2.927e-01. Saving...
2025-08-18 19:13:38,100:INFO:Epoch: 2650/10000 | Train Loss: 1.729e-01 | Dynamic Loss: 1.729e-01 | Regularization Loss: 1.231e-05 | Val Loss: 2.866e-01 | Time: 5.58s
2025-08-18 19:13:38,100:INFO:New best model found at epoch 2650 with validation loss 2.866e-01. Saving...
2025-08-18 19:13:43,592:INFO:Epoch: 2700/10000 | Train Loss: 1.725e-01 | Dynamic Loss: 1.725e-01 | Regularization Loss: 1.242e-05 | Val Loss: 2.811e-01 | Time: 5.48s
2025-08-18 19:13:43,592:INFO:New best model found at epoch 2700 with validation loss 2.811e-01. Saving...
2025-08-18 19:13:49,264:INFO:Epoch: 2750/10000 | Train Loss: 1.562e-01 | Dynamic Loss: 1.562e-01 | Regularization Loss: 1.245e-05 | Val Loss: 2.878e-01 | Time: 5.66s
2025-08-18 19:13:54,778:INFO:Epoch: 2800/10000 | Train Loss: 1.589e-01 | Dynamic Loss: 1.589e-01 | Regularization Loss: 1.252e-05 | Val Loss: 2.774e-01 | Time: 5.51s
2025-08-18 19:13:54,779:INFO:New best model found at epoch 2800 with validation loss 2.774e-01. Saving...
2025-08-18 19:14:00,287:INFO:Epoch: 2850/10000 | Train Loss: 1.671e-01 | Dynamic Loss: 1.671e-01 | Regularization Loss: 1.268e-05 | Val Loss: 2.755e-01 | Time: 5.50s
2025-08-18 19:14:00,287:INFO:New best model found at epoch 2850 with validation loss 2.755e-01. Saving...
2025-08-18 19:14:08,844:INFO:Epoch: 2900/10000 | Train Loss: 1.440e-01 | Dynamic Loss: 1.440e-01 | Regularization Loss: 1.280e-05 | Val Loss: 2.706e-01 | Time: 8.55s
2025-08-18 19:14:08,844:INFO:New best model found at epoch 2900 with validation loss 2.706e-01. Saving...
2025-08-18 19:14:14,440:INFO:Epoch: 2950/10000 | Train Loss: 1.643e-01 | Dynamic Loss: 1.643e-01 | Regularization Loss: 1.287e-05 | Val Loss: 2.706e-01 | Time: 5.59s
2025-08-18 19:14:14,440:INFO:New best model found at epoch 2950 with validation loss 2.706e-01. Saving...
2025-08-18 19:14:20,127:INFO:Epoch: 3000/10000 | Train Loss: 1.444e-01 | Dynamic Loss: 1.444e-01 | Regularization Loss: 1.307e-05 | Val Loss: 2.634e-01 | Time: 5.68s
2025-08-18 19:14:20,127:INFO:New best model found at epoch 3000 with validation loss 2.634e-01. Saving...
2025-08-18 19:14:25,638:INFO:Epoch: 3050/10000 | Train Loss: 1.476e-01 | Dynamic Loss: 1.475e-01 | Regularization Loss: 1.324e-05 | Val Loss: 2.721e-01 | Time: 5.50s
2025-08-18 19:14:31,204:INFO:Epoch: 3100/10000 | Train Loss: 1.430e-01 | Dynamic Loss: 1.430e-01 | Regularization Loss: 1.340e-05 | Val Loss: 2.660e-01 | Time: 5.57s
2025-08-18 19:14:36,762:INFO:Epoch: 3150/10000 | Train Loss: 1.424e-01 | Dynamic Loss: 1.424e-01 | Regularization Loss: 1.356e-05 | Val Loss: 2.575e-01 | Time: 5.56s
2025-08-18 19:14:36,762:INFO:New best model found at epoch 3150 with validation loss 2.575e-01. Saving...
2025-08-18 19:14:42,257:INFO:Epoch: 3200/10000 | Train Loss: 1.378e-01 | Dynamic Loss: 1.378e-01 | Regularization Loss: 1.375e-05 | Val Loss: 2.549e-01 | Time: 5.49s
2025-08-18 19:14:42,257:INFO:New best model found at epoch 3200 with validation loss 2.549e-01. Saving...
2025-08-18 19:14:52,762:INFO:Epoch: 3250/10000 | Train Loss: 1.516e-01 | Dynamic Loss: 1.516e-01 | Regularization Loss: 1.387e-05 | Val Loss: 2.539e-01 | Time: 10.49s
2025-08-18 19:14:52,762:INFO:New best model found at epoch 3250 with validation loss 2.539e-01. Saving...
2025-08-18 19:14:58,402:INFO:Epoch: 3300/10000 | Train Loss: 1.352e-01 | Dynamic Loss: 1.352e-01 | Regularization Loss: 1.403e-05 | Val Loss: 2.609e-01 | Time: 5.63s
2025-08-18 19:15:03,986:INFO:Epoch: 3350/10000 | Train Loss: 1.311e-01 | Dynamic Loss: 1.311e-01 | Regularization Loss: 1.412e-05 | Val Loss: 2.479e-01 | Time: 5.58s
2025-08-18 19:15:03,986:INFO:New best model found at epoch 3350 with validation loss 2.479e-01. Saving...
2025-08-18 19:15:09,544:INFO:Epoch: 3400/10000 | Train Loss: 1.349e-01 | Dynamic Loss: 1.349e-01 | Regularization Loss: 1.418e-05 | Val Loss: 2.534e-01 | Time: 5.55s
2025-08-18 19:15:15,195:INFO:Epoch: 3450/10000 | Train Loss: 1.288e-01 | Dynamic Loss: 1.288e-01 | Regularization Loss: 1.434e-05 | Val Loss: 2.471e-01 | Time: 5.65s
2025-08-18 19:15:15,195:INFO:New best model found at epoch 3450 with validation loss 2.471e-01. Saving...
2025-08-18 19:15:20,768:INFO:Epoch: 3500/10000 | Train Loss: 1.289e-01 | Dynamic Loss: 1.289e-01 | Regularization Loss: 1.445e-05 | Val Loss: 2.559e-01 | Time: 5.56s
2025-08-18 19:15:26,297:INFO:Epoch: 3550/10000 | Train Loss: 1.289e-01 | Dynamic Loss: 1.288e-01 | Regularization Loss: 1.453e-05 | Val Loss: 2.487e-01 | Time: 5.53s
2025-08-18 19:15:38,072:INFO:Epoch: 3600/10000 | Train Loss: 1.225e-01 | Dynamic Loss: 1.225e-01 | Regularization Loss: 1.476e-05 | Val Loss: 2.474e-01 | Time: 11.77s
2025-08-18 19:15:43,695:INFO:Epoch: 3650/10000 | Train Loss: 1.175e-01 | Dynamic Loss: 1.175e-01 | Regularization Loss: 1.483e-05 | Val Loss: 2.394e-01 | Time: 5.62s
2025-08-18 19:15:43,695:INFO:New best model found at epoch 3650 with validation loss 2.394e-01. Saving...
2025-08-18 19:15:49,349:INFO:Epoch: 3700/10000 | Train Loss: 1.211e-01 | Dynamic Loss: 1.211e-01 | Regularization Loss: 1.487e-05 | Val Loss: 2.409e-01 | Time: 5.65s
2025-08-18 19:15:54,938:INFO:Epoch: 3750/10000 | Train Loss: 1.181e-01 | Dynamic Loss: 1.181e-01 | Regularization Loss: 1.505e-05 | Val Loss: 2.381e-01 | Time: 5.59s
2025-08-18 19:15:54,938:INFO:New best model found at epoch 3750 with validation loss 2.381e-01. Saving...
2025-08-18 19:16:00,537:INFO:Epoch: 3800/10000 | Train Loss: 1.235e-01 | Dynamic Loss: 1.235e-01 | Regularization Loss: 1.501e-05 | Val Loss: 2.369e-01 | Time: 5.59s
2025-08-18 19:16:00,537:INFO:New best model found at epoch 3800 with validation loss 2.369e-01. Saving...
2025-08-18 19:16:06,105:INFO:Epoch: 3850/10000 | Train Loss: 1.157e-01 | Dynamic Loss: 1.156e-01 | Regularization Loss: 1.506e-05 | Val Loss: 2.353e-01 | Time: 5.56s
2025-08-18 19:16:06,105:INFO:New best model found at epoch 3850 with validation loss 2.353e-01. Saving...
2025-08-18 19:16:11,730:INFO:Epoch: 3900/10000 | Train Loss: 1.204e-01 | Dynamic Loss: 1.204e-01 | Regularization Loss: 1.518e-05 | Val Loss: 2.350e-01 | Time: 5.62s
2025-08-18 19:16:11,730:INFO:New best model found at epoch 3900 with validation loss 2.350e-01. Saving...
2025-08-18 19:16:17,353:INFO:Epoch: 3950/10000 | Train Loss: 1.228e-01 | Dynamic Loss: 1.228e-01 | Regularization Loss: 1.530e-05 | Val Loss: 2.397e-01 | Time: 5.61s
2025-08-18 19:16:23,008:INFO:Epoch: 4000/10000 | Train Loss: 1.094e-01 | Dynamic Loss: 1.094e-01 | Regularization Loss: 1.548e-05 | Val Loss: 2.302e-01 | Time: 5.65s
2025-08-18 19:16:23,008:INFO:New best model found at epoch 4000 with validation loss 2.302e-01. Saving...
2025-08-18 19:16:28,594:INFO:Epoch: 4050/10000 | Train Loss: 1.142e-01 | Dynamic Loss: 1.142e-01 | Regularization Loss: 1.549e-05 | Val Loss: 2.345e-01 | Time: 5.58s
2025-08-18 19:16:34,101:INFO:Epoch: 4100/10000 | Train Loss: 1.082e-01 | Dynamic Loss: 1.082e-01 | Regularization Loss: 1.558e-05 | Val Loss: 2.314e-01 | Time: 5.51s
2025-08-18 19:16:43,725:INFO:Epoch: 4150/10000 | Train Loss: 1.031e-01 | Dynamic Loss: 1.031e-01 | Regularization Loss: 1.564e-05 | Val Loss: 2.273e-01 | Time: 9.62s
2025-08-18 19:16:43,725:INFO:New best model found at epoch 4150 with validation loss 2.273e-01. Saving...
2025-08-18 19:16:49,323:INFO:Epoch: 4200/10000 | Train Loss: 1.067e-01 | Dynamic Loss: 1.067e-01 | Regularization Loss: 1.575e-05 | Val Loss: 2.289e-01 | Time: 5.59s
2025-08-18 19:16:59,774:INFO:Epoch: 4250/10000 | Train Loss: 1.287e-01 | Dynamic Loss: 1.287e-01 | Regularization Loss: 1.598e-05 | Val Loss: 2.435e-01 | Time: 10.45s
2025-08-18 19:17:05,325:INFO:Epoch: 4300/10000 | Train Loss: 1.025e-01 | Dynamic Loss: 1.025e-01 | Regularization Loss: 1.583e-05 | Val Loss: 2.236e-01 | Time: 5.55s
2025-08-18 19:17:05,325:INFO:New best model found at epoch 4300 with validation loss 2.236e-01. Saving...
2025-08-18 19:17:11,264:INFO:Epoch: 4350/10000 | Train Loss: 1.068e-01 | Dynamic Loss: 1.068e-01 | Regularization Loss: 1.588e-05 | Val Loss: 2.325e-01 | Time: 5.93s
2025-08-18 19:17:16,835:INFO:Epoch: 4400/10000 | Train Loss: 1.042e-01 | Dynamic Loss: 1.042e-01 | Regularization Loss: 1.598e-05 | Val Loss: 2.227e-01 | Time: 5.57s
2025-08-18 19:17:16,835:INFO:New best model found at epoch 4400 with validation loss 2.227e-01. Saving...
2025-08-18 19:17:22,450:INFO:Epoch: 4450/10000 | Train Loss: 1.115e-01 | Dynamic Loss: 1.115e-01 | Regularization Loss: 1.593e-05 | Val Loss: 2.247e-01 | Time: 5.61s
2025-08-18 19:17:28,033:INFO:Epoch: 4500/10000 | Train Loss: 1.075e-01 | Dynamic Loss: 1.075e-01 | Regularization Loss: 1.637e-05 | Val Loss: 2.276e-01 | Time: 5.58s
2025-08-18 19:17:33,627:INFO:Epoch: 4550/10000 | Train Loss: 1.095e-01 | Dynamic Loss: 1.095e-01 | Regularization Loss: 1.592e-05 | Val Loss: 2.243e-01 | Time: 5.59s
2025-08-18 19:17:39,289:INFO:Epoch: 4600/10000 | Train Loss: 1.034e-01 | Dynamic Loss: 1.034e-01 | Regularization Loss: 1.621e-05 | Val Loss: 2.282e-01 | Time: 5.66s
2025-08-18 19:17:44,896:INFO:Epoch: 4650/10000 | Train Loss: 8.977e-02 | Dynamic Loss: 8.975e-02 | Regularization Loss: 1.600e-05 | Val Loss: 2.136e-01 | Time: 5.61s
2025-08-18 19:17:44,898:INFO:New best model found at epoch 4650 with validation loss 2.136e-01. Saving...
2025-08-18 19:17:55,224:INFO:Epoch: 4700/10000 | Train Loss: 1.010e-01 | Dynamic Loss: 1.010e-01 | Regularization Loss: 1.612e-05 | Val Loss: 2.166e-01 | Time: 10.32s
2025-08-18 19:18:00,855:INFO:Epoch: 4750/10000 | Train Loss: 9.106e-02 | Dynamic Loss: 9.105e-02 | Regularization Loss: 1.631e-05 | Val Loss: 2.155e-01 | Time: 5.63s
2025-08-18 19:18:06,513:INFO:Epoch: 4800/10000 | Train Loss: 9.923e-02 | Dynamic Loss: 9.922e-02 | Regularization Loss: 1.614e-05 | Val Loss: 2.128e-01 | Time: 5.66s
2025-08-18 19:18:06,513:INFO:New best model found at epoch 4800 with validation loss 2.128e-01. Saving...
2025-08-18 19:18:12,142:INFO:Epoch: 4850/10000 | Train Loss: 8.511e-02 | Dynamic Loss: 8.509e-02 | Regularization Loss: 1.591e-05 | Val Loss: 2.083e-01 | Time: 5.62s
2025-08-18 19:18:12,142:INFO:New best model found at epoch 4850 with validation loss 2.083e-01. Saving...
2025-08-18 19:18:17,688:INFO:Epoch: 4900/10000 | Train Loss: 8.880e-02 | Dynamic Loss: 8.878e-02 | Regularization Loss: 1.582e-05 | Val Loss: 2.102e-01 | Time: 5.54s
2025-08-18 19:18:24,866:INFO:Epoch: 4950/10000 | Train Loss: 1.015e-01 | Dynamic Loss: 1.015e-01 | Regularization Loss: 1.598e-05 | Val Loss: 2.125e-01 | Time: 7.18s
2025-08-18 19:18:30,521:INFO:Epoch: 5000/10000 | Train Loss: 9.387e-02 | Dynamic Loss: 9.385e-02 | Regularization Loss: 1.603e-05 | Val Loss: 2.171e-01 | Time: 5.65s
2025-08-18 19:18:36,188:INFO:Epoch: 5050/10000 | Train Loss: 9.359e-02 | Dynamic Loss: 9.358e-02 | Regularization Loss: 1.620e-05 | Val Loss: 2.151e-01 | Time: 5.67s
2025-08-18 19:18:41,845:INFO:Epoch: 5100/10000 | Train Loss: 9.776e-02 | Dynamic Loss: 9.774e-02 | Regularization Loss: 1.613e-05 | Val Loss: 2.158e-01 | Time: 5.66s
2025-08-18 19:18:50,378:INFO:Epoch: 5150/10000 | Train Loss: 8.639e-02 | Dynamic Loss: 8.638e-02 | Regularization Loss: 1.573e-05 | Val Loss: 2.097e-01 | Time: 8.53s
2025-08-18 19:18:55,967:INFO:Epoch: 5200/10000 | Train Loss: 1.056e-01 | Dynamic Loss: 1.056e-01 | Regularization Loss: 1.558e-05 | Val Loss: 2.188e-01 | Time: 5.59s
2025-08-18 19:19:01,619:INFO:Epoch: 5250/10000 | Train Loss: 8.658e-02 | Dynamic Loss: 8.656e-02 | Regularization Loss: 1.520e-05 | Val Loss: 2.126e-01 | Time: 5.65s
2025-08-18 19:19:07,285:INFO:Epoch: 5300/10000 | Train Loss: 1.018e-01 | Dynamic Loss: 1.018e-01 | Regularization Loss: 1.484e-05 | Val Loss: 2.149e-01 | Time: 5.67s
2025-08-18 19:19:13,018:INFO:Epoch: 5350/10000 | Train Loss: 8.565e-02 | Dynamic Loss: 8.563e-02 | Regularization Loss: 1.467e-05 | Val Loss: 2.076e-01 | Time: 5.73s
2025-08-18 19:19:13,018:INFO:New best model found at epoch 5350 with validation loss 2.076e-01. Saving...
2025-08-18 19:19:18,648:INFO:Epoch: 5400/10000 | Train Loss: 7.735e-02 | Dynamic Loss: 7.733e-02 | Regularization Loss: 1.435e-05 | Val Loss: 2.051e-01 | Time: 5.62s
2025-08-18 19:19:18,648:INFO:New best model found at epoch 5400 with validation loss 2.051e-01. Saving...
2025-08-18 19:19:24,240:INFO:Epoch: 5450/10000 | Train Loss: 7.751e-02 | Dynamic Loss: 7.749e-02 | Regularization Loss: 1.379e-05 | Val Loss: 2.063e-01 | Time: 5.58s
2025-08-18 19:19:36,622:INFO:Epoch: 5500/10000 | Train Loss: 8.173e-02 | Dynamic Loss: 8.171e-02 | Regularization Loss: 1.318e-05 | Val Loss: 2.147e-01 | Time: 12.38s
2025-08-18 19:19:42,301:INFO:Epoch: 5550/10000 | Train Loss: 7.951e-02 | Dynamic Loss: 7.950e-02 | Regularization Loss: 1.276e-05 | Val Loss: 2.027e-01 | Time: 5.68s
2025-08-18 19:19:42,301:INFO:New best model found at epoch 5550 with validation loss 2.027e-01. Saving...
2025-08-18 19:19:48,038:INFO:Epoch: 5600/10000 | Train Loss: 7.175e-02 | Dynamic Loss: 7.174e-02 | Regularization Loss: 1.228e-05 | Val Loss: 2.029e-01 | Time: 5.73s
2025-08-18 19:19:53,678:INFO:Epoch: 5650/10000 | Train Loss: 8.031e-02 | Dynamic Loss: 8.030e-02 | Regularization Loss: 1.095e-05 | Val Loss: 2.032e-01 | Time: 5.64s
2025-08-18 19:19:59,358:INFO:Epoch: 5700/10000 | Train Loss: 8.958e-02 | Dynamic Loss: 8.957e-02 | Regularization Loss: 1.133e-05 | Val Loss: 2.246e-01 | Time: 5.68s
2025-08-18 19:20:05,018:INFO:Epoch: 5750/10000 | Train Loss: 7.845e-02 | Dynamic Loss: 7.844e-02 | Regularization Loss: 1.037e-05 | Val Loss: 2.039e-01 | Time: 5.66s
2025-08-18 19:20:10,798:INFO:Epoch: 5800/10000 | Train Loss: 6.590e-02 | Dynamic Loss: 6.589e-02 | Regularization Loss: 1.022e-05 | Val Loss: 1.943e-01 | Time: 5.78s
2025-08-18 19:20:10,799:INFO:New best model found at epoch 5800 with validation loss 1.943e-01. Saving...
2025-08-18 19:20:16,481:INFO:Epoch: 5850/10000 | Train Loss: 7.324e-02 | Dynamic Loss: 7.323e-02 | Regularization Loss: 9.839e-06 | Val Loss: 1.971e-01 | Time: 5.67s
2025-08-18 19:20:22,110:INFO:Epoch: 5900/10000 | Train Loss: 7.222e-02 | Dynamic Loss: 7.221e-02 | Regularization Loss: 9.067e-06 | Val Loss: 2.043e-01 | Time: 5.63s
2025-08-18 19:20:33,019:INFO:Epoch: 5950/10000 | Train Loss: 7.271e-02 | Dynamic Loss: 7.270e-02 | Regularization Loss: 7.977e-06 | Val Loss: 2.002e-01 | Time: 10.91s
2025-08-18 19:20:38,667:INFO:Epoch: 6000/10000 | Train Loss: 7.290e-02 | Dynamic Loss: 7.289e-02 | Regularization Loss: 8.228e-06 | Val Loss: 2.031e-01 | Time: 5.65s
2025-08-18 19:20:44,325:INFO:Epoch: 6050/10000 | Train Loss: 9.723e-02 | Dynamic Loss: 9.723e-02 | Regularization Loss: 7.765e-06 | Val Loss: 2.253e-01 | Time: 5.66s
2025-08-18 19:20:49,954:INFO:Epoch: 6100/10000 | Train Loss: 6.078e-02 | Dynamic Loss: 6.077e-02 | Regularization Loss: 7.235e-06 | Val Loss: 1.933e-01 | Time: 5.63s
2025-08-18 19:20:49,954:INFO:New best model found at epoch 6100 with validation loss 1.933e-01. Saving...
2025-08-18 19:20:55,644:INFO:Epoch: 6150/10000 | Train Loss: 6.411e-02 | Dynamic Loss: 6.410e-02 | Regularization Loss: 6.995e-06 | Val Loss: 1.915e-01 | Time: 5.68s
2025-08-18 19:20:55,645:INFO:New best model found at epoch 6150 with validation loss 1.915e-01. Saving...
2025-08-18 19:21:01,281:INFO:Epoch: 6200/10000 | Train Loss: 5.915e-02 | Dynamic Loss: 5.914e-02 | Regularization Loss: 6.416e-06 | Val Loss: 1.919e-01 | Time: 5.63s
2025-08-18 19:21:07,073:INFO:Epoch: 6250/10000 | Train Loss: 6.567e-02 | Dynamic Loss: 6.566e-02 | Regularization Loss: 6.111e-06 | Val Loss: 1.956e-01 | Time: 5.79s
2025-08-18 19:21:12,763:INFO:Epoch: 6300/10000 | Train Loss: 6.118e-02 | Dynamic Loss: 6.117e-02 | Regularization Loss: 5.780e-06 | Val Loss: 1.906e-01 | Time: 5.69s
2025-08-18 19:21:12,763:INFO:New best model found at epoch 6300 with validation loss 1.906e-01. Saving...
2025-08-18 19:21:18,361:INFO:Epoch: 6350/10000 | Train Loss: 8.183e-02 | Dynamic Loss: 8.182e-02 | Regularization Loss: 4.917e-06 | Val Loss: 1.992e-01 | Time: 5.59s
2025-08-18 19:21:29,297:INFO:Epoch: 6400/10000 | Train Loss: 1.166e-01 | Dynamic Loss: 1.166e-01 | Regularization Loss: 4.002e-06 | Val Loss: 2.441e-01 | Time: 10.94s
2025-08-18 19:21:34,904:INFO:Epoch: 6450/10000 | Train Loss: 5.682e-02 | Dynamic Loss: 5.681e-02 | Regularization Loss: 4.811e-06 | Val Loss: 1.883e-01 | Time: 5.61s
2025-08-18 19:21:34,904:INFO:New best model found at epoch 6450 with validation loss 1.883e-01. Saving...
2025-08-18 19:21:46,083:INFO:Epoch: 6500/10000 | Train Loss: 5.716e-02 | Dynamic Loss: 5.716e-02 | Regularization Loss: 4.580e-06 | Val Loss: 1.906e-01 | Time: 11.17s
2025-08-18 19:21:51,752:INFO:Epoch: 6550/10000 | Train Loss: 5.717e-02 | Dynamic Loss: 5.717e-02 | Regularization Loss: 4.239e-06 | Val Loss: 1.859e-01 | Time: 5.67s
2025-08-18 19:21:51,752:INFO:New best model found at epoch 6550 with validation loss 1.859e-01. Saving...
2025-08-18 19:21:57,463:INFO:Epoch: 6600/10000 | Train Loss: 6.953e-02 | Dynamic Loss: 6.953e-02 | Regularization Loss: 3.948e-06 | Val Loss: 1.969e-01 | Time: 5.70s
2025-08-18 19:22:03,197:INFO:Epoch: 6650/10000 | Train Loss: 5.298e-02 | Dynamic Loss: 5.298e-02 | Regularization Loss: 3.819e-06 | Val Loss: 1.863e-01 | Time: 5.73s
2025-08-18 19:22:08,910:INFO:Epoch: 6700/10000 | Train Loss: 5.390e-02 | Dynamic Loss: 5.389e-02 | Regularization Loss: 3.588e-06 | Val Loss: 1.873e-01 | Time: 5.71s
2025-08-18 19:22:14,634:INFO:Epoch: 6750/10000 | Train Loss: 5.356e-02 | Dynamic Loss: 5.356e-02 | Regularization Loss: 3.281e-06 | Val Loss: 1.865e-01 | Time: 5.72s
2025-08-18 19:22:20,251:INFO:Epoch: 6800/10000 | Train Loss: 4.932e-02 | Dynamic Loss: 4.932e-02 | Regularization Loss: 3.331e-06 | Val Loss: 1.829e-01 | Time: 5.62s
2025-08-18 19:22:20,251:INFO:New best model found at epoch 6800 with validation loss 1.829e-01. Saving...
2025-08-18 19:22:32,952:INFO:Epoch: 6850/10000 | Train Loss: 6.773e-02 | Dynamic Loss: 6.773e-02 | Regularization Loss: 3.078e-06 | Val Loss: 1.937e-01 | Time: 12.69s
2025-08-18 19:22:38,610:INFO:Epoch: 6900/10000 | Train Loss: 5.114e-02 | Dynamic Loss: 5.113e-02 | Regularization Loss: 2.852e-06 | Val Loss: 1.867e-01 | Time: 5.66s
2025-08-18 19:22:45,107:INFO:Epoch: 6950/10000 | Train Loss: 5.374e-02 | Dynamic Loss: 5.373e-02 | Regularization Loss: 2.733e-06 | Val Loss: 1.835e-01 | Time: 6.50s
2025-08-18 19:22:50,806:INFO:Epoch: 7000/10000 | Train Loss: 4.938e-02 | Dynamic Loss: 4.937e-02 | Regularization Loss: 2.679e-06 | Val Loss: 1.847e-01 | Time: 5.70s
2025-08-18 19:22:56,505:INFO:Epoch: 7050/10000 | Train Loss: 8.281e-02 | Dynamic Loss: 8.281e-02 | Regularization Loss: 2.069e-06 | Val Loss: 2.193e-01 | Time: 5.70s
2025-08-18 19:23:02,139:INFO:Epoch: 7100/10000 | Train Loss: 5.444e-02 | Dynamic Loss: 5.443e-02 | Regularization Loss: 2.357e-06 | Val Loss: 1.856e-01 | Time: 5.63s
2025-08-18 19:23:07,831:INFO:Epoch: 7150/10000 | Train Loss: 4.904e-02 | Dynamic Loss: 4.903e-02 | Regularization Loss: 2.303e-06 | Val Loss: 1.817e-01 | Time: 5.69s
2025-08-18 19:23:07,831:INFO:New best model found at epoch 7150 with validation loss 1.817e-01. Saving...
2025-08-18 19:23:13,561:INFO:Epoch: 7200/10000 | Train Loss: 6.202e-02 | Dynamic Loss: 6.201e-02 | Regularization Loss: 2.216e-06 | Val Loss: 1.909e-01 | Time: 5.72s
2025-08-18 19:23:19,306:INFO:Epoch: 7250/10000 | Train Loss: 9.505e-02 | Dynamic Loss: 9.505e-02 | Regularization Loss: 2.056e-06 | Val Loss: 2.124e-01 | Time: 5.74s
2025-08-18 19:23:25,002:INFO:Epoch: 7300/10000 | Train Loss: 6.293e-02 | Dynamic Loss: 6.293e-02 | Regularization Loss: 2.047e-06 | Val Loss: 2.087e-01 | Time: 5.70s
2025-08-18 19:23:30,801:INFO:Epoch: 7350/10000 | Train Loss: 4.907e-02 | Dynamic Loss: 4.907e-02 | Regularization Loss: 1.810e-06 | Val Loss: 1.849e-01 | Time: 5.80s
2025-08-18 19:23:36,506:INFO:Epoch: 7400/10000 | Train Loss: 7.583e-02 | Dynamic Loss: 7.583e-02 | Regularization Loss: 1.296e-06 | Val Loss: 2.000e-01 | Time: 5.70s
2025-08-18 19:23:42,266:INFO:Epoch: 7450/10000 | Train Loss: 4.825e-02 | Dynamic Loss: 4.825e-02 | Regularization Loss: 1.768e-06 | Val Loss: 1.820e-01 | Time: 5.76s
2025-08-18 19:23:47,931:INFO:Epoch: 7500/10000 | Train Loss: 4.994e-02 | Dynamic Loss: 4.993e-02 | Regularization Loss: 1.600e-06 | Val Loss: 1.851e-01 | Time: 5.66s
2025-08-18 19:23:53,542:INFO:Epoch: 7550/10000 | Train Loss: 5.706e-02 | Dynamic Loss: 5.706e-02 | Regularization Loss: 1.640e-06 | Val Loss: 1.860e-01 | Time: 5.61s
2025-08-18 19:24:05,079:INFO:Epoch: 7600/10000 | Train Loss: 4.816e-02 | Dynamic Loss: 4.816e-02 | Regularization Loss: 1.562e-06 | Val Loss: 1.812e-01 | Time: 11.54s
2025-08-18 19:24:05,080:INFO:New best model found at epoch 7600 with validation loss 1.812e-01. Saving...
2025-08-18 19:24:10,826:INFO:Epoch: 7650/10000 | Train Loss: 4.624e-02 | Dynamic Loss: 4.624e-02 | Regularization Loss: 1.355e-06 | Val Loss: 1.816e-01 | Time: 5.74s
2025-08-18 19:24:16,522:INFO:Epoch: 7700/10000 | Train Loss: 4.328e-02 | Dynamic Loss: 4.328e-02 | Regularization Loss: 1.472e-06 | Val Loss: 1.804e-01 | Time: 5.70s
2025-08-18 19:24:16,522:INFO:New best model found at epoch 7700 with validation loss 1.804e-01. Saving...
2025-08-18 19:24:22,201:INFO:Epoch: 7750/10000 | Train Loss: 4.443e-02 | Dynamic Loss: 4.443e-02 | Regularization Loss: 1.417e-06 | Val Loss: 1.802e-01 | Time: 5.67s
2025-08-18 19:24:22,201:INFO:New best model found at epoch 7750 with validation loss 1.802e-01. Saving...
2025-08-18 19:24:30,484:INFO:Epoch: 7800/10000 | Train Loss: 4.192e-02 | Dynamic Loss: 4.192e-02 | Regularization Loss: 1.352e-06 | Val Loss: 1.800e-01 | Time: 8.27s
2025-08-18 19:24:30,486:INFO:New best model found at epoch 7800 with validation loss 1.800e-01. Saving...
2025-08-18 19:24:36,199:INFO:Epoch: 7850/10000 | Train Loss: 4.669e-02 | Dynamic Loss: 4.669e-02 | Regularization Loss: 1.256e-06 | Val Loss: 1.811e-01 | Time: 5.70s
2025-08-18 19:24:42,003:INFO:Epoch: 7900/10000 | Train Loss: 4.938e-02 | Dynamic Loss: 4.938e-02 | Regularization Loss: 1.149e-06 | Val Loss: 1.826e-01 | Time: 5.80s
2025-08-18 19:24:47,690:INFO:Epoch: 7950/10000 | Train Loss: 6.229e-02 | Dynamic Loss: 6.228e-02 | Regularization Loss: 1.054e-06 | Val Loss: 1.947e-01 | Time: 5.69s
2025-08-18 19:24:53,491:INFO:Epoch: 8000/10000 | Train Loss: 4.103e-02 | Dynamic Loss: 4.103e-02 | Regularization Loss: 1.119e-06 | Val Loss: 1.815e-01 | Time: 5.80s
2025-08-18 19:24:59,184:INFO:Epoch: 8050/10000 | Train Loss: 4.139e-02 | Dynamic Loss: 4.139e-02 | Regularization Loss: 1.135e-06 | Val Loss: 1.798e-01 | Time: 5.69s
2025-08-18 19:24:59,184:INFO:New best model found at epoch 8050 with validation loss 1.798e-01. Saving...
2025-08-18 19:25:04,847:INFO:Epoch: 8100/10000 | Train Loss: 4.251e-02 | Dynamic Loss: 4.251e-02 | Regularization Loss: 1.101e-06 | Val Loss: 1.793e-01 | Time: 5.65s
2025-08-18 19:25:04,847:INFO:New best model found at epoch 8100 with validation loss 1.793e-01. Saving...
2025-08-18 19:25:12,352:INFO:Epoch: 8150/10000 | Train Loss: 4.630e-02 | Dynamic Loss: 4.630e-02 | Regularization Loss: 1.092e-06 | Val Loss: 1.826e-01 | Time: 7.50s
2025-08-18 19:25:17,995:INFO:Epoch: 8200/10000 | Train Loss: 3.905e-02 | Dynamic Loss: 3.905e-02 | Regularization Loss: 1.074e-06 | Val Loss: 1.772e-01 | Time: 5.64s
2025-08-18 19:25:17,995:INFO:New best model found at epoch 8200 with validation loss 1.772e-01. Saving...
2025-08-18 19:25:30,089:INFO:Epoch: 8250/10000 | Train Loss: 4.328e-02 | Dynamic Loss: 4.328e-02 | Regularization Loss: 9.763e-07 | Val Loss: 1.830e-01 | Time: 12.08s
2025-08-18 19:25:35,787:INFO:Epoch: 8300/10000 | Train Loss: 4.240e-02 | Dynamic Loss: 4.240e-02 | Regularization Loss: 9.347e-07 | Val Loss: 1.796e-01 | Time: 5.70s
2025-08-18 19:25:41,537:INFO:Epoch: 8350/10000 | Train Loss: 4.382e-02 | Dynamic Loss: 4.382e-02 | Regularization Loss: 9.202e-07 | Val Loss: 1.798e-01 | Time: 5.75s
2025-08-18 19:25:47,183:INFO:Epoch: 8400/10000 | Train Loss: 3.973e-02 | Dynamic Loss: 3.973e-02 | Regularization Loss: 8.605e-07 | Val Loss: 1.749e-01 | Time: 5.65s
2025-08-18 19:25:47,184:INFO:New best model found at epoch 8400 with validation loss 1.749e-01. Saving...
2025-08-18 19:25:52,890:INFO:Epoch: 8450/10000 | Train Loss: 4.703e-02 | Dynamic Loss: 4.703e-02 | Regularization Loss: 7.950e-07 | Val Loss: 1.829e-01 | Time: 5.70s
2025-08-18 19:25:58,565:INFO:Epoch: 8500/10000 | Train Loss: 3.690e-02 | Dynamic Loss: 3.690e-02 | Regularization Loss: 8.714e-07 | Val Loss: 1.774e-01 | Time: 5.67s
2025-08-18 19:26:04,280:INFO:Epoch: 8550/10000 | Train Loss: 3.553e-02 | Dynamic Loss: 3.553e-02 | Regularization Loss: 8.851e-07 | Val Loss: 1.753e-01 | Time: 5.72s
2025-08-18 19:26:10,027:INFO:Epoch: 8600/10000 | Train Loss: 3.332e-02 | Dynamic Loss: 3.332e-02 | Regularization Loss: 8.568e-07 | Val Loss: 1.726e-01 | Time: 5.75s
2025-08-18 19:26:10,027:INFO:New best model found at epoch 8600 with validation loss 1.726e-01. Saving...
2025-08-18 19:26:15,728:INFO:Epoch: 8650/10000 | Train Loss: 4.565e-02 | Dynamic Loss: 4.565e-02 | Regularization Loss: 7.337e-07 | Val Loss: 1.841e-01 | Time: 5.69s
2025-08-18 19:26:21,463:INFO:Epoch: 8700/10000 | Train Loss: 3.653e-02 | Dynamic Loss: 3.653e-02 | Regularization Loss: 7.915e-07 | Val Loss: 1.780e-01 | Time: 5.73s
2025-08-18 19:26:27,101:INFO:Epoch: 8750/10000 | Train Loss: 5.064e-02 | Dynamic Loss: 5.064e-02 | Regularization Loss: 6.549e-07 | Val Loss: 1.837e-01 | Time: 5.64s
2025-08-18 19:26:34,490:INFO:Epoch: 8800/10000 | Train Loss: 3.846e-02 | Dynamic Loss: 3.846e-02 | Regularization Loss: 7.730e-07 | Val Loss: 1.771e-01 | Time: 7.39s
2025-08-18 19:26:40,136:INFO:Epoch: 8850/10000 | Train Loss: 5.155e-02 | Dynamic Loss: 5.155e-02 | Regularization Loss: 6.981e-07 | Val Loss: 1.818e-01 | Time: 5.64s
2025-08-18 19:26:52,777:INFO:Epoch: 8900/10000 | Train Loss: 7.400e-02 | Dynamic Loss: 7.400e-02 | Regularization Loss: 7.244e-07 | Val Loss: 2.077e-01 | Time: 12.64s
2025-08-18 19:26:58,519:INFO:Epoch: 8950/10000 | Train Loss: 4.654e-02 | Dynamic Loss: 4.654e-02 | Regularization Loss: 6.382e-07 | Val Loss: 1.840e-01 | Time: 5.74s
2025-08-18 19:27:04,248:INFO:Epoch: 9000/10000 | Train Loss: 3.638e-02 | Dynamic Loss: 3.638e-02 | Regularization Loss: 6.942e-07 | Val Loss: 1.737e-01 | Time: 5.73s
2025-08-18 19:27:09,938:INFO:Epoch: 9050/10000 | Train Loss: 3.506e-02 | Dynamic Loss: 3.505e-02 | Regularization Loss: 6.756e-07 | Val Loss: 1.747e-01 | Time: 5.69s
2025-08-18 19:27:15,683:INFO:Epoch: 9100/10000 | Train Loss: 3.540e-02 | Dynamic Loss: 3.540e-02 | Regularization Loss: 6.621e-07 | Val Loss: 1.751e-01 | Time: 5.74s
2025-08-18 19:27:21,389:INFO:Epoch: 9150/10000 | Train Loss: 3.322e-02 | Dynamic Loss: 3.322e-02 | Regularization Loss: 6.664e-07 | Val Loss: 1.729e-01 | Time: 5.71s
2025-08-18 19:27:27,177:INFO:Epoch: 9200/10000 | Train Loss: 2.972e-02 | Dynamic Loss: 2.972e-02 | Regularization Loss: 6.594e-07 | Val Loss: 1.714e-01 | Time: 5.79s
2025-08-18 19:27:27,179:INFO:New best model found at epoch 9200 with validation loss 1.714e-01. Saving...
2025-08-18 19:27:32,840:INFO:Epoch: 9250/10000 | Train Loss: 3.411e-02 | Dynamic Loss: 3.411e-02 | Regularization Loss: 6.341e-07 | Val Loss: 1.737e-01 | Time: 5.65s
2025-08-18 19:27:38,587:INFO:Epoch: 9300/10000 | Train Loss: 3.467e-02 | Dynamic Loss: 3.467e-02 | Regularization Loss: 5.955e-07 | Val Loss: 1.745e-01 | Time: 5.75s
2025-08-18 19:27:44,338:INFO:Epoch: 9350/10000 | Train Loss: 3.570e-02 | Dynamic Loss: 3.570e-02 | Regularization Loss: 5.960e-07 | Val Loss: 1.764e-01 | Time: 5.75s
2025-08-18 19:27:50,177:INFO:Epoch: 9400/10000 | Train Loss: 3.173e-02 | Dynamic Loss: 3.173e-02 | Regularization Loss: 5.965e-07 | Val Loss: 1.759e-01 | Time: 5.84s
2025-08-18 19:27:55,880:INFO:Epoch: 9450/10000 | Train Loss: 3.360e-02 | Dynamic Loss: 3.360e-02 | Regularization Loss: 5.678e-07 | Val Loss: 1.764e-01 | Time: 5.70s
2025-08-18 19:28:01,544:INFO:Epoch: 9500/10000 | Train Loss: 3.683e-02 | Dynamic Loss: 3.682e-02 | Regularization Loss: 5.269e-07 | Val Loss: 1.780e-01 | Time: 5.66s
2025-08-18 19:28:07,651:INFO:Epoch: 9550/10000 | Train Loss: 3.208e-02 | Dynamic Loss: 3.208e-02 | Regularization Loss: 5.377e-07 | Val Loss: 1.754e-01 | Time: 6.11s
2025-08-18 19:28:13,483:INFO:Epoch: 9600/10000 | Train Loss: 3.651e-02 | Dynamic Loss: 3.651e-02 | Regularization Loss: 5.059e-07 | Val Loss: 1.774e-01 | Time: 5.83s
2025-08-18 19:28:19,202:INFO:Epoch: 9650/10000 | Train Loss: 2.799e-02 | Dynamic Loss: 2.799e-02 | Regularization Loss: 5.252e-07 | Val Loss: 1.711e-01 | Time: 5.72s
2025-08-18 19:28:19,202:INFO:New best model found at epoch 9650 with validation loss 1.711e-01. Saving...
2025-08-18 19:28:24,988:INFO:Epoch: 9700/10000 | Train Loss: 4.132e-02 | Dynamic Loss: 4.132e-02 | Regularization Loss: 4.893e-07 | Val Loss: 1.760e-01 | Time: 5.78s
2025-08-18 19:28:30,645:INFO:Epoch: 9750/10000 | Train Loss: 3.123e-02 | Dynamic Loss: 3.122e-02 | Regularization Loss: 4.754e-07 | Val Loss: 1.760e-01 | Time: 5.66s
2025-08-18 19:28:36,385:INFO:Epoch: 9800/10000 | Train Loss: 3.419e-02 | Dynamic Loss: 3.418e-02 | Regularization Loss: 4.398e-07 | Val Loss: 1.789e-01 | Time: 5.74s
2025-08-18 19:28:45,839:INFO:Epoch: 9850/10000 | Train Loss: 2.962e-02 | Dynamic Loss: 2.962e-02 | Regularization Loss: 4.496e-07 | Val Loss: 1.754e-01 | Time: 9.45s
2025-08-18 19:28:51,535:INFO:Epoch: 9900/10000 | Train Loss: 3.677e-02 | Dynamic Loss: 3.677e-02 | Regularization Loss: 4.429e-07 | Val Loss: 1.768e-01 | Time: 5.70s
2025-08-18 19:29:01,967:INFO:Epoch: 9950/10000 | Train Loss: 3.130e-02 | Dynamic Loss: 3.130e-02 | Regularization Loss: 4.256e-07 | Val Loss: 1.781e-01 | Time: 10.43s
2025-08-18 19:29:07,645:INFO:Epoch: 10000/10000 | Train Loss: 2.824e-02 | Dynamic Loss: 2.824e-02 | Regularization Loss: 4.051e-07 | Val Loss: 1.741e-01 | Time: 5.68s
