2025-08-18 14:46:30,892:INFO:Created DataLoaders with 2994 training samples and 998 validation samples.
2025-08-18 14:46:31,473:INFO:model params: 526850
2025-08-18 14:46:32,253:INFO:Epoch: 0/20000 | Train Loss: 2.678e+00 | Dynamic Loss: 1.811e+00 | Regularization Loss: 8.677e-01 | Val Loss: 1.942e+00 | Time: 0.78s
2025-08-18 14:46:32,254:INFO:New best model found at epoch 0 with validation loss 1.942e+00. Saving...
2025-08-18 14:46:36,807:INFO:Epoch: 50/20000 | Train Loss: 1.365e+00 | Dynamic Loss: 1.361e+00 | Regularization Loss: 3.484e-03 | Val Loss: 1.350e+00 | Time: 4.53s
2025-08-18 14:46:36,807:INFO:New best model found at epoch 50 with validation loss 1.350e+00. Saving...
2025-08-18 14:46:43,406:INFO:Epoch: 100/20000 | Train Loss: 1.319e+00 | Dynamic Loss: 1.318e+00 | Regularization Loss: 1.769e-03 | Val Loss: 1.305e+00 | Time: 6.59s
2025-08-18 14:46:43,407:INFO:New best model found at epoch 100 with validation loss 1.305e+00. Saving...
2025-08-18 14:46:48,088:INFO:Epoch: 150/20000 | Train Loss: 1.277e+00 | Dynamic Loss: 1.276e+00 | Regularization Loss: 1.080e-03 | Val Loss: 1.262e+00 | Time: 4.67s
2025-08-18 14:46:48,088:INFO:New best model found at epoch 150 with validation loss 1.262e+00. Saving...
2025-08-18 14:46:52,812:INFO:Epoch: 200/20000 | Train Loss: 1.233e+00 | Dynamic Loss: 1.232e+00 | Regularization Loss: 7.366e-04 | Val Loss: 1.222e+00 | Time: 4.71s
2025-08-18 14:46:52,812:INFO:New best model found at epoch 200 with validation loss 1.222e+00. Saving...
2025-08-18 14:47:01,032:INFO:Epoch: 250/20000 | Train Loss: 1.195e+00 | Dynamic Loss: 1.195e+00 | Regularization Loss: 5.390e-04 | Val Loss: 1.187e+00 | Time: 8.21s
2025-08-18 14:47:01,032:INFO:New best model found at epoch 250 with validation loss 1.187e+00. Saving...
2025-08-18 14:47:05,822:INFO:Epoch: 300/20000 | Train Loss: 1.161e+00 | Dynamic Loss: 1.161e+00 | Regularization Loss: 4.137e-04 | Val Loss: 1.152e+00 | Time: 4.78s
2025-08-18 14:47:05,822:INFO:New best model found at epoch 300 with validation loss 1.152e+00. Saving...
2025-08-18 14:47:10,573:INFO:Epoch: 350/20000 | Train Loss: 1.129e+00 | Dynamic Loss: 1.129e+00 | Regularization Loss: 3.286e-04 | Val Loss: 1.123e+00 | Time: 4.74s
2025-08-18 14:47:10,573:INFO:New best model found at epoch 350 with validation loss 1.123e+00. Saving...
2025-08-18 14:47:16,095:INFO:Epoch: 400/20000 | Train Loss: 1.097e+00 | Dynamic Loss: 1.097e+00 | Regularization Loss: 2.679e-04 | Val Loss: 1.091e+00 | Time: 5.51s
2025-08-18 14:47:16,095:INFO:New best model found at epoch 400 with validation loss 1.091e+00. Saving...
2025-08-18 14:47:20,879:INFO:Epoch: 450/20000 | Train Loss: 1.065e+00 | Dynamic Loss: 1.065e+00 | Regularization Loss: 2.226e-04 | Val Loss: 1.058e+00 | Time: 4.77s
2025-08-18 14:47:20,879:INFO:New best model found at epoch 450 with validation loss 1.058e+00. Saving...
2025-08-18 14:47:25,673:INFO:Epoch: 500/20000 | Train Loss: 1.035e+00 | Dynamic Loss: 1.034e+00 | Regularization Loss: 1.879e-04 | Val Loss: 1.029e+00 | Time: 4.78s
2025-08-18 14:47:25,673:INFO:New best model found at epoch 500 with validation loss 1.029e+00. Saving...
2025-08-18 14:47:30,701:INFO:Epoch: 550/20000 | Train Loss: 1.008e+00 | Dynamic Loss: 1.008e+00 | Regularization Loss: 1.606e-04 | Val Loss: 1.003e+00 | Time: 5.02s
2025-08-18 14:47:30,701:INFO:New best model found at epoch 550 with validation loss 1.003e+00. Saving...
2025-08-18 14:47:35,455:INFO:Epoch: 600/20000 | Train Loss: 9.775e-01 | Dynamic Loss: 9.773e-01 | Regularization Loss: 1.387e-04 | Val Loss: 9.752e-01 | Time: 4.74s
2025-08-18 14:47:35,455:INFO:New best model found at epoch 600 with validation loss 9.752e-01. Saving...
2025-08-18 14:47:40,322:INFO:Epoch: 650/20000 | Train Loss: 9.503e-01 | Dynamic Loss: 9.502e-01 | Regularization Loss: 1.207e-04 | Val Loss: 9.482e-01 | Time: 4.86s
2025-08-18 14:47:40,323:INFO:New best model found at epoch 650 with validation loss 9.482e-01. Saving...
2025-08-18 14:47:45,195:INFO:Epoch: 700/20000 | Train Loss: 9.273e-01 | Dynamic Loss: 9.272e-01 | Regularization Loss: 1.058e-04 | Val Loss: 9.268e-01 | Time: 4.86s
2025-08-18 14:47:45,195:INFO:New best model found at epoch 700 with validation loss 9.268e-01. Saving...
2025-08-18 14:47:50,192:INFO:Epoch: 750/20000 | Train Loss: 9.019e-01 | Dynamic Loss: 9.018e-01 | Regularization Loss: 9.334e-05 | Val Loss: 8.983e-01 | Time: 4.99s
2025-08-18 14:47:50,192:INFO:New best model found at epoch 750 with validation loss 8.983e-01. Saving...
2025-08-18 14:47:55,071:INFO:Epoch: 800/20000 | Train Loss: 8.775e-01 | Dynamic Loss: 8.774e-01 | Regularization Loss: 8.273e-05 | Val Loss: 8.759e-01 | Time: 4.87s
2025-08-18 14:47:55,071:INFO:New best model found at epoch 800 with validation loss 8.759e-01. Saving...
2025-08-18 14:48:02,853:INFO:Epoch: 850/20000 | Train Loss: 8.535e-01 | Dynamic Loss: 8.534e-01 | Regularization Loss: 7.364e-05 | Val Loss: 8.536e-01 | Time: 7.77s
2025-08-18 14:48:02,853:INFO:New best model found at epoch 850 with validation loss 8.536e-01. Saving...
2025-08-18 14:48:07,659:INFO:Epoch: 900/20000 | Train Loss: 8.329e-01 | Dynamic Loss: 8.328e-01 | Regularization Loss: 6.580e-05 | Val Loss: 8.347e-01 | Time: 4.80s
2025-08-18 14:48:07,659:INFO:New best model found at epoch 900 with validation loss 8.347e-01. Saving...
2025-08-18 14:48:12,496:INFO:Epoch: 950/20000 | Train Loss: 8.144e-01 | Dynamic Loss: 8.143e-01 | Regularization Loss: 5.898e-05 | Val Loss: 8.180e-01 | Time: 4.83s
2025-08-18 14:48:12,496:INFO:New best model found at epoch 950 with validation loss 8.180e-01. Saving...
2025-08-18 14:48:19,530:INFO:Epoch: 1000/20000 | Train Loss: 7.918e-01 | Dynamic Loss: 7.917e-01 | Regularization Loss: 5.303e-05 | Val Loss: 7.969e-01 | Time: 7.02s
2025-08-18 14:48:19,530:INFO:New best model found at epoch 1000 with validation loss 7.969e-01. Saving...
2025-08-18 14:48:24,336:INFO:Epoch: 1050/20000 | Train Loss: 7.732e-01 | Dynamic Loss: 7.732e-01 | Regularization Loss: 4.783e-05 | Val Loss: 7.789e-01 | Time: 4.80s
2025-08-18 14:48:24,336:INFO:New best model found at epoch 1050 with validation loss 7.789e-01. Saving...
2025-08-18 14:48:29,289:INFO:Epoch: 1100/20000 | Train Loss: 7.581e-01 | Dynamic Loss: 7.581e-01 | Regularization Loss: 4.323e-05 | Val Loss: 7.612e-01 | Time: 4.94s
2025-08-18 14:48:29,289:INFO:New best model found at epoch 1100 with validation loss 7.612e-01. Saving...
2025-08-18 14:48:39,157:INFO:Epoch: 1150/20000 | Train Loss: 7.399e-01 | Dynamic Loss: 7.398e-01 | Regularization Loss: 3.916e-05 | Val Loss: 7.461e-01 | Time: 9.86s
2025-08-18 14:48:39,157:INFO:New best model found at epoch 1150 with validation loss 7.461e-01. Saving...
2025-08-18 14:48:43,994:INFO:Epoch: 1200/20000 | Train Loss: 7.254e-01 | Dynamic Loss: 7.253e-01 | Regularization Loss: 3.557e-05 | Val Loss: 7.302e-01 | Time: 4.83s
2025-08-18 14:48:43,994:INFO:New best model found at epoch 1200 with validation loss 7.302e-01. Saving...
2025-08-18 14:48:48,793:INFO:Epoch: 1250/20000 | Train Loss: 7.094e-01 | Dynamic Loss: 7.094e-01 | Regularization Loss: 3.234e-05 | Val Loss: 7.172e-01 | Time: 4.79s
2025-08-18 14:48:48,793:INFO:New best model found at epoch 1250 with validation loss 7.172e-01. Saving...
2025-08-18 14:48:59,493:INFO:Epoch: 1300/20000 | Train Loss: 6.945e-01 | Dynamic Loss: 6.944e-01 | Regularization Loss: 2.951e-05 | Val Loss: 7.023e-01 | Time: 10.69s
2025-08-18 14:48:59,493:INFO:New best model found at epoch 1300 with validation loss 7.023e-01. Saving...
2025-08-18 14:49:04,359:INFO:Epoch: 1350/20000 | Train Loss: 6.829e-01 | Dynamic Loss: 6.829e-01 | Regularization Loss: 2.693e-05 | Val Loss: 6.910e-01 | Time: 4.86s
2025-08-18 14:49:04,359:INFO:New best model found at epoch 1350 with validation loss 6.910e-01. Saving...
2025-08-18 14:49:09,377:INFO:Epoch: 1400/20000 | Train Loss: 6.709e-01 | Dynamic Loss: 6.709e-01 | Regularization Loss: 2.467e-05 | Val Loss: 6.799e-01 | Time: 5.01s
2025-08-18 14:49:09,377:INFO:New best model found at epoch 1400 with validation loss 6.799e-01. Saving...
2025-08-18 14:49:14,309:INFO:Epoch: 1450/20000 | Train Loss: 6.593e-01 | Dynamic Loss: 6.592e-01 | Regularization Loss: 2.261e-05 | Val Loss: 6.692e-01 | Time: 4.92s
2025-08-18 14:49:14,309:INFO:New best model found at epoch 1450 with validation loss 6.692e-01. Saving...
2025-08-18 14:49:19,204:INFO:Epoch: 1500/20000 | Train Loss: 6.459e-01 | Dynamic Loss: 6.459e-01 | Regularization Loss: 2.078e-05 | Val Loss: 6.575e-01 | Time: 4.89s
2025-08-18 14:49:19,204:INFO:New best model found at epoch 1500 with validation loss 6.575e-01. Saving...
2025-08-18 14:49:24,164:INFO:Epoch: 1550/20000 | Train Loss: 6.368e-01 | Dynamic Loss: 6.368e-01 | Regularization Loss: 1.913e-05 | Val Loss: 6.485e-01 | Time: 4.95s
2025-08-18 14:49:24,164:INFO:New best model found at epoch 1550 with validation loss 6.485e-01. Saving...
2025-08-18 14:49:29,002:INFO:Epoch: 1600/20000 | Train Loss: 6.271e-01 | Dynamic Loss: 6.271e-01 | Regularization Loss: 1.763e-05 | Val Loss: 6.386e-01 | Time: 4.83s
2025-08-18 14:49:29,002:INFO:New best model found at epoch 1600 with validation loss 6.386e-01. Saving...
2025-08-18 14:49:33,866:INFO:Epoch: 1650/20000 | Train Loss: 6.183e-01 | Dynamic Loss: 6.183e-01 | Regularization Loss: 1.630e-05 | Val Loss: 6.317e-01 | Time: 4.86s
2025-08-18 14:49:33,866:INFO:New best model found at epoch 1650 with validation loss 6.317e-01. Saving...
2025-08-18 14:49:38,889:INFO:Epoch: 1700/20000 | Train Loss: 6.090e-01 | Dynamic Loss: 6.089e-01 | Regularization Loss: 1.509e-05 | Val Loss: 6.228e-01 | Time: 5.01s
2025-08-18 14:49:38,889:INFO:New best model found at epoch 1700 with validation loss 6.228e-01. Saving...
2025-08-18 14:49:43,823:INFO:Epoch: 1750/20000 | Train Loss: 6.001e-01 | Dynamic Loss: 6.001e-01 | Regularization Loss: 1.399e-05 | Val Loss: 6.160e-01 | Time: 4.92s
2025-08-18 14:49:43,823:INFO:New best model found at epoch 1750 with validation loss 6.160e-01. Saving...
2025-08-18 14:49:48,737:INFO:Epoch: 1800/20000 | Train Loss: 5.933e-01 | Dynamic Loss: 5.933e-01 | Regularization Loss: 1.300e-05 | Val Loss: 6.083e-01 | Time: 4.90s
2025-08-18 14:49:48,737:INFO:New best model found at epoch 1800 with validation loss 6.083e-01. Saving...
2025-08-18 14:49:54,598:INFO:Epoch: 1850/20000 | Train Loss: 5.870e-01 | Dynamic Loss: 5.870e-01 | Regularization Loss: 1.211e-05 | Val Loss: 6.026e-01 | Time: 5.85s
2025-08-18 14:49:54,598:INFO:New best model found at epoch 1850 with validation loss 6.026e-01. Saving...
2025-08-18 14:49:59,545:INFO:Epoch: 1900/20000 | Train Loss: 5.782e-01 | Dynamic Loss: 5.782e-01 | Regularization Loss: 1.130e-05 | Val Loss: 5.942e-01 | Time: 4.94s
2025-08-18 14:49:59,545:INFO:New best model found at epoch 1900 with validation loss 5.942e-01. Saving...
2025-08-18 14:50:04,401:INFO:Epoch: 1950/20000 | Train Loss: 5.735e-01 | Dynamic Loss: 5.735e-01 | Regularization Loss: 1.055e-05 | Val Loss: 5.905e-01 | Time: 4.85s
2025-08-18 14:50:04,402:INFO:New best model found at epoch 1950 with validation loss 5.905e-01. Saving...
2025-08-18 14:50:13,985:INFO:Epoch: 2000/20000 | Train Loss: 5.677e-01 | Dynamic Loss: 5.677e-01 | Regularization Loss: 9.886e-06 | Val Loss: 5.838e-01 | Time: 9.57s
2025-08-18 14:50:13,986:INFO:New best model found at epoch 2000 with validation loss 5.838e-01. Saving...
2025-08-18 14:50:19,010:INFO:Epoch: 2050/20000 | Train Loss: 5.595e-01 | Dynamic Loss: 5.595e-01 | Regularization Loss: 9.282e-06 | Val Loss: 5.796e-01 | Time: 5.02s
2025-08-18 14:50:19,010:INFO:New best model found at epoch 2050 with validation loss 5.796e-01. Saving...
2025-08-18 14:50:24,132:INFO:Epoch: 2100/20000 | Train Loss: 5.541e-01 | Dynamic Loss: 5.541e-01 | Regularization Loss: 8.726e-06 | Val Loss: 5.714e-01 | Time: 5.11s
2025-08-18 14:50:24,132:INFO:New best model found at epoch 2100 with validation loss 5.714e-01. Saving...
2025-08-18 14:50:29,163:INFO:Epoch: 2150/20000 | Train Loss: 5.461e-01 | Dynamic Loss: 5.461e-01 | Regularization Loss: 8.216e-06 | Val Loss: 5.672e-01 | Time: 5.02s
2025-08-18 14:50:29,163:INFO:New best model found at epoch 2150 with validation loss 5.672e-01. Saving...
2025-08-18 14:50:34,220:INFO:Epoch: 2200/20000 | Train Loss: 5.408e-01 | Dynamic Loss: 5.408e-01 | Regularization Loss: 7.752e-06 | Val Loss: 5.627e-01 | Time: 5.05s
2025-08-18 14:50:34,220:INFO:New best model found at epoch 2200 with validation loss 5.627e-01. Saving...
2025-08-18 14:50:39,194:INFO:Epoch: 2250/20000 | Train Loss: 5.349e-01 | Dynamic Loss: 5.349e-01 | Regularization Loss: 7.346e-06 | Val Loss: 5.574e-01 | Time: 4.97s
2025-08-18 14:50:39,194:INFO:New best model found at epoch 2250 with validation loss 5.574e-01. Saving...
2025-08-18 14:50:44,023:INFO:Epoch: 2300/20000 | Train Loss: 5.295e-01 | Dynamic Loss: 5.294e-01 | Regularization Loss: 6.974e-06 | Val Loss: 5.518e-01 | Time: 4.82s
2025-08-18 14:50:44,024:INFO:New best model found at epoch 2300 with validation loss 5.518e-01. Saving...
2025-08-18 14:50:49,659:INFO:Epoch: 2350/20000 | Train Loss: 5.240e-01 | Dynamic Loss: 5.240e-01 | Regularization Loss: 6.634e-06 | Val Loss: 5.476e-01 | Time: 5.63s
2025-08-18 14:50:49,659:INFO:New best model found at epoch 2350 with validation loss 5.476e-01. Saving...
2025-08-18 14:50:54,630:INFO:Epoch: 2400/20000 | Train Loss: 5.193e-01 | Dynamic Loss: 5.193e-01 | Regularization Loss: 6.324e-06 | Val Loss: 5.435e-01 | Time: 4.96s
2025-08-18 14:50:54,630:INFO:New best model found at epoch 2400 with validation loss 5.435e-01. Saving...
2025-08-18 14:50:59,521:INFO:Epoch: 2450/20000 | Train Loss: 5.146e-01 | Dynamic Loss: 5.146e-01 | Regularization Loss: 6.044e-06 | Val Loss: 5.383e-01 | Time: 4.88s
2025-08-18 14:50:59,521:INFO:New best model found at epoch 2450 with validation loss 5.383e-01. Saving...
2025-08-18 14:51:04,343:INFO:Epoch: 2500/20000 | Train Loss: 5.100e-01 | Dynamic Loss: 5.100e-01 | Regularization Loss: 5.793e-06 | Val Loss: 5.343e-01 | Time: 4.81s
2025-08-18 14:51:04,343:INFO:New best model found at epoch 2500 with validation loss 5.343e-01. Saving...
2025-08-18 14:51:12,926:INFO:Epoch: 2550/20000 | Train Loss: 5.028e-01 | Dynamic Loss: 5.028e-01 | Regularization Loss: 5.570e-06 | Val Loss: 5.308e-01 | Time: 8.58s
2025-08-18 14:51:12,926:INFO:New best model found at epoch 2550 with validation loss 5.308e-01. Saving...
2025-08-18 14:51:17,962:INFO:Epoch: 2600/20000 | Train Loss: 4.999e-01 | Dynamic Loss: 4.999e-01 | Regularization Loss: 5.383e-06 | Val Loss: 5.267e-01 | Time: 5.03s
2025-08-18 14:51:17,962:INFO:New best model found at epoch 2600 with validation loss 5.267e-01. Saving...
2025-08-18 14:51:22,812:INFO:Epoch: 2650/20000 | Train Loss: 4.944e-01 | Dynamic Loss: 4.944e-01 | Regularization Loss: 5.230e-06 | Val Loss: 5.213e-01 | Time: 4.84s
2025-08-18 14:51:22,812:INFO:New best model found at epoch 2650 with validation loss 5.213e-01. Saving...
2025-08-18 14:51:33,564:INFO:Epoch: 2700/20000 | Train Loss: 4.893e-01 | Dynamic Loss: 4.893e-01 | Regularization Loss: 5.105e-06 | Val Loss: 5.175e-01 | Time: 10.74s
2025-08-18 14:51:33,564:INFO:New best model found at epoch 2700 with validation loss 5.175e-01. Saving...
2025-08-18 14:51:38,474:INFO:Epoch: 2750/20000 | Train Loss: 4.830e-01 | Dynamic Loss: 4.830e-01 | Regularization Loss: 5.000e-06 | Val Loss: 5.155e-01 | Time: 4.90s
2025-08-18 14:51:38,474:INFO:New best model found at epoch 2750 with validation loss 5.155e-01. Saving...
2025-08-18 14:51:43,340:INFO:Epoch: 2800/20000 | Train Loss: 4.781e-01 | Dynamic Loss: 4.781e-01 | Regularization Loss: 4.919e-06 | Val Loss: 5.080e-01 | Time: 4.86s
2025-08-18 14:51:43,340:INFO:New best model found at epoch 2800 with validation loss 5.080e-01. Saving...
2025-08-18 14:51:51,490:INFO:Epoch: 2850/20000 | Train Loss: 4.726e-01 | Dynamic Loss: 4.726e-01 | Regularization Loss: 4.872e-06 | Val Loss: 5.058e-01 | Time: 8.14s
2025-08-18 14:51:51,490:INFO:New best model found at epoch 2850 with validation loss 5.058e-01. Saving...
2025-08-18 14:51:56,434:INFO:Epoch: 2900/20000 | Train Loss: 4.670e-01 | Dynamic Loss: 4.670e-01 | Regularization Loss: 4.861e-06 | Val Loss: 5.008e-01 | Time: 4.93s
2025-08-18 14:51:56,434:INFO:New best model found at epoch 2900 with validation loss 5.008e-01. Saving...
2025-08-18 14:52:01,412:INFO:Epoch: 2950/20000 | Train Loss: 4.613e-01 | Dynamic Loss: 4.613e-01 | Regularization Loss: 4.895e-06 | Val Loss: 4.953e-01 | Time: 4.97s
2025-08-18 14:52:01,413:INFO:New best model found at epoch 2950 with validation loss 4.953e-01. Saving...
2025-08-18 14:52:06,337:INFO:Epoch: 3000/20000 | Train Loss: 4.568e-01 | Dynamic Loss: 4.568e-01 | Regularization Loss: 4.969e-06 | Val Loss: 4.924e-01 | Time: 4.92s
2025-08-18 14:52:06,337:INFO:New best model found at epoch 3000 with validation loss 4.924e-01. Saving...
2025-08-18 14:52:11,207:INFO:Epoch: 3050/20000 | Train Loss: 4.481e-01 | Dynamic Loss: 4.480e-01 | Regularization Loss: 5.098e-06 | Val Loss: 4.864e-01 | Time: 4.86s
2025-08-18 14:52:11,208:INFO:New best model found at epoch 3050 with validation loss 4.864e-01. Saving...
2025-08-18 14:52:16,206:INFO:Epoch: 3100/20000 | Train Loss: 4.453e-01 | Dynamic Loss: 4.453e-01 | Regularization Loss: 5.287e-06 | Val Loss: 4.816e-01 | Time: 4.99s
2025-08-18 14:52:16,206:INFO:New best model found at epoch 3100 with validation loss 4.816e-01. Saving...
2025-08-18 14:52:21,014:INFO:Epoch: 3150/20000 | Train Loss: 4.405e-01 | Dynamic Loss: 4.405e-01 | Regularization Loss: 5.555e-06 | Val Loss: 4.785e-01 | Time: 4.80s
2025-08-18 14:52:21,014:INFO:New best model found at epoch 3150 with validation loss 4.785e-01. Saving...
2025-08-18 14:52:25,861:INFO:Epoch: 3200/20000 | Train Loss: 4.329e-01 | Dynamic Loss: 4.328e-01 | Regularization Loss: 5.912e-06 | Val Loss: 4.722e-01 | Time: 4.84s
2025-08-18 14:52:25,861:INFO:New best model found at epoch 3200 with validation loss 4.722e-01. Saving...
2025-08-18 14:52:35,444:INFO:Epoch: 3250/20000 | Train Loss: 4.290e-01 | Dynamic Loss: 4.290e-01 | Regularization Loss: 6.402e-06 | Val Loss: 4.686e-01 | Time: 9.57s
2025-08-18 14:52:35,444:INFO:New best model found at epoch 3250 with validation loss 4.686e-01. Saving...
2025-08-18 14:52:40,443:INFO:Epoch: 3300/20000 | Train Loss: 4.209e-01 | Dynamic Loss: 4.209e-01 | Regularization Loss: 7.038e-06 | Val Loss: 4.608e-01 | Time: 4.99s
2025-08-18 14:52:40,443:INFO:New best model found at epoch 3300 with validation loss 4.608e-01. Saving...
2025-08-18 14:52:45,439:INFO:Epoch: 3350/20000 | Train Loss: 4.119e-01 | Dynamic Loss: 4.119e-01 | Regularization Loss: 7.876e-06 | Val Loss: 4.591e-01 | Time: 4.99s
2025-08-18 14:52:45,439:INFO:New best model found at epoch 3350 with validation loss 4.591e-01. Saving...
2025-08-18 14:52:56,533:INFO:Epoch: 3400/20000 | Train Loss: 4.129e-01 | Dynamic Loss: 4.129e-01 | Regularization Loss: 8.949e-06 | Val Loss: 4.531e-01 | Time: 11.08s
2025-08-18 14:52:56,533:INFO:New best model found at epoch 3400 with validation loss 4.531e-01. Saving...
2025-08-18 14:53:01,548:INFO:Epoch: 3450/20000 | Train Loss: 3.977e-01 | Dynamic Loss: 3.977e-01 | Regularization Loss: 1.030e-05 | Val Loss: 4.455e-01 | Time: 5.01s
2025-08-18 14:53:01,548:INFO:New best model found at epoch 3450 with validation loss 4.455e-01. Saving...
2025-08-18 14:53:06,617:INFO:Epoch: 3500/20000 | Train Loss: 3.914e-01 | Dynamic Loss: 3.914e-01 | Regularization Loss: 1.201e-05 | Val Loss: 4.373e-01 | Time: 5.06s
2025-08-18 14:53:06,619:INFO:New best model found at epoch 3500 with validation loss 4.373e-01. Saving...
2025-08-18 14:53:11,576:INFO:Epoch: 3550/20000 | Train Loss: 3.832e-01 | Dynamic Loss: 3.831e-01 | Regularization Loss: 1.412e-05 | Val Loss: 4.316e-01 | Time: 4.95s
2025-08-18 14:53:11,578:INFO:New best model found at epoch 3550 with validation loss 4.316e-01. Saving...
2025-08-18 14:53:16,530:INFO:Epoch: 3600/20000 | Train Loss: 3.795e-01 | Dynamic Loss: 3.795e-01 | Regularization Loss: 1.661e-05 | Val Loss: 4.270e-01 | Time: 4.94s
2025-08-18 14:53:16,530:INFO:New best model found at epoch 3600 with validation loss 4.270e-01. Saving...
2025-08-18 14:53:25,887:INFO:Epoch: 3650/20000 | Train Loss: 3.720e-01 | Dynamic Loss: 3.720e-01 | Regularization Loss: 1.931e-05 | Val Loss: 4.194e-01 | Time: 9.35s
2025-08-18 14:53:25,888:INFO:New best model found at epoch 3650 with validation loss 4.194e-01. Saving...
2025-08-18 14:53:30,825:INFO:Epoch: 3700/20000 | Train Loss: 3.660e-01 | Dynamic Loss: 3.660e-01 | Regularization Loss: 2.229e-05 | Val Loss: 4.171e-01 | Time: 4.93s
2025-08-18 14:53:30,825:INFO:New best model found at epoch 3700 with validation loss 4.171e-01. Saving...
2025-08-18 14:53:35,783:INFO:Epoch: 3750/20000 | Train Loss: 3.589e-01 | Dynamic Loss: 3.588e-01 | Regularization Loss: 2.497e-05 | Val Loss: 4.079e-01 | Time: 4.95s
2025-08-18 14:53:35,784:INFO:New best model found at epoch 3750 with validation loss 4.079e-01. Saving...
2025-08-18 14:53:44,838:INFO:Epoch: 3800/20000 | Train Loss: 3.478e-01 | Dynamic Loss: 3.478e-01 | Regularization Loss: 2.773e-05 | Val Loss: 4.022e-01 | Time: 9.04s
2025-08-18 14:53:44,838:INFO:New best model found at epoch 3800 with validation loss 4.022e-01. Saving...
2025-08-18 14:53:49,926:INFO:Epoch: 3850/20000 | Train Loss: 3.446e-01 | Dynamic Loss: 3.446e-01 | Regularization Loss: 3.022e-05 | Val Loss: 3.952e-01 | Time: 5.08s
2025-08-18 14:53:49,926:INFO:New best model found at epoch 3850 with validation loss 3.952e-01. Saving...
2025-08-18 14:53:54,953:INFO:Epoch: 3900/20000 | Train Loss: 3.329e-01 | Dynamic Loss: 3.329e-01 | Regularization Loss: 3.230e-05 | Val Loss: 3.903e-01 | Time: 5.02s
2025-08-18 14:53:54,953:INFO:New best model found at epoch 3900 with validation loss 3.903e-01. Saving...
2025-08-18 14:53:59,885:INFO:Epoch: 3950/20000 | Train Loss: 3.290e-01 | Dynamic Loss: 3.289e-01 | Regularization Loss: 3.394e-05 | Val Loss: 3.903e-01 | Time: 4.92s
2025-08-18 14:54:04,783:INFO:Epoch: 4000/20000 | Train Loss: 3.248e-01 | Dynamic Loss: 3.247e-01 | Regularization Loss: 3.536e-05 | Val Loss: 3.781e-01 | Time: 4.90s
2025-08-18 14:54:04,783:INFO:New best model found at epoch 4000 with validation loss 3.781e-01. Saving...
2025-08-18 14:54:09,841:INFO:Epoch: 4050/20000 | Train Loss: 3.179e-01 | Dynamic Loss: 3.179e-01 | Regularization Loss: 3.637e-05 | Val Loss: 3.755e-01 | Time: 5.05s
2025-08-18 14:54:09,841:INFO:New best model found at epoch 4050 with validation loss 3.755e-01. Saving...
2025-08-18 14:54:14,736:INFO:Epoch: 4100/20000 | Train Loss: 3.065e-01 | Dynamic Loss: 3.064e-01 | Regularization Loss: 3.642e-05 | Val Loss: 3.668e-01 | Time: 4.89s
2025-08-18 14:54:14,737:INFO:New best model found at epoch 4100 with validation loss 3.668e-01. Saving...
2025-08-18 14:54:19,649:INFO:Epoch: 4150/20000 | Train Loss: 3.026e-01 | Dynamic Loss: 3.025e-01 | Regularization Loss: 3.709e-05 | Val Loss: 3.606e-01 | Time: 4.90s
2025-08-18 14:54:19,649:INFO:New best model found at epoch 4150 with validation loss 3.606e-01. Saving...
2025-08-18 14:54:24,637:INFO:Epoch: 4200/20000 | Train Loss: 3.016e-01 | Dynamic Loss: 3.016e-01 | Regularization Loss: 3.740e-05 | Val Loss: 3.630e-01 | Time: 4.98s
2025-08-18 14:54:29,527:INFO:Epoch: 4250/20000 | Train Loss: 2.908e-01 | Dynamic Loss: 2.908e-01 | Regularization Loss: 3.717e-05 | Val Loss: 3.531e-01 | Time: 4.89s
2025-08-18 14:54:29,527:INFO:New best model found at epoch 4250 with validation loss 3.531e-01. Saving...
2025-08-18 14:54:34,422:INFO:Epoch: 4300/20000 | Train Loss: 2.865e-01 | Dynamic Loss: 2.865e-01 | Regularization Loss: 3.722e-05 | Val Loss: 3.465e-01 | Time: 4.89s
2025-08-18 14:54:34,422:INFO:New best model found at epoch 4300 with validation loss 3.465e-01. Saving...
2025-08-18 14:54:40,986:INFO:Epoch: 4350/20000 | Train Loss: 2.827e-01 | Dynamic Loss: 2.827e-01 | Regularization Loss: 3.676e-05 | Val Loss: 3.426e-01 | Time: 6.55s
2025-08-18 14:54:40,986:INFO:New best model found at epoch 4350 with validation loss 3.426e-01. Saving...
2025-08-18 14:54:45,849:INFO:Epoch: 4400/20000 | Train Loss: 2.763e-01 | Dynamic Loss: 2.762e-01 | Regularization Loss: 3.635e-05 | Val Loss: 3.385e-01 | Time: 4.85s
2025-08-18 14:54:45,849:INFO:New best model found at epoch 4400 with validation loss 3.385e-01. Saving...
2025-08-18 14:54:50,730:INFO:Epoch: 4450/20000 | Train Loss: 2.749e-01 | Dynamic Loss: 2.749e-01 | Regularization Loss: 3.566e-05 | Val Loss: 3.342e-01 | Time: 4.87s
2025-08-18 14:54:50,731:INFO:New best model found at epoch 4450 with validation loss 3.342e-01. Saving...
2025-08-18 14:55:01,139:INFO:Epoch: 4500/20000 | Train Loss: 2.689e-01 | Dynamic Loss: 2.689e-01 | Regularization Loss: 3.489e-05 | Val Loss: 3.323e-01 | Time: 10.40s
2025-08-18 14:55:01,139:INFO:New best model found at epoch 4500 with validation loss 3.323e-01. Saving...
2025-08-18 14:55:06,065:INFO:Epoch: 4550/20000 | Train Loss: 2.755e-01 | Dynamic Loss: 2.754e-01 | Regularization Loss: 3.408e-05 | Val Loss: 3.354e-01 | Time: 4.92s
2025-08-18 14:55:11,098:INFO:Epoch: 4600/20000 | Train Loss: 2.579e-01 | Dynamic Loss: 2.579e-01 | Regularization Loss: 3.331e-05 | Val Loss: 3.225e-01 | Time: 5.03s
2025-08-18 14:55:11,098:INFO:New best model found at epoch 4600 with validation loss 3.225e-01. Saving...
2025-08-18 14:55:16,057:INFO:Epoch: 4650/20000 | Train Loss: 2.572e-01 | Dynamic Loss: 2.571e-01 | Regularization Loss: 3.202e-05 | Val Loss: 3.205e-01 | Time: 4.95s
2025-08-18 14:55:16,058:INFO:New best model found at epoch 4650 with validation loss 3.205e-01. Saving...
2025-08-18 14:55:21,376:INFO:Epoch: 4700/20000 | Train Loss: 2.476e-01 | Dynamic Loss: 2.476e-01 | Regularization Loss: 3.105e-05 | Val Loss: 3.154e-01 | Time: 5.31s
2025-08-18 14:55:21,377:INFO:New best model found at epoch 4700 with validation loss 3.154e-01. Saving...
2025-08-18 14:55:26,448:INFO:Epoch: 4750/20000 | Train Loss: 2.433e-01 | Dynamic Loss: 2.433e-01 | Regularization Loss: 3.030e-05 | Val Loss: 3.106e-01 | Time: 5.06s
2025-08-18 14:55:26,449:INFO:New best model found at epoch 4750 with validation loss 3.106e-01. Saving...
2025-08-18 14:55:31,340:INFO:Epoch: 4800/20000 | Train Loss: 2.408e-01 | Dynamic Loss: 2.407e-01 | Regularization Loss: 2.925e-05 | Val Loss: 3.075e-01 | Time: 4.88s
2025-08-18 14:55:31,340:INFO:New best model found at epoch 4800 with validation loss 3.075e-01. Saving...
2025-08-18 14:55:36,238:INFO:Epoch: 4850/20000 | Train Loss: 2.452e-01 | Dynamic Loss: 2.452e-01 | Regularization Loss: 2.823e-05 | Val Loss: 3.136e-01 | Time: 4.89s
2025-08-18 14:55:45,565:INFO:Epoch: 4900/20000 | Train Loss: 2.370e-01 | Dynamic Loss: 2.370e-01 | Regularization Loss: 2.670e-05 | Val Loss: 3.038e-01 | Time: 9.33s
2025-08-18 14:55:45,565:INFO:New best model found at epoch 4900 with validation loss 3.038e-01. Saving...
2025-08-18 14:55:50,485:INFO:Epoch: 4950/20000 | Train Loss: 2.358e-01 | Dynamic Loss: 2.358e-01 | Regularization Loss: 2.627e-05 | Val Loss: 3.036e-01 | Time: 4.91s
2025-08-18 14:55:50,487:INFO:New best model found at epoch 4950 with validation loss 3.036e-01. Saving...
2025-08-18 14:55:55,485:INFO:Epoch: 5000/20000 | Train Loss: 2.290e-01 | Dynamic Loss: 2.290e-01 | Regularization Loss: 2.520e-05 | Val Loss: 3.003e-01 | Time: 4.99s
2025-08-18 14:55:55,485:INFO:New best model found at epoch 5000 with validation loss 3.003e-01. Saving...
2025-08-18 14:56:00,442:INFO:Epoch: 5050/20000 | Train Loss: 2.256e-01 | Dynamic Loss: 2.256e-01 | Regularization Loss: 2.420e-05 | Val Loss: 2.963e-01 | Time: 4.95s
2025-08-18 14:56:00,444:INFO:New best model found at epoch 5050 with validation loss 2.963e-01. Saving...
2025-08-18 14:56:05,346:INFO:Epoch: 5100/20000 | Train Loss: 2.258e-01 | Dynamic Loss: 2.258e-01 | Regularization Loss: 2.338e-05 | Val Loss: 2.897e-01 | Time: 4.89s
2025-08-18 14:56:05,348:INFO:New best model found at epoch 5100 with validation loss 2.897e-01. Saving...
2025-08-18 14:56:10,382:INFO:Epoch: 5150/20000 | Train Loss: 2.404e-01 | Dynamic Loss: 2.404e-01 | Regularization Loss: 2.222e-05 | Val Loss: 3.018e-01 | Time: 5.02s
2025-08-18 14:56:15,329:INFO:Epoch: 5200/20000 | Train Loss: 2.149e-01 | Dynamic Loss: 2.149e-01 | Regularization Loss: 2.111e-05 | Val Loss: 2.863e-01 | Time: 4.95s
2025-08-18 14:56:15,329:INFO:New best model found at epoch 5200 with validation loss 2.863e-01. Saving...
2025-08-18 14:56:20,267:INFO:Epoch: 5250/20000 | Train Loss: 2.157e-01 | Dynamic Loss: 2.157e-01 | Regularization Loss: 2.000e-05 | Val Loss: 2.841e-01 | Time: 4.93s
2025-08-18 14:56:20,267:INFO:New best model found at epoch 5250 with validation loss 2.841e-01. Saving...
2025-08-18 14:56:29,038:INFO:Epoch: 5300/20000 | Train Loss: 2.137e-01 | Dynamic Loss: 2.137e-01 | Regularization Loss: 1.910e-05 | Val Loss: 2.817e-01 | Time: 8.76s
2025-08-18 14:56:29,038:INFO:New best model found at epoch 5300 with validation loss 2.817e-01. Saving...
2025-08-18 14:56:33,940:INFO:Epoch: 5350/20000 | Train Loss: 2.196e-01 | Dynamic Loss: 2.196e-01 | Regularization Loss: 1.821e-05 | Val Loss: 2.862e-01 | Time: 4.89s
2025-08-18 14:56:38,886:INFO:Epoch: 5400/20000 | Train Loss: 2.079e-01 | Dynamic Loss: 2.079e-01 | Regularization Loss: 1.729e-05 | Val Loss: 2.773e-01 | Time: 4.95s
2025-08-18 14:56:38,886:INFO:New best model found at epoch 5400 with validation loss 2.773e-01. Saving...
2025-08-18 14:56:49,417:INFO:Epoch: 5450/20000 | Train Loss: 2.063e-01 | Dynamic Loss: 2.063e-01 | Regularization Loss: 1.651e-05 | Val Loss: 2.794e-01 | Time: 10.52s
2025-08-18 14:56:54,393:INFO:Epoch: 5500/20000 | Train Loss: 2.067e-01 | Dynamic Loss: 2.067e-01 | Regularization Loss: 1.571e-05 | Val Loss: 2.803e-01 | Time: 4.98s
2025-08-18 14:56:59,566:INFO:Epoch: 5550/20000 | Train Loss: 2.038e-01 | Dynamic Loss: 2.037e-01 | Regularization Loss: 1.493e-05 | Val Loss: 2.737e-01 | Time: 5.17s
2025-08-18 14:56:59,566:INFO:New best model found at epoch 5550 with validation loss 2.737e-01. Saving...
2025-08-18 14:57:04,504:INFO:Epoch: 5600/20000 | Train Loss: 2.003e-01 | Dynamic Loss: 2.003e-01 | Regularization Loss: 1.422e-05 | Val Loss: 2.723e-01 | Time: 4.93s
2025-08-18 14:57:04,505:INFO:New best model found at epoch 5600 with validation loss 2.723e-01. Saving...
2025-08-18 14:57:09,520:INFO:Epoch: 5650/20000 | Train Loss: 1.969e-01 | Dynamic Loss: 1.969e-01 | Regularization Loss: 1.353e-05 | Val Loss: 2.708e-01 | Time: 5.01s
2025-08-18 14:57:09,520:INFO:New best model found at epoch 5650 with validation loss 2.708e-01. Saving...
2025-08-18 14:57:16,184:INFO:Epoch: 5700/20000 | Train Loss: 1.951e-01 | Dynamic Loss: 1.951e-01 | Regularization Loss: 1.290e-05 | Val Loss: 2.678e-01 | Time: 6.65s
2025-08-18 14:57:16,184:INFO:New best model found at epoch 5700 with validation loss 2.678e-01. Saving...
2025-08-18 14:57:21,086:INFO:Epoch: 5750/20000 | Train Loss: 2.001e-01 | Dynamic Loss: 2.001e-01 | Regularization Loss: 1.234e-05 | Val Loss: 2.766e-01 | Time: 4.89s
2025-08-18 14:57:25,997:INFO:Epoch: 5800/20000 | Train Loss: 2.048e-01 | Dynamic Loss: 2.048e-01 | Regularization Loss: 1.175e-05 | Val Loss: 2.720e-01 | Time: 4.91s
2025-08-18 14:57:36,506:INFO:Epoch: 5850/20000 | Train Loss: 1.901e-01 | Dynamic Loss: 1.901e-01 | Regularization Loss: 1.123e-05 | Val Loss: 2.634e-01 | Time: 10.51s
2025-08-18 14:57:36,506:INFO:New best model found at epoch 5850 with validation loss 2.634e-01. Saving...
2025-08-18 14:57:41,476:INFO:Epoch: 5900/20000 | Train Loss: 2.106e-01 | Dynamic Loss: 2.106e-01 | Regularization Loss: 1.069e-05 | Val Loss: 2.915e-01 | Time: 4.96s
2025-08-18 14:57:46,476:INFO:Epoch: 5950/20000 | Train Loss: 1.871e-01 | Dynamic Loss: 1.871e-01 | Regularization Loss: 1.024e-05 | Val Loss: 2.609e-01 | Time: 5.00s
2025-08-18 14:57:46,476:INFO:New best model found at epoch 5950 with validation loss 2.609e-01. Saving...
2025-08-18 14:57:51,355:INFO:Epoch: 6000/20000 | Train Loss: 1.883e-01 | Dynamic Loss: 1.883e-01 | Regularization Loss: 9.626e-06 | Val Loss: 2.619e-01 | Time: 4.87s
2025-08-18 14:57:56,244:INFO:Epoch: 6050/20000 | Train Loss: 1.921e-01 | Dynamic Loss: 1.921e-01 | Regularization Loss: 9.342e-06 | Val Loss: 2.647e-01 | Time: 4.89s
2025-08-18 14:58:01,322:INFO:Epoch: 6100/20000 | Train Loss: 1.961e-01 | Dynamic Loss: 1.961e-01 | Regularization Loss: 8.817e-06 | Val Loss: 2.690e-01 | Time: 5.08s
2025-08-18 14:58:06,230:INFO:Epoch: 6150/20000 | Train Loss: 1.938e-01 | Dynamic Loss: 1.938e-01 | Regularization Loss: 8.518e-06 | Val Loss: 2.700e-01 | Time: 4.91s
2025-08-18 14:58:11,234:INFO:Epoch: 6200/20000 | Train Loss: 1.801e-01 | Dynamic Loss: 1.801e-01 | Regularization Loss: 8.160e-06 | Val Loss: 2.547e-01 | Time: 5.00s
2025-08-18 14:58:11,234:INFO:New best model found at epoch 6200 with validation loss 2.547e-01. Saving...
2025-08-18 14:58:16,195:INFO:Epoch: 6250/20000 | Train Loss: 1.791e-01 | Dynamic Loss: 1.791e-01 | Regularization Loss: 7.672e-06 | Val Loss: 2.549e-01 | Time: 4.95s
2025-08-18 14:58:21,204:INFO:Epoch: 6300/20000 | Train Loss: 1.806e-01 | Dynamic Loss: 1.806e-01 | Regularization Loss: 7.406e-06 | Val Loss: 2.527e-01 | Time: 5.01s
2025-08-18 14:58:21,204:INFO:New best model found at epoch 6300 with validation loss 2.527e-01. Saving...
2025-08-18 14:58:26,078:INFO:Epoch: 6350/20000 | Train Loss: 1.779e-01 | Dynamic Loss: 1.779e-01 | Regularization Loss: 7.092e-06 | Val Loss: 2.544e-01 | Time: 4.86s
2025-08-18 14:58:31,017:INFO:Epoch: 6400/20000 | Train Loss: 1.755e-01 | Dynamic Loss: 1.755e-01 | Regularization Loss: 6.748e-06 | Val Loss: 2.512e-01 | Time: 4.94s
2025-08-18 14:58:31,017:INFO:New best model found at epoch 6400 with validation loss 2.512e-01. Saving...
2025-08-18 14:58:35,925:INFO:Epoch: 6450/20000 | Train Loss: 1.910e-01 | Dynamic Loss: 1.910e-01 | Regularization Loss: 6.449e-06 | Val Loss: 2.919e-01 | Time: 4.90s
2025-08-18 14:58:40,899:INFO:Epoch: 6500/20000 | Train Loss: 1.724e-01 | Dynamic Loss: 1.724e-01 | Regularization Loss: 6.197e-06 | Val Loss: 2.482e-01 | Time: 4.97s
2025-08-18 14:58:40,899:INFO:New best model found at epoch 6500 with validation loss 2.482e-01. Saving...
2025-08-18 14:58:47,053:INFO:Epoch: 6550/20000 | Train Loss: 1.747e-01 | Dynamic Loss: 1.747e-01 | Regularization Loss: 5.874e-06 | Val Loss: 2.518e-01 | Time: 6.14s
2025-08-18 14:58:51,918:INFO:Epoch: 6600/20000 | Train Loss: 1.751e-01 | Dynamic Loss: 1.751e-01 | Regularization Loss: 5.652e-06 | Val Loss: 2.496e-01 | Time: 4.87s
2025-08-18 14:58:56,818:INFO:Epoch: 6650/20000 | Train Loss: 1.695e-01 | Dynamic Loss: 1.695e-01 | Regularization Loss: 5.399e-06 | Val Loss: 2.450e-01 | Time: 4.90s
2025-08-18 14:58:56,820:INFO:New best model found at epoch 6650 with validation loss 2.450e-01. Saving...
2025-08-18 14:59:04,053:INFO:Epoch: 6700/20000 | Train Loss: 1.735e-01 | Dynamic Loss: 1.735e-01 | Regularization Loss: 5.186e-06 | Val Loss: 2.483e-01 | Time: 7.22s
2025-08-18 14:59:08,982:INFO:Epoch: 6750/20000 | Train Loss: 1.701e-01 | Dynamic Loss: 1.701e-01 | Regularization Loss: 4.946e-06 | Val Loss: 2.461e-01 | Time: 4.93s
2025-08-18 14:59:13,876:INFO:Epoch: 6800/20000 | Train Loss: 1.670e-01 | Dynamic Loss: 1.670e-01 | Regularization Loss: 4.735e-06 | Val Loss: 2.441e-01 | Time: 4.89s
2025-08-18 14:59:13,876:INFO:New best model found at epoch 6800 with validation loss 2.441e-01. Saving...
2025-08-18 14:59:20,009:INFO:Epoch: 6850/20000 | Train Loss: 1.709e-01 | Dynamic Loss: 1.709e-01 | Regularization Loss: 4.538e-06 | Val Loss: 2.446e-01 | Time: 6.12s
2025-08-18 14:59:24,966:INFO:Epoch: 6900/20000 | Train Loss: 1.705e-01 | Dynamic Loss: 1.705e-01 | Regularization Loss: 4.346e-06 | Val Loss: 2.473e-01 | Time: 4.96s
2025-08-18 14:59:29,962:INFO:Epoch: 6950/20000 | Train Loss: 1.630e-01 | Dynamic Loss: 1.630e-01 | Regularization Loss: 4.142e-06 | Val Loss: 2.415e-01 | Time: 5.00s
2025-08-18 14:59:29,962:INFO:New best model found at epoch 6950 with validation loss 2.415e-01. Saving...
2025-08-18 14:59:37,048:INFO:Epoch: 7000/20000 | Train Loss: 1.645e-01 | Dynamic Loss: 1.645e-01 | Regularization Loss: 3.965e-06 | Val Loss: 2.410e-01 | Time: 7.08s
2025-08-18 14:59:37,048:INFO:New best model found at epoch 7000 with validation loss 2.410e-01. Saving...
2025-08-18 14:59:42,117:INFO:Epoch: 7050/20000 | Train Loss: 1.742e-01 | Dynamic Loss: 1.742e-01 | Regularization Loss: 3.789e-06 | Val Loss: 2.490e-01 | Time: 5.06s
2025-08-18 14:59:47,711:INFO:Epoch: 7100/20000 | Train Loss: 1.675e-01 | Dynamic Loss: 1.675e-01 | Regularization Loss: 3.638e-06 | Val Loss: 2.408e-01 | Time: 5.59s
2025-08-18 14:59:47,711:INFO:New best model found at epoch 7100 with validation loss 2.408e-01. Saving...
2025-08-18 14:59:55,444:INFO:Epoch: 7150/20000 | Train Loss: 1.637e-01 | Dynamic Loss: 1.637e-01 | Regularization Loss: 3.449e-06 | Val Loss: 2.464e-01 | Time: 7.72s
2025-08-18 15:00:00,369:INFO:Epoch: 7200/20000 | Train Loss: nan | Dynamic Loss: nan | Regularization Loss: nan | Val Loss: nan | Time: 4.93s
2025-08-18 15:00:05,308:INFO:Epoch: 7250/20000 | Train Loss: nan | Dynamic Loss: nan | Regularization Loss: nan | Val Loss: nan | Time: 4.94s
2025-08-18 15:00:14,362:INFO:Epoch: 7300/20000 | Train Loss: nan | Dynamic Loss: nan | Regularization Loss: nan | Val Loss: nan | Time: 9.05s
2025-08-18 15:00:19,310:INFO:Epoch: 7350/20000 | Train Loss: nan | Dynamic Loss: nan | Regularization Loss: nan | Val Loss: nan | Time: 4.95s
2025-08-18 15:00:24,198:INFO:Epoch: 7400/20000 | Train Loss: nan | Dynamic Loss: nan | Regularization Loss: nan | Val Loss: nan | Time: 4.89s
2025-08-18 15:00:34,990:INFO:Epoch: 7450/20000 | Train Loss: nan | Dynamic Loss: nan | Regularization Loss: nan | Val Loss: nan | Time: 10.79s
2025-08-18 15:00:39,929:INFO:Epoch: 7500/20000 | Train Loss: nan | Dynamic Loss: nan | Regularization Loss: nan | Val Loss: nan | Time: 4.94s
2025-08-18 15:00:44,974:INFO:Epoch: 7550/20000 | Train Loss: nan | Dynamic Loss: nan | Regularization Loss: nan | Val Loss: nan | Time: 5.04s
2025-08-18 15:00:49,897:INFO:Epoch: 7600/20000 | Train Loss: nan | Dynamic Loss: nan | Regularization Loss: nan | Val Loss: nan | Time: 4.92s
2025-08-18 15:00:56,012:INFO:Epoch: 7650/20000 | Train Loss: nan | Dynamic Loss: nan | Regularization Loss: nan | Val Loss: nan | Time: 6.11s
2025-08-18 15:01:01,309:INFO:Epoch: 7700/20000 | Train Loss: nan | Dynamic Loss: nan | Regularization Loss: nan | Val Loss: nan | Time: 5.30s
2025-08-18 15:01:06,315:INFO:Epoch: 7750/20000 | Train Loss: nan | Dynamic Loss: nan | Regularization Loss: nan | Val Loss: nan | Time: 5.01s
2025-08-18 15:01:11,274:INFO:Epoch: 7800/20000 | Train Loss: nan | Dynamic Loss: nan | Regularization Loss: nan | Val Loss: nan | Time: 4.96s
2025-08-18 15:01:16,306:INFO:Epoch: 7850/20000 | Train Loss: nan | Dynamic Loss: nan | Regularization Loss: nan | Val Loss: nan | Time: 5.03s
2025-08-18 15:01:21,260:INFO:Epoch: 7900/20000 | Train Loss: nan | Dynamic Loss: nan | Regularization Loss: nan | Val Loss: nan | Time: 4.95s
2025-08-18 15:01:26,225:INFO:Epoch: 7950/20000 | Train Loss: nan | Dynamic Loss: nan | Regularization Loss: nan | Val Loss: nan | Time: 4.96s
2025-08-18 15:01:33,313:INFO:Epoch: 8000/20000 | Train Loss: nan | Dynamic Loss: nan | Regularization Loss: nan | Val Loss: nan | Time: 7.09s
2025-08-18 15:01:38,240:INFO:Epoch: 8050/20000 | Train Loss: nan | Dynamic Loss: nan | Regularization Loss: nan | Val Loss: nan | Time: 4.93s
2025-08-18 15:01:43,248:INFO:Epoch: 8100/20000 | Train Loss: nan | Dynamic Loss: nan | Regularization Loss: nan | Val Loss: nan | Time: 5.01s
2025-08-18 15:01:49,838:INFO:Epoch: 8150/20000 | Train Loss: nan | Dynamic Loss: nan | Regularization Loss: nan | Val Loss: nan | Time: 6.59s
2025-08-18 15:01:54,824:INFO:Epoch: 8200/20000 | Train Loss: nan | Dynamic Loss: nan | Regularization Loss: nan | Val Loss: nan | Time: 4.99s
2025-08-18 15:01:59,860:INFO:Epoch: 8250/20000 | Train Loss: nan | Dynamic Loss: nan | Regularization Loss: nan | Val Loss: nan | Time: 5.04s
2025-08-18 15:02:08,078:INFO:Epoch: 8300/20000 | Train Loss: nan | Dynamic Loss: nan | Regularization Loss: nan | Val Loss: nan | Time: 8.22s
2025-08-18 15:02:13,051:INFO:Epoch: 8350/20000 | Train Loss: nan | Dynamic Loss: nan | Regularization Loss: nan | Val Loss: nan | Time: 4.97s
2025-08-18 15:02:18,100:INFO:Epoch: 8400/20000 | Train Loss: nan | Dynamic Loss: nan | Regularization Loss: nan | Val Loss: nan | Time: 5.05s
2025-08-18 15:02:23,179:INFO:Epoch: 8450/20000 | Train Loss: nan | Dynamic Loss: nan | Regularization Loss: nan | Val Loss: nan | Time: 5.08s
2025-08-18 15:02:28,169:INFO:Epoch: 8500/20000 | Train Loss: nan | Dynamic Loss: nan | Regularization Loss: nan | Val Loss: nan | Time: 4.99s
2025-08-18 15:02:33,261:INFO:Epoch: 8550/20000 | Train Loss: nan | Dynamic Loss: nan | Regularization Loss: nan | Val Loss: nan | Time: 5.09s
2025-08-18 15:02:38,170:INFO:Epoch: 8600/20000 | Train Loss: nan | Dynamic Loss: nan | Regularization Loss: nan | Val Loss: nan | Time: 4.91s
