2025-08-18 13:43:35,131:INFO:Created DataLoaders with 2994 training samples and 998 validation samples.
2025-08-18 13:43:36,551:INFO:model params: 1314305
2025-08-18 13:43:38,069:INFO:Epoch: 0/10000 | Train Loss: 1.011e+01 | Dynamic Loss: 1.011e+01 | Regularization Loss: 0.000e+00 | Val Loss: 2.238e+00 | Time: 1.52s
2025-08-18 13:43:38,070:INFO:New best model found at epoch 0 with validation loss 2.238e+00. Saving...
2025-08-18 13:43:42,193:INFO:Epoch: 50/10000 | Train Loss: 1.644e+00 | Dynamic Loss: 1.644e+00 | Regularization Loss: 0.000e+00 | Val Loss: 1.658e+00 | Time: 4.09s
2025-08-18 13:43:42,193:INFO:New best model found at epoch 50 with validation loss 1.658e+00. Saving...
2025-08-18 13:43:50,845:INFO:Epoch: 100/10000 | Train Loss: 1.529e+00 | Dynamic Loss: 1.529e+00 | Regularization Loss: 0.000e+00 | Val Loss: 1.548e+00 | Time: 8.64s
2025-08-18 13:43:50,845:INFO:New best model found at epoch 100 with validation loss 1.548e+00. Saving...
2025-08-18 13:43:55,088:INFO:Epoch: 150/10000 | Train Loss: 1.440e+00 | Dynamic Loss: 1.440e+00 | Regularization Loss: 0.000e+00 | Val Loss: 1.461e+00 | Time: 4.23s
2025-08-18 13:43:55,088:INFO:New best model found at epoch 150 with validation loss 1.461e+00. Saving...
2025-08-18 13:43:59,292:INFO:Epoch: 200/10000 | Train Loss: 1.366e+00 | Dynamic Loss: 1.366e+00 | Regularization Loss: 0.000e+00 | Val Loss: 1.400e+00 | Time: 4.19s
2025-08-18 13:43:59,292:INFO:New best model found at epoch 200 with validation loss 1.400e+00. Saving...
2025-08-18 13:44:08,775:INFO:Epoch: 250/10000 | Train Loss: 1.286e+00 | Dynamic Loss: 1.286e+00 | Regularization Loss: 0.000e+00 | Val Loss: 1.329e+00 | Time: 9.47s
2025-08-18 13:44:08,775:INFO:New best model found at epoch 250 with validation loss 1.329e+00. Saving...
2025-08-18 13:44:13,023:INFO:Epoch: 300/10000 | Train Loss: 1.241e+00 | Dynamic Loss: 1.241e+00 | Regularization Loss: 0.000e+00 | Val Loss: 1.284e+00 | Time: 4.24s
2025-08-18 13:44:13,023:INFO:New best model found at epoch 300 with validation loss 1.284e+00. Saving...
2025-08-18 13:44:17,176:INFO:Epoch: 350/10000 | Train Loss: 1.201e+00 | Dynamic Loss: 1.201e+00 | Regularization Loss: 0.000e+00 | Val Loss: 1.252e+00 | Time: 4.14s
2025-08-18 13:44:17,176:INFO:New best model found at epoch 350 with validation loss 1.252e+00. Saving...
2025-08-18 13:44:21,380:INFO:Epoch: 400/10000 | Train Loss: 1.167e+00 | Dynamic Loss: 1.167e+00 | Regularization Loss: 0.000e+00 | Val Loss: 1.215e+00 | Time: 4.19s
2025-08-18 13:44:21,380:INFO:New best model found at epoch 400 with validation loss 1.215e+00. Saving...
2025-08-18 13:44:31,255:INFO:Epoch: 450/10000 | Train Loss: 1.150e+00 | Dynamic Loss: 1.150e+00 | Regularization Loss: 0.000e+00 | Val Loss: 1.198e+00 | Time: 9.86s
2025-08-18 13:44:31,255:INFO:New best model found at epoch 450 with validation loss 1.198e+00. Saving...
2025-08-18 13:44:35,534:INFO:Epoch: 500/10000 | Train Loss: 1.120e+00 | Dynamic Loss: 1.120e+00 | Regularization Loss: 0.000e+00 | Val Loss: 1.172e+00 | Time: 4.27s
2025-08-18 13:44:35,534:INFO:New best model found at epoch 500 with validation loss 1.172e+00. Saving...
2025-08-18 13:44:39,840:INFO:Epoch: 550/10000 | Train Loss: 1.103e+00 | Dynamic Loss: 1.103e+00 | Regularization Loss: 0.000e+00 | Val Loss: 1.153e+00 | Time: 4.30s
2025-08-18 13:44:39,840:INFO:New best model found at epoch 550 with validation loss 1.153e+00. Saving...
2025-08-18 13:44:44,195:INFO:Epoch: 600/10000 | Train Loss: 1.073e+00 | Dynamic Loss: 1.073e+00 | Regularization Loss: 0.000e+00 | Val Loss: 1.128e+00 | Time: 4.34s
2025-08-18 13:44:44,195:INFO:New best model found at epoch 600 with validation loss 1.128e+00. Saving...
2025-08-18 13:44:48,403:INFO:Epoch: 650/10000 | Train Loss: 1.044e+00 | Dynamic Loss: 1.044e+00 | Regularization Loss: 0.000e+00 | Val Loss: 1.101e+00 | Time: 4.20s
2025-08-18 13:44:48,403:INFO:New best model found at epoch 650 with validation loss 1.101e+00. Saving...
2025-08-18 13:44:52,644:INFO:Epoch: 700/10000 | Train Loss: 1.012e+00 | Dynamic Loss: 1.012e+00 | Regularization Loss: 0.000e+00 | Val Loss: 1.098e+00 | Time: 4.23s
2025-08-18 13:44:52,645:INFO:New best model found at epoch 700 with validation loss 1.098e+00. Saving...
2025-08-18 13:44:56,990:INFO:Epoch: 750/10000 | Train Loss: 1.012e+00 | Dynamic Loss: 1.012e+00 | Regularization Loss: 0.000e+00 | Val Loss: 1.066e+00 | Time: 4.33s
2025-08-18 13:44:56,990:INFO:New best model found at epoch 750 with validation loss 1.066e+00. Saving...
2025-08-18 13:45:01,274:INFO:Epoch: 800/10000 | Train Loss: 9.709e-01 | Dynamic Loss: 9.709e-01 | Regularization Loss: 0.000e+00 | Val Loss: 1.030e+00 | Time: 4.27s
2025-08-18 13:45:01,274:INFO:New best model found at epoch 800 with validation loss 1.030e+00. Saving...
2025-08-18 13:45:05,570:INFO:Epoch: 850/10000 | Train Loss: 9.802e-01 | Dynamic Loss: 9.802e-01 | Regularization Loss: 0.000e+00 | Val Loss: 1.044e+00 | Time: 4.29s
2025-08-18 13:45:09,775:INFO:Epoch: 900/10000 | Train Loss: 8.950e-01 | Dynamic Loss: 8.950e-01 | Regularization Loss: 0.000e+00 | Val Loss: 9.620e-01 | Time: 4.20s
2025-08-18 13:45:09,775:INFO:New best model found at epoch 900 with validation loss 9.620e-01. Saving...
2025-08-18 13:45:15,133:INFO:Epoch: 950/10000 | Train Loss: 9.909e-01 | Dynamic Loss: 9.909e-01 | Regularization Loss: 0.000e+00 | Val Loss: 1.056e+00 | Time: 5.35s
2025-08-18 13:45:19,367:INFO:Epoch: 1000/10000 | Train Loss: 8.291e-01 | Dynamic Loss: 8.291e-01 | Regularization Loss: 0.000e+00 | Val Loss: 9.059e-01 | Time: 4.23s
2025-08-18 13:45:19,367:INFO:New best model found at epoch 1000 with validation loss 9.059e-01. Saving...
2025-08-18 13:45:23,581:INFO:Epoch: 1050/10000 | Train Loss: 7.958e-01 | Dynamic Loss: 7.958e-01 | Regularization Loss: 0.000e+00 | Val Loss: 8.751e-01 | Time: 4.20s
2025-08-18 13:45:23,581:INFO:New best model found at epoch 1050 with validation loss 8.751e-01. Saving...
2025-08-18 13:45:27,897:INFO:Epoch: 1100/10000 | Train Loss: 7.996e-01 | Dynamic Loss: 7.996e-01 | Regularization Loss: 0.000e+00 | Val Loss: 8.699e-01 | Time: 4.31s
2025-08-18 13:45:27,897:INFO:New best model found at epoch 1100 with validation loss 8.699e-01. Saving...
2025-08-18 13:45:32,141:INFO:Epoch: 1150/10000 | Train Loss: 7.427e-01 | Dynamic Loss: 7.427e-01 | Regularization Loss: 0.000e+00 | Val Loss: 8.201e-01 | Time: 4.23s
2025-08-18 13:45:32,142:INFO:New best model found at epoch 1150 with validation loss 8.201e-01. Saving...
2025-08-18 13:45:36,375:INFO:Epoch: 1200/10000 | Train Loss: 7.744e-01 | Dynamic Loss: 7.744e-01 | Regularization Loss: 0.000e+00 | Val Loss: 9.723e-01 | Time: 4.22s
2025-08-18 13:45:40,595:INFO:Epoch: 1250/10000 | Train Loss: 7.465e-01 | Dynamic Loss: 7.465e-01 | Regularization Loss: 0.000e+00 | Val Loss: 7.966e-01 | Time: 4.22s
2025-08-18 13:45:40,595:INFO:New best model found at epoch 1250 with validation loss 7.966e-01. Saving...
2025-08-18 13:45:51,196:INFO:Epoch: 1300/10000 | Train Loss: 6.673e-01 | Dynamic Loss: 6.673e-01 | Regularization Loss: 0.000e+00 | Val Loss: 7.461e-01 | Time: 10.59s
2025-08-18 13:45:51,196:INFO:New best model found at epoch 1300 with validation loss 7.461e-01. Saving...
2025-08-18 13:45:55,491:INFO:Epoch: 1350/10000 | Train Loss: 6.532e-01 | Dynamic Loss: 6.532e-01 | Regularization Loss: 0.000e+00 | Val Loss: 7.321e-01 | Time: 4.28s
2025-08-18 13:45:55,491:INFO:New best model found at epoch 1350 with validation loss 7.321e-01. Saving...
2025-08-18 13:45:59,735:INFO:Epoch: 1400/10000 | Train Loss: 6.365e-01 | Dynamic Loss: 6.365e-01 | Regularization Loss: 0.000e+00 | Val Loss: 7.157e-01 | Time: 4.23s
2025-08-18 13:45:59,735:INFO:New best model found at epoch 1400 with validation loss 7.157e-01. Saving...
2025-08-18 13:46:06,100:INFO:Epoch: 1450/10000 | Train Loss: 6.170e-01 | Dynamic Loss: 6.170e-01 | Regularization Loss: 0.000e+00 | Val Loss: 6.922e-01 | Time: 6.36s
2025-08-18 13:46:06,100:INFO:New best model found at epoch 1450 with validation loss 6.922e-01. Saving...
2025-08-18 13:46:10,351:INFO:Epoch: 1500/10000 | Train Loss: 5.972e-01 | Dynamic Loss: 5.972e-01 | Regularization Loss: 0.000e+00 | Val Loss: 6.837e-01 | Time: 4.24s
2025-08-18 13:46:10,351:INFO:New best model found at epoch 1500 with validation loss 6.837e-01. Saving...
2025-08-18 13:46:14,620:INFO:Epoch: 1550/10000 | Train Loss: 1.265e+00 | Dynamic Loss: 1.265e+00 | Regularization Loss: 0.000e+00 | Val Loss: 1.065e+00 | Time: 4.26s
2025-08-18 13:46:18,955:INFO:Epoch: 1600/10000 | Train Loss: 5.634e-01 | Dynamic Loss: 5.634e-01 | Regularization Loss: 0.000e+00 | Val Loss: 6.727e-01 | Time: 4.33s
2025-08-18 13:46:18,955:INFO:New best model found at epoch 1600 with validation loss 6.727e-01. Saving...
2025-08-18 13:46:23,254:INFO:Epoch: 1650/10000 | Train Loss: 5.438e-01 | Dynamic Loss: 5.438e-01 | Regularization Loss: 0.000e+00 | Val Loss: 6.292e-01 | Time: 4.29s
2025-08-18 13:46:23,254:INFO:New best model found at epoch 1650 with validation loss 6.292e-01. Saving...
2025-08-18 13:46:27,593:INFO:Epoch: 1700/10000 | Train Loss: 5.599e-01 | Dynamic Loss: 5.599e-01 | Regularization Loss: 0.000e+00 | Val Loss: 6.375e-01 | Time: 4.33s
2025-08-18 13:46:31,992:INFO:Epoch: 1750/10000 | Train Loss: 5.563e-01 | Dynamic Loss: 5.563e-01 | Regularization Loss: 0.000e+00 | Val Loss: 6.374e-01 | Time: 4.40s
2025-08-18 13:46:36,288:INFO:Epoch: 1800/10000 | Train Loss: 5.320e-01 | Dynamic Loss: 5.320e-01 | Regularization Loss: 0.000e+00 | Val Loss: 6.080e-01 | Time: 4.30s
2025-08-18 13:46:36,289:INFO:New best model found at epoch 1800 with validation loss 6.080e-01. Saving...
2025-08-18 13:46:40,608:INFO:Epoch: 1850/10000 | Train Loss: 4.948e-01 | Dynamic Loss: 4.948e-01 | Regularization Loss: 0.000e+00 | Val Loss: 5.752e-01 | Time: 4.31s
2025-08-18 13:46:40,609:INFO:New best model found at epoch 1850 with validation loss 5.752e-01. Saving...
2025-08-18 13:46:44,814:INFO:Epoch: 1900/10000 | Train Loss: 4.899e-01 | Dynamic Loss: 4.899e-01 | Regularization Loss: 0.000e+00 | Val Loss: 5.774e-01 | Time: 4.20s
2025-08-18 13:46:54,885:INFO:Epoch: 1950/10000 | Train Loss: 4.448e-01 | Dynamic Loss: 4.448e-01 | Regularization Loss: 0.000e+00 | Val Loss: 5.263e-01 | Time: 10.07s
2025-08-18 13:46:54,885:INFO:New best model found at epoch 1950 with validation loss 5.263e-01. Saving...
2025-08-18 13:46:59,198:INFO:Epoch: 2000/10000 | Train Loss: 4.795e-01 | Dynamic Loss: 4.795e-01 | Regularization Loss: 0.000e+00 | Val Loss: 5.515e-01 | Time: 4.30s
2025-08-18 13:47:03,378:INFO:Epoch: 2050/10000 | Train Loss: 4.207e-01 | Dynamic Loss: 4.207e-01 | Regularization Loss: 0.000e+00 | Val Loss: 5.066e-01 | Time: 4.18s
2025-08-18 13:47:03,378:INFO:New best model found at epoch 2050 with validation loss 5.066e-01. Saving...
2025-08-18 13:47:07,733:INFO:Epoch: 2100/10000 | Train Loss: 4.773e-01 | Dynamic Loss: 4.773e-01 | Regularization Loss: 0.000e+00 | Val Loss: 5.456e-01 | Time: 4.35s
2025-08-18 13:47:12,057:INFO:Epoch: 2150/10000 | Train Loss: 4.354e-01 | Dynamic Loss: 4.354e-01 | Regularization Loss: 0.000e+00 | Val Loss: 4.980e-01 | Time: 4.32s
2025-08-18 13:47:12,057:INFO:New best model found at epoch 2150 with validation loss 4.980e-01. Saving...
2025-08-18 13:47:16,358:INFO:Epoch: 2200/10000 | Train Loss: 7.182e-01 | Dynamic Loss: 7.182e-01 | Regularization Loss: 0.000e+00 | Val Loss: 5.043e-01 | Time: 4.29s
2025-08-18 13:47:20,629:INFO:Epoch: 2250/10000 | Train Loss: 3.836e-01 | Dynamic Loss: 3.836e-01 | Regularization Loss: 0.000e+00 | Val Loss: 4.714e-01 | Time: 4.27s
2025-08-18 13:47:20,629:INFO:New best model found at epoch 2250 with validation loss 4.714e-01. Saving...
2025-08-18 13:47:30,812:INFO:Epoch: 2300/10000 | Train Loss: 3.472e-01 | Dynamic Loss: 3.472e-01 | Regularization Loss: 0.000e+00 | Val Loss: 4.348e-01 | Time: 10.17s
2025-08-18 13:47:30,812:INFO:New best model found at epoch 2300 with validation loss 4.348e-01. Saving...
2025-08-18 13:47:35,111:INFO:Epoch: 2350/10000 | Train Loss: 3.483e-01 | Dynamic Loss: 3.483e-01 | Regularization Loss: 0.000e+00 | Val Loss: 4.312e-01 | Time: 4.29s
2025-08-18 13:47:35,112:INFO:New best model found at epoch 2350 with validation loss 4.312e-01. Saving...
2025-08-18 13:47:39,401:INFO:Epoch: 2400/10000 | Train Loss: 3.308e-01 | Dynamic Loss: 3.308e-01 | Regularization Loss: 0.000e+00 | Val Loss: 4.181e-01 | Time: 4.28s
2025-08-18 13:47:39,401:INFO:New best model found at epoch 2400 with validation loss 4.181e-01. Saving...
2025-08-18 13:47:43,771:INFO:Epoch: 2450/10000 | Train Loss: 3.098e-01 | Dynamic Loss: 3.098e-01 | Regularization Loss: 0.000e+00 | Val Loss: 4.108e-01 | Time: 4.36s
2025-08-18 13:47:43,772:INFO:New best model found at epoch 2450 with validation loss 4.108e-01. Saving...
2025-08-18 13:47:48,148:INFO:Epoch: 2500/10000 | Train Loss: 3.110e-01 | Dynamic Loss: 3.110e-01 | Regularization Loss: 0.000e+00 | Val Loss: 3.982e-01 | Time: 4.37s
2025-08-18 13:47:48,148:INFO:New best model found at epoch 2500 with validation loss 3.982e-01. Saving...
2025-08-18 13:47:52,488:INFO:Epoch: 2550/10000 | Train Loss: 2.867e-01 | Dynamic Loss: 2.867e-01 | Regularization Loss: 0.000e+00 | Val Loss: 3.780e-01 | Time: 4.33s
2025-08-18 13:47:52,488:INFO:New best model found at epoch 2550 with validation loss 3.780e-01. Saving...
2025-08-18 13:47:56,780:INFO:Epoch: 2600/10000 | Train Loss: 2.632e-01 | Dynamic Loss: 2.632e-01 | Regularization Loss: 0.000e+00 | Val Loss: 3.534e-01 | Time: 4.28s
2025-08-18 13:47:56,780:INFO:New best model found at epoch 2600 with validation loss 3.534e-01. Saving...
2025-08-18 13:48:07,057:INFO:Epoch: 2650/10000 | Train Loss: 3.212e-01 | Dynamic Loss: 3.212e-01 | Regularization Loss: 0.000e+00 | Val Loss: 3.999e-01 | Time: 10.27s
2025-08-18 13:48:11,377:INFO:Epoch: 2700/10000 | Train Loss: 2.478e-01 | Dynamic Loss: 2.478e-01 | Regularization Loss: 0.000e+00 | Val Loss: 3.411e-01 | Time: 4.32s
2025-08-18 13:48:11,377:INFO:New best model found at epoch 2700 with validation loss 3.411e-01. Saving...
2025-08-18 13:48:15,741:INFO:Epoch: 2750/10000 | Train Loss: 2.489e-01 | Dynamic Loss: 2.489e-01 | Regularization Loss: 0.000e+00 | Val Loss: 3.347e-01 | Time: 4.35s
2025-08-18 13:48:15,741:INFO:New best model found at epoch 2750 with validation loss 3.347e-01. Saving...
2025-08-18 13:48:20,168:INFO:Epoch: 2800/10000 | Train Loss: 2.231e-01 | Dynamic Loss: 2.231e-01 | Regularization Loss: 0.000e+00 | Val Loss: 3.153e-01 | Time: 4.42s
2025-08-18 13:48:20,168:INFO:New best model found at epoch 2800 with validation loss 3.153e-01. Saving...
2025-08-18 13:48:24,553:INFO:Epoch: 2850/10000 | Train Loss: 2.112e-01 | Dynamic Loss: 2.112e-01 | Regularization Loss: 0.000e+00 | Val Loss: 3.055e-01 | Time: 4.37s
2025-08-18 13:48:24,553:INFO:New best model found at epoch 2850 with validation loss 3.055e-01. Saving...
2025-08-18 13:48:28,898:INFO:Epoch: 2900/10000 | Train Loss: 2.067e-01 | Dynamic Loss: 2.067e-01 | Regularization Loss: 0.000e+00 | Val Loss: 3.021e-01 | Time: 4.33s
2025-08-18 13:48:28,898:INFO:New best model found at epoch 2900 with validation loss 3.021e-01. Saving...
2025-08-18 13:48:33,246:INFO:Epoch: 2950/10000 | Train Loss: 2.855e-01 | Dynamic Loss: 2.855e-01 | Regularization Loss: 0.000e+00 | Val Loss: 3.448e-01 | Time: 4.34s
2025-08-18 13:48:37,562:INFO:Epoch: 3000/10000 | Train Loss: 1.971e-01 | Dynamic Loss: 1.971e-01 | Regularization Loss: 0.000e+00 | Val Loss: 2.908e-01 | Time: 4.32s
2025-08-18 13:48:37,562:INFO:New best model found at epoch 3000 with validation loss 2.908e-01. Saving...
2025-08-18 13:48:41,837:INFO:Epoch: 3050/10000 | Train Loss: 1.820e-01 | Dynamic Loss: 1.820e-01 | Regularization Loss: 0.000e+00 | Val Loss: 2.805e-01 | Time: 4.27s
2025-08-18 13:48:41,838:INFO:New best model found at epoch 3050 with validation loss 2.805e-01. Saving...
2025-08-18 13:48:46,101:INFO:Epoch: 3100/10000 | Train Loss: 1.940e-01 | Dynamic Loss: 1.940e-01 | Regularization Loss: 0.000e+00 | Val Loss: 2.877e-01 | Time: 4.25s
2025-08-18 13:48:56,352:INFO:Epoch: 3150/10000 | Train Loss: 1.901e-01 | Dynamic Loss: 1.901e-01 | Regularization Loss: 0.000e+00 | Val Loss: 2.801e-01 | Time: 10.25s
2025-08-18 13:48:56,353:INFO:New best model found at epoch 3150 with validation loss 2.801e-01. Saving...
2025-08-18 13:49:00,656:INFO:Epoch: 3200/10000 | Train Loss: 1.648e-01 | Dynamic Loss: 1.648e-01 | Regularization Loss: 0.000e+00 | Val Loss: 2.629e-01 | Time: 4.29s
2025-08-18 13:49:00,656:INFO:New best model found at epoch 3200 with validation loss 2.629e-01. Saving...
2025-08-18 13:49:04,922:INFO:Epoch: 3250/10000 | Train Loss: 1.577e-01 | Dynamic Loss: 1.577e-01 | Regularization Loss: 0.000e+00 | Val Loss: 2.580e-01 | Time: 4.26s
2025-08-18 13:49:04,922:INFO:New best model found at epoch 3250 with validation loss 2.580e-01. Saving...
2025-08-18 13:49:09,231:INFO:Epoch: 3300/10000 | Train Loss: 1.587e-01 | Dynamic Loss: 1.587e-01 | Regularization Loss: 0.000e+00 | Val Loss: 2.638e-01 | Time: 4.30s
2025-08-18 13:49:19,343:INFO:Epoch: 3350/10000 | Train Loss: 2.120e-01 | Dynamic Loss: 2.120e-01 | Regularization Loss: 0.000e+00 | Val Loss: 3.192e-01 | Time: 10.11s
2025-08-18 13:49:23,676:INFO:Epoch: 3400/10000 | Train Loss: 1.570e-01 | Dynamic Loss: 1.570e-01 | Regularization Loss: 0.000e+00 | Val Loss: 2.604e-01 | Time: 4.33s
2025-08-18 13:49:28,010:INFO:Epoch: 3450/10000 | Train Loss: 2.101e-01 | Dynamic Loss: 2.101e-01 | Regularization Loss: 0.000e+00 | Val Loss: 3.138e-01 | Time: 4.33s
2025-08-18 13:49:32,362:INFO:Epoch: 3500/10000 | Train Loss: 1.382e-01 | Dynamic Loss: 1.382e-01 | Regularization Loss: 0.000e+00 | Val Loss: 2.393e-01 | Time: 4.35s
2025-08-18 13:49:32,363:INFO:New best model found at epoch 3500 with validation loss 2.393e-01. Saving...
2025-08-18 13:49:36,721:INFO:Epoch: 3550/10000 | Train Loss: 1.386e-01 | Dynamic Loss: 1.386e-01 | Regularization Loss: 0.000e+00 | Val Loss: 2.438e-01 | Time: 4.35s
2025-08-18 13:49:41,017:INFO:Epoch: 3600/10000 | Train Loss: 1.439e-01 | Dynamic Loss: 1.439e-01 | Regularization Loss: 0.000e+00 | Val Loss: 2.468e-01 | Time: 4.30s
2025-08-18 13:49:45,389:INFO:Epoch: 3650/10000 | Train Loss: 1.281e-01 | Dynamic Loss: 1.281e-01 | Regularization Loss: 0.000e+00 | Val Loss: 2.305e-01 | Time: 4.37s
2025-08-18 13:49:45,389:INFO:New best model found at epoch 3650 with validation loss 2.305e-01. Saving...
2025-08-18 13:49:49,728:INFO:Epoch: 3700/10000 | Train Loss: 2.278e-01 | Dynamic Loss: 2.278e-01 | Regularization Loss: 0.000e+00 | Val Loss: 3.664e-01 | Time: 4.33s
2025-08-18 13:49:54,052:INFO:Epoch: 3750/10000 | Train Loss: 1.270e-01 | Dynamic Loss: 1.270e-01 | Regularization Loss: 0.000e+00 | Val Loss: 2.298e-01 | Time: 4.32s
2025-08-18 13:49:54,052:INFO:New best model found at epoch 3750 with validation loss 2.298e-01. Saving...
2025-08-18 13:49:58,359:INFO:Epoch: 3800/10000 | Train Loss: 1.244e-01 | Dynamic Loss: 1.244e-01 | Regularization Loss: 0.000e+00 | Val Loss: 2.343e-01 | Time: 4.30s
2025-08-18 13:50:05,034:INFO:Epoch: 3850/10000 | Train Loss: 1.238e-01 | Dynamic Loss: 1.238e-01 | Regularization Loss: 0.000e+00 | Val Loss: 2.297e-01 | Time: 6.68s
2025-08-18 13:50:05,034:INFO:New best model found at epoch 3850 with validation loss 2.297e-01. Saving...
2025-08-18 13:50:09,392:INFO:Epoch: 3900/10000 | Train Loss: 1.224e-01 | Dynamic Loss: 1.224e-01 | Regularization Loss: 0.000e+00 | Val Loss: 2.263e-01 | Time: 4.35s
2025-08-18 13:50:09,392:INFO:New best model found at epoch 3900 with validation loss 2.263e-01. Saving...
2025-08-18 13:50:13,707:INFO:Epoch: 3950/10000 | Train Loss: 1.566e-01 | Dynamic Loss: 1.566e-01 | Regularization Loss: 0.000e+00 | Val Loss: 2.415e-01 | Time: 4.30s
2025-08-18 13:50:23,793:INFO:Epoch: 4000/10000 | Train Loss: 1.064e-01 | Dynamic Loss: 1.064e-01 | Regularization Loss: 0.000e+00 | Val Loss: 2.141e-01 | Time: 10.09s
2025-08-18 13:50:23,793:INFO:New best model found at epoch 4000 with validation loss 2.141e-01. Saving...
2025-08-18 13:50:28,148:INFO:Epoch: 4050/10000 | Train Loss: 1.112e-01 | Dynamic Loss: 1.112e-01 | Regularization Loss: 0.000e+00 | Val Loss: 2.141e-01 | Time: 4.34s
2025-08-18 13:50:28,148:INFO:New best model found at epoch 4050 with validation loss 2.141e-01. Saving...
2025-08-18 13:50:32,460:INFO:Epoch: 4100/10000 | Train Loss: 1.068e-01 | Dynamic Loss: 1.068e-01 | Regularization Loss: 0.000e+00 | Val Loss: 2.145e-01 | Time: 4.30s
2025-08-18 13:50:42,266:INFO:Epoch: 4150/10000 | Train Loss: 1.115e-01 | Dynamic Loss: 1.115e-01 | Regularization Loss: 0.000e+00 | Val Loss: 2.159e-01 | Time: 9.81s
2025-08-18 13:50:46,558:INFO:Epoch: 4200/10000 | Train Loss: 1.002e-01 | Dynamic Loss: 1.002e-01 | Regularization Loss: 0.000e+00 | Val Loss: 2.100e-01 | Time: 4.29s
2025-08-18 13:50:46,559:INFO:New best model found at epoch 4200 with validation loss 2.100e-01. Saving...
2025-08-18 13:50:50,866:INFO:Epoch: 4250/10000 | Train Loss: 9.969e-02 | Dynamic Loss: 9.969e-02 | Regularization Loss: 0.000e+00 | Val Loss: 2.133e-01 | Time: 4.30s
2025-08-18 13:50:55,273:INFO:Epoch: 4300/10000 | Train Loss: 1.036e-01 | Dynamic Loss: 1.036e-01 | Regularization Loss: 0.000e+00 | Val Loss: 2.130e-01 | Time: 4.41s
2025-08-18 13:50:59,597:INFO:Epoch: 4350/10000 | Train Loss: 9.839e-02 | Dynamic Loss: 9.839e-02 | Regularization Loss: 0.000e+00 | Val Loss: 2.092e-01 | Time: 4.32s
2025-08-18 13:50:59,598:INFO:New best model found at epoch 4350 with validation loss 2.092e-01. Saving...
2025-08-18 13:51:03,926:INFO:Epoch: 4400/10000 | Train Loss: 8.931e-02 | Dynamic Loss: 8.931e-02 | Regularization Loss: 0.000e+00 | Val Loss: 2.011e-01 | Time: 4.32s
2025-08-18 13:51:03,926:INFO:New best model found at epoch 4400 with validation loss 2.011e-01. Saving...
2025-08-18 13:51:08,216:INFO:Epoch: 4450/10000 | Train Loss: 9.042e-02 | Dynamic Loss: 9.042e-02 | Regularization Loss: 0.000e+00 | Val Loss: 2.061e-01 | Time: 4.28s
2025-08-18 13:51:18,928:INFO:Epoch: 4500/10000 | Train Loss: 8.637e-02 | Dynamic Loss: 8.637e-02 | Regularization Loss: 0.000e+00 | Val Loss: 1.992e-01 | Time: 10.71s
2025-08-18 13:51:18,928:INFO:New best model found at epoch 4500 with validation loss 1.992e-01. Saving...
2025-08-18 13:51:23,271:INFO:Epoch: 4550/10000 | Train Loss: 1.098e-01 | Dynamic Loss: 1.098e-01 | Regularization Loss: 0.000e+00 | Val Loss: 2.196e-01 | Time: 4.33s
2025-08-18 13:51:27,601:INFO:Epoch: 4600/10000 | Train Loss: 8.666e-02 | Dynamic Loss: 8.666e-02 | Regularization Loss: 0.000e+00 | Val Loss: 2.058e-01 | Time: 4.33s
2025-08-18 13:51:37,985:INFO:Epoch: 4650/10000 | Train Loss: 8.402e-02 | Dynamic Loss: 8.402e-02 | Regularization Loss: 0.000e+00 | Val Loss: 1.987e-01 | Time: 10.38s
2025-08-18 13:51:37,985:INFO:New best model found at epoch 4650 with validation loss 1.987e-01. Saving...
2025-08-18 13:51:42,393:INFO:Epoch: 4700/10000 | Train Loss: 1.201e-01 | Dynamic Loss: 1.201e-01 | Regularization Loss: 0.000e+00 | Val Loss: 2.228e-01 | Time: 4.40s
2025-08-18 13:51:46,715:INFO:Epoch: 4750/10000 | Train Loss: 9.255e-02 | Dynamic Loss: 9.255e-02 | Regularization Loss: 0.000e+00 | Val Loss: 2.250e-01 | Time: 4.32s
2025-08-18 13:51:51,090:INFO:Epoch: 4800/10000 | Train Loss: 7.762e-02 | Dynamic Loss: 7.762e-02 | Regularization Loss: 0.000e+00 | Val Loss: 1.936e-01 | Time: 4.37s
2025-08-18 13:51:51,090:INFO:New best model found at epoch 4800 with validation loss 1.936e-01. Saving...
2025-08-18 13:51:55,447:INFO:Epoch: 4850/10000 | Train Loss: 8.306e-02 | Dynamic Loss: 8.306e-02 | Regularization Loss: 0.000e+00 | Val Loss: 1.964e-01 | Time: 4.35s
2025-08-18 13:51:59,806:INFO:Epoch: 4900/10000 | Train Loss: 7.737e-02 | Dynamic Loss: 7.737e-02 | Regularization Loss: 0.000e+00 | Val Loss: 1.958e-01 | Time: 4.36s
2025-08-18 13:52:04,282:INFO:Epoch: 4950/10000 | Train Loss: 8.590e-02 | Dynamic Loss: 8.590e-02 | Regularization Loss: 0.000e+00 | Val Loss: 1.985e-01 | Time: 4.48s
2025-08-18 13:52:08,683:INFO:Epoch: 5000/10000 | Train Loss: 8.363e-02 | Dynamic Loss: 8.363e-02 | Regularization Loss: 0.000e+00 | Val Loss: 1.980e-01 | Time: 4.40s
2025-08-18 13:52:13,026:INFO:Epoch: 5050/10000 | Train Loss: 9.837e-02 | Dynamic Loss: 9.837e-02 | Regularization Loss: 0.000e+00 | Val Loss: 2.081e-01 | Time: 4.34s
2025-08-18 13:52:17,357:INFO:Epoch: 5100/10000 | Train Loss: 7.242e-02 | Dynamic Loss: 7.242e-02 | Regularization Loss: 0.000e+00 | Val Loss: 1.904e-01 | Time: 4.33s
2025-08-18 13:52:17,357:INFO:New best model found at epoch 5100 with validation loss 1.904e-01. Saving...
2025-08-18 13:52:27,832:INFO:Epoch: 5150/10000 | Train Loss: 6.846e-02 | Dynamic Loss: 6.846e-02 | Regularization Loss: 0.000e+00 | Val Loss: 1.876e-01 | Time: 10.46s
2025-08-18 13:52:27,832:INFO:New best model found at epoch 5150 with validation loss 1.876e-01. Saving...
2025-08-18 13:52:32,302:INFO:Epoch: 5200/10000 | Train Loss: 8.147e-02 | Dynamic Loss: 8.147e-02 | Regularization Loss: 0.000e+00 | Val Loss: 1.960e-01 | Time: 4.46s
2025-08-18 13:52:36,652:INFO:Epoch: 5250/10000 | Train Loss: 8.476e-02 | Dynamic Loss: 8.476e-02 | Regularization Loss: 0.000e+00 | Val Loss: 2.050e-01 | Time: 4.35s
2025-08-18 13:52:41,089:INFO:Epoch: 5300/10000 | Train Loss: 6.812e-02 | Dynamic Loss: 6.812e-02 | Regularization Loss: 0.000e+00 | Val Loss: 1.862e-01 | Time: 4.44s
2025-08-18 13:52:41,089:INFO:New best model found at epoch 5300 with validation loss 1.862e-01. Saving...
2025-08-18 13:52:45,497:INFO:Epoch: 5350/10000 | Train Loss: 7.171e-02 | Dynamic Loss: 7.171e-02 | Regularization Loss: 0.000e+00 | Val Loss: 1.922e-01 | Time: 4.40s
2025-08-18 13:52:49,849:INFO:Epoch: 5400/10000 | Train Loss: 8.943e-02 | Dynamic Loss: 8.943e-02 | Regularization Loss: 0.000e+00 | Val Loss: 2.012e-01 | Time: 4.35s
2025-08-18 13:52:54,192:INFO:Epoch: 5450/10000 | Train Loss: 6.633e-02 | Dynamic Loss: 6.633e-02 | Regularization Loss: 0.000e+00 | Val Loss: 1.862e-01 | Time: 4.34s
2025-08-18 13:52:54,192:INFO:New best model found at epoch 5450 with validation loss 1.862e-01. Saving...
2025-08-18 13:52:58,834:INFO:Epoch: 5500/10000 | Train Loss: 6.704e-02 | Dynamic Loss: 6.704e-02 | Regularization Loss: 0.000e+00 | Val Loss: 1.864e-01 | Time: 4.63s
2025-08-18 13:53:03,260:INFO:Epoch: 5550/10000 | Train Loss: 6.422e-02 | Dynamic Loss: 6.422e-02 | Regularization Loss: 0.000e+00 | Val Loss: 1.837e-01 | Time: 4.43s
2025-08-18 13:53:03,260:INFO:New best model found at epoch 5550 with validation loss 1.837e-01. Saving...
2025-08-18 13:53:07,643:INFO:Epoch: 5600/10000 | Train Loss: 6.093e-02 | Dynamic Loss: 6.093e-02 | Regularization Loss: 0.000e+00 | Val Loss: 1.840e-01 | Time: 4.37s
2025-08-18 13:53:18,165:INFO:Epoch: 5650/10000 | Train Loss: 7.400e-02 | Dynamic Loss: 7.400e-02 | Regularization Loss: 0.000e+00 | Val Loss: 1.954e-01 | Time: 10.52s
2025-08-18 13:53:22,542:INFO:Epoch: 5700/10000 | Train Loss: 7.880e-02 | Dynamic Loss: 7.880e-02 | Regularization Loss: 0.000e+00 | Val Loss: 1.894e-01 | Time: 4.38s
2025-08-18 13:53:26,909:INFO:Epoch: 5750/10000 | Train Loss: 5.609e-02 | Dynamic Loss: 5.609e-02 | Regularization Loss: 0.000e+00 | Val Loss: 1.790e-01 | Time: 4.37s
2025-08-18 13:53:26,909:INFO:New best model found at epoch 5750 with validation loss 1.790e-01. Saving...
2025-08-18 13:53:31,428:INFO:Epoch: 5800/10000 | Train Loss: 6.071e-02 | Dynamic Loss: 6.071e-02 | Regularization Loss: 0.000e+00 | Val Loss: 1.836e-01 | Time: 4.51s
2025-08-18 13:53:35,862:INFO:Epoch: 5850/10000 | Train Loss: 6.552e-02 | Dynamic Loss: 6.552e-02 | Regularization Loss: 0.000e+00 | Val Loss: 1.973e-01 | Time: 4.43s
2025-08-18 13:53:40,242:INFO:Epoch: 5900/10000 | Train Loss: 6.575e-02 | Dynamic Loss: 6.575e-02 | Regularization Loss: 0.000e+00 | Val Loss: 1.903e-01 | Time: 4.38s
2025-08-18 13:53:44,666:INFO:Epoch: 5950/10000 | Train Loss: 5.490e-02 | Dynamic Loss: 5.490e-02 | Regularization Loss: 0.000e+00 | Val Loss: 1.782e-01 | Time: 4.42s
2025-08-18 13:53:44,666:INFO:New best model found at epoch 5950 with validation loss 1.782e-01. Saving...
2025-08-18 13:53:49,064:INFO:Epoch: 6000/10000 | Train Loss: 5.515e-02 | Dynamic Loss: 5.515e-02 | Regularization Loss: 0.000e+00 | Val Loss: 1.771e-01 | Time: 4.39s
2025-08-18 13:53:49,064:INFO:New best model found at epoch 6000 with validation loss 1.771e-01. Saving...
2025-08-18 13:53:53,441:INFO:Epoch: 6050/10000 | Train Loss: 5.252e-02 | Dynamic Loss: 5.252e-02 | Regularization Loss: 0.000e+00 | Val Loss: 1.747e-01 | Time: 4.37s
2025-08-18 13:53:53,441:INFO:New best model found at epoch 6050 with validation loss 1.747e-01. Saving...
2025-08-18 13:53:57,781:INFO:Epoch: 6100/10000 | Train Loss: 5.520e-02 | Dynamic Loss: 5.520e-02 | Regularization Loss: 0.000e+00 | Val Loss: 1.763e-01 | Time: 4.33s
2025-08-18 13:54:08,902:INFO:Epoch: 6150/10000 | Train Loss: 5.319e-02 | Dynamic Loss: 5.319e-02 | Regularization Loss: 0.000e+00 | Val Loss: 1.740e-01 | Time: 11.12s
2025-08-18 13:54:08,902:INFO:New best model found at epoch 6150 with validation loss 1.740e-01. Saving...
2025-08-18 13:54:13,353:INFO:Epoch: 6200/10000 | Train Loss: 5.442e-02 | Dynamic Loss: 5.442e-02 | Regularization Loss: 0.000e+00 | Val Loss: 1.769e-01 | Time: 4.44s
2025-08-18 13:54:17,654:INFO:Epoch: 6250/10000 | Train Loss: 5.061e-02 | Dynamic Loss: 5.061e-02 | Regularization Loss: 0.000e+00 | Val Loss: 1.734e-01 | Time: 4.30s
2025-08-18 13:54:17,654:INFO:New best model found at epoch 6250 with validation loss 1.734e-01. Saving...
2025-08-18 13:54:28,291:INFO:Epoch: 6300/10000 | Train Loss: 5.005e-02 | Dynamic Loss: 5.005e-02 | Regularization Loss: 0.000e+00 | Val Loss: 1.741e-01 | Time: 10.63s
2025-08-18 13:54:32,676:INFO:Epoch: 6350/10000 | Train Loss: 5.088e-02 | Dynamic Loss: 5.088e-02 | Regularization Loss: 0.000e+00 | Val Loss: 1.751e-01 | Time: 4.39s
2025-08-18 13:54:37,099:INFO:Epoch: 6400/10000 | Train Loss: 4.946e-02 | Dynamic Loss: 4.946e-02 | Regularization Loss: 0.000e+00 | Val Loss: 1.718e-01 | Time: 4.42s
2025-08-18 13:54:37,099:INFO:New best model found at epoch 6400 with validation loss 1.718e-01. Saving...
2025-08-18 13:54:47,452:INFO:Epoch: 6450/10000 | Train Loss: 4.934e-02 | Dynamic Loss: 4.934e-02 | Regularization Loss: 0.000e+00 | Val Loss: 1.767e-01 | Time: 10.34s
2025-08-18 13:54:51,869:INFO:Epoch: 6500/10000 | Train Loss: 5.242e-02 | Dynamic Loss: 5.242e-02 | Regularization Loss: 0.000e+00 | Val Loss: 1.751e-01 | Time: 4.42s
2025-08-18 13:54:56,296:INFO:Epoch: 6550/10000 | Train Loss: 6.375e-02 | Dynamic Loss: 6.375e-02 | Regularization Loss: 0.000e+00 | Val Loss: 1.862e-01 | Time: 4.43s
2025-08-18 13:55:00,758:INFO:Epoch: 6600/10000 | Train Loss: 4.656e-02 | Dynamic Loss: 4.656e-02 | Regularization Loss: 0.000e+00 | Val Loss: 1.734e-01 | Time: 4.46s
2025-08-18 13:55:05,175:INFO:Epoch: 6650/10000 | Train Loss: 5.329e-02 | Dynamic Loss: 5.329e-02 | Regularization Loss: 0.000e+00 | Val Loss: 1.780e-01 | Time: 4.42s
2025-08-18 13:55:09,593:INFO:Epoch: 6700/10000 | Train Loss: 5.132e-02 | Dynamic Loss: 5.132e-02 | Regularization Loss: 0.000e+00 | Val Loss: 1.769e-01 | Time: 4.42s
2025-08-18 13:55:14,030:INFO:Epoch: 6750/10000 | Train Loss: 4.809e-02 | Dynamic Loss: 4.809e-02 | Regularization Loss: 0.000e+00 | Val Loss: 1.690e-01 | Time: 4.44s
2025-08-18 13:55:14,030:INFO:New best model found at epoch 6750 with validation loss 1.690e-01. Saving...
2025-08-18 13:55:18,447:INFO:Epoch: 6800/10000 | Train Loss: 4.816e-02 | Dynamic Loss: 4.816e-02 | Regularization Loss: 0.000e+00 | Val Loss: 1.723e-01 | Time: 4.41s
2025-08-18 13:55:22,890:INFO:Epoch: 6850/10000 | Train Loss: 5.257e-02 | Dynamic Loss: 5.257e-02 | Regularization Loss: 0.000e+00 | Val Loss: 1.757e-01 | Time: 4.44s
2025-08-18 13:55:27,312:INFO:Epoch: 6900/10000 | Train Loss: 6.346e-02 | Dynamic Loss: 6.346e-02 | Regularization Loss: 0.000e+00 | Val Loss: 1.807e-01 | Time: 4.42s
2025-08-18 13:55:31,763:INFO:Epoch: 6950/10000 | Train Loss: 6.719e-02 | Dynamic Loss: 6.719e-02 | Regularization Loss: 0.000e+00 | Val Loss: 1.846e-01 | Time: 4.45s
2025-08-18 13:55:36,252:INFO:Epoch: 7000/10000 | Train Loss: 4.561e-02 | Dynamic Loss: 4.561e-02 | Regularization Loss: 0.000e+00 | Val Loss: 1.718e-01 | Time: 4.49s
2025-08-18 13:55:40,697:INFO:Epoch: 7050/10000 | Train Loss: 4.257e-02 | Dynamic Loss: 4.257e-02 | Regularization Loss: 0.000e+00 | Val Loss: 1.683e-01 | Time: 4.44s
2025-08-18 13:55:40,697:INFO:New best model found at epoch 7050 with validation loss 1.683e-01. Saving...
2025-08-18 13:55:51,126:INFO:Epoch: 7100/10000 | Train Loss: 4.221e-02 | Dynamic Loss: 4.221e-02 | Regularization Loss: 0.000e+00 | Val Loss: 1.677e-01 | Time: 10.42s
2025-08-18 13:55:51,126:INFO:New best model found at epoch 7100 with validation loss 1.677e-01. Saving...
2025-08-18 13:55:55,503:INFO:Epoch: 7150/10000 | Train Loss: 5.274e-02 | Dynamic Loss: 5.274e-02 | Regularization Loss: 0.000e+00 | Val Loss: 1.741e-01 | Time: 4.37s
2025-08-18 13:55:59,920:INFO:Epoch: 7200/10000 | Train Loss: 4.191e-02 | Dynamic Loss: 4.191e-02 | Regularization Loss: 0.000e+00 | Val Loss: 1.684e-01 | Time: 4.42s
2025-08-18 13:56:04,353:INFO:Epoch: 7250/10000 | Train Loss: 4.483e-02 | Dynamic Loss: 4.483e-02 | Regularization Loss: 0.000e+00 | Val Loss: 1.726e-01 | Time: 4.43s
2025-08-18 13:56:08,819:INFO:Epoch: 7300/10000 | Train Loss: 4.210e-02 | Dynamic Loss: 4.210e-02 | Regularization Loss: 0.000e+00 | Val Loss: 1.668e-01 | Time: 4.47s
2025-08-18 13:56:08,820:INFO:New best model found at epoch 7300 with validation loss 1.668e-01. Saving...
2025-08-18 13:56:13,209:INFO:Epoch: 7350/10000 | Train Loss: 4.096e-02 | Dynamic Loss: 4.096e-02 | Regularization Loss: 0.000e+00 | Val Loss: 1.665e-01 | Time: 4.38s
2025-08-18 13:56:13,209:INFO:New best model found at epoch 7350 with validation loss 1.665e-01. Saving...
2025-08-18 13:56:17,631:INFO:Epoch: 7400/10000 | Train Loss: 4.483e-02 | Dynamic Loss: 4.483e-02 | Regularization Loss: 0.000e+00 | Val Loss: 1.715e-01 | Time: 4.41s
2025-08-18 13:56:28,993:INFO:Epoch: 7450/10000 | Train Loss: 4.161e-02 | Dynamic Loss: 4.161e-02 | Regularization Loss: 0.000e+00 | Val Loss: 1.676e-01 | Time: 11.36s
2025-08-18 13:56:33,401:INFO:Epoch: 7500/10000 | Train Loss: 4.122e-02 | Dynamic Loss: 4.122e-02 | Regularization Loss: 0.000e+00 | Val Loss: 1.711e-01 | Time: 4.41s
2025-08-18 13:56:37,739:INFO:Epoch: 7550/10000 | Train Loss: 4.088e-02 | Dynamic Loss: 4.088e-02 | Regularization Loss: 0.000e+00 | Val Loss: 1.690e-01 | Time: 4.34s
2025-08-18 13:56:42,185:INFO:Epoch: 7600/10000 | Train Loss: 3.801e-02 | Dynamic Loss: 3.801e-02 | Regularization Loss: 0.000e+00 | Val Loss: 1.650e-01 | Time: 4.45s
2025-08-18 13:56:42,185:INFO:New best model found at epoch 7600 with validation loss 1.650e-01. Saving...
2025-08-18 13:56:46,604:INFO:Epoch: 7650/10000 | Train Loss: 3.813e-02 | Dynamic Loss: 3.813e-02 | Regularization Loss: 0.000e+00 | Val Loss: 1.661e-01 | Time: 4.41s
2025-08-18 13:56:51,001:INFO:Epoch: 7700/10000 | Train Loss: 4.248e-02 | Dynamic Loss: 4.248e-02 | Regularization Loss: 0.000e+00 | Val Loss: 1.673e-01 | Time: 4.40s
2025-08-18 13:56:55,549:INFO:Epoch: 7750/10000 | Train Loss: 4.901e-02 | Dynamic Loss: 4.901e-02 | Regularization Loss: 0.000e+00 | Val Loss: 1.706e-01 | Time: 4.55s
2025-08-18 13:56:59,951:INFO:Epoch: 7800/10000 | Train Loss: 3.340e-02 | Dynamic Loss: 3.340e-02 | Regularization Loss: 0.000e+00 | Val Loss: 1.610e-01 | Time: 4.40s
2025-08-18 13:56:59,951:INFO:New best model found at epoch 7800 with validation loss 1.610e-01. Saving...
2025-08-18 13:57:04,394:INFO:Epoch: 7850/10000 | Train Loss: 3.863e-02 | Dynamic Loss: 3.863e-02 | Regularization Loss: 0.000e+00 | Val Loss: 1.634e-01 | Time: 4.43s
2025-08-18 13:57:08,748:INFO:Epoch: 7900/10000 | Train Loss: 3.720e-02 | Dynamic Loss: 3.720e-02 | Regularization Loss: 0.000e+00 | Val Loss: 1.649e-01 | Time: 4.35s
2025-08-18 13:57:19,926:INFO:Epoch: 7950/10000 | Train Loss: 3.578e-02 | Dynamic Loss: 3.578e-02 | Regularization Loss: 0.000e+00 | Val Loss: 1.621e-01 | Time: 11.18s
2025-08-18 13:57:24,314:INFO:Epoch: 8000/10000 | Train Loss: 3.521e-02 | Dynamic Loss: 3.521e-02 | Regularization Loss: 0.000e+00 | Val Loss: 1.633e-01 | Time: 4.39s
2025-08-18 13:57:28,719:INFO:Epoch: 8050/10000 | Train Loss: 4.397e-02 | Dynamic Loss: 4.397e-02 | Regularization Loss: 0.000e+00 | Val Loss: 1.706e-01 | Time: 4.40s
2025-08-18 13:57:39,690:INFO:Epoch: 8100/10000 | Train Loss: 3.371e-02 | Dynamic Loss: 3.371e-02 | Regularization Loss: 0.000e+00 | Val Loss: 1.623e-01 | Time: 10.97s
2025-08-18 13:57:44,159:INFO:Epoch: 8150/10000 | Train Loss: 3.323e-02 | Dynamic Loss: 3.323e-02 | Regularization Loss: 0.000e+00 | Val Loss: 1.611e-01 | Time: 4.47s
2025-08-18 13:57:48,558:INFO:Epoch: 8200/10000 | Train Loss: 4.093e-02 | Dynamic Loss: 4.093e-02 | Regularization Loss: 0.000e+00 | Val Loss: 1.683e-01 | Time: 4.40s
2025-08-18 13:57:52,979:INFO:Epoch: 8250/10000 | Train Loss: 3.646e-02 | Dynamic Loss: 3.646e-02 | Regularization Loss: 0.000e+00 | Val Loss: 1.651e-01 | Time: 4.42s
2025-08-18 13:57:57,336:INFO:Epoch: 8300/10000 | Train Loss: 3.821e-02 | Dynamic Loss: 3.821e-02 | Regularization Loss: 0.000e+00 | Val Loss: 1.659e-01 | Time: 4.36s
2025-08-18 13:58:01,732:INFO:Epoch: 8350/10000 | Train Loss: 3.474e-02 | Dynamic Loss: 3.474e-02 | Regularization Loss: 0.000e+00 | Val Loss: 1.646e-01 | Time: 4.40s
2025-08-18 13:58:06,165:INFO:Epoch: 8400/10000 | Train Loss: 3.176e-02 | Dynamic Loss: 3.176e-02 | Regularization Loss: 0.000e+00 | Val Loss: 1.595e-01 | Time: 4.43s
2025-08-18 13:58:06,165:INFO:New best model found at epoch 8400 with validation loss 1.595e-01. Saving...
2025-08-18 13:58:10,641:INFO:Epoch: 8450/10000 | Train Loss: 3.057e-02 | Dynamic Loss: 3.057e-02 | Regularization Loss: 0.000e+00 | Val Loss: 1.620e-01 | Time: 4.46s
2025-08-18 13:58:15,055:INFO:Epoch: 8500/10000 | Train Loss: 3.801e-02 | Dynamic Loss: 3.801e-02 | Regularization Loss: 0.000e+00 | Val Loss: 1.624e-01 | Time: 4.41s
2025-08-18 13:58:19,354:INFO:Epoch: 8550/10000 | Train Loss: 3.869e-02 | Dynamic Loss: 3.869e-02 | Regularization Loss: 0.000e+00 | Val Loss: 1.684e-01 | Time: 4.30s
2025-08-18 13:58:29,987:INFO:Epoch: 8600/10000 | Train Loss: 3.308e-02 | Dynamic Loss: 3.308e-02 | Regularization Loss: 0.000e+00 | Val Loss: 1.610e-01 | Time: 10.63s
2025-08-18 13:58:34,359:INFO:Epoch: 8650/10000 | Train Loss: 3.679e-02 | Dynamic Loss: 3.679e-02 | Regularization Loss: 0.000e+00 | Val Loss: 1.604e-01 | Time: 4.37s
2025-08-18 13:58:38,693:INFO:Epoch: 8700/10000 | Train Loss: 3.492e-02 | Dynamic Loss: 3.492e-02 | Regularization Loss: 0.000e+00 | Val Loss: 1.656e-01 | Time: 4.33s
2025-08-18 13:58:49,281:INFO:Epoch: 8750/10000 | Train Loss: 2.953e-02 | Dynamic Loss: 2.953e-02 | Regularization Loss: 0.000e+00 | Val Loss: 1.587e-01 | Time: 10.59s
2025-08-18 13:58:49,281:INFO:New best model found at epoch 8750 with validation loss 1.587e-01. Saving...
2025-08-18 13:58:53,735:INFO:Epoch: 8800/10000 | Train Loss: 2.988e-02 | Dynamic Loss: 2.988e-02 | Regularization Loss: 0.000e+00 | Val Loss: 1.593e-01 | Time: 4.44s
2025-08-18 13:58:58,137:INFO:Epoch: 8850/10000 | Train Loss: 3.465e-02 | Dynamic Loss: 3.465e-02 | Regularization Loss: 0.000e+00 | Val Loss: 1.635e-01 | Time: 4.40s
2025-08-18 13:59:02,619:INFO:Epoch: 8900/10000 | Train Loss: 3.747e-02 | Dynamic Loss: 3.747e-02 | Regularization Loss: 0.000e+00 | Val Loss: 1.653e-01 | Time: 4.48s
2025-08-18 13:59:07,031:INFO:Epoch: 8950/10000 | Train Loss: 3.350e-02 | Dynamic Loss: 3.350e-02 | Regularization Loss: 0.000e+00 | Val Loss: 1.625e-01 | Time: 4.41s
2025-08-18 13:59:11,451:INFO:Epoch: 9000/10000 | Train Loss: 3.621e-02 | Dynamic Loss: 3.621e-02 | Regularization Loss: 0.000e+00 | Val Loss: 1.642e-01 | Time: 4.42s
2025-08-18 13:59:15,785:INFO:Epoch: 9050/10000 | Train Loss: 3.049e-02 | Dynamic Loss: 3.049e-02 | Regularization Loss: 0.000e+00 | Val Loss: 1.589e-01 | Time: 4.33s
2025-08-18 13:59:24,925:INFO:Epoch: 9100/10000 | Train Loss: 3.272e-02 | Dynamic Loss: 3.272e-02 | Regularization Loss: 0.000e+00 | Val Loss: 1.622e-01 | Time: 9.14s
2025-08-18 13:59:29,325:INFO:Epoch: 9150/10000 | Train Loss: 2.986e-02 | Dynamic Loss: 2.986e-02 | Regularization Loss: 0.000e+00 | Val Loss: 1.623e-01 | Time: 4.40s
2025-08-18 13:59:33,695:INFO:Epoch: 9200/10000 | Train Loss: 3.089e-02 | Dynamic Loss: 3.089e-02 | Regularization Loss: 0.000e+00 | Val Loss: 1.620e-01 | Time: 4.37s
2025-08-18 13:59:38,124:INFO:Epoch: 9250/10000 | Train Loss: 3.001e-02 | Dynamic Loss: 3.001e-02 | Regularization Loss: 0.000e+00 | Val Loss: 1.623e-01 | Time: 4.43s
2025-08-18 13:59:42,563:INFO:Epoch: 9300/10000 | Train Loss: 3.165e-02 | Dynamic Loss: 3.165e-02 | Regularization Loss: 0.000e+00 | Val Loss: 1.702e-01 | Time: 4.44s
2025-08-18 13:59:46,897:INFO:Epoch: 9350/10000 | Train Loss: 3.510e-02 | Dynamic Loss: 3.510e-02 | Regularization Loss: 0.000e+00 | Val Loss: 1.615e-01 | Time: 4.33s
2025-08-18 13:59:51,362:INFO:Epoch: 9400/10000 | Train Loss: 2.928e-02 | Dynamic Loss: 2.928e-02 | Regularization Loss: 0.000e+00 | Val Loss: 1.570e-01 | Time: 4.47s
2025-08-18 13:59:51,364:INFO:New best model found at epoch 9400 with validation loss 1.570e-01. Saving...
2025-08-18 13:59:55,803:INFO:Epoch: 9450/10000 | Train Loss: 3.901e-02 | Dynamic Loss: 3.901e-02 | Regularization Loss: 0.000e+00 | Val Loss: 1.695e-01 | Time: 4.43s
2025-08-18 14:00:00,198:INFO:Epoch: 9500/10000 | Train Loss: 2.583e-02 | Dynamic Loss: 2.583e-02 | Regularization Loss: 0.000e+00 | Val Loss: 1.581e-01 | Time: 4.40s
2025-08-18 14:00:04,632:INFO:Epoch: 9550/10000 | Train Loss: 2.523e-02 | Dynamic Loss: 2.523e-02 | Regularization Loss: 0.000e+00 | Val Loss: 1.570e-01 | Time: 4.43s
2025-08-18 14:00:09,109:INFO:Epoch: 9600/10000 | Train Loss: 3.844e-02 | Dynamic Loss: 3.844e-02 | Regularization Loss: 0.000e+00 | Val Loss: 1.712e-01 | Time: 4.48s
2025-08-18 14:00:13,520:INFO:Epoch: 9650/10000 | Train Loss: 2.946e-02 | Dynamic Loss: 2.946e-02 | Regularization Loss: 0.000e+00 | Val Loss: 1.605e-01 | Time: 4.41s
2025-08-18 14:00:17,879:INFO:Epoch: 9700/10000 | Train Loss: 2.999e-02 | Dynamic Loss: 2.999e-02 | Regularization Loss: 0.000e+00 | Val Loss: 1.580e-01 | Time: 4.36s
2025-08-18 14:00:28,771:INFO:Epoch: 9750/10000 | Train Loss: 2.850e-02 | Dynamic Loss: 2.850e-02 | Regularization Loss: 0.000e+00 | Val Loss: 1.603e-01 | Time: 10.89s
2025-08-18 14:00:33,146:INFO:Epoch: 9800/10000 | Train Loss: 3.447e-02 | Dynamic Loss: 3.447e-02 | Regularization Loss: 0.000e+00 | Val Loss: 1.641e-01 | Time: 4.37s
2025-08-18 14:00:37,571:INFO:Epoch: 9850/10000 | Train Loss: 4.496e-02 | Dynamic Loss: 4.496e-02 | Regularization Loss: 0.000e+00 | Val Loss: 1.798e-01 | Time: 4.42s
2025-08-18 14:00:42,010:INFO:Epoch: 9900/10000 | Train Loss: 3.152e-02 | Dynamic Loss: 3.152e-02 | Regularization Loss: 0.000e+00 | Val Loss: 1.646e-01 | Time: 4.44s
2025-08-18 14:00:46,466:INFO:Epoch: 9950/10000 | Train Loss: 2.504e-02 | Dynamic Loss: 2.504e-02 | Regularization Loss: 0.000e+00 | Val Loss: 1.573e-01 | Time: 4.46s
2025-08-18 14:00:50,864:INFO:Epoch: 10000/10000 | Train Loss: 2.654e-02 | Dynamic Loss: 2.654e-02 | Regularization Loss: 0.000e+00 | Val Loss: 1.575e-01 | Time: 4.40s
