2025-08-19 19:40:02,513:INFO:Created DataLoaders with 5994 training samples and 1998 validation samples.
2025-08-19 19:40:03,984:INFO:model params: 395009
2025-08-19 19:40:05,095:INFO:Epoch: 0/10000 | Train Loss: 8.307e+01 | Dynamic Loss: 8.307e+01 | Regularization Loss: 0.000e+00 | Val Loss: 3.862e+01 | Time: 1.11s
2025-08-19 19:40:05,096:INFO:New best model found at epoch 0 with validation loss 3.862e+01. Saving...
2025-08-19 19:40:09,906:INFO:Epoch: 50/10000 | Train Loss: 2.034e+00 | Dynamic Loss: 2.034e+00 | Regularization Loss: 0.000e+00 | Val Loss: 2.401e+00 | Time: 4.80s
2025-08-19 19:40:09,906:INFO:New best model found at epoch 50 with validation loss 2.401e+00. Saving...
2025-08-19 19:40:14,680:INFO:Epoch: 100/10000 | Train Loss: 1.848e+00 | Dynamic Loss: 1.848e+00 | Regularization Loss: 0.000e+00 | Val Loss: 1.944e+00 | Time: 4.77s
2025-08-19 19:40:14,680:INFO:New best model found at epoch 100 with validation loss 1.944e+00. Saving...
2025-08-19 19:40:19,469:INFO:Epoch: 150/10000 | Train Loss: 1.776e+00 | Dynamic Loss: 1.776e+00 | Regularization Loss: 0.000e+00 | Val Loss: 1.796e+00 | Time: 4.78s
2025-08-19 19:40:19,469:INFO:New best model found at epoch 150 with validation loss 1.796e+00. Saving...
2025-08-19 19:40:24,439:INFO:Epoch: 200/10000 | Train Loss: 1.726e+00 | Dynamic Loss: 1.726e+00 | Regularization Loss: 0.000e+00 | Val Loss: 1.709e+00 | Time: 4.96s
2025-08-19 19:40:24,439:INFO:New best model found at epoch 200 with validation loss 1.709e+00. Saving...
2025-08-19 19:40:29,352:INFO:Epoch: 250/10000 | Train Loss: 1.706e+00 | Dynamic Loss: 1.706e+00 | Regularization Loss: 0.000e+00 | Val Loss: 1.690e+00 | Time: 4.91s
2025-08-19 19:40:29,352:INFO:New best model found at epoch 250 with validation loss 1.690e+00. Saving...
2025-08-19 19:40:34,162:INFO:Epoch: 300/10000 | Train Loss: 1.671e+00 | Dynamic Loss: 1.671e+00 | Regularization Loss: 0.000e+00 | Val Loss: 1.641e+00 | Time: 4.80s
2025-08-19 19:40:34,162:INFO:New best model found at epoch 300 with validation loss 1.641e+00. Saving...
2025-08-19 19:40:45,219:INFO:Epoch: 350/10000 | Train Loss: 1.651e+00 | Dynamic Loss: 1.651e+00 | Regularization Loss: 0.000e+00 | Val Loss: 1.622e+00 | Time: 11.05s
2025-08-19 19:40:45,220:INFO:New best model found at epoch 350 with validation loss 1.622e+00. Saving...
2025-08-19 19:40:50,154:INFO:Epoch: 400/10000 | Train Loss: 1.626e+00 | Dynamic Loss: 1.626e+00 | Regularization Loss: 0.000e+00 | Val Loss: 1.602e+00 | Time: 4.93s
2025-08-19 19:40:50,154:INFO:New best model found at epoch 400 with validation loss 1.602e+00. Saving...
2025-08-19 19:40:55,246:INFO:Epoch: 450/10000 | Train Loss: 1.605e+00 | Dynamic Loss: 1.605e+00 | Regularization Loss: 0.000e+00 | Val Loss: 1.589e+00 | Time: 5.09s
2025-08-19 19:40:55,246:INFO:New best model found at epoch 450 with validation loss 1.589e+00. Saving...
2025-08-19 19:41:00,175:INFO:Epoch: 500/10000 | Train Loss: 1.588e+00 | Dynamic Loss: 1.588e+00 | Regularization Loss: 0.000e+00 | Val Loss: 1.583e+00 | Time: 4.92s
2025-08-19 19:41:00,175:INFO:New best model found at epoch 500 with validation loss 1.583e+00. Saving...
2025-08-19 19:41:05,136:INFO:Epoch: 550/10000 | Train Loss: 1.576e+00 | Dynamic Loss: 1.576e+00 | Regularization Loss: 0.000e+00 | Val Loss: 1.564e+00 | Time: 4.96s
2025-08-19 19:41:05,136:INFO:New best model found at epoch 550 with validation loss 1.564e+00. Saving...
2025-08-19 19:41:10,722:INFO:Epoch: 600/10000 | Train Loss: 1.551e+00 | Dynamic Loss: 1.551e+00 | Regularization Loss: 0.000e+00 | Val Loss: 1.554e+00 | Time: 5.58s
2025-08-19 19:41:10,722:INFO:New best model found at epoch 600 with validation loss 1.554e+00. Saving...
2025-08-19 19:41:16,386:INFO:Epoch: 650/10000 | Train Loss: 1.537e+00 | Dynamic Loss: 1.537e+00 | Regularization Loss: 0.000e+00 | Val Loss: 1.543e+00 | Time: 5.66s
2025-08-19 19:41:16,386:INFO:New best model found at epoch 650 with validation loss 1.543e+00. Saving...
2025-08-19 19:41:22,079:INFO:Epoch: 700/10000 | Train Loss: 1.527e+00 | Dynamic Loss: 1.527e+00 | Regularization Loss: 0.000e+00 | Val Loss: 1.538e+00 | Time: 5.69s
2025-08-19 19:41:22,079:INFO:New best model found at epoch 700 with validation loss 1.538e+00. Saving...
2025-08-19 19:41:33,343:INFO:Epoch: 750/10000 | Train Loss: 1.529e+00 | Dynamic Loss: 1.529e+00 | Regularization Loss: 0.000e+00 | Val Loss: 1.533e+00 | Time: 11.26s
2025-08-19 19:41:33,343:INFO:New best model found at epoch 750 with validation loss 1.533e+00. Saving...
2025-08-19 19:41:38,290:INFO:Epoch: 800/10000 | Train Loss: 1.516e+00 | Dynamic Loss: 1.516e+00 | Regularization Loss: 0.000e+00 | Val Loss: 1.524e+00 | Time: 4.94s
2025-08-19 19:41:38,290:INFO:New best model found at epoch 800 with validation loss 1.524e+00. Saving...
2025-08-19 19:41:43,231:INFO:Epoch: 850/10000 | Train Loss: 1.506e+00 | Dynamic Loss: 1.506e+00 | Regularization Loss: 0.000e+00 | Val Loss: 1.515e+00 | Time: 4.94s
2025-08-19 19:41:43,232:INFO:New best model found at epoch 850 with validation loss 1.515e+00. Saving...
2025-08-19 19:41:54,874:INFO:Epoch: 900/10000 | Train Loss: 1.497e+00 | Dynamic Loss: 1.497e+00 | Regularization Loss: 0.000e+00 | Val Loss: 1.509e+00 | Time: 11.64s
2025-08-19 19:41:54,874:INFO:New best model found at epoch 900 with validation loss 1.509e+00. Saving...
2025-08-19 19:41:59,821:INFO:Epoch: 950/10000 | Train Loss: 1.547e+00 | Dynamic Loss: 1.547e+00 | Regularization Loss: 0.000e+00 | Val Loss: 1.519e+00 | Time: 4.94s
2025-08-19 19:42:05,307:INFO:Epoch: 1000/10000 | Train Loss: 1.482e+00 | Dynamic Loss: 1.482e+00 | Regularization Loss: 0.000e+00 | Val Loss: 1.495e+00 | Time: 5.49s
2025-08-19 19:42:05,307:INFO:New best model found at epoch 1000 with validation loss 1.495e+00. Saving...
2025-08-19 19:42:16,892:INFO:Epoch: 1050/10000 | Train Loss: 1.498e+00 | Dynamic Loss: 1.498e+00 | Regularization Loss: 0.000e+00 | Val Loss: 1.493e+00 | Time: 11.58s
2025-08-19 19:42:16,892:INFO:New best model found at epoch 1050 with validation loss 1.493e+00. Saving...
2025-08-19 19:42:21,899:INFO:Epoch: 1100/10000 | Train Loss: 1.481e+00 | Dynamic Loss: 1.481e+00 | Regularization Loss: 0.000e+00 | Val Loss: 1.499e+00 | Time: 5.00s
2025-08-19 19:42:26,896:INFO:Epoch: 1150/10000 | Train Loss: 1.528e+00 | Dynamic Loss: 1.528e+00 | Regularization Loss: 0.000e+00 | Val Loss: 1.510e+00 | Time: 5.00s
2025-08-19 19:42:38,625:INFO:Epoch: 1200/10000 | Train Loss: 1.490e+00 | Dynamic Loss: 1.490e+00 | Regularization Loss: 0.000e+00 | Val Loss: 1.484e+00 | Time: 11.73s
2025-08-19 19:42:38,625:INFO:New best model found at epoch 1200 with validation loss 1.484e+00. Saving...
2025-08-19 19:42:44,298:INFO:Epoch: 1250/10000 | Train Loss: 1.540e+00 | Dynamic Loss: 1.540e+00 | Regularization Loss: 0.000e+00 | Val Loss: 1.506e+00 | Time: 5.67s
2025-08-19 19:42:49,869:INFO:Epoch: 1300/10000 | Train Loss: 1.549e+00 | Dynamic Loss: 1.549e+00 | Regularization Loss: 0.000e+00 | Val Loss: 1.512e+00 | Time: 5.57s
2025-08-19 19:42:55,486:INFO:Epoch: 1350/10000 | Train Loss: 1.454e+00 | Dynamic Loss: 1.454e+00 | Regularization Loss: 0.000e+00 | Val Loss: 1.462e+00 | Time: 5.62s
2025-08-19 19:42:55,486:INFO:New best model found at epoch 1350 with validation loss 1.462e+00. Saving...
2025-08-19 19:43:01,051:INFO:Epoch: 1400/10000 | Train Loss: 1.519e+00 | Dynamic Loss: 1.519e+00 | Regularization Loss: 0.000e+00 | Val Loss: 1.479e+00 | Time: 5.56s
2025-08-19 19:43:06,619:INFO:Epoch: 1450/10000 | Train Loss: 1.492e+00 | Dynamic Loss: 1.492e+00 | Regularization Loss: 0.000e+00 | Val Loss: 1.462e+00 | Time: 5.57s
2025-08-19 19:43:06,619:INFO:New best model found at epoch 1450 with validation loss 1.462e+00. Saving...
2025-08-19 19:43:17,949:INFO:Epoch: 1500/10000 | Train Loss: 1.516e+00 | Dynamic Loss: 1.516e+00 | Regularization Loss: 0.000e+00 | Val Loss: 1.455e+00 | Time: 11.32s
2025-08-19 19:43:17,949:INFO:New best model found at epoch 1500 with validation loss 1.455e+00. Saving...
2025-08-19 19:43:23,246:INFO:Epoch: 1550/10000 | Train Loss: 1.612e+00 | Dynamic Loss: 1.612e+00 | Regularization Loss: 0.000e+00 | Val Loss: 1.601e+00 | Time: 5.29s
2025-08-19 19:43:28,844:INFO:Epoch: 1600/10000 | Train Loss: 1.452e+00 | Dynamic Loss: 1.452e+00 | Regularization Loss: 0.000e+00 | Val Loss: 1.434e+00 | Time: 5.60s
2025-08-19 19:43:28,844:INFO:New best model found at epoch 1600 with validation loss 1.434e+00. Saving...
2025-08-19 19:43:33,793:INFO:Epoch: 1650/10000 | Train Loss: 1.438e+00 | Dynamic Loss: 1.438e+00 | Regularization Loss: 0.000e+00 | Val Loss: 1.427e+00 | Time: 4.94s
2025-08-19 19:43:33,793:INFO:New best model found at epoch 1650 with validation loss 1.427e+00. Saving...
2025-08-19 19:43:38,779:INFO:Epoch: 1700/10000 | Train Loss: 1.428e+00 | Dynamic Loss: 1.428e+00 | Regularization Loss: 0.000e+00 | Val Loss: 1.420e+00 | Time: 4.98s
2025-08-19 19:43:38,779:INFO:New best model found at epoch 1700 with validation loss 1.420e+00. Saving...
2025-08-19 19:43:43,777:INFO:Epoch: 1750/10000 | Train Loss: 2.238e+00 | Dynamic Loss: 2.238e+00 | Regularization Loss: 0.000e+00 | Val Loss: 1.993e+00 | Time: 4.99s
2025-08-19 19:43:48,717:INFO:Epoch: 1800/10000 | Train Loss: 1.460e+00 | Dynamic Loss: 1.460e+00 | Regularization Loss: 0.000e+00 | Val Loss: 1.426e+00 | Time: 4.94s
2025-08-19 19:43:53,676:INFO:Epoch: 1850/10000 | Train Loss: 1.440e+00 | Dynamic Loss: 1.440e+00 | Regularization Loss: 0.000e+00 | Val Loss: 1.413e+00 | Time: 4.96s
2025-08-19 19:43:53,676:INFO:New best model found at epoch 1850 with validation loss 1.413e+00. Saving...
2025-08-19 19:44:05,146:INFO:Epoch: 1900/10000 | Train Loss: 1.478e+00 | Dynamic Loss: 1.478e+00 | Regularization Loss: 0.000e+00 | Val Loss: 1.433e+00 | Time: 11.47s
2025-08-19 19:44:10,126:INFO:Epoch: 1950/10000 | Train Loss: 1.438e+00 | Dynamic Loss: 1.438e+00 | Regularization Loss: 0.000e+00 | Val Loss: 1.413e+00 | Time: 4.98s
2025-08-19 19:44:10,127:INFO:New best model found at epoch 1950 with validation loss 1.413e+00. Saving...
2025-08-19 19:44:15,090:INFO:Epoch: 2000/10000 | Train Loss: 1.434e+00 | Dynamic Loss: 1.434e+00 | Regularization Loss: 0.000e+00 | Val Loss: 1.416e+00 | Time: 4.96s
2025-08-19 19:44:26,622:INFO:Epoch: 2050/10000 | Train Loss: 1.442e+00 | Dynamic Loss: 1.442e+00 | Regularization Loss: 0.000e+00 | Val Loss: 1.417e+00 | Time: 11.53s
2025-08-19 19:44:31,671:INFO:Epoch: 2100/10000 | Train Loss: 1.401e+00 | Dynamic Loss: 1.401e+00 | Regularization Loss: 0.000e+00 | Val Loss: 1.392e+00 | Time: 5.05s
2025-08-19 19:44:31,671:INFO:New best model found at epoch 2100 with validation loss 1.392e+00. Saving...
2025-08-19 19:44:37,274:INFO:Epoch: 2150/10000 | Train Loss: 1.382e+00 | Dynamic Loss: 1.382e+00 | Regularization Loss: 0.000e+00 | Val Loss: 1.381e+00 | Time: 5.60s
2025-08-19 19:44:37,274:INFO:New best model found at epoch 2150 with validation loss 1.381e+00. Saving...
2025-08-19 19:44:49,123:INFO:Epoch: 2200/10000 | Train Loss: 1.393e+00 | Dynamic Loss: 1.393e+00 | Regularization Loss: 0.000e+00 | Val Loss: 1.378e+00 | Time: 11.84s
2025-08-19 19:44:49,123:INFO:New best model found at epoch 2200 with validation loss 1.378e+00. Saving...
2025-08-19 19:44:54,369:INFO:Epoch: 2250/10000 | Train Loss: 1.371e+00 | Dynamic Loss: 1.371e+00 | Regularization Loss: 0.000e+00 | Val Loss: 1.366e+00 | Time: 5.24s
2025-08-19 19:44:54,370:INFO:New best model found at epoch 2250 with validation loss 1.366e+00. Saving...
2025-08-19 19:44:59,381:INFO:Epoch: 2300/10000 | Train Loss: 1.377e+00 | Dynamic Loss: 1.377e+00 | Regularization Loss: 0.000e+00 | Val Loss: 1.368e+00 | Time: 5.01s
2025-08-19 19:45:11,086:INFO:Epoch: 2350/10000 | Train Loss: 1.998e+00 | Dynamic Loss: 1.998e+00 | Regularization Loss: 0.000e+00 | Val Loss: 1.714e+00 | Time: 11.70s
2025-08-19 19:45:16,605:INFO:Epoch: 2400/10000 | Train Loss: 1.460e+00 | Dynamic Loss: 1.460e+00 | Regularization Loss: 0.000e+00 | Val Loss: 1.434e+00 | Time: 5.52s
2025-08-19 19:45:22,099:INFO:Epoch: 2450/10000 | Train Loss: 1.446e+00 | Dynamic Loss: 1.446e+00 | Regularization Loss: 0.000e+00 | Val Loss: 1.396e+00 | Time: 5.49s
2025-08-19 19:45:33,873:INFO:Epoch: 2500/10000 | Train Loss: 1.386e+00 | Dynamic Loss: 1.386e+00 | Regularization Loss: 0.000e+00 | Val Loss: 1.350e+00 | Time: 11.77s
2025-08-19 19:45:33,874:INFO:New best model found at epoch 2500 with validation loss 1.350e+00. Saving...
2025-08-19 19:45:38,976:INFO:Epoch: 2550/10000 | Train Loss: 1.375e+00 | Dynamic Loss: 1.375e+00 | Regularization Loss: 0.000e+00 | Val Loss: 1.342e+00 | Time: 5.10s
2025-08-19 19:45:38,976:INFO:New best model found at epoch 2550 with validation loss 1.342e+00. Saving...
2025-08-19 19:45:44,094:INFO:Epoch: 2600/10000 | Train Loss: 1.563e+00 | Dynamic Loss: 1.563e+00 | Regularization Loss: 0.000e+00 | Val Loss: 1.536e+00 | Time: 5.11s
2025-08-19 19:45:49,151:INFO:Epoch: 2650/10000 | Train Loss: 1.348e+00 | Dynamic Loss: 1.348e+00 | Regularization Loss: 0.000e+00 | Val Loss: 1.324e+00 | Time: 5.06s
2025-08-19 19:45:49,151:INFO:New best model found at epoch 2650 with validation loss 1.324e+00. Saving...
2025-08-19 19:45:54,412:INFO:Epoch: 2700/10000 | Train Loss: 1.461e+00 | Dynamic Loss: 1.461e+00 | Regularization Loss: 0.000e+00 | Val Loss: 1.368e+00 | Time: 5.26s
2025-08-19 19:45:59,867:INFO:Epoch: 2750/10000 | Train Loss: 1.338e+00 | Dynamic Loss: 1.338e+00 | Regularization Loss: 0.000e+00 | Val Loss: 1.314e+00 | Time: 5.45s
2025-08-19 19:45:59,867:INFO:New best model found at epoch 2750 with validation loss 1.314e+00. Saving...
2025-08-19 19:46:11,300:INFO:Epoch: 2800/10000 | Train Loss: 1.317e+00 | Dynamic Loss: 1.317e+00 | Regularization Loss: 0.000e+00 | Val Loss: 1.305e+00 | Time: 11.43s
2025-08-19 19:46:11,301:INFO:New best model found at epoch 2800 with validation loss 1.305e+00. Saving...
2025-08-19 19:46:16,322:INFO:Epoch: 2850/10000 | Train Loss: 1.312e+00 | Dynamic Loss: 1.312e+00 | Regularization Loss: 0.000e+00 | Val Loss: 1.299e+00 | Time: 5.02s
2025-08-19 19:46:16,322:INFO:New best model found at epoch 2850 with validation loss 1.299e+00. Saving...
2025-08-19 19:46:22,014:INFO:Epoch: 2900/10000 | Train Loss: 1.350e+00 | Dynamic Loss: 1.350e+00 | Regularization Loss: 0.000e+00 | Val Loss: 1.324e+00 | Time: 5.69s
2025-08-19 19:46:26,975:INFO:Epoch: 2950/10000 | Train Loss: 1.296e+00 | Dynamic Loss: 1.296e+00 | Regularization Loss: 0.000e+00 | Val Loss: 1.288e+00 | Time: 4.96s
2025-08-19 19:46:26,976:INFO:New best model found at epoch 2950 with validation loss 1.288e+00. Saving...
2025-08-19 19:46:32,630:INFO:Epoch: 3000/10000 | Train Loss: 1.294e+00 | Dynamic Loss: 1.294e+00 | Regularization Loss: 0.000e+00 | Val Loss: 1.285e+00 | Time: 5.65s
2025-08-19 19:46:32,631:INFO:New best model found at epoch 3000 with validation loss 1.285e+00. Saving...
2025-08-19 19:46:38,266:INFO:Epoch: 3050/10000 | Train Loss: 1.389e+00 | Dynamic Loss: 1.389e+00 | Regularization Loss: 0.000e+00 | Val Loss: 1.308e+00 | Time: 5.63s
2025-08-19 19:46:43,292:INFO:Epoch: 3100/10000 | Train Loss: 1.276e+00 | Dynamic Loss: 1.276e+00 | Regularization Loss: 0.000e+00 | Val Loss: 1.270e+00 | Time: 5.03s
2025-08-19 19:46:43,292:INFO:New best model found at epoch 3100 with validation loss 1.270e+00. Saving...
2025-08-19 19:46:48,285:INFO:Epoch: 3150/10000 | Train Loss: 1.268e+00 | Dynamic Loss: 1.268e+00 | Regularization Loss: 0.000e+00 | Val Loss: 1.263e+00 | Time: 4.99s
2025-08-19 19:46:48,285:INFO:New best model found at epoch 3150 with validation loss 1.263e+00. Saving...
2025-08-19 19:46:59,420:INFO:Epoch: 3200/10000 | Train Loss: 1.268e+00 | Dynamic Loss: 1.268e+00 | Regularization Loss: 0.000e+00 | Val Loss: 1.260e+00 | Time: 11.13s
2025-08-19 19:46:59,420:INFO:New best model found at epoch 3200 with validation loss 1.260e+00. Saving...
2025-08-19 19:47:04,376:INFO:Epoch: 3250/10000 | Train Loss: 1.261e+00 | Dynamic Loss: 1.261e+00 | Regularization Loss: 0.000e+00 | Val Loss: 1.258e+00 | Time: 4.95s
2025-08-19 19:47:04,376:INFO:New best model found at epoch 3250 with validation loss 1.258e+00. Saving...
2025-08-19 19:47:09,272:INFO:Epoch: 3300/10000 | Train Loss: 1.244e+00 | Dynamic Loss: 1.244e+00 | Regularization Loss: 0.000e+00 | Val Loss: 1.245e+00 | Time: 4.89s
2025-08-19 19:47:09,272:INFO:New best model found at epoch 3300 with validation loss 1.245e+00. Saving...
2025-08-19 19:47:14,458:INFO:Epoch: 3350/10000 | Train Loss: 1.236e+00 | Dynamic Loss: 1.236e+00 | Regularization Loss: 0.000e+00 | Val Loss: 1.239e+00 | Time: 5.18s
2025-08-19 19:47:14,458:INFO:New best model found at epoch 3350 with validation loss 1.239e+00. Saving...
2025-08-19 19:47:19,821:INFO:Epoch: 3400/10000 | Train Loss: 1.247e+00 | Dynamic Loss: 1.247e+00 | Regularization Loss: 0.000e+00 | Val Loss: 1.241e+00 | Time: 5.36s
2025-08-19 19:47:25,283:INFO:Epoch: 3450/10000 | Train Loss: 1.237e+00 | Dynamic Loss: 1.237e+00 | Regularization Loss: 0.000e+00 | Val Loss: 1.235e+00 | Time: 5.46s
2025-08-19 19:47:25,283:INFO:New best model found at epoch 3450 with validation loss 1.235e+00. Saving...
2025-08-19 19:47:30,275:INFO:Epoch: 3500/10000 | Train Loss: 1.217e+00 | Dynamic Loss: 1.217e+00 | Regularization Loss: 0.000e+00 | Val Loss: 1.223e+00 | Time: 4.99s
2025-08-19 19:47:30,276:INFO:New best model found at epoch 3500 with validation loss 1.223e+00. Saving...
2025-08-19 19:47:35,674:INFO:Epoch: 3550/10000 | Train Loss: 1.249e+00 | Dynamic Loss: 1.249e+00 | Regularization Loss: 0.000e+00 | Val Loss: 1.233e+00 | Time: 5.39s
2025-08-19 19:47:47,361:INFO:Epoch: 3600/10000 | Train Loss: 1.201e+00 | Dynamic Loss: 1.201e+00 | Regularization Loss: 0.000e+00 | Val Loss: 1.212e+00 | Time: 11.69s
2025-08-19 19:47:47,362:INFO:New best model found at epoch 3600 with validation loss 1.212e+00. Saving...
2025-08-19 19:47:53,019:INFO:Epoch: 3650/10000 | Train Loss: 1.198e+00 | Dynamic Loss: 1.198e+00 | Regularization Loss: 0.000e+00 | Val Loss: 1.215e+00 | Time: 5.65s
2025-08-19 19:47:58,545:INFO:Epoch: 3700/10000 | Train Loss: 1.192e+00 | Dynamic Loss: 1.192e+00 | Regularization Loss: 0.000e+00 | Val Loss: 1.202e+00 | Time: 5.53s
2025-08-19 19:47:58,545:INFO:New best model found at epoch 3700 with validation loss 1.202e+00. Saving...
2025-08-19 19:48:10,137:INFO:Epoch: 3750/10000 | Train Loss: 1.184e+00 | Dynamic Loss: 1.184e+00 | Regularization Loss: 0.000e+00 | Val Loss: 1.195e+00 | Time: 11.59s
2025-08-19 19:48:10,137:INFO:New best model found at epoch 3750 with validation loss 1.195e+00. Saving...
2025-08-19 19:48:15,174:INFO:Epoch: 3800/10000 | Train Loss: 1.227e+00 | Dynamic Loss: 1.227e+00 | Regularization Loss: 0.000e+00 | Val Loss: 1.215e+00 | Time: 5.03s
2025-08-19 19:48:20,162:INFO:Epoch: 3850/10000 | Train Loss: 1.175e+00 | Dynamic Loss: 1.175e+00 | Regularization Loss: 0.000e+00 | Val Loss: 1.185e+00 | Time: 4.99s
2025-08-19 19:48:20,162:INFO:New best model found at epoch 3850 with validation loss 1.185e+00. Saving...
2025-08-19 19:48:32,220:INFO:Epoch: 3900/10000 | Train Loss: 1.173e+00 | Dynamic Loss: 1.173e+00 | Regularization Loss: 0.000e+00 | Val Loss: 1.184e+00 | Time: 12.05s
2025-08-19 19:48:32,221:INFO:New best model found at epoch 3900 with validation loss 1.184e+00. Saving...
2025-08-19 19:48:37,135:INFO:Epoch: 3950/10000 | Train Loss: 1.162e+00 | Dynamic Loss: 1.162e+00 | Regularization Loss: 0.000e+00 | Val Loss: 1.175e+00 | Time: 4.91s
2025-08-19 19:48:37,135:INFO:New best model found at epoch 3950 with validation loss 1.175e+00. Saving...
2025-08-19 19:48:42,790:INFO:Epoch: 4000/10000 | Train Loss: 1.155e+00 | Dynamic Loss: 1.155e+00 | Regularization Loss: 0.000e+00 | Val Loss: 1.171e+00 | Time: 5.65s
2025-08-19 19:48:42,790:INFO:New best model found at epoch 4000 with validation loss 1.171e+00. Saving...
2025-08-19 19:48:47,780:INFO:Epoch: 4050/10000 | Train Loss: 1.178e+00 | Dynamic Loss: 1.178e+00 | Regularization Loss: 0.000e+00 | Val Loss: 1.187e+00 | Time: 4.98s
2025-08-19 19:48:52,738:INFO:Epoch: 4100/10000 | Train Loss: 1.159e+00 | Dynamic Loss: 1.159e+00 | Regularization Loss: 0.000e+00 | Val Loss: 1.175e+00 | Time: 4.96s
2025-08-19 19:49:03,814:INFO:Epoch: 4150/10000 | Train Loss: 1.146e+00 | Dynamic Loss: 1.146e+00 | Regularization Loss: 0.000e+00 | Val Loss: 1.161e+00 | Time: 11.08s
2025-08-19 19:49:03,814:INFO:New best model found at epoch 4150 with validation loss 1.161e+00. Saving...
2025-08-19 19:49:08,789:INFO:Epoch: 4200/10000 | Train Loss: 1.135e+00 | Dynamic Loss: 1.135e+00 | Regularization Loss: 0.000e+00 | Val Loss: 1.158e+00 | Time: 4.97s
2025-08-19 19:49:08,789:INFO:New best model found at epoch 4200 with validation loss 1.158e+00. Saving...
2025-08-19 19:49:13,798:INFO:Epoch: 4250/10000 | Train Loss: 1.141e+00 | Dynamic Loss: 1.141e+00 | Regularization Loss: 0.000e+00 | Val Loss: 1.154e+00 | Time: 5.00s
2025-08-19 19:49:13,798:INFO:New best model found at epoch 4250 with validation loss 1.154e+00. Saving...
2025-08-19 19:49:18,748:INFO:Epoch: 4300/10000 | Train Loss: 1.128e+00 | Dynamic Loss: 1.128e+00 | Regularization Loss: 0.000e+00 | Val Loss: 1.149e+00 | Time: 4.95s
2025-08-19 19:49:18,748:INFO:New best model found at epoch 4300 with validation loss 1.149e+00. Saving...
2025-08-19 19:49:23,727:INFO:Epoch: 4350/10000 | Train Loss: 1.134e+00 | Dynamic Loss: 1.134e+00 | Regularization Loss: 0.000e+00 | Val Loss: 1.147e+00 | Time: 4.97s
2025-08-19 19:49:23,727:INFO:New best model found at epoch 4350 with validation loss 1.147e+00. Saving...
2025-08-19 19:49:28,737:INFO:Epoch: 4400/10000 | Train Loss: 1.124e+00 | Dynamic Loss: 1.124e+00 | Regularization Loss: 0.000e+00 | Val Loss: 1.145e+00 | Time: 5.00s
2025-08-19 19:49:28,737:INFO:New best model found at epoch 4400 with validation loss 1.145e+00. Saving...
2025-08-19 19:49:33,933:INFO:Epoch: 4450/10000 | Train Loss: 1.115e+00 | Dynamic Loss: 1.115e+00 | Regularization Loss: 0.000e+00 | Val Loss: 1.153e+00 | Time: 5.19s
2025-08-19 19:49:39,004:INFO:Epoch: 4500/10000 | Train Loss: 1.122e+00 | Dynamic Loss: 1.122e+00 | Regularization Loss: 0.000e+00 | Val Loss: 1.145e+00 | Time: 5.07s
2025-08-19 19:49:50,622:INFO:Epoch: 4550/10000 | Train Loss: 1.118e+00 | Dynamic Loss: 1.118e+00 | Regularization Loss: 0.000e+00 | Val Loss: 1.130e+00 | Time: 11.62s
2025-08-19 19:49:50,622:INFO:New best model found at epoch 4550 with validation loss 1.130e+00. Saving...
2025-08-19 19:49:55,880:INFO:Epoch: 4600/10000 | Train Loss: 1.098e+00 | Dynamic Loss: 1.098e+00 | Regularization Loss: 0.000e+00 | Val Loss: 1.119e+00 | Time: 5.25s
2025-08-19 19:49:55,880:INFO:New best model found at epoch 4600 with validation loss 1.119e+00. Saving...
2025-08-19 19:50:00,899:INFO:Epoch: 4650/10000 | Train Loss: 1.104e+00 | Dynamic Loss: 1.104e+00 | Regularization Loss: 0.000e+00 | Val Loss: 1.117e+00 | Time: 5.01s
2025-08-19 19:50:00,899:INFO:New best model found at epoch 4650 with validation loss 1.117e+00. Saving...
2025-08-19 19:50:06,388:INFO:Epoch: 4700/10000 | Train Loss: 1.173e+00 | Dynamic Loss: 1.173e+00 | Regularization Loss: 0.000e+00 | Val Loss: 1.189e+00 | Time: 5.48s
2025-08-19 19:50:11,808:INFO:Epoch: 4750/10000 | Train Loss: 1.075e+00 | Dynamic Loss: 1.075e+00 | Regularization Loss: 0.000e+00 | Val Loss: 1.102e+00 | Time: 5.42s
2025-08-19 19:50:11,808:INFO:New best model found at epoch 4750 with validation loss 1.102e+00. Saving...
2025-08-19 19:50:22,977:INFO:Epoch: 4800/10000 | Train Loss: 1.084e+00 | Dynamic Loss: 1.084e+00 | Regularization Loss: 0.000e+00 | Val Loss: 1.113e+00 | Time: 11.16s
2025-08-19 19:50:28,431:INFO:Epoch: 4850/10000 | Train Loss: 1.095e+00 | Dynamic Loss: 1.095e+00 | Regularization Loss: 0.000e+00 | Val Loss: 1.120e+00 | Time: 5.45s
2025-08-19 19:50:33,970:INFO:Epoch: 4900/10000 | Train Loss: 1.073e+00 | Dynamic Loss: 1.073e+00 | Regularization Loss: 0.000e+00 | Val Loss: 1.098e+00 | Time: 5.54s
2025-08-19 19:50:33,970:INFO:New best model found at epoch 4900 with validation loss 1.098e+00. Saving...
2025-08-19 19:50:39,211:INFO:Epoch: 4950/10000 | Train Loss: 1.078e+00 | Dynamic Loss: 1.078e+00 | Regularization Loss: 0.000e+00 | Val Loss: 1.090e+00 | Time: 5.23s
2025-08-19 19:50:39,211:INFO:New best model found at epoch 4950 with validation loss 1.090e+00. Saving...
2025-08-19 19:50:44,166:INFO:Epoch: 5000/10000 | Train Loss: 1.082e+00 | Dynamic Loss: 1.082e+00 | Regularization Loss: 0.000e+00 | Val Loss: 1.100e+00 | Time: 4.95s
2025-08-19 19:50:49,193:INFO:Epoch: 5050/10000 | Train Loss: 1.072e+00 | Dynamic Loss: 1.072e+00 | Regularization Loss: 0.000e+00 | Val Loss: 1.104e+00 | Time: 5.03s
2025-08-19 19:50:54,962:INFO:Epoch: 5100/10000 | Train Loss: 1.096e+00 | Dynamic Loss: 1.096e+00 | Regularization Loss: 0.000e+00 | Val Loss: 1.111e+00 | Time: 5.77s
2025-08-19 19:51:00,699:INFO:Epoch: 5150/10000 | Train Loss: 1.052e+00 | Dynamic Loss: 1.052e+00 | Regularization Loss: 0.000e+00 | Val Loss: 1.088e+00 | Time: 5.74s
2025-08-19 19:51:00,699:INFO:New best model found at epoch 5150 with validation loss 1.088e+00. Saving...
2025-08-19 19:51:12,459:INFO:Epoch: 5200/10000 | Train Loss: 1.036e+00 | Dynamic Loss: 1.036e+00 | Regularization Loss: 0.000e+00 | Val Loss: 1.074e+00 | Time: 11.75s
2025-08-19 19:51:12,459:INFO:New best model found at epoch 5200 with validation loss 1.074e+00. Saving...
2025-08-19 19:51:17,474:INFO:Epoch: 5250/10000 | Train Loss: 1.035e+00 | Dynamic Loss: 1.035e+00 | Regularization Loss: 0.000e+00 | Val Loss: 1.071e+00 | Time: 5.01s
2025-08-19 19:51:17,474:INFO:New best model found at epoch 5250 with validation loss 1.071e+00. Saving...
2025-08-19 19:51:22,723:INFO:Epoch: 5300/10000 | Train Loss: 1.032e+00 | Dynamic Loss: 1.032e+00 | Regularization Loss: 0.000e+00 | Val Loss: 1.060e+00 | Time: 5.24s
2025-08-19 19:51:22,723:INFO:New best model found at epoch 5300 with validation loss 1.060e+00. Saving...
2025-08-19 19:51:27,800:INFO:Epoch: 5350/10000 | Train Loss: 1.013e+00 | Dynamic Loss: 1.013e+00 | Regularization Loss: 0.000e+00 | Val Loss: 1.050e+00 | Time: 5.07s
2025-08-19 19:51:27,800:INFO:New best model found at epoch 5350 with validation loss 1.050e+00. Saving...
2025-08-19 19:51:32,837:INFO:Epoch: 5400/10000 | Train Loss: 1.008e+00 | Dynamic Loss: 1.008e+00 | Regularization Loss: 0.000e+00 | Val Loss: 1.043e+00 | Time: 5.03s
2025-08-19 19:51:32,837:INFO:New best model found at epoch 5400 with validation loss 1.043e+00. Saving...
2025-08-19 19:51:44,675:INFO:Epoch: 5450/10000 | Train Loss: 1.041e+00 | Dynamic Loss: 1.041e+00 | Regularization Loss: 0.000e+00 | Val Loss: 1.067e+00 | Time: 11.83s
2025-08-19 19:51:49,663:INFO:Epoch: 5500/10000 | Train Loss: 9.976e-01 | Dynamic Loss: 9.976e-01 | Regularization Loss: 0.000e+00 | Val Loss: 1.038e+00 | Time: 4.99s
2025-08-19 19:51:49,663:INFO:New best model found at epoch 5500 with validation loss 1.038e+00. Saving...
2025-08-19 19:51:54,633:INFO:Epoch: 5550/10000 | Train Loss: 1.020e+00 | Dynamic Loss: 1.020e+00 | Regularization Loss: 0.000e+00 | Val Loss: 1.090e+00 | Time: 4.97s
2025-08-19 19:52:06,874:INFO:Epoch: 5600/10000 | Train Loss: 9.845e-01 | Dynamic Loss: 9.845e-01 | Regularization Loss: 0.000e+00 | Val Loss: 1.028e+00 | Time: 12.24s
2025-08-19 19:52:06,874:INFO:New best model found at epoch 5600 with validation loss 1.028e+00. Saving...
2025-08-19 19:52:12,500:INFO:Epoch: 5650/10000 | Train Loss: 9.825e-01 | Dynamic Loss: 9.825e-01 | Regularization Loss: 0.000e+00 | Val Loss: 1.025e+00 | Time: 5.62s
2025-08-19 19:52:12,500:INFO:New best model found at epoch 5650 with validation loss 1.025e+00. Saving...
2025-08-19 19:52:18,024:INFO:Epoch: 5700/10000 | Train Loss: 9.837e-01 | Dynamic Loss: 9.837e-01 | Regularization Loss: 0.000e+00 | Val Loss: 1.029e+00 | Time: 5.52s
2025-08-19 19:52:23,505:INFO:Epoch: 5750/10000 | Train Loss: 9.729e-01 | Dynamic Loss: 9.729e-01 | Regularization Loss: 0.000e+00 | Val Loss: 1.019e+00 | Time: 5.48s
2025-08-19 19:52:23,505:INFO:New best model found at epoch 5750 with validation loss 1.019e+00. Saving...
2025-08-19 19:52:28,982:INFO:Epoch: 5800/10000 | Train Loss: 1.013e+00 | Dynamic Loss: 1.013e+00 | Regularization Loss: 0.000e+00 | Val Loss: 1.093e+00 | Time: 5.47s
2025-08-19 19:52:36,433:INFO:Epoch: 5850/10000 | Train Loss: 9.630e-01 | Dynamic Loss: 9.630e-01 | Regularization Loss: 0.000e+00 | Val Loss: 1.010e+00 | Time: 7.45s
2025-08-19 19:52:36,433:INFO:New best model found at epoch 5850 with validation loss 1.010e+00. Saving...
2025-08-19 19:52:41,455:INFO:Epoch: 5900/10000 | Train Loss: 9.938e-01 | Dynamic Loss: 9.938e-01 | Regularization Loss: 0.000e+00 | Val Loss: 1.052e+00 | Time: 5.02s
2025-08-19 19:52:46,529:INFO:Epoch: 5950/10000 | Train Loss: 9.745e-01 | Dynamic Loss: 9.745e-01 | Regularization Loss: 0.000e+00 | Val Loss: 1.003e+00 | Time: 5.07s
2025-08-19 19:52:46,529:INFO:New best model found at epoch 5950 with validation loss 1.003e+00. Saving...
2025-08-19 19:52:58,279:INFO:Epoch: 6000/10000 | Train Loss: 9.726e-01 | Dynamic Loss: 9.726e-01 | Regularization Loss: 0.000e+00 | Val Loss: 1.024e+00 | Time: 11.74s
2025-08-19 19:53:03,406:INFO:Epoch: 6050/10000 | Train Loss: 9.433e-01 | Dynamic Loss: 9.433e-01 | Regularization Loss: 0.000e+00 | Val Loss: 9.922e-01 | Time: 5.13s
2025-08-19 19:53:03,406:INFO:New best model found at epoch 6050 with validation loss 9.922e-01. Saving...
2025-08-19 19:53:08,486:INFO:Epoch: 6100/10000 | Train Loss: 9.380e-01 | Dynamic Loss: 9.380e-01 | Regularization Loss: 0.000e+00 | Val Loss: 9.885e-01 | Time: 5.08s
2025-08-19 19:53:08,487:INFO:New best model found at epoch 6100 with validation loss 9.885e-01. Saving...
2025-08-19 19:53:13,618:INFO:Epoch: 6150/10000 | Train Loss: 9.472e-01 | Dynamic Loss: 9.472e-01 | Regularization Loss: 0.000e+00 | Val Loss: 9.980e-01 | Time: 5.13s
2025-08-19 19:53:19,290:INFO:Epoch: 6200/10000 | Train Loss: 9.756e-01 | Dynamic Loss: 9.756e-01 | Regularization Loss: 0.000e+00 | Val Loss: 9.985e-01 | Time: 5.67s
2025-08-19 19:53:31,331:INFO:Epoch: 6250/10000 | Train Loss: 9.827e-01 | Dynamic Loss: 9.827e-01 | Regularization Loss: 0.000e+00 | Val Loss: 1.036e+00 | Time: 12.04s
2025-08-19 19:53:36,486:INFO:Epoch: 6300/10000 | Train Loss: 9.621e-01 | Dynamic Loss: 9.621e-01 | Regularization Loss: 0.000e+00 | Val Loss: 1.005e+00 | Time: 5.16s
2025-08-19 19:53:41,524:INFO:Epoch: 6350/10000 | Train Loss: 9.819e-01 | Dynamic Loss: 9.819e-01 | Regularization Loss: 0.000e+00 | Val Loss: 1.042e+00 | Time: 5.04s
2025-08-19 19:53:53,511:INFO:Epoch: 6400/10000 | Train Loss: 9.389e-01 | Dynamic Loss: 9.389e-01 | Regularization Loss: 0.000e+00 | Val Loss: 9.814e-01 | Time: 11.99s
2025-08-19 19:53:53,511:INFO:New best model found at epoch 6400 with validation loss 9.814e-01. Saving...
2025-08-19 19:53:58,548:INFO:Epoch: 6450/10000 | Train Loss: 9.312e-01 | Dynamic Loss: 9.312e-01 | Regularization Loss: 0.000e+00 | Val Loss: 9.773e-01 | Time: 5.03s
2025-08-19 19:53:58,548:INFO:New best model found at epoch 6450 with validation loss 9.773e-01. Saving...
2025-08-19 19:54:03,721:INFO:Epoch: 6500/10000 | Train Loss: 9.151e-01 | Dynamic Loss: 9.151e-01 | Regularization Loss: 0.000e+00 | Val Loss: 9.799e-01 | Time: 5.17s
2025-08-19 19:54:08,735:INFO:Epoch: 6550/10000 | Train Loss: 9.077e-01 | Dynamic Loss: 9.077e-01 | Regularization Loss: 0.000e+00 | Val Loss: 9.705e-01 | Time: 5.01s
2025-08-19 19:54:08,735:INFO:New best model found at epoch 6550 with validation loss 9.705e-01. Saving...
2025-08-19 19:54:14,241:INFO:Epoch: 6600/10000 | Train Loss: 9.266e-01 | Dynamic Loss: 9.266e-01 | Regularization Loss: 0.000e+00 | Val Loss: 9.612e-01 | Time: 5.50s
2025-08-19 19:54:14,241:INFO:New best model found at epoch 6600 with validation loss 9.612e-01. Saving...
2025-08-19 19:54:25,942:INFO:Epoch: 6650/10000 | Train Loss: 9.146e-01 | Dynamic Loss: 9.146e-01 | Regularization Loss: 0.000e+00 | Val Loss: 9.591e-01 | Time: 11.70s
2025-08-19 19:54:25,942:INFO:New best model found at epoch 6650 with validation loss 9.591e-01. Saving...
2025-08-19 19:54:31,066:INFO:Epoch: 6700/10000 | Train Loss: 9.464e-01 | Dynamic Loss: 9.464e-01 | Regularization Loss: 0.000e+00 | Val Loss: 9.690e-01 | Time: 5.12s
2025-08-19 19:54:36,850:INFO:Epoch: 6750/10000 | Train Loss: 1.102e+00 | Dynamic Loss: 1.102e+00 | Regularization Loss: 0.000e+00 | Val Loss: 1.109e+00 | Time: 5.78s
2025-08-19 19:54:48,998:INFO:Epoch: 6800/10000 | Train Loss: 9.013e-01 | Dynamic Loss: 9.013e-01 | Regularization Loss: 0.000e+00 | Val Loss: 9.697e-01 | Time: 12.15s
2025-08-19 19:54:54,014:INFO:Epoch: 6850/10000 | Train Loss: 9.175e-01 | Dynamic Loss: 9.175e-01 | Regularization Loss: 0.000e+00 | Val Loss: 1.002e+00 | Time: 5.02s
2025-08-19 19:54:59,212:INFO:Epoch: 6900/10000 | Train Loss: 8.852e-01 | Dynamic Loss: 8.852e-01 | Regularization Loss: 0.000e+00 | Val Loss: 9.546e-01 | Time: 5.20s
2025-08-19 19:54:59,213:INFO:New best model found at epoch 6900 with validation loss 9.546e-01. Saving...
2025-08-19 19:55:04,287:INFO:Epoch: 6950/10000 | Train Loss: 9.255e-01 | Dynamic Loss: 9.255e-01 | Regularization Loss: 0.000e+00 | Val Loss: 9.848e-01 | Time: 5.07s
2025-08-19 19:55:09,353:INFO:Epoch: 7000/10000 | Train Loss: 9.507e-01 | Dynamic Loss: 9.507e-01 | Regularization Loss: 0.000e+00 | Val Loss: 9.679e-01 | Time: 5.07s
2025-08-19 19:55:14,462:INFO:Epoch: 7050/10000 | Train Loss: 1.045e+00 | Dynamic Loss: 1.045e+00 | Regularization Loss: 0.000e+00 | Val Loss: 9.548e-01 | Time: 5.11s
2025-08-19 19:55:19,551:INFO:Epoch: 7100/10000 | Train Loss: 9.882e-01 | Dynamic Loss: 9.882e-01 | Regularization Loss: 0.000e+00 | Val Loss: 9.580e-01 | Time: 5.09s
2025-08-19 19:55:24,991:INFO:Epoch: 7150/10000 | Train Loss: 9.148e-01 | Dynamic Loss: 9.148e-01 | Regularization Loss: 0.000e+00 | Val Loss: 9.439e-01 | Time: 5.44s
2025-08-19 19:55:24,991:INFO:New best model found at epoch 7150 with validation loss 9.439e-01. Saving...
2025-08-19 19:55:30,083:INFO:Epoch: 7200/10000 | Train Loss: 8.484e-01 | Dynamic Loss: 8.484e-01 | Regularization Loss: 0.000e+00 | Val Loss: 9.182e-01 | Time: 5.09s
2025-08-19 19:55:30,084:INFO:New best model found at epoch 7200 with validation loss 9.182e-01. Saving...
2025-08-19 19:55:35,125:INFO:Epoch: 7250/10000 | Train Loss: 8.487e-01 | Dynamic Loss: 8.487e-01 | Regularization Loss: 0.000e+00 | Val Loss: 9.159e-01 | Time: 5.04s
2025-08-19 19:55:35,125:INFO:New best model found at epoch 7250 with validation loss 9.159e-01. Saving...
2025-08-19 19:55:40,214:INFO:Epoch: 7300/10000 | Train Loss: 8.672e-01 | Dynamic Loss: 8.672e-01 | Regularization Loss: 0.000e+00 | Val Loss: 9.328e-01 | Time: 5.08s
2025-08-19 19:55:45,264:INFO:Epoch: 7350/10000 | Train Loss: 9.093e-01 | Dynamic Loss: 9.093e-01 | Regularization Loss: 0.000e+00 | Val Loss: 9.484e-01 | Time: 5.05s
2025-08-19 19:55:50,314:INFO:Epoch: 7400/10000 | Train Loss: 8.567e-01 | Dynamic Loss: 8.567e-01 | Regularization Loss: 0.000e+00 | Val Loss: 9.171e-01 | Time: 5.05s
2025-08-19 19:56:01,936:INFO:Epoch: 7450/10000 | Train Loss: 8.397e-01 | Dynamic Loss: 8.397e-01 | Regularization Loss: 0.000e+00 | Val Loss: 9.112e-01 | Time: 11.62s
2025-08-19 19:56:01,936:INFO:New best model found at epoch 7450 with validation loss 9.112e-01. Saving...
2025-08-19 19:56:07,718:INFO:Epoch: 7500/10000 | Train Loss: 8.779e-01 | Dynamic Loss: 8.779e-01 | Regularization Loss: 0.000e+00 | Val Loss: 1.026e+00 | Time: 5.78s
2025-08-19 19:56:12,832:INFO:Epoch: 7550/10000 | Train Loss: 8.565e-01 | Dynamic Loss: 8.565e-01 | Regularization Loss: 0.000e+00 | Val Loss: 9.091e-01 | Time: 5.11s
2025-08-19 19:56:12,832:INFO:New best model found at epoch 7550 with validation loss 9.091e-01. Saving...
2025-08-19 19:56:17,967:INFO:Epoch: 7600/10000 | Train Loss: 8.582e-01 | Dynamic Loss: 8.582e-01 | Regularization Loss: 0.000e+00 | Val Loss: 9.229e-01 | Time: 5.13s
2025-08-19 19:56:23,322:INFO:Epoch: 7650/10000 | Train Loss: 8.160e-01 | Dynamic Loss: 8.160e-01 | Regularization Loss: 0.000e+00 | Val Loss: 8.932e-01 | Time: 5.35s
2025-08-19 19:56:23,322:INFO:New best model found at epoch 7650 with validation loss 8.932e-01. Saving...
2025-08-19 19:56:35,211:INFO:Epoch: 7700/10000 | Train Loss: 8.227e-01 | Dynamic Loss: 8.227e-01 | Regularization Loss: 0.000e+00 | Val Loss: 8.992e-01 | Time: 11.88s
2025-08-19 19:56:40,294:INFO:Epoch: 7750/10000 | Train Loss: 9.041e-01 | Dynamic Loss: 9.041e-01 | Regularization Loss: 0.000e+00 | Val Loss: 9.281e-01 | Time: 5.08s
2025-08-19 19:56:45,287:INFO:Epoch: 7800/10000 | Train Loss: 9.131e-01 | Dynamic Loss: 9.131e-01 | Regularization Loss: 0.000e+00 | Val Loss: 9.668e-01 | Time: 4.99s
2025-08-19 19:56:57,264:INFO:Epoch: 7850/10000 | Train Loss: 8.990e-01 | Dynamic Loss: 8.990e-01 | Regularization Loss: 0.000e+00 | Val Loss: 9.563e-01 | Time: 11.98s
2025-08-19 19:57:02,355:INFO:Epoch: 7900/10000 | Train Loss: 8.001e-01 | Dynamic Loss: 8.001e-01 | Regularization Loss: 0.000e+00 | Val Loss: 8.855e-01 | Time: 5.09s
2025-08-19 19:57:02,355:INFO:New best model found at epoch 7900 with validation loss 8.855e-01. Saving...
2025-08-19 19:57:07,439:INFO:Epoch: 7950/10000 | Train Loss: 7.965e-01 | Dynamic Loss: 7.965e-01 | Regularization Loss: 0.000e+00 | Val Loss: 8.744e-01 | Time: 5.08s
2025-08-19 19:57:07,439:INFO:New best model found at epoch 7950 with validation loss 8.744e-01. Saving...
2025-08-19 19:57:20,097:INFO:Epoch: 8000/10000 | Train Loss: 7.996e-01 | Dynamic Loss: 7.996e-01 | Regularization Loss: 0.000e+00 | Val Loss: 8.728e-01 | Time: 12.65s
2025-08-19 19:57:20,098:INFO:New best model found at epoch 8000 with validation loss 8.728e-01. Saving...
2025-08-19 19:57:25,953:INFO:Epoch: 8050/10000 | Train Loss: 8.472e-01 | Dynamic Loss: 8.472e-01 | Regularization Loss: 0.000e+00 | Val Loss: 9.366e-01 | Time: 5.85s
2025-08-19 19:57:31,048:INFO:Epoch: 8100/10000 | Train Loss: 7.963e-01 | Dynamic Loss: 7.963e-01 | Regularization Loss: 0.000e+00 | Val Loss: 8.797e-01 | Time: 5.10s
2025-08-19 19:57:36,633:INFO:Epoch: 8150/10000 | Train Loss: 8.248e-01 | Dynamic Loss: 8.248e-01 | Regularization Loss: 0.000e+00 | Val Loss: 8.891e-01 | Time: 5.58s
2025-08-19 19:57:42,069:INFO:Epoch: 8200/10000 | Train Loss: 8.312e-01 | Dynamic Loss: 8.312e-01 | Regularization Loss: 0.000e+00 | Val Loss: 8.983e-01 | Time: 5.44s
2025-08-19 19:57:54,335:INFO:Epoch: 8250/10000 | Train Loss: 8.109e-01 | Dynamic Loss: 8.109e-01 | Regularization Loss: 0.000e+00 | Val Loss: 9.077e-01 | Time: 12.27s
2025-08-19 19:58:00,213:INFO:Epoch: 8300/10000 | Train Loss: 7.860e-01 | Dynamic Loss: 7.860e-01 | Regularization Loss: 0.000e+00 | Val Loss: 8.830e-01 | Time: 5.88s
2025-08-19 19:58:05,238:INFO:Epoch: 8350/10000 | Train Loss: 7.746e-01 | Dynamic Loss: 7.746e-01 | Regularization Loss: 0.000e+00 | Val Loss: 8.545e-01 | Time: 5.02s
2025-08-19 19:58:05,238:INFO:New best model found at epoch 8350 with validation loss 8.545e-01. Saving...
2025-08-19 19:58:17,707:INFO:Epoch: 8400/10000 | Train Loss: 8.210e-01 | Dynamic Loss: 8.210e-01 | Regularization Loss: 0.000e+00 | Val Loss: 9.828e-01 | Time: 12.46s
2025-08-19 19:58:22,758:INFO:Epoch: 8450/10000 | Train Loss: 7.802e-01 | Dynamic Loss: 7.802e-01 | Regularization Loss: 0.000e+00 | Val Loss: 8.747e-01 | Time: 5.05s
2025-08-19 19:58:27,884:INFO:Epoch: 8500/10000 | Train Loss: 7.886e-01 | Dynamic Loss: 7.886e-01 | Regularization Loss: 0.000e+00 | Val Loss: 8.610e-01 | Time: 5.13s
2025-08-19 19:58:32,949:INFO:Epoch: 8550/10000 | Train Loss: 8.048e-01 | Dynamic Loss: 8.048e-01 | Regularization Loss: 0.000e+00 | Val Loss: 8.731e-01 | Time: 5.06s
2025-08-19 19:58:38,467:INFO:Epoch: 8600/10000 | Train Loss: 7.760e-01 | Dynamic Loss: 7.760e-01 | Regularization Loss: 0.000e+00 | Val Loss: 8.498e-01 | Time: 5.52s
2025-08-19 19:58:38,467:INFO:New best model found at epoch 8600 with validation loss 8.498e-01. Saving...
2025-08-19 19:58:43,581:INFO:Epoch: 8650/10000 | Train Loss: 8.559e-01 | Dynamic Loss: 8.559e-01 | Regularization Loss: 0.000e+00 | Val Loss: 8.773e-01 | Time: 5.11s
2025-08-19 19:58:48,678:INFO:Epoch: 8700/10000 | Train Loss: 8.040e-01 | Dynamic Loss: 8.040e-01 | Regularization Loss: 0.000e+00 | Val Loss: 9.362e-01 | Time: 5.10s
2025-08-19 19:58:53,878:INFO:Epoch: 8750/10000 | Train Loss: 7.924e-01 | Dynamic Loss: 7.924e-01 | Regularization Loss: 0.000e+00 | Val Loss: 8.606e-01 | Time: 5.20s
2025-08-19 19:59:05,536:INFO:Epoch: 8800/10000 | Train Loss: 8.292e-01 | Dynamic Loss: 8.292e-01 | Regularization Loss: 0.000e+00 | Val Loss: 9.102e-01 | Time: 11.66s
2025-08-19 19:59:10,650:INFO:Epoch: 8850/10000 | Train Loss: 7.594e-01 | Dynamic Loss: 7.594e-01 | Regularization Loss: 0.000e+00 | Val Loss: 8.459e-01 | Time: 5.11s
2025-08-19 19:59:10,650:INFO:New best model found at epoch 8850 with validation loss 8.459e-01. Saving...
2025-08-19 19:59:15,692:INFO:Epoch: 8900/10000 | Train Loss: 7.803e-01 | Dynamic Loss: 7.803e-01 | Regularization Loss: 0.000e+00 | Val Loss: 8.408e-01 | Time: 5.04s
2025-08-19 19:59:15,692:INFO:New best model found at epoch 8900 with validation loss 8.408e-01. Saving...
2025-08-19 19:59:20,727:INFO:Epoch: 8950/10000 | Train Loss: 7.672e-01 | Dynamic Loss: 7.672e-01 | Regularization Loss: 0.000e+00 | Val Loss: 8.593e-01 | Time: 5.03s
2025-08-19 19:59:25,777:INFO:Epoch: 9000/10000 | Train Loss: 7.403e-01 | Dynamic Loss: 7.403e-01 | Regularization Loss: 0.000e+00 | Val Loss: 8.321e-01 | Time: 5.05s
2025-08-19 19:59:25,777:INFO:New best model found at epoch 9000 with validation loss 8.321e-01. Saving...
2025-08-19 19:59:31,424:INFO:Epoch: 9050/10000 | Train Loss: 7.385e-01 | Dynamic Loss: 7.385e-01 | Regularization Loss: 0.000e+00 | Val Loss: 8.203e-01 | Time: 5.64s
2025-08-19 19:59:31,424:INFO:New best model found at epoch 9050 with validation loss 8.203e-01. Saving...
2025-08-19 19:59:37,055:INFO:Epoch: 9100/10000 | Train Loss: 9.558e-01 | Dynamic Loss: 9.558e-01 | Regularization Loss: 0.000e+00 | Val Loss: 8.705e-01 | Time: 5.63s
2025-08-19 19:59:42,703:INFO:Epoch: 9150/10000 | Train Loss: 8.004e-01 | Dynamic Loss: 8.004e-01 | Regularization Loss: 0.000e+00 | Val Loss: 8.725e-01 | Time: 5.65s
2025-08-19 19:59:54,506:INFO:Epoch: 9200/10000 | Train Loss: 7.681e-01 | Dynamic Loss: 7.681e-01 | Regularization Loss: 0.000e+00 | Val Loss: 8.423e-01 | Time: 11.80s
2025-08-19 19:59:59,569:INFO:Epoch: 9250/10000 | Train Loss: 7.415e-01 | Dynamic Loss: 7.415e-01 | Regularization Loss: 0.000e+00 | Val Loss: 8.219e-01 | Time: 5.06s
2025-08-19 20:00:05,356:INFO:Epoch: 9300/10000 | Train Loss: 7.622e-01 | Dynamic Loss: 7.622e-01 | Regularization Loss: 0.000e+00 | Val Loss: 8.507e-01 | Time: 5.79s
2025-08-19 20:00:17,540:INFO:Epoch: 9350/10000 | Train Loss: 8.163e-01 | Dynamic Loss: 8.163e-01 | Regularization Loss: 0.000e+00 | Val Loss: 8.959e-01 | Time: 12.18s
2025-08-19 20:00:23,022:INFO:Epoch: 9400/10000 | Train Loss: 7.826e-01 | Dynamic Loss: 7.826e-01 | Regularization Loss: 0.000e+00 | Val Loss: 8.480e-01 | Time: 5.48s
2025-08-19 20:00:28,618:INFO:Epoch: 9450/10000 | Train Loss: 7.981e-01 | Dynamic Loss: 7.981e-01 | Regularization Loss: 0.000e+00 | Val Loss: 8.728e-01 | Time: 5.60s
2025-08-19 20:00:33,762:INFO:Epoch: 9500/10000 | Train Loss: 7.257e-01 | Dynamic Loss: 7.257e-01 | Regularization Loss: 0.000e+00 | Val Loss: 8.157e-01 | Time: 5.14s
2025-08-19 20:00:33,762:INFO:New best model found at epoch 9500 with validation loss 8.157e-01. Saving...
2025-08-19 20:00:38,886:INFO:Epoch: 9550/10000 | Train Loss: 7.433e-01 | Dynamic Loss: 7.433e-01 | Regularization Loss: 0.000e+00 | Val Loss: 8.263e-01 | Time: 5.12s
2025-08-19 20:00:50,960:INFO:Epoch: 9600/10000 | Train Loss: 7.208e-01 | Dynamic Loss: 7.208e-01 | Regularization Loss: 0.000e+00 | Val Loss: 8.077e-01 | Time: 12.07s
2025-08-19 20:00:50,960:INFO:New best model found at epoch 9600 with validation loss 8.077e-01. Saving...
2025-08-19 20:00:56,014:INFO:Epoch: 9650/10000 | Train Loss: 8.140e-01 | Dynamic Loss: 8.140e-01 | Regularization Loss: 0.000e+00 | Val Loss: 8.238e-01 | Time: 5.05s
2025-08-19 20:01:01,040:INFO:Epoch: 9700/10000 | Train Loss: 7.062e-01 | Dynamic Loss: 7.062e-01 | Regularization Loss: 0.000e+00 | Val Loss: 7.983e-01 | Time: 5.03s
2025-08-19 20:01:01,040:INFO:New best model found at epoch 9700 with validation loss 7.983e-01. Saving...
2025-08-19 20:01:13,323:INFO:Epoch: 9750/10000 | Train Loss: 7.044e-01 | Dynamic Loss: 7.044e-01 | Regularization Loss: 0.000e+00 | Val Loss: 7.994e-01 | Time: 12.28s
2025-08-19 20:01:19,147:INFO:Epoch: 9800/10000 | Train Loss: 7.463e-01 | Dynamic Loss: 7.463e-01 | Regularization Loss: 0.000e+00 | Val Loss: 8.265e-01 | Time: 5.82s
2025-08-19 20:01:24,999:INFO:Epoch: 9850/10000 | Train Loss: 7.441e-01 | Dynamic Loss: 7.441e-01 | Regularization Loss: 0.000e+00 | Val Loss: 7.887e-01 | Time: 5.85s
2025-08-19 20:01:24,999:INFO:New best model found at epoch 9850 with validation loss 7.887e-01. Saving...
2025-08-19 20:01:30,143:INFO:Epoch: 9900/10000 | Train Loss: 7.157e-01 | Dynamic Loss: 7.157e-01 | Regularization Loss: 0.000e+00 | Val Loss: 7.950e-01 | Time: 5.14s
2025-08-19 20:01:35,261:INFO:Epoch: 9950/10000 | Train Loss: 7.101e-01 | Dynamic Loss: 7.101e-01 | Regularization Loss: 0.000e+00 | Val Loss: 8.059e-01 | Time: 5.12s
2025-08-19 20:01:40,383:INFO:Epoch: 10000/10000 | Train Loss: 7.184e-01 | Dynamic Loss: 7.184e-01 | Regularization Loss: 0.000e+00 | Val Loss: 8.051e-01 | Time: 5.12s
