2025-08-18 19:01:42,725:INFO:Created DataLoaders with 5994 training samples and 1998 validation samples.
2025-08-18 19:01:43,273:INFO:model params: 526849
2025-08-18 19:01:44,055:INFO:Epoch: 0/10000 | Train Loss: 1.635e+00 | Dynamic Loss: 1.549e+00 | Regularization Loss: 8.646e-02 | Val Loss: 9.182e-01 | Time: 0.78s
2025-08-18 19:01:44,055:INFO:New best model found at epoch 0 with validation loss 9.182e-01. Saving...
2025-08-18 19:01:49,294:INFO:Epoch: 50/10000 | Train Loss: 6.875e-01 | Dynamic Loss: 6.866e-01 | Regularization Loss: 8.985e-04 | Val Loss: 6.866e-01 | Time: 5.23s
2025-08-18 19:01:49,294:INFO:New best model found at epoch 50 with validation loss 6.866e-01. Saving...
2025-08-18 19:01:54,539:INFO:Epoch: 100/10000 | Train Loss: 6.201e-01 | Dynamic Loss: 6.197e-01 | Regularization Loss: 4.008e-04 | Val Loss: 6.250e-01 | Time: 5.23s
2025-08-18 19:01:54,539:INFO:New best model found at epoch 100 with validation loss 6.250e-01. Saving...
2025-08-18 19:01:59,657:INFO:Epoch: 150/10000 | Train Loss: 5.635e-01 | Dynamic Loss: 5.633e-01 | Regularization Loss: 2.336e-04 | Val Loss: 5.685e-01 | Time: 5.11s
2025-08-18 19:01:59,657:INFO:New best model found at epoch 150 with validation loss 5.685e-01. Saving...
2025-08-18 19:02:09,345:INFO:Epoch: 200/10000 | Train Loss: 5.094e-01 | Dynamic Loss: 5.093e-01 | Regularization Loss: 1.535e-04 | Val Loss: 5.198e-01 | Time: 9.68s
2025-08-18 19:02:09,345:INFO:New best model found at epoch 200 with validation loss 5.198e-01. Saving...
2025-08-18 19:02:14,594:INFO:Epoch: 250/10000 | Train Loss: 4.668e-01 | Dynamic Loss: 4.666e-01 | Regularization Loss: 1.086e-04 | Val Loss: 4.778e-01 | Time: 5.24s
2025-08-18 19:02:14,594:INFO:New best model found at epoch 250 with validation loss 4.778e-01. Saving...
2025-08-18 19:02:19,902:INFO:Epoch: 300/10000 | Train Loss: 4.309e-01 | Dynamic Loss: 4.308e-01 | Regularization Loss: 8.103e-05 | Val Loss: 4.416e-01 | Time: 5.30s
2025-08-18 19:02:19,903:INFO:New best model found at epoch 300 with validation loss 4.416e-01. Saving...
2025-08-18 19:02:25,228:INFO:Epoch: 350/10000 | Train Loss: 3.971e-01 | Dynamic Loss: 3.970e-01 | Regularization Loss: 6.306e-05 | Val Loss: 4.112e-01 | Time: 5.32s
2025-08-18 19:02:25,229:INFO:New best model found at epoch 350 with validation loss 4.112e-01. Saving...
2025-08-18 19:02:30,622:INFO:Epoch: 400/10000 | Train Loss: 3.742e-01 | Dynamic Loss: 3.742e-01 | Regularization Loss: 5.090e-05 | Val Loss: 3.895e-01 | Time: 5.38s
2025-08-18 19:02:30,622:INFO:New best model found at epoch 400 with validation loss 3.895e-01. Saving...
2025-08-18 19:02:35,902:INFO:Epoch: 450/10000 | Train Loss: 3.519e-01 | Dynamic Loss: 3.518e-01 | Regularization Loss: 4.247e-05 | Val Loss: 3.671e-01 | Time: 5.27s
2025-08-18 19:02:35,902:INFO:New best model found at epoch 450 with validation loss 3.671e-01. Saving...
2025-08-18 19:02:41,265:INFO:Epoch: 500/10000 | Train Loss: 3.273e-01 | Dynamic Loss: 3.273e-01 | Regularization Loss: 3.653e-05 | Val Loss: 3.450e-01 | Time: 5.36s
2025-08-18 19:02:41,266:INFO:New best model found at epoch 500 with validation loss 3.450e-01. Saving...
2025-08-18 19:02:46,626:INFO:Epoch: 550/10000 | Train Loss: 3.110e-01 | Dynamic Loss: 3.110e-01 | Regularization Loss: 3.244e-05 | Val Loss: 3.278e-01 | Time: 5.35s
2025-08-18 19:02:46,626:INFO:New best model found at epoch 550 with validation loss 3.278e-01. Saving...
2025-08-18 19:02:51,863:INFO:Epoch: 600/10000 | Train Loss: 2.929e-01 | Dynamic Loss: 2.929e-01 | Regularization Loss: 2.948e-05 | Val Loss: 3.121e-01 | Time: 5.23s
2025-08-18 19:02:51,863:INFO:New best model found at epoch 600 with validation loss 3.121e-01. Saving...
2025-08-18 19:03:03,581:INFO:Epoch: 650/10000 | Train Loss: 2.781e-01 | Dynamic Loss: 2.781e-01 | Regularization Loss: 2.784e-05 | Val Loss: 2.979e-01 | Time: 11.71s
2025-08-18 19:03:03,581:INFO:New best model found at epoch 650 with validation loss 2.979e-01. Saving...
2025-08-18 19:03:08,884:INFO:Epoch: 700/10000 | Train Loss: 2.826e-01 | Dynamic Loss: 2.826e-01 | Regularization Loss: 2.723e-05 | Val Loss: 2.962e-01 | Time: 5.29s
2025-08-18 19:03:08,884:INFO:New best model found at epoch 700 with validation loss 2.962e-01. Saving...
2025-08-18 19:03:14,418:INFO:Epoch: 750/10000 | Train Loss: 2.493e-01 | Dynamic Loss: 2.493e-01 | Regularization Loss: 2.705e-05 | Val Loss: 2.693e-01 | Time: 5.53s
2025-08-18 19:03:14,418:INFO:New best model found at epoch 750 with validation loss 2.693e-01. Saving...
2025-08-18 19:03:19,780:INFO:Epoch: 800/10000 | Train Loss: 2.360e-01 | Dynamic Loss: 2.360e-01 | Regularization Loss: 2.804e-05 | Val Loss: 2.579e-01 | Time: 5.35s
2025-08-18 19:03:19,780:INFO:New best model found at epoch 800 with validation loss 2.579e-01. Saving...
2025-08-18 19:03:25,081:INFO:Epoch: 850/10000 | Train Loss: 2.219e-01 | Dynamic Loss: 2.219e-01 | Regularization Loss: 2.943e-05 | Val Loss: 2.449e-01 | Time: 5.29s
2025-08-18 19:03:25,081:INFO:New best model found at epoch 850 with validation loss 2.449e-01. Saving...
2025-08-18 19:03:36,818:INFO:Epoch: 900/10000 | Train Loss: 2.440e-01 | Dynamic Loss: 2.440e-01 | Regularization Loss: 3.162e-05 | Val Loss: 2.401e-01 | Time: 11.73s
2025-08-18 19:03:36,818:INFO:New best model found at epoch 900 with validation loss 2.401e-01. Saving...
2025-08-18 19:03:42,157:INFO:Epoch: 950/10000 | Train Loss: 2.094e-01 | Dynamic Loss: 2.094e-01 | Regularization Loss: 3.416e-05 | Val Loss: 2.323e-01 | Time: 5.33s
2025-08-18 19:03:42,157:INFO:New best model found at epoch 950 with validation loss 2.323e-01. Saving...
2025-08-18 19:03:47,573:INFO:Epoch: 1000/10000 | Train Loss: 1.926e-01 | Dynamic Loss: 1.926e-01 | Regularization Loss: 3.680e-05 | Val Loss: 2.200e-01 | Time: 5.41s
2025-08-18 19:03:47,573:INFO:New best model found at epoch 1000 with validation loss 2.200e-01. Saving...
2025-08-18 19:03:52,913:INFO:Epoch: 1050/10000 | Train Loss: 1.798e-01 | Dynamic Loss: 1.798e-01 | Regularization Loss: 3.905e-05 | Val Loss: 2.064e-01 | Time: 5.33s
2025-08-18 19:03:52,913:INFO:New best model found at epoch 1050 with validation loss 2.064e-01. Saving...
2025-08-18 19:03:58,176:INFO:Epoch: 1100/10000 | Train Loss: 1.721e-01 | Dynamic Loss: 1.721e-01 | Regularization Loss: 4.117e-05 | Val Loss: 1.981e-01 | Time: 5.25s
2025-08-18 19:03:58,176:INFO:New best model found at epoch 1100 with validation loss 1.981e-01. Saving...
2025-08-18 19:04:08,606:INFO:Epoch: 1150/10000 | Train Loss: 1.665e-01 | Dynamic Loss: 1.665e-01 | Regularization Loss: 4.288e-05 | Val Loss: 1.932e-01 | Time: 10.42s
2025-08-18 19:04:08,606:INFO:New best model found at epoch 1150 with validation loss 1.932e-01. Saving...
2025-08-18 19:04:13,876:INFO:Epoch: 1200/10000 | Train Loss: 1.705e-01 | Dynamic Loss: 1.704e-01 | Regularization Loss: 4.460e-05 | Val Loss: 1.911e-01 | Time: 5.26s
2025-08-18 19:04:13,876:INFO:New best model found at epoch 1200 with validation loss 1.911e-01. Saving...
2025-08-18 19:04:19,437:INFO:Epoch: 1250/10000 | Train Loss: 1.530e-01 | Dynamic Loss: 1.529e-01 | Regularization Loss: 4.503e-05 | Val Loss: 1.789e-01 | Time: 5.55s
2025-08-18 19:04:19,437:INFO:New best model found at epoch 1250 with validation loss 1.789e-01. Saving...
2025-08-18 19:04:24,687:INFO:Epoch: 1300/10000 | Train Loss: 1.486e-01 | Dynamic Loss: 1.485e-01 | Regularization Loss: 4.557e-05 | Val Loss: 1.741e-01 | Time: 5.24s
2025-08-18 19:04:24,687:INFO:New best model found at epoch 1300 with validation loss 1.741e-01. Saving...
2025-08-18 19:04:29,988:INFO:Epoch: 1350/10000 | Train Loss: 1.401e-01 | Dynamic Loss: 1.401e-01 | Regularization Loss: 4.611e-05 | Val Loss: 1.675e-01 | Time: 5.29s
2025-08-18 19:04:29,988:INFO:New best model found at epoch 1350 with validation loss 1.675e-01. Saving...
2025-08-18 19:04:40,487:INFO:Epoch: 1400/10000 | Train Loss: 1.381e-01 | Dynamic Loss: 1.380e-01 | Regularization Loss: 4.649e-05 | Val Loss: 1.661e-01 | Time: 10.49s
2025-08-18 19:04:40,487:INFO:New best model found at epoch 1400 with validation loss 1.661e-01. Saving...
2025-08-18 19:04:45,774:INFO:Epoch: 1450/10000 | Train Loss: 1.301e-01 | Dynamic Loss: 1.300e-01 | Regularization Loss: 4.640e-05 | Val Loss: 1.612e-01 | Time: 5.28s
2025-08-18 19:04:45,774:INFO:New best model found at epoch 1450 with validation loss 1.612e-01. Saving...
2025-08-18 19:04:51,176:INFO:Epoch: 1500/10000 | Train Loss: 1.257e-01 | Dynamic Loss: 1.257e-01 | Regularization Loss: 4.627e-05 | Val Loss: 1.567e-01 | Time: 5.39s
2025-08-18 19:04:51,176:INFO:New best model found at epoch 1500 with validation loss 1.567e-01. Saving...
2025-08-18 19:04:56,450:INFO:Epoch: 1550/10000 | Train Loss: 1.209e-01 | Dynamic Loss: 1.209e-01 | Regularization Loss: 4.672e-05 | Val Loss: 1.499e-01 | Time: 5.26s
2025-08-18 19:04:56,450:INFO:New best model found at epoch 1550 with validation loss 1.499e-01. Saving...
2025-08-18 19:05:01,682:INFO:Epoch: 1600/10000 | Train Loss: 1.152e-01 | Dynamic Loss: 1.151e-01 | Regularization Loss: 4.566e-05 | Val Loss: 1.479e-01 | Time: 5.22s
2025-08-18 19:05:01,682:INFO:New best model found at epoch 1600 with validation loss 1.479e-01. Saving...
2025-08-18 19:05:11,380:INFO:Epoch: 1650/10000 | Train Loss: 1.130e-01 | Dynamic Loss: 1.129e-01 | Regularization Loss: 4.569e-05 | Val Loss: 1.443e-01 | Time: 9.69s
2025-08-18 19:05:11,380:INFO:New best model found at epoch 1650 with validation loss 1.443e-01. Saving...
2025-08-18 19:05:16,772:INFO:Epoch: 1700/10000 | Train Loss: 1.106e-01 | Dynamic Loss: 1.105e-01 | Regularization Loss: 4.513e-05 | Val Loss: 1.417e-01 | Time: 5.38s
2025-08-18 19:05:16,772:INFO:New best model found at epoch 1700 with validation loss 1.417e-01. Saving...
2025-08-18 19:05:22,153:INFO:Epoch: 1750/10000 | Train Loss: 1.044e-01 | Dynamic Loss: 1.044e-01 | Regularization Loss: 4.452e-05 | Val Loss: 1.378e-01 | Time: 5.37s
2025-08-18 19:05:22,153:INFO:New best model found at epoch 1750 with validation loss 1.378e-01. Saving...
2025-08-18 19:05:27,458:INFO:Epoch: 1800/10000 | Train Loss: 1.017e-01 | Dynamic Loss: 1.017e-01 | Regularization Loss: 4.432e-05 | Val Loss: 1.348e-01 | Time: 5.30s
2025-08-18 19:05:27,458:INFO:New best model found at epoch 1800 with validation loss 1.348e-01. Saving...
2025-08-18 19:05:32,753:INFO:Epoch: 1850/10000 | Train Loss: 9.922e-02 | Dynamic Loss: 9.918e-02 | Regularization Loss: 4.402e-05 | Val Loss: 1.336e-01 | Time: 5.29s
2025-08-18 19:05:32,753:INFO:New best model found at epoch 1850 with validation loss 1.336e-01. Saving...
2025-08-18 19:05:43,576:INFO:Epoch: 1900/10000 | Train Loss: 9.684e-02 | Dynamic Loss: 9.679e-02 | Regularization Loss: 4.343e-05 | Val Loss: 1.315e-01 | Time: 10.81s
2025-08-18 19:05:43,576:INFO:New best model found at epoch 1900 with validation loss 1.315e-01. Saving...
2025-08-18 19:05:48,868:INFO:Epoch: 1950/10000 | Train Loss: 1.016e-01 | Dynamic Loss: 1.016e-01 | Regularization Loss: 4.306e-05 | Val Loss: 1.414e-01 | Time: 5.28s
2025-08-18 19:05:54,878:INFO:Epoch: 2000/10000 | Train Loss: 9.419e-02 | Dynamic Loss: 9.415e-02 | Regularization Loss: 4.408e-05 | Val Loss: 1.280e-01 | Time: 6.01s
2025-08-18 19:05:54,878:INFO:New best model found at epoch 2000 with validation loss 1.280e-01. Saving...
2025-08-18 19:06:00,346:INFO:Epoch: 2050/10000 | Train Loss: 1.024e-01 | Dynamic Loss: 1.024e-01 | Regularization Loss: 4.195e-05 | Val Loss: 1.325e-01 | Time: 5.46s
2025-08-18 19:06:05,674:INFO:Epoch: 2100/10000 | Train Loss: 8.692e-02 | Dynamic Loss: 8.688e-02 | Regularization Loss: 4.153e-05 | Val Loss: 1.238e-01 | Time: 5.33s
2025-08-18 19:06:05,674:INFO:New best model found at epoch 2100 with validation loss 1.238e-01. Saving...
2025-08-18 19:06:16,561:INFO:Epoch: 2150/10000 | Train Loss: 9.079e-02 | Dynamic Loss: 9.075e-02 | Regularization Loss: 4.166e-05 | Val Loss: 1.240e-01 | Time: 10.88s
2025-08-18 19:06:21,918:INFO:Epoch: 2200/10000 | Train Loss: 8.450e-02 | Dynamic Loss: 8.446e-02 | Regularization Loss: 4.057e-05 | Val Loss: 1.207e-01 | Time: 5.36s
2025-08-18 19:06:21,918:INFO:New best model found at epoch 2200 with validation loss 1.207e-01. Saving...
2025-08-18 19:06:27,378:INFO:Epoch: 2250/10000 | Train Loss: 8.468e-02 | Dynamic Loss: 8.464e-02 | Regularization Loss: 4.022e-05 | Val Loss: 1.207e-01 | Time: 5.45s
2025-08-18 19:06:27,378:INFO:New best model found at epoch 2250 with validation loss 1.207e-01. Saving...
2025-08-18 19:06:32,825:INFO:Epoch: 2300/10000 | Train Loss: 8.257e-02 | Dynamic Loss: 8.253e-02 | Regularization Loss: 3.996e-05 | Val Loss: 1.191e-01 | Time: 5.44s
2025-08-18 19:06:32,825:INFO:New best model found at epoch 2300 with validation loss 1.191e-01. Saving...
2025-08-18 19:06:38,229:INFO:Epoch: 2350/10000 | Train Loss: 7.970e-02 | Dynamic Loss: 7.966e-02 | Regularization Loss: 3.950e-05 | Val Loss: 1.179e-01 | Time: 5.39s
2025-08-18 19:06:38,229:INFO:New best model found at epoch 2350 with validation loss 1.179e-01. Saving...
2025-08-18 19:06:43,574:INFO:Epoch: 2400/10000 | Train Loss: 8.284e-02 | Dynamic Loss: 8.280e-02 | Regularization Loss: 3.908e-05 | Val Loss: 1.189e-01 | Time: 5.34s
2025-08-18 19:06:48,995:INFO:Epoch: 2450/10000 | Train Loss: 8.046e-02 | Dynamic Loss: 8.042e-02 | Regularization Loss: 3.849e-05 | Val Loss: 1.178e-01 | Time: 5.42s
2025-08-18 19:06:48,995:INFO:New best model found at epoch 2450 with validation loss 1.178e-01. Saving...
2025-08-18 19:06:54,380:INFO:Epoch: 2500/10000 | Train Loss: 7.875e-02 | Dynamic Loss: 7.871e-02 | Regularization Loss: 3.835e-05 | Val Loss: 1.165e-01 | Time: 5.37s
2025-08-18 19:06:54,380:INFO:New best model found at epoch 2500 with validation loss 1.165e-01. Saving...
2025-08-18 19:06:59,706:INFO:Epoch: 2550/10000 | Train Loss: 7.631e-02 | Dynamic Loss: 7.627e-02 | Regularization Loss: 3.758e-05 | Val Loss: 1.150e-01 | Time: 5.32s
2025-08-18 19:06:59,706:INFO:New best model found at epoch 2550 with validation loss 1.150e-01. Saving...
2025-08-18 19:07:05,157:INFO:Epoch: 2600/10000 | Train Loss: 7.710e-02 | Dynamic Loss: 7.706e-02 | Regularization Loss: 3.774e-05 | Val Loss: 1.157e-01 | Time: 5.44s
2025-08-18 19:07:10,486:INFO:Epoch: 2650/10000 | Train Loss: 7.674e-02 | Dynamic Loss: 7.671e-02 | Regularization Loss: 3.686e-05 | Val Loss: 1.150e-01 | Time: 5.33s
2025-08-18 19:07:15,762:INFO:Epoch: 2700/10000 | Train Loss: 7.504e-02 | Dynamic Loss: 7.500e-02 | Regularization Loss: 3.635e-05 | Val Loss: 1.149e-01 | Time: 5.28s
2025-08-18 19:07:15,762:INFO:New best model found at epoch 2700 with validation loss 1.149e-01. Saving...
2025-08-18 19:07:49,314:INFO:Created DataLoaders with 5994 training samples and 1998 validation samples.
2025-08-18 19:07:49,934:INFO:model params: 526849
2025-08-18 19:07:50,724:INFO:Epoch: 0/10000 | Train Loss: 3.252e+00 | Dynamic Loss: 3.165e+00 | Regularization Loss: 8.646e-02 | Val Loss: 2.207e+00 | Time: 0.79s
2025-08-18 19:07:50,724:INFO:New best model found at epoch 0 with validation loss 2.207e+00. Saving...
2025-08-18 19:07:56,009:INFO:Epoch: 50/10000 | Train Loss: 1.652e+00 | Dynamic Loss: 1.651e+00 | Regularization Loss: 7.538e-04 | Val Loss: 1.682e+00 | Time: 5.27s
2025-08-18 19:07:56,009:INFO:New best model found at epoch 50 with validation loss 1.682e+00. Saving...
2025-08-18 19:08:01,353:INFO:Epoch: 100/10000 | Train Loss: 1.488e+00 | Dynamic Loss: 1.488e+00 | Regularization Loss: 3.066e-04 | Val Loss: 1.518e+00 | Time: 5.33s
2025-08-18 19:08:01,353:INFO:New best model found at epoch 100 with validation loss 1.518e+00. Saving...
2025-08-18 19:08:06,737:INFO:Epoch: 150/10000 | Train Loss: 1.354e+00 | Dynamic Loss: 1.354e+00 | Regularization Loss: 1.722e-04 | Val Loss: 1.394e+00 | Time: 5.37s
2025-08-18 19:08:06,737:INFO:New best model found at epoch 150 with validation loss 1.394e+00. Saving...
2025-08-18 19:08:15,104:INFO:Epoch: 200/10000 | Train Loss: 1.254e+00 | Dynamic Loss: 1.254e+00 | Regularization Loss: 1.123e-04 | Val Loss: 1.296e+00 | Time: 8.36s
2025-08-18 19:08:15,104:INFO:New best model found at epoch 200 with validation loss 1.296e+00. Saving...
2025-08-18 19:08:20,557:INFO:Epoch: 250/10000 | Train Loss: 1.188e+00 | Dynamic Loss: 1.187e+00 | Regularization Loss: 7.967e-05 | Val Loss: 1.233e+00 | Time: 5.44s
2025-08-18 19:08:20,557:INFO:New best model found at epoch 250 with validation loss 1.233e+00. Saving...
2025-08-18 19:08:26,036:INFO:Epoch: 300/10000 | Train Loss: 1.121e+00 | Dynamic Loss: 1.121e+00 | Regularization Loss: 5.975e-05 | Val Loss: 1.167e+00 | Time: 5.47s
2025-08-18 19:08:26,036:INFO:New best model found at epoch 300 with validation loss 1.167e+00. Saving...
2025-08-18 19:08:31,581:INFO:Epoch: 350/10000 | Train Loss: 1.040e+00 | Dynamic Loss: 1.040e+00 | Regularization Loss: 4.663e-05 | Val Loss: 1.097e+00 | Time: 5.54s
2025-08-18 19:08:31,581:INFO:New best model found at epoch 350 with validation loss 1.097e+00. Saving...
2025-08-18 19:08:37,172:INFO:Epoch: 400/10000 | Train Loss: 9.610e-01 | Dynamic Loss: 9.610e-01 | Regularization Loss: 3.746e-05 | Val Loss: 1.028e+00 | Time: 5.58s
2025-08-18 19:08:37,172:INFO:New best model found at epoch 400 with validation loss 1.028e+00. Saving...
2025-08-18 19:08:42,708:INFO:Epoch: 450/10000 | Train Loss: 8.984e-01 | Dynamic Loss: 8.984e-01 | Regularization Loss: 3.075e-05 | Val Loss: 9.679e-01 | Time: 5.53s
2025-08-18 19:08:42,708:INFO:New best model found at epoch 450 with validation loss 9.679e-01. Saving...
2025-08-18 19:08:48,194:INFO:Epoch: 500/10000 | Train Loss: 8.422e-01 | Dynamic Loss: 8.422e-01 | Regularization Loss: 2.574e-05 | Val Loss: 9.196e-01 | Time: 5.48s
2025-08-18 19:08:48,196:INFO:New best model found at epoch 500 with validation loss 9.196e-01. Saving...
2025-08-18 19:08:59,856:INFO:Epoch: 550/10000 | Train Loss: 7.952e-01 | Dynamic Loss: 7.952e-01 | Regularization Loss: 2.184e-05 | Val Loss: 8.758e-01 | Time: 11.65s
2025-08-18 19:08:59,856:INFO:New best model found at epoch 550 with validation loss 8.758e-01. Saving...
2025-08-18 19:09:05,606:INFO:Epoch: 600/10000 | Train Loss: 7.567e-01 | Dynamic Loss: 7.567e-01 | Regularization Loss: 1.879e-05 | Val Loss: 8.395e-01 | Time: 5.74s
2025-08-18 19:09:05,606:INFO:New best model found at epoch 600 with validation loss 8.395e-01. Saving...
2025-08-18 19:09:11,741:INFO:Epoch: 650/10000 | Train Loss: 7.104e-01 | Dynamic Loss: 7.104e-01 | Regularization Loss: 1.629e-05 | Val Loss: 7.968e-01 | Time: 6.13s
2025-08-18 19:09:11,741:INFO:New best model found at epoch 650 with validation loss 7.968e-01. Saving...
2025-08-18 19:09:17,309:INFO:Epoch: 700/10000 | Train Loss: 6.981e-01 | Dynamic Loss: 6.981e-01 | Regularization Loss: 1.432e-05 | Val Loss: 7.812e-01 | Time: 5.56s
2025-08-18 19:09:17,309:INFO:New best model found at epoch 700 with validation loss 7.812e-01. Saving...
2025-08-18 19:09:22,868:INFO:Epoch: 750/10000 | Train Loss: 6.488e-01 | Dynamic Loss: 6.488e-01 | Regularization Loss: 1.267e-05 | Val Loss: 7.356e-01 | Time: 5.55s
2025-08-18 19:09:22,868:INFO:New best model found at epoch 750 with validation loss 7.356e-01. Saving...
2025-08-18 19:09:31,579:INFO:Epoch: 800/10000 | Train Loss: 6.385e-01 | Dynamic Loss: 6.385e-01 | Regularization Loss: 1.135e-05 | Val Loss: 7.168e-01 | Time: 8.70s
2025-08-18 19:09:31,579:INFO:New best model found at epoch 800 with validation loss 7.168e-01. Saving...
2025-08-18 19:09:37,143:INFO:Epoch: 850/10000 | Train Loss: 5.935e-01 | Dynamic Loss: 5.935e-01 | Regularization Loss: 1.022e-05 | Val Loss: 6.802e-01 | Time: 5.56s
2025-08-18 19:09:37,143:INFO:New best model found at epoch 850 with validation loss 6.802e-01. Saving...
2025-08-18 19:09:42,785:INFO:Epoch: 900/10000 | Train Loss: 5.734e-01 | Dynamic Loss: 5.734e-01 | Regularization Loss: 9.336e-06 | Val Loss: 6.582e-01 | Time: 5.63s
2025-08-18 19:09:42,785:INFO:New best model found at epoch 900 with validation loss 6.582e-01. Saving...
2025-08-18 19:09:48,349:INFO:Epoch: 950/10000 | Train Loss: 5.572e-01 | Dynamic Loss: 5.572e-01 | Regularization Loss: 8.612e-06 | Val Loss: 6.379e-01 | Time: 5.55s
2025-08-18 19:09:48,349:INFO:New best model found at epoch 950 with validation loss 6.379e-01. Saving...
2025-08-18 19:09:54,064:INFO:Epoch: 1000/10000 | Train Loss: 6.773e-01 | Dynamic Loss: 6.773e-01 | Regularization Loss: 7.963e-06 | Val Loss: 7.302e-01 | Time: 5.71s
2025-08-18 19:09:59,690:INFO:Epoch: 1050/10000 | Train Loss: 5.083e-01 | Dynamic Loss: 5.083e-01 | Regularization Loss: 7.453e-06 | Val Loss: 5.931e-01 | Time: 5.63s
2025-08-18 19:09:59,690:INFO:New best model found at epoch 1050 with validation loss 5.931e-01. Saving...
2025-08-18 19:10:05,428:INFO:Epoch: 1100/10000 | Train Loss: 4.876e-01 | Dynamic Loss: 4.876e-01 | Regularization Loss: 7.092e-06 | Val Loss: 5.763e-01 | Time: 5.73s
2025-08-18 19:10:05,428:INFO:New best model found at epoch 1100 with validation loss 5.763e-01. Saving...
2025-08-18 19:10:15,347:INFO:Epoch: 1150/10000 | Train Loss: 4.587e-01 | Dynamic Loss: 4.587e-01 | Regularization Loss: 6.790e-06 | Val Loss: 5.564e-01 | Time: 9.91s
2025-08-18 19:10:15,348:INFO:New best model found at epoch 1150 with validation loss 5.564e-01. Saving...
2025-08-18 19:10:21,018:INFO:Epoch: 1200/10000 | Train Loss: 4.910e-01 | Dynamic Loss: 4.910e-01 | Regularization Loss: 6.509e-06 | Val Loss: 5.441e-01 | Time: 5.66s
2025-08-18 19:10:21,018:INFO:New best model found at epoch 1200 with validation loss 5.441e-01. Saving...
2025-08-18 19:10:26,597:INFO:Epoch: 1250/10000 | Train Loss: 4.283e-01 | Dynamic Loss: 4.283e-01 | Regularization Loss: 6.310e-06 | Val Loss: 5.354e-01 | Time: 5.57s
2025-08-18 19:10:26,597:INFO:New best model found at epoch 1250 with validation loss 5.354e-01. Saving...
2025-08-18 19:10:32,228:INFO:Epoch: 1300/10000 | Train Loss: 4.056e-01 | Dynamic Loss: 4.056e-01 | Regularization Loss: 6.187e-06 | Val Loss: 5.135e-01 | Time: 5.62s
2025-08-18 19:10:32,228:INFO:New best model found at epoch 1300 with validation loss 5.135e-01. Saving...
2025-08-18 19:10:37,932:INFO:Epoch: 1350/10000 | Train Loss: 4.277e-01 | Dynamic Loss: 4.277e-01 | Regularization Loss: 6.152e-06 | Val Loss: 4.982e-01 | Time: 5.70s
2025-08-18 19:10:37,932:INFO:New best model found at epoch 1350 with validation loss 4.982e-01. Saving...
2025-08-18 19:10:43,507:INFO:Epoch: 1400/10000 | Train Loss: 3.508e-01 | Dynamic Loss: 3.508e-01 | Regularization Loss: 6.181e-06 | Val Loss: 4.583e-01 | Time: 5.57s
2025-08-18 19:10:43,507:INFO:New best model found at epoch 1400 with validation loss 4.583e-01. Saving...
2025-08-18 19:10:49,030:INFO:Epoch: 1450/10000 | Train Loss: 3.200e-01 | Dynamic Loss: 3.200e-01 | Regularization Loss: 6.352e-06 | Val Loss: 4.256e-01 | Time: 5.51s
2025-08-18 19:10:49,030:INFO:New best model found at epoch 1450 with validation loss 4.256e-01. Saving...
2025-08-18 19:11:00,881:INFO:Epoch: 1500/10000 | Train Loss: 3.040e-01 | Dynamic Loss: 3.040e-01 | Regularization Loss: 6.570e-06 | Val Loss: 4.114e-01 | Time: 11.84s
2025-08-18 19:11:00,882:INFO:New best model found at epoch 1500 with validation loss 4.114e-01. Saving...
2025-08-18 19:11:06,528:INFO:Epoch: 1550/10000 | Train Loss: 3.086e-01 | Dynamic Loss: 3.086e-01 | Regularization Loss: 6.918e-06 | Val Loss: 4.059e-01 | Time: 5.64s
2025-08-18 19:11:06,528:INFO:New best model found at epoch 1550 with validation loss 4.059e-01. Saving...
2025-08-18 19:11:12,299:INFO:Epoch: 1600/10000 | Train Loss: 3.598e-01 | Dynamic Loss: 3.598e-01 | Regularization Loss: 7.147e-06 | Val Loss: 3.922e-01 | Time: 5.76s
2025-08-18 19:11:12,299:INFO:New best model found at epoch 1600 with validation loss 3.922e-01. Saving...
2025-08-18 19:11:17,905:INFO:Epoch: 1650/10000 | Train Loss: 2.946e-01 | Dynamic Loss: 2.946e-01 | Regularization Loss: 7.492e-06 | Val Loss: 4.044e-01 | Time: 5.60s
2025-08-18 19:11:23,635:INFO:Epoch: 1700/10000 | Train Loss: 2.648e-01 | Dynamic Loss: 2.648e-01 | Regularization Loss: 7.860e-06 | Val Loss: 3.706e-01 | Time: 5.73s
2025-08-18 19:11:23,636:INFO:New best model found at epoch 1700 with validation loss 3.706e-01. Saving...
2025-08-18 19:11:29,240:INFO:Epoch: 1750/10000 | Train Loss: 2.572e-01 | Dynamic Loss: 2.572e-01 | Regularization Loss: 8.198e-06 | Val Loss: 3.637e-01 | Time: 5.59s
2025-08-18 19:11:29,240:INFO:New best model found at epoch 1750 with validation loss 3.637e-01. Saving...
2025-08-18 19:11:34,985:INFO:Epoch: 1800/10000 | Train Loss: 2.444e-01 | Dynamic Loss: 2.444e-01 | Regularization Loss: 8.508e-06 | Val Loss: 3.575e-01 | Time: 5.74s
2025-08-18 19:11:34,986:INFO:New best model found at epoch 1800 with validation loss 3.575e-01. Saving...
2025-08-18 19:11:40,597:INFO:Epoch: 1850/10000 | Train Loss: 2.357e-01 | Dynamic Loss: 2.357e-01 | Regularization Loss: 8.826e-06 | Val Loss: 3.540e-01 | Time: 5.60s
2025-08-18 19:11:40,598:INFO:New best model found at epoch 1850 with validation loss 3.540e-01. Saving...
2025-08-18 19:11:46,149:INFO:Epoch: 1900/10000 | Train Loss: 2.389e-01 | Dynamic Loss: 2.389e-01 | Regularization Loss: 9.044e-06 | Val Loss: 3.458e-01 | Time: 5.54s
2025-08-18 19:11:46,149:INFO:New best model found at epoch 1900 with validation loss 3.458e-01. Saving...
2025-08-18 19:11:58,139:INFO:Epoch: 1950/10000 | Train Loss: 2.203e-01 | Dynamic Loss: 2.203e-01 | Regularization Loss: 9.308e-06 | Val Loss: 3.297e-01 | Time: 11.98s
2025-08-18 19:11:58,139:INFO:New best model found at epoch 1950 with validation loss 3.297e-01. Saving...
2025-08-18 19:12:03,840:INFO:Epoch: 2000/10000 | Train Loss: 2.155e-01 | Dynamic Loss: 2.155e-01 | Regularization Loss: 9.536e-06 | Val Loss: 3.280e-01 | Time: 5.69s
2025-08-18 19:12:03,840:INFO:New best model found at epoch 2000 with validation loss 3.280e-01. Saving...
2025-08-18 19:12:09,500:INFO:Epoch: 2050/10000 | Train Loss: 2.144e-01 | Dynamic Loss: 2.144e-01 | Regularization Loss: 9.689e-06 | Val Loss: 3.303e-01 | Time: 5.65s
2025-08-18 19:12:15,103:INFO:Epoch: 2100/10000 | Train Loss: 2.183e-01 | Dynamic Loss: 2.183e-01 | Regularization Loss: 9.883e-06 | Val Loss: 3.173e-01 | Time: 5.60s
2025-08-18 19:12:15,103:INFO:New best model found at epoch 2100 with validation loss 3.173e-01. Saving...
2025-08-18 19:12:20,763:INFO:Epoch: 2150/10000 | Train Loss: 2.085e-01 | Dynamic Loss: 2.085e-01 | Regularization Loss: 1.016e-05 | Val Loss: 3.278e-01 | Time: 5.65s
2025-08-18 19:12:26,369:INFO:Epoch: 2200/10000 | Train Loss: 2.040e-01 | Dynamic Loss: 2.040e-01 | Regularization Loss: 1.039e-05 | Val Loss: 3.074e-01 | Time: 5.61s
2025-08-18 19:12:26,369:INFO:New best model found at epoch 2200 with validation loss 3.074e-01. Saving...
2025-08-18 19:12:31,937:INFO:Epoch: 2250/10000 | Train Loss: 2.028e-01 | Dynamic Loss: 2.028e-01 | Regularization Loss: 1.051e-05 | Val Loss: 3.119e-01 | Time: 5.56s
2025-08-18 19:12:41,846:INFO:Epoch: 2300/10000 | Train Loss: 2.032e-01 | Dynamic Loss: 2.031e-01 | Regularization Loss: 1.054e-05 | Val Loss: 3.047e-01 | Time: 9.91s
2025-08-18 19:12:41,846:INFO:New best model found at epoch 2300 with validation loss 3.047e-01. Saving...
2025-08-18 19:12:47,454:INFO:Epoch: 2350/10000 | Train Loss: 1.889e-01 | Dynamic Loss: 1.888e-01 | Regularization Loss: 1.078e-05 | Val Loss: 3.006e-01 | Time: 5.60s
2025-08-18 19:12:47,454:INFO:New best model found at epoch 2350 with validation loss 3.006e-01. Saving...
2025-08-18 19:12:53,095:INFO:Epoch: 2400/10000 | Train Loss: 1.889e-01 | Dynamic Loss: 1.888e-01 | Regularization Loss: 1.099e-05 | Val Loss: 2.895e-01 | Time: 5.63s
2025-08-18 19:12:53,095:INFO:New best model found at epoch 2400 with validation loss 2.895e-01. Saving...
2025-08-18 19:12:58,666:INFO:Epoch: 2450/10000 | Train Loss: 1.844e-01 | Dynamic Loss: 1.843e-01 | Regularization Loss: 1.104e-05 | Val Loss: 3.010e-01 | Time: 5.56s
2025-08-18 19:13:04,311:INFO:Epoch: 2500/10000 | Train Loss: 1.833e-01 | Dynamic Loss: 1.832e-01 | Regularization Loss: 1.121e-05 | Val Loss: 2.912e-01 | Time: 5.64s
2025-08-18 19:13:09,928:INFO:Epoch: 2550/10000 | Train Loss: 1.839e-01 | Dynamic Loss: 1.839e-01 | Regularization Loss: 1.126e-05 | Val Loss: 2.872e-01 | Time: 5.62s
2025-08-18 19:13:09,928:INFO:New best model found at epoch 2550 with validation loss 2.872e-01. Saving...
2025-08-18 19:13:15,534:INFO:Epoch: 2600/10000 | Train Loss: 1.754e-01 | Dynamic Loss: 1.754e-01 | Regularization Loss: 1.151e-05 | Val Loss: 2.872e-01 | Time: 5.60s
2025-08-18 19:13:15,534:INFO:New best model found at epoch 2600 with validation loss 2.872e-01. Saving...
2025-08-18 19:13:27,820:INFO:Epoch: 2650/10000 | Train Loss: 1.765e-01 | Dynamic Loss: 1.764e-01 | Regularization Loss: 1.156e-05 | Val Loss: 3.029e-01 | Time: 12.28s
2025-08-18 19:13:33,566:INFO:Epoch: 2700/10000 | Train Loss: 1.853e-01 | Dynamic Loss: 1.853e-01 | Regularization Loss: 1.169e-05 | Val Loss: 2.875e-01 | Time: 5.75s
2025-08-18 19:13:39,301:INFO:Epoch: 2750/10000 | Train Loss: 1.599e-01 | Dynamic Loss: 1.599e-01 | Regularization Loss: 1.196e-05 | Val Loss: 2.801e-01 | Time: 5.73s
2025-08-18 19:13:39,301:INFO:New best model found at epoch 2750 with validation loss 2.801e-01. Saving...
2025-08-18 19:13:44,961:INFO:Epoch: 2800/10000 | Train Loss: 1.552e-01 | Dynamic Loss: 1.552e-01 | Regularization Loss: 1.197e-05 | Val Loss: 2.732e-01 | Time: 5.65s
2025-08-18 19:13:44,961:INFO:New best model found at epoch 2800 with validation loss 2.732e-01. Saving...
2025-08-18 19:13:50,686:INFO:Epoch: 2850/10000 | Train Loss: 1.817e-01 | Dynamic Loss: 1.817e-01 | Regularization Loss: 1.197e-05 | Val Loss: 2.850e-01 | Time: 5.72s
2025-08-18 19:13:56,362:INFO:Epoch: 2900/10000 | Train Loss: 1.773e-01 | Dynamic Loss: 1.773e-01 | Regularization Loss: 1.214e-05 | Val Loss: 2.872e-01 | Time: 5.68s
2025-08-18 19:14:01,918:INFO:Epoch: 2950/10000 | Train Loss: 1.541e-01 | Dynamic Loss: 1.541e-01 | Regularization Loss: 1.210e-05 | Val Loss: 2.910e-01 | Time: 5.56s
2025-08-18 19:14:12,906:INFO:Epoch: 3000/10000 | Train Loss: 1.430e-01 | Dynamic Loss: 1.430e-01 | Regularization Loss: 1.233e-05 | Val Loss: 2.662e-01 | Time: 10.99s
2025-08-18 19:14:12,906:INFO:New best model found at epoch 3000 with validation loss 2.662e-01. Saving...
2025-08-18 19:14:18,639:INFO:Epoch: 3050/10000 | Train Loss: 1.500e-01 | Dynamic Loss: 1.500e-01 | Regularization Loss: 1.234e-05 | Val Loss: 2.813e-01 | Time: 5.72s
2025-08-18 19:14:24,374:INFO:Epoch: 3100/10000 | Train Loss: 2.188e-01 | Dynamic Loss: 2.188e-01 | Regularization Loss: 1.235e-05 | Val Loss: 3.104e-01 | Time: 5.73s
2025-08-18 19:14:29,966:INFO:Epoch: 3150/10000 | Train Loss: 1.494e-01 | Dynamic Loss: 1.494e-01 | Regularization Loss: 1.233e-05 | Val Loss: 2.609e-01 | Time: 5.59s
2025-08-18 19:14:29,966:INFO:New best model found at epoch 3150 with validation loss 2.609e-01. Saving...
2025-08-18 19:14:35,746:INFO:Epoch: 3200/10000 | Train Loss: 1.366e-01 | Dynamic Loss: 1.366e-01 | Regularization Loss: 1.272e-05 | Val Loss: 2.589e-01 | Time: 5.77s
2025-08-18 19:14:35,746:INFO:New best model found at epoch 3200 with validation loss 2.589e-01. Saving...
2025-08-18 19:14:41,529:INFO:Epoch: 3250/10000 | Train Loss: 1.414e-01 | Dynamic Loss: 1.414e-01 | Regularization Loss: 1.265e-05 | Val Loss: 2.677e-01 | Time: 5.77s
2025-08-18 19:14:47,226:INFO:Epoch: 3300/10000 | Train Loss: 1.503e-01 | Dynamic Loss: 1.502e-01 | Regularization Loss: 1.256e-05 | Val Loss: 2.646e-01 | Time: 5.70s
2025-08-18 19:14:52,940:INFO:Epoch: 3350/10000 | Train Loss: 1.358e-01 | Dynamic Loss: 1.357e-01 | Regularization Loss: 1.254e-05 | Val Loss: 2.657e-01 | Time: 5.71s
2025-08-18 19:14:58,629:INFO:Epoch: 3400/10000 | Train Loss: 1.334e-01 | Dynamic Loss: 1.334e-01 | Regularization Loss: 1.258e-05 | Val Loss: 2.574e-01 | Time: 5.69s
2025-08-18 19:14:58,629:INFO:New best model found at epoch 3400 with validation loss 2.574e-01. Saving...
2025-08-18 19:15:09,186:INFO:Epoch: 3450/10000 | Train Loss: 1.332e-01 | Dynamic Loss: 1.332e-01 | Regularization Loss: 1.260e-05 | Val Loss: 2.543e-01 | Time: 10.55s
2025-08-18 19:15:09,186:INFO:New best model found at epoch 3450 with validation loss 2.543e-01. Saving...
2025-08-18 19:15:14,894:INFO:Epoch: 3500/10000 | Train Loss: 1.288e-01 | Dynamic Loss: 1.288e-01 | Regularization Loss: 1.243e-05 | Val Loss: 2.500e-01 | Time: 5.70s
2025-08-18 19:15:14,894:INFO:New best model found at epoch 3500 with validation loss 2.500e-01. Saving...
2025-08-18 19:15:20,737:INFO:Epoch: 3550/10000 | Train Loss: 1.344e-01 | Dynamic Loss: 1.343e-01 | Regularization Loss: 1.245e-05 | Val Loss: 2.575e-01 | Time: 5.83s
2025-08-18 19:15:26,404:INFO:Epoch: 3600/10000 | Train Loss: 1.343e-01 | Dynamic Loss: 1.343e-01 | Regularization Loss: 1.236e-05 | Val Loss: 2.591e-01 | Time: 5.67s
2025-08-18 19:15:32,073:INFO:Epoch: 3650/10000 | Train Loss: 1.295e-01 | Dynamic Loss: 1.295e-01 | Regularization Loss: 1.225e-05 | Val Loss: 2.576e-01 | Time: 5.67s
2025-08-18 19:15:42,038:INFO:Epoch: 3700/10000 | Train Loss: 1.175e-01 | Dynamic Loss: 1.175e-01 | Regularization Loss: 1.223e-05 | Val Loss: 2.500e-01 | Time: 9.97s
2025-08-18 19:15:42,038:INFO:New best model found at epoch 3700 with validation loss 2.500e-01. Saving...
2025-08-18 19:15:47,695:INFO:Epoch: 3750/10000 | Train Loss: 1.223e-01 | Dynamic Loss: 1.223e-01 | Regularization Loss: 1.236e-05 | Val Loss: 2.513e-01 | Time: 5.65s
2025-08-18 19:15:53,537:INFO:Epoch: 3800/10000 | Train Loss: 1.150e-01 | Dynamic Loss: 1.150e-01 | Regularization Loss: 1.201e-05 | Val Loss: 2.468e-01 | Time: 5.84s
2025-08-18 19:15:53,537:INFO:New best model found at epoch 3800 with validation loss 2.468e-01. Saving...
2025-08-18 19:15:59,355:INFO:Epoch: 3850/10000 | Train Loss: 1.221e-01 | Dynamic Loss: 1.221e-01 | Regularization Loss: 1.160e-05 | Val Loss: 2.516e-01 | Time: 5.81s
2025-08-18 19:16:05,100:INFO:Epoch: 3900/10000 | Train Loss: 1.161e-01 | Dynamic Loss: 1.161e-01 | Regularization Loss: 1.139e-05 | Val Loss: 2.483e-01 | Time: 5.75s
2025-08-18 19:16:11,514:INFO:Epoch: 3950/10000 | Train Loss: 1.138e-01 | Dynamic Loss: 1.138e-01 | Regularization Loss: 1.124e-05 | Val Loss: 2.443e-01 | Time: 6.41s
2025-08-18 19:16:11,514:INFO:New best model found at epoch 3950 with validation loss 2.443e-01. Saving...
2025-08-18 19:16:17,330:INFO:Epoch: 4000/10000 | Train Loss: 1.101e-01 | Dynamic Loss: 1.101e-01 | Regularization Loss: 1.095e-05 | Val Loss: 2.464e-01 | Time: 5.81s
2025-08-18 19:16:29,405:INFO:Epoch: 4050/10000 | Train Loss: 1.142e-01 | Dynamic Loss: 1.142e-01 | Regularization Loss: 1.046e-05 | Val Loss: 2.531e-01 | Time: 12.07s
2025-08-18 19:16:35,114:INFO:Epoch: 4100/10000 | Train Loss: 1.125e-01 | Dynamic Loss: 1.125e-01 | Regularization Loss: 1.034e-05 | Val Loss: 2.433e-01 | Time: 5.71s
2025-08-18 19:16:35,114:INFO:New best model found at epoch 4100 with validation loss 2.433e-01. Saving...
2025-08-18 19:16:40,938:INFO:Epoch: 4150/10000 | Train Loss: 1.081e-01 | Dynamic Loss: 1.081e-01 | Regularization Loss: 9.639e-06 | Val Loss: 2.435e-01 | Time: 5.82s
2025-08-18 19:16:46,767:INFO:Epoch: 4200/10000 | Train Loss: 1.182e-01 | Dynamic Loss: 1.182e-01 | Regularization Loss: 8.969e-06 | Val Loss: 2.458e-01 | Time: 5.83s
2025-08-18 19:16:52,527:INFO:Epoch: 4250/10000 | Train Loss: 1.062e-01 | Dynamic Loss: 1.062e-01 | Regularization Loss: 8.778e-06 | Val Loss: 2.387e-01 | Time: 5.76s
2025-08-18 19:16:52,527:INFO:New best model found at epoch 4250 with validation loss 2.387e-01. Saving...
2025-08-18 19:17:04,658:INFO:Epoch: 4300/10000 | Train Loss: 1.166e-01 | Dynamic Loss: 1.166e-01 | Regularization Loss: 8.158e-06 | Val Loss: 2.481e-01 | Time: 12.12s
2025-08-18 19:17:10,422:INFO:Epoch: 4350/10000 | Train Loss: 1.055e-01 | Dynamic Loss: 1.055e-01 | Regularization Loss: 7.926e-06 | Val Loss: 2.411e-01 | Time: 5.76s
2025-08-18 19:17:16,233:INFO:Epoch: 4400/10000 | Train Loss: 1.069e-01 | Dynamic Loss: 1.069e-01 | Regularization Loss: 7.593e-06 | Val Loss: 2.381e-01 | Time: 5.81s
2025-08-18 19:17:16,234:INFO:New best model found at epoch 4400 with validation loss 2.381e-01. Saving...
2025-08-18 19:17:22,074:INFO:Epoch: 4450/10000 | Train Loss: 9.492e-02 | Dynamic Loss: 9.492e-02 | Regularization Loss: 7.127e-06 | Val Loss: 2.339e-01 | Time: 5.83s
2025-08-18 19:17:22,074:INFO:New best model found at epoch 4450 with validation loss 2.339e-01. Saving...
2025-08-18 19:17:27,839:INFO:Epoch: 4500/10000 | Train Loss: 1.082e-01 | Dynamic Loss: 1.082e-01 | Regularization Loss: 6.812e-06 | Val Loss: 2.437e-01 | Time: 5.76s
2025-08-18 19:17:37,804:INFO:Epoch: 4550/10000 | Train Loss: 9.462e-02 | Dynamic Loss: 9.462e-02 | Regularization Loss: 6.253e-06 | Val Loss: 2.358e-01 | Time: 9.97s
2025-08-18 19:17:43,499:INFO:Epoch: 4600/10000 | Train Loss: 9.984e-02 | Dynamic Loss: 9.983e-02 | Regularization Loss: 5.084e-06 | Val Loss: 2.390e-01 | Time: 5.69s
2025-08-18 19:17:49,213:INFO:Epoch: 4650/10000 | Train Loss: 8.320e-02 | Dynamic Loss: 8.319e-02 | Regularization Loss: 5.555e-06 | Val Loss: 2.260e-01 | Time: 5.71s
2025-08-18 19:17:49,213:INFO:New best model found at epoch 4650 with validation loss 2.260e-01. Saving...
2025-08-18 19:17:54,925:INFO:Epoch: 4700/10000 | Train Loss: 9.032e-02 | Dynamic Loss: 9.031e-02 | Regularization Loss: 5.128e-06 | Val Loss: 2.265e-01 | Time: 5.70s
2025-08-18 19:18:00,650:INFO:Epoch: 4750/10000 | Train Loss: 8.928e-02 | Dynamic Loss: 8.928e-02 | Regularization Loss: 4.877e-06 | Val Loss: 2.278e-01 | Time: 5.72s
2025-08-18 19:18:09,337:INFO:Epoch: 4800/10000 | Train Loss: 1.002e-01 | Dynamic Loss: 1.002e-01 | Regularization Loss: 4.405e-06 | Val Loss: 2.317e-01 | Time: 8.69s
2025-08-18 19:18:15,077:INFO:Epoch: 4850/10000 | Train Loss: 1.005e-01 | Dynamic Loss: 1.005e-01 | Regularization Loss: 3.129e-06 | Val Loss: 2.333e-01 | Time: 5.74s
2025-08-18 19:18:27,700:INFO:Epoch: 4900/10000 | Train Loss: 8.220e-02 | Dynamic Loss: 8.220e-02 | Regularization Loss: 3.963e-06 | Val Loss: 2.260e-01 | Time: 12.62s
2025-08-18 19:18:27,700:INFO:New best model found at epoch 4900 with validation loss 2.260e-01. Saving...
2025-08-18 19:18:33,362:INFO:Epoch: 4950/10000 | Train Loss: 1.029e-01 | Dynamic Loss: 1.028e-01 | Regularization Loss: 3.512e-06 | Val Loss: 2.383e-01 | Time: 5.65s
2025-08-18 19:18:39,048:INFO:Epoch: 5000/10000 | Train Loss: 8.059e-02 | Dynamic Loss: 8.059e-02 | Regularization Loss: 3.346e-06 | Val Loss: 2.238e-01 | Time: 5.69s
2025-08-18 19:18:39,048:INFO:New best model found at epoch 5000 with validation loss 2.238e-01. Saving...
2025-08-18 19:18:44,728:INFO:Epoch: 5050/10000 | Train Loss: 1.083e-01 | Dynamic Loss: 1.083e-01 | Regularization Loss: 3.325e-06 | Val Loss: 2.459e-01 | Time: 5.67s
2025-08-18 19:18:50,457:INFO:Epoch: 5100/10000 | Train Loss: 9.727e-02 | Dynamic Loss: 9.727e-02 | Regularization Loss: 2.498e-06 | Val Loss: 2.258e-01 | Time: 5.73s
2025-08-18 19:18:56,124:INFO:Epoch: 5150/10000 | Train Loss: 8.241e-02 | Dynamic Loss: 8.241e-02 | Regularization Loss: 2.520e-06 | Val Loss: 2.243e-01 | Time: 5.67s
2025-08-18 19:19:01,791:INFO:Epoch: 5200/10000 | Train Loss: 7.613e-02 | Dynamic Loss: 7.613e-02 | Regularization Loss: 2.768e-06 | Val Loss: 2.191e-01 | Time: 5.67s
2025-08-18 19:19:01,791:INFO:New best model found at epoch 5200 with validation loss 2.191e-01. Saving...
2025-08-18 19:19:10,916:INFO:Epoch: 5250/10000 | Train Loss: 8.125e-02 | Dynamic Loss: 8.125e-02 | Regularization Loss: 2.331e-06 | Val Loss: 2.219e-01 | Time: 9.12s
2025-08-18 19:19:16,612:INFO:Epoch: 5300/10000 | Train Loss: 8.327e-02 | Dynamic Loss: 8.327e-02 | Regularization Loss: 2.459e-06 | Val Loss: 2.200e-01 | Time: 5.70s
2025-08-18 19:19:22,347:INFO:Epoch: 5350/10000 | Train Loss: 7.627e-02 | Dynamic Loss: 7.627e-02 | Regularization Loss: 2.197e-06 | Val Loss: 2.120e-01 | Time: 5.73s
2025-08-18 19:19:22,348:INFO:New best model found at epoch 5350 with validation loss 2.120e-01. Saving...
2025-08-18 19:19:28,090:INFO:Epoch: 5400/10000 | Train Loss: 7.198e-02 | Dynamic Loss: 7.198e-02 | Regularization Loss: 2.119e-06 | Val Loss: 2.131e-01 | Time: 5.73s
2025-08-18 19:19:33,884:INFO:Epoch: 5450/10000 | Train Loss: 6.946e-02 | Dynamic Loss: 6.946e-02 | Regularization Loss: 2.035e-06 | Val Loss: 2.122e-01 | Time: 5.79s
2025-08-18 19:19:39,741:INFO:Epoch: 5500/10000 | Train Loss: 7.181e-02 | Dynamic Loss: 7.181e-02 | Regularization Loss: 1.938e-06 | Val Loss: 2.202e-01 | Time: 5.86s
2025-08-18 19:19:45,557:INFO:Epoch: 5550/10000 | Train Loss: 7.151e-02 | Dynamic Loss: 7.151e-02 | Regularization Loss: 1.712e-06 | Val Loss: 2.132e-01 | Time: 5.82s
2025-08-18 19:19:51,283:INFO:Epoch: 5600/10000 | Train Loss: 8.436e-02 | Dynamic Loss: 8.435e-02 | Regularization Loss: 1.529e-06 | Val Loss: 2.267e-01 | Time: 5.73s
2025-08-18 19:19:57,057:INFO:Epoch: 5650/10000 | Train Loss: 6.929e-02 | Dynamic Loss: 6.929e-02 | Regularization Loss: 1.630e-06 | Val Loss: 2.117e-01 | Time: 5.77s
2025-08-18 19:19:57,057:INFO:New best model found at epoch 5650 with validation loss 2.117e-01. Saving...
2025-08-18 19:20:06,859:INFO:Epoch: 5700/10000 | Train Loss: 6.577e-02 | Dynamic Loss: 6.577e-02 | Regularization Loss: 1.608e-06 | Val Loss: 2.073e-01 | Time: 9.79s
2025-08-18 19:20:06,859:INFO:New best model found at epoch 5700 with validation loss 2.073e-01. Saving...
2025-08-18 19:20:12,683:INFO:Epoch: 5750/10000 | Train Loss: 7.726e-02 | Dynamic Loss: 7.726e-02 | Regularization Loss: 1.529e-06 | Val Loss: 2.205e-01 | Time: 5.81s
2025-08-18 19:20:25,035:INFO:Epoch: 5800/10000 | Train Loss: 7.539e-02 | Dynamic Loss: 7.539e-02 | Regularization Loss: 1.444e-06 | Val Loss: 2.135e-01 | Time: 12.35s
2025-08-18 19:20:30,810:INFO:Epoch: 5850/10000 | Train Loss: 6.706e-02 | Dynamic Loss: 6.706e-02 | Regularization Loss: 1.223e-06 | Val Loss: 2.109e-01 | Time: 5.77s
2025-08-18 19:20:36,651:INFO:Epoch: 5900/10000 | Train Loss: 6.633e-02 | Dynamic Loss: 6.633e-02 | Regularization Loss: 1.289e-06 | Val Loss: 2.077e-01 | Time: 5.84s
2025-08-18 19:20:42,381:INFO:Epoch: 5950/10000 | Train Loss: 7.248e-02 | Dynamic Loss: 7.248e-02 | Regularization Loss: 1.188e-06 | Val Loss: 2.158e-01 | Time: 5.73s
2025-08-18 19:20:48,187:INFO:Epoch: 6000/10000 | Train Loss: 8.063e-02 | Dynamic Loss: 8.063e-02 | Regularization Loss: 1.103e-06 | Val Loss: 2.213e-01 | Time: 5.81s
2025-08-18 19:20:54,068:INFO:Epoch: 6050/10000 | Train Loss: 6.553e-02 | Dynamic Loss: 6.553e-02 | Regularization Loss: 1.322e-06 | Val Loss: 2.045e-01 | Time: 5.88s
2025-08-18 19:20:54,068:INFO:New best model found at epoch 6050 with validation loss 2.045e-01. Saving...
2025-08-18 19:20:59,845:INFO:Epoch: 6100/10000 | Train Loss: 6.685e-02 | Dynamic Loss: 6.685e-02 | Regularization Loss: 1.186e-06 | Val Loss: 2.042e-01 | Time: 5.77s
2025-08-18 19:20:59,845:INFO:New best model found at epoch 6100 with validation loss 2.042e-01. Saving...
2025-08-18 19:21:10,030:INFO:Epoch: 6150/10000 | Train Loss: 5.740e-02 | Dynamic Loss: 5.739e-02 | Regularization Loss: 1.164e-06 | Val Loss: 2.007e-01 | Time: 10.18s
2025-08-18 19:21:10,031:INFO:New best model found at epoch 6150 with validation loss 2.007e-01. Saving...
2025-08-18 19:21:15,724:INFO:Epoch: 6200/10000 | Train Loss: 5.751e-02 | Dynamic Loss: 5.751e-02 | Regularization Loss: 1.074e-06 | Val Loss: 2.023e-01 | Time: 5.68s
2025-08-18 19:21:21,377:INFO:Epoch: 6250/10000 | Train Loss: 5.627e-02 | Dynamic Loss: 5.627e-02 | Regularization Loss: 1.096e-06 | Val Loss: 1.992e-01 | Time: 5.65s
2025-08-18 19:21:21,377:INFO:New best model found at epoch 6250 with validation loss 1.992e-01. Saving...
2025-08-18 19:21:27,273:INFO:Epoch: 6300/10000 | Train Loss: 5.693e-02 | Dynamic Loss: 5.693e-02 | Regularization Loss: 1.045e-06 | Val Loss: 2.031e-01 | Time: 5.89s
2025-08-18 19:21:33,087:INFO:Epoch: 6350/10000 | Train Loss: 6.792e-02 | Dynamic Loss: 6.792e-02 | Regularization Loss: 8.800e-07 | Val Loss: 2.090e-01 | Time: 5.81s
2025-08-18 19:21:38,873:INFO:Epoch: 6400/10000 | Train Loss: 6.052e-02 | Dynamic Loss: 6.052e-02 | Regularization Loss: 9.574e-07 | Val Loss: 2.062e-01 | Time: 5.79s
2025-08-18 19:21:44,478:INFO:Epoch: 6450/10000 | Train Loss: 5.878e-02 | Dynamic Loss: 5.878e-02 | Regularization Loss: 9.324e-07 | Val Loss: 2.018e-01 | Time: 5.61s
2025-08-18 19:21:52,902:INFO:Epoch: 6500/10000 | Train Loss: 5.552e-02 | Dynamic Loss: 5.552e-02 | Regularization Loss: 9.186e-07 | Val Loss: 1.989e-01 | Time: 8.42s
2025-08-18 19:21:52,902:INFO:New best model found at epoch 6500 with validation loss 1.989e-01. Saving...
2025-08-18 19:21:58,668:INFO:Epoch: 6550/10000 | Train Loss: 5.251e-02 | Dynamic Loss: 5.251e-02 | Regularization Loss: 8.972e-07 | Val Loss: 1.976e-01 | Time: 5.75s
2025-08-18 19:21:58,668:INFO:New best model found at epoch 6550 with validation loss 1.976e-01. Saving...
2025-08-18 19:22:11,348:INFO:Epoch: 6600/10000 | Train Loss: 5.463e-02 | Dynamic Loss: 5.463e-02 | Regularization Loss: 8.329e-07 | Val Loss: 2.000e-01 | Time: 12.67s
2025-08-18 19:22:17,117:INFO:Epoch: 6650/10000 | Train Loss: 5.881e-02 | Dynamic Loss: 5.881e-02 | Regularization Loss: 7.679e-07 | Val Loss: 1.994e-01 | Time: 5.77s
2025-08-18 19:22:22,886:INFO:Epoch: 6700/10000 | Train Loss: 5.913e-02 | Dynamic Loss: 5.913e-02 | Regularization Loss: 7.447e-07 | Val Loss: 2.051e-01 | Time: 5.77s
2025-08-18 19:22:28,652:INFO:Epoch: 6750/10000 | Train Loss: 5.341e-02 | Dynamic Loss: 5.341e-02 | Regularization Loss: 7.551e-07 | Val Loss: 1.988e-01 | Time: 5.77s
2025-08-18 19:22:34,414:INFO:Epoch: 6800/10000 | Train Loss: 5.480e-02 | Dynamic Loss: 5.480e-02 | Regularization Loss: 7.334e-07 | Val Loss: 2.013e-01 | Time: 5.76s
2025-08-18 19:22:40,138:INFO:Epoch: 6850/10000 | Train Loss: 4.978e-02 | Dynamic Loss: 4.977e-02 | Regularization Loss: 6.715e-07 | Val Loss: 1.982e-01 | Time: 5.72s
2025-08-18 19:22:45,978:INFO:Epoch: 6900/10000 | Train Loss: 5.824e-02 | Dynamic Loss: 5.824e-02 | Regularization Loss: 5.730e-07 | Val Loss: 2.016e-01 | Time: 5.84s
2025-08-18 19:22:51,689:INFO:Epoch: 6950/10000 | Train Loss: 5.936e-02 | Dynamic Loss: 5.936e-02 | Regularization Loss: 6.095e-07 | Val Loss: 2.041e-01 | Time: 5.71s
2025-08-18 19:22:57,407:INFO:Epoch: 7000/10000 | Train Loss: 6.077e-02 | Dynamic Loss: 6.077e-02 | Regularization Loss: 5.748e-07 | Val Loss: 2.098e-01 | Time: 5.72s
2025-08-18 19:23:03,152:INFO:Epoch: 7050/10000 | Train Loss: 6.002e-02 | Dynamic Loss: 6.002e-02 | Regularization Loss: 5.751e-07 | Val Loss: 2.031e-01 | Time: 5.74s
2025-08-18 19:23:09,537:INFO:Epoch: 7100/10000 | Train Loss: 4.911e-02 | Dynamic Loss: 4.911e-02 | Regularization Loss: 5.405e-07 | Val Loss: 1.971e-01 | Time: 6.39s
2025-08-18 19:23:09,537:INFO:New best model found at epoch 7100 with validation loss 1.971e-01. Saving...
2025-08-18 19:23:15,180:INFO:Epoch: 7150/10000 | Train Loss: 4.898e-02 | Dynamic Loss: 4.898e-02 | Regularization Loss: 4.901e-07 | Val Loss: 1.958e-01 | Time: 5.63s
2025-08-18 19:23:15,180:INFO:New best model found at epoch 7150 with validation loss 1.958e-01. Saving...
2025-08-18 19:23:20,878:INFO:Epoch: 7200/10000 | Train Loss: 5.685e-02 | Dynamic Loss: 5.685e-02 | Regularization Loss: 4.835e-07 | Val Loss: 2.074e-01 | Time: 5.69s
2025-08-18 19:23:26,441:INFO:Epoch: 7250/10000 | Train Loss: 4.579e-02 | Dynamic Loss: 4.579e-02 | Regularization Loss: 4.599e-07 | Val Loss: 1.934e-01 | Time: 5.56s
2025-08-18 19:23:26,441:INFO:New best model found at epoch 7250 with validation loss 1.934e-01. Saving...
2025-08-18 19:23:32,267:INFO:Epoch: 7300/10000 | Train Loss: 5.652e-02 | Dynamic Loss: 5.651e-02 | Regularization Loss: 4.290e-07 | Val Loss: 2.015e-01 | Time: 5.82s
2025-08-18 19:23:38,135:INFO:Epoch: 7350/10000 | Train Loss: 5.585e-02 | Dynamic Loss: 5.585e-02 | Regularization Loss: 4.209e-07 | Val Loss: 1.950e-01 | Time: 5.87s
2025-08-18 19:23:44,677:INFO:Epoch: 7400/10000 | Train Loss: 4.297e-02 | Dynamic Loss: 4.297e-02 | Regularization Loss: 4.095e-07 | Val Loss: 1.908e-01 | Time: 6.54s
2025-08-18 19:23:44,678:INFO:New best model found at epoch 7400 with validation loss 1.908e-01. Saving...
2025-08-18 19:23:50,428:INFO:Epoch: 7450/10000 | Train Loss: 4.716e-02 | Dynamic Loss: 4.716e-02 | Regularization Loss: 3.947e-07 | Val Loss: 1.943e-01 | Time: 5.74s
2025-08-18 19:23:56,221:INFO:Epoch: 7500/10000 | Train Loss: 4.721e-02 | Dynamic Loss: 4.721e-02 | Regularization Loss: 3.776e-07 | Val Loss: 1.930e-01 | Time: 5.79s
2025-08-18 19:24:02,005:INFO:Epoch: 7550/10000 | Train Loss: 4.567e-02 | Dynamic Loss: 4.567e-02 | Regularization Loss: 3.578e-07 | Val Loss: 1.905e-01 | Time: 5.78s
2025-08-18 19:24:02,005:INFO:New best model found at epoch 7550 with validation loss 1.905e-01. Saving...
2025-08-18 19:24:07,833:INFO:Epoch: 7600/10000 | Train Loss: 4.933e-02 | Dynamic Loss: 4.933e-02 | Regularization Loss: 3.432e-07 | Val Loss: 1.942e-01 | Time: 5.82s
2025-08-18 19:24:13,594:INFO:Epoch: 7650/10000 | Train Loss: 4.374e-02 | Dynamic Loss: 4.374e-02 | Regularization Loss: 3.557e-07 | Val Loss: 1.929e-01 | Time: 5.76s
2025-08-18 19:24:19,687:INFO:Epoch: 7700/10000 | Train Loss: 6.223e-02 | Dynamic Loss: 6.223e-02 | Regularization Loss: 3.251e-07 | Val Loss: 2.225e-01 | Time: 6.09s
2025-08-18 19:24:25,596:INFO:Epoch: 7750/10000 | Train Loss: 4.886e-02 | Dynamic Loss: 4.886e-02 | Regularization Loss: 3.280e-07 | Val Loss: 1.987e-01 | Time: 5.91s
2025-08-18 19:24:31,356:INFO:Epoch: 7800/10000 | Train Loss: 5.811e-02 | Dynamic Loss: 5.811e-02 | Regularization Loss: 3.089e-07 | Val Loss: 2.027e-01 | Time: 5.76s
2025-08-18 19:24:43,829:INFO:Epoch: 7850/10000 | Train Loss: 4.256e-02 | Dynamic Loss: 4.256e-02 | Regularization Loss: 3.311e-07 | Val Loss: 1.924e-01 | Time: 12.47s
2025-08-18 19:24:49,551:INFO:Epoch: 7900/10000 | Train Loss: 4.715e-02 | Dynamic Loss: 4.715e-02 | Regularization Loss: 3.133e-07 | Val Loss: 1.923e-01 | Time: 5.72s
2025-08-18 19:24:55,331:INFO:Epoch: 7950/10000 | Train Loss: 3.997e-02 | Dynamic Loss: 3.997e-02 | Regularization Loss: 3.135e-07 | Val Loss: 1.890e-01 | Time: 5.78s
2025-08-18 19:24:55,331:INFO:New best model found at epoch 7950 with validation loss 1.890e-01. Saving...
2025-08-18 19:25:01,197:INFO:Epoch: 8000/10000 | Train Loss: 4.820e-02 | Dynamic Loss: 4.820e-02 | Regularization Loss: 2.995e-07 | Val Loss: 1.941e-01 | Time: 5.86s
2025-08-18 19:25:07,013:INFO:Epoch: 8050/10000 | Train Loss: 4.278e-02 | Dynamic Loss: 4.278e-02 | Regularization Loss: 3.011e-07 | Val Loss: 1.893e-01 | Time: 5.82s
2025-08-18 19:25:12,763:INFO:Epoch: 8100/10000 | Train Loss: 6.096e-02 | Dynamic Loss: 6.096e-02 | Regularization Loss: 2.746e-07 | Val Loss: 2.071e-01 | Time: 5.75s
2025-08-18 19:25:18,492:INFO:Epoch: 8150/10000 | Train Loss: 5.048e-02 | Dynamic Loss: 5.047e-02 | Regularization Loss: 2.888e-07 | Val Loss: 2.024e-01 | Time: 5.73s
2025-08-18 19:25:28,368:INFO:Epoch: 8200/10000 | Train Loss: 4.970e-02 | Dynamic Loss: 4.970e-02 | Regularization Loss: 2.636e-07 | Val Loss: 2.063e-01 | Time: 9.88s
2025-08-18 19:25:34,128:INFO:Epoch: 8250/10000 | Train Loss: 3.978e-02 | Dynamic Loss: 3.978e-02 | Regularization Loss: 2.902e-07 | Val Loss: 1.883e-01 | Time: 5.76s
2025-08-18 19:25:34,128:INFO:New best model found at epoch 8250 with validation loss 1.883e-01. Saving...
2025-08-18 19:25:43,359:INFO:Epoch: 8300/10000 | Train Loss: 4.866e-02 | Dynamic Loss: 4.866e-02 | Regularization Loss: 2.676e-07 | Val Loss: 1.948e-01 | Time: 9.22s
2025-08-18 19:25:49,056:INFO:Epoch: 8350/10000 | Train Loss: 3.721e-02 | Dynamic Loss: 3.721e-02 | Regularization Loss: 2.826e-07 | Val Loss: 1.889e-01 | Time: 5.70s
2025-08-18 19:25:54,820:INFO:Epoch: 8400/10000 | Train Loss: 3.623e-02 | Dynamic Loss: 3.623e-02 | Regularization Loss: 2.790e-07 | Val Loss: 1.885e-01 | Time: 5.76s
2025-08-18 19:26:00,618:INFO:Epoch: 8450/10000 | Train Loss: 3.651e-02 | Dynamic Loss: 3.651e-02 | Regularization Loss: 2.775e-07 | Val Loss: 1.875e-01 | Time: 5.80s
2025-08-18 19:26:00,619:INFO:New best model found at epoch 8450 with validation loss 1.875e-01. Saving...
2025-08-18 19:26:06,363:INFO:Epoch: 8500/10000 | Train Loss: 4.586e-02 | Dynamic Loss: 4.585e-02 | Regularization Loss: 2.708e-07 | Val Loss: 1.957e-01 | Time: 5.74s
2025-08-18 19:26:19,013:INFO:Epoch: 8550/10000 | Train Loss: 7.223e-02 | Dynamic Loss: 7.223e-02 | Regularization Loss: 2.622e-07 | Val Loss: 2.234e-01 | Time: 12.65s
2025-08-18 19:26:24,903:INFO:Epoch: 8600/10000 | Train Loss: 4.486e-02 | Dynamic Loss: 4.486e-02 | Regularization Loss: 2.566e-07 | Val Loss: 1.961e-01 | Time: 5.89s
2025-08-18 19:26:30,802:INFO:Epoch: 8650/10000 | Train Loss: 1.009e-01 | Dynamic Loss: 1.009e-01 | Regularization Loss: 1.621e-07 | Val Loss: 2.409e-01 | Time: 5.90s
2025-08-18 19:26:36,589:INFO:Epoch: 8700/10000 | Train Loss: 3.907e-02 | Dynamic Loss: 3.907e-02 | Regularization Loss: 2.542e-07 | Val Loss: 1.884e-01 | Time: 5.79s
2025-08-18 19:26:42,445:INFO:Epoch: 8750/10000 | Train Loss: 3.703e-02 | Dynamic Loss: 3.703e-02 | Regularization Loss: 2.568e-07 | Val Loss: 1.930e-01 | Time: 5.86s
2025-08-18 19:26:48,279:INFO:Epoch: 8800/10000 | Train Loss: 4.329e-02 | Dynamic Loss: 4.329e-02 | Regularization Loss: 2.492e-07 | Val Loss: 2.007e-01 | Time: 5.83s
2025-08-18 19:26:54,003:INFO:Epoch: 8850/10000 | Train Loss: 3.763e-02 | Dynamic Loss: 3.763e-02 | Regularization Loss: 2.469e-07 | Val Loss: 1.899e-01 | Time: 5.72s
2025-08-18 19:27:02,389:INFO:Epoch: 8900/10000 | Train Loss: 4.329e-02 | Dynamic Loss: 4.329e-02 | Regularization Loss: 2.357e-07 | Val Loss: 1.972e-01 | Time: 8.39s
2025-08-18 19:27:08,187:INFO:Epoch: 8950/10000 | Train Loss: 3.743e-02 | Dynamic Loss: 3.743e-02 | Regularization Loss: 2.393e-07 | Val Loss: 1.927e-01 | Time: 5.80s
2025-08-18 19:27:19,957:INFO:Epoch: 9000/10000 | Train Loss: 3.461e-02 | Dynamic Loss: 3.461e-02 | Regularization Loss: 2.410e-07 | Val Loss: 1.877e-01 | Time: 11.77s
2025-08-18 19:27:25,708:INFO:Epoch: 9050/10000 | Train Loss: 3.574e-02 | Dynamic Loss: 3.574e-02 | Regularization Loss: 2.324e-07 | Val Loss: 1.903e-01 | Time: 5.75s
2025-08-18 19:27:31,467:INFO:Epoch: 9100/10000 | Train Loss: 3.730e-02 | Dynamic Loss: 3.730e-02 | Regularization Loss: 2.293e-07 | Val Loss: 1.932e-01 | Time: 5.76s
2025-08-18 19:27:37,273:INFO:Epoch: 9150/10000 | Train Loss: 3.924e-02 | Dynamic Loss: 3.924e-02 | Regularization Loss: 2.286e-07 | Val Loss: 1.964e-01 | Time: 5.81s
2025-08-18 19:27:43,126:INFO:Epoch: 9200/10000 | Train Loss: 3.292e-02 | Dynamic Loss: 3.292e-02 | Regularization Loss: 2.253e-07 | Val Loss: 1.880e-01 | Time: 5.85s
2025-08-18 19:27:48,817:INFO:Epoch: 9250/10000 | Train Loss: 3.514e-02 | Dynamic Loss: 3.514e-02 | Regularization Loss: 2.151e-07 | Val Loss: 1.907e-01 | Time: 5.69s
2025-08-18 19:27:54,792:INFO:Epoch: 9300/10000 | Train Loss: 3.360e-02 | Dynamic Loss: 3.360e-02 | Regularization Loss: 2.141e-07 | Val Loss: 1.917e-01 | Time: 5.98s
2025-08-18 19:28:00,707:INFO:Epoch: 9350/10000 | Train Loss: 3.526e-02 | Dynamic Loss: 3.526e-02 | Regularization Loss: 2.095e-07 | Val Loss: 1.917e-01 | Time: 5.91s
2025-08-18 19:28:06,497:INFO:Epoch: 9400/10000 | Train Loss: 4.169e-02 | Dynamic Loss: 4.169e-02 | Regularization Loss: 2.027e-07 | Val Loss: 1.942e-01 | Time: 5.79s
2025-08-18 19:28:19,362:INFO:Epoch: 9450/10000 | Train Loss: 5.144e-02 | Dynamic Loss: 5.144e-02 | Regularization Loss: 1.524e-07 | Val Loss: 2.084e-01 | Time: 12.86s
2025-08-18 19:28:25,168:INFO:Epoch: 9500/10000 | Train Loss: 3.834e-02 | Dynamic Loss: 3.834e-02 | Regularization Loss: 1.993e-07 | Val Loss: 1.914e-01 | Time: 5.81s
2025-08-18 19:28:31,132:INFO:Epoch: 9550/10000 | Train Loss: 2.950e-02 | Dynamic Loss: 2.950e-02 | Regularization Loss: 2.008e-07 | Val Loss: 1.886e-01 | Time: 5.96s
2025-08-18 19:28:36,902:INFO:Epoch: 9600/10000 | Train Loss: 4.077e-02 | Dynamic Loss: 4.077e-02 | Regularization Loss: 1.650e-07 | Val Loss: 1.975e-01 | Time: 5.77s
2025-08-18 19:28:42,788:INFO:Epoch: 9650/10000 | Train Loss: 3.491e-02 | Dynamic Loss: 3.490e-02 | Regularization Loss: 1.856e-07 | Val Loss: 1.899e-01 | Time: 5.89s
2025-08-18 19:28:48,560:INFO:Epoch: 9700/10000 | Train Loss: 3.770e-02 | Dynamic Loss: 3.770e-02 | Regularization Loss: 1.801e-07 | Val Loss: 1.949e-01 | Time: 5.77s
2025-08-18 19:28:54,399:INFO:Epoch: 9750/10000 | Train Loss: 3.841e-02 | Dynamic Loss: 3.841e-02 | Regularization Loss: 1.577e-07 | Val Loss: 1.958e-01 | Time: 5.84s
2025-08-18 19:29:00,171:INFO:Epoch: 9800/10000 | Train Loss: 3.296e-02 | Dynamic Loss: 3.296e-02 | Regularization Loss: 1.803e-07 | Val Loss: 1.937e-01 | Time: 5.77s
2025-08-18 19:29:06,073:INFO:Epoch: 9850/10000 | Train Loss: 3.385e-02 | Dynamic Loss: 3.385e-02 | Regularization Loss: 1.868e-07 | Val Loss: 1.917e-01 | Time: 5.90s
2025-08-18 19:29:11,976:INFO:Epoch: 9900/10000 | Train Loss: 3.446e-02 | Dynamic Loss: 3.446e-02 | Regularization Loss: 1.903e-07 | Val Loss: 1.939e-01 | Time: 5.90s
2025-08-18 19:29:17,797:INFO:Epoch: 9950/10000 | Train Loss: 3.033e-02 | Dynamic Loss: 3.033e-02 | Regularization Loss: 1.839e-07 | Val Loss: 1.893e-01 | Time: 5.82s
2025-08-18 19:29:28,670:INFO:Epoch: 10000/10000 | Train Loss: 3.303e-02 | Dynamic Loss: 3.303e-02 | Regularization Loss: 1.814e-07 | Val Loss: 1.937e-01 | Time: 10.87s
