2025-08-18 13:34:18,669:INFO:Created DataLoaders with 2994 training samples and 998 validation samples.
2025-08-18 13:34:19,363:INFO:model params: 98945
2025-08-18 13:34:20,346:INFO:Epoch: 0/10000 | Train Loss: 5.037e+00 | Dynamic Loss: 5.037e+00 | Regularization Loss: 0.000e+00 | Val Loss: 2.822e+00 | Time: 0.98s
2025-08-18 13:34:20,346:INFO:New best model found at epoch 0 with validation loss 2.822e+00. Saving...
2025-08-18 13:34:24,434:INFO:Epoch: 50/10000 | Train Loss: 1.681e+00 | Dynamic Loss: 1.681e+00 | Regularization Loss: 0.000e+00 | Val Loss: 1.707e+00 | Time: 4.08s
2025-08-18 13:34:24,434:INFO:New best model found at epoch 50 with validation loss 1.707e+00. Saving...
2025-08-18 13:34:33,707:INFO:Epoch: 100/10000 | Train Loss: 1.659e+00 | Dynamic Loss: 1.659e+00 | Regularization Loss: 0.000e+00 | Val Loss: 1.683e+00 | Time: 9.24s
2025-08-18 13:34:33,707:INFO:New best model found at epoch 100 with validation loss 1.683e+00. Saving...
2025-08-18 13:34:37,883:INFO:Epoch: 150/10000 | Train Loss: 1.637e+00 | Dynamic Loss: 1.637e+00 | Regularization Loss: 0.000e+00 | Val Loss: 1.661e+00 | Time: 4.17s
2025-08-18 13:34:37,883:INFO:New best model found at epoch 150 with validation loss 1.661e+00. Saving...
2025-08-18 13:34:42,115:INFO:Epoch: 200/10000 | Train Loss: 1.612e+00 | Dynamic Loss: 1.612e+00 | Regularization Loss: 0.000e+00 | Val Loss: 1.635e+00 | Time: 4.23s
2025-08-18 13:34:42,115:INFO:New best model found at epoch 200 with validation loss 1.635e+00. Saving...
2025-08-18 13:34:48,623:INFO:Epoch: 250/10000 | Train Loss: 1.586e+00 | Dynamic Loss: 1.586e+00 | Regularization Loss: 0.000e+00 | Val Loss: 1.612e+00 | Time: 6.50s
2025-08-18 13:34:48,624:INFO:New best model found at epoch 250 with validation loss 1.612e+00. Saving...
2025-08-18 13:34:52,880:INFO:Epoch: 300/10000 | Train Loss: 1.559e+00 | Dynamic Loss: 1.559e+00 | Regularization Loss: 0.000e+00 | Val Loss: 1.587e+00 | Time: 4.25s
2025-08-18 13:34:52,880:INFO:New best model found at epoch 300 with validation loss 1.587e+00. Saving...
2025-08-18 13:34:57,223:INFO:Epoch: 350/10000 | Train Loss: 1.525e+00 | Dynamic Loss: 1.525e+00 | Regularization Loss: 0.000e+00 | Val Loss: 1.541e+00 | Time: 4.34s
2025-08-18 13:34:57,223:INFO:New best model found at epoch 350 with validation loss 1.541e+00. Saving...
2025-08-18 13:35:01,496:INFO:Epoch: 400/10000 | Train Loss: 1.494e+00 | Dynamic Loss: 1.494e+00 | Regularization Loss: 0.000e+00 | Val Loss: 1.510e+00 | Time: 4.27s
2025-08-18 13:35:01,496:INFO:New best model found at epoch 400 with validation loss 1.510e+00. Saving...
2025-08-18 13:35:11,818:INFO:Epoch: 450/10000 | Train Loss: 1.528e+00 | Dynamic Loss: 1.528e+00 | Regularization Loss: 0.000e+00 | Val Loss: 1.497e+00 | Time: 10.32s
2025-08-18 13:35:11,818:INFO:New best model found at epoch 450 with validation loss 1.497e+00. Saving...
2025-08-18 13:35:16,156:INFO:Epoch: 500/10000 | Train Loss: 1.452e+00 | Dynamic Loss: 1.452e+00 | Regularization Loss: 0.000e+00 | Val Loss: 1.472e+00 | Time: 4.33s
2025-08-18 13:35:16,156:INFO:New best model found at epoch 500 with validation loss 1.472e+00. Saving...
2025-08-18 13:35:20,500:INFO:Epoch: 550/10000 | Train Loss: 1.434e+00 | Dynamic Loss: 1.434e+00 | Regularization Loss: 0.000e+00 | Val Loss: 1.450e+00 | Time: 4.33s
2025-08-18 13:35:20,500:INFO:New best model found at epoch 550 with validation loss 1.450e+00. Saving...
2025-08-18 13:35:24,784:INFO:Epoch: 600/10000 | Train Loss: 1.414e+00 | Dynamic Loss: 1.414e+00 | Regularization Loss: 0.000e+00 | Val Loss: 1.439e+00 | Time: 4.28s
2025-08-18 13:35:24,784:INFO:New best model found at epoch 600 with validation loss 1.439e+00. Saving...
2025-08-18 13:35:35,303:INFO:Epoch: 650/10000 | Train Loss: 1.397e+00 | Dynamic Loss: 1.397e+00 | Regularization Loss: 0.000e+00 | Val Loss: 1.421e+00 | Time: 10.52s
2025-08-18 13:35:35,303:INFO:New best model found at epoch 650 with validation loss 1.421e+00. Saving...
2025-08-18 13:35:39,710:INFO:Epoch: 700/10000 | Train Loss: 1.393e+00 | Dynamic Loss: 1.393e+00 | Regularization Loss: 0.000e+00 | Val Loss: 1.426e+00 | Time: 4.40s
2025-08-18 13:35:43,964:INFO:Epoch: 750/10000 | Train Loss: 1.385e+00 | Dynamic Loss: 1.385e+00 | Regularization Loss: 0.000e+00 | Val Loss: 1.408e+00 | Time: 4.25s
2025-08-18 13:35:43,964:INFO:New best model found at epoch 750 with validation loss 1.408e+00. Saving...
2025-08-18 13:35:53,655:INFO:Epoch: 800/10000 | Train Loss: 1.385e+00 | Dynamic Loss: 1.385e+00 | Regularization Loss: 0.000e+00 | Val Loss: 1.413e+00 | Time: 9.69s
2025-08-18 13:35:57,970:INFO:Epoch: 850/10000 | Train Loss: 1.362e+00 | Dynamic Loss: 1.362e+00 | Regularization Loss: 0.000e+00 | Val Loss: 1.389e+00 | Time: 4.31s
2025-08-18 13:35:57,970:INFO:New best model found at epoch 850 with validation loss 1.389e+00. Saving...
2025-08-18 13:36:02,264:INFO:Epoch: 900/10000 | Train Loss: 1.355e+00 | Dynamic Loss: 1.355e+00 | Regularization Loss: 0.000e+00 | Val Loss: 1.383e+00 | Time: 4.29s
2025-08-18 13:36:02,264:INFO:New best model found at epoch 900 with validation loss 1.383e+00. Saving...
2025-08-18 13:36:06,613:INFO:Epoch: 950/10000 | Train Loss: 1.353e+00 | Dynamic Loss: 1.353e+00 | Regularization Loss: 0.000e+00 | Val Loss: 1.379e+00 | Time: 4.35s
2025-08-18 13:36:06,613:INFO:New best model found at epoch 950 with validation loss 1.379e+00. Saving...
2025-08-18 13:36:16,985:INFO:Epoch: 1000/10000 | Train Loss: 1.344e+00 | Dynamic Loss: 1.344e+00 | Regularization Loss: 0.000e+00 | Val Loss: 1.369e+00 | Time: 10.37s
2025-08-18 13:36:16,985:INFO:New best model found at epoch 1000 with validation loss 1.369e+00. Saving...
2025-08-18 13:36:21,357:INFO:Epoch: 1050/10000 | Train Loss: 1.343e+00 | Dynamic Loss: 1.343e+00 | Regularization Loss: 0.000e+00 | Val Loss: 1.375e+00 | Time: 4.37s
2025-08-18 13:36:25,688:INFO:Epoch: 1100/10000 | Train Loss: 1.366e+00 | Dynamic Loss: 1.366e+00 | Regularization Loss: 0.000e+00 | Val Loss: 1.457e+00 | Time: 4.33s
2025-08-18 13:36:30,078:INFO:Epoch: 1150/10000 | Train Loss: 1.320e+00 | Dynamic Loss: 1.320e+00 | Regularization Loss: 0.000e+00 | Val Loss: 1.347e+00 | Time: 4.39s
2025-08-18 13:36:30,078:INFO:New best model found at epoch 1150 with validation loss 1.347e+00. Saving...
2025-08-18 13:36:34,385:INFO:Epoch: 1200/10000 | Train Loss: 1.314e+00 | Dynamic Loss: 1.314e+00 | Regularization Loss: 0.000e+00 | Val Loss: 1.345e+00 | Time: 4.30s
2025-08-18 13:36:34,385:INFO:New best model found at epoch 1200 with validation loss 1.345e+00. Saving...
2025-08-18 13:36:39,651:INFO:Epoch: 1250/10000 | Train Loss: 1.304e+00 | Dynamic Loss: 1.304e+00 | Regularization Loss: 0.000e+00 | Val Loss: 1.337e+00 | Time: 5.26s
2025-08-18 13:36:39,651:INFO:New best model found at epoch 1250 with validation loss 1.337e+00. Saving...
2025-08-18 13:36:43,941:INFO:Epoch: 1300/10000 | Train Loss: 1.338e+00 | Dynamic Loss: 1.338e+00 | Regularization Loss: 0.000e+00 | Val Loss: 1.390e+00 | Time: 4.29s
2025-08-18 13:36:48,368:INFO:Epoch: 1350/10000 | Train Loss: 1.294e+00 | Dynamic Loss: 1.294e+00 | Regularization Loss: 0.000e+00 | Val Loss: 1.326e+00 | Time: 4.43s
2025-08-18 13:36:48,368:INFO:New best model found at epoch 1350 with validation loss 1.326e+00. Saving...
2025-08-18 13:36:52,681:INFO:Epoch: 1400/10000 | Train Loss: 1.291e+00 | Dynamic Loss: 1.291e+00 | Regularization Loss: 0.000e+00 | Val Loss: 1.323e+00 | Time: 4.31s
2025-08-18 13:36:52,681:INFO:New best model found at epoch 1400 with validation loss 1.323e+00. Saving...
2025-08-18 13:36:57,067:INFO:Epoch: 1450/10000 | Train Loss: 1.285e+00 | Dynamic Loss: 1.285e+00 | Regularization Loss: 0.000e+00 | Val Loss: 1.318e+00 | Time: 4.38s
2025-08-18 13:36:57,067:INFO:New best model found at epoch 1450 with validation loss 1.318e+00. Saving...
2025-08-18 13:37:01,401:INFO:Epoch: 1500/10000 | Train Loss: 1.281e+00 | Dynamic Loss: 1.281e+00 | Regularization Loss: 0.000e+00 | Val Loss: 1.314e+00 | Time: 4.33s
2025-08-18 13:37:01,402:INFO:New best model found at epoch 1500 with validation loss 1.314e+00. Saving...
2025-08-18 13:37:11,302:INFO:Epoch: 1550/10000 | Train Loss: 1.280e+00 | Dynamic Loss: 1.280e+00 | Regularization Loss: 0.000e+00 | Val Loss: 1.312e+00 | Time: 9.89s
2025-08-18 13:37:11,302:INFO:New best model found at epoch 1550 with validation loss 1.312e+00. Saving...
2025-08-18 13:37:15,736:INFO:Epoch: 1600/10000 | Train Loss: 1.273e+00 | Dynamic Loss: 1.273e+00 | Regularization Loss: 0.000e+00 | Val Loss: 1.306e+00 | Time: 4.43s
2025-08-18 13:37:15,736:INFO:New best model found at epoch 1600 with validation loss 1.306e+00. Saving...
2025-08-18 13:37:20,085:INFO:Epoch: 1650/10000 | Train Loss: 1.268e+00 | Dynamic Loss: 1.268e+00 | Regularization Loss: 0.000e+00 | Val Loss: 1.303e+00 | Time: 4.35s
2025-08-18 13:37:20,086:INFO:New best model found at epoch 1650 with validation loss 1.303e+00. Saving...
2025-08-18 13:37:24,477:INFO:Epoch: 1700/10000 | Train Loss: 1.323e+00 | Dynamic Loss: 1.323e+00 | Regularization Loss: 0.000e+00 | Val Loss: 1.374e+00 | Time: 4.39s
2025-08-18 13:37:34,521:INFO:Epoch: 1750/10000 | Train Loss: 1.289e+00 | Dynamic Loss: 1.289e+00 | Regularization Loss: 0.000e+00 | Val Loss: 1.320e+00 | Time: 10.04s
2025-08-18 13:37:38,887:INFO:Epoch: 1800/10000 | Train Loss: 1.302e+00 | Dynamic Loss: 1.302e+00 | Regularization Loss: 0.000e+00 | Val Loss: 1.374e+00 | Time: 4.37s
2025-08-18 13:37:43,223:INFO:Epoch: 1850/10000 | Train Loss: 1.254e+00 | Dynamic Loss: 1.254e+00 | Regularization Loss: 0.000e+00 | Val Loss: 1.289e+00 | Time: 4.34s
2025-08-18 13:37:43,223:INFO:New best model found at epoch 1850 with validation loss 1.289e+00. Saving...
2025-08-18 13:37:47,647:INFO:Epoch: 1900/10000 | Train Loss: 1.273e+00 | Dynamic Loss: 1.273e+00 | Regularization Loss: 0.000e+00 | Val Loss: 1.291e+00 | Time: 4.42s
2025-08-18 13:37:52,107:INFO:Epoch: 1950/10000 | Train Loss: 1.245e+00 | Dynamic Loss: 1.245e+00 | Regularization Loss: 0.000e+00 | Val Loss: 1.282e+00 | Time: 4.46s
2025-08-18 13:37:52,107:INFO:New best model found at epoch 1950 with validation loss 1.282e+00. Saving...
2025-08-18 13:37:56,523:INFO:Epoch: 2000/10000 | Train Loss: 1.248e+00 | Dynamic Loss: 1.248e+00 | Regularization Loss: 0.000e+00 | Val Loss: 1.293e+00 | Time: 4.41s
2025-08-18 13:38:00,891:INFO:Epoch: 2050/10000 | Train Loss: 1.247e+00 | Dynamic Loss: 1.247e+00 | Regularization Loss: 0.000e+00 | Val Loss: 1.288e+00 | Time: 4.37s
2025-08-18 13:38:10,868:INFO:Epoch: 2100/10000 | Train Loss: 1.231e+00 | Dynamic Loss: 1.231e+00 | Regularization Loss: 0.000e+00 | Val Loss: 1.272e+00 | Time: 9.98s
2025-08-18 13:38:10,869:INFO:New best model found at epoch 2100 with validation loss 1.272e+00. Saving...
2025-08-18 13:38:15,294:INFO:Epoch: 2150/10000 | Train Loss: 1.233e+00 | Dynamic Loss: 1.233e+00 | Regularization Loss: 0.000e+00 | Val Loss: 1.271e+00 | Time: 4.42s
2025-08-18 13:38:15,295:INFO:New best model found at epoch 2150 with validation loss 1.271e+00. Saving...
2025-08-18 13:38:19,636:INFO:Epoch: 2200/10000 | Train Loss: 1.225e+00 | Dynamic Loss: 1.225e+00 | Regularization Loss: 0.000e+00 | Val Loss: 1.265e+00 | Time: 4.34s
2025-08-18 13:38:19,636:INFO:New best model found at epoch 2200 with validation loss 1.265e+00. Saving...
2025-08-18 13:38:24,008:INFO:Epoch: 2250/10000 | Train Loss: 1.232e+00 | Dynamic Loss: 1.232e+00 | Regularization Loss: 0.000e+00 | Val Loss: 1.268e+00 | Time: 4.37s
2025-08-18 13:38:34,492:INFO:Epoch: 2300/10000 | Train Loss: 1.217e+00 | Dynamic Loss: 1.217e+00 | Regularization Loss: 0.000e+00 | Val Loss: 1.258e+00 | Time: 10.48s
2025-08-18 13:38:34,492:INFO:New best model found at epoch 2300 with validation loss 1.258e+00. Saving...
2025-08-18 13:38:38,865:INFO:Epoch: 2350/10000 | Train Loss: 1.212e+00 | Dynamic Loss: 1.212e+00 | Regularization Loss: 0.000e+00 | Val Loss: 1.254e+00 | Time: 4.37s
2025-08-18 13:38:38,865:INFO:New best model found at epoch 2350 with validation loss 1.254e+00. Saving...
2025-08-18 13:38:43,190:INFO:Epoch: 2400/10000 | Train Loss: 1.207e+00 | Dynamic Loss: 1.207e+00 | Regularization Loss: 0.000e+00 | Val Loss: 1.256e+00 | Time: 4.32s
2025-08-18 13:38:48,764:INFO:Epoch: 2450/10000 | Train Loss: 1.207e+00 | Dynamic Loss: 1.207e+00 | Regularization Loss: 0.000e+00 | Val Loss: 1.250e+00 | Time: 5.57s
2025-08-18 13:38:48,765:INFO:New best model found at epoch 2450 with validation loss 1.250e+00. Saving...
2025-08-18 13:38:53,073:INFO:Epoch: 2500/10000 | Train Loss: 1.211e+00 | Dynamic Loss: 1.211e+00 | Regularization Loss: 0.000e+00 | Val Loss: 1.255e+00 | Time: 4.30s
2025-08-18 13:38:57,469:INFO:Epoch: 2550/10000 | Train Loss: 1.197e+00 | Dynamic Loss: 1.197e+00 | Regularization Loss: 0.000e+00 | Val Loss: 1.243e+00 | Time: 4.40s
2025-08-18 13:38:57,470:INFO:New best model found at epoch 2550 with validation loss 1.243e+00. Saving...
2025-08-18 13:39:01,806:INFO:Epoch: 2600/10000 | Train Loss: 1.213e+00 | Dynamic Loss: 1.213e+00 | Regularization Loss: 0.000e+00 | Val Loss: 1.253e+00 | Time: 4.33s
2025-08-18 13:39:11,738:INFO:Epoch: 2650/10000 | Train Loss: 1.199e+00 | Dynamic Loss: 1.199e+00 | Regularization Loss: 0.000e+00 | Val Loss: 1.242e+00 | Time: 9.93s
2025-08-18 13:39:11,738:INFO:New best model found at epoch 2650 with validation loss 1.242e+00. Saving...
2025-08-18 13:39:16,155:INFO:Epoch: 2700/10000 | Train Loss: 1.191e+00 | Dynamic Loss: 1.191e+00 | Regularization Loss: 0.000e+00 | Val Loss: 1.235e+00 | Time: 4.41s
2025-08-18 13:39:16,155:INFO:New best model found at epoch 2700 with validation loss 1.235e+00. Saving...
2025-08-18 13:39:20,527:INFO:Epoch: 2750/10000 | Train Loss: 1.196e+00 | Dynamic Loss: 1.196e+00 | Regularization Loss: 0.000e+00 | Val Loss: 1.242e+00 | Time: 4.37s
2025-08-18 13:39:24,903:INFO:Epoch: 2800/10000 | Train Loss: 1.182e+00 | Dynamic Loss: 1.182e+00 | Regularization Loss: 0.000e+00 | Val Loss: 1.229e+00 | Time: 4.38s
2025-08-18 13:39:24,903:INFO:New best model found at epoch 2800 with validation loss 1.229e+00. Saving...
2025-08-18 13:39:34,710:INFO:Epoch: 2850/10000 | Train Loss: 1.189e+00 | Dynamic Loss: 1.189e+00 | Regularization Loss: 0.000e+00 | Val Loss: 1.234e+00 | Time: 9.80s
2025-08-18 13:39:39,125:INFO:Epoch: 2900/10000 | Train Loss: 1.179e+00 | Dynamic Loss: 1.179e+00 | Regularization Loss: 0.000e+00 | Val Loss: 1.227e+00 | Time: 4.41s
2025-08-18 13:39:39,125:INFO:New best model found at epoch 2900 with validation loss 1.227e+00. Saving...
2025-08-18 13:39:43,461:INFO:Epoch: 2950/10000 | Train Loss: 1.175e+00 | Dynamic Loss: 1.175e+00 | Regularization Loss: 0.000e+00 | Val Loss: 1.223e+00 | Time: 4.33s
2025-08-18 13:39:43,461:INFO:New best model found at epoch 2950 with validation loss 1.223e+00. Saving...
2025-08-18 13:39:47,791:INFO:Epoch: 3000/10000 | Train Loss: 1.179e+00 | Dynamic Loss: 1.179e+00 | Regularization Loss: 0.000e+00 | Val Loss: 1.224e+00 | Time: 4.33s
2025-08-18 13:39:58,472:INFO:Epoch: 3050/10000 | Train Loss: 1.176e+00 | Dynamic Loss: 1.176e+00 | Regularization Loss: 0.000e+00 | Val Loss: 1.223e+00 | Time: 10.68s
2025-08-18 13:40:02,905:INFO:Epoch: 3100/10000 | Train Loss: 1.185e+00 | Dynamic Loss: 1.185e+00 | Regularization Loss: 0.000e+00 | Val Loss: 1.225e+00 | Time: 4.43s
2025-08-18 13:40:07,305:INFO:Epoch: 3150/10000 | Train Loss: 1.195e+00 | Dynamic Loss: 1.195e+00 | Regularization Loss: 0.000e+00 | Val Loss: 1.229e+00 | Time: 4.40s
2025-08-18 13:40:11,729:INFO:Epoch: 3200/10000 | Train Loss: 1.168e+00 | Dynamic Loss: 1.168e+00 | Regularization Loss: 0.000e+00 | Val Loss: 1.215e+00 | Time: 4.42s
2025-08-18 13:40:11,729:INFO:New best model found at epoch 3200 with validation loss 1.215e+00. Saving...
2025-08-18 13:40:16,087:INFO:Epoch: 3250/10000 | Train Loss: 1.168e+00 | Dynamic Loss: 1.168e+00 | Regularization Loss: 0.000e+00 | Val Loss: 1.216e+00 | Time: 4.35s
2025-08-18 13:40:20,405:INFO:Epoch: 3300/10000 | Train Loss: 1.174e+00 | Dynamic Loss: 1.174e+00 | Regularization Loss: 0.000e+00 | Val Loss: 1.217e+00 | Time: 4.32s
2025-08-18 13:40:24,723:INFO:Epoch: 3350/10000 | Train Loss: 1.156e+00 | Dynamic Loss: 1.156e+00 | Regularization Loss: 0.000e+00 | Val Loss: 1.205e+00 | Time: 4.32s
2025-08-18 13:40:24,723:INFO:New best model found at epoch 3350 with validation loss 1.205e+00. Saving...
2025-08-18 13:40:35,432:INFO:Epoch: 3400/10000 | Train Loss: 1.246e+00 | Dynamic Loss: 1.246e+00 | Regularization Loss: 0.000e+00 | Val Loss: 1.299e+00 | Time: 10.71s
2025-08-18 13:40:39,756:INFO:Epoch: 3450/10000 | Train Loss: 1.155e+00 | Dynamic Loss: 1.155e+00 | Regularization Loss: 0.000e+00 | Val Loss: 1.207e+00 | Time: 4.32s
2025-08-18 13:40:44,165:INFO:Epoch: 3500/10000 | Train Loss: 1.151e+00 | Dynamic Loss: 1.151e+00 | Regularization Loss: 0.000e+00 | Val Loss: 1.200e+00 | Time: 4.41s
2025-08-18 13:40:44,165:INFO:New best model found at epoch 3500 with validation loss 1.200e+00. Saving...
2025-08-18 13:40:48,611:INFO:Epoch: 3550/10000 | Train Loss: 1.151e+00 | Dynamic Loss: 1.151e+00 | Regularization Loss: 0.000e+00 | Val Loss: 1.200e+00 | Time: 4.44s
2025-08-18 13:40:52,965:INFO:Epoch: 3600/10000 | Train Loss: 1.161e+00 | Dynamic Loss: 1.161e+00 | Regularization Loss: 0.000e+00 | Val Loss: 1.206e+00 | Time: 4.35s
2025-08-18 13:40:57,287:INFO:Epoch: 3650/10000 | Train Loss: 1.167e+00 | Dynamic Loss: 1.167e+00 | Regularization Loss: 0.000e+00 | Val Loss: 1.198e+00 | Time: 4.32s
2025-08-18 13:40:57,288:INFO:New best model found at epoch 3650 with validation loss 1.198e+00. Saving...
2025-08-18 13:41:01,713:INFO:Epoch: 3700/10000 | Train Loss: 1.145e+00 | Dynamic Loss: 1.145e+00 | Regularization Loss: 0.000e+00 | Val Loss: 1.194e+00 | Time: 4.42s
2025-08-18 13:41:01,713:INFO:New best model found at epoch 3700 with validation loss 1.194e+00. Saving...
2025-08-18 13:41:12,233:INFO:Epoch: 3750/10000 | Train Loss: 1.159e+00 | Dynamic Loss: 1.159e+00 | Regularization Loss: 0.000e+00 | Val Loss: 1.203e+00 | Time: 10.52s
2025-08-18 13:41:16,598:INFO:Epoch: 3800/10000 | Train Loss: 1.137e+00 | Dynamic Loss: 1.137e+00 | Regularization Loss: 0.000e+00 | Val Loss: 1.189e+00 | Time: 4.36s
2025-08-18 13:41:16,598:INFO:New best model found at epoch 3800 with validation loss 1.189e+00. Saving...
2025-08-18 13:41:20,990:INFO:Epoch: 3850/10000 | Train Loss: 1.170e+00 | Dynamic Loss: 1.170e+00 | Regularization Loss: 0.000e+00 | Val Loss: 1.196e+00 | Time: 4.39s
2025-08-18 13:41:28,236:INFO:Epoch: 3900/10000 | Train Loss: 1.131e+00 | Dynamic Loss: 1.131e+00 | Regularization Loss: 0.000e+00 | Val Loss: 1.184e+00 | Time: 7.25s
2025-08-18 13:41:28,237:INFO:New best model found at epoch 3900 with validation loss 1.184e+00. Saving...
2025-08-18 13:41:32,670:INFO:Epoch: 3950/10000 | Train Loss: 1.207e+00 | Dynamic Loss: 1.207e+00 | Regularization Loss: 0.000e+00 | Val Loss: 1.202e+00 | Time: 4.43s
2025-08-18 13:41:37,144:INFO:Epoch: 4000/10000 | Train Loss: 1.137e+00 | Dynamic Loss: 1.137e+00 | Regularization Loss: 0.000e+00 | Val Loss: 1.187e+00 | Time: 4.47s
2025-08-18 13:41:41,567:INFO:Epoch: 4050/10000 | Train Loss: 1.142e+00 | Dynamic Loss: 1.142e+00 | Regularization Loss: 0.000e+00 | Val Loss: 1.191e+00 | Time: 4.42s
2025-08-18 13:41:46,018:INFO:Epoch: 4100/10000 | Train Loss: 1.200e+00 | Dynamic Loss: 1.200e+00 | Regularization Loss: 0.000e+00 | Val Loss: 1.261e+00 | Time: 4.45s
2025-08-18 13:41:50,369:INFO:Epoch: 4150/10000 | Train Loss: 1.121e+00 | Dynamic Loss: 1.121e+00 | Regularization Loss: 0.000e+00 | Val Loss: 1.177e+00 | Time: 4.35s
2025-08-18 13:41:50,369:INFO:New best model found at epoch 4150 with validation loss 1.177e+00. Saving...
2025-08-18 13:41:54,781:INFO:Epoch: 4200/10000 | Train Loss: 1.139e+00 | Dynamic Loss: 1.139e+00 | Regularization Loss: 0.000e+00 | Val Loss: 1.204e+00 | Time: 4.41s
2025-08-18 13:41:59,174:INFO:Epoch: 4250/10000 | Train Loss: 1.119e+00 | Dynamic Loss: 1.119e+00 | Regularization Loss: 0.000e+00 | Val Loss: 1.173e+00 | Time: 4.39s
2025-08-18 13:41:59,175:INFO:New best model found at epoch 4250 with validation loss 1.173e+00. Saving...
2025-08-18 13:42:09,134:INFO:Epoch: 4300/10000 | Train Loss: 1.130e+00 | Dynamic Loss: 1.130e+00 | Regularization Loss: 0.000e+00 | Val Loss: 1.180e+00 | Time: 9.96s
2025-08-18 13:42:13,643:INFO:Epoch: 4350/10000 | Train Loss: 1.119e+00 | Dynamic Loss: 1.119e+00 | Regularization Loss: 0.000e+00 | Val Loss: 1.173e+00 | Time: 4.51s
2025-08-18 13:42:17,976:INFO:Epoch: 4400/10000 | Train Loss: 1.115e+00 | Dynamic Loss: 1.115e+00 | Regularization Loss: 0.000e+00 | Val Loss: 1.171e+00 | Time: 4.33s
2025-08-18 13:42:17,976:INFO:New best model found at epoch 4400 with validation loss 1.171e+00. Saving...
2025-08-18 13:42:22,370:INFO:Epoch: 4450/10000 | Train Loss: 1.157e+00 | Dynamic Loss: 1.157e+00 | Regularization Loss: 0.000e+00 | Val Loss: 1.200e+00 | Time: 4.39s
2025-08-18 13:42:33,241:INFO:Epoch: 4500/10000 | Train Loss: 1.112e+00 | Dynamic Loss: 1.112e+00 | Regularization Loss: 0.000e+00 | Val Loss: 1.165e+00 | Time: 10.87s
2025-08-18 13:42:33,241:INFO:New best model found at epoch 4500 with validation loss 1.165e+00. Saving...
2025-08-18 13:42:37,603:INFO:Epoch: 4550/10000 | Train Loss: 1.118e+00 | Dynamic Loss: 1.118e+00 | Regularization Loss: 0.000e+00 | Val Loss: 1.175e+00 | Time: 4.36s
2025-08-18 13:42:42,120:INFO:Epoch: 4600/10000 | Train Loss: 1.105e+00 | Dynamic Loss: 1.105e+00 | Regularization Loss: 0.000e+00 | Val Loss: 1.162e+00 | Time: 4.52s
2025-08-18 13:42:42,120:INFO:New best model found at epoch 4600 with validation loss 1.162e+00. Saving...
2025-08-18 13:42:46,489:INFO:Epoch: 4650/10000 | Train Loss: 1.111e+00 | Dynamic Loss: 1.111e+00 | Regularization Loss: 0.000e+00 | Val Loss: 1.166e+00 | Time: 4.37s
2025-08-18 13:42:57,015:INFO:Epoch: 4700/10000 | Train Loss: 1.131e+00 | Dynamic Loss: 1.131e+00 | Regularization Loss: 0.000e+00 | Val Loss: 1.190e+00 | Time: 10.53s
2025-08-18 13:43:01,445:INFO:Epoch: 4750/10000 | Train Loss: 1.159e+00 | Dynamic Loss: 1.159e+00 | Regularization Loss: 0.000e+00 | Val Loss: 1.198e+00 | Time: 4.43s
2025-08-18 13:43:05,881:INFO:Epoch: 4800/10000 | Train Loss: 1.103e+00 | Dynamic Loss: 1.103e+00 | Regularization Loss: 0.000e+00 | Val Loss: 1.159e+00 | Time: 4.44s
2025-08-18 13:43:05,881:INFO:New best model found at epoch 4800 with validation loss 1.159e+00. Saving...
2025-08-18 13:43:10,258:INFO:Epoch: 4850/10000 | Train Loss: 1.102e+00 | Dynamic Loss: 1.102e+00 | Regularization Loss: 0.000e+00 | Val Loss: 1.160e+00 | Time: 4.37s
2025-08-18 13:43:20,888:INFO:Epoch: 4900/10000 | Train Loss: 1.097e+00 | Dynamic Loss: 1.097e+00 | Regularization Loss: 0.000e+00 | Val Loss: 1.154e+00 | Time: 10.63s
2025-08-18 13:43:20,888:INFO:New best model found at epoch 4900 with validation loss 1.154e+00. Saving...
2025-08-18 13:43:25,334:INFO:Epoch: 4950/10000 | Train Loss: 1.241e+00 | Dynamic Loss: 1.241e+00 | Regularization Loss: 0.000e+00 | Val Loss: 1.253e+00 | Time: 4.44s
2025-08-18 13:43:29,780:INFO:Epoch: 5000/10000 | Train Loss: 1.150e+00 | Dynamic Loss: 1.150e+00 | Regularization Loss: 0.000e+00 | Val Loss: 1.208e+00 | Time: 4.44s
2025-08-18 13:43:34,179:INFO:Epoch: 5050/10000 | Train Loss: 1.255e+00 | Dynamic Loss: 1.255e+00 | Regularization Loss: 0.000e+00 | Val Loss: 1.204e+00 | Time: 4.40s
2025-08-18 13:43:45,401:INFO:Epoch: 5100/10000 | Train Loss: 1.106e+00 | Dynamic Loss: 1.106e+00 | Regularization Loss: 0.000e+00 | Val Loss: 1.159e+00 | Time: 11.22s
2025-08-18 13:43:49,874:INFO:Epoch: 5150/10000 | Train Loss: 1.091e+00 | Dynamic Loss: 1.091e+00 | Regularization Loss: 0.000e+00 | Val Loss: 1.149e+00 | Time: 4.47s
2025-08-18 13:43:49,874:INFO:New best model found at epoch 5150 with validation loss 1.149e+00. Saving...
2025-08-18 13:43:54,228:INFO:Epoch: 5200/10000 | Train Loss: 1.110e+00 | Dynamic Loss: 1.110e+00 | Regularization Loss: 0.000e+00 | Val Loss: 1.168e+00 | Time: 4.35s
2025-08-18 13:43:58,732:INFO:Epoch: 5250/10000 | Train Loss: 1.098e+00 | Dynamic Loss: 1.098e+00 | Regularization Loss: 0.000e+00 | Val Loss: 1.152e+00 | Time: 4.50s
2025-08-18 13:44:03,253:INFO:Epoch: 5300/10000 | Train Loss: 1.080e+00 | Dynamic Loss: 1.080e+00 | Regularization Loss: 0.000e+00 | Val Loss: 1.141e+00 | Time: 4.52s
2025-08-18 13:44:03,253:INFO:New best model found at epoch 5300 with validation loss 1.141e+00. Saving...
2025-08-18 13:44:07,773:INFO:Epoch: 5350/10000 | Train Loss: 1.101e+00 | Dynamic Loss: 1.101e+00 | Regularization Loss: 0.000e+00 | Val Loss: 1.166e+00 | Time: 4.52s
2025-08-18 13:44:12,255:INFO:Epoch: 5400/10000 | Train Loss: 1.079e+00 | Dynamic Loss: 1.079e+00 | Regularization Loss: 0.000e+00 | Val Loss: 1.141e+00 | Time: 4.48s
2025-08-18 13:44:12,255:INFO:New best model found at epoch 5400 with validation loss 1.141e+00. Saving...
2025-08-18 13:44:22,720:INFO:Epoch: 5450/10000 | Train Loss: 1.084e+00 | Dynamic Loss: 1.084e+00 | Regularization Loss: 0.000e+00 | Val Loss: 1.146e+00 | Time: 10.46s
2025-08-18 13:44:27,202:INFO:Epoch: 5500/10000 | Train Loss: 1.099e+00 | Dynamic Loss: 1.099e+00 | Regularization Loss: 0.000e+00 | Val Loss: 1.153e+00 | Time: 4.48s
2025-08-18 13:44:31,682:INFO:Epoch: 5550/10000 | Train Loss: 1.080e+00 | Dynamic Loss: 1.080e+00 | Regularization Loss: 0.000e+00 | Val Loss: 1.145e+00 | Time: 4.48s
2025-08-18 13:44:36,141:INFO:Epoch: 5600/10000 | Train Loss: 1.655e+00 | Dynamic Loss: 1.655e+00 | Regularization Loss: 0.000e+00 | Val Loss: 1.200e+00 | Time: 4.46s
2025-08-18 13:44:46,331:INFO:Epoch: 5650/10000 | Train Loss: 1.076e+00 | Dynamic Loss: 1.076e+00 | Regularization Loss: 0.000e+00 | Val Loss: 1.139e+00 | Time: 10.19s
2025-08-18 13:44:46,331:INFO:New best model found at epoch 5650 with validation loss 1.139e+00. Saving...
2025-08-18 13:44:50,788:INFO:Epoch: 5700/10000 | Train Loss: 1.073e+00 | Dynamic Loss: 1.073e+00 | Regularization Loss: 0.000e+00 | Val Loss: 1.135e+00 | Time: 4.45s
2025-08-18 13:44:50,788:INFO:New best model found at epoch 5700 with validation loss 1.135e+00. Saving...
2025-08-18 13:44:55,335:INFO:Epoch: 5750/10000 | Train Loss: 1.070e+00 | Dynamic Loss: 1.070e+00 | Regularization Loss: 0.000e+00 | Val Loss: 1.132e+00 | Time: 4.54s
2025-08-18 13:44:55,336:INFO:New best model found at epoch 5750 with validation loss 1.132e+00. Saving...
2025-08-18 13:44:59,725:INFO:Epoch: 5800/10000 | Train Loss: 1.090e+00 | Dynamic Loss: 1.090e+00 | Regularization Loss: 0.000e+00 | Val Loss: 1.174e+00 | Time: 4.39s
2025-08-18 13:45:10,323:INFO:Epoch: 5850/10000 | Train Loss: 1.070e+00 | Dynamic Loss: 1.070e+00 | Regularization Loss: 0.000e+00 | Val Loss: 1.132e+00 | Time: 10.60s
2025-08-18 13:45:10,323:INFO:New best model found at epoch 5850 with validation loss 1.132e+00. Saving...
2025-08-18 13:45:14,763:INFO:Epoch: 5900/10000 | Train Loss: 1.068e+00 | Dynamic Loss: 1.068e+00 | Regularization Loss: 0.000e+00 | Val Loss: 1.130e+00 | Time: 4.44s
2025-08-18 13:45:14,763:INFO:New best model found at epoch 5900 with validation loss 1.130e+00. Saving...
2025-08-18 13:45:19,236:INFO:Epoch: 5950/10000 | Train Loss: 1.068e+00 | Dynamic Loss: 1.068e+00 | Regularization Loss: 0.000e+00 | Val Loss: 1.129e+00 | Time: 4.47s
2025-08-18 13:45:19,237:INFO:New best model found at epoch 5950 with validation loss 1.129e+00. Saving...
2025-08-18 13:45:29,722:INFO:Epoch: 6000/10000 | Train Loss: 1.099e+00 | Dynamic Loss: 1.099e+00 | Regularization Loss: 0.000e+00 | Val Loss: 1.153e+00 | Time: 10.48s
2025-08-18 13:45:34,237:INFO:Epoch: 6050/10000 | Train Loss: 1.088e+00 | Dynamic Loss: 1.088e+00 | Regularization Loss: 0.000e+00 | Val Loss: 1.147e+00 | Time: 4.52s
2025-08-18 13:45:38,726:INFO:Epoch: 6100/10000 | Train Loss: 1.080e+00 | Dynamic Loss: 1.080e+00 | Regularization Loss: 0.000e+00 | Val Loss: 1.148e+00 | Time: 4.49s
2025-08-18 13:45:43,219:INFO:Epoch: 6150/10000 | Train Loss: 1.059e+00 | Dynamic Loss: 1.059e+00 | Regularization Loss: 0.000e+00 | Val Loss: 1.122e+00 | Time: 4.49s
2025-08-18 13:45:43,219:INFO:New best model found at epoch 6150 with validation loss 1.122e+00. Saving...
2025-08-18 13:45:53,462:INFO:Epoch: 6200/10000 | Train Loss: 1.064e+00 | Dynamic Loss: 1.064e+00 | Regularization Loss: 0.000e+00 | Val Loss: 1.126e+00 | Time: 10.24s
2025-08-18 13:45:57,984:INFO:Epoch: 6250/10000 | Train Loss: 1.055e+00 | Dynamic Loss: 1.055e+00 | Regularization Loss: 0.000e+00 | Val Loss: 1.120e+00 | Time: 4.52s
2025-08-18 13:45:57,984:INFO:New best model found at epoch 6250 with validation loss 1.120e+00. Saving...
2025-08-18 13:46:02,445:INFO:Epoch: 6300/10000 | Train Loss: 1.058e+00 | Dynamic Loss: 1.058e+00 | Regularization Loss: 0.000e+00 | Val Loss: 1.120e+00 | Time: 4.46s
2025-08-18 13:46:06,854:INFO:Epoch: 6350/10000 | Train Loss: 1.058e+00 | Dynamic Loss: 1.058e+00 | Regularization Loss: 0.000e+00 | Val Loss: 1.119e+00 | Time: 4.41s
2025-08-18 13:46:06,855:INFO:New best model found at epoch 6350 with validation loss 1.119e+00. Saving...
2025-08-18 13:46:11,322:INFO:Epoch: 6400/10000 | Train Loss: 1.057e+00 | Dynamic Loss: 1.057e+00 | Regularization Loss: 0.000e+00 | Val Loss: 1.120e+00 | Time: 4.46s
2025-08-18 13:46:15,859:INFO:Epoch: 6450/10000 | Train Loss: 1.062e+00 | Dynamic Loss: 1.062e+00 | Regularization Loss: 0.000e+00 | Val Loss: 1.126e+00 | Time: 4.54s
2025-08-18 13:46:20,353:INFO:Epoch: 6500/10000 | Train Loss: 1.079e+00 | Dynamic Loss: 1.079e+00 | Regularization Loss: 0.000e+00 | Val Loss: 1.128e+00 | Time: 4.49s
2025-08-18 13:46:30,725:INFO:Epoch: 6550/10000 | Train Loss: 1.083e+00 | Dynamic Loss: 1.083e+00 | Regularization Loss: 0.000e+00 | Val Loss: 1.129e+00 | Time: 10.37s
2025-08-18 13:46:35,267:INFO:Epoch: 6600/10000 | Train Loss: 1.071e+00 | Dynamic Loss: 1.071e+00 | Regularization Loss: 0.000e+00 | Val Loss: 1.123e+00 | Time: 4.54s
2025-08-18 13:46:39,711:INFO:Epoch: 6650/10000 | Train Loss: 1.052e+00 | Dynamic Loss: 1.052e+00 | Regularization Loss: 0.000e+00 | Val Loss: 1.114e+00 | Time: 4.44s
2025-08-18 13:46:39,712:INFO:New best model found at epoch 6650 with validation loss 1.114e+00. Saving...
2025-08-18 13:46:44,059:INFO:Epoch: 6700/10000 | Train Loss: 1.097e+00 | Dynamic Loss: 1.097e+00 | Regularization Loss: 0.000e+00 | Val Loss: 1.174e+00 | Time: 4.34s
2025-08-18 13:46:54,599:INFO:Epoch: 6750/10000 | Train Loss: 1.053e+00 | Dynamic Loss: 1.053e+00 | Regularization Loss: 0.000e+00 | Val Loss: 1.114e+00 | Time: 10.54s
2025-08-18 13:46:54,599:INFO:New best model found at epoch 6750 with validation loss 1.114e+00. Saving...
2025-08-18 13:46:59,046:INFO:Epoch: 6800/10000 | Train Loss: 1.056e+00 | Dynamic Loss: 1.056e+00 | Regularization Loss: 0.000e+00 | Val Loss: 1.120e+00 | Time: 4.44s
2025-08-18 13:47:03,486:INFO:Epoch: 6850/10000 | Train Loss: 1.072e+00 | Dynamic Loss: 1.072e+00 | Regularization Loss: 0.000e+00 | Val Loss: 1.142e+00 | Time: 4.44s
2025-08-18 13:47:07,866:INFO:Epoch: 6900/10000 | Train Loss: 1.046e+00 | Dynamic Loss: 1.046e+00 | Regularization Loss: 0.000e+00 | Val Loss: 1.108e+00 | Time: 4.38s
2025-08-18 13:47:07,866:INFO:New best model found at epoch 6900 with validation loss 1.108e+00. Saving...
2025-08-18 13:47:19,115:INFO:Epoch: 6950/10000 | Train Loss: 1.040e+00 | Dynamic Loss: 1.040e+00 | Regularization Loss: 0.000e+00 | Val Loss: 1.105e+00 | Time: 11.25s
2025-08-18 13:47:19,115:INFO:New best model found at epoch 6950 with validation loss 1.105e+00. Saving...
2025-08-18 13:47:23,667:INFO:Epoch: 7000/10000 | Train Loss: 1.054e+00 | Dynamic Loss: 1.054e+00 | Regularization Loss: 0.000e+00 | Val Loss: 1.118e+00 | Time: 4.55s
2025-08-18 13:47:28,073:INFO:Epoch: 7050/10000 | Train Loss: 1.038e+00 | Dynamic Loss: 1.038e+00 | Regularization Loss: 0.000e+00 | Val Loss: 1.102e+00 | Time: 4.41s
2025-08-18 13:47:28,074:INFO:New best model found at epoch 7050 with validation loss 1.102e+00. Saving...
2025-08-18 13:47:32,586:INFO:Epoch: 7100/10000 | Train Loss: 1.037e+00 | Dynamic Loss: 1.037e+00 | Regularization Loss: 0.000e+00 | Val Loss: 1.102e+00 | Time: 4.51s
2025-08-18 13:47:37,068:INFO:Epoch: 7150/10000 | Train Loss: 1.047e+00 | Dynamic Loss: 1.047e+00 | Regularization Loss: 0.000e+00 | Val Loss: 1.119e+00 | Time: 4.48s
2025-08-18 13:47:41,481:INFO:Epoch: 7200/10000 | Train Loss: 1.031e+00 | Dynamic Loss: 1.031e+00 | Regularization Loss: 0.000e+00 | Val Loss: 1.096e+00 | Time: 4.41s
2025-08-18 13:47:41,481:INFO:New best model found at epoch 7200 with validation loss 1.096e+00. Saving...
2025-08-18 13:47:45,990:INFO:Epoch: 7250/10000 | Train Loss: 1.047e+00 | Dynamic Loss: 1.047e+00 | Regularization Loss: 0.000e+00 | Val Loss: 1.106e+00 | Time: 4.51s
2025-08-18 13:47:56,553:INFO:Epoch: 7300/10000 | Train Loss: 1.040e+00 | Dynamic Loss: 1.040e+00 | Regularization Loss: 0.000e+00 | Val Loss: 1.101e+00 | Time: 10.56s
2025-08-18 13:48:01,064:INFO:Epoch: 7350/10000 | Train Loss: 1.028e+00 | Dynamic Loss: 1.028e+00 | Regularization Loss: 0.000e+00 | Val Loss: 1.094e+00 | Time: 4.51s
2025-08-18 13:48:01,064:INFO:New best model found at epoch 7350 with validation loss 1.094e+00. Saving...
2025-08-18 13:48:05,534:INFO:Epoch: 7400/10000 | Train Loss: 1.038e+00 | Dynamic Loss: 1.038e+00 | Regularization Loss: 0.000e+00 | Val Loss: 1.099e+00 | Time: 4.47s
2025-08-18 13:48:10,108:INFO:Epoch: 7450/10000 | Train Loss: 1.040e+00 | Dynamic Loss: 1.040e+00 | Regularization Loss: 0.000e+00 | Val Loss: 1.095e+00 | Time: 4.57s
2025-08-18 13:48:14,589:INFO:Epoch: 7500/10000 | Train Loss: 1.045e+00 | Dynamic Loss: 1.045e+00 | Regularization Loss: 0.000e+00 | Val Loss: 1.106e+00 | Time: 4.48s
2025-08-18 13:48:19,025:INFO:Epoch: 7550/10000 | Train Loss: 1.056e+00 | Dynamic Loss: 1.056e+00 | Regularization Loss: 0.000e+00 | Val Loss: 1.109e+00 | Time: 4.44s
2025-08-18 13:48:23,466:INFO:Epoch: 7600/10000 | Train Loss: 1.283e+00 | Dynamic Loss: 1.283e+00 | Regularization Loss: 0.000e+00 | Val Loss: 1.467e+00 | Time: 4.44s
2025-08-18 13:48:33,661:INFO:Epoch: 7650/10000 | Train Loss: 1.022e+00 | Dynamic Loss: 1.022e+00 | Regularization Loss: 0.000e+00 | Val Loss: 1.087e+00 | Time: 10.19s
2025-08-18 13:48:33,661:INFO:New best model found at epoch 7650 with validation loss 1.087e+00. Saving...
2025-08-18 13:48:38,173:INFO:Epoch: 7700/10000 | Train Loss: 1.026e+00 | Dynamic Loss: 1.026e+00 | Regularization Loss: 0.000e+00 | Val Loss: 1.089e+00 | Time: 4.51s
2025-08-18 13:48:42,637:INFO:Epoch: 7750/10000 | Train Loss: 1.047e+00 | Dynamic Loss: 1.047e+00 | Regularization Loss: 0.000e+00 | Val Loss: 1.104e+00 | Time: 4.46s
2025-08-18 13:48:52,884:INFO:Epoch: 7800/10000 | Train Loss: 1.018e+00 | Dynamic Loss: 1.018e+00 | Regularization Loss: 0.000e+00 | Val Loss: 1.089e+00 | Time: 10.25s
2025-08-18 13:48:57,392:INFO:Epoch: 7850/10000 | Train Loss: 1.028e+00 | Dynamic Loss: 1.028e+00 | Regularization Loss: 0.000e+00 | Val Loss: 1.093e+00 | Time: 4.51s
2025-08-18 13:49:01,893:INFO:Epoch: 7900/10000 | Train Loss: 1.021e+00 | Dynamic Loss: 1.021e+00 | Regularization Loss: 0.000e+00 | Val Loss: 1.085e+00 | Time: 4.50s
2025-08-18 13:49:01,894:INFO:New best model found at epoch 7900 with validation loss 1.085e+00. Saving...
2025-08-18 13:49:06,435:INFO:Epoch: 7950/10000 | Train Loss: 1.555e+00 | Dynamic Loss: 1.555e+00 | Regularization Loss: 0.000e+00 | Val Loss: 1.229e+00 | Time: 4.54s
2025-08-18 13:49:10,903:INFO:Epoch: 8000/10000 | Train Loss: 1.017e+00 | Dynamic Loss: 1.017e+00 | Regularization Loss: 0.000e+00 | Val Loss: 1.082e+00 | Time: 4.47s
2025-08-18 13:49:10,903:INFO:New best model found at epoch 8000 with validation loss 1.082e+00. Saving...
2025-08-18 13:49:15,334:INFO:Epoch: 8050/10000 | Train Loss: 1.024e+00 | Dynamic Loss: 1.024e+00 | Regularization Loss: 0.000e+00 | Val Loss: 1.084e+00 | Time: 4.43s
2025-08-18 13:49:19,776:INFO:Epoch: 8100/10000 | Train Loss: 1.015e+00 | Dynamic Loss: 1.015e+00 | Regularization Loss: 0.000e+00 | Val Loss: 1.080e+00 | Time: 4.44s
2025-08-18 13:49:19,776:INFO:New best model found at epoch 8100 with validation loss 1.080e+00. Saving...
2025-08-18 13:49:30,156:INFO:Epoch: 8150/10000 | Train Loss: 1.012e+00 | Dynamic Loss: 1.012e+00 | Regularization Loss: 0.000e+00 | Val Loss: 1.077e+00 | Time: 10.38s
2025-08-18 13:49:30,156:INFO:New best model found at epoch 8150 with validation loss 1.077e+00. Saving...
2025-08-18 13:49:34,701:INFO:Epoch: 8200/10000 | Train Loss: 1.014e+00 | Dynamic Loss: 1.014e+00 | Regularization Loss: 0.000e+00 | Val Loss: 1.081e+00 | Time: 4.54s
2025-08-18 13:49:39,161:INFO:Epoch: 8250/10000 | Train Loss: 1.066e+00 | Dynamic Loss: 1.066e+00 | Regularization Loss: 0.000e+00 | Val Loss: 1.123e+00 | Time: 4.46s
2025-08-18 13:49:43,696:INFO:Epoch: 8300/10000 | Train Loss: 1.083e+00 | Dynamic Loss: 1.083e+00 | Regularization Loss: 0.000e+00 | Val Loss: 1.126e+00 | Time: 4.53s
2025-08-18 13:49:48,148:INFO:Epoch: 8350/10000 | Train Loss: 1.146e+00 | Dynamic Loss: 1.146e+00 | Regularization Loss: 0.000e+00 | Val Loss: 1.184e+00 | Time: 4.45s
2025-08-18 13:49:52,742:INFO:Epoch: 8400/10000 | Train Loss: 1.125e+00 | Dynamic Loss: 1.125e+00 | Regularization Loss: 0.000e+00 | Val Loss: 1.166e+00 | Time: 4.59s
2025-08-18 13:49:57,224:INFO:Epoch: 8450/10000 | Train Loss: 1.017e+00 | Dynamic Loss: 1.017e+00 | Regularization Loss: 0.000e+00 | Val Loss: 1.078e+00 | Time: 4.48s
2025-08-18 13:50:01,791:INFO:Epoch: 8500/10000 | Train Loss: 1.049e+00 | Dynamic Loss: 1.049e+00 | Regularization Loss: 0.000e+00 | Val Loss: 1.134e+00 | Time: 4.57s
2025-08-18 13:50:06,221:INFO:Epoch: 8550/10000 | Train Loss: 1.061e+00 | Dynamic Loss: 1.061e+00 | Regularization Loss: 0.000e+00 | Val Loss: 1.088e+00 | Time: 4.43s
2025-08-18 13:50:10,758:INFO:Epoch: 8600/10000 | Train Loss: 1.012e+00 | Dynamic Loss: 1.012e+00 | Regularization Loss: 0.000e+00 | Val Loss: 1.074e+00 | Time: 4.54s
2025-08-18 13:50:10,758:INFO:New best model found at epoch 8600 with validation loss 1.074e+00. Saving...
2025-08-18 13:50:15,268:INFO:Epoch: 8650/10000 | Train Loss: 1.015e+00 | Dynamic Loss: 1.015e+00 | Regularization Loss: 0.000e+00 | Val Loss: 1.073e+00 | Time: 4.51s
2025-08-18 13:50:15,268:INFO:New best model found at epoch 8650 with validation loss 1.073e+00. Saving...
2025-08-18 13:50:19,841:INFO:Epoch: 8700/10000 | Train Loss: 1.495e+00 | Dynamic Loss: 1.495e+00 | Regularization Loss: 0.000e+00 | Val Loss: 1.229e+00 | Time: 4.57s
2025-08-18 13:50:24,292:INFO:Epoch: 8750/10000 | Train Loss: 1.004e+00 | Dynamic Loss: 1.004e+00 | Regularization Loss: 0.000e+00 | Val Loss: 1.068e+00 | Time: 4.45s
2025-08-18 13:50:24,292:INFO:New best model found at epoch 8750 with validation loss 1.068e+00. Saving...
2025-08-18 13:50:28,815:INFO:Epoch: 8800/10000 | Train Loss: 1.186e+00 | Dynamic Loss: 1.186e+00 | Regularization Loss: 0.000e+00 | Val Loss: 1.148e+00 | Time: 4.52s
2025-08-18 13:50:33,225:INFO:Epoch: 8850/10000 | Train Loss: 1.074e+00 | Dynamic Loss: 1.074e+00 | Regularization Loss: 0.000e+00 | Val Loss: 1.196e+00 | Time: 4.41s
2025-08-18 13:50:37,770:INFO:Epoch: 8900/10000 | Train Loss: 1.018e+00 | Dynamic Loss: 1.018e+00 | Regularization Loss: 0.000e+00 | Val Loss: 1.079e+00 | Time: 4.55s
2025-08-18 13:50:42,300:INFO:Epoch: 8950/10000 | Train Loss: 1.032e+00 | Dynamic Loss: 1.032e+00 | Regularization Loss: 0.000e+00 | Val Loss: 1.092e+00 | Time: 4.53s
2025-08-18 13:50:46,739:INFO:Epoch: 9000/10000 | Train Loss: 1.904e+00 | Dynamic Loss: 1.904e+00 | Regularization Loss: 0.000e+00 | Val Loss: 1.233e+00 | Time: 4.44s
2025-08-18 13:50:51,170:INFO:Epoch: 9050/10000 | Train Loss: 1.044e+00 | Dynamic Loss: 1.044e+00 | Regularization Loss: 0.000e+00 | Val Loss: 1.079e+00 | Time: 4.43s
2025-08-18 13:51:02,238:INFO:Epoch: 9100/10000 | Train Loss: 1.015e+00 | Dynamic Loss: 1.015e+00 | Regularization Loss: 0.000e+00 | Val Loss: 1.084e+00 | Time: 11.07s
2025-08-18 13:51:06,801:INFO:Epoch: 9150/10000 | Train Loss: 1.001e+00 | Dynamic Loss: 1.001e+00 | Regularization Loss: 0.000e+00 | Val Loss: 1.066e+00 | Time: 4.56s
2025-08-18 13:51:06,801:INFO:New best model found at epoch 9150 with validation loss 1.066e+00. Saving...
2025-08-18 13:51:11,260:INFO:Epoch: 9200/10000 | Train Loss: 1.001e+00 | Dynamic Loss: 1.001e+00 | Regularization Loss: 0.000e+00 | Val Loss: 1.059e+00 | Time: 4.46s
2025-08-18 13:51:11,260:INFO:New best model found at epoch 9200 with validation loss 1.059e+00. Saving...
2025-08-18 13:51:15,685:INFO:Epoch: 9250/10000 | Train Loss: 1.111e+00 | Dynamic Loss: 1.111e+00 | Regularization Loss: 0.000e+00 | Val Loss: 1.133e+00 | Time: 4.42s
2025-08-18 13:51:20,159:INFO:Epoch: 9300/10000 | Train Loss: 1.013e+00 | Dynamic Loss: 1.013e+00 | Regularization Loss: 0.000e+00 | Val Loss: 1.074e+00 | Time: 4.47s
2025-08-18 13:51:24,604:INFO:Epoch: 9350/10000 | Train Loss: 1.015e+00 | Dynamic Loss: 1.015e+00 | Regularization Loss: 0.000e+00 | Val Loss: 1.095e+00 | Time: 4.45s
2025-08-18 13:51:29,063:INFO:Epoch: 9400/10000 | Train Loss: 1.010e+00 | Dynamic Loss: 1.010e+00 | Regularization Loss: 0.000e+00 | Val Loss: 1.066e+00 | Time: 4.46s
2025-08-18 13:51:39,509:INFO:Epoch: 9450/10000 | Train Loss: 1.094e+00 | Dynamic Loss: 1.094e+00 | Regularization Loss: 0.000e+00 | Val Loss: 1.100e+00 | Time: 10.45s
2025-08-18 13:51:44,021:INFO:Epoch: 9500/10000 | Train Loss: 9.936e-01 | Dynamic Loss: 9.936e-01 | Regularization Loss: 0.000e+00 | Val Loss: 1.055e+00 | Time: 4.51s
2025-08-18 13:51:44,022:INFO:New best model found at epoch 9500 with validation loss 1.055e+00. Saving...
2025-08-18 13:51:48,478:INFO:Epoch: 9550/10000 | Train Loss: 1.020e+00 | Dynamic Loss: 1.020e+00 | Regularization Loss: 0.000e+00 | Val Loss: 1.087e+00 | Time: 4.45s
2025-08-18 13:51:52,899:INFO:Epoch: 9600/10000 | Train Loss: 1.002e+00 | Dynamic Loss: 1.002e+00 | Regularization Loss: 0.000e+00 | Val Loss: 1.058e+00 | Time: 4.42s
2025-08-18 13:52:03,308:INFO:Epoch: 9650/10000 | Train Loss: 1.006e+00 | Dynamic Loss: 1.006e+00 | Regularization Loss: 0.000e+00 | Val Loss: 1.062e+00 | Time: 10.41s
2025-08-18 13:52:07,798:INFO:Epoch: 9700/10000 | Train Loss: 1.011e+00 | Dynamic Loss: 1.011e+00 | Regularization Loss: 0.000e+00 | Val Loss: 1.070e+00 | Time: 4.49s
2025-08-18 13:52:13,069:INFO:Epoch: 9750/10000 | Train Loss: 9.908e-01 | Dynamic Loss: 9.908e-01 | Regularization Loss: 0.000e+00 | Val Loss: 1.050e+00 | Time: 5.27s
2025-08-18 13:52:13,069:INFO:New best model found at epoch 9750 with validation loss 1.050e+00. Saving...
2025-08-18 13:52:17,489:INFO:Epoch: 9800/10000 | Train Loss: 9.841e-01 | Dynamic Loss: 9.841e-01 | Regularization Loss: 0.000e+00 | Val Loss: 1.048e+00 | Time: 4.42s
2025-08-18 13:52:17,490:INFO:New best model found at epoch 9800 with validation loss 1.048e+00. Saving...
2025-08-18 13:52:25,722:INFO:Epoch: 9850/10000 | Train Loss: 9.838e-01 | Dynamic Loss: 9.838e-01 | Regularization Loss: 0.000e+00 | Val Loss: 1.047e+00 | Time: 8.23s
2025-08-18 13:52:25,723:INFO:New best model found at epoch 9850 with validation loss 1.047e+00. Saving...
2025-08-18 13:52:30,312:INFO:Epoch: 9900/10000 | Train Loss: 1.294e+00 | Dynamic Loss: 1.294e+00 | Regularization Loss: 0.000e+00 | Val Loss: 1.412e+00 | Time: 4.59s
2025-08-18 13:52:34,817:INFO:Epoch: 9950/10000 | Train Loss: 1.015e+00 | Dynamic Loss: 1.015e+00 | Regularization Loss: 0.000e+00 | Val Loss: 1.096e+00 | Time: 4.50s
2025-08-18 13:52:39,355:INFO:Epoch: 10000/10000 | Train Loss: 1.030e+00 | Dynamic Loss: 1.030e+00 | Regularization Loss: 0.000e+00 | Val Loss: 1.079e+00 | Time: 4.54s
