2025-08-18 18:51:34,688:INFO:Created DataLoaders with 5994 training samples and 1998 validation samples.
2025-08-18 18:51:37,636:INFO:model params: 526849
2025-08-18 18:51:41,821:INFO:Epoch: 0/10000 | Train Loss: 8.032e+01 | Dynamic Loss: 8.031e+01 | Regularization Loss: 8.645e-03 | Val Loss: 7.174e+01 | Time: 4.18s
2025-08-18 18:51:41,821:INFO:New best model found at epoch 0 with validation loss 7.174e+01. Saving...
2025-08-18 18:51:47,030:INFO:Epoch: 50/10000 | Train Loss: 5.605e+01 | Dynamic Loss: 5.605e+01 | Regularization Loss: 3.445e-12 | Val Loss: 5.866e+01 | Time: 5.14s
2025-08-18 18:51:47,030:INFO:New best model found at epoch 50 with validation loss 5.866e+01. Saving...
2025-08-18 18:51:54,321:INFO:Epoch: 100/10000 | Train Loss: 4.583e+01 | Dynamic Loss: 4.583e+01 | Regularization Loss: 1.004e-20 | Val Loss: 4.904e+01 | Time: 7.28s
2025-08-18 18:51:54,321:INFO:New best model found at epoch 100 with validation loss 4.904e+01. Saving...
2025-08-18 18:51:59,494:INFO:Epoch: 150/10000 | Train Loss: 3.835e+01 | Dynamic Loss: 3.835e+01 | Regularization Loss: 1.732e-28 | Val Loss: 4.169e+01 | Time: 5.16s
2025-08-18 18:51:59,494:INFO:New best model found at epoch 150 with validation loss 4.169e+01. Saving...
2025-08-18 18:52:04,899:INFO:Epoch: 200/10000 | Train Loss: 3.257e+01 | Dynamic Loss: 3.257e+01 | Regularization Loss: 1.270e-35 | Val Loss: 3.581e+01 | Time: 5.40s
2025-08-18 18:52:04,900:INFO:New best model found at epoch 200 with validation loss 3.581e+01. Saving...
2025-08-18 18:52:10,226:INFO:Epoch: 250/10000 | Train Loss: 2.799e+01 | Dynamic Loss: 2.799e+01 | Regularization Loss: 3.237e-42 | Val Loss: 3.070e+01 | Time: 5.32s
2025-08-18 18:52:10,226:INFO:New best model found at epoch 250 with validation loss 3.070e+01. Saving...
2025-08-18 18:52:15,517:INFO:Epoch: 300/10000 | Train Loss: 2.393e+01 | Dynamic Loss: 2.393e+01 | Regularization Loss: 0.000e+00 | Val Loss: 2.728e+01 | Time: 5.28s
2025-08-18 18:52:15,517:INFO:New best model found at epoch 300 with validation loss 2.728e+01. Saving...
2025-08-18 18:52:20,930:INFO:Epoch: 350/10000 | Train Loss: 2.092e+01 | Dynamic Loss: 2.092e+01 | Regularization Loss: 0.000e+00 | Val Loss: 2.409e+01 | Time: 5.41s
2025-08-18 18:52:20,931:INFO:New best model found at epoch 350 with validation loss 2.409e+01. Saving...
2025-08-18 18:52:26,275:INFO:Epoch: 400/10000 | Train Loss: 1.817e+01 | Dynamic Loss: 1.817e+01 | Regularization Loss: 0.000e+00 | Val Loss: 2.160e+01 | Time: 5.34s
2025-08-18 18:52:26,275:INFO:New best model found at epoch 400 with validation loss 2.160e+01. Saving...
2025-08-18 18:52:31,572:INFO:Epoch: 450/10000 | Train Loss: 1.707e+01 | Dynamic Loss: 1.707e+01 | Regularization Loss: 0.000e+00 | Val Loss: 1.932e+01 | Time: 5.29s
2025-08-18 18:52:31,572:INFO:New best model found at epoch 450 with validation loss 1.932e+01. Saving...
2025-08-18 18:52:37,011:INFO:Epoch: 500/10000 | Train Loss: 1.399e+01 | Dynamic Loss: 1.399e+01 | Regularization Loss: 0.000e+00 | Val Loss: 1.716e+01 | Time: 5.43s
2025-08-18 18:52:37,011:INFO:New best model found at epoch 500 with validation loss 1.716e+01. Saving...
2025-08-18 18:52:42,366:INFO:Epoch: 550/10000 | Train Loss: 1.228e+01 | Dynamic Loss: 1.228e+01 | Regularization Loss: 0.000e+00 | Val Loss: 1.527e+01 | Time: 5.35s
2025-08-18 18:52:42,366:INFO:New best model found at epoch 550 with validation loss 1.527e+01. Saving...
2025-08-18 18:52:47,728:INFO:Epoch: 600/10000 | Train Loss: 1.101e+01 | Dynamic Loss: 1.101e+01 | Regularization Loss: 0.000e+00 | Val Loss: 1.337e+01 | Time: 5.35s
2025-08-18 18:52:47,728:INFO:New best model found at epoch 600 with validation loss 1.337e+01. Saving...
2025-08-18 18:52:55,207:INFO:Epoch: 650/10000 | Train Loss: 9.572e+00 | Dynamic Loss: 9.572e+00 | Regularization Loss: 0.000e+00 | Val Loss: 1.220e+01 | Time: 7.47s
2025-08-18 18:52:55,207:INFO:New best model found at epoch 650 with validation loss 1.220e+01. Saving...
2025-08-18 18:53:00,530:INFO:Epoch: 700/10000 | Train Loss: 8.484e+00 | Dynamic Loss: 8.484e+00 | Regularization Loss: 0.000e+00 | Val Loss: 1.184e+01 | Time: 5.31s
2025-08-18 18:53:00,530:INFO:New best model found at epoch 700 with validation loss 1.184e+01. Saving...
2025-08-18 18:53:05,905:INFO:Epoch: 750/10000 | Train Loss: 7.273e+00 | Dynamic Loss: 7.273e+00 | Regularization Loss: 0.000e+00 | Val Loss: 9.426e+00 | Time: 5.37s
2025-08-18 18:53:05,905:INFO:New best model found at epoch 750 with validation loss 9.426e+00. Saving...
2025-08-18 18:53:12,285:INFO:Epoch: 800/10000 | Train Loss: 6.468e+00 | Dynamic Loss: 6.468e+00 | Regularization Loss: 0.000e+00 | Val Loss: 8.367e+00 | Time: 6.37s
2025-08-18 18:53:12,285:INFO:New best model found at epoch 800 with validation loss 8.367e+00. Saving...
2025-08-18 18:53:17,611:INFO:Epoch: 850/10000 | Train Loss: 5.645e+00 | Dynamic Loss: 5.645e+00 | Regularization Loss: 0.000e+00 | Val Loss: 7.420e+00 | Time: 5.32s
2025-08-18 18:53:17,611:INFO:New best model found at epoch 850 with validation loss 7.420e+00. Saving...
2025-08-18 18:53:22,940:INFO:Epoch: 900/10000 | Train Loss: 4.927e+00 | Dynamic Loss: 4.927e+00 | Regularization Loss: 0.000e+00 | Val Loss: 7.044e+00 | Time: 5.32s
2025-08-18 18:53:22,940:INFO:New best model found at epoch 900 with validation loss 7.044e+00. Saving...
2025-08-18 18:53:31,341:INFO:Epoch: 950/10000 | Train Loss: 4.417e+00 | Dynamic Loss: 4.417e+00 | Regularization Loss: 0.000e+00 | Val Loss: 5.924e+00 | Time: 8.39s
2025-08-18 18:53:31,341:INFO:New best model found at epoch 950 with validation loss 5.924e+00. Saving...
2025-08-18 18:53:36,670:INFO:Epoch: 1000/10000 | Train Loss: 3.755e+00 | Dynamic Loss: 3.755e+00 | Regularization Loss: 0.000e+00 | Val Loss: 5.220e+00 | Time: 5.32s
2025-08-18 18:53:36,670:INFO:New best model found at epoch 1000 with validation loss 5.220e+00. Saving...
2025-08-18 18:53:42,002:INFO:Epoch: 1050/10000 | Train Loss: 3.259e+00 | Dynamic Loss: 3.259e+00 | Regularization Loss: 0.000e+00 | Val Loss: 4.713e+00 | Time: 5.32s
2025-08-18 18:53:42,003:INFO:New best model found at epoch 1050 with validation loss 4.713e+00. Saving...
2025-08-18 18:53:47,575:INFO:Epoch: 1100/10000 | Train Loss: 2.834e+00 | Dynamic Loss: 2.834e+00 | Regularization Loss: 0.000e+00 | Val Loss: 4.209e+00 | Time: 5.56s
2025-08-18 18:53:47,575:INFO:New best model found at epoch 1100 with validation loss 4.209e+00. Saving...
2025-08-18 18:53:52,921:INFO:Epoch: 1150/10000 | Train Loss: 2.797e+00 | Dynamic Loss: 2.797e+00 | Regularization Loss: 0.000e+00 | Val Loss: 3.677e+00 | Time: 5.34s
2025-08-18 18:53:52,921:INFO:New best model found at epoch 1150 with validation loss 3.677e+00. Saving...
2025-08-18 18:53:58,252:INFO:Epoch: 1200/10000 | Train Loss: 2.205e+00 | Dynamic Loss: 2.205e+00 | Regularization Loss: 0.000e+00 | Val Loss: 3.382e+00 | Time: 5.32s
2025-08-18 18:53:58,253:INFO:New best model found at epoch 1200 with validation loss 3.382e+00. Saving...
2025-08-18 18:54:04,236:INFO:Epoch: 1250/10000 | Train Loss: 1.912e+00 | Dynamic Loss: 1.912e+00 | Regularization Loss: 0.000e+00 | Val Loss: 2.884e+00 | Time: 5.97s
2025-08-18 18:54:04,236:INFO:New best model found at epoch 1250 with validation loss 2.884e+00. Saving...
2025-08-18 18:54:09,581:INFO:Epoch: 1300/10000 | Train Loss: 1.728e+00 | Dynamic Loss: 1.728e+00 | Regularization Loss: 0.000e+00 | Val Loss: 2.834e+00 | Time: 5.34s
2025-08-18 18:54:09,581:INFO:New best model found at epoch 1300 with validation loss 2.834e+00. Saving...
2025-08-18 18:54:14,912:INFO:Epoch: 1350/10000 | Train Loss: 1.464e+00 | Dynamic Loss: 1.464e+00 | Regularization Loss: 0.000e+00 | Val Loss: 2.291e+00 | Time: 5.32s
2025-08-18 18:54:14,913:INFO:New best model found at epoch 1350 with validation loss 2.291e+00. Saving...
2025-08-18 18:54:21,709:INFO:Epoch: 1400/10000 | Train Loss: 1.312e+00 | Dynamic Loss: 1.312e+00 | Regularization Loss: 0.000e+00 | Val Loss: 2.203e+00 | Time: 6.79s
2025-08-18 18:54:21,709:INFO:New best model found at epoch 1400 with validation loss 2.203e+00. Saving...
2025-08-18 18:54:27,088:INFO:Epoch: 1450/10000 | Train Loss: 1.178e+00 | Dynamic Loss: 1.178e+00 | Regularization Loss: 0.000e+00 | Val Loss: 1.949e+00 | Time: 5.37s
2025-08-18 18:54:27,088:INFO:New best model found at epoch 1450 with validation loss 1.949e+00. Saving...
2025-08-18 18:54:32,542:INFO:Epoch: 1500/10000 | Train Loss: 1.052e+00 | Dynamic Loss: 1.052e+00 | Regularization Loss: 0.000e+00 | Val Loss: 1.704e+00 | Time: 5.45s
2025-08-18 18:54:32,543:INFO:New best model found at epoch 1500 with validation loss 1.704e+00. Saving...
2025-08-18 18:54:40,855:INFO:Epoch: 1550/10000 | Train Loss: 9.238e-01 | Dynamic Loss: 9.238e-01 | Regularization Loss: 0.000e+00 | Val Loss: 1.599e+00 | Time: 8.30s
2025-08-18 18:54:40,855:INFO:New best model found at epoch 1550 with validation loss 1.599e+00. Saving...
2025-08-18 18:54:46,284:INFO:Epoch: 1600/10000 | Train Loss: 8.630e-01 | Dynamic Loss: 8.630e-01 | Regularization Loss: 0.000e+00 | Val Loss: 1.483e+00 | Time: 5.42s
2025-08-18 18:54:46,284:INFO:New best model found at epoch 1600 with validation loss 1.483e+00. Saving...
2025-08-18 18:54:51,693:INFO:Epoch: 1650/10000 | Train Loss: 7.599e-01 | Dynamic Loss: 7.599e-01 | Regularization Loss: 0.000e+00 | Val Loss: 1.344e+00 | Time: 5.40s
2025-08-18 18:54:51,693:INFO:New best model found at epoch 1650 with validation loss 1.344e+00. Saving...
2025-08-18 18:55:01,587:INFO:Epoch: 1700/10000 | Train Loss: 7.306e-01 | Dynamic Loss: 7.306e-01 | Regularization Loss: 0.000e+00 | Val Loss: 1.392e+00 | Time: 9.89s
2025-08-18 18:55:07,110:INFO:Epoch: 1750/10000 | Train Loss: 6.697e-01 | Dynamic Loss: 6.697e-01 | Regularization Loss: 0.000e+00 | Val Loss: 1.213e+00 | Time: 5.52s
2025-08-18 18:55:07,110:INFO:New best model found at epoch 1750 with validation loss 1.213e+00. Saving...
2025-08-18 18:55:12,647:INFO:Epoch: 1800/10000 | Train Loss: 6.134e-01 | Dynamic Loss: 6.134e-01 | Regularization Loss: 0.000e+00 | Val Loss: 1.149e+00 | Time: 5.53s
2025-08-18 18:55:12,647:INFO:New best model found at epoch 1800 with validation loss 1.149e+00. Saving...
2025-08-18 18:55:18,131:INFO:Epoch: 1850/10000 | Train Loss: 6.030e-01 | Dynamic Loss: 6.030e-01 | Regularization Loss: 0.000e+00 | Val Loss: 1.098e+00 | Time: 5.48s
2025-08-18 18:55:18,131:INFO:New best model found at epoch 1850 with validation loss 1.098e+00. Saving...
2025-08-18 18:55:23,573:INFO:Epoch: 1900/10000 | Train Loss: 5.808e-01 | Dynamic Loss: 5.808e-01 | Regularization Loss: 0.000e+00 | Val Loss: 1.053e+00 | Time: 5.43s
2025-08-18 18:55:23,573:INFO:New best model found at epoch 1900 with validation loss 1.053e+00. Saving...
2025-08-18 18:55:34,058:INFO:Epoch: 1950/10000 | Train Loss: 5.345e-01 | Dynamic Loss: 5.345e-01 | Regularization Loss: 0.000e+00 | Val Loss: 1.078e+00 | Time: 10.48s
2025-08-18 18:55:39,565:INFO:Epoch: 2000/10000 | Train Loss: 5.233e-01 | Dynamic Loss: 5.233e-01 | Regularization Loss: 0.000e+00 | Val Loss: 1.055e+00 | Time: 5.51s
2025-08-18 18:55:45,022:INFO:Epoch: 2050/10000 | Train Loss: 4.919e-01 | Dynamic Loss: 4.919e-01 | Regularization Loss: 0.000e+00 | Val Loss: 9.806e-01 | Time: 5.46s
2025-08-18 18:55:45,023:INFO:New best model found at epoch 2050 with validation loss 9.806e-01. Saving...
2025-08-18 18:55:56,603:INFO:Epoch: 2100/10000 | Train Loss: 4.802e-01 | Dynamic Loss: 4.802e-01 | Regularization Loss: 0.000e+00 | Val Loss: 9.733e-01 | Time: 11.57s
2025-08-18 18:55:56,603:INFO:New best model found at epoch 2100 with validation loss 9.733e-01. Saving...
2025-08-18 18:56:02,092:INFO:Epoch: 2150/10000 | Train Loss: 4.705e-01 | Dynamic Loss: 4.705e-01 | Regularization Loss: 0.000e+00 | Val Loss: 9.582e-01 | Time: 5.48s
2025-08-18 18:56:02,092:INFO:New best model found at epoch 2150 with validation loss 9.582e-01. Saving...
2025-08-18 18:56:07,535:INFO:Epoch: 2200/10000 | Train Loss: 4.467e-01 | Dynamic Loss: 4.467e-01 | Regularization Loss: 0.000e+00 | Val Loss: 9.367e-01 | Time: 5.43s
2025-08-18 18:56:07,535:INFO:New best model found at epoch 2200 with validation loss 9.367e-01. Saving...
2025-08-18 18:56:18,753:INFO:Epoch: 2250/10000 | Train Loss: 4.401e-01 | Dynamic Loss: 4.401e-01 | Regularization Loss: 0.000e+00 | Val Loss: 9.400e-01 | Time: 11.21s
2025-08-18 18:56:24,222:INFO:Epoch: 2300/10000 | Train Loss: 4.515e-01 | Dynamic Loss: 4.515e-01 | Regularization Loss: 0.000e+00 | Val Loss: 9.237e-01 | Time: 5.47s
2025-08-18 18:56:24,222:INFO:New best model found at epoch 2300 with validation loss 9.237e-01. Saving...
2025-08-18 18:56:29,762:INFO:Epoch: 2350/10000 | Train Loss: 4.487e-01 | Dynamic Loss: 4.487e-01 | Regularization Loss: 0.000e+00 | Val Loss: 9.013e-01 | Time: 5.53s
2025-08-18 18:56:29,762:INFO:New best model found at epoch 2350 with validation loss 9.013e-01. Saving...
2025-08-18 18:56:35,237:INFO:Epoch: 2400/10000 | Train Loss: 3.978e-01 | Dynamic Loss: 3.978e-01 | Regularization Loss: 0.000e+00 | Val Loss: 9.233e-01 | Time: 5.47s
2025-08-18 18:56:40,720:INFO:Epoch: 2450/10000 | Train Loss: 4.131e-01 | Dynamic Loss: 4.131e-01 | Regularization Loss: 0.000e+00 | Val Loss: 8.942e-01 | Time: 5.48s
2025-08-18 18:56:40,720:INFO:New best model found at epoch 2450 with validation loss 8.942e-01. Saving...
2025-08-18 18:56:51,354:INFO:Epoch: 2500/10000 | Train Loss: 3.932e-01 | Dynamic Loss: 3.932e-01 | Regularization Loss: 0.000e+00 | Val Loss: 8.944e-01 | Time: 10.63s
2025-08-18 18:56:56,851:INFO:Epoch: 2550/10000 | Train Loss: 4.010e-01 | Dynamic Loss: 4.010e-01 | Regularization Loss: 0.000e+00 | Val Loss: 9.385e-01 | Time: 5.50s
2025-08-18 18:57:02,408:INFO:Epoch: 2600/10000 | Train Loss: 3.561e-01 | Dynamic Loss: 3.561e-01 | Regularization Loss: 0.000e+00 | Val Loss: 8.991e-01 | Time: 5.56s
2025-08-18 18:57:07,879:INFO:Epoch: 2650/10000 | Train Loss: 3.430e-01 | Dynamic Loss: 3.430e-01 | Regularization Loss: 0.000e+00 | Val Loss: 8.549e-01 | Time: 5.47s
2025-08-18 18:57:07,879:INFO:New best model found at epoch 2650 with validation loss 8.549e-01. Saving...
2025-08-18 18:57:13,340:INFO:Epoch: 2700/10000 | Train Loss: 3.452e-01 | Dynamic Loss: 3.452e-01 | Regularization Loss: 0.000e+00 | Val Loss: 8.336e-01 | Time: 5.45s
2025-08-18 18:57:13,340:INFO:New best model found at epoch 2700 with validation loss 8.336e-01. Saving...
2025-08-18 18:57:18,931:INFO:Epoch: 2750/10000 | Train Loss: 3.293e-01 | Dynamic Loss: 3.293e-01 | Regularization Loss: 0.000e+00 | Val Loss: 8.863e-01 | Time: 5.58s
2025-08-18 18:57:24,343:INFO:Epoch: 2800/10000 | Train Loss: 3.213e-01 | Dynamic Loss: 3.213e-01 | Regularization Loss: 0.000e+00 | Val Loss: 8.157e-01 | Time: 5.41s
2025-08-18 18:57:24,343:INFO:New best model found at epoch 2800 with validation loss 8.157e-01. Saving...
2025-08-18 18:57:29,771:INFO:Epoch: 2850/10000 | Train Loss: 3.124e-01 | Dynamic Loss: 3.124e-01 | Regularization Loss: 0.000e+00 | Val Loss: 8.690e-01 | Time: 5.42s
2025-08-18 18:57:39,695:INFO:Epoch: 2900/10000 | Train Loss: 3.112e-01 | Dynamic Loss: 3.112e-01 | Regularization Loss: 0.000e+00 | Val Loss: 8.046e-01 | Time: 9.92s
2025-08-18 18:57:39,695:INFO:New best model found at epoch 2900 with validation loss 8.046e-01. Saving...
2025-08-18 18:57:45,160:INFO:Epoch: 2950/10000 | Train Loss: 2.849e-01 | Dynamic Loss: 2.849e-01 | Regularization Loss: 0.000e+00 | Val Loss: 8.384e-01 | Time: 5.46s
2025-08-18 18:57:50,634:INFO:Epoch: 3000/10000 | Train Loss: 2.905e-01 | Dynamic Loss: 2.905e-01 | Regularization Loss: 0.000e+00 | Val Loss: 7.832e-01 | Time: 5.47s
2025-08-18 18:57:50,634:INFO:New best model found at epoch 3000 with validation loss 7.832e-01. Saving...
2025-08-18 18:57:57,856:INFO:Epoch: 3050/10000 | Train Loss: 2.955e-01 | Dynamic Loss: 2.955e-01 | Regularization Loss: 0.000e+00 | Val Loss: 9.131e-01 | Time: 7.21s
2025-08-18 18:58:03,330:INFO:Epoch: 3100/10000 | Train Loss: 2.655e-01 | Dynamic Loss: 2.655e-01 | Regularization Loss: 0.000e+00 | Val Loss: 7.954e-01 | Time: 5.47s
2025-08-18 18:58:11,963:INFO:Epoch: 3150/10000 | Train Loss: 2.568e-01 | Dynamic Loss: 2.568e-01 | Regularization Loss: 0.000e+00 | Val Loss: 7.635e-01 | Time: 8.63s
2025-08-18 18:58:11,963:INFO:New best model found at epoch 3150 with validation loss 7.635e-01. Saving...
2025-08-18 18:58:17,448:INFO:Epoch: 3200/10000 | Train Loss: 2.358e-01 | Dynamic Loss: 2.358e-01 | Regularization Loss: 0.000e+00 | Val Loss: 7.702e-01 | Time: 5.48s
2025-08-18 18:58:22,913:INFO:Epoch: 3250/10000 | Train Loss: 2.309e-01 | Dynamic Loss: 2.309e-01 | Regularization Loss: 0.000e+00 | Val Loss: 7.598e-01 | Time: 5.46s
2025-08-18 18:58:22,913:INFO:New best model found at epoch 3250 with validation loss 7.598e-01. Saving...
2025-08-18 18:58:29,838:INFO:Epoch: 3300/10000 | Train Loss: 2.389e-01 | Dynamic Loss: 2.389e-01 | Regularization Loss: 0.000e+00 | Val Loss: 7.518e-01 | Time: 6.92s
2025-08-18 18:58:29,838:INFO:New best model found at epoch 3300 with validation loss 7.518e-01. Saving...
2025-08-18 18:58:35,314:INFO:Epoch: 3350/10000 | Train Loss: 2.203e-01 | Dynamic Loss: 2.203e-01 | Regularization Loss: 0.000e+00 | Val Loss: 7.514e-01 | Time: 5.47s
2025-08-18 18:58:35,314:INFO:New best model found at epoch 3350 with validation loss 7.514e-01. Saving...
2025-08-18 18:58:40,706:INFO:Epoch: 3400/10000 | Train Loss: 2.182e-01 | Dynamic Loss: 2.182e-01 | Regularization Loss: 0.000e+00 | Val Loss: 7.468e-01 | Time: 5.38s
2025-08-18 18:58:40,706:INFO:New best model found at epoch 3400 with validation loss 7.468e-01. Saving...
2025-08-18 18:58:49,831:INFO:Epoch: 3450/10000 | Train Loss: 2.227e-01 | Dynamic Loss: 2.227e-01 | Regularization Loss: 0.000e+00 | Val Loss: 7.452e-01 | Time: 9.12s
2025-08-18 18:58:49,832:INFO:New best model found at epoch 3450 with validation loss 7.452e-01. Saving...
2025-08-18 18:58:55,370:INFO:Epoch: 3500/10000 | Train Loss: 1.934e-01 | Dynamic Loss: 1.934e-01 | Regularization Loss: 0.000e+00 | Val Loss: 7.190e-01 | Time: 5.53s
2025-08-18 18:58:55,371:INFO:New best model found at epoch 3500 with validation loss 7.190e-01. Saving...
2025-08-18 18:59:00,935:INFO:Epoch: 3550/10000 | Train Loss: 1.881e-01 | Dynamic Loss: 1.881e-01 | Regularization Loss: 0.000e+00 | Val Loss: 7.290e-01 | Time: 5.56s
2025-08-18 18:59:06,441:INFO:Epoch: 3600/10000 | Train Loss: 2.031e-01 | Dynamic Loss: 2.031e-01 | Regularization Loss: 0.000e+00 | Val Loss: 7.178e-01 | Time: 5.51s
2025-08-18 18:59:06,441:INFO:New best model found at epoch 3600 with validation loss 7.178e-01. Saving...
2025-08-18 18:59:11,961:INFO:Epoch: 3650/10000 | Train Loss: 1.858e-01 | Dynamic Loss: 1.858e-01 | Regularization Loss: 0.000e+00 | Val Loss: 6.923e-01 | Time: 5.51s
2025-08-18 18:59:11,961:INFO:New best model found at epoch 3650 with validation loss 6.923e-01. Saving...
2025-08-18 18:59:17,497:INFO:Epoch: 3700/10000 | Train Loss: 1.687e-01 | Dynamic Loss: 1.687e-01 | Regularization Loss: 0.000e+00 | Val Loss: 7.033e-01 | Time: 5.53s
2025-08-18 18:59:22,995:INFO:Epoch: 3750/10000 | Train Loss: 1.636e-01 | Dynamic Loss: 1.636e-01 | Regularization Loss: 0.000e+00 | Val Loss: 6.944e-01 | Time: 5.50s
2025-08-18 18:59:28,510:INFO:Epoch: 3800/10000 | Train Loss: 1.707e-01 | Dynamic Loss: 1.707e-01 | Regularization Loss: 0.000e+00 | Val Loss: 6.895e-01 | Time: 5.52s
2025-08-18 18:59:28,511:INFO:New best model found at epoch 3800 with validation loss 6.895e-01. Saving...
2025-08-18 18:59:37,853:INFO:Epoch: 3850/10000 | Train Loss: 1.695e-01 | Dynamic Loss: 1.695e-01 | Regularization Loss: 0.000e+00 | Val Loss: 6.723e-01 | Time: 9.33s
2025-08-18 18:59:37,854:INFO:New best model found at epoch 3850 with validation loss 6.723e-01. Saving...
2025-08-18 18:59:43,370:INFO:Epoch: 3900/10000 | Train Loss: 1.573e-01 | Dynamic Loss: 1.573e-01 | Regularization Loss: 0.000e+00 | Val Loss: 6.823e-01 | Time: 5.51s
2025-08-18 18:59:48,802:INFO:Epoch: 3950/10000 | Train Loss: 1.471e-01 | Dynamic Loss: 1.471e-01 | Regularization Loss: 0.000e+00 | Val Loss: 6.890e-01 | Time: 5.43s
2025-08-18 18:59:59,242:INFO:Epoch: 4000/10000 | Train Loss: 1.466e-01 | Dynamic Loss: 1.466e-01 | Regularization Loss: 0.000e+00 | Val Loss: 6.836e-01 | Time: 10.44s
2025-08-18 19:00:04,815:INFO:Epoch: 4050/10000 | Train Loss: 1.373e-01 | Dynamic Loss: 1.373e-01 | Regularization Loss: 0.000e+00 | Val Loss: 6.667e-01 | Time: 5.57s
2025-08-18 19:00:04,815:INFO:New best model found at epoch 4050 with validation loss 6.667e-01. Saving...
2025-08-18 19:00:10,457:INFO:Epoch: 4100/10000 | Train Loss: 1.342e-01 | Dynamic Loss: 1.342e-01 | Regularization Loss: 0.000e+00 | Val Loss: 6.630e-01 | Time: 5.63s
2025-08-18 19:00:10,457:INFO:New best model found at epoch 4100 with validation loss 6.630e-01. Saving...
2025-08-18 19:00:15,996:INFO:Epoch: 4150/10000 | Train Loss: 1.504e-01 | Dynamic Loss: 1.504e-01 | Regularization Loss: 0.000e+00 | Val Loss: 7.054e-01 | Time: 5.53s
2025-08-18 19:00:21,458:INFO:Epoch: 4200/10000 | Train Loss: 1.366e-01 | Dynamic Loss: 1.366e-01 | Regularization Loss: 0.000e+00 | Val Loss: 6.475e-01 | Time: 5.46s
2025-08-18 19:00:21,458:INFO:New best model found at epoch 4200 with validation loss 6.475e-01. Saving...
2025-08-18 19:00:27,634:INFO:Epoch: 4250/10000 | Train Loss: 1.568e-01 | Dynamic Loss: 1.568e-01 | Regularization Loss: 0.000e+00 | Val Loss: 6.503e-01 | Time: 6.17s
2025-08-18 19:00:33,128:INFO:Epoch: 4300/10000 | Train Loss: 1.336e-01 | Dynamic Loss: 1.336e-01 | Regularization Loss: 0.000e+00 | Val Loss: 6.424e-01 | Time: 5.49s
2025-08-18 19:00:33,128:INFO:New best model found at epoch 4300 with validation loss 6.424e-01. Saving...
2025-08-18 19:00:38,653:INFO:Epoch: 4350/10000 | Train Loss: 1.378e-01 | Dynamic Loss: 1.378e-01 | Regularization Loss: 0.000e+00 | Val Loss: 6.610e-01 | Time: 5.52s
2025-08-18 19:00:50,300:INFO:Epoch: 4400/10000 | Train Loss: 1.315e-01 | Dynamic Loss: 1.315e-01 | Regularization Loss: 0.000e+00 | Val Loss: 6.012e-01 | Time: 11.65s
2025-08-18 19:00:50,300:INFO:New best model found at epoch 4400 with validation loss 6.012e-01. Saving...
2025-08-18 19:00:55,870:INFO:Epoch: 4450/10000 | Train Loss: 1.183e-01 | Dynamic Loss: 1.183e-01 | Regularization Loss: 0.000e+00 | Val Loss: 6.153e-01 | Time: 5.56s
2025-08-18 19:01:01,387:INFO:Epoch: 4500/10000 | Train Loss: 1.128e-01 | Dynamic Loss: 1.128e-01 | Regularization Loss: 0.000e+00 | Val Loss: 5.989e-01 | Time: 5.52s
2025-08-18 19:01:01,387:INFO:New best model found at epoch 4500 with validation loss 5.989e-01. Saving...
