2025-08-18 12:49:47,248:INFO:Created DataLoaders with 2994 training samples and 998 validation samples.
2025-08-18 12:49:48,698:INFO:model params: 1205826
2025-08-18 12:49:51,693:INFO:Epoch: 0/10000 | Train Loss: 8.406e+04 | Dynamic Loss: 8.406e+04 | Regularization Loss: 4.400e-01 | Val Loss: 1.584e+04 | Time: 2.99s
2025-08-18 12:49:51,693:INFO:New best model found at epoch 0 with validation loss 1.584e+04. Saving...
2025-08-18 12:49:56,422:INFO:Epoch: 50/10000 | Train Loss: 1.437e+00 | Dynamic Loss: 1.432e+00 | Regularization Loss: 5.104e-03 | Val Loss: 1.423e+00 | Time: 4.69s
2025-08-18 12:49:56,422:INFO:New best model found at epoch 50 with validation loss 1.423e+00. Saving...
2025-08-18 12:50:01,119:INFO:Epoch: 100/10000 | Train Loss: 1.429e+00 | Dynamic Loss: 1.427e+00 | Regularization Loss: 2.248e-03 | Val Loss: 1.412e+00 | Time: 4.68s
2025-08-18 12:50:01,120:INFO:New best model found at epoch 100 with validation loss 1.412e+00. Saving...
2025-08-18 12:50:05,914:INFO:Epoch: 150/10000 | Train Loss: 1.427e+00 | Dynamic Loss: 1.425e+00 | Regularization Loss: 1.301e-03 | Val Loss: 1.411e+00 | Time: 4.78s
2025-08-18 12:50:05,914:INFO:New best model found at epoch 150 with validation loss 1.411e+00. Saving...
2025-08-18 12:50:14,662:INFO:Epoch: 200/10000 | Train Loss: 1.425e+00 | Dynamic Loss: 1.424e+00 | Regularization Loss: 8.611e-04 | Val Loss: 1.409e+00 | Time: 8.73s
2025-08-18 12:50:14,662:INFO:New best model found at epoch 200 with validation loss 1.409e+00. Saving...
2025-08-18 12:50:19,451:INFO:Epoch: 250/10000 | Train Loss: 1.423e+00 | Dynamic Loss: 1.422e+00 | Regularization Loss: 6.168e-04 | Val Loss: 1.407e+00 | Time: 4.77s
2025-08-18 12:50:19,452:INFO:New best model found at epoch 250 with validation loss 1.407e+00. Saving...
2025-08-18 12:50:24,332:INFO:Epoch: 300/10000 | Train Loss: 1.422e+00 | Dynamic Loss: 1.422e+00 | Regularization Loss: 4.654e-04 | Val Loss: 1.405e+00 | Time: 4.87s
2025-08-18 12:50:24,332:INFO:New best model found at epoch 300 with validation loss 1.405e+00. Saving...
2025-08-18 12:50:29,131:INFO:Epoch: 350/10000 | Train Loss: 1.421e+00 | Dynamic Loss: 1.420e+00 | Regularization Loss: 3.642e-04 | Val Loss: 1.403e+00 | Time: 4.79s
2025-08-18 12:50:29,131:INFO:New best model found at epoch 350 with validation loss 1.403e+00. Saving...
2025-08-18 12:50:33,922:INFO:Epoch: 400/10000 | Train Loss: 1.420e+00 | Dynamic Loss: 1.420e+00 | Regularization Loss: 2.928e-04 | Val Loss: 1.402e+00 | Time: 4.78s
2025-08-18 12:50:33,922:INFO:New best model found at epoch 400 with validation loss 1.402e+00. Saving...
2025-08-18 12:50:42,997:INFO:Epoch: 450/10000 | Train Loss: 1.418e+00 | Dynamic Loss: 1.418e+00 | Regularization Loss: 2.402e-04 | Val Loss: 1.401e+00 | Time: 9.06s
2025-08-18 12:50:42,997:INFO:New best model found at epoch 450 with validation loss 1.401e+00. Saving...
2025-08-18 12:50:47,869:INFO:Epoch: 500/10000 | Train Loss: 1.417e+00 | Dynamic Loss: 1.417e+00 | Regularization Loss: 2.003e-04 | Val Loss: 1.400e+00 | Time: 4.86s
2025-08-18 12:50:47,869:INFO:New best model found at epoch 500 with validation loss 1.400e+00. Saving...
2025-08-18 12:50:52,826:INFO:Epoch: 550/10000 | Train Loss: 1.415e+00 | Dynamic Loss: 1.415e+00 | Regularization Loss: 1.692e-04 | Val Loss: 1.398e+00 | Time: 4.94s
2025-08-18 12:50:52,826:INFO:New best model found at epoch 550 with validation loss 1.398e+00. Saving...
2025-08-18 12:50:57,744:INFO:Epoch: 600/10000 | Train Loss: 1.414e+00 | Dynamic Loss: 1.414e+00 | Regularization Loss: 1.444e-04 | Val Loss: 1.397e+00 | Time: 4.91s
2025-08-18 12:50:57,744:INFO:New best model found at epoch 600 with validation loss 1.397e+00. Saving...
2025-08-18 12:51:02,776:INFO:Epoch: 650/10000 | Train Loss: 1.413e+00 | Dynamic Loss: 1.413e+00 | Regularization Loss: 1.243e-04 | Val Loss: 1.396e+00 | Time: 5.02s
2025-08-18 12:51:02,776:INFO:New best model found at epoch 650 with validation loss 1.396e+00. Saving...
2025-08-18 12:51:07,656:INFO:Epoch: 700/10000 | Train Loss: 1.413e+00 | Dynamic Loss: 1.412e+00 | Regularization Loss: 1.078e-04 | Val Loss: 1.394e+00 | Time: 4.87s
2025-08-18 12:51:07,656:INFO:New best model found at epoch 700 with validation loss 1.394e+00. Saving...
2025-08-18 12:51:12,555:INFO:Epoch: 750/10000 | Train Loss: 1.410e+00 | Dynamic Loss: 1.410e+00 | Regularization Loss: 9.405e-05 | Val Loss: 1.393e+00 | Time: 4.89s
2025-08-18 12:51:12,555:INFO:New best model found at epoch 750 with validation loss 1.393e+00. Saving...
2025-08-18 12:51:22,669:INFO:Epoch: 800/10000 | Train Loss: 1.409e+00 | Dynamic Loss: 1.409e+00 | Regularization Loss: 8.245e-05 | Val Loss: 1.391e+00 | Time: 10.10s
2025-08-18 12:51:22,669:INFO:New best model found at epoch 800 with validation loss 1.391e+00. Saving...
2025-08-18 12:51:27,580:INFO:Epoch: 850/10000 | Train Loss: 1.408e+00 | Dynamic Loss: 1.408e+00 | Regularization Loss: 7.258e-05 | Val Loss: 1.390e+00 | Time: 4.90s
2025-08-18 12:51:27,581:INFO:New best model found at epoch 850 with validation loss 1.390e+00. Saving...
2025-08-18 12:51:32,509:INFO:Epoch: 900/10000 | Train Loss: 1.410e+00 | Dynamic Loss: 1.410e+00 | Regularization Loss: 6.412e-05 | Val Loss: 1.392e+00 | Time: 4.92s
2025-08-18 12:51:37,428:INFO:Epoch: 950/10000 | Train Loss: 1.408e+00 | Dynamic Loss: 1.408e+00 | Regularization Loss: 5.680e-05 | Val Loss: 1.392e+00 | Time: 4.92s
2025-08-18 12:51:42,456:INFO:Epoch: 1000/10000 | Train Loss: 1.408e+00 | Dynamic Loss: 1.408e+00 | Regularization Loss: 5.043e-05 | Val Loss: 1.392e+00 | Time: 5.03s
2025-08-18 12:51:47,339:INFO:Epoch: 1050/10000 | Train Loss: 1.410e+00 | Dynamic Loss: 1.410e+00 | Regularization Loss: 4.486e-05 | Val Loss: 1.392e+00 | Time: 4.88s
2025-08-18 12:51:52,310:INFO:Epoch: 1100/10000 | Train Loss: 1.413e+00 | Dynamic Loss: 1.413e+00 | Regularization Loss: 3.997e-05 | Val Loss: 1.386e+00 | Time: 4.97s
2025-08-18 12:51:52,311:INFO:New best model found at epoch 1100 with validation loss 1.386e+00. Saving...
2025-08-18 12:51:57,221:INFO:Epoch: 1150/10000 | Train Loss: 1.412e+00 | Dynamic Loss: 1.412e+00 | Regularization Loss: 3.564e-05 | Val Loss: 1.398e+00 | Time: 4.90s
2025-08-18 12:52:02,126:INFO:Epoch: 1200/10000 | Train Loss: 1.406e+00 | Dynamic Loss: 1.406e+00 | Regularization Loss: 3.180e-05 | Val Loss: 1.386e+00 | Time: 4.90s
2025-08-18 12:52:02,126:INFO:New best model found at epoch 1200 with validation loss 1.386e+00. Saving...
2025-08-18 12:52:12,410:INFO:Epoch: 1250/10000 | Train Loss: 1.403e+00 | Dynamic Loss: 1.403e+00 | Regularization Loss: 2.839e-05 | Val Loss: 1.388e+00 | Time: 10.27s
2025-08-18 12:52:17,305:INFO:Epoch: 1300/10000 | Train Loss: 1.404e+00 | Dynamic Loss: 1.404e+00 | Regularization Loss: 2.534e-05 | Val Loss: 1.388e+00 | Time: 4.89s
2025-08-18 12:52:22,318:INFO:Epoch: 1350/10000 | Train Loss: 1.406e+00 | Dynamic Loss: 1.406e+00 | Regularization Loss: 2.261e-05 | Val Loss: 1.386e+00 | Time: 5.01s
2025-08-18 12:52:27,240:INFO:Epoch: 1400/10000 | Train Loss: 1.402e+00 | Dynamic Loss: 1.402e+00 | Regularization Loss: 2.017e-05 | Val Loss: 1.383e+00 | Time: 4.92s
2025-08-18 12:52:27,240:INFO:New best model found at epoch 1400 with validation loss 1.383e+00. Saving...
2025-08-18 12:52:32,320:INFO:Epoch: 1450/10000 | Train Loss: 1.408e+00 | Dynamic Loss: 1.408e+00 | Regularization Loss: 1.797e-05 | Val Loss: 1.384e+00 | Time: 5.07s
2025-08-18 12:52:37,236:INFO:Epoch: 1500/10000 | Train Loss: 1.400e+00 | Dynamic Loss: 1.400e+00 | Regularization Loss: 1.599e-05 | Val Loss: 1.384e+00 | Time: 4.92s
2025-08-18 12:52:42,119:INFO:Epoch: 1550/10000 | Train Loss: 1.407e+00 | Dynamic Loss: 1.407e+00 | Regularization Loss: 1.421e-05 | Val Loss: 1.387e+00 | Time: 4.88s
2025-08-18 12:52:52,754:INFO:Epoch: 1600/10000 | Train Loss: 1.403e+00 | Dynamic Loss: 1.403e+00 | Regularization Loss: 1.261e-05 | Val Loss: 1.387e+00 | Time: 10.63s
2025-08-18 12:52:57,677:INFO:Epoch: 1650/10000 | Train Loss: 1.398e+00 | Dynamic Loss: 1.398e+00 | Regularization Loss: 1.116e-05 | Val Loss: 1.399e+00 | Time: 4.92s
2025-08-18 12:53:04,526:INFO:Epoch: 1700/10000 | Train Loss: 1.401e+00 | Dynamic Loss: 1.401e+00 | Regularization Loss: 9.859e-06 | Val Loss: 1.382e+00 | Time: 6.85s
2025-08-18 12:53:04,526:INFO:New best model found at epoch 1700 with validation loss 1.382e+00. Saving...
2025-08-18 12:53:09,546:INFO:Epoch: 1750/10000 | Train Loss: 1.405e+00 | Dynamic Loss: 1.405e+00 | Regularization Loss: 8.683e-06 | Val Loss: 1.384e+00 | Time: 5.01s
2025-08-18 12:53:14,550:INFO:Epoch: 1800/10000 | Train Loss: 1.404e+00 | Dynamic Loss: 1.404e+00 | Regularization Loss: 7.628e-06 | Val Loss: 1.386e+00 | Time: 5.00s
2025-08-18 12:53:19,519:INFO:Epoch: 1850/10000 | Train Loss: 1.397e+00 | Dynamic Loss: 1.397e+00 | Regularization Loss: 6.679e-06 | Val Loss: 1.376e+00 | Time: 4.97s
2025-08-18 12:53:19,519:INFO:New best model found at epoch 1850 with validation loss 1.376e+00. Saving...
2025-08-18 12:53:24,502:INFO:Epoch: 1900/10000 | Train Loss: 1.418e+00 | Dynamic Loss: 1.418e+00 | Regularization Loss: 5.826e-06 | Val Loss: 1.372e+00 | Time: 4.97s
2025-08-18 12:53:24,502:INFO:New best model found at epoch 1900 with validation loss 1.372e+00. Saving...
2025-08-18 12:53:32,709:INFO:Epoch: 1950/10000 | Train Loss: 1.395e+00 | Dynamic Loss: 1.395e+00 | Regularization Loss: 5.062e-06 | Val Loss: 1.377e+00 | Time: 8.19s
2025-08-18 12:53:37,641:INFO:Epoch: 2000/10000 | Train Loss: 1.401e+00 | Dynamic Loss: 1.401e+00 | Regularization Loss: 4.379e-06 | Val Loss: 1.388e+00 | Time: 4.93s
2025-08-18 12:53:46,140:INFO:Epoch: 2050/10000 | Train Loss: 1.403e+00 | Dynamic Loss: 1.403e+00 | Regularization Loss: 3.770e-06 | Val Loss: 1.388e+00 | Time: 8.50s
2025-08-18 12:53:51,162:INFO:Epoch: 2100/10000 | Train Loss: 1.412e+00 | Dynamic Loss: 1.412e+00 | Regularization Loss: 3.232e-06 | Val Loss: 1.371e+00 | Time: 5.02s
2025-08-18 12:53:51,163:INFO:New best model found at epoch 2100 with validation loss 1.371e+00. Saving...
2025-08-18 12:53:56,219:INFO:Epoch: 2150/10000 | Train Loss: 1.389e+00 | Dynamic Loss: 1.389e+00 | Regularization Loss: 2.755e-06 | Val Loss: 1.364e+00 | Time: 5.04s
2025-08-18 12:53:56,219:INFO:New best model found at epoch 2150 with validation loss 1.364e+00. Saving...
2025-08-18 12:54:01,182:INFO:Epoch: 2200/10000 | Train Loss: 1.413e+00 | Dynamic Loss: 1.413e+00 | Regularization Loss: 2.334e-06 | Val Loss: 1.365e+00 | Time: 4.95s
2025-08-18 12:54:06,169:INFO:Epoch: 2250/10000 | Train Loss: 1.393e+00 | Dynamic Loss: 1.393e+00 | Regularization Loss: 1.965e-06 | Val Loss: 1.388e+00 | Time: 4.99s
2025-08-18 12:54:15,519:INFO:Epoch: 2300/10000 | Train Loss: 1.383e+00 | Dynamic Loss: 1.383e+00 | Regularization Loss: 1.645e-06 | Val Loss: 1.390e+00 | Time: 9.35s
2025-08-18 12:54:20,455:INFO:Epoch: 2350/10000 | Train Loss: 1.384e+00 | Dynamic Loss: 1.384e+00 | Regularization Loss: 1.367e-06 | Val Loss: 1.387e+00 | Time: 4.94s
2025-08-18 12:54:28,078:INFO:Epoch: 2400/10000 | Train Loss: 1.382e+00 | Dynamic Loss: 1.382e+00 | Regularization Loss: 1.127e-06 | Val Loss: 1.389e+00 | Time: 7.62s
2025-08-18 12:54:33,009:INFO:Epoch: 2450/10000 | Train Loss: 1.377e+00 | Dynamic Loss: 1.377e+00 | Regularization Loss: 9.235e-07 | Val Loss: 1.387e+00 | Time: 4.93s
2025-08-18 12:54:38,083:INFO:Epoch: 2500/10000 | Train Loss: 1.378e+00 | Dynamic Loss: 1.378e+00 | Regularization Loss: 7.501e-07 | Val Loss: 1.387e+00 | Time: 5.07s
2025-08-18 12:54:43,020:INFO:Epoch: 2550/10000 | Train Loss: 1.380e+00 | Dynamic Loss: 1.380e+00 | Regularization Loss: 6.038e-07 | Val Loss: 1.384e+00 | Time: 4.94s
2025-08-18 12:54:48,050:INFO:Epoch: 2600/10000 | Train Loss: 1.376e+00 | Dynamic Loss: 1.376e+00 | Regularization Loss: 4.821e-07 | Val Loss: 1.386e+00 | Time: 5.03s
2025-08-18 12:54:53,065:INFO:Epoch: 2650/10000 | Train Loss: 1.376e+00 | Dynamic Loss: 1.376e+00 | Regularization Loss: 3.811e-07 | Val Loss: 1.381e+00 | Time: 5.01s
2025-08-18 12:54:58,032:INFO:Epoch: 2700/10000 | Train Loss: 1.372e+00 | Dynamic Loss: 1.372e+00 | Regularization Loss: 2.984e-07 | Val Loss: 1.386e+00 | Time: 4.97s
2025-08-18 12:55:06,893:INFO:Epoch: 2750/10000 | Train Loss: 1.371e+00 | Dynamic Loss: 1.371e+00 | Regularization Loss: 2.313e-07 | Val Loss: 1.382e+00 | Time: 8.86s
2025-08-18 12:55:11,911:INFO:Epoch: 2800/10000 | Train Loss: 1.370e+00 | Dynamic Loss: 1.370e+00 | Regularization Loss: 1.773e-07 | Val Loss: 1.384e+00 | Time: 5.02s
2025-08-18 12:55:16,981:INFO:Epoch: 2850/10000 | Train Loss: 1.370e+00 | Dynamic Loss: 1.370e+00 | Regularization Loss: 1.346e-07 | Val Loss: 1.379e+00 | Time: 5.07s
2025-08-18 12:55:21,968:INFO:Epoch: 2900/10000 | Train Loss: 1.369e+00 | Dynamic Loss: 1.369e+00 | Regularization Loss: 1.009e-07 | Val Loss: 1.380e+00 | Time: 4.99s
2025-08-18 12:55:27,052:INFO:Epoch: 2950/10000 | Train Loss: 1.368e+00 | Dynamic Loss: 1.368e+00 | Regularization Loss: 7.478e-08 | Val Loss: 1.374e+00 | Time: 5.08s
2025-08-18 12:55:32,076:INFO:Epoch: 3000/10000 | Train Loss: 1.364e+00 | Dynamic Loss: 1.364e+00 | Regularization Loss: 5.479e-08 | Val Loss: 1.379e+00 | Time: 5.02s
2025-08-18 12:55:37,208:INFO:Epoch: 3050/10000 | Train Loss: 1.361e+00 | Dynamic Loss: 1.361e+00 | Regularization Loss: 3.963e-08 | Val Loss: 1.377e+00 | Time: 5.13s
2025-08-18 12:55:42,250:INFO:Epoch: 3100/10000 | Train Loss: 1.361e+00 | Dynamic Loss: 1.361e+00 | Regularization Loss: 2.828e-08 | Val Loss: 1.375e+00 | Time: 5.04s
2025-08-18 12:55:47,188:INFO:Epoch: 3150/10000 | Train Loss: 1.359e+00 | Dynamic Loss: 1.359e+00 | Regularization Loss: 1.994e-08 | Val Loss: 1.372e+00 | Time: 4.94s
2025-08-18 12:55:52,059:INFO:Epoch: 3200/10000 | Train Loss: 1.357e+00 | Dynamic Loss: 1.357e+00 | Regularization Loss: 1.386e-08 | Val Loss: 1.373e+00 | Time: 4.87s
2025-08-18 12:55:56,925:INFO:Epoch: 3250/10000 | Train Loss: 1.356e+00 | Dynamic Loss: 1.356e+00 | Regularization Loss: 9.502e-09 | Val Loss: 1.373e+00 | Time: 4.87s
2025-08-18 12:56:01,808:INFO:Epoch: 3300/10000 | Train Loss: 1.354e+00 | Dynamic Loss: 1.354e+00 | Regularization Loss: 6.422e-09 | Val Loss: 1.369e+00 | Time: 4.88s
2025-08-18 12:56:12,378:INFO:Epoch: 3350/10000 | Train Loss: 1.352e+00 | Dynamic Loss: 1.352e+00 | Regularization Loss: 4.279e-09 | Val Loss: 1.367e+00 | Time: 10.57s
2025-08-18 12:56:17,202:INFO:Epoch: 3400/10000 | Train Loss: 1.350e+00 | Dynamic Loss: 1.350e+00 | Regularization Loss: 2.810e-09 | Val Loss: 1.366e+00 | Time: 4.82s
2025-08-18 12:56:22,090:INFO:Epoch: 3450/10000 | Train Loss: 1.346e+00 | Dynamic Loss: 1.346e+00 | Regularization Loss: 1.818e-09 | Val Loss: 1.367e+00 | Time: 4.89s
2025-08-18 12:56:27,082:INFO:Epoch: 3500/10000 | Train Loss: 1.348e+00 | Dynamic Loss: 1.348e+00 | Regularization Loss: 1.158e-09 | Val Loss: 1.360e+00 | Time: 4.99s
2025-08-18 12:56:27,082:INFO:New best model found at epoch 3500 with validation loss 1.360e+00. Saving...
2025-08-18 12:56:31,933:INFO:Epoch: 3550/10000 | Train Loss: 1.342e+00 | Dynamic Loss: 1.342e+00 | Regularization Loss: 7.271e-10 | Val Loss: 1.357e+00 | Time: 4.84s
2025-08-18 12:56:31,933:INFO:New best model found at epoch 3550 with validation loss 1.357e+00. Saving...
2025-08-18 12:56:36,791:INFO:Epoch: 3600/10000 | Train Loss: 1.339e+00 | Dynamic Loss: 1.339e+00 | Regularization Loss: 4.496e-10 | Val Loss: 1.360e+00 | Time: 4.85s
2025-08-18 12:56:45,752:INFO:Epoch: 3650/10000 | Train Loss: 1.339e+00 | Dynamic Loss: 1.339e+00 | Regularization Loss: 2.739e-10 | Val Loss: 1.361e+00 | Time: 8.96s
2025-08-18 12:56:50,650:INFO:Epoch: 3700/10000 | Train Loss: 1.340e+00 | Dynamic Loss: 1.340e+00 | Regularization Loss: 1.645e-10 | Val Loss: 1.350e+00 | Time: 4.90s
2025-08-18 12:56:50,650:INFO:New best model found at epoch 3700 with validation loss 1.350e+00. Saving...
2025-08-18 12:56:55,525:INFO:Epoch: 3750/10000 | Train Loss: 1.331e+00 | Dynamic Loss: 1.331e+00 | Regularization Loss: 9.731e-11 | Val Loss: 1.362e+00 | Time: 4.86s
2025-08-18 12:57:04,551:INFO:Epoch: 3800/10000 | Train Loss: 1.330e+00 | Dynamic Loss: 1.330e+00 | Regularization Loss: 5.673e-11 | Val Loss: 1.348e+00 | Time: 9.03s
2025-08-18 12:57:04,552:INFO:New best model found at epoch 3800 with validation loss 1.348e+00. Saving...
2025-08-18 12:57:09,444:INFO:Epoch: 3850/10000 | Train Loss: 1.327e+00 | Dynamic Loss: 1.327e+00 | Regularization Loss: 3.259e-11 | Val Loss: 1.352e+00 | Time: 4.88s
2025-08-18 12:57:14,300:INFO:Epoch: 3900/10000 | Train Loss: 1.325e+00 | Dynamic Loss: 1.325e+00 | Regularization Loss: 1.847e-11 | Val Loss: 1.348e+00 | Time: 4.86s
2025-08-18 12:57:14,300:INFO:New best model found at epoch 3900 with validation loss 1.348e+00. Saving...
2025-08-18 12:57:22,669:INFO:Epoch: 3950/10000 | Train Loss: 1.325e+00 | Dynamic Loss: 1.325e+00 | Regularization Loss: 1.032e-11 | Val Loss: 1.344e+00 | Time: 8.36s
2025-08-18 12:57:22,669:INFO:New best model found at epoch 3950 with validation loss 1.344e+00. Saving...
2025-08-18 12:57:27,540:INFO:Epoch: 4000/10000 | Train Loss: 1.320e+00 | Dynamic Loss: 1.320e+00 | Regularization Loss: 5.690e-12 | Val Loss: 1.341e+00 | Time: 4.86s
2025-08-18 12:57:27,540:INFO:New best model found at epoch 4000 with validation loss 1.341e+00. Saving...
2025-08-18 12:57:32,437:INFO:Epoch: 4050/10000 | Train Loss: 1.315e+00 | Dynamic Loss: 1.315e+00 | Regularization Loss: 3.096e-12 | Val Loss: 1.342e+00 | Time: 4.88s
2025-08-18 12:57:39,244:INFO:Epoch: 4100/10000 | Train Loss: 1.317e+00 | Dynamic Loss: 1.317e+00 | Regularization Loss: 1.664e-12 | Val Loss: 1.337e+00 | Time: 6.81s
2025-08-18 12:57:39,244:INFO:New best model found at epoch 4100 with validation loss 1.337e+00. Saving...
2025-08-18 12:57:44,145:INFO:Epoch: 4150/10000 | Train Loss: 1.308e+00 | Dynamic Loss: 1.308e+00 | Regularization Loss: 8.834e-13 | Val Loss: 1.341e+00 | Time: 4.89s
2025-08-18 12:57:49,008:INFO:Epoch: 4200/10000 | Train Loss: 1.305e+00 | Dynamic Loss: 1.305e+00 | Regularization Loss: 4.634e-13 | Val Loss: 1.333e+00 | Time: 4.86s
2025-08-18 12:57:49,008:INFO:New best model found at epoch 4200 with validation loss 1.333e+00. Saving...
2025-08-18 12:57:53,976:INFO:Epoch: 4250/10000 | Train Loss: 1.302e+00 | Dynamic Loss: 1.302e+00 | Regularization Loss: 2.404e-13 | Val Loss: 1.330e+00 | Time: 4.96s
2025-08-18 12:57:53,977:INFO:New best model found at epoch 4250 with validation loss 1.330e+00. Saving...
2025-08-18 12:57:58,866:INFO:Epoch: 4300/10000 | Train Loss: 1.299e+00 | Dynamic Loss: 1.299e+00 | Regularization Loss: 1.234e-13 | Val Loss: 1.328e+00 | Time: 4.88s
2025-08-18 12:57:58,866:INFO:New best model found at epoch 4300 with validation loss 1.328e+00. Saving...
2025-08-18 12:58:03,773:INFO:Epoch: 4350/10000 | Train Loss: 1.294e+00 | Dynamic Loss: 1.294e+00 | Regularization Loss: 6.264e-14 | Val Loss: 1.327e+00 | Time: 4.89s
2025-08-18 12:58:03,773:INFO:New best model found at epoch 4350 with validation loss 1.327e+00. Saving...
2025-08-18 12:58:08,647:INFO:Epoch: 4400/10000 | Train Loss: 1.293e+00 | Dynamic Loss: 1.293e+00 | Regularization Loss: 3.152e-14 | Val Loss: 1.314e+00 | Time: 4.86s
2025-08-18 12:58:08,648:INFO:New best model found at epoch 4400 with validation loss 1.314e+00. Saving...
2025-08-18 12:58:18,784:INFO:Epoch: 4450/10000 | Train Loss: 1.291e+00 | Dynamic Loss: 1.291e+00 | Regularization Loss: 1.573e-14 | Val Loss: 1.307e+00 | Time: 10.12s
2025-08-18 12:58:18,784:INFO:New best model found at epoch 4450 with validation loss 1.307e+00. Saving...
2025-08-18 12:58:23,712:INFO:Epoch: 4500/10000 | Train Loss: 1.281e+00 | Dynamic Loss: 1.281e+00 | Regularization Loss: 7.786e-15 | Val Loss: 1.306e+00 | Time: 4.91s
2025-08-18 12:58:23,712:INFO:New best model found at epoch 4500 with validation loss 1.306e+00. Saving...
2025-08-18 12:58:28,614:INFO:Epoch: 4550/10000 | Train Loss: 1.280e+00 | Dynamic Loss: 1.280e+00 | Regularization Loss: 3.830e-15 | Val Loss: 1.304e+00 | Time: 4.89s
2025-08-18 12:58:28,615:INFO:New best model found at epoch 4550 with validation loss 1.304e+00. Saving...
2025-08-18 12:58:38,272:INFO:Epoch: 4600/10000 | Train Loss: 1.273e+00 | Dynamic Loss: 1.273e+00 | Regularization Loss: 1.875e-15 | Val Loss: 1.301e+00 | Time: 9.64s
2025-08-18 12:58:38,272:INFO:New best model found at epoch 4600 with validation loss 1.301e+00. Saving...
2025-08-18 12:58:43,190:INFO:Epoch: 4650/10000 | Train Loss: 1.263e+00 | Dynamic Loss: 1.263e+00 | Regularization Loss: 9.131e-16 | Val Loss: 1.293e+00 | Time: 4.91s
2025-08-18 12:58:43,191:INFO:New best model found at epoch 4650 with validation loss 1.293e+00. Saving...
2025-08-18 12:58:48,139:INFO:Epoch: 4700/10000 | Train Loss: 1.266e+00 | Dynamic Loss: 1.266e+00 | Regularization Loss: 4.434e-16 | Val Loss: 1.290e+00 | Time: 4.94s
2025-08-18 12:58:48,139:INFO:New best model found at epoch 4700 with validation loss 1.290e+00. Saving...
2025-08-18 12:58:54,233:INFO:Epoch: 4750/10000 | Train Loss: 1.252e+00 | Dynamic Loss: 1.252e+00 | Regularization Loss: 2.150e-16 | Val Loss: 1.287e+00 | Time: 6.08s
2025-08-18 12:58:54,234:INFO:New best model found at epoch 4750 with validation loss 1.287e+00. Saving...
2025-08-18 12:58:59,139:INFO:Epoch: 4800/10000 | Train Loss: 1.250e+00 | Dynamic Loss: 1.250e+00 | Regularization Loss: 1.042e-16 | Val Loss: 1.277e+00 | Time: 4.89s
2025-08-18 12:58:59,139:INFO:New best model found at epoch 4800 with validation loss 1.277e+00. Saving...
2025-08-18 12:59:04,110:INFO:Epoch: 4850/10000 | Train Loss: 1.239e+00 | Dynamic Loss: 1.239e+00 | Regularization Loss: 5.052e-17 | Val Loss: 1.291e+00 | Time: 4.96s
2025-08-18 12:59:09,068:INFO:Epoch: 4900/10000 | Train Loss: 1.246e+00 | Dynamic Loss: 1.246e+00 | Regularization Loss: 2.458e-17 | Val Loss: 1.272e+00 | Time: 4.96s
2025-08-18 12:59:09,068:INFO:New best model found at epoch 4900 with validation loss 1.272e+00. Saving...
2025-08-18 12:59:14,020:INFO:Epoch: 4950/10000 | Train Loss: 1.229e+00 | Dynamic Loss: 1.229e+00 | Regularization Loss: 1.202e-17 | Val Loss: 1.267e+00 | Time: 4.94s
2025-08-18 12:59:14,020:INFO:New best model found at epoch 4950 with validation loss 1.267e+00. Saving...
2025-08-18 12:59:18,933:INFO:Epoch: 5000/10000 | Train Loss: 1.222e+00 | Dynamic Loss: 1.222e+00 | Regularization Loss: 5.909e-18 | Val Loss: 1.264e+00 | Time: 4.90s
2025-08-18 12:59:18,933:INFO:New best model found at epoch 5000 with validation loss 1.264e+00. Saving...
2025-08-18 12:59:23,908:INFO:Epoch: 5050/10000 | Train Loss: 1.220e+00 | Dynamic Loss: 1.220e+00 | Regularization Loss: 2.931e-18 | Val Loss: 1.247e+00 | Time: 4.96s
2025-08-18 12:59:23,908:INFO:New best model found at epoch 5050 with validation loss 1.247e+00. Saving...
2025-08-18 12:59:28,853:INFO:Epoch: 5100/10000 | Train Loss: 1.216e+00 | Dynamic Loss: 1.216e+00 | Regularization Loss: 1.469e-18 | Val Loss: 1.253e+00 | Time: 4.93s
2025-08-18 12:59:33,757:INFO:Epoch: 5150/10000 | Train Loss: 1.204e+00 | Dynamic Loss: 1.204e+00 | Regularization Loss: 7.450e-19 | Val Loss: 1.247e+00 | Time: 4.90s
2025-08-18 12:59:33,757:INFO:New best model found at epoch 5150 with validation loss 1.247e+00. Saving...
2025-08-18 12:59:38,725:INFO:Epoch: 5200/10000 | Train Loss: 1.189e+00 | Dynamic Loss: 1.189e+00 | Regularization Loss: 3.834e-19 | Val Loss: 1.221e+00 | Time: 4.95s
2025-08-18 12:59:38,725:INFO:New best model found at epoch 5200 with validation loss 1.221e+00. Saving...
2025-08-18 12:59:43,642:INFO:Epoch: 5250/10000 | Train Loss: 1.202e+00 | Dynamic Loss: 1.202e+00 | Regularization Loss: 2.005e-19 | Val Loss: 1.218e+00 | Time: 4.90s
2025-08-18 12:59:43,642:INFO:New best model found at epoch 5250 with validation loss 1.218e+00. Saving...
2025-08-18 12:59:48,537:INFO:Epoch: 5300/10000 | Train Loss: 1.177e+00 | Dynamic Loss: 1.177e+00 | Regularization Loss: 1.070e-19 | Val Loss: 1.212e+00 | Time: 4.88s
2025-08-18 12:59:48,538:INFO:New best model found at epoch 5300 with validation loss 1.212e+00. Saving...
2025-08-18 12:59:53,353:INFO:Epoch: 5350/10000 | Train Loss: 1.168e+00 | Dynamic Loss: 1.168e+00 | Regularization Loss: 5.830e-20 | Val Loss: 1.211e+00 | Time: 4.80s
2025-08-18 12:59:53,353:INFO:New best model found at epoch 5350 with validation loss 1.211e+00. Saving...
2025-08-18 13:00:03,958:INFO:Epoch: 5400/10000 | Train Loss: 1.159e+00 | Dynamic Loss: 1.159e+00 | Regularization Loss: 3.263e-20 | Val Loss: 1.205e+00 | Time: 10.59s
2025-08-18 13:00:03,958:INFO:New best model found at epoch 5400 with validation loss 1.205e+00. Saving...
2025-08-18 13:00:08,880:INFO:Epoch: 5450/10000 | Train Loss: 1.163e+00 | Dynamic Loss: 1.163e+00 | Regularization Loss: 1.872e-20 | Val Loss: 1.198e+00 | Time: 4.91s
2025-08-18 13:00:08,880:INFO:New best model found at epoch 5450 with validation loss 1.198e+00. Saving...
2025-08-18 13:00:13,748:INFO:Epoch: 5500/10000 | Train Loss: 1.142e+00 | Dynamic Loss: 1.142e+00 | Regularization Loss: 1.108e-20 | Val Loss: 1.184e+00 | Time: 4.86s
2025-08-18 13:00:13,749:INFO:New best model found at epoch 5500 with validation loss 1.184e+00. Saving...
2025-08-18 13:00:24,471:INFO:Epoch: 5550/10000 | Train Loss: 1.142e+00 | Dynamic Loss: 1.142e+00 | Regularization Loss: 6.776e-21 | Val Loss: 1.184e+00 | Time: 10.71s
2025-08-18 13:00:24,471:INFO:New best model found at epoch 5550 with validation loss 1.184e+00. Saving...
2025-08-18 13:00:29,428:INFO:Epoch: 5600/10000 | Train Loss: 1.118e+00 | Dynamic Loss: 1.118e+00 | Regularization Loss: 4.288e-21 | Val Loss: 1.161e+00 | Time: 4.94s
2025-08-18 13:00:29,428:INFO:New best model found at epoch 5600 with validation loss 1.161e+00. Saving...
2025-08-18 13:00:34,390:INFO:Epoch: 5650/10000 | Train Loss: 1.106e+00 | Dynamic Loss: 1.106e+00 | Regularization Loss: 2.816e-21 | Val Loss: 1.178e+00 | Time: 4.95s
2025-08-18 13:00:45,469:INFO:Epoch: 5700/10000 | Train Loss: 1.117e+00 | Dynamic Loss: 1.117e+00 | Regularization Loss: 1.927e-21 | Val Loss: 1.155e+00 | Time: 11.08s
2025-08-18 13:00:45,469:INFO:New best model found at epoch 5700 with validation loss 1.155e+00. Saving...
2025-08-18 13:00:50,408:INFO:Epoch: 5750/10000 | Train Loss: 1.102e+00 | Dynamic Loss: 1.102e+00 | Regularization Loss: 1.379e-21 | Val Loss: 1.144e+00 | Time: 4.93s
2025-08-18 13:00:50,408:INFO:New best model found at epoch 5750 with validation loss 1.144e+00. Saving...
2025-08-18 13:00:55,369:INFO:Epoch: 5800/10000 | Train Loss: 1.099e+00 | Dynamic Loss: 1.099e+00 | Regularization Loss: 1.034e-21 | Val Loss: 1.136e+00 | Time: 4.95s
2025-08-18 13:00:55,369:INFO:New best model found at epoch 5800 with validation loss 1.136e+00. Saving...
2025-08-18 13:01:00,413:INFO:Epoch: 5850/10000 | Train Loss: 1.081e+00 | Dynamic Loss: 1.081e+00 | Regularization Loss: 8.110e-22 | Val Loss: 1.130e+00 | Time: 5.03s
2025-08-18 13:01:00,413:INFO:New best model found at epoch 5850 with validation loss 1.130e+00. Saving...
2025-08-18 13:01:05,355:INFO:Epoch: 5900/10000 | Train Loss: 1.076e+00 | Dynamic Loss: 1.076e+00 | Regularization Loss: 6.708e-22 | Val Loss: 1.129e+00 | Time: 4.93s
2025-08-18 13:01:05,356:INFO:New best model found at epoch 5900 with validation loss 1.129e+00. Saving...
2025-08-18 13:01:10,252:INFO:Epoch: 5950/10000 | Train Loss: 1.068e+00 | Dynamic Loss: 1.068e+00 | Regularization Loss: 5.858e-22 | Val Loss: 1.115e+00 | Time: 4.88s
2025-08-18 13:01:10,252:INFO:New best model found at epoch 5950 with validation loss 1.115e+00. Saving...
2025-08-18 13:01:15,212:INFO:Epoch: 6000/10000 | Train Loss: 1.047e+00 | Dynamic Loss: 1.047e+00 | Regularization Loss: 5.422e-22 | Val Loss: 1.108e+00 | Time: 4.95s
2025-08-18 13:01:15,213:INFO:New best model found at epoch 6000 with validation loss 1.108e+00. Saving...
2025-08-18 13:01:20,129:INFO:Epoch: 6050/10000 | Train Loss: 1.048e+00 | Dynamic Loss: 1.048e+00 | Regularization Loss: 5.318e-22 | Val Loss: 1.093e+00 | Time: 4.90s
2025-08-18 13:01:20,129:INFO:New best model found at epoch 6050 with validation loss 1.093e+00. Saving...
2025-08-18 13:01:25,105:INFO:Epoch: 6100/10000 | Train Loss: 1.039e+00 | Dynamic Loss: 1.039e+00 | Regularization Loss: 5.552e-22 | Val Loss: 1.090e+00 | Time: 4.96s
2025-08-18 13:01:25,105:INFO:New best model found at epoch 6100 with validation loss 1.090e+00. Saving...
2025-08-18 13:01:30,867:INFO:Epoch: 6150/10000 | Train Loss: 1.016e+00 | Dynamic Loss: 1.016e+00 | Regularization Loss: 6.169e-22 | Val Loss: 1.082e+00 | Time: 5.75s
2025-08-18 13:01:30,867:INFO:New best model found at epoch 6150 with validation loss 1.082e+00. Saving...
2025-08-18 13:01:35,796:INFO:Epoch: 6200/10000 | Train Loss: 1.012e+00 | Dynamic Loss: 1.012e+00 | Regularization Loss: 7.354e-22 | Val Loss: 1.064e+00 | Time: 4.92s
2025-08-18 13:01:35,796:INFO:New best model found at epoch 6200 with validation loss 1.064e+00. Saving...
2025-08-18 13:01:40,761:INFO:Epoch: 6250/10000 | Train Loss: 9.988e-01 | Dynamic Loss: 9.988e-01 | Regularization Loss: 9.401e-22 | Val Loss: 1.048e+00 | Time: 4.95s
2025-08-18 13:01:40,761:INFO:New best model found at epoch 6250 with validation loss 1.048e+00. Saving...
2025-08-18 13:01:47,107:INFO:Epoch: 6300/10000 | Train Loss: 9.931e-01 | Dynamic Loss: 9.931e-01 | Regularization Loss: 1.293e-21 | Val Loss: 1.047e+00 | Time: 6.33s
2025-08-18 13:01:47,107:INFO:New best model found at epoch 6300 with validation loss 1.047e+00. Saving...
2025-08-18 13:01:52,021:INFO:Epoch: 6350/10000 | Train Loss: 9.891e-01 | Dynamic Loss: 9.891e-01 | Regularization Loss: 1.919e-21 | Val Loss: 1.027e+00 | Time: 4.90s
2025-08-18 13:01:52,021:INFO:New best model found at epoch 6350 with validation loss 1.027e+00. Saving...
2025-08-18 13:01:56,955:INFO:Epoch: 6400/10000 | Train Loss: 9.798e-01 | Dynamic Loss: 9.798e-01 | Regularization Loss: 3.085e-21 | Val Loss: 1.026e+00 | Time: 4.92s
2025-08-18 13:01:56,955:INFO:New best model found at epoch 6400 with validation loss 1.026e+00. Saving...
2025-08-18 13:02:05,295:INFO:Epoch: 6450/10000 | Train Loss: 9.814e-01 | Dynamic Loss: 9.814e-01 | Regularization Loss: 5.388e-21 | Val Loss: 1.010e+00 | Time: 8.33s
2025-08-18 13:02:05,295:INFO:New best model found at epoch 6450 with validation loss 1.010e+00. Saving...
2025-08-18 13:02:10,230:INFO:Epoch: 6500/10000 | Train Loss: 9.578e-01 | Dynamic Loss: 9.578e-01 | Regularization Loss: 1.028e-20 | Val Loss: 9.967e-01 | Time: 4.92s
2025-08-18 13:02:10,230:INFO:New best model found at epoch 6500 with validation loss 9.967e-01. Saving...
2025-08-18 13:02:15,211:INFO:Epoch: 6550/10000 | Train Loss: 9.507e-01 | Dynamic Loss: 9.507e-01 | Regularization Loss: 2.132e-20 | Val Loss: 9.943e-01 | Time: 4.97s
2025-08-18 13:02:15,212:INFO:New best model found at epoch 6550 with validation loss 9.943e-01. Saving...
2025-08-18 13:02:21,666:INFO:Epoch: 6600/10000 | Train Loss: 9.439e-01 | Dynamic Loss: 9.439e-01 | Regularization Loss: 4.859e-20 | Val Loss: 9.833e-01 | Time: 6.44s
2025-08-18 13:02:21,666:INFO:New best model found at epoch 6600 with validation loss 9.833e-01. Saving...
2025-08-18 13:02:26,660:INFO:Epoch: 6650/10000 | Train Loss: 9.300e-01 | Dynamic Loss: 9.300e-01 | Regularization Loss: 1.222e-19 | Val Loss: 9.878e-01 | Time: 4.98s
2025-08-18 13:02:31,592:INFO:Epoch: 6700/10000 | Train Loss: 9.232e-01 | Dynamic Loss: 9.232e-01 | Regularization Loss: 3.384e-19 | Val Loss: 9.677e-01 | Time: 4.93s
2025-08-18 13:02:31,592:INFO:New best model found at epoch 6700 with validation loss 9.677e-01. Saving...
2025-08-18 13:02:36,528:INFO:Epoch: 6750/10000 | Train Loss: 9.174e-01 | Dynamic Loss: 9.174e-01 | Regularization Loss: 1.040e-18 | Val Loss: 9.546e-01 | Time: 4.92s
2025-08-18 13:02:36,528:INFO:New best model found at epoch 6750 with validation loss 9.546e-01. Saving...
2025-08-18 13:02:41,471:INFO:Epoch: 6800/10000 | Train Loss: 9.005e-01 | Dynamic Loss: 9.005e-01 | Regularization Loss: 3.553e-18 | Val Loss: 9.523e-01 | Time: 4.93s
2025-08-18 13:02:41,471:INFO:New best model found at epoch 6800 with validation loss 9.523e-01. Saving...
2025-08-18 13:02:46,429:INFO:Epoch: 6850/10000 | Train Loss: 8.895e-01 | Dynamic Loss: 8.895e-01 | Regularization Loss: 1.361e-17 | Val Loss: 9.334e-01 | Time: 4.94s
2025-08-18 13:02:46,429:INFO:New best model found at epoch 6850 with validation loss 9.334e-01. Saving...
2025-08-18 13:02:51,345:INFO:Epoch: 6900/10000 | Train Loss: 8.848e-01 | Dynamic Loss: 8.848e-01 | Regularization Loss: 5.816e-17 | Val Loss: 9.290e-01 | Time: 4.90s
2025-08-18 13:02:51,345:INFO:New best model found at epoch 6900 with validation loss 9.290e-01. Saving...
2025-08-18 13:03:02,412:INFO:Epoch: 6950/10000 | Train Loss: 8.675e-01 | Dynamic Loss: 8.675e-01 | Regularization Loss: 2.799e-16 | Val Loss: 9.226e-01 | Time: 11.05s
2025-08-18 13:03:02,413:INFO:New best model found at epoch 6950 with validation loss 9.226e-01. Saving...
2025-08-18 13:03:07,364:INFO:Epoch: 7000/10000 | Train Loss: 8.684e-01 | Dynamic Loss: 8.684e-01 | Regularization Loss: 1.523e-15 | Val Loss: 9.104e-01 | Time: 4.94s
2025-08-18 13:03:07,364:INFO:New best model found at epoch 7000 with validation loss 9.104e-01. Saving...
2025-08-18 13:03:12,322:INFO:Epoch: 7050/10000 | Train Loss: 8.584e-01 | Dynamic Loss: 8.584e-01 | Regularization Loss: 9.408e-15 | Val Loss: 9.106e-01 | Time: 4.94s
2025-08-18 13:03:21,280:INFO:Epoch: 7100/10000 | Train Loss: 8.565e-01 | Dynamic Loss: 8.565e-01 | Regularization Loss: 6.600e-14 | Val Loss: 8.989e-01 | Time: 8.96s
2025-08-18 13:03:21,280:INFO:New best model found at epoch 7100 with validation loss 8.989e-01. Saving...
2025-08-18 13:03:26,222:INFO:Epoch: 7150/10000 | Train Loss: 8.340e-01 | Dynamic Loss: 8.340e-01 | Regularization Loss: 5.329e-13 | Val Loss: 8.846e-01 | Time: 4.93s
2025-08-18 13:03:26,223:INFO:New best model found at epoch 7150 with validation loss 8.846e-01. Saving...
2025-08-18 13:03:31,161:INFO:Epoch: 7200/10000 | Train Loss: 8.358e-01 | Dynamic Loss: 8.358e-01 | Regularization Loss: 4.949e-12 | Val Loss: 8.760e-01 | Time: 4.93s
2025-08-18 13:03:31,161:INFO:New best model found at epoch 7200 with validation loss 8.760e-01. Saving...
2025-08-18 13:03:36,159:INFO:Epoch: 7250/10000 | Train Loss: 8.282e-01 | Dynamic Loss: 8.282e-01 | Regularization Loss: 5.313e-11 | Val Loss: 8.701e-01 | Time: 4.98s
2025-08-18 13:03:36,159:INFO:New best model found at epoch 7250 with validation loss 8.701e-01. Saving...
2025-08-18 13:03:41,097:INFO:Epoch: 7300/10000 | Train Loss: 8.136e-01 | Dynamic Loss: 8.136e-01 | Regularization Loss: 6.629e-10 | Val Loss: 8.622e-01 | Time: 4.92s
2025-08-18 13:03:41,097:INFO:New best model found at epoch 7300 with validation loss 8.622e-01. Saving...
2025-08-18 13:03:46,054:INFO:Epoch: 7350/10000 | Train Loss: 8.074e-01 | Dynamic Loss: 8.074e-01 | Regularization Loss: 9.688e-09 | Val Loss: 8.529e-01 | Time: 4.94s
2025-08-18 13:03:46,054:INFO:New best model found at epoch 7350 with validation loss 8.529e-01. Saving...
2025-08-18 13:03:50,951:INFO:Epoch: 7400/10000 | Train Loss: 8.012e-01 | Dynamic Loss: 8.012e-01 | Regularization Loss: 1.614e-07 | Val Loss: 8.381e-01 | Time: 4.88s
2025-08-18 13:03:50,951:INFO:New best model found at epoch 7400 with validation loss 8.381e-01. Saving...
2025-08-18 13:04:02,194:INFO:Epoch: 7450/10000 | Train Loss: 7.972e-01 | Dynamic Loss: 7.972e-01 | Regularization Loss: 1.987e-06 | Val Loss: 8.406e-01 | Time: 11.23s
2025-08-18 13:04:07,111:INFO:Epoch: 7500/10000 | Train Loss: 7.889e-01 | Dynamic Loss: 7.889e-01 | Regularization Loss: 3.944e-06 | Val Loss: 8.351e-01 | Time: 4.92s
2025-08-18 13:04:07,111:INFO:New best model found at epoch 7500 with validation loss 8.351e-01. Saving...
2025-08-18 13:04:12,073:INFO:Epoch: 7550/10000 | Train Loss: 7.809e-01 | Dynamic Loss: 7.809e-01 | Regularization Loss: 4.001e-06 | Val Loss: 8.246e-01 | Time: 4.95s
2025-08-18 13:04:12,073:INFO:New best model found at epoch 7550 with validation loss 8.246e-01. Saving...
2025-08-18 13:04:23,344:INFO:Epoch: 7600/10000 | Train Loss: 7.669e-01 | Dynamic Loss: 7.669e-01 | Regularization Loss: 4.021e-06 | Val Loss: 8.079e-01 | Time: 11.26s
2025-08-18 13:04:23,344:INFO:New best model found at epoch 7600 with validation loss 8.079e-01. Saving...
2025-08-18 13:04:28,322:INFO:Epoch: 7650/10000 | Train Loss: 7.635e-01 | Dynamic Loss: 7.635e-01 | Regularization Loss: 4.026e-06 | Val Loss: 8.140e-01 | Time: 4.97s
2025-08-18 13:04:33,244:INFO:Epoch: 7700/10000 | Train Loss: 7.595e-01 | Dynamic Loss: 7.595e-01 | Regularization Loss: 4.033e-06 | Val Loss: 8.006e-01 | Time: 4.92s
2025-08-18 13:04:33,244:INFO:New best model found at epoch 7700 with validation loss 8.006e-01. Saving...
2025-08-18 13:04:41,127:INFO:Epoch: 7750/10000 | Train Loss: 7.607e-01 | Dynamic Loss: 7.607e-01 | Regularization Loss: 4.045e-06 | Val Loss: 7.971e-01 | Time: 7.87s
2025-08-18 13:04:41,127:INFO:New best model found at epoch 7750 with validation loss 7.971e-01. Saving...
2025-08-18 13:04:46,058:INFO:Epoch: 7800/10000 | Train Loss: 7.461e-01 | Dynamic Loss: 7.461e-01 | Regularization Loss: 4.034e-06 | Val Loss: 7.948e-01 | Time: 4.92s
2025-08-18 13:04:46,059:INFO:New best model found at epoch 7800 with validation loss 7.948e-01. Saving...
2025-08-18 13:04:51,004:INFO:Epoch: 7850/10000 | Train Loss: 7.442e-01 | Dynamic Loss: 7.442e-01 | Regularization Loss: 4.029e-06 | Val Loss: 7.847e-01 | Time: 4.93s
2025-08-18 13:04:51,004:INFO:New best model found at epoch 7850 with validation loss 7.847e-01. Saving...
2025-08-18 13:04:58,637:INFO:Epoch: 7900/10000 | Train Loss: 7.356e-01 | Dynamic Loss: 7.356e-01 | Regularization Loss: 4.034e-06 | Val Loss: 7.867e-01 | Time: 7.62s
2025-08-18 13:05:03,512:INFO:Epoch: 7950/10000 | Train Loss: 7.283e-01 | Dynamic Loss: 7.283e-01 | Regularization Loss: 4.012e-06 | Val Loss: 7.792e-01 | Time: 4.87s
2025-08-18 13:05:03,512:INFO:New best model found at epoch 7950 with validation loss 7.792e-01. Saving...
2025-08-18 13:05:08,477:INFO:Epoch: 8000/10000 | Train Loss: 7.259e-01 | Dynamic Loss: 7.259e-01 | Regularization Loss: 4.007e-06 | Val Loss: 7.747e-01 | Time: 4.95s
2025-08-18 13:05:08,477:INFO:New best model found at epoch 8000 with validation loss 7.747e-01. Saving...
2025-08-18 13:05:14,064:INFO:Epoch: 8050/10000 | Train Loss: 7.227e-01 | Dynamic Loss: 7.227e-01 | Regularization Loss: 4.001e-06 | Val Loss: 7.682e-01 | Time: 5.57s
2025-08-18 13:05:14,064:INFO:New best model found at epoch 8050 with validation loss 7.682e-01. Saving...
2025-08-18 13:05:18,992:INFO:Epoch: 8100/10000 | Train Loss: 7.145e-01 | Dynamic Loss: 7.145e-01 | Regularization Loss: 3.987e-06 | Val Loss: 7.645e-01 | Time: 4.91s
2025-08-18 13:05:18,992:INFO:New best model found at epoch 8100 with validation loss 7.645e-01. Saving...
2025-08-18 13:05:23,931:INFO:Epoch: 8150/10000 | Train Loss: 7.119e-01 | Dynamic Loss: 7.119e-01 | Regularization Loss: 3.976e-06 | Val Loss: 7.579e-01 | Time: 4.93s
2025-08-18 13:05:23,932:INFO:New best model found at epoch 8150 with validation loss 7.579e-01. Saving...
2025-08-18 13:05:28,941:INFO:Epoch: 8200/10000 | Train Loss: 7.073e-01 | Dynamic Loss: 7.073e-01 | Regularization Loss: 3.956e-06 | Val Loss: 7.494e-01 | Time: 5.00s
2025-08-18 13:05:28,941:INFO:New best model found at epoch 8200 with validation loss 7.494e-01. Saving...
2025-08-18 13:05:33,877:INFO:Epoch: 8250/10000 | Train Loss: 7.036e-01 | Dynamic Loss: 7.036e-01 | Regularization Loss: 3.939e-06 | Val Loss: 7.431e-01 | Time: 4.92s
2025-08-18 13:05:33,877:INFO:New best model found at epoch 8250 with validation loss 7.431e-01. Saving...
2025-08-18 13:05:38,785:INFO:Epoch: 8300/10000 | Train Loss: 7.022e-01 | Dynamic Loss: 7.022e-01 | Regularization Loss: 3.923e-06 | Val Loss: 7.436e-01 | Time: 4.90s
2025-08-18 13:05:43,668:INFO:Epoch: 8350/10000 | Train Loss: 6.937e-01 | Dynamic Loss: 6.937e-01 | Regularization Loss: 3.904e-06 | Val Loss: 7.304e-01 | Time: 4.88s
2025-08-18 13:05:43,668:INFO:New best model found at epoch 8350 with validation loss 7.304e-01. Saving...
2025-08-18 13:05:54,442:INFO:Epoch: 8400/10000 | Train Loss: 6.936e-01 | Dynamic Loss: 6.936e-01 | Regularization Loss: 3.882e-06 | Val Loss: 7.318e-01 | Time: 10.76s
2025-08-18 13:05:59,387:INFO:Epoch: 8450/10000 | Train Loss: 6.922e-01 | Dynamic Loss: 6.922e-01 | Regularization Loss: 3.872e-06 | Val Loss: 7.256e-01 | Time: 4.94s
2025-08-18 13:05:59,387:INFO:New best model found at epoch 8450 with validation loss 7.256e-01. Saving...
2025-08-18 13:06:04,338:INFO:Epoch: 8500/10000 | Train Loss: 6.849e-01 | Dynamic Loss: 6.849e-01 | Regularization Loss: 3.860e-06 | Val Loss: 7.259e-01 | Time: 4.94s
2025-08-18 13:06:13,506:INFO:Epoch: 8550/10000 | Train Loss: 6.837e-01 | Dynamic Loss: 6.837e-01 | Regularization Loss: 3.829e-06 | Val Loss: 7.218e-01 | Time: 9.17s
2025-08-18 13:06:13,506:INFO:New best model found at epoch 8550 with validation loss 7.218e-01. Saving...
2025-08-18 13:06:18,408:INFO:Epoch: 8600/10000 | Train Loss: 6.762e-01 | Dynamic Loss: 6.762e-01 | Regularization Loss: 3.801e-06 | Val Loss: 7.179e-01 | Time: 4.89s
2025-08-18 13:06:18,408:INFO:New best model found at epoch 8600 with validation loss 7.179e-01. Saving...
2025-08-18 13:06:23,348:INFO:Epoch: 8650/10000 | Train Loss: 6.760e-01 | Dynamic Loss: 6.760e-01 | Regularization Loss: 3.794e-06 | Val Loss: 7.140e-01 | Time: 4.93s
2025-08-18 13:06:23,348:INFO:New best model found at epoch 8650 with validation loss 7.140e-01. Saving...
2025-08-18 13:06:28,345:INFO:Epoch: 8700/10000 | Train Loss: 6.687e-01 | Dynamic Loss: 6.687e-01 | Regularization Loss: 3.774e-06 | Val Loss: 7.082e-01 | Time: 4.98s
2025-08-18 13:06:28,346:INFO:New best model found at epoch 8700 with validation loss 7.082e-01. Saving...
2025-08-18 13:06:33,237:INFO:Epoch: 8750/10000 | Train Loss: 6.689e-01 | Dynamic Loss: 6.689e-01 | Regularization Loss: 3.749e-06 | Val Loss: 7.101e-01 | Time: 4.88s
2025-08-18 13:06:38,222:INFO:Epoch: 8800/10000 | Train Loss: 6.621e-01 | Dynamic Loss: 6.621e-01 | Regularization Loss: 3.739e-06 | Val Loss: 7.018e-01 | Time: 4.99s
2025-08-18 13:06:38,222:INFO:New best model found at epoch 8800 with validation loss 7.018e-01. Saving...
2025-08-18 13:06:43,240:INFO:Epoch: 8850/10000 | Train Loss: 6.673e-01 | Dynamic Loss: 6.673e-01 | Regularization Loss: 3.731e-06 | Val Loss: 7.052e-01 | Time: 5.00s
2025-08-18 13:06:51,170:INFO:Epoch: 8900/10000 | Train Loss: 6.619e-01 | Dynamic Loss: 6.619e-01 | Regularization Loss: 3.709e-06 | Val Loss: 6.971e-01 | Time: 7.93s
2025-08-18 13:06:51,170:INFO:New best model found at epoch 8900 with validation loss 6.971e-01. Saving...
2025-08-18 13:06:56,137:INFO:Epoch: 8950/10000 | Train Loss: 6.606e-01 | Dynamic Loss: 6.606e-01 | Regularization Loss: 3.700e-06 | Val Loss: 6.944e-01 | Time: 4.96s
2025-08-18 13:06:56,137:INFO:New best model found at epoch 8950 with validation loss 6.944e-01. Saving...
2025-08-18 13:07:01,033:INFO:Epoch: 9000/10000 | Train Loss: 6.585e-01 | Dynamic Loss: 6.585e-01 | Regularization Loss: 3.680e-06 | Val Loss: 6.884e-01 | Time: 4.88s
2025-08-18 13:07:01,034:INFO:New best model found at epoch 9000 with validation loss 6.884e-01. Saving...
2025-08-18 13:07:11,636:INFO:Epoch: 9050/10000 | Train Loss: 6.530e-01 | Dynamic Loss: 6.530e-01 | Regularization Loss: 3.675e-06 | Val Loss: 6.938e-01 | Time: 10.59s
2025-08-18 13:07:16,584:INFO:Epoch: 9100/10000 | Train Loss: 6.524e-01 | Dynamic Loss: 6.524e-01 | Regularization Loss: 3.649e-06 | Val Loss: 6.870e-01 | Time: 4.95s
2025-08-18 13:07:16,584:INFO:New best model found at epoch 9100 with validation loss 6.870e-01. Saving...
2025-08-18 13:07:21,557:INFO:Epoch: 9150/10000 | Train Loss: 6.524e-01 | Dynamic Loss: 6.524e-01 | Regularization Loss: 3.650e-06 | Val Loss: 6.873e-01 | Time: 4.96s
2025-08-18 13:07:27,855:INFO:Epoch: 9200/10000 | Train Loss: 6.449e-01 | Dynamic Loss: 6.449e-01 | Regularization Loss: 3.638e-06 | Val Loss: 6.839e-01 | Time: 6.30s
2025-08-18 13:07:27,855:INFO:New best model found at epoch 9200 with validation loss 6.839e-01. Saving...
2025-08-18 13:07:32,782:INFO:Epoch: 9250/10000 | Train Loss: 6.448e-01 | Dynamic Loss: 6.448e-01 | Regularization Loss: 3.629e-06 | Val Loss: 6.760e-01 | Time: 4.91s
2025-08-18 13:07:32,782:INFO:New best model found at epoch 9250 with validation loss 6.760e-01. Saving...
2025-08-18 13:07:37,719:INFO:Epoch: 9300/10000 | Train Loss: 6.460e-01 | Dynamic Loss: 6.460e-01 | Regularization Loss: 3.614e-06 | Val Loss: 6.763e-01 | Time: 4.92s
2025-08-18 13:07:42,742:INFO:Epoch: 9350/10000 | Train Loss: 6.460e-01 | Dynamic Loss: 6.460e-01 | Regularization Loss: 3.616e-06 | Val Loss: 6.758e-01 | Time: 5.02s
2025-08-18 13:07:42,742:INFO:New best model found at epoch 9350 with validation loss 6.758e-01. Saving...
2025-08-18 13:07:47,729:INFO:Epoch: 9400/10000 | Train Loss: 6.407e-01 | Dynamic Loss: 6.407e-01 | Regularization Loss: 3.600e-06 | Val Loss: 6.737e-01 | Time: 4.97s
2025-08-18 13:07:47,729:INFO:New best model found at epoch 9400 with validation loss 6.737e-01. Saving...
2025-08-18 13:07:52,707:INFO:Epoch: 9450/10000 | Train Loss: 6.395e-01 | Dynamic Loss: 6.395e-01 | Regularization Loss: 3.589e-06 | Val Loss: 6.773e-01 | Time: 4.97s
2025-08-18 13:07:57,632:INFO:Epoch: 9500/10000 | Train Loss: 6.382e-01 | Dynamic Loss: 6.381e-01 | Regularization Loss: 3.584e-06 | Val Loss: 6.673e-01 | Time: 4.92s
2025-08-18 13:07:57,632:INFO:New best model found at epoch 9500 with validation loss 6.673e-01. Saving...
2025-08-18 13:08:05,610:INFO:Epoch: 9550/10000 | Train Loss: 6.416e-01 | Dynamic Loss: 6.416e-01 | Regularization Loss: 3.569e-06 | Val Loss: 6.724e-01 | Time: 7.96s
2025-08-18 13:08:10,582:INFO:Epoch: 9600/10000 | Train Loss: 6.360e-01 | Dynamic Loss: 6.359e-01 | Regularization Loss: 3.564e-06 | Val Loss: 6.734e-01 | Time: 4.97s
2025-08-18 13:08:15,519:INFO:Epoch: 9650/10000 | Train Loss: 6.306e-01 | Dynamic Loss: 6.306e-01 | Regularization Loss: 3.564e-06 | Val Loss: 6.669e-01 | Time: 4.94s
2025-08-18 13:08:15,519:INFO:New best model found at epoch 9650 with validation loss 6.669e-01. Saving...
2025-08-18 13:08:25,728:INFO:Epoch: 9700/10000 | Train Loss: 6.337e-01 | Dynamic Loss: 6.337e-01 | Regularization Loss: 3.555e-06 | Val Loss: 6.659e-01 | Time: 10.19s
2025-08-18 13:08:25,728:INFO:New best model found at epoch 9700 with validation loss 6.659e-01. Saving...
2025-08-18 13:08:30,690:INFO:Epoch: 9750/10000 | Train Loss: 6.351e-01 | Dynamic Loss: 6.351e-01 | Regularization Loss: 3.549e-06 | Val Loss: 6.638e-01 | Time: 4.95s
2025-08-18 13:08:30,690:INFO:New best model found at epoch 9750 with validation loss 6.638e-01. Saving...
2025-08-18 13:08:35,640:INFO:Epoch: 9800/10000 | Train Loss: 6.290e-01 | Dynamic Loss: 6.290e-01 | Regularization Loss: 3.546e-06 | Val Loss: 6.614e-01 | Time: 4.94s
2025-08-18 13:08:35,640:INFO:New best model found at epoch 9800 with validation loss 6.614e-01. Saving...
2025-08-18 13:08:40,647:INFO:Epoch: 9850/10000 | Train Loss: 6.303e-01 | Dynamic Loss: 6.302e-01 | Regularization Loss: 3.536e-06 | Val Loss: 6.646e-01 | Time: 4.99s
2025-08-18 13:08:45,589:INFO:Epoch: 9900/10000 | Train Loss: 6.261e-01 | Dynamic Loss: 6.261e-01 | Regularization Loss: 3.534e-06 | Val Loss: 6.571e-01 | Time: 4.94s
2025-08-18 13:08:45,590:INFO:New best model found at epoch 9900 with validation loss 6.571e-01. Saving...
2025-08-18 13:08:50,542:INFO:Epoch: 9950/10000 | Train Loss: 6.260e-01 | Dynamic Loss: 6.259e-01 | Regularization Loss: 3.527e-06 | Val Loss: 6.635e-01 | Time: 4.94s
2025-08-18 13:08:55,592:INFO:Epoch: 10000/10000 | Train Loss: 6.239e-01 | Dynamic Loss: 6.239e-01 | Regularization Loss: 3.526e-06 | Val Loss: 6.574e-01 | Time: 5.05s
