2025-08-18 11:22:33,109:INFO:Created DataLoaders with 2994 training samples and 998 validation samples.
2025-08-18 11:22:34,398:INFO:model params: 230786
2025-08-18 11:22:36,053:INFO:Epoch: 0/10000 | Train Loss: 1.060e+03 | Dynamic Loss: 1.060e+03 | Regularization Loss: 0.000e+00 | Val Loss: 3.898e+02 | Time: 1.66s
2025-08-18 11:22:36,053:INFO:New best model found at epoch 0 with validation loss 3.898e+02. Saving...
2025-08-18 11:22:40,430:INFO:Epoch: 50/10000 | Train Loss: 3.455e+00 | Dynamic Loss: 3.455e+00 | Regularization Loss: 0.000e+00 | Val Loss: 8.337e+00 | Time: 4.36s
2025-08-18 11:22:40,430:INFO:New best model found at epoch 50 with validation loss 8.337e+00. Saving...
2025-08-18 11:22:49,923:INFO:Epoch: 100/10000 | Train Loss: 2.025e+00 | Dynamic Loss: 2.025e+00 | Regularization Loss: 0.000e+00 | Val Loss: 3.995e+00 | Time: 9.48s
2025-08-18 11:22:49,923:INFO:New best model found at epoch 100 with validation loss 3.995e+00. Saving...
2025-08-18 11:22:54,267:INFO:Epoch: 150/10000 | Train Loss: 1.633e+00 | Dynamic Loss: 1.633e+00 | Regularization Loss: 0.000e+00 | Val Loss: 2.320e+00 | Time: 4.33s
2025-08-18 11:22:54,267:INFO:New best model found at epoch 150 with validation loss 2.320e+00. Saving...
2025-08-18 11:22:58,714:INFO:Epoch: 200/10000 | Train Loss: 1.710e+00 | Dynamic Loss: 1.710e+00 | Regularization Loss: 0.000e+00 | Val Loss: 2.322e+00 | Time: 4.44s
2025-08-18 11:23:07,800:INFO:Epoch: 250/10000 | Train Loss: 1.633e+00 | Dynamic Loss: 1.633e+00 | Regularization Loss: 0.000e+00 | Val Loss: 1.872e+00 | Time: 9.09s
2025-08-18 11:23:07,800:INFO:New best model found at epoch 250 with validation loss 1.872e+00. Saving...
2025-08-18 11:23:12,259:INFO:Epoch: 300/10000 | Train Loss: 1.674e+00 | Dynamic Loss: 1.674e+00 | Regularization Loss: 0.000e+00 | Val Loss: 1.619e+00 | Time: 4.45s
2025-08-18 11:23:12,259:INFO:New best model found at epoch 300 with validation loss 1.619e+00. Saving...
2025-08-18 11:23:16,795:INFO:Epoch: 350/10000 | Train Loss: 1.618e+00 | Dynamic Loss: 1.618e+00 | Regularization Loss: 0.000e+00 | Val Loss: 1.447e+00 | Time: 4.53s
2025-08-18 11:23:16,795:INFO:New best model found at epoch 350 with validation loss 1.447e+00. Saving...
2025-08-18 11:23:23,180:INFO:Epoch: 400/10000 | Train Loss: 1.608e+00 | Dynamic Loss: 1.608e+00 | Regularization Loss: 0.000e+00 | Val Loss: 1.676e+00 | Time: 6.38s
2025-08-18 11:23:27,686:INFO:Epoch: 450/10000 | Train Loss: nan | Dynamic Loss: nan | Regularization Loss: nan | Val Loss: nan | Time: 4.51s
2025-08-18 11:23:32,163:INFO:Epoch: 500/10000 | Train Loss: nan | Dynamic Loss: nan | Regularization Loss: nan | Val Loss: nan | Time: 4.48s
2025-08-18 11:23:41,499:INFO:Epoch: 550/10000 | Train Loss: nan | Dynamic Loss: nan | Regularization Loss: nan | Val Loss: nan | Time: 9.34s
2025-08-18 11:23:46,005:INFO:Epoch: 600/10000 | Train Loss: nan | Dynamic Loss: nan | Regularization Loss: nan | Val Loss: nan | Time: 4.51s
2025-08-18 11:23:50,515:INFO:Epoch: 650/10000 | Train Loss: nan | Dynamic Loss: nan | Regularization Loss: nan | Val Loss: nan | Time: 4.51s
2025-08-18 11:23:59,735:INFO:Epoch: 700/10000 | Train Loss: nan | Dynamic Loss: nan | Regularization Loss: nan | Val Loss: nan | Time: 9.22s
2025-08-18 11:24:04,179:INFO:Epoch: 750/10000 | Train Loss: nan | Dynamic Loss: nan | Regularization Loss: nan | Val Loss: nan | Time: 4.44s
2025-08-18 11:24:08,663:INFO:Epoch: 800/10000 | Train Loss: nan | Dynamic Loss: nan | Regularization Loss: nan | Val Loss: nan | Time: 4.48s
2025-08-18 11:24:18,234:INFO:Epoch: 850/10000 | Train Loss: nan | Dynamic Loss: nan | Regularization Loss: nan | Val Loss: nan | Time: 9.57s
2025-08-18 11:24:22,807:INFO:Epoch: 900/10000 | Train Loss: nan | Dynamic Loss: nan | Regularization Loss: nan | Val Loss: nan | Time: 4.57s
2025-08-18 11:24:27,313:INFO:Epoch: 950/10000 | Train Loss: nan | Dynamic Loss: nan | Regularization Loss: nan | Val Loss: nan | Time: 4.51s
2025-08-18 11:24:31,925:INFO:Epoch: 1000/10000 | Train Loss: nan | Dynamic Loss: nan | Regularization Loss: nan | Val Loss: nan | Time: 4.61s
2025-08-18 11:24:36,468:INFO:Epoch: 1050/10000 | Train Loss: nan | Dynamic Loss: nan | Regularization Loss: nan | Val Loss: nan | Time: 4.54s
2025-08-18 11:24:41,007:INFO:Epoch: 1100/10000 | Train Loss: nan | Dynamic Loss: nan | Regularization Loss: nan | Val Loss: nan | Time: 4.54s
2025-08-18 11:24:45,924:INFO:Epoch: 1150/10000 | Train Loss: nan | Dynamic Loss: nan | Regularization Loss: nan | Val Loss: nan | Time: 4.92s
2025-08-18 11:24:50,500:INFO:Epoch: 1200/10000 | Train Loss: nan | Dynamic Loss: nan | Regularization Loss: nan | Val Loss: nan | Time: 4.58s
2025-08-18 11:24:55,005:INFO:Epoch: 1250/10000 | Train Loss: nan | Dynamic Loss: nan | Regularization Loss: nan | Val Loss: nan | Time: 4.50s
2025-08-18 11:25:04,716:INFO:Epoch: 1300/10000 | Train Loss: nan | Dynamic Loss: nan | Regularization Loss: nan | Val Loss: nan | Time: 9.71s
2025-08-18 11:25:09,315:INFO:Epoch: 1350/10000 | Train Loss: nan | Dynamic Loss: nan | Regularization Loss: nan | Val Loss: nan | Time: 4.60s
2025-08-18 11:25:13,771:INFO:Epoch: 1400/10000 | Train Loss: nan | Dynamic Loss: nan | Regularization Loss: nan | Val Loss: nan | Time: 4.46s
2025-08-18 11:25:23,207:INFO:Epoch: 1450/10000 | Train Loss: nan | Dynamic Loss: nan | Regularization Loss: nan | Val Loss: nan | Time: 9.44s
2025-08-18 11:25:27,730:INFO:Epoch: 1500/10000 | Train Loss: nan | Dynamic Loss: nan | Regularization Loss: nan | Val Loss: nan | Time: 4.52s
2025-08-18 11:25:32,255:INFO:Epoch: 1550/10000 | Train Loss: nan | Dynamic Loss: nan | Regularization Loss: nan | Val Loss: nan | Time: 4.53s
2025-08-18 11:25:42,802:INFO:Epoch: 1600/10000 | Train Loss: nan | Dynamic Loss: nan | Regularization Loss: nan | Val Loss: nan | Time: 10.55s
2025-08-18 11:25:47,330:INFO:Epoch: 1650/10000 | Train Loss: nan | Dynamic Loss: nan | Regularization Loss: nan | Val Loss: nan | Time: 4.53s
2025-08-18 11:25:51,849:INFO:Epoch: 1700/10000 | Train Loss: nan | Dynamic Loss: nan | Regularization Loss: nan | Val Loss: nan | Time: 4.52s
2025-08-18 11:26:00,387:INFO:Epoch: 1750/10000 | Train Loss: nan | Dynamic Loss: nan | Regularization Loss: nan | Val Loss: nan | Time: 8.54s
2025-08-18 11:26:04,971:INFO:Epoch: 1800/10000 | Train Loss: nan | Dynamic Loss: nan | Regularization Loss: nan | Val Loss: nan | Time: 4.58s
2025-08-18 11:26:09,479:INFO:Epoch: 1850/10000 | Train Loss: nan | Dynamic Loss: nan | Regularization Loss: nan | Val Loss: nan | Time: 4.51s
2025-08-18 11:26:17,697:INFO:Epoch: 1900/10000 | Train Loss: nan | Dynamic Loss: nan | Regularization Loss: nan | Val Loss: nan | Time: 8.22s
2025-08-18 11:26:22,250:INFO:Epoch: 1950/10000 | Train Loss: nan | Dynamic Loss: nan | Regularization Loss: nan | Val Loss: nan | Time: 4.55s
2025-08-18 11:26:26,751:INFO:Epoch: 2000/10000 | Train Loss: nan | Dynamic Loss: nan | Regularization Loss: nan | Val Loss: nan | Time: 4.50s
2025-08-18 11:26:35,675:INFO:Epoch: 2050/10000 | Train Loss: nan | Dynamic Loss: nan | Regularization Loss: nan | Val Loss: nan | Time: 8.92s
2025-08-18 11:26:40,232:INFO:Epoch: 2100/10000 | Train Loss: nan | Dynamic Loss: nan | Regularization Loss: nan | Val Loss: nan | Time: 4.56s
2025-08-18 11:26:44,735:INFO:Epoch: 2150/10000 | Train Loss: nan | Dynamic Loss: nan | Regularization Loss: nan | Val Loss: nan | Time: 4.50s
2025-08-18 11:26:54,216:INFO:Epoch: 2200/10000 | Train Loss: nan | Dynamic Loss: nan | Regularization Loss: nan | Val Loss: nan | Time: 9.48s
2025-08-18 11:26:58,757:INFO:Epoch: 2250/10000 | Train Loss: nan | Dynamic Loss: nan | Regularization Loss: nan | Val Loss: nan | Time: 4.54s
2025-08-18 11:27:03,361:INFO:Epoch: 2300/10000 | Train Loss: nan | Dynamic Loss: nan | Regularization Loss: nan | Val Loss: nan | Time: 4.60s
2025-08-18 11:27:08,028:INFO:Epoch: 2350/10000 | Train Loss: nan | Dynamic Loss: nan | Regularization Loss: nan | Val Loss: nan | Time: 4.67s
2025-08-18 11:27:12,555:INFO:Epoch: 2400/10000 | Train Loss: nan | Dynamic Loss: nan | Regularization Loss: nan | Val Loss: nan | Time: 4.53s
2025-08-18 11:27:17,078:INFO:Epoch: 2450/10000 | Train Loss: nan | Dynamic Loss: nan | Regularization Loss: nan | Val Loss: nan | Time: 4.52s
2025-08-18 11:27:21,721:INFO:Epoch: 2500/10000 | Train Loss: nan | Dynamic Loss: nan | Regularization Loss: nan | Val Loss: nan | Time: 4.64s
2025-08-18 11:27:26,324:INFO:Epoch: 2550/10000 | Train Loss: nan | Dynamic Loss: nan | Regularization Loss: nan | Val Loss: nan | Time: 4.60s
2025-08-18 11:27:30,903:INFO:Epoch: 2600/10000 | Train Loss: nan | Dynamic Loss: nan | Regularization Loss: nan | Val Loss: nan | Time: 4.58s
2025-08-18 11:27:39,892:INFO:Epoch: 2650/10000 | Train Loss: nan | Dynamic Loss: nan | Regularization Loss: nan | Val Loss: nan | Time: 8.99s
2025-08-18 11:27:44,480:INFO:Epoch: 2700/10000 | Train Loss: nan | Dynamic Loss: nan | Regularization Loss: nan | Val Loss: nan | Time: 4.59s
2025-08-18 11:27:48,986:INFO:Epoch: 2750/10000 | Train Loss: nan | Dynamic Loss: nan | Regularization Loss: nan | Val Loss: nan | Time: 4.51s
2025-08-18 11:27:57,664:INFO:Epoch: 2800/10000 | Train Loss: nan | Dynamic Loss: nan | Regularization Loss: nan | Val Loss: nan | Time: 8.68s
2025-08-18 11:28:02,303:INFO:Epoch: 2850/10000 | Train Loss: nan | Dynamic Loss: nan | Regularization Loss: nan | Val Loss: nan | Time: 4.64s
2025-08-18 11:28:06,890:INFO:Epoch: 2900/10000 | Train Loss: nan | Dynamic Loss: nan | Regularization Loss: nan | Val Loss: nan | Time: 4.59s
2025-08-18 11:28:16,287:INFO:Epoch: 2950/10000 | Train Loss: nan | Dynamic Loss: nan | Regularization Loss: nan | Val Loss: nan | Time: 9.40s
2025-08-18 11:28:20,832:INFO:Epoch: 3000/10000 | Train Loss: nan | Dynamic Loss: nan | Regularization Loss: nan | Val Loss: nan | Time: 4.54s
2025-08-18 11:28:25,418:INFO:Epoch: 3050/10000 | Train Loss: nan | Dynamic Loss: nan | Regularization Loss: nan | Val Loss: nan | Time: 4.59s
2025-08-18 11:28:30,041:INFO:Epoch: 3100/10000 | Train Loss: nan | Dynamic Loss: nan | Regularization Loss: nan | Val Loss: nan | Time: 4.62s
2025-08-18 11:28:34,618:INFO:Epoch: 3150/10000 | Train Loss: nan | Dynamic Loss: nan | Regularization Loss: nan | Val Loss: nan | Time: 4.58s
2025-08-18 11:28:39,183:INFO:Epoch: 3200/10000 | Train Loss: nan | Dynamic Loss: nan | Regularization Loss: nan | Val Loss: nan | Time: 4.57s
2025-08-18 11:28:43,817:INFO:Epoch: 3250/10000 | Train Loss: nan | Dynamic Loss: nan | Regularization Loss: nan | Val Loss: nan | Time: 4.63s
2025-08-18 11:28:48,373:INFO:Epoch: 3300/10000 | Train Loss: nan | Dynamic Loss: nan | Regularization Loss: nan | Val Loss: nan | Time: 4.56s
2025-08-18 11:28:52,907:INFO:Epoch: 3350/10000 | Train Loss: nan | Dynamic Loss: nan | Regularization Loss: nan | Val Loss: nan | Time: 4.53s
2025-08-18 11:29:02,892:INFO:Epoch: 3400/10000 | Train Loss: nan | Dynamic Loss: nan | Regularization Loss: nan | Val Loss: nan | Time: 9.98s
2025-08-18 11:29:07,523:INFO:Epoch: 3450/10000 | Train Loss: nan | Dynamic Loss: nan | Regularization Loss: nan | Val Loss: nan | Time: 4.63s
2025-08-18 11:29:12,111:INFO:Epoch: 3500/10000 | Train Loss: nan | Dynamic Loss: nan | Regularization Loss: nan | Val Loss: nan | Time: 4.59s
2025-08-18 11:29:21,898:INFO:Epoch: 3550/10000 | Train Loss: nan | Dynamic Loss: nan | Regularization Loss: nan | Val Loss: nan | Time: 9.79s
2025-08-18 11:29:26,445:INFO:Epoch: 3600/10000 | Train Loss: nan | Dynamic Loss: nan | Regularization Loss: nan | Val Loss: nan | Time: 4.55s
2025-08-18 11:29:31,029:INFO:Epoch: 3650/10000 | Train Loss: nan | Dynamic Loss: nan | Regularization Loss: nan | Val Loss: nan | Time: 4.58s
2025-08-18 11:29:41,918:INFO:Epoch: 3700/10000 | Train Loss: nan | Dynamic Loss: nan | Regularization Loss: nan | Val Loss: nan | Time: 10.89s
2025-08-18 11:29:46,508:INFO:Epoch: 3750/10000 | Train Loss: nan | Dynamic Loss: nan | Regularization Loss: nan | Val Loss: nan | Time: 4.59s
2025-08-18 11:29:51,107:INFO:Epoch: 3800/10000 | Train Loss: nan | Dynamic Loss: nan | Regularization Loss: nan | Val Loss: nan | Time: 4.60s
2025-08-18 11:29:59,035:INFO:Epoch: 3850/10000 | Train Loss: nan | Dynamic Loss: nan | Regularization Loss: nan | Val Loss: nan | Time: 7.93s
2025-08-18 11:30:03,646:INFO:Epoch: 3900/10000 | Train Loss: nan | Dynamic Loss: nan | Regularization Loss: nan | Val Loss: nan | Time: 4.61s
2025-08-18 11:30:08,244:INFO:Epoch: 3950/10000 | Train Loss: nan | Dynamic Loss: nan | Regularization Loss: nan | Val Loss: nan | Time: 4.60s
2025-08-18 11:30:16,061:INFO:Epoch: 4000/10000 | Train Loss: nan | Dynamic Loss: nan | Regularization Loss: nan | Val Loss: nan | Time: 7.82s
2025-08-18 11:30:20,669:INFO:Epoch: 4050/10000 | Train Loss: nan | Dynamic Loss: nan | Regularization Loss: nan | Val Loss: nan | Time: 4.61s
2025-08-18 11:30:25,190:INFO:Epoch: 4100/10000 | Train Loss: nan | Dynamic Loss: nan | Regularization Loss: nan | Val Loss: nan | Time: 4.52s
2025-08-18 11:30:33,427:INFO:Epoch: 4150/10000 | Train Loss: nan | Dynamic Loss: nan | Regularization Loss: nan | Val Loss: nan | Time: 8.24s
2025-08-18 11:30:38,044:INFO:Epoch: 4200/10000 | Train Loss: nan | Dynamic Loss: nan | Regularization Loss: nan | Val Loss: nan | Time: 4.62s
2025-08-18 11:30:42,610:INFO:Epoch: 4250/10000 | Train Loss: nan | Dynamic Loss: nan | Regularization Loss: nan | Val Loss: nan | Time: 4.57s
2025-08-18 11:30:47,791:INFO:Epoch: 4300/10000 | Train Loss: nan | Dynamic Loss: nan | Regularization Loss: nan | Val Loss: nan | Time: 5.18s
2025-08-18 11:30:52,377:INFO:Epoch: 4350/10000 | Train Loss: nan | Dynamic Loss: nan | Regularization Loss: nan | Val Loss: nan | Time: 4.59s
2025-08-18 11:30:56,969:INFO:Epoch: 4400/10000 | Train Loss: nan | Dynamic Loss: nan | Regularization Loss: nan | Val Loss: nan | Time: 4.59s
2025-08-18 11:31:01,552:INFO:Epoch: 4450/10000 | Train Loss: nan | Dynamic Loss: nan | Regularization Loss: nan | Val Loss: nan | Time: 4.58s
2025-08-18 11:31:06,995:INFO:Epoch: 4500/10000 | Train Loss: nan | Dynamic Loss: nan | Regularization Loss: nan | Val Loss: nan | Time: 5.44s
2025-08-18 11:31:11,574:INFO:Epoch: 4550/10000 | Train Loss: nan | Dynamic Loss: nan | Regularization Loss: nan | Val Loss: nan | Time: 4.58s
2025-08-18 11:31:16,231:INFO:Epoch: 4600/10000 | Train Loss: nan | Dynamic Loss: nan | Regularization Loss: nan | Val Loss: nan | Time: 4.66s
2025-08-18 11:31:20,804:INFO:Epoch: 4650/10000 | Train Loss: nan | Dynamic Loss: nan | Regularization Loss: nan | Val Loss: nan | Time: 4.57s
2025-08-18 11:31:25,452:INFO:Epoch: 4700/10000 | Train Loss: nan | Dynamic Loss: nan | Regularization Loss: nan | Val Loss: nan | Time: 4.65s
2025-08-18 11:31:30,045:INFO:Epoch: 4750/10000 | Train Loss: nan | Dynamic Loss: nan | Regularization Loss: nan | Val Loss: nan | Time: 4.59s
2025-08-18 11:31:40,797:INFO:Epoch: 4800/10000 | Train Loss: nan | Dynamic Loss: nan | Regularization Loss: nan | Val Loss: nan | Time: 10.75s
2025-08-18 11:31:45,392:INFO:Epoch: 4850/10000 | Train Loss: nan | Dynamic Loss: nan | Regularization Loss: nan | Val Loss: nan | Time: 4.59s
2025-08-18 11:31:49,974:INFO:Epoch: 4900/10000 | Train Loss: nan | Dynamic Loss: nan | Regularization Loss: nan | Val Loss: nan | Time: 4.58s
2025-08-18 11:32:00,811:INFO:Epoch: 4950/10000 | Train Loss: nan | Dynamic Loss: nan | Regularization Loss: nan | Val Loss: nan | Time: 10.84s
2025-08-18 11:32:05,406:INFO:Epoch: 5000/10000 | Train Loss: nan | Dynamic Loss: nan | Regularization Loss: nan | Val Loss: nan | Time: 4.59s
2025-08-18 11:32:10,024:INFO:Epoch: 5050/10000 | Train Loss: nan | Dynamic Loss: nan | Regularization Loss: nan | Val Loss: nan | Time: 4.62s
2025-08-18 11:32:17,505:INFO:Epoch: 5100/10000 | Train Loss: nan | Dynamic Loss: nan | Regularization Loss: nan | Val Loss: nan | Time: 7.48s
2025-08-18 11:32:22,174:INFO:Epoch: 5150/10000 | Train Loss: nan | Dynamic Loss: nan | Regularization Loss: nan | Val Loss: nan | Time: 4.67s
2025-08-18 11:32:26,772:INFO:Epoch: 5200/10000 | Train Loss: nan | Dynamic Loss: nan | Regularization Loss: nan | Val Loss: nan | Time: 4.60s
2025-08-18 11:32:31,442:INFO:Epoch: 5250/10000 | Train Loss: nan | Dynamic Loss: nan | Regularization Loss: nan | Val Loss: nan | Time: 4.67s
2025-08-18 11:32:36,074:INFO:Epoch: 5300/10000 | Train Loss: nan | Dynamic Loss: nan | Regularization Loss: nan | Val Loss: nan | Time: 4.63s
2025-08-18 11:32:40,691:INFO:Epoch: 5350/10000 | Train Loss: nan | Dynamic Loss: nan | Regularization Loss: nan | Val Loss: nan | Time: 4.62s
2025-08-18 11:32:48,972:INFO:Epoch: 5400/10000 | Train Loss: nan | Dynamic Loss: nan | Regularization Loss: nan | Val Loss: nan | Time: 8.28s
2025-08-18 11:32:53,585:INFO:Epoch: 5450/10000 | Train Loss: nan | Dynamic Loss: nan | Regularization Loss: nan | Val Loss: nan | Time: 4.61s
2025-08-18 11:32:58,131:INFO:Epoch: 5500/10000 | Train Loss: nan | Dynamic Loss: nan | Regularization Loss: nan | Val Loss: nan | Time: 4.55s
2025-08-18 11:33:05,461:INFO:Epoch: 5550/10000 | Train Loss: nan | Dynamic Loss: nan | Regularization Loss: nan | Val Loss: nan | Time: 7.33s
2025-08-18 11:33:10,073:INFO:Epoch: 5600/10000 | Train Loss: nan | Dynamic Loss: nan | Regularization Loss: nan | Val Loss: nan | Time: 4.61s
2025-08-18 11:33:14,705:INFO:Epoch: 5650/10000 | Train Loss: nan | Dynamic Loss: nan | Regularization Loss: nan | Val Loss: nan | Time: 4.63s
2025-08-18 11:33:19,686:INFO:Epoch: 5700/10000 | Train Loss: nan | Dynamic Loss: nan | Regularization Loss: nan | Val Loss: nan | Time: 4.98s
2025-08-18 11:33:24,287:INFO:Epoch: 5750/10000 | Train Loss: nan | Dynamic Loss: nan | Regularization Loss: nan | Val Loss: nan | Time: 4.60s
2025-08-18 11:33:28,906:INFO:Epoch: 5800/10000 | Train Loss: nan | Dynamic Loss: nan | Regularization Loss: nan | Val Loss: nan | Time: 4.62s
2025-08-18 11:33:33,521:INFO:Epoch: 5850/10000 | Train Loss: nan | Dynamic Loss: nan | Regularization Loss: nan | Val Loss: nan | Time: 4.61s
2025-08-18 11:33:38,629:INFO:Epoch: 5900/10000 | Train Loss: nan | Dynamic Loss: nan | Regularization Loss: nan | Val Loss: nan | Time: 5.11s
2025-08-18 11:33:43,279:INFO:Epoch: 5950/10000 | Train Loss: nan | Dynamic Loss: nan | Regularization Loss: nan | Val Loss: nan | Time: 4.65s
2025-08-18 11:33:47,822:INFO:Epoch: 6000/10000 | Train Loss: nan | Dynamic Loss: nan | Regularization Loss: nan | Val Loss: nan | Time: 4.54s
2025-08-18 11:33:58,869:INFO:Epoch: 6050/10000 | Train Loss: nan | Dynamic Loss: nan | Regularization Loss: nan | Val Loss: nan | Time: 11.05s
2025-08-18 11:34:03,442:INFO:Epoch: 6100/10000 | Train Loss: nan | Dynamic Loss: nan | Regularization Loss: nan | Val Loss: nan | Time: 4.57s
2025-08-18 11:34:08,040:INFO:Epoch: 6150/10000 | Train Loss: nan | Dynamic Loss: nan | Regularization Loss: nan | Val Loss: nan | Time: 4.60s
2025-08-18 11:34:18,909:INFO:Epoch: 6200/10000 | Train Loss: nan | Dynamic Loss: nan | Regularization Loss: nan | Val Loss: nan | Time: 10.87s
2025-08-18 11:34:23,554:INFO:Epoch: 6250/10000 | Train Loss: nan | Dynamic Loss: nan | Regularization Loss: nan | Val Loss: nan | Time: 4.64s
2025-08-18 11:34:28,149:INFO:Epoch: 6300/10000 | Train Loss: nan | Dynamic Loss: nan | Regularization Loss: nan | Val Loss: nan | Time: 4.60s
2025-08-18 11:34:35,549:INFO:Epoch: 6350/10000 | Train Loss: nan | Dynamic Loss: nan | Regularization Loss: nan | Val Loss: nan | Time: 7.40s
2025-08-18 11:34:40,167:INFO:Epoch: 6400/10000 | Train Loss: nan | Dynamic Loss: nan | Regularization Loss: nan | Val Loss: nan | Time: 4.62s
2025-08-18 11:34:44,778:INFO:Epoch: 6450/10000 | Train Loss: nan | Dynamic Loss: nan | Regularization Loss: nan | Val Loss: nan | Time: 4.61s
2025-08-18 11:34:49,400:INFO:Epoch: 6500/10000 | Train Loss: nan | Dynamic Loss: nan | Regularization Loss: nan | Val Loss: nan | Time: 4.62s
2025-08-18 11:34:54,019:INFO:Epoch: 6550/10000 | Train Loss: nan | Dynamic Loss: nan | Regularization Loss: nan | Val Loss: nan | Time: 4.62s
2025-08-18 11:34:58,614:INFO:Epoch: 6600/10000 | Train Loss: nan | Dynamic Loss: nan | Regularization Loss: nan | Val Loss: nan | Time: 4.60s
2025-08-18 11:35:03,234:INFO:Epoch: 6650/10000 | Train Loss: nan | Dynamic Loss: nan | Regularization Loss: nan | Val Loss: nan | Time: 4.62s
2025-08-18 11:35:07,899:INFO:Epoch: 6700/10000 | Train Loss: nan | Dynamic Loss: nan | Regularization Loss: nan | Val Loss: nan | Time: 4.67s
2025-08-18 11:35:12,470:INFO:Epoch: 6750/10000 | Train Loss: nan | Dynamic Loss: nan | Regularization Loss: nan | Val Loss: nan | Time: 4.57s
2025-08-18 11:35:17,159:INFO:Epoch: 6800/10000 | Train Loss: nan | Dynamic Loss: nan | Regularization Loss: nan | Val Loss: nan | Time: 4.69s
2025-08-18 11:35:21,861:INFO:Epoch: 6850/10000 | Train Loss: nan | Dynamic Loss: nan | Regularization Loss: nan | Val Loss: nan | Time: 4.70s
2025-08-18 11:35:26,421:INFO:Epoch: 6900/10000 | Train Loss: nan | Dynamic Loss: nan | Regularization Loss: nan | Val Loss: nan | Time: 4.56s
2025-08-18 11:35:31,042:INFO:Epoch: 6950/10000 | Train Loss: nan | Dynamic Loss: nan | Regularization Loss: nan | Val Loss: nan | Time: 4.62s
2025-08-18 11:35:42,061:INFO:Epoch: 7000/10000 | Train Loss: nan | Dynamic Loss: nan | Regularization Loss: nan | Val Loss: nan | Time: 11.02s
2025-08-18 11:35:46,628:INFO:Epoch: 7050/10000 | Train Loss: nan | Dynamic Loss: nan | Regularization Loss: nan | Val Loss: nan | Time: 4.57s
2025-08-18 11:35:51,246:INFO:Epoch: 7100/10000 | Train Loss: nan | Dynamic Loss: nan | Regularization Loss: nan | Val Loss: nan | Time: 4.62s
2025-08-18 11:35:55,920:INFO:Epoch: 7150/10000 | Train Loss: nan | Dynamic Loss: nan | Regularization Loss: nan | Val Loss: nan | Time: 4.67s
2025-08-18 11:36:00,603:INFO:Epoch: 7200/10000 | Train Loss: nan | Dynamic Loss: nan | Regularization Loss: nan | Val Loss: nan | Time: 4.68s
2025-08-18 11:36:05,166:INFO:Epoch: 7250/10000 | Train Loss: nan | Dynamic Loss: nan | Regularization Loss: nan | Val Loss: nan | Time: 4.56s
2025-08-18 11:36:09,855:INFO:Epoch: 7300/10000 | Train Loss: nan | Dynamic Loss: nan | Regularization Loss: nan | Val Loss: nan | Time: 4.69s
2025-08-18 11:36:14,476:INFO:Epoch: 7350/10000 | Train Loss: nan | Dynamic Loss: nan | Regularization Loss: nan | Val Loss: nan | Time: 4.62s
2025-08-18 11:36:19,091:INFO:Epoch: 7400/10000 | Train Loss: nan | Dynamic Loss: nan | Regularization Loss: nan | Val Loss: nan | Time: 4.61s
2025-08-18 11:36:23,685:INFO:Epoch: 7450/10000 | Train Loss: nan | Dynamic Loss: nan | Regularization Loss: nan | Val Loss: nan | Time: 4.59s
2025-08-18 11:36:34,450:INFO:Epoch: 7500/10000 | Train Loss: nan | Dynamic Loss: nan | Regularization Loss: nan | Val Loss: nan | Time: 10.76s
2025-08-18 11:36:39,006:INFO:Epoch: 7550/10000 | Train Loss: nan | Dynamic Loss: nan | Regularization Loss: nan | Val Loss: nan | Time: 4.56s
2025-08-18 11:36:43,578:INFO:Epoch: 7600/10000 | Train Loss: nan | Dynamic Loss: nan | Regularization Loss: nan | Val Loss: nan | Time: 4.57s
2025-08-18 11:36:52,479:INFO:Epoch: 7650/10000 | Train Loss: nan | Dynamic Loss: nan | Regularization Loss: nan | Val Loss: nan | Time: 8.90s
2025-08-18 11:36:57,086:INFO:Epoch: 7700/10000 | Train Loss: nan | Dynamic Loss: nan | Regularization Loss: nan | Val Loss: nan | Time: 4.61s
2025-08-18 11:37:01,708:INFO:Epoch: 7750/10000 | Train Loss: nan | Dynamic Loss: nan | Regularization Loss: nan | Val Loss: nan | Time: 4.62s
2025-08-18 11:37:08,682:INFO:Epoch: 7800/10000 | Train Loss: nan | Dynamic Loss: nan | Regularization Loss: nan | Val Loss: nan | Time: 6.97s
2025-08-18 11:37:13,297:INFO:Epoch: 7850/10000 | Train Loss: nan | Dynamic Loss: nan | Regularization Loss: nan | Val Loss: nan | Time: 4.62s
2025-08-18 11:37:17,892:INFO:Epoch: 7900/10000 | Train Loss: nan | Dynamic Loss: nan | Regularization Loss: nan | Val Loss: nan | Time: 4.59s
2025-08-18 11:37:24,601:INFO:Epoch: 7950/10000 | Train Loss: nan | Dynamic Loss: nan | Regularization Loss: nan | Val Loss: nan | Time: 6.71s
2025-08-18 11:37:29,250:INFO:Epoch: 8000/10000 | Train Loss: nan | Dynamic Loss: nan | Regularization Loss: nan | Val Loss: nan | Time: 4.65s
2025-08-18 11:37:33,865:INFO:Epoch: 8050/10000 | Train Loss: nan | Dynamic Loss: nan | Regularization Loss: nan | Val Loss: nan | Time: 4.62s
2025-08-18 11:37:38,573:INFO:Epoch: 8100/10000 | Train Loss: nan | Dynamic Loss: nan | Regularization Loss: nan | Val Loss: nan | Time: 4.71s
2025-08-18 11:37:43,172:INFO:Epoch: 8150/10000 | Train Loss: nan | Dynamic Loss: nan | Regularization Loss: nan | Val Loss: nan | Time: 4.60s
2025-08-18 11:37:47,792:INFO:Epoch: 8200/10000 | Train Loss: nan | Dynamic Loss: nan | Regularization Loss: nan | Val Loss: nan | Time: 4.62s
2025-08-18 11:37:52,460:INFO:Epoch: 8250/10000 | Train Loss: nan | Dynamic Loss: nan | Regularization Loss: nan | Val Loss: nan | Time: 4.67s
2025-08-18 11:37:57,122:INFO:Epoch: 8300/10000 | Train Loss: nan | Dynamic Loss: nan | Regularization Loss: nan | Val Loss: nan | Time: 4.66s
2025-08-18 11:38:01,726:INFO:Epoch: 8350/10000 | Train Loss: nan | Dynamic Loss: nan | Regularization Loss: nan | Val Loss: nan | Time: 4.60s
2025-08-18 11:38:06,390:INFO:Epoch: 8400/10000 | Train Loss: nan | Dynamic Loss: nan | Regularization Loss: nan | Val Loss: nan | Time: 4.66s
2025-08-18 11:38:11,070:INFO:Epoch: 8450/10000 | Train Loss: nan | Dynamic Loss: nan | Regularization Loss: nan | Val Loss: nan | Time: 4.68s
2025-08-18 11:38:15,696:INFO:Epoch: 8500/10000 | Train Loss: nan | Dynamic Loss: nan | Regularization Loss: nan | Val Loss: nan | Time: 4.63s
2025-08-18 11:38:20,340:INFO:Epoch: 8550/10000 | Train Loss: nan | Dynamic Loss: nan | Regularization Loss: nan | Val Loss: nan | Time: 4.64s
2025-08-18 11:38:24,971:INFO:Epoch: 8600/10000 | Train Loss: nan | Dynamic Loss: nan | Regularization Loss: nan | Val Loss: nan | Time: 4.63s
2025-08-18 11:38:29,528:INFO:Epoch: 8650/10000 | Train Loss: nan | Dynamic Loss: nan | Regularization Loss: nan | Val Loss: nan | Time: 4.56s
2025-08-18 11:38:34,168:INFO:Epoch: 8700/10000 | Train Loss: nan | Dynamic Loss: nan | Regularization Loss: nan | Val Loss: nan | Time: 4.64s
2025-08-18 11:38:38,807:INFO:Epoch: 8750/10000 | Train Loss: nan | Dynamic Loss: nan | Regularization Loss: nan | Val Loss: nan | Time: 4.64s
2025-08-18 11:38:43,351:INFO:Epoch: 8800/10000 | Train Loss: nan | Dynamic Loss: nan | Regularization Loss: nan | Val Loss: nan | Time: 4.54s
2025-08-18 11:38:47,885:INFO:Epoch: 8850/10000 | Train Loss: nan | Dynamic Loss: nan | Regularization Loss: nan | Val Loss: nan | Time: 4.53s
2025-08-18 11:38:58,771:INFO:Epoch: 8900/10000 | Train Loss: nan | Dynamic Loss: nan | Regularization Loss: nan | Val Loss: nan | Time: 10.89s
2025-08-18 11:39:03,346:INFO:Epoch: 8950/10000 | Train Loss: nan | Dynamic Loss: nan | Regularization Loss: nan | Val Loss: nan | Time: 4.57s
2025-08-18 11:39:07,910:INFO:Epoch: 9000/10000 | Train Loss: nan | Dynamic Loss: nan | Regularization Loss: nan | Val Loss: nan | Time: 4.56s
2025-08-18 11:39:16,917:INFO:Epoch: 9050/10000 | Train Loss: nan | Dynamic Loss: nan | Regularization Loss: nan | Val Loss: nan | Time: 9.01s
2025-08-18 11:39:21,539:INFO:Epoch: 9100/10000 | Train Loss: nan | Dynamic Loss: nan | Regularization Loss: nan | Val Loss: nan | Time: 4.62s
2025-08-18 11:39:26,185:INFO:Epoch: 9150/10000 | Train Loss: nan | Dynamic Loss: nan | Regularization Loss: nan | Val Loss: nan | Time: 4.65s
2025-08-18 11:39:33,301:INFO:Epoch: 9200/10000 | Train Loss: nan | Dynamic Loss: nan | Regularization Loss: nan | Val Loss: nan | Time: 7.12s
2025-08-18 11:39:37,946:INFO:Epoch: 9250/10000 | Train Loss: nan | Dynamic Loss: nan | Regularization Loss: nan | Val Loss: nan | Time: 4.64s
2025-08-18 11:39:42,540:INFO:Epoch: 9300/10000 | Train Loss: nan | Dynamic Loss: nan | Regularization Loss: nan | Val Loss: nan | Time: 4.59s
2025-08-18 11:39:48,522:INFO:Epoch: 9350/10000 | Train Loss: nan | Dynamic Loss: nan | Regularization Loss: nan | Val Loss: nan | Time: 5.98s
2025-08-18 11:39:53,179:INFO:Epoch: 9400/10000 | Train Loss: nan | Dynamic Loss: nan | Regularization Loss: nan | Val Loss: nan | Time: 4.66s
2025-08-18 11:39:57,780:INFO:Epoch: 9450/10000 | Train Loss: nan | Dynamic Loss: nan | Regularization Loss: nan | Val Loss: nan | Time: 4.60s
2025-08-18 11:40:02,443:INFO:Epoch: 9500/10000 | Train Loss: nan | Dynamic Loss: nan | Regularization Loss: nan | Val Loss: nan | Time: 4.66s
2025-08-18 11:40:07,048:INFO:Epoch: 9550/10000 | Train Loss: nan | Dynamic Loss: nan | Regularization Loss: nan | Val Loss: nan | Time: 4.60s
2025-08-18 11:40:11,679:INFO:Epoch: 9600/10000 | Train Loss: nan | Dynamic Loss: nan | Regularization Loss: nan | Val Loss: nan | Time: 4.63s
2025-08-18 11:40:16,272:INFO:Epoch: 9650/10000 | Train Loss: nan | Dynamic Loss: nan | Regularization Loss: nan | Val Loss: nan | Time: 4.59s
2025-08-18 11:40:22,092:INFO:Epoch: 9700/10000 | Train Loss: nan | Dynamic Loss: nan | Regularization Loss: nan | Val Loss: nan | Time: 5.82s
2025-08-18 11:40:26,750:INFO:Epoch: 9750/10000 | Train Loss: nan | Dynamic Loss: nan | Regularization Loss: nan | Val Loss: nan | Time: 4.66s
2025-08-18 11:40:31,343:INFO:Epoch: 9800/10000 | Train Loss: nan | Dynamic Loss: nan | Regularization Loss: nan | Val Loss: nan | Time: 4.59s
2025-08-18 11:40:41,928:INFO:Epoch: 9850/10000 | Train Loss: nan | Dynamic Loss: nan | Regularization Loss: nan | Val Loss: nan | Time: 10.58s
2025-08-18 11:40:46,514:INFO:Epoch: 9900/10000 | Train Loss: nan | Dynamic Loss: nan | Regularization Loss: nan | Val Loss: nan | Time: 4.59s
2025-08-18 11:40:51,089:INFO:Epoch: 9950/10000 | Train Loss: nan | Dynamic Loss: nan | Regularization Loss: nan | Val Loss: nan | Time: 4.58s
2025-08-18 11:40:58,159:INFO:Epoch: 10000/10000 | Train Loss: nan | Dynamic Loss: nan | Regularization Loss: nan | Val Loss: nan | Time: 7.07s
