2025-08-18 11:22:30,840:INFO:Created DataLoaders with 2994 training samples and 998 validation samples.
2025-08-18 11:22:32,041:INFO:model params: 230786
2025-08-18 11:22:33,526:INFO:Epoch: 0/10000 | Train Loss: 1.061e+03 | Dynamic Loss: 1.060e+03 | Regularization Loss: 4.482e-01 | Val Loss: 3.899e+02 | Time: 1.48s
2025-08-18 11:22:33,526:INFO:New best model found at epoch 0 with validation loss 3.899e+02. Saving...
2025-08-18 11:22:37,827:INFO:Epoch: 50/10000 | Train Loss: 3.457e+00 | Dynamic Loss: 3.454e+00 | Regularization Loss: 2.460e-03 | Val Loss: 8.338e+00 | Time: 4.28s
2025-08-18 11:22:37,827:INFO:New best model found at epoch 50 with validation loss 8.338e+00. Saving...
2025-08-18 11:22:44,075:INFO:Epoch: 100/10000 | Train Loss: 2.026e+00 | Dynamic Loss: 2.025e+00 | Regularization Loss: 1.027e-03 | Val Loss: 3.993e+00 | Time: 6.24s
2025-08-18 11:22:44,075:INFO:New best model found at epoch 100 with validation loss 3.993e+00. Saving...
2025-08-18 11:22:48,478:INFO:Epoch: 150/10000 | Train Loss: 1.634e+00 | Dynamic Loss: 1.633e+00 | Regularization Loss: 5.303e-04 | Val Loss: 2.316e+00 | Time: 4.40s
2025-08-18 11:22:48,478:INFO:New best model found at epoch 150 with validation loss 2.316e+00. Saving...
2025-08-18 11:22:53,968:INFO:Epoch: 200/10000 | Train Loss: 1.929e+00 | Dynamic Loss: 1.928e+00 | Regularization Loss: 3.043e-04 | Val Loss: 1.922e+00 | Time: 5.48s
2025-08-18 11:22:53,968:INFO:New best model found at epoch 200 with validation loss 1.922e+00. Saving...
2025-08-18 11:22:58,371:INFO:Epoch: 250/10000 | Train Loss: 1.421e+00 | Dynamic Loss: 1.421e+00 | Regularization Loss: 1.878e-04 | Val Loss: 1.498e+00 | Time: 4.39s
2025-08-18 11:22:58,371:INFO:New best model found at epoch 250 with validation loss 1.498e+00. Saving...
2025-08-18 11:23:02,829:INFO:Epoch: 300/10000 | Train Loss: 1.862e+00 | Dynamic Loss: 1.862e+00 | Regularization Loss: 1.195e-04 | Val Loss: 1.494e+00 | Time: 4.45s
2025-08-18 11:23:02,829:INFO:New best model found at epoch 300 with validation loss 1.494e+00. Saving...
2025-08-18 11:23:07,410:INFO:Epoch: 350/10000 | Train Loss: 1.419e+00 | Dynamic Loss: 1.419e+00 | Regularization Loss: 7.741e-05 | Val Loss: 1.413e+00 | Time: 4.57s
2025-08-18 11:23:07,410:INFO:New best model found at epoch 350 with validation loss 1.413e+00. Saving...
2025-08-18 11:23:11,919:INFO:Epoch: 400/10000 | Train Loss: 1.680e+00 | Dynamic Loss: 1.680e+00 | Regularization Loss: 5.043e-05 | Val Loss: 1.384e+00 | Time: 4.50s
2025-08-18 11:23:11,919:INFO:New best model found at epoch 400 with validation loss 1.384e+00. Saving...
2025-08-18 11:23:16,377:INFO:Epoch: 450/10000 | Train Loss: 1.475e+00 | Dynamic Loss: 1.475e+00 | Regularization Loss: 3.233e-05 | Val Loss: 1.338e+00 | Time: 4.45s
2025-08-18 11:23:16,377:INFO:New best model found at epoch 450 with validation loss 1.338e+00. Saving...
2025-08-18 11:23:23,793:INFO:Epoch: 500/10000 | Train Loss: 1.608e+00 | Dynamic Loss: 1.608e+00 | Regularization Loss: 2.038e-05 | Val Loss: 1.351e+00 | Time: 7.41s
2025-08-18 11:23:28,353:INFO:Epoch: 550/10000 | Train Loss: 1.853e+00 | Dynamic Loss: 1.853e+00 | Regularization Loss: 1.265e-05 | Val Loss: 1.680e+00 | Time: 4.56s
2025-08-18 11:23:32,945:INFO:Epoch: 600/10000 | Train Loss: 1.584e+00 | Dynamic Loss: 1.584e+00 | Regularization Loss: 7.685e-06 | Val Loss: 1.629e+00 | Time: 4.59s
2025-08-18 11:23:37,590:INFO:Epoch: 650/10000 | Train Loss: 1.464e+00 | Dynamic Loss: 1.464e+00 | Regularization Loss: 4.595e-06 | Val Loss: 1.442e+00 | Time: 4.65s
2025-08-18 11:23:42,167:INFO:Epoch: 700/10000 | Train Loss: 1.615e+00 | Dynamic Loss: 1.615e+00 | Regularization Loss: 2.658e-06 | Val Loss: 1.328e+00 | Time: 4.58s
2025-08-18 11:23:42,167:INFO:New best model found at epoch 700 with validation loss 1.328e+00. Saving...
2025-08-18 11:23:50,888:INFO:Epoch: 750/10000 | Train Loss: 1.499e+00 | Dynamic Loss: 1.499e+00 | Regularization Loss: 1.495e-06 | Val Loss: 1.238e+00 | Time: 8.71s
2025-08-18 11:23:50,889:INFO:New best model found at epoch 750 with validation loss 1.238e+00. Saving...
2025-08-18 11:23:55,500:INFO:Epoch: 800/10000 | Train Loss: 1.625e+00 | Dynamic Loss: 1.625e+00 | Regularization Loss: 8.331e-07 | Val Loss: 1.478e+00 | Time: 4.60s
2025-08-18 11:24:00,173:INFO:Epoch: 850/10000 | Train Loss: 1.280e+00 | Dynamic Loss: 1.280e+00 | Regularization Loss: 4.530e-07 | Val Loss: 1.787e+00 | Time: 4.67s
2025-08-18 11:24:04,756:INFO:Epoch: 900/10000 | Train Loss: 1.201e+00 | Dynamic Loss: 1.201e+00 | Regularization Loss: 2.417e-07 | Val Loss: 1.545e+00 | Time: 4.58s
2025-08-18 11:24:09,460:INFO:Epoch: 950/10000 | Train Loss: 1.261e+00 | Dynamic Loss: 1.261e+00 | Regularization Loss: 1.281e-07 | Val Loss: 1.202e+00 | Time: 4.70s
2025-08-18 11:24:09,461:INFO:New best model found at epoch 950 with validation loss 1.202e+00. Saving...
2025-08-18 11:24:14,114:INFO:Epoch: 1000/10000 | Train Loss: 1.303e+00 | Dynamic Loss: 1.303e+00 | Regularization Loss: 6.789e-08 | Val Loss: 1.546e+00 | Time: 4.65s
2025-08-18 11:24:18,728:INFO:Epoch: 1050/10000 | Train Loss: 1.308e+00 | Dynamic Loss: 1.308e+00 | Regularization Loss: 3.562e-08 | Val Loss: 1.197e+00 | Time: 4.61s
2025-08-18 11:24:18,728:INFO:New best model found at epoch 1050 with validation loss 1.197e+00. Saving...
2025-08-18 11:24:26,293:INFO:Epoch: 1100/10000 | Train Loss: 1.089e+00 | Dynamic Loss: 1.089e+00 | Regularization Loss: 1.879e-08 | Val Loss: 1.238e+00 | Time: 7.56s
2025-08-18 11:24:30,719:INFO:Epoch: 1150/10000 | Train Loss: 1.090e+00 | Dynamic Loss: 1.090e+00 | Regularization Loss: 9.968e-09 | Val Loss: 1.300e+00 | Time: 4.43s
2025-08-18 11:24:35,134:INFO:Epoch: 1200/10000 | Train Loss: 1.171e+00 | Dynamic Loss: 1.171e+00 | Regularization Loss: 5.330e-09 | Val Loss: 1.493e+00 | Time: 4.42s
2025-08-18 11:24:40,293:INFO:Epoch: 1250/10000 | Train Loss: 1.188e+00 | Dynamic Loss: 1.188e+00 | Regularization Loss: 2.899e-09 | Val Loss: 1.024e+00 | Time: 5.16s
2025-08-18 11:24:40,293:INFO:New best model found at epoch 1250 with validation loss 1.024e+00. Saving...
2025-08-18 11:24:44,719:INFO:Epoch: 1300/10000 | Train Loss: 1.136e+00 | Dynamic Loss: 1.136e+00 | Regularization Loss: 1.612e-09 | Val Loss: 9.745e-01 | Time: 4.42s
2025-08-18 11:24:44,719:INFO:New best model found at epoch 1300 with validation loss 9.745e-01. Saving...
2025-08-18 11:24:49,177:INFO:Epoch: 1350/10000 | Train Loss: 1.043e+00 | Dynamic Loss: 1.043e+00 | Regularization Loss: 9.015e-10 | Val Loss: 1.203e+00 | Time: 4.45s
2025-08-18 11:24:53,636:INFO:Epoch: 1400/10000 | Train Loss: 1.141e+00 | Dynamic Loss: 1.141e+00 | Regularization Loss: 5.165e-10 | Val Loss: 1.185e+00 | Time: 4.46s
2025-08-18 11:25:02,846:INFO:Epoch: 1450/10000 | Train Loss: 1.019e+00 | Dynamic Loss: 1.019e+00 | Regularization Loss: 3.049e-10 | Val Loss: 1.137e+00 | Time: 9.21s
2025-08-18 11:25:07,386:INFO:Epoch: 1500/10000 | Train Loss: 9.546e-01 | Dynamic Loss: 9.546e-01 | Regularization Loss: 1.855e-10 | Val Loss: 9.597e-01 | Time: 4.54s
2025-08-18 11:25:07,386:INFO:New best model found at epoch 1500 with validation loss 9.597e-01. Saving...
2025-08-18 11:25:11,885:INFO:Epoch: 1550/10000 | Train Loss: 9.405e-01 | Dynamic Loss: 9.405e-01 | Regularization Loss: 1.146e-10 | Val Loss: 1.027e+00 | Time: 4.49s
2025-08-18 11:25:16,470:INFO:Epoch: 1600/10000 | Train Loss: 1.083e+00 | Dynamic Loss: 1.083e+00 | Regularization Loss: 7.267e-11 | Val Loss: 9.748e-01 | Time: 4.58s
2025-08-18 11:25:20,938:INFO:Epoch: 1650/10000 | Train Loss: 8.883e-01 | Dynamic Loss: 8.883e-01 | Regularization Loss: 4.731e-11 | Val Loss: 1.015e+00 | Time: 4.47s
2025-08-18 11:25:25,455:INFO:Epoch: 1700/10000 | Train Loss: 9.402e-01 | Dynamic Loss: 9.402e-01 | Regularization Loss: 3.155e-11 | Val Loss: 8.490e-01 | Time: 4.52s
2025-08-18 11:25:25,455:INFO:New best model found at epoch 1700 with validation loss 8.490e-01. Saving...
2025-08-18 11:25:29,935:INFO:Epoch: 1750/10000 | Train Loss: 1.036e+00 | Dynamic Loss: 1.036e+00 | Regularization Loss: 2.171e-11 | Val Loss: 8.612e-01 | Time: 4.47s
2025-08-18 11:25:40,110:INFO:Epoch: 1800/10000 | Train Loss: 9.206e-01 | Dynamic Loss: 9.206e-01 | Regularization Loss: 1.536e-11 | Val Loss: 8.376e-01 | Time: 10.18s
2025-08-18 11:25:40,110:INFO:New best model found at epoch 1800 with validation loss 8.376e-01. Saving...
2025-08-18 11:25:44,593:INFO:Epoch: 1850/10000 | Train Loss: 8.832e-01 | Dynamic Loss: 8.832e-01 | Regularization Loss: 1.109e-11 | Val Loss: 8.817e-01 | Time: 4.47s
2025-08-18 11:25:49,142:INFO:Epoch: 1900/10000 | Train Loss: 8.333e-01 | Dynamic Loss: 8.333e-01 | Regularization Loss: 8.110e-12 | Val Loss: 8.148e-01 | Time: 4.55s
2025-08-18 11:25:49,142:INFO:New best model found at epoch 1900 with validation loss 8.148e-01. Saving...
2025-08-18 11:25:53,740:INFO:Epoch: 1950/10000 | Train Loss: 8.731e-01 | Dynamic Loss: 8.731e-01 | Regularization Loss: 6.157e-12 | Val Loss: 9.726e-01 | Time: 4.59s
2025-08-18 11:25:58,255:INFO:Epoch: 2000/10000 | Train Loss: 8.422e-01 | Dynamic Loss: 8.422e-01 | Regularization Loss: 4.764e-12 | Val Loss: 9.287e-01 | Time: 4.51s
2025-08-18 11:26:02,749:INFO:Epoch: 2050/10000 | Train Loss: 8.998e-01 | Dynamic Loss: 8.998e-01 | Regularization Loss: 3.716e-12 | Val Loss: 8.750e-01 | Time: 4.49s
2025-08-18 11:26:07,231:INFO:Epoch: 2100/10000 | Train Loss: 8.834e-01 | Dynamic Loss: 8.834e-01 | Regularization Loss: 2.954e-12 | Val Loss: 7.698e-01 | Time: 4.48s
2025-08-18 11:26:07,232:INFO:New best model found at epoch 2100 with validation loss 7.698e-01. Saving...
2025-08-18 11:26:17,466:INFO:Epoch: 2150/10000 | Train Loss: 8.574e-01 | Dynamic Loss: 8.574e-01 | Regularization Loss: 2.380e-12 | Val Loss: 7.727e-01 | Time: 10.23s
2025-08-18 11:26:21,960:INFO:Epoch: 2200/10000 | Train Loss: 8.075e-01 | Dynamic Loss: 8.075e-01 | Regularization Loss: 1.988e-12 | Val Loss: 7.850e-01 | Time: 4.49s
2025-08-18 11:26:26,412:INFO:Epoch: 2250/10000 | Train Loss: 7.795e-01 | Dynamic Loss: 7.795e-01 | Regularization Loss: 1.666e-12 | Val Loss: 9.334e-01 | Time: 4.45s
2025-08-18 11:26:30,898:INFO:Epoch: 2300/10000 | Train Loss: 7.478e-01 | Dynamic Loss: 7.478e-01 | Regularization Loss: 1.418e-12 | Val Loss: 7.463e-01 | Time: 4.49s
2025-08-18 11:26:30,899:INFO:New best model found at epoch 2300 with validation loss 7.463e-01. Saving...
2025-08-18 11:26:41,271:INFO:Epoch: 2350/10000 | Train Loss: 8.969e-01 | Dynamic Loss: 8.969e-01 | Regularization Loss: 1.256e-12 | Val Loss: 7.615e-01 | Time: 10.37s
2025-08-18 11:26:45,824:INFO:Epoch: 2400/10000 | Train Loss: 8.169e-01 | Dynamic Loss: 8.169e-01 | Regularization Loss: 1.210e-12 | Val Loss: 7.591e-01 | Time: 4.55s
2025-08-18 11:26:50,313:INFO:Epoch: 2450/10000 | Train Loss: 8.289e-01 | Dynamic Loss: 8.289e-01 | Regularization Loss: 1.155e-12 | Val Loss: 8.025e-01 | Time: 4.49s
2025-08-18 11:26:54,793:INFO:Epoch: 2500/10000 | Train Loss: 7.668e-01 | Dynamic Loss: 7.668e-01 | Regularization Loss: 1.105e-12 | Val Loss: 8.249e-01 | Time: 4.48s
2025-08-18 11:26:59,869:INFO:Epoch: 2550/10000 | Train Loss: 7.669e-01 | Dynamic Loss: 7.669e-01 | Regularization Loss: 1.061e-12 | Val Loss: 7.842e-01 | Time: 5.08s
2025-08-18 11:27:04,417:INFO:Epoch: 2600/10000 | Train Loss: 7.692e-01 | Dynamic Loss: 7.692e-01 | Regularization Loss: 1.033e-12 | Val Loss: 7.020e-01 | Time: 4.55s
2025-08-18 11:27:04,417:INFO:New best model found at epoch 2600 with validation loss 7.020e-01. Saving...
2025-08-18 11:27:08,927:INFO:Epoch: 2650/10000 | Train Loss: 7.271e-01 | Dynamic Loss: 7.271e-01 | Regularization Loss: 1.018e-12 | Val Loss: 8.222e-01 | Time: 4.50s
2025-08-18 11:27:16,629:INFO:Epoch: 2700/10000 | Train Loss: 7.320e-01 | Dynamic Loss: 7.320e-01 | Regularization Loss: 1.026e-12 | Val Loss: 7.508e-01 | Time: 7.70s
2025-08-18 11:27:21,177:INFO:Epoch: 2750/10000 | Train Loss: 7.438e-01 | Dynamic Loss: 7.438e-01 | Regularization Loss: 1.054e-12 | Val Loss: 6.747e-01 | Time: 4.55s
2025-08-18 11:27:21,178:INFO:New best model found at epoch 2750 with validation loss 6.747e-01. Saving...
2025-08-18 11:27:25,715:INFO:Epoch: 2800/10000 | Train Loss: 7.123e-01 | Dynamic Loss: 7.123e-01 | Regularization Loss: 1.104e-12 | Val Loss: 7.596e-01 | Time: 4.53s
2025-08-18 11:27:30,261:INFO:Epoch: 2850/10000 | Train Loss: 7.126e-01 | Dynamic Loss: 7.126e-01 | Regularization Loss: 1.181e-12 | Val Loss: 7.189e-01 | Time: 4.55s
2025-08-18 11:27:40,648:INFO:Epoch: 2900/10000 | Train Loss: 6.959e-01 | Dynamic Loss: 6.959e-01 | Regularization Loss: 1.301e-12 | Val Loss: 7.295e-01 | Time: 10.39s
2025-08-18 11:27:45,196:INFO:Epoch: 2950/10000 | Train Loss: 7.271e-01 | Dynamic Loss: 7.271e-01 | Regularization Loss: 1.492e-12 | Val Loss: 6.581e-01 | Time: 4.55s
2025-08-18 11:27:45,196:INFO:New best model found at epoch 2950 with validation loss 6.581e-01. Saving...
2025-08-18 11:27:49,705:INFO:Epoch: 3000/10000 | Train Loss: 7.007e-01 | Dynamic Loss: 7.007e-01 | Regularization Loss: 1.778e-12 | Val Loss: 7.040e-01 | Time: 4.50s
2025-08-18 11:27:55,094:INFO:Epoch: 3050/10000 | Train Loss: 7.019e-01 | Dynamic Loss: 7.019e-01 | Regularization Loss: 2.040e-12 | Val Loss: 6.547e-01 | Time: 5.39s
2025-08-18 11:27:55,094:INFO:New best model found at epoch 3050 with validation loss 6.547e-01. Saving...
2025-08-18 11:27:59,611:INFO:Epoch: 3100/10000 | Train Loss: 6.854e-01 | Dynamic Loss: 6.854e-01 | Regularization Loss: 2.547e-12 | Val Loss: 6.925e-01 | Time: 4.51s
2025-08-18 11:28:04,132:INFO:Epoch: 3150/10000 | Train Loss: 6.929e-01 | Dynamic Loss: 6.929e-01 | Regularization Loss: 3.231e-12 | Val Loss: 6.458e-01 | Time: 4.52s
2025-08-18 11:28:04,132:INFO:New best model found at epoch 3150 with validation loss 6.458e-01. Saving...
2025-08-18 11:28:08,665:INFO:Epoch: 3200/10000 | Train Loss: 6.778e-01 | Dynamic Loss: 6.778e-01 | Regularization Loss: 4.066e-12 | Val Loss: 6.643e-01 | Time: 4.52s
2025-08-18 11:28:17,503:INFO:Epoch: 3250/10000 | Train Loss: 6.728e-01 | Dynamic Loss: 6.728e-01 | Regularization Loss: 5.306e-12 | Val Loss: 6.746e-01 | Time: 8.84s
2025-08-18 11:28:22,038:INFO:Epoch: 3300/10000 | Train Loss: 6.750e-01 | Dynamic Loss: 6.750e-01 | Regularization Loss: 7.111e-12 | Val Loss: 7.076e-01 | Time: 4.54s
2025-08-18 11:28:26,615:INFO:Epoch: 3350/10000 | Train Loss: 6.499e-01 | Dynamic Loss: 6.499e-01 | Regularization Loss: 9.558e-12 | Val Loss: 7.015e-01 | Time: 4.58s
2025-08-18 11:28:31,227:INFO:Epoch: 3400/10000 | Train Loss: 6.437e-01 | Dynamic Loss: 6.437e-01 | Regularization Loss: 1.324e-11 | Val Loss: 6.463e-01 | Time: 4.61s
2025-08-18 11:28:35,787:INFO:Epoch: 3450/10000 | Train Loss: 6.559e-01 | Dynamic Loss: 6.559e-01 | Regularization Loss: 1.839e-11 | Val Loss: 6.276e-01 | Time: 4.56s
2025-08-18 11:28:35,787:INFO:New best model found at epoch 3450 with validation loss 6.276e-01. Saving...
2025-08-18 11:28:40,337:INFO:Epoch: 3500/10000 | Train Loss: 6.328e-01 | Dynamic Loss: 6.328e-01 | Regularization Loss: 2.588e-11 | Val Loss: 6.357e-01 | Time: 4.54s
2025-08-18 11:28:44,907:INFO:Epoch: 3550/10000 | Train Loss: 6.417e-01 | Dynamic Loss: 6.417e-01 | Regularization Loss: 3.769e-11 | Val Loss: 6.373e-01 | Time: 4.57s
2025-08-18 11:28:52,438:INFO:Epoch: 3600/10000 | Train Loss: 6.277e-01 | Dynamic Loss: 6.277e-01 | Regularization Loss: 5.541e-11 | Val Loss: 6.575e-01 | Time: 7.53s
2025-08-18 11:28:56,946:INFO:Epoch: 3650/10000 | Train Loss: 6.404e-01 | Dynamic Loss: 6.404e-01 | Regularization Loss: 7.936e-11 | Val Loss: 6.013e-01 | Time: 4.51s
2025-08-18 11:28:56,946:INFO:New best model found at epoch 3650 with validation loss 6.013e-01. Saving...
2025-08-18 11:29:01,514:INFO:Epoch: 3700/10000 | Train Loss: 6.200e-01 | Dynamic Loss: 6.200e-01 | Regularization Loss: 1.196e-10 | Val Loss: 6.496e-01 | Time: 4.56s
2025-08-18 11:29:06,017:INFO:Epoch: 3750/10000 | Train Loss: 6.173e-01 | Dynamic Loss: 6.173e-01 | Regularization Loss: 1.755e-10 | Val Loss: 6.140e-01 | Time: 4.50s
2025-08-18 11:29:16,490:INFO:Epoch: 3800/10000 | Train Loss: 6.118e-01 | Dynamic Loss: 6.118e-01 | Regularization Loss: 2.511e-10 | Val Loss: 6.405e-01 | Time: 10.47s
2025-08-18 11:29:21,054:INFO:Epoch: 3850/10000 | Train Loss: 6.184e-01 | Dynamic Loss: 6.184e-01 | Regularization Loss: 3.638e-10 | Val Loss: 5.862e-01 | Time: 4.56s
2025-08-18 11:29:21,054:INFO:New best model found at epoch 3850 with validation loss 5.862e-01. Saving...
2025-08-18 11:29:25,607:INFO:Epoch: 3900/10000 | Train Loss: 6.091e-01 | Dynamic Loss: 6.091e-01 | Regularization Loss: 5.333e-10 | Val Loss: 5.935e-01 | Time: 4.55s
2025-08-18 11:29:30,157:INFO:Epoch: 3950/10000 | Train Loss: 5.937e-01 | Dynamic Loss: 5.937e-01 | Regularization Loss: 7.777e-10 | Val Loss: 6.149e-01 | Time: 4.55s
2025-08-18 11:29:41,009:INFO:Epoch: 4000/10000 | Train Loss: 5.985e-01 | Dynamic Loss: 5.985e-01 | Regularization Loss: 1.114e-09 | Val Loss: 5.913e-01 | Time: 10.85s
2025-08-18 11:29:45,604:INFO:Epoch: 4050/10000 | Train Loss: 5.973e-01 | Dynamic Loss: 5.973e-01 | Regularization Loss: 1.534e-09 | Val Loss: 5.791e-01 | Time: 4.59s
2025-08-18 11:29:45,604:INFO:New best model found at epoch 4050 with validation loss 5.791e-01. Saving...
2025-08-18 11:29:50,195:INFO:Epoch: 4100/10000 | Train Loss: 5.801e-01 | Dynamic Loss: 5.801e-01 | Regularization Loss: 2.031e-09 | Val Loss: 5.876e-01 | Time: 4.58s
2025-08-18 11:29:55,920:INFO:Epoch: 4150/10000 | Train Loss: 5.887e-01 | Dynamic Loss: 5.887e-01 | Regularization Loss: 2.726e-09 | Val Loss: 5.879e-01 | Time: 5.73s
2025-08-18 11:30:00,502:INFO:Epoch: 4200/10000 | Train Loss: 5.773e-01 | Dynamic Loss: 5.773e-01 | Regularization Loss: 3.493e-09 | Val Loss: 5.623e-01 | Time: 4.58s
2025-08-18 11:30:00,502:INFO:New best model found at epoch 4200 with validation loss 5.623e-01. Saving...
2025-08-18 11:30:04,997:INFO:Epoch: 4250/10000 | Train Loss: 5.844e-01 | Dynamic Loss: 5.844e-01 | Regularization Loss: 4.414e-09 | Val Loss: 5.697e-01 | Time: 4.49s
2025-08-18 11:30:09,522:INFO:Epoch: 4300/10000 | Train Loss: 5.799e-01 | Dynamic Loss: 5.799e-01 | Regularization Loss: 5.380e-09 | Val Loss: 5.762e-01 | Time: 4.52s
2025-08-18 11:30:20,049:INFO:Epoch: 4350/10000 | Train Loss: 5.657e-01 | Dynamic Loss: 5.657e-01 | Regularization Loss: 6.653e-09 | Val Loss: 5.495e-01 | Time: 10.53s
2025-08-18 11:30:20,049:INFO:New best model found at epoch 4350 with validation loss 5.495e-01. Saving...
2025-08-18 11:30:24,675:INFO:Epoch: 4400/10000 | Train Loss: 5.696e-01 | Dynamic Loss: 5.696e-01 | Regularization Loss: 8.362e-09 | Val Loss: 5.638e-01 | Time: 4.62s
2025-08-18 11:30:29,158:INFO:Epoch: 4450/10000 | Train Loss: 5.668e-01 | Dynamic Loss: 5.668e-01 | Regularization Loss: 1.021e-08 | Val Loss: 5.536e-01 | Time: 4.48s
2025-08-18 11:30:33,794:INFO:Epoch: 4500/10000 | Train Loss: 5.738e-01 | Dynamic Loss: 5.738e-01 | Regularization Loss: 1.234e-08 | Val Loss: 5.720e-01 | Time: 4.64s
2025-08-18 11:30:38,310:INFO:Epoch: 4550/10000 | Train Loss: 5.569e-01 | Dynamic Loss: 5.569e-01 | Regularization Loss: 1.310e-08 | Val Loss: 5.517e-01 | Time: 4.52s
2025-08-18 11:30:42,858:INFO:Epoch: 4600/10000 | Train Loss: 5.559e-01 | Dynamic Loss: 5.559e-01 | Regularization Loss: 1.419e-08 | Val Loss: 5.440e-01 | Time: 4.55s
2025-08-18 11:30:42,859:INFO:New best model found at epoch 4600 with validation loss 5.440e-01. Saving...
2025-08-18 11:30:47,433:INFO:Epoch: 4650/10000 | Train Loss: 5.650e-01 | Dynamic Loss: 5.650e-01 | Regularization Loss: 1.566e-08 | Val Loss: 5.607e-01 | Time: 4.57s
2025-08-18 11:30:57,086:INFO:Epoch: 4700/10000 | Train Loss: 5.599e-01 | Dynamic Loss: 5.599e-01 | Regularization Loss: 1.451e-08 | Val Loss: 5.670e-01 | Time: 9.65s
2025-08-18 11:31:01,689:INFO:Epoch: 4750/10000 | Train Loss: 5.580e-01 | Dynamic Loss: 5.580e-01 | Regularization Loss: 1.266e-08 | Val Loss: 5.537e-01 | Time: 4.60s
2025-08-18 11:31:06,159:INFO:Epoch: 4800/10000 | Train Loss: 5.583e-01 | Dynamic Loss: 5.583e-01 | Regularization Loss: 1.078e-08 | Val Loss: 5.360e-01 | Time: 4.47s
2025-08-18 11:31:06,159:INFO:New best model found at epoch 4800 with validation loss 5.360e-01. Saving...
2025-08-18 11:31:10,696:INFO:Epoch: 4850/10000 | Train Loss: 5.495e-01 | Dynamic Loss: 5.495e-01 | Regularization Loss: 9.486e-09 | Val Loss: 5.448e-01 | Time: 4.53s
2025-08-18 11:31:21,070:INFO:Epoch: 4900/10000 | Train Loss: 5.625e-01 | Dynamic Loss: 5.625e-01 | Regularization Loss: 8.468e-09 | Val Loss: 5.706e-01 | Time: 10.37s
2025-08-18 11:31:25,726:INFO:Epoch: 4950/10000 | Train Loss: 5.431e-01 | Dynamic Loss: 5.431e-01 | Regularization Loss: 6.146e-09 | Val Loss: 5.413e-01 | Time: 4.66s
2025-08-18 11:31:30,304:INFO:Epoch: 5000/10000 | Train Loss: 5.577e-01 | Dynamic Loss: 5.577e-01 | Regularization Loss: 4.469e-09 | Val Loss: 5.393e-01 | Time: 4.58s
2025-08-18 11:31:34,934:INFO:Epoch: 5050/10000 | Train Loss: 5.473e-01 | Dynamic Loss: 5.473e-01 | Regularization Loss: 3.009e-09 | Val Loss: 5.401e-01 | Time: 4.63s
2025-08-18 11:31:39,497:INFO:Epoch: 5100/10000 | Train Loss: 5.409e-01 | Dynamic Loss: 5.409e-01 | Regularization Loss: 2.137e-09 | Val Loss: 5.322e-01 | Time: 4.56s
2025-08-18 11:31:39,497:INFO:New best model found at epoch 5100 with validation loss 5.322e-01. Saving...
2025-08-18 11:31:44,043:INFO:Epoch: 5150/10000 | Train Loss: 5.478e-01 | Dynamic Loss: 5.478e-01 | Regularization Loss: 1.355e-09 | Val Loss: 5.415e-01 | Time: 4.54s
2025-08-18 11:31:48,644:INFO:Epoch: 5200/10000 | Train Loss: 5.439e-01 | Dynamic Loss: 5.439e-01 | Regularization Loss: 8.501e-10 | Val Loss: 5.305e-01 | Time: 4.60s
2025-08-18 11:31:48,644:INFO:New best model found at epoch 5200 with validation loss 5.305e-01. Saving...
2025-08-18 11:31:57,773:INFO:Epoch: 5250/10000 | Train Loss: 5.433e-01 | Dynamic Loss: 5.433e-01 | Regularization Loss: 5.162e-10 | Val Loss: 5.371e-01 | Time: 9.12s
2025-08-18 11:32:02,336:INFO:Epoch: 5300/10000 | Train Loss: 5.454e-01 | Dynamic Loss: 5.454e-01 | Regularization Loss: 3.048e-10 | Val Loss: 5.319e-01 | Time: 4.56s
2025-08-18 11:32:06,875:INFO:Epoch: 5350/10000 | Train Loss: 5.413e-01 | Dynamic Loss: 5.413e-01 | Regularization Loss: 2.109e-10 | Val Loss: 5.418e-01 | Time: 4.54s
2025-08-18 11:32:11,400:INFO:Epoch: 5400/10000 | Train Loss: 5.388e-01 | Dynamic Loss: 5.388e-01 | Regularization Loss: 1.131e-10 | Val Loss: 5.341e-01 | Time: 4.52s
2025-08-18 11:32:21,888:INFO:Epoch: 5450/10000 | Train Loss: 5.359e-01 | Dynamic Loss: 5.359e-01 | Regularization Loss: 5.972e-11 | Val Loss: 5.242e-01 | Time: 10.49s
2025-08-18 11:32:21,889:INFO:New best model found at epoch 5450 with validation loss 5.242e-01. Saving...
2025-08-18 11:32:26,506:INFO:Epoch: 5500/10000 | Train Loss: 5.358e-01 | Dynamic Loss: 5.358e-01 | Regularization Loss: 3.012e-11 | Val Loss: 5.279e-01 | Time: 4.61s
2025-08-18 11:32:31,017:INFO:Epoch: 5550/10000 | Train Loss: 5.407e-01 | Dynamic Loss: 5.407e-01 | Regularization Loss: 1.397e-11 | Val Loss: 5.484e-01 | Time: 4.51s
2025-08-18 11:32:35,534:INFO:Epoch: 5600/10000 | Train Loss: 5.354e-01 | Dynamic Loss: 5.354e-01 | Regularization Loss: 8.135e-12 | Val Loss: 5.280e-01 | Time: 4.52s
2025-08-18 11:32:40,596:INFO:Epoch: 5650/10000 | Train Loss: 5.385e-01 | Dynamic Loss: 5.385e-01 | Regularization Loss: 3.371e-12 | Val Loss: 5.233e-01 | Time: 5.06s
2025-08-18 11:32:40,596:INFO:New best model found at epoch 5650 with validation loss 5.233e-01. Saving...
2025-08-18 11:32:45,162:INFO:Epoch: 5700/10000 | Train Loss: 5.332e-01 | Dynamic Loss: 5.332e-01 | Regularization Loss: 1.488e-12 | Val Loss: 5.185e-01 | Time: 4.56s
2025-08-18 11:32:45,162:INFO:New best model found at epoch 5700 with validation loss 5.185e-01. Saving...
2025-08-18 11:32:49,694:INFO:Epoch: 5750/10000 | Train Loss: 5.329e-01 | Dynamic Loss: 5.329e-01 | Regularization Loss: 6.681e-13 | Val Loss: 5.219e-01 | Time: 4.52s
2025-08-18 11:32:56,809:INFO:Epoch: 5800/10000 | Train Loss: 5.316e-01 | Dynamic Loss: 5.316e-01 | Regularization Loss: 3.190e-13 | Val Loss: 5.192e-01 | Time: 7.12s
2025-08-18 11:33:01,431:INFO:Epoch: 5850/10000 | Train Loss: 5.293e-01 | Dynamic Loss: 5.293e-01 | Regularization Loss: 1.441e-13 | Val Loss: 5.222e-01 | Time: 4.62s
2025-08-18 11:33:05,974:INFO:Epoch: 5900/10000 | Train Loss: 5.353e-01 | Dynamic Loss: 5.353e-01 | Regularization Loss: 6.318e-14 | Val Loss: 5.293e-01 | Time: 4.54s
2025-08-18 11:33:10,544:INFO:Epoch: 5950/10000 | Train Loss: 5.304e-01 | Dynamic Loss: 5.304e-01 | Regularization Loss: 3.330e-14 | Val Loss: 5.186e-01 | Time: 4.57s
2025-08-18 11:33:17,116:INFO:Epoch: 6000/10000 | Train Loss: 5.288e-01 | Dynamic Loss: 5.288e-01 | Regularization Loss: 1.672e-14 | Val Loss: 5.184e-01 | Time: 6.57s
2025-08-18 11:33:17,116:INFO:New best model found at epoch 6000 with validation loss 5.184e-01. Saving...
2025-08-18 11:33:21,677:INFO:Epoch: 6050/10000 | Train Loss: 5.285e-01 | Dynamic Loss: 5.285e-01 | Regularization Loss: 7.578e-15 | Val Loss: 5.217e-01 | Time: 4.55s
2025-08-18 11:33:26,240:INFO:Epoch: 6100/10000 | Train Loss: 5.277e-01 | Dynamic Loss: 5.277e-01 | Regularization Loss: 3.595e-15 | Val Loss: 5.121e-01 | Time: 4.56s
2025-08-18 11:33:26,241:INFO:New best model found at epoch 6100 with validation loss 5.121e-01. Saving...
2025-08-18 11:33:30,840:INFO:Epoch: 6150/10000 | Train Loss: 5.308e-01 | Dynamic Loss: 5.308e-01 | Regularization Loss: 1.950e-15 | Val Loss: 5.204e-01 | Time: 4.59s
2025-08-18 11:33:41,024:INFO:Epoch: 6200/10000 | Train Loss: 5.319e-01 | Dynamic Loss: 5.319e-01 | Regularization Loss: 8.693e-16 | Val Loss: 5.234e-01 | Time: 10.18s
2025-08-18 11:33:45,622:INFO:Epoch: 6250/10000 | Train Loss: 5.311e-01 | Dynamic Loss: 5.311e-01 | Regularization Loss: 4.164e-16 | Val Loss: 5.276e-01 | Time: 4.60s
2025-08-18 11:33:50,183:INFO:Epoch: 6300/10000 | Train Loss: 5.269e-01 | Dynamic Loss: 5.269e-01 | Regularization Loss: 2.075e-16 | Val Loss: 5.146e-01 | Time: 4.56s
2025-08-18 11:33:54,796:INFO:Epoch: 6350/10000 | Train Loss: 5.264e-01 | Dynamic Loss: 5.264e-01 | Regularization Loss: 9.778e-17 | Val Loss: 5.151e-01 | Time: 4.61s
2025-08-18 11:33:59,304:INFO:Epoch: 6400/10000 | Train Loss: 5.277e-01 | Dynamic Loss: 5.277e-01 | Regularization Loss: 4.853e-17 | Val Loss: 5.250e-01 | Time: 4.51s
2025-08-18 11:34:03,905:INFO:Epoch: 6450/10000 | Train Loss: 5.273e-01 | Dynamic Loss: 5.273e-01 | Regularization Loss: 3.039e-17 | Val Loss: 5.136e-01 | Time: 4.60s
2025-08-18 11:34:08,387:INFO:Epoch: 6500/10000 | Train Loss: 5.245e-01 | Dynamic Loss: 5.245e-01 | Regularization Loss: 1.589e-17 | Val Loss: 5.144e-01 | Time: 4.48s
2025-08-18 11:34:15,894:INFO:Epoch: 6550/10000 | Train Loss: 5.256e-01 | Dynamic Loss: 5.256e-01 | Regularization Loss: 8.097e-18 | Val Loss: 5.098e-01 | Time: 7.51s
2025-08-18 11:34:15,894:INFO:New best model found at epoch 6550 with validation loss 5.098e-01. Saving...
2025-08-18 11:34:20,418:INFO:Epoch: 6600/10000 | Train Loss: 5.221e-01 | Dynamic Loss: 5.221e-01 | Regularization Loss: 4.598e-18 | Val Loss: 5.163e-01 | Time: 4.52s
2025-08-18 11:34:25,030:INFO:Epoch: 6650/10000 | Train Loss: 5.285e-01 | Dynamic Loss: 5.285e-01 | Regularization Loss: 2.473e-18 | Val Loss: 5.139e-01 | Time: 4.61s
2025-08-18 11:34:29,563:INFO:Epoch: 6700/10000 | Train Loss: 5.224e-01 | Dynamic Loss: 5.224e-01 | Regularization Loss: 1.579e-18 | Val Loss: 5.156e-01 | Time: 4.53s
2025-08-18 11:34:39,592:INFO:Epoch: 6750/10000 | Train Loss: 5.216e-01 | Dynamic Loss: 5.216e-01 | Regularization Loss: 1.040e-18 | Val Loss: 5.131e-01 | Time: 10.03s
2025-08-18 11:34:44,191:INFO:Epoch: 6800/10000 | Train Loss: 5.242e-01 | Dynamic Loss: 5.242e-01 | Regularization Loss: 7.431e-19 | Val Loss: 5.099e-01 | Time: 4.60s
2025-08-18 11:34:48,830:INFO:Epoch: 6850/10000 | Train Loss: 5.170e-01 | Dynamic Loss: 5.170e-01 | Regularization Loss: 4.453e-19 | Val Loss: 5.105e-01 | Time: 4.64s
2025-08-18 11:34:53,503:INFO:Epoch: 6900/10000 | Train Loss: 5.167e-01 | Dynamic Loss: 5.167e-01 | Regularization Loss: 3.567e-19 | Val Loss: 5.092e-01 | Time: 4.67s
2025-08-18 11:34:53,503:INFO:New best model found at epoch 6900 with validation loss 5.092e-01. Saving...
2025-08-18 11:34:58,171:INFO:Epoch: 6950/10000 | Train Loss: 5.184e-01 | Dynamic Loss: 5.184e-01 | Regularization Loss: 2.669e-19 | Val Loss: 5.174e-01 | Time: 4.66s
2025-08-18 11:35:02,755:INFO:Epoch: 7000/10000 | Train Loss: 5.231e-01 | Dynamic Loss: 5.231e-01 | Regularization Loss: 2.373e-19 | Val Loss: 5.053e-01 | Time: 4.58s
2025-08-18 11:35:02,755:INFO:New best model found at epoch 7000 with validation loss 5.053e-01. Saving...
2025-08-18 11:35:07,282:INFO:Epoch: 7050/10000 | Train Loss: 5.168e-01 | Dynamic Loss: 5.168e-01 | Regularization Loss: 1.838e-19 | Val Loss: 5.055e-01 | Time: 4.52s
2025-08-18 11:35:14,913:INFO:Epoch: 7100/10000 | Train Loss: 5.183e-01 | Dynamic Loss: 5.183e-01 | Regularization Loss: 1.738e-19 | Val Loss: 5.105e-01 | Time: 7.63s
2025-08-18 11:35:19,492:INFO:Epoch: 7150/10000 | Train Loss: 5.154e-01 | Dynamic Loss: 5.154e-01 | Regularization Loss: 1.791e-19 | Val Loss: 5.031e-01 | Time: 4.58s
2025-08-18 11:35:19,492:INFO:New best model found at epoch 7150 with validation loss 5.031e-01. Saving...
2025-08-18 11:35:24,104:INFO:Epoch: 7200/10000 | Train Loss: 5.261e-01 | Dynamic Loss: 5.261e-01 | Regularization Loss: 2.037e-19 | Val Loss: 5.081e-01 | Time: 4.60s
2025-08-18 11:35:28,693:INFO:Epoch: 7250/10000 | Train Loss: 5.205e-01 | Dynamic Loss: 5.205e-01 | Regularization Loss: 2.547e-19 | Val Loss: 5.031e-01 | Time: 4.59s
2025-08-18 11:35:28,694:INFO:New best model found at epoch 7250 with validation loss 5.031e-01. Saving...
2025-08-18 11:35:39,054:INFO:Epoch: 7300/10000 | Train Loss: 5.162e-01 | Dynamic Loss: 5.162e-01 | Regularization Loss: 3.367e-19 | Val Loss: 5.092e-01 | Time: 10.35s
2025-08-18 11:35:43,652:INFO:Epoch: 7350/10000 | Train Loss: 5.177e-01 | Dynamic Loss: 5.177e-01 | Regularization Loss: 4.601e-19 | Val Loss: 5.042e-01 | Time: 4.60s
2025-08-18 11:35:48,229:INFO:Epoch: 7400/10000 | Train Loss: 5.178e-01 | Dynamic Loss: 5.178e-01 | Regularization Loss: 7.240e-19 | Val Loss: 5.058e-01 | Time: 4.58s
2025-08-18 11:35:52,873:INFO:Epoch: 7450/10000 | Train Loss: 5.135e-01 | Dynamic Loss: 5.135e-01 | Regularization Loss: 9.975e-19 | Val Loss: 5.020e-01 | Time: 4.64s
2025-08-18 11:35:52,873:INFO:New best model found at epoch 7450 with validation loss 5.020e-01. Saving...
2025-08-18 11:35:57,522:INFO:Epoch: 7500/10000 | Train Loss: 5.149e-01 | Dynamic Loss: 5.149e-01 | Regularization Loss: 2.339e-18 | Val Loss: 5.050e-01 | Time: 4.64s
2025-08-18 11:36:02,096:INFO:Epoch: 7550/10000 | Train Loss: 5.161e-01 | Dynamic Loss: 5.161e-01 | Regularization Loss: 4.624e-18 | Val Loss: 5.017e-01 | Time: 4.57s
2025-08-18 11:36:02,096:INFO:New best model found at epoch 7550 with validation loss 5.017e-01. Saving...
2025-08-18 11:36:06,848:INFO:Epoch: 7600/10000 | Train Loss: 5.170e-01 | Dynamic Loss: 5.170e-01 | Regularization Loss: 8.665e-18 | Val Loss: 4.979e-01 | Time: 4.74s
2025-08-18 11:36:06,848:INFO:New best model found at epoch 7600 with validation loss 4.979e-01. Saving...
2025-08-18 11:36:16,958:INFO:Epoch: 7650/10000 | Train Loss: 5.113e-01 | Dynamic Loss: 5.113e-01 | Regularization Loss: 2.065e-17 | Val Loss: 5.053e-01 | Time: 10.10s
2025-08-18 11:36:21,560:INFO:Epoch: 7700/10000 | Train Loss: 5.150e-01 | Dynamic Loss: 5.150e-01 | Regularization Loss: 5.454e-17 | Val Loss: 5.138e-01 | Time: 4.60s
2025-08-18 11:36:26,144:INFO:Epoch: 7750/10000 | Train Loss: 5.121e-01 | Dynamic Loss: 5.121e-01 | Regularization Loss: 1.636e-16 | Val Loss: 4.996e-01 | Time: 4.58s
2025-08-18 11:36:30,731:INFO:Epoch: 7800/10000 | Train Loss: 5.118e-01 | Dynamic Loss: 5.118e-01 | Regularization Loss: 5.846e-16 | Val Loss: 5.086e-01 | Time: 4.59s
2025-08-18 11:36:41,672:INFO:Epoch: 7850/10000 | Train Loss: 5.087e-01 | Dynamic Loss: 5.087e-01 | Regularization Loss: 2.043e-15 | Val Loss: 5.045e-01 | Time: 10.94s
2025-08-18 11:36:46,276:INFO:Epoch: 7900/10000 | Train Loss: 5.112e-01 | Dynamic Loss: 5.112e-01 | Regularization Loss: 9.697e-15 | Val Loss: 5.004e-01 | Time: 4.60s
2025-08-18 11:36:50,942:INFO:Epoch: 7950/10000 | Train Loss: 5.082e-01 | Dynamic Loss: 5.082e-01 | Regularization Loss: 4.515e-14 | Val Loss: 5.052e-01 | Time: 4.67s
2025-08-18 11:36:55,571:INFO:Epoch: 8000/10000 | Train Loss: 5.079e-01 | Dynamic Loss: 5.079e-01 | Regularization Loss: 2.697e-13 | Val Loss: 4.971e-01 | Time: 4.63s
2025-08-18 11:36:55,571:INFO:New best model found at epoch 8000 with validation loss 4.971e-01. Saving...
2025-08-18 11:37:00,181:INFO:Epoch: 8050/10000 | Train Loss: 5.104e-01 | Dynamic Loss: 5.104e-01 | Regularization Loss: 1.465e-12 | Val Loss: 5.007e-01 | Time: 4.60s
2025-08-18 11:37:04,785:INFO:Epoch: 8100/10000 | Train Loss: 5.076e-01 | Dynamic Loss: 5.076e-01 | Regularization Loss: 1.100e-11 | Val Loss: 5.010e-01 | Time: 4.60s
2025-08-18 11:37:09,313:INFO:Epoch: 8150/10000 | Train Loss: 5.097e-01 | Dynamic Loss: 5.097e-01 | Regularization Loss: 9.485e-11 | Val Loss: 5.055e-01 | Time: 4.53s
2025-08-18 11:37:19,262:INFO:Epoch: 8200/10000 | Train Loss: 5.130e-01 | Dynamic Loss: 5.130e-01 | Regularization Loss: 9.757e-10 | Val Loss: 4.950e-01 | Time: 9.95s
2025-08-18 11:37:19,263:INFO:New best model found at epoch 8200 with validation loss 4.950e-01. Saving...
2025-08-18 11:37:23,916:INFO:Epoch: 8250/10000 | Train Loss: 5.203e-01 | Dynamic Loss: 5.203e-01 | Regularization Loss: 9.938e-09 | Val Loss: 4.973e-01 | Time: 4.65s
2025-08-18 11:37:28,455:INFO:Epoch: 8300/10000 | Train Loss: nan | Dynamic Loss: nan | Regularization Loss: nan | Val Loss: nan | Time: 4.54s
2025-08-18 11:37:33,002:INFO:Epoch: 8350/10000 | Train Loss: nan | Dynamic Loss: nan | Regularization Loss: nan | Val Loss: nan | Time: 4.55s
2025-08-18 11:37:43,058:INFO:Epoch: 8400/10000 | Train Loss: nan | Dynamic Loss: nan | Regularization Loss: nan | Val Loss: nan | Time: 10.06s
2025-08-18 11:37:47,663:INFO:Epoch: 8450/10000 | Train Loss: nan | Dynamic Loss: nan | Regularization Loss: nan | Val Loss: nan | Time: 4.60s
2025-08-18 11:37:52,253:INFO:Epoch: 8500/10000 | Train Loss: nan | Dynamic Loss: nan | Regularization Loss: nan | Val Loss: nan | Time: 4.59s
2025-08-18 11:37:56,924:INFO:Epoch: 8550/10000 | Train Loss: nan | Dynamic Loss: nan | Regularization Loss: nan | Val Loss: nan | Time: 4.67s
2025-08-18 11:38:01,507:INFO:Epoch: 8600/10000 | Train Loss: nan | Dynamic Loss: nan | Regularization Loss: nan | Val Loss: nan | Time: 4.58s
2025-08-18 11:38:06,082:INFO:Epoch: 8650/10000 | Train Loss: nan | Dynamic Loss: nan | Regularization Loss: nan | Val Loss: nan | Time: 4.58s
2025-08-18 11:38:10,643:INFO:Epoch: 8700/10000 | Train Loss: nan | Dynamic Loss: nan | Regularization Loss: nan | Val Loss: nan | Time: 4.56s
2025-08-18 11:38:18,570:INFO:Epoch: 8750/10000 | Train Loss: nan | Dynamic Loss: nan | Regularization Loss: nan | Val Loss: nan | Time: 7.93s
2025-08-18 11:38:23,183:INFO:Epoch: 8800/10000 | Train Loss: nan | Dynamic Loss: nan | Regularization Loss: nan | Val Loss: nan | Time: 4.61s
2025-08-18 11:38:27,738:INFO:Epoch: 8850/10000 | Train Loss: nan | Dynamic Loss: nan | Regularization Loss: nan | Val Loss: nan | Time: 4.55s
2025-08-18 11:38:32,244:INFO:Epoch: 8900/10000 | Train Loss: nan | Dynamic Loss: nan | Regularization Loss: nan | Val Loss: nan | Time: 4.51s
2025-08-18 11:38:40,461:INFO:Epoch: 8950/10000 | Train Loss: nan | Dynamic Loss: nan | Regularization Loss: nan | Val Loss: nan | Time: 8.22s
2025-08-18 11:38:45,057:INFO:Epoch: 9000/10000 | Train Loss: nan | Dynamic Loss: nan | Regularization Loss: nan | Val Loss: nan | Time: 4.60s
2025-08-18 11:38:49,578:INFO:Epoch: 9050/10000 | Train Loss: nan | Dynamic Loss: nan | Regularization Loss: nan | Val Loss: nan | Time: 4.52s
2025-08-18 11:38:54,160:INFO:Epoch: 9100/10000 | Train Loss: nan | Dynamic Loss: nan | Regularization Loss: nan | Val Loss: nan | Time: 4.58s
2025-08-18 11:39:04,108:INFO:Epoch: 9150/10000 | Train Loss: nan | Dynamic Loss: nan | Regularization Loss: nan | Val Loss: nan | Time: 9.95s
2025-08-18 11:39:08,696:INFO:Epoch: 9200/10000 | Train Loss: nan | Dynamic Loss: nan | Regularization Loss: nan | Val Loss: nan | Time: 4.59s
2025-08-18 11:39:13,335:INFO:Epoch: 9250/10000 | Train Loss: nan | Dynamic Loss: nan | Regularization Loss: nan | Val Loss: nan | Time: 4.64s
2025-08-18 11:39:18,005:INFO:Epoch: 9300/10000 | Train Loss: nan | Dynamic Loss: nan | Regularization Loss: nan | Val Loss: nan | Time: 4.67s
2025-08-18 11:39:22,645:INFO:Epoch: 9350/10000 | Train Loss: nan | Dynamic Loss: nan | Regularization Loss: nan | Val Loss: nan | Time: 4.64s
2025-08-18 11:39:27,241:INFO:Epoch: 9400/10000 | Train Loss: nan | Dynamic Loss: nan | Regularization Loss: nan | Val Loss: nan | Time: 4.60s
2025-08-18 11:39:31,797:INFO:Epoch: 9450/10000 | Train Loss: nan | Dynamic Loss: nan | Regularization Loss: nan | Val Loss: nan | Time: 4.56s
2025-08-18 11:39:41,174:INFO:Epoch: 9500/10000 | Train Loss: nan | Dynamic Loss: nan | Regularization Loss: nan | Val Loss: nan | Time: 9.38s
2025-08-18 11:39:45,723:INFO:Epoch: 9550/10000 | Train Loss: nan | Dynamic Loss: nan | Regularization Loss: nan | Val Loss: nan | Time: 4.55s
2025-08-18 11:39:50,376:INFO:Epoch: 9600/10000 | Train Loss: nan | Dynamic Loss: nan | Regularization Loss: nan | Val Loss: nan | Time: 4.65s
2025-08-18 11:39:55,033:INFO:Epoch: 9650/10000 | Train Loss: nan | Dynamic Loss: nan | Regularization Loss: nan | Val Loss: nan | Time: 4.66s
2025-08-18 11:39:59,660:INFO:Epoch: 9700/10000 | Train Loss: nan | Dynamic Loss: nan | Regularization Loss: nan | Val Loss: nan | Time: 4.63s
2025-08-18 11:40:04,246:INFO:Epoch: 9750/10000 | Train Loss: nan | Dynamic Loss: nan | Regularization Loss: nan | Val Loss: nan | Time: 4.59s
2025-08-18 11:40:08,797:INFO:Epoch: 9800/10000 | Train Loss: nan | Dynamic Loss: nan | Regularization Loss: nan | Val Loss: nan | Time: 4.55s
2025-08-18 11:40:14,895:INFO:Epoch: 9850/10000 | Train Loss: nan | Dynamic Loss: nan | Regularization Loss: nan | Val Loss: nan | Time: 6.10s
2025-08-18 11:40:19,412:INFO:Epoch: 9900/10000 | Train Loss: nan | Dynamic Loss: nan | Regularization Loss: nan | Val Loss: nan | Time: 4.52s
2025-08-18 11:40:23,955:INFO:Epoch: 9950/10000 | Train Loss: nan | Dynamic Loss: nan | Regularization Loss: nan | Val Loss: nan | Time: 4.54s
2025-08-18 11:40:28,466:INFO:Epoch: 10000/10000 | Train Loss: nan | Dynamic Loss: nan | Regularization Loss: nan | Val Loss: nan | Time: 4.51s
