2025-08-18 19:01:42,763:INFO:Created DataLoaders with 5994 training samples and 1998 validation samples.
2025-08-18 19:01:43,334:INFO:model params: 526849
2025-08-18 19:01:44,130:INFO:Epoch: 0/10000 | Train Loss: 1.557e+00 | Dynamic Loss: 1.548e+00 | Regularization Loss: 8.803e-03 | Val Loss: 9.177e-01 | Time: 0.80s
2025-08-18 19:01:44,130:INFO:New best model found at epoch 0 with validation loss 9.177e-01. Saving...
2025-08-18 19:01:49,493:INFO:Epoch: 50/10000 | Train Loss: 6.580e-01 | Dynamic Loss: 6.579e-01 | Regularization Loss: 1.058e-04 | Val Loss: 6.589e-01 | Time: 5.34s
2025-08-18 19:01:49,493:INFO:New best model found at epoch 50 with validation loss 6.589e-01. Saving...
2025-08-18 19:01:54,908:INFO:Epoch: 100/10000 | Train Loss: 5.816e-01 | Dynamic Loss: 5.816e-01 | Regularization Loss: 1.586e-05 | Val Loss: 5.884e-01 | Time: 5.40s
2025-08-18 19:01:54,908:INFO:New best model found at epoch 100 with validation loss 5.884e-01. Saving...
2025-08-18 19:02:00,261:INFO:Epoch: 150/10000 | Train Loss: 5.261e-01 | Dynamic Loss: 5.261e-01 | Regularization Loss: 2.158e-06 | Val Loss: 5.397e-01 | Time: 5.34s
2025-08-18 19:02:00,262:INFO:New best model found at epoch 150 with validation loss 5.397e-01. Saving...
2025-08-18 19:02:08,175:INFO:Epoch: 200/10000 | Train Loss: 4.779e-01 | Dynamic Loss: 4.779e-01 | Regularization Loss: 2.428e-07 | Val Loss: 4.926e-01 | Time: 7.90s
2025-08-18 19:02:08,175:INFO:New best model found at epoch 200 with validation loss 4.926e-01. Saving...
2025-08-18 19:02:13,743:INFO:Epoch: 250/10000 | Train Loss: 4.424e-01 | Dynamic Loss: 4.424e-01 | Regularization Loss: 2.687e-08 | Val Loss: 4.597e-01 | Time: 5.56s
2025-08-18 19:02:13,743:INFO:New best model found at epoch 250 with validation loss 4.597e-01. Saving...
2025-08-18 19:02:19,484:INFO:Epoch: 300/10000 | Train Loss: 4.141e-01 | Dynamic Loss: 4.141e-01 | Regularization Loss: 3.665e-09 | Val Loss: 4.297e-01 | Time: 5.73s
2025-08-18 19:02:19,485:INFO:New best model found at epoch 300 with validation loss 4.297e-01. Saving...
2025-08-18 19:02:25,187:INFO:Epoch: 350/10000 | Train Loss: 3.830e-01 | Dynamic Loss: 3.830e-01 | Regularization Loss: 6.837e-10 | Val Loss: 4.032e-01 | Time: 5.69s
2025-08-18 19:02:25,187:INFO:New best model found at epoch 350 with validation loss 4.032e-01. Saving...
2025-08-18 19:02:30,683:INFO:Epoch: 400/10000 | Train Loss: 3.614e-01 | Dynamic Loss: 3.614e-01 | Regularization Loss: 1.931e-10 | Val Loss: 3.808e-01 | Time: 5.49s
2025-08-18 19:02:30,683:INFO:New best model found at epoch 400 with validation loss 3.808e-01. Saving...
2025-08-18 19:02:36,100:INFO:Epoch: 450/10000 | Train Loss: 3.401e-01 | Dynamic Loss: 3.401e-01 | Regularization Loss: 8.300e-11 | Val Loss: 3.608e-01 | Time: 5.41s
2025-08-18 19:02:36,100:INFO:New best model found at epoch 450 with validation loss 3.608e-01. Saving...
2025-08-18 19:02:41,536:INFO:Epoch: 500/10000 | Train Loss: 3.181e-01 | Dynamic Loss: 3.181e-01 | Regularization Loss: 5.123e-11 | Val Loss: 3.407e-01 | Time: 5.43s
2025-08-18 19:02:41,536:INFO:New best model found at epoch 500 with validation loss 3.407e-01. Saving...
2025-08-18 19:02:47,163:INFO:Epoch: 550/10000 | Train Loss: 3.012e-01 | Dynamic Loss: 3.012e-01 | Regularization Loss: 4.546e-11 | Val Loss: 3.224e-01 | Time: 5.62s
2025-08-18 19:02:47,164:INFO:New best model found at epoch 550 with validation loss 3.224e-01. Saving...
2025-08-18 19:02:52,579:INFO:Epoch: 600/10000 | Train Loss: 2.852e-01 | Dynamic Loss: 2.852e-01 | Regularization Loss: 5.682e-11 | Val Loss: 3.091e-01 | Time: 5.41s
2025-08-18 19:02:52,579:INFO:New best model found at epoch 600 with validation loss 3.091e-01. Saving...
2025-08-18 19:02:58,057:INFO:Epoch: 650/10000 | Train Loss: 2.661e-01 | Dynamic Loss: 2.661e-01 | Regularization Loss: 9.684e-11 | Val Loss: 2.888e-01 | Time: 5.47s
2025-08-18 19:02:58,057:INFO:New best model found at epoch 650 with validation loss 2.888e-01. Saving...
2025-08-18 19:03:03,644:INFO:Epoch: 700/10000 | Train Loss: 2.514e-01 | Dynamic Loss: 2.514e-01 | Regularization Loss: 2.159e-10 | Val Loss: 2.736e-01 | Time: 5.58s
2025-08-18 19:03:03,644:INFO:New best model found at epoch 700 with validation loss 2.736e-01. Saving...
2025-08-18 19:03:09,063:INFO:Epoch: 750/10000 | Train Loss: 2.444e-01 | Dynamic Loss: 2.444e-01 | Regularization Loss: 6.198e-10 | Val Loss: 2.654e-01 | Time: 5.41s
2025-08-18 19:03:09,063:INFO:New best model found at epoch 750 with validation loss 2.654e-01. Saving...
2025-08-18 19:03:14,516:INFO:Epoch: 800/10000 | Train Loss: 2.300e-01 | Dynamic Loss: 2.300e-01 | Regularization Loss: 2.165e-09 | Val Loss: 2.510e-01 | Time: 5.44s
2025-08-18 19:03:14,516:INFO:New best model found at epoch 800 with validation loss 2.510e-01. Saving...
2025-08-18 19:03:20,036:INFO:Epoch: 850/10000 | Train Loss: 2.171e-01 | Dynamic Loss: 2.171e-01 | Regularization Loss: 9.201e-09 | Val Loss: 2.409e-01 | Time: 5.51s
2025-08-18 19:03:20,036:INFO:New best model found at epoch 850 with validation loss 2.409e-01. Saving...
2025-08-18 19:03:25,496:INFO:Epoch: 900/10000 | Train Loss: 2.078e-01 | Dynamic Loss: 2.078e-01 | Regularization Loss: 4.731e-08 | Val Loss: 2.305e-01 | Time: 5.45s
2025-08-18 19:03:25,496:INFO:New best model found at epoch 900 with validation loss 2.305e-01. Saving...
2025-08-18 19:03:30,997:INFO:Epoch: 950/10000 | Train Loss: 1.931e-01 | Dynamic Loss: 1.931e-01 | Regularization Loss: 2.797e-07 | Val Loss: 2.176e-01 | Time: 5.49s
2025-08-18 19:03:30,998:INFO:New best model found at epoch 950 with validation loss 2.176e-01. Saving...
2025-08-18 19:03:36,536:INFO:Epoch: 1000/10000 | Train Loss: 1.829e-01 | Dynamic Loss: 1.829e-01 | Regularization Loss: 2.010e-06 | Val Loss: 2.085e-01 | Time: 5.53s
2025-08-18 19:03:36,536:INFO:New best model found at epoch 1000 with validation loss 2.085e-01. Saving...
2025-08-18 19:03:41,899:INFO:Epoch: 1050/10000 | Train Loss: 1.739e-01 | Dynamic Loss: 1.738e-01 | Regularization Loss: 1.282e-05 | Val Loss: 2.019e-01 | Time: 5.35s
2025-08-18 19:03:41,899:INFO:New best model found at epoch 1050 with validation loss 2.019e-01. Saving...
2025-08-18 19:03:47,340:INFO:Epoch: 1100/10000 | Train Loss: 1.700e-01 | Dynamic Loss: 1.699e-01 | Regularization Loss: 3.616e-05 | Val Loss: 1.948e-01 | Time: 5.43s
2025-08-18 19:03:47,340:INFO:New best model found at epoch 1100 with validation loss 1.948e-01. Saving...
2025-08-18 19:03:52,697:INFO:Epoch: 1150/10000 | Train Loss: 1.604e-01 | Dynamic Loss: 1.603e-01 | Regularization Loss: 4.316e-05 | Val Loss: 1.876e-01 | Time: 5.35s
2025-08-18 19:03:52,697:INFO:New best model found at epoch 1150 with validation loss 1.876e-01. Saving...
2025-08-18 19:04:04,436:INFO:Epoch: 1200/10000 | Train Loss: 1.498e-01 | Dynamic Loss: 1.498e-01 | Regularization Loss: 4.424e-05 | Val Loss: 1.791e-01 | Time: 11.73s
2025-08-18 19:04:04,436:INFO:New best model found at epoch 1200 with validation loss 1.791e-01. Saving...
2025-08-18 19:04:10,441:INFO:Epoch: 1250/10000 | Train Loss: 1.468e-01 | Dynamic Loss: 1.468e-01 | Regularization Loss: 4.585e-05 | Val Loss: 1.749e-01 | Time: 6.00s
2025-08-18 19:04:10,441:INFO:New best model found at epoch 1250 with validation loss 1.749e-01. Saving...
2025-08-18 19:04:15,880:INFO:Epoch: 1300/10000 | Train Loss: 1.424e-01 | Dynamic Loss: 1.423e-01 | Regularization Loss: 4.565e-05 | Val Loss: 1.713e-01 | Time: 5.43s
2025-08-18 19:04:15,881:INFO:New best model found at epoch 1300 with validation loss 1.713e-01. Saving...
2025-08-18 19:04:22,872:INFO:Epoch: 1350/10000 | Train Loss: 1.378e-01 | Dynamic Loss: 1.377e-01 | Regularization Loss: 4.708e-05 | Val Loss: 1.661e-01 | Time: 6.98s
2025-08-18 19:04:22,872:INFO:New best model found at epoch 1350 with validation loss 1.661e-01. Saving...
2025-08-18 19:04:28,331:INFO:Epoch: 1400/10000 | Train Loss: 1.328e-01 | Dynamic Loss: 1.327e-01 | Regularization Loss: 4.726e-05 | Val Loss: 1.660e-01 | Time: 5.45s
2025-08-18 19:04:28,332:INFO:New best model found at epoch 1400 with validation loss 1.660e-01. Saving...
2025-08-18 19:04:33,821:INFO:Epoch: 1450/10000 | Train Loss: 1.273e-01 | Dynamic Loss: 1.272e-01 | Regularization Loss: 4.655e-05 | Val Loss: 1.581e-01 | Time: 5.48s
2025-08-18 19:04:33,821:INFO:New best model found at epoch 1450 with validation loss 1.581e-01. Saving...
2025-08-18 19:04:39,286:INFO:Epoch: 1500/10000 | Train Loss: 1.201e-01 | Dynamic Loss: 1.201e-01 | Regularization Loss: 4.580e-05 | Val Loss: 1.532e-01 | Time: 5.46s
2025-08-18 19:04:39,286:INFO:New best model found at epoch 1500 with validation loss 1.532e-01. Saving...
2025-08-18 19:04:49,523:INFO:Epoch: 1550/10000 | Train Loss: 1.165e-01 | Dynamic Loss: 1.164e-01 | Regularization Loss: 4.622e-05 | Val Loss: 1.479e-01 | Time: 10.23s
2025-08-18 19:04:49,523:INFO:New best model found at epoch 1550 with validation loss 1.479e-01. Saving...
2025-08-18 19:04:55,043:INFO:Epoch: 1600/10000 | Train Loss: 1.116e-01 | Dynamic Loss: 1.115e-01 | Regularization Loss: 4.576e-05 | Val Loss: 1.437e-01 | Time: 5.51s
2025-08-18 19:04:55,043:INFO:New best model found at epoch 1600 with validation loss 1.437e-01. Saving...
2025-08-18 19:05:00,611:INFO:Epoch: 1650/10000 | Train Loss: 1.092e-01 | Dynamic Loss: 1.091e-01 | Regularization Loss: 4.408e-05 | Val Loss: 1.427e-01 | Time: 5.56s
2025-08-18 19:05:00,611:INFO:New best model found at epoch 1650 with validation loss 1.427e-01. Saving...
2025-08-18 19:05:08,248:INFO:Epoch: 1700/10000 | Train Loss: 1.054e-01 | Dynamic Loss: 1.054e-01 | Regularization Loss: 4.368e-05 | Val Loss: 1.381e-01 | Time: 7.63s
2025-08-18 19:05:08,248:INFO:New best model found at epoch 1700 with validation loss 1.381e-01. Saving...
2025-08-18 19:05:13,874:INFO:Epoch: 1750/10000 | Train Loss: 1.007e-01 | Dynamic Loss: 1.006e-01 | Regularization Loss: 4.249e-05 | Val Loss: 1.358e-01 | Time: 5.62s
2025-08-18 19:05:13,874:INFO:New best model found at epoch 1750 with validation loss 1.358e-01. Saving...
2025-08-18 19:05:19,481:INFO:Epoch: 1800/10000 | Train Loss: 9.989e-02 | Dynamic Loss: 9.985e-02 | Regularization Loss: 4.260e-05 | Val Loss: 1.339e-01 | Time: 5.60s
2025-08-18 19:05:19,481:INFO:New best model found at epoch 1800 with validation loss 1.339e-01. Saving...
2025-08-18 19:05:24,936:INFO:Epoch: 1850/10000 | Train Loss: 9.538e-02 | Dynamic Loss: 9.534e-02 | Regularization Loss: 4.141e-05 | Val Loss: 1.313e-01 | Time: 5.45s
2025-08-18 19:05:24,936:INFO:New best model found at epoch 1850 with validation loss 1.313e-01. Saving...
2025-08-18 19:05:30,425:INFO:Epoch: 1900/10000 | Train Loss: 9.656e-02 | Dynamic Loss: 9.651e-02 | Regularization Loss: 4.174e-05 | Val Loss: 1.314e-01 | Time: 5.48s
2025-08-18 19:05:36,085:INFO:Epoch: 1950/10000 | Train Loss: 9.108e-02 | Dynamic Loss: 9.104e-02 | Regularization Loss: 4.154e-05 | Val Loss: 1.280e-01 | Time: 5.66s
2025-08-18 19:05:36,085:INFO:New best model found at epoch 1950 with validation loss 1.280e-01. Saving...
2025-08-18 19:05:41,664:INFO:Epoch: 2000/10000 | Train Loss: 8.833e-02 | Dynamic Loss: 8.829e-02 | Regularization Loss: 4.062e-05 | Val Loss: 1.260e-01 | Time: 5.57s
2025-08-18 19:05:41,664:INFO:New best model found at epoch 2000 with validation loss 1.260e-01. Saving...
2025-08-18 19:05:47,173:INFO:Epoch: 2050/10000 | Train Loss: 8.765e-02 | Dynamic Loss: 8.760e-02 | Regularization Loss: 4.068e-05 | Val Loss: 1.243e-01 | Time: 5.50s
2025-08-18 19:05:47,174:INFO:New best model found at epoch 2050 with validation loss 1.243e-01. Saving...
2025-08-18 19:05:57,262:INFO:Epoch: 2100/10000 | Train Loss: 8.526e-02 | Dynamic Loss: 8.522e-02 | Regularization Loss: 4.074e-05 | Val Loss: 1.233e-01 | Time: 10.08s
2025-08-18 19:05:57,262:INFO:New best model found at epoch 2100 with validation loss 1.233e-01. Saving...
2025-08-18 19:06:02,815:INFO:Epoch: 2150/10000 | Train Loss: 8.475e-02 | Dynamic Loss: 8.471e-02 | Regularization Loss: 3.983e-05 | Val Loss: 1.219e-01 | Time: 5.54s
2025-08-18 19:06:02,815:INFO:New best model found at epoch 2150 with validation loss 1.219e-01. Saving...
2025-08-18 19:06:08,323:INFO:Epoch: 2200/10000 | Train Loss: 8.175e-02 | Dynamic Loss: 8.171e-02 | Regularization Loss: 3.916e-05 | Val Loss: 1.199e-01 | Time: 5.50s
2025-08-18 19:06:08,323:INFO:New best model found at epoch 2200 with validation loss 1.199e-01. Saving...
2025-08-18 19:06:18,738:INFO:Epoch: 2250/10000 | Train Loss: 7.954e-02 | Dynamic Loss: 7.950e-02 | Regularization Loss: 3.897e-05 | Val Loss: 1.191e-01 | Time: 10.41s
2025-08-18 19:06:18,738:INFO:New best model found at epoch 2250 with validation loss 1.191e-01. Saving...
2025-08-18 19:06:24,332:INFO:Epoch: 2300/10000 | Train Loss: 8.035e-02 | Dynamic Loss: 8.031e-02 | Regularization Loss: 3.914e-05 | Val Loss: 1.187e-01 | Time: 5.59s
2025-08-18 19:06:24,332:INFO:New best model found at epoch 2300 with validation loss 1.187e-01. Saving...
2025-08-18 19:06:29,861:INFO:Epoch: 2350/10000 | Train Loss: 7.768e-02 | Dynamic Loss: 7.765e-02 | Regularization Loss: 3.856e-05 | Val Loss: 1.177e-01 | Time: 5.52s
2025-08-18 19:06:29,861:INFO:New best model found at epoch 2350 with validation loss 1.177e-01. Saving...
2025-08-18 19:06:40,316:INFO:Epoch: 2400/10000 | Train Loss: 7.598e-02 | Dynamic Loss: 7.594e-02 | Regularization Loss: 3.783e-05 | Val Loss: 1.165e-01 | Time: 10.44s
2025-08-18 19:06:40,316:INFO:New best model found at epoch 2400 with validation loss 1.165e-01. Saving...
2025-08-18 19:06:45,918:INFO:Epoch: 2450/10000 | Train Loss: 7.607e-02 | Dynamic Loss: 7.603e-02 | Regularization Loss: 3.764e-05 | Val Loss: 1.176e-01 | Time: 5.59s
2025-08-18 19:06:51,448:INFO:Epoch: 2500/10000 | Train Loss: 7.692e-02 | Dynamic Loss: 7.688e-02 | Regularization Loss: 3.740e-05 | Val Loss: 1.173e-01 | Time: 5.53s
2025-08-18 19:06:56,995:INFO:Epoch: 2550/10000 | Train Loss: 7.981e-02 | Dynamic Loss: 7.978e-02 | Regularization Loss: 3.726e-05 | Val Loss: 1.201e-01 | Time: 5.55s
2025-08-18 19:07:02,497:INFO:Epoch: 2600/10000 | Train Loss: 7.335e-02 | Dynamic Loss: 7.331e-02 | Regularization Loss: 3.713e-05 | Val Loss: 1.165e-01 | Time: 5.50s
2025-08-18 19:07:08,077:INFO:Epoch: 2650/10000 | Train Loss: 8.546e-02 | Dynamic Loss: 8.542e-02 | Regularization Loss: 3.643e-05 | Val Loss: 1.236e-01 | Time: 5.58s
2025-08-18 19:07:13,702:INFO:Epoch: 2700/10000 | Train Loss: 7.306e-02 | Dynamic Loss: 7.303e-02 | Regularization Loss: 3.617e-05 | Val Loss: 1.174e-01 | Time: 5.63s
2025-08-18 19:07:49,138:INFO:Created DataLoaders with 5994 training samples and 1998 validation samples.
2025-08-18 19:07:49,699:INFO:model params: 526849
2025-08-18 19:07:50,437:INFO:Epoch: 0/10000 | Train Loss: 3.174e+00 | Dynamic Loss: 3.165e+00 | Regularization Loss: 8.647e-03 | Val Loss: 2.207e+00 | Time: 0.74s
2025-08-18 19:07:50,438:INFO:New best model found at epoch 0 with validation loss 2.207e+00. Saving...
2025-08-18 19:07:55,556:INFO:Epoch: 50/10000 | Train Loss: 1.652e+00 | Dynamic Loss: 1.651e+00 | Regularization Loss: 7.537e-05 | Val Loss: 1.682e+00 | Time: 5.10s
2025-08-18 19:07:55,556:INFO:New best model found at epoch 50 with validation loss 1.682e+00. Saving...
2025-08-18 19:08:00,557:INFO:Epoch: 100/10000 | Train Loss: 1.494e+00 | Dynamic Loss: 1.494e+00 | Regularization Loss: 3.065e-05 | Val Loss: 1.521e+00 | Time: 4.99s
2025-08-18 19:08:00,557:INFO:New best model found at epoch 100 with validation loss 1.521e+00. Saving...
2025-08-18 19:08:05,595:INFO:Epoch: 150/10000 | Train Loss: 1.361e+00 | Dynamic Loss: 1.361e+00 | Regularization Loss: 1.722e-05 | Val Loss: 1.400e+00 | Time: 5.03s
2025-08-18 19:08:05,595:INFO:New best model found at epoch 150 with validation loss 1.400e+00. Saving...
2025-08-18 19:08:13,383:INFO:Epoch: 200/10000 | Train Loss: 1.255e+00 | Dynamic Loss: 1.255e+00 | Regularization Loss: 1.123e-05 | Val Loss: 1.300e+00 | Time: 7.78s
2025-08-18 19:08:13,383:INFO:New best model found at epoch 200 with validation loss 1.300e+00. Saving...
2025-08-18 19:08:18,534:INFO:Epoch: 250/10000 | Train Loss: 1.189e+00 | Dynamic Loss: 1.189e+00 | Regularization Loss: 7.970e-06 | Val Loss: 1.234e+00 | Time: 5.14s
2025-08-18 19:08:18,535:INFO:New best model found at epoch 250 with validation loss 1.234e+00. Saving...
2025-08-18 19:08:23,823:INFO:Epoch: 300/10000 | Train Loss: 1.130e+00 | Dynamic Loss: 1.130e+00 | Regularization Loss: 5.984e-06 | Val Loss: 1.171e+00 | Time: 5.28s
2025-08-18 19:08:23,823:INFO:New best model found at epoch 300 with validation loss 1.171e+00. Saving...
2025-08-18 19:08:29,003:INFO:Epoch: 350/10000 | Train Loss: 1.052e+00 | Dynamic Loss: 1.052e+00 | Regularization Loss: 4.714e-06 | Val Loss: 1.115e+00 | Time: 5.17s
2025-08-18 19:08:29,003:INFO:New best model found at epoch 350 with validation loss 1.115e+00. Saving...
2025-08-18 19:08:34,342:INFO:Epoch: 400/10000 | Train Loss: 1.073e+00 | Dynamic Loss: 1.073e+00 | Regularization Loss: 3.837e-06 | Val Loss: 1.051e+00 | Time: 5.33s
2025-08-18 19:08:34,342:INFO:New best model found at epoch 400 with validation loss 1.051e+00. Saving...
2025-08-18 19:08:39,638:INFO:Epoch: 450/10000 | Train Loss: 8.804e-01 | Dynamic Loss: 8.804e-01 | Regularization Loss: 3.246e-06 | Val Loss: 9.627e-01 | Time: 5.29s
2025-08-18 19:08:39,638:INFO:New best model found at epoch 450 with validation loss 9.627e-01. Saving...
2025-08-18 19:08:44,802:INFO:Epoch: 500/10000 | Train Loss: 8.289e-01 | Dynamic Loss: 8.289e-01 | Regularization Loss: 2.821e-06 | Val Loss: 9.084e-01 | Time: 5.15s
2025-08-18 19:08:44,802:INFO:New best model found at epoch 500 with validation loss 9.084e-01. Saving...
2025-08-18 19:08:56,248:INFO:Epoch: 550/10000 | Train Loss: 7.811e-01 | Dynamic Loss: 7.811e-01 | Regularization Loss: 2.491e-06 | Val Loss: 8.635e-01 | Time: 11.44s
2025-08-18 19:08:56,248:INFO:New best model found at epoch 550 with validation loss 8.635e-01. Saving...
2025-08-18 19:09:01,585:INFO:Epoch: 600/10000 | Train Loss: 7.409e-01 | Dynamic Loss: 7.409e-01 | Regularization Loss: 2.264e-06 | Val Loss: 8.234e-01 | Time: 5.33s
2025-08-18 19:09:01,585:INFO:New best model found at epoch 600 with validation loss 8.234e-01. Saving...
2025-08-18 19:09:06,870:INFO:Epoch: 650/10000 | Train Loss: 7.032e-01 | Dynamic Loss: 7.032e-01 | Regularization Loss: 2.083e-06 | Val Loss: 7.954e-01 | Time: 5.27s
2025-08-18 19:09:06,870:INFO:New best model found at epoch 650 with validation loss 7.954e-01. Saving...
2025-08-18 19:09:12,070:INFO:Epoch: 700/10000 | Train Loss: 6.767e-01 | Dynamic Loss: 6.767e-01 | Regularization Loss: 2.001e-06 | Val Loss: 7.555e-01 | Time: 5.19s
2025-08-18 19:09:12,070:INFO:New best model found at epoch 700 with validation loss 7.555e-01. Saving...
2025-08-18 19:09:17,267:INFO:Epoch: 750/10000 | Train Loss: 6.350e-01 | Dynamic Loss: 6.350e-01 | Regularization Loss: 1.983e-06 | Val Loss: 7.214e-01 | Time: 5.19s
2025-08-18 19:09:17,267:INFO:New best model found at epoch 750 with validation loss 7.214e-01. Saving...
2025-08-18 19:09:27,223:INFO:Epoch: 800/10000 | Train Loss: 5.982e-01 | Dynamic Loss: 5.982e-01 | Regularization Loss: 2.034e-06 | Val Loss: 6.909e-01 | Time: 9.95s
2025-08-18 19:09:27,223:INFO:New best model found at epoch 800 with validation loss 6.909e-01. Saving...
2025-08-18 19:09:32,433:INFO:Epoch: 850/10000 | Train Loss: 5.681e-01 | Dynamic Loss: 5.681e-01 | Regularization Loss: 2.235e-06 | Val Loss: 6.652e-01 | Time: 5.20s
2025-08-18 19:09:32,433:INFO:New best model found at epoch 850 with validation loss 6.652e-01. Saving...
2025-08-18 19:09:37,763:INFO:Epoch: 900/10000 | Train Loss: 5.415e-01 | Dynamic Loss: 5.415e-01 | Regularization Loss: 2.483e-06 | Val Loss: 6.417e-01 | Time: 5.32s
2025-08-18 19:09:37,763:INFO:New best model found at epoch 900 with validation loss 6.417e-01. Saving...
2025-08-18 19:09:43,033:INFO:Epoch: 950/10000 | Train Loss: 5.389e-01 | Dynamic Loss: 5.389e-01 | Regularization Loss: 2.607e-06 | Val Loss: 6.668e-01 | Time: 5.26s
2025-08-18 19:09:48,331:INFO:Epoch: 1000/10000 | Train Loss: 5.099e-01 | Dynamic Loss: 5.099e-01 | Regularization Loss: 2.955e-06 | Val Loss: 6.123e-01 | Time: 5.30s
2025-08-18 19:09:48,331:INFO:New best model found at epoch 1000 with validation loss 6.123e-01. Saving...
2025-08-18 19:09:56,551:INFO:Epoch: 1050/10000 | Train Loss: 4.864e-01 | Dynamic Loss: 4.864e-01 | Regularization Loss: 3.626e-06 | Val Loss: 5.924e-01 | Time: 8.21s
2025-08-18 19:09:56,551:INFO:New best model found at epoch 1050 with validation loss 5.924e-01. Saving...
2025-08-18 19:10:01,756:INFO:Epoch: 1100/10000 | Train Loss: 4.832e-01 | Dynamic Loss: 4.832e-01 | Regularization Loss: 4.153e-06 | Val Loss: 5.850e-01 | Time: 5.20s
2025-08-18 19:10:01,756:INFO:New best model found at epoch 1100 with validation loss 5.850e-01. Saving...
2025-08-18 19:10:07,092:INFO:Epoch: 1150/10000 | Train Loss: 4.563e-01 | Dynamic Loss: 4.563e-01 | Regularization Loss: 4.166e-06 | Val Loss: 5.672e-01 | Time: 5.33s
2025-08-18 19:10:07,092:INFO:New best model found at epoch 1150 with validation loss 5.672e-01. Saving...
2025-08-18 19:10:12,352:INFO:Epoch: 1200/10000 | Train Loss: 4.658e-01 | Dynamic Loss: 4.658e-01 | Regularization Loss: 4.548e-06 | Val Loss: 5.586e-01 | Time: 5.25s
2025-08-18 19:10:12,352:INFO:New best model found at epoch 1200 with validation loss 5.586e-01. Saving...
2025-08-18 19:10:17,813:INFO:Epoch: 1250/10000 | Train Loss: 4.263e-01 | Dynamic Loss: 4.263e-01 | Regularization Loss: 4.692e-06 | Val Loss: 5.362e-01 | Time: 5.45s
2025-08-18 19:10:17,813:INFO:New best model found at epoch 1250 with validation loss 5.362e-01. Saving...
2025-08-18 19:10:23,055:INFO:Epoch: 1300/10000 | Train Loss: 4.111e-01 | Dynamic Loss: 4.111e-01 | Regularization Loss: 5.035e-06 | Val Loss: 5.215e-01 | Time: 5.23s
2025-08-18 19:10:23,056:INFO:New best model found at epoch 1300 with validation loss 5.215e-01. Saving...
2025-08-18 19:10:28,326:INFO:Epoch: 1350/10000 | Train Loss: 4.169e-01 | Dynamic Loss: 4.169e-01 | Regularization Loss: 5.474e-06 | Val Loss: 5.289e-01 | Time: 5.26s
2025-08-18 19:10:37,365:INFO:Epoch: 1400/10000 | Train Loss: 3.842e-01 | Dynamic Loss: 3.842e-01 | Regularization Loss: 5.687e-06 | Val Loss: 5.046e-01 | Time: 9.04s
2025-08-18 19:10:37,365:INFO:New best model found at epoch 1400 with validation loss 5.046e-01. Saving...
2025-08-18 19:10:42,683:INFO:Epoch: 1450/10000 | Train Loss: 3.553e-01 | Dynamic Loss: 3.553e-01 | Regularization Loss: 6.217e-06 | Val Loss: 4.781e-01 | Time: 5.31s
2025-08-18 19:10:42,683:INFO:New best model found at epoch 1450 with validation loss 4.781e-01. Saving...
2025-08-18 19:10:47,965:INFO:Epoch: 1500/10000 | Train Loss: 3.470e-01 | Dynamic Loss: 3.470e-01 | Regularization Loss: 6.860e-06 | Val Loss: 4.599e-01 | Time: 5.27s
2025-08-18 19:10:47,965:INFO:New best model found at epoch 1500 with validation loss 4.599e-01. Saving...
2025-08-18 19:10:53,268:INFO:Epoch: 1550/10000 | Train Loss: 3.283e-01 | Dynamic Loss: 3.283e-01 | Regularization Loss: 7.040e-06 | Val Loss: 4.401e-01 | Time: 5.29s
2025-08-18 19:10:53,268:INFO:New best model found at epoch 1550 with validation loss 4.401e-01. Saving...
2025-08-18 19:10:58,514:INFO:Epoch: 1600/10000 | Train Loss: 3.266e-01 | Dynamic Loss: 3.266e-01 | Regularization Loss: 7.799e-06 | Val Loss: 4.608e-01 | Time: 5.24s
2025-08-18 19:11:07,840:INFO:Epoch: 1650/10000 | Train Loss: 2.924e-01 | Dynamic Loss: 2.924e-01 | Regularization Loss: 8.144e-06 | Val Loss: 4.047e-01 | Time: 9.33s
2025-08-18 19:11:07,840:INFO:New best model found at epoch 1650 with validation loss 4.047e-01. Saving...
2025-08-18 19:11:13,090:INFO:Epoch: 1700/10000 | Train Loss: 2.847e-01 | Dynamic Loss: 2.847e-01 | Regularization Loss: 8.867e-06 | Val Loss: 4.023e-01 | Time: 5.24s
2025-08-18 19:11:13,090:INFO:New best model found at epoch 1700 with validation loss 4.023e-01. Saving...
2025-08-18 19:11:18,431:INFO:Epoch: 1750/10000 | Train Loss: 2.683e-01 | Dynamic Loss: 2.683e-01 | Regularization Loss: 8.570e-06 | Val Loss: 3.901e-01 | Time: 5.33s
2025-08-18 19:11:18,431:INFO:New best model found at epoch 1750 with validation loss 3.901e-01. Saving...
2025-08-18 19:11:23,647:INFO:Epoch: 1800/10000 | Train Loss: 2.683e-01 | Dynamic Loss: 2.683e-01 | Regularization Loss: 8.778e-06 | Val Loss: 3.962e-01 | Time: 5.21s
2025-08-18 19:11:28,941:INFO:Epoch: 1850/10000 | Train Loss: 2.457e-01 | Dynamic Loss: 2.456e-01 | Regularization Loss: 8.890e-06 | Val Loss: 3.707e-01 | Time: 5.29s
2025-08-18 19:11:28,941:INFO:New best model found at epoch 1850 with validation loss 3.707e-01. Saving...
2025-08-18 19:11:34,239:INFO:Epoch: 1900/10000 | Train Loss: 2.522e-01 | Dynamic Loss: 2.522e-01 | Regularization Loss: 9.067e-06 | Val Loss: 3.714e-01 | Time: 5.29s
2025-08-18 19:11:39,484:INFO:Epoch: 1950/10000 | Train Loss: 2.496e-01 | Dynamic Loss: 2.496e-01 | Regularization Loss: 9.080e-06 | Val Loss: 3.718e-01 | Time: 5.24s
2025-08-18 19:11:50,051:INFO:Epoch: 2000/10000 | Train Loss: 2.289e-01 | Dynamic Loss: 2.289e-01 | Regularization Loss: 8.804e-06 | Val Loss: 3.580e-01 | Time: 10.57s
2025-08-18 19:11:50,051:INFO:New best model found at epoch 2000 with validation loss 3.580e-01. Saving...
2025-08-18 19:11:55,371:INFO:Epoch: 2050/10000 | Train Loss: 2.308e-01 | Dynamic Loss: 2.308e-01 | Regularization Loss: 8.963e-06 | Val Loss: 3.449e-01 | Time: 5.31s
2025-08-18 19:11:55,371:INFO:New best model found at epoch 2050 with validation loss 3.449e-01. Saving...
2025-08-18 19:12:00,714:INFO:Epoch: 2100/10000 | Train Loss: 2.390e-01 | Dynamic Loss: 2.390e-01 | Regularization Loss: 8.782e-06 | Val Loss: 3.939e-01 | Time: 5.33s
2025-08-18 19:12:05,938:INFO:Epoch: 2150/10000 | Train Loss: 2.156e-01 | Dynamic Loss: 2.156e-01 | Regularization Loss: 9.495e-06 | Val Loss: 3.426e-01 | Time: 5.22s
2025-08-18 19:12:05,938:INFO:New best model found at epoch 2150 with validation loss 3.426e-01. Saving...
2025-08-18 19:12:11,227:INFO:Epoch: 2200/10000 | Train Loss: 2.066e-01 | Dynamic Loss: 2.066e-01 | Regularization Loss: 8.870e-06 | Val Loss: 3.276e-01 | Time: 5.28s
2025-08-18 19:12:11,227:INFO:New best model found at epoch 2200 with validation loss 3.276e-01. Saving...
2025-08-18 19:12:21,721:INFO:Epoch: 2250/10000 | Train Loss: 2.154e-01 | Dynamic Loss: 2.154e-01 | Regularization Loss: 8.887e-06 | Val Loss: 3.401e-01 | Time: 10.49s
2025-08-18 19:12:27,049:INFO:Epoch: 2300/10000 | Train Loss: 2.056e-01 | Dynamic Loss: 2.056e-01 | Regularization Loss: 9.244e-06 | Val Loss: 3.249e-01 | Time: 5.33s
2025-08-18 19:12:27,049:INFO:New best model found at epoch 2300 with validation loss 3.249e-01. Saving...
2025-08-18 19:12:32,468:INFO:Epoch: 2350/10000 | Train Loss: 2.169e-01 | Dynamic Loss: 2.168e-01 | Regularization Loss: 9.741e-06 | Val Loss: 3.283e-01 | Time: 5.41s
2025-08-18 19:12:37,833:INFO:Epoch: 2400/10000 | Train Loss: 2.134e-01 | Dynamic Loss: 2.134e-01 | Regularization Loss: 1.026e-05 | Val Loss: 3.444e-01 | Time: 5.36s
2025-08-18 19:12:43,166:INFO:Epoch: 2450/10000 | Train Loss: 1.890e-01 | Dynamic Loss: 1.890e-01 | Regularization Loss: 9.394e-06 | Val Loss: 3.112e-01 | Time: 5.33s
2025-08-18 19:12:43,166:INFO:New best model found at epoch 2450 with validation loss 3.112e-01. Saving...
2025-08-18 19:12:54,073:INFO:Epoch: 2500/10000 | Train Loss: 1.851e-01 | Dynamic Loss: 1.851e-01 | Regularization Loss: 9.031e-06 | Val Loss: 3.130e-01 | Time: 10.90s
2025-08-18 19:12:59,390:INFO:Epoch: 2550/10000 | Train Loss: 1.761e-01 | Dynamic Loss: 1.761e-01 | Regularization Loss: 9.396e-06 | Val Loss: 3.065e-01 | Time: 5.32s
2025-08-18 19:12:59,390:INFO:New best model found at epoch 2550 with validation loss 3.065e-01. Saving...
2025-08-18 19:13:04,748:INFO:Epoch: 2600/10000 | Train Loss: 1.770e-01 | Dynamic Loss: 1.770e-01 | Regularization Loss: 9.143e-06 | Val Loss: 2.984e-01 | Time: 5.35s
2025-08-18 19:13:04,749:INFO:New best model found at epoch 2600 with validation loss 2.984e-01. Saving...
2025-08-18 19:13:10,055:INFO:Epoch: 2650/10000 | Train Loss: 1.770e-01 | Dynamic Loss: 1.769e-01 | Regularization Loss: 9.362e-06 | Val Loss: 3.104e-01 | Time: 5.30s
2025-08-18 19:13:15,459:INFO:Epoch: 2700/10000 | Train Loss: 1.858e-01 | Dynamic Loss: 1.858e-01 | Regularization Loss: 9.257e-06 | Val Loss: 3.050e-01 | Time: 5.40s
2025-08-18 19:13:20,732:INFO:Epoch: 2750/10000 | Train Loss: 1.706e-01 | Dynamic Loss: 1.706e-01 | Regularization Loss: 8.836e-06 | Val Loss: 2.935e-01 | Time: 5.27s
2025-08-18 19:13:20,732:INFO:New best model found at epoch 2750 with validation loss 2.935e-01. Saving...
2025-08-18 19:13:26,007:INFO:Epoch: 2800/10000 | Train Loss: 1.660e-01 | Dynamic Loss: 1.660e-01 | Regularization Loss: 9.083e-06 | Val Loss: 2.878e-01 | Time: 5.27s
2025-08-18 19:13:26,008:INFO:New best model found at epoch 2800 with validation loss 2.878e-01. Saving...
2025-08-18 19:13:36,716:INFO:Epoch: 2850/10000 | Train Loss: 1.551e-01 | Dynamic Loss: 1.551e-01 | Regularization Loss: 8.238e-06 | Val Loss: 2.852e-01 | Time: 10.70s
2025-08-18 19:13:36,716:INFO:New best model found at epoch 2850 with validation loss 2.852e-01. Saving...
2025-08-18 19:13:42,034:INFO:Epoch: 2900/10000 | Train Loss: 1.510e-01 | Dynamic Loss: 1.510e-01 | Regularization Loss: 8.447e-06 | Val Loss: 2.818e-01 | Time: 5.31s
2025-08-18 19:13:42,034:INFO:New best model found at epoch 2900 with validation loss 2.818e-01. Saving...
2025-08-18 19:13:47,392:INFO:Epoch: 2950/10000 | Train Loss: 1.590e-01 | Dynamic Loss: 1.590e-01 | Regularization Loss: 7.900e-06 | Val Loss: 2.816e-01 | Time: 5.35s
2025-08-18 19:13:47,392:INFO:New best model found at epoch 2950 with validation loss 2.816e-01. Saving...
2025-08-18 19:13:52,768:INFO:Epoch: 3000/10000 | Train Loss: 1.750e-01 | Dynamic Loss: 1.750e-01 | Regularization Loss: 7.717e-06 | Val Loss: 2.886e-01 | Time: 5.37s
2025-08-18 19:13:58,051:INFO:Epoch: 3050/10000 | Train Loss: 1.445e-01 | Dynamic Loss: 1.445e-01 | Regularization Loss: 7.696e-06 | Val Loss: 2.693e-01 | Time: 5.28s
2025-08-18 19:13:58,051:INFO:New best model found at epoch 3050 with validation loss 2.693e-01. Saving...
2025-08-18 19:14:10,000:INFO:Epoch: 3100/10000 | Train Loss: 1.847e-01 | Dynamic Loss: 1.847e-01 | Regularization Loss: 7.630e-06 | Val Loss: 2.745e-01 | Time: 11.94s
2025-08-18 19:14:15,282:INFO:Epoch: 3150/10000 | Train Loss: 1.600e-01 | Dynamic Loss: 1.600e-01 | Regularization Loss: 7.040e-06 | Val Loss: 2.872e-01 | Time: 5.28s
2025-08-18 19:14:20,565:INFO:Epoch: 3200/10000 | Train Loss: 1.360e-01 | Dynamic Loss: 1.360e-01 | Regularization Loss: 6.977e-06 | Val Loss: 2.645e-01 | Time: 5.28s
2025-08-18 19:14:20,565:INFO:New best model found at epoch 3200 with validation loss 2.645e-01. Saving...
2025-08-18 19:14:25,898:INFO:Epoch: 3250/10000 | Train Loss: 1.533e-01 | Dynamic Loss: 1.533e-01 | Regularization Loss: 6.937e-06 | Val Loss: 2.712e-01 | Time: 5.32s
2025-08-18 19:14:31,340:INFO:Epoch: 3300/10000 | Train Loss: 1.325e-01 | Dynamic Loss: 1.325e-01 | Regularization Loss: 6.503e-06 | Val Loss: 2.618e-01 | Time: 5.44s
2025-08-18 19:14:31,340:INFO:New best model found at epoch 3300 with validation loss 2.618e-01. Saving...
2025-08-18 19:14:36,767:INFO:Epoch: 3350/10000 | Train Loss: 1.285e-01 | Dynamic Loss: 1.285e-01 | Regularization Loss: 5.885e-06 | Val Loss: 2.578e-01 | Time: 5.42s
2025-08-18 19:14:36,767:INFO:New best model found at epoch 3350 with validation loss 2.578e-01. Saving...
2025-08-18 19:14:42,023:INFO:Epoch: 3400/10000 | Train Loss: 1.312e-01 | Dynamic Loss: 1.312e-01 | Regularization Loss: 5.855e-06 | Val Loss: 2.611e-01 | Time: 5.25s
2025-08-18 19:14:51,796:INFO:Epoch: 3450/10000 | Train Loss: 1.240e-01 | Dynamic Loss: 1.240e-01 | Regularization Loss: 4.850e-06 | Val Loss: 2.567e-01 | Time: 9.77s
2025-08-18 19:14:51,797:INFO:New best model found at epoch 3450 with validation loss 2.567e-01. Saving...
2025-08-18 19:14:57,243:INFO:Epoch: 3500/10000 | Train Loss: 1.284e-01 | Dynamic Loss: 1.284e-01 | Regularization Loss: 4.895e-06 | Val Loss: 2.588e-01 | Time: 5.44s
2025-08-18 19:15:02,572:INFO:Epoch: 3550/10000 | Train Loss: 1.212e-01 | Dynamic Loss: 1.212e-01 | Regularization Loss: 4.727e-06 | Val Loss: 2.473e-01 | Time: 5.33s
2025-08-18 19:15:02,572:INFO:New best model found at epoch 3550 with validation loss 2.473e-01. Saving...
2025-08-18 19:15:07,871:INFO:Epoch: 3600/10000 | Train Loss: 1.259e-01 | Dynamic Loss: 1.259e-01 | Regularization Loss: 4.395e-06 | Val Loss: 2.501e-01 | Time: 5.29s
2025-08-18 19:15:13,280:INFO:Epoch: 3650/10000 | Train Loss: 1.273e-01 | Dynamic Loss: 1.273e-01 | Regularization Loss: 4.379e-06 | Val Loss: 2.682e-01 | Time: 5.41s
2025-08-18 19:15:18,554:INFO:Epoch: 3700/10000 | Train Loss: 1.223e-01 | Dynamic Loss: 1.223e-01 | Regularization Loss: 3.241e-06 | Val Loss: 2.482e-01 | Time: 5.27s
2025-08-18 19:15:23,857:INFO:Epoch: 3750/10000 | Train Loss: 1.072e-01 | Dynamic Loss: 1.072e-01 | Regularization Loss: 3.779e-06 | Val Loss: 2.414e-01 | Time: 5.30s
2025-08-18 19:15:23,858:INFO:New best model found at epoch 3750 with validation loss 2.414e-01. Saving...
2025-08-18 19:15:34,169:INFO:Epoch: 3800/10000 | Train Loss: 1.125e-01 | Dynamic Loss: 1.125e-01 | Regularization Loss: 3.511e-06 | Val Loss: 2.460e-01 | Time: 10.30s
2025-08-18 19:15:39,496:INFO:Epoch: 3850/10000 | Train Loss: 1.150e-01 | Dynamic Loss: 1.150e-01 | Regularization Loss: 2.659e-06 | Val Loss: 2.434e-01 | Time: 5.33s
2025-08-18 19:15:44,904:INFO:Epoch: 3900/10000 | Train Loss: 1.017e-01 | Dynamic Loss: 1.017e-01 | Regularization Loss: 3.542e-06 | Val Loss: 2.365e-01 | Time: 5.41s
2025-08-18 19:15:44,904:INFO:New best model found at epoch 3900 with validation loss 2.365e-01. Saving...
2025-08-18 19:15:50,361:INFO:Epoch: 3950/10000 | Train Loss: 1.036e-01 | Dynamic Loss: 1.036e-01 | Regularization Loss: 3.316e-06 | Val Loss: 2.364e-01 | Time: 5.45s
2025-08-18 19:15:50,361:INFO:New best model found at epoch 3950 with validation loss 2.364e-01. Saving...
2025-08-18 19:15:55,835:INFO:Epoch: 4000/10000 | Train Loss: 1.135e-01 | Dynamic Loss: 1.135e-01 | Regularization Loss: 3.205e-06 | Val Loss: 2.376e-01 | Time: 5.46s
2025-08-18 19:16:01,155:INFO:Epoch: 4050/10000 | Train Loss: 1.014e-01 | Dynamic Loss: 1.014e-01 | Regularization Loss: 3.036e-06 | Val Loss: 2.318e-01 | Time: 5.32s
2025-08-18 19:16:01,155:INFO:New best model found at epoch 4050 with validation loss 2.318e-01. Saving...
2025-08-18 19:16:06,636:INFO:Epoch: 4100/10000 | Train Loss: 1.034e-01 | Dynamic Loss: 1.034e-01 | Regularization Loss: 2.946e-06 | Val Loss: 2.408e-01 | Time: 5.47s
2025-08-18 19:16:15,150:INFO:Epoch: 4150/10000 | Train Loss: 1.024e-01 | Dynamic Loss: 1.024e-01 | Regularization Loss: 2.829e-06 | Val Loss: 2.480e-01 | Time: 8.51s
2025-08-18 19:16:20,362:INFO:Epoch: 4200/10000 | Train Loss: 1.012e-01 | Dynamic Loss: 1.012e-01 | Regularization Loss: 2.647e-06 | Val Loss: 2.369e-01 | Time: 5.21s
2025-08-18 19:16:25,718:INFO:Epoch: 4250/10000 | Train Loss: 9.528e-02 | Dynamic Loss: 9.528e-02 | Regularization Loss: 2.616e-06 | Val Loss: 2.330e-01 | Time: 5.36s
2025-08-18 19:16:30,987:INFO:Epoch: 4300/10000 | Train Loss: 8.666e-02 | Dynamic Loss: 8.665e-02 | Regularization Loss: 2.516e-06 | Val Loss: 2.261e-01 | Time: 5.27s
2025-08-18 19:16:30,987:INFO:New best model found at epoch 4300 with validation loss 2.261e-01. Saving...
2025-08-18 19:16:36,278:INFO:Epoch: 4350/10000 | Train Loss: 8.462e-02 | Dynamic Loss: 8.462e-02 | Regularization Loss: 2.407e-06 | Val Loss: 2.254e-01 | Time: 5.28s
2025-08-18 19:16:36,278:INFO:New best model found at epoch 4350 with validation loss 2.254e-01. Saving...
2025-08-18 19:16:47,441:INFO:Epoch: 4400/10000 | Train Loss: 1.428e-01 | Dynamic Loss: 1.428e-01 | Regularization Loss: 9.471e-07 | Val Loss: 2.717e-01 | Time: 11.15s
2025-08-18 19:16:52,845:INFO:Epoch: 4450/10000 | Train Loss: 8.278e-02 | Dynamic Loss: 8.278e-02 | Regularization Loss: 2.253e-06 | Val Loss: 2.235e-01 | Time: 5.40s
2025-08-18 19:16:52,845:INFO:New best model found at epoch 4450 with validation loss 2.235e-01. Saving...
2025-08-18 19:16:58,206:INFO:Epoch: 4500/10000 | Train Loss: 1.112e-01 | Dynamic Loss: 1.112e-01 | Regularization Loss: 1.365e-06 | Val Loss: 2.492e-01 | Time: 5.35s
2025-08-18 19:17:03,539:INFO:Epoch: 4550/10000 | Train Loss: 7.631e-02 | Dynamic Loss: 7.631e-02 | Regularization Loss: 1.958e-06 | Val Loss: 2.172e-01 | Time: 5.33s
2025-08-18 19:17:03,539:INFO:New best model found at epoch 4550 with validation loss 2.172e-01. Saving...
2025-08-18 19:17:08,971:INFO:Epoch: 4600/10000 | Train Loss: 9.537e-02 | Dynamic Loss: 9.537e-02 | Regularization Loss: 1.627e-06 | Val Loss: 2.276e-01 | Time: 5.42s
2025-08-18 19:17:14,343:INFO:Epoch: 4650/10000 | Train Loss: 9.357e-02 | Dynamic Loss: 9.356e-02 | Regularization Loss: 1.767e-06 | Val Loss: 2.263e-01 | Time: 5.37s
2025-08-18 19:17:19,668:INFO:Epoch: 4700/10000 | Train Loss: 7.250e-02 | Dynamic Loss: 7.250e-02 | Regularization Loss: 1.815e-06 | Val Loss: 2.139e-01 | Time: 5.32s
2025-08-18 19:17:19,668:INFO:New best model found at epoch 4700 with validation loss 2.139e-01. Saving...
2025-08-18 19:17:29,061:INFO:Epoch: 4750/10000 | Train Loss: 9.935e-02 | Dynamic Loss: 9.935e-02 | Regularization Loss: 1.384e-06 | Val Loss: 2.332e-01 | Time: 9.38s
2025-08-18 19:17:34,479:INFO:Epoch: 4800/10000 | Train Loss: 8.174e-02 | Dynamic Loss: 8.174e-02 | Regularization Loss: 1.745e-06 | Val Loss: 2.208e-01 | Time: 5.42s
2025-08-18 19:17:39,942:INFO:Epoch: 4850/10000 | Train Loss: 7.164e-02 | Dynamic Loss: 7.164e-02 | Regularization Loss: 1.631e-06 | Val Loss: 2.152e-01 | Time: 5.46s
2025-08-18 19:17:45,272:INFO:Epoch: 4900/10000 | Train Loss: 8.111e-02 | Dynamic Loss: 8.111e-02 | Regularization Loss: 1.188e-06 | Val Loss: 2.269e-01 | Time: 5.33s
2025-08-18 19:17:50,616:INFO:Epoch: 4950/10000 | Train Loss: 7.689e-02 | Dynamic Loss: 7.689e-02 | Regularization Loss: 1.468e-06 | Val Loss: 2.175e-01 | Time: 5.34s
2025-08-18 19:17:58,059:INFO:Epoch: 5000/10000 | Train Loss: 7.424e-02 | Dynamic Loss: 7.424e-02 | Regularization Loss: 1.380e-06 | Val Loss: 2.134e-01 | Time: 7.44s
2025-08-18 19:17:58,060:INFO:New best model found at epoch 5000 with validation loss 2.134e-01. Saving...
2025-08-18 19:18:03,340:INFO:Epoch: 5050/10000 | Train Loss: 8.341e-02 | Dynamic Loss: 8.341e-02 | Regularization Loss: 1.307e-06 | Val Loss: 2.182e-01 | Time: 5.27s
2025-08-18 19:18:14,855:INFO:Epoch: 5100/10000 | Train Loss: 6.817e-02 | Dynamic Loss: 6.817e-02 | Regularization Loss: 1.305e-06 | Val Loss: 2.125e-01 | Time: 11.52s
2025-08-18 19:18:14,855:INFO:New best model found at epoch 5100 with validation loss 2.125e-01. Saving...
2025-08-18 19:18:20,282:INFO:Epoch: 5150/10000 | Train Loss: 6.422e-02 | Dynamic Loss: 6.422e-02 | Regularization Loss: 1.280e-06 | Val Loss: 2.084e-01 | Time: 5.42s
2025-08-18 19:18:20,282:INFO:New best model found at epoch 5150 with validation loss 2.084e-01. Saving...
2025-08-18 19:18:25,704:INFO:Epoch: 5200/10000 | Train Loss: 7.102e-02 | Dynamic Loss: 7.102e-02 | Regularization Loss: 1.247e-06 | Val Loss: 2.134e-01 | Time: 5.41s
2025-08-18 19:18:31,097:INFO:Epoch: 5250/10000 | Train Loss: 6.608e-02 | Dynamic Loss: 6.608e-02 | Regularization Loss: 1.175e-06 | Val Loss: 2.105e-01 | Time: 5.39s
2025-08-18 19:18:36,751:INFO:Epoch: 5300/10000 | Train Loss: 7.182e-02 | Dynamic Loss: 7.182e-02 | Regularization Loss: 1.076e-06 | Val Loss: 2.144e-01 | Time: 5.65s
2025-08-18 19:18:42,189:INFO:Epoch: 5350/10000 | Train Loss: 7.741e-02 | Dynamic Loss: 7.741e-02 | Regularization Loss: 1.027e-06 | Val Loss: 2.201e-01 | Time: 5.44s
2025-08-18 19:18:47,572:INFO:Epoch: 5400/10000 | Train Loss: 6.495e-02 | Dynamic Loss: 6.495e-02 | Regularization Loss: 1.025e-06 | Val Loss: 2.066e-01 | Time: 5.38s
2025-08-18 19:18:47,572:INFO:New best model found at epoch 5400 with validation loss 2.066e-01. Saving...
2025-08-18 19:18:57,993:INFO:Epoch: 5450/10000 | Train Loss: 5.924e-02 | Dynamic Loss: 5.924e-02 | Regularization Loss: 9.905e-07 | Val Loss: 2.025e-01 | Time: 10.41s
2025-08-18 19:18:57,994:INFO:New best model found at epoch 5450 with validation loss 2.025e-01. Saving...
2025-08-18 19:19:03,397:INFO:Epoch: 5500/10000 | Train Loss: 7.385e-02 | Dynamic Loss: 7.385e-02 | Regularization Loss: 9.015e-07 | Val Loss: 2.176e-01 | Time: 5.39s
2025-08-18 19:19:08,863:INFO:Epoch: 5550/10000 | Train Loss: 6.326e-02 | Dynamic Loss: 6.325e-02 | Regularization Loss: 1.129e-06 | Val Loss: 2.072e-01 | Time: 5.47s
2025-08-18 19:19:14,349:INFO:Epoch: 5600/10000 | Train Loss: 6.384e-02 | Dynamic Loss: 6.384e-02 | Regularization Loss: 9.297e-07 | Val Loss: 2.097e-01 | Time: 5.49s
2025-08-18 19:19:19,727:INFO:Epoch: 5650/10000 | Train Loss: 6.640e-02 | Dynamic Loss: 6.640e-02 | Regularization Loss: 9.172e-07 | Val Loss: 2.080e-01 | Time: 5.38s
2025-08-18 19:19:27,320:INFO:Epoch: 5700/10000 | Train Loss: 5.868e-02 | Dynamic Loss: 5.868e-02 | Regularization Loss: 8.622e-07 | Val Loss: 2.029e-01 | Time: 7.59s
2025-08-18 19:19:32,797:INFO:Epoch: 5750/10000 | Train Loss: 6.685e-02 | Dynamic Loss: 6.685e-02 | Regularization Loss: 8.453e-07 | Val Loss: 2.097e-01 | Time: 5.48s
2025-08-18 19:19:44,417:INFO:Epoch: 5800/10000 | Train Loss: 5.755e-02 | Dynamic Loss: 5.755e-02 | Regularization Loss: 8.548e-07 | Val Loss: 2.025e-01 | Time: 11.62s
2025-08-18 19:19:44,417:INFO:New best model found at epoch 5800 with validation loss 2.025e-01. Saving...
2025-08-18 19:19:49,858:INFO:Epoch: 5850/10000 | Train Loss: 5.755e-02 | Dynamic Loss: 5.755e-02 | Regularization Loss: 8.311e-07 | Val Loss: 2.019e-01 | Time: 5.42s
2025-08-18 19:19:49,859:INFO:New best model found at epoch 5850 with validation loss 2.019e-01. Saving...
2025-08-18 19:19:55,370:INFO:Epoch: 5900/10000 | Train Loss: 5.467e-02 | Dynamic Loss: 5.467e-02 | Regularization Loss: 8.352e-07 | Val Loss: 2.002e-01 | Time: 5.50s
2025-08-18 19:19:55,370:INFO:New best model found at epoch 5900 with validation loss 2.002e-01. Saving...
2025-08-18 19:20:00,783:INFO:Epoch: 5950/10000 | Train Loss: 6.002e-02 | Dynamic Loss: 6.002e-02 | Regularization Loss: 8.118e-07 | Val Loss: 2.036e-01 | Time: 5.40s
2025-08-18 19:20:06,264:INFO:Epoch: 6000/10000 | Train Loss: 5.725e-02 | Dynamic Loss: 5.725e-02 | Regularization Loss: 7.707e-07 | Val Loss: 2.040e-01 | Time: 5.48s
2025-08-18 19:20:11,671:INFO:Epoch: 6050/10000 | Train Loss: 6.977e-02 | Dynamic Loss: 6.977e-02 | Regularization Loss: 7.328e-07 | Val Loss: 2.058e-01 | Time: 5.41s
2025-08-18 19:20:17,108:INFO:Epoch: 6100/10000 | Train Loss: 5.096e-02 | Dynamic Loss: 5.096e-02 | Regularization Loss: 7.514e-07 | Val Loss: 1.964e-01 | Time: 5.44s
2025-08-18 19:20:17,108:INFO:New best model found at epoch 6100 with validation loss 1.964e-01. Saving...
2025-08-18 19:20:29,021:INFO:Epoch: 6150/10000 | Train Loss: 5.838e-02 | Dynamic Loss: 5.838e-02 | Regularization Loss: 7.094e-07 | Val Loss: 1.971e-01 | Time: 11.90s
2025-08-18 19:20:34,444:INFO:Epoch: 6200/10000 | Train Loss: 5.984e-02 | Dynamic Loss: 5.983e-02 | Regularization Loss: 6.430e-07 | Val Loss: 2.056e-01 | Time: 5.42s
2025-08-18 19:20:45,026:INFO:Epoch: 6250/10000 | Train Loss: 5.891e-02 | Dynamic Loss: 5.891e-02 | Regularization Loss: 6.570e-07 | Val Loss: 2.092e-01 | Time: 10.58s
2025-08-18 19:20:50,493:INFO:Epoch: 6300/10000 | Train Loss: 6.630e-02 | Dynamic Loss: 6.629e-02 | Regularization Loss: 6.679e-07 | Val Loss: 2.055e-01 | Time: 5.47s
2025-08-18 19:20:55,977:INFO:Epoch: 6350/10000 | Train Loss: 7.368e-02 | Dynamic Loss: 7.368e-02 | Regularization Loss: 6.205e-07 | Val Loss: 2.193e-01 | Time: 5.48s
2025-08-18 19:21:01,440:INFO:Epoch: 6400/10000 | Train Loss: 5.217e-02 | Dynamic Loss: 5.217e-02 | Regularization Loss: 6.051e-07 | Val Loss: 1.967e-01 | Time: 5.46s
2025-08-18 19:21:06,937:INFO:Epoch: 6450/10000 | Train Loss: 5.243e-02 | Dynamic Loss: 5.243e-02 | Regularization Loss: 6.140e-07 | Val Loss: 1.952e-01 | Time: 5.50s
2025-08-18 19:21:06,937:INFO:New best model found at epoch 6450 with validation loss 1.952e-01. Saving...
2025-08-18 19:21:12,343:INFO:Epoch: 6500/10000 | Train Loss: 7.728e-02 | Dynamic Loss: 7.728e-02 | Regularization Loss: 5.543e-07 | Val Loss: 2.067e-01 | Time: 5.40s
2025-08-18 19:21:17,748:INFO:Epoch: 6550/10000 | Train Loss: 5.245e-02 | Dynamic Loss: 5.245e-02 | Regularization Loss: 5.980e-07 | Val Loss: 1.974e-01 | Time: 5.40s
2025-08-18 19:21:23,040:INFO:Epoch: 6600/10000 | Train Loss: 5.090e-02 | Dynamic Loss: 5.090e-02 | Regularization Loss: 5.518e-07 | Val Loss: 1.984e-01 | Time: 5.29s
2025-08-18 19:21:28,422:INFO:Epoch: 6650/10000 | Train Loss: 4.686e-02 | Dynamic Loss: 4.686e-02 | Regularization Loss: 5.931e-07 | Val Loss: 1.912e-01 | Time: 5.38s
2025-08-18 19:21:28,422:INFO:New best model found at epoch 6650 with validation loss 1.912e-01. Saving...
2025-08-18 19:21:39,695:INFO:Epoch: 6700/10000 | Train Loss: 4.664e-02 | Dynamic Loss: 4.664e-02 | Regularization Loss: 5.679e-07 | Val Loss: 1.900e-01 | Time: 11.26s
2025-08-18 19:21:39,695:INFO:New best model found at epoch 6700 with validation loss 1.900e-01. Saving...
2025-08-18 19:21:45,116:INFO:Epoch: 6750/10000 | Train Loss: 5.601e-02 | Dynamic Loss: 5.601e-02 | Regularization Loss: 4.985e-07 | Val Loss: 1.935e-01 | Time: 5.41s
2025-08-18 19:21:50,547:INFO:Epoch: 6800/10000 | Train Loss: 6.752e-02 | Dynamic Loss: 6.752e-02 | Regularization Loss: 4.090e-07 | Val Loss: 2.249e-01 | Time: 5.43s
2025-08-18 19:21:56,011:INFO:Epoch: 6850/10000 | Train Loss: 4.997e-02 | Dynamic Loss: 4.997e-02 | Regularization Loss: 5.187e-07 | Val Loss: 1.915e-01 | Time: 5.46s
2025-08-18 19:22:01,467:INFO:Epoch: 6900/10000 | Train Loss: 4.928e-02 | Dynamic Loss: 4.928e-02 | Regularization Loss: 4.931e-07 | Val Loss: 1.915e-01 | Time: 5.46s
2025-08-18 19:22:06,896:INFO:Epoch: 6950/10000 | Train Loss: 5.259e-02 | Dynamic Loss: 5.259e-02 | Regularization Loss: 4.361e-07 | Val Loss: 1.909e-01 | Time: 5.43s
2025-08-18 19:22:12,290:INFO:Epoch: 7000/10000 | Train Loss: 4.888e-02 | Dynamic Loss: 4.888e-02 | Regularization Loss: 4.823e-07 | Val Loss: 1.929e-01 | Time: 5.39s
2025-08-18 19:22:24,421:INFO:Epoch: 7050/10000 | Train Loss: 5.171e-02 | Dynamic Loss: 5.171e-02 | Regularization Loss: 4.694e-07 | Val Loss: 1.925e-01 | Time: 12.13s
2025-08-18 19:22:30,065:INFO:Epoch: 7100/10000 | Train Loss: 4.751e-02 | Dynamic Loss: 4.751e-02 | Regularization Loss: 4.594e-07 | Val Loss: 1.908e-01 | Time: 5.64s
2025-08-18 19:22:35,586:INFO:Epoch: 7150/10000 | Train Loss: 5.012e-02 | Dynamic Loss: 5.011e-02 | Regularization Loss: 4.531e-07 | Val Loss: 1.925e-01 | Time: 5.52s
2025-08-18 19:22:41,080:INFO:Epoch: 7200/10000 | Train Loss: 4.537e-02 | Dynamic Loss: 4.537e-02 | Regularization Loss: 4.571e-07 | Val Loss: 1.897e-01 | Time: 5.49s
2025-08-18 19:22:41,080:INFO:New best model found at epoch 7200 with validation loss 1.897e-01. Saving...
2025-08-18 19:22:46,692:INFO:Epoch: 7250/10000 | Train Loss: 4.871e-02 | Dynamic Loss: 4.871e-02 | Regularization Loss: 4.216e-07 | Val Loss: 1.923e-01 | Time: 5.60s
2025-08-18 19:22:52,127:INFO:Epoch: 7300/10000 | Train Loss: 4.920e-02 | Dynamic Loss: 4.920e-02 | Regularization Loss: 3.981e-07 | Val Loss: 1.960e-01 | Time: 5.44s
2025-08-18 19:22:57,640:INFO:Epoch: 7350/10000 | Train Loss: 4.754e-02 | Dynamic Loss: 4.754e-02 | Regularization Loss: 4.038e-07 | Val Loss: 1.906e-01 | Time: 5.51s
2025-08-18 19:23:03,098:INFO:Epoch: 7400/10000 | Train Loss: 4.103e-02 | Dynamic Loss: 4.103e-02 | Regularization Loss: 4.080e-07 | Val Loss: 1.859e-01 | Time: 5.46s
2025-08-18 19:23:03,098:INFO:New best model found at epoch 7400 with validation loss 1.859e-01. Saving...
2025-08-18 19:23:08,525:INFO:Epoch: 7450/10000 | Train Loss: 5.066e-02 | Dynamic Loss: 5.066e-02 | Regularization Loss: 3.568e-07 | Val Loss: 1.935e-01 | Time: 5.42s
2025-08-18 19:23:20,661:INFO:Epoch: 7500/10000 | Train Loss: 4.467e-02 | Dynamic Loss: 4.467e-02 | Regularization Loss: 3.772e-07 | Val Loss: 1.859e-01 | Time: 12.14s
2025-08-18 19:23:26,105:INFO:Epoch: 7550/10000 | Train Loss: 5.802e-02 | Dynamic Loss: 5.802e-02 | Regularization Loss: 2.962e-07 | Val Loss: 2.001e-01 | Time: 5.44s
2025-08-18 19:23:31,596:INFO:Epoch: 7600/10000 | Train Loss: 3.768e-02 | Dynamic Loss: 3.768e-02 | Regularization Loss: 3.831e-07 | Val Loss: 1.823e-01 | Time: 5.49s
2025-08-18 19:23:31,596:INFO:New best model found at epoch 7600 with validation loss 1.823e-01. Saving...
2025-08-18 19:23:37,095:INFO:Epoch: 7650/10000 | Train Loss: 5.153e-02 | Dynamic Loss: 5.153e-02 | Regularization Loss: 3.306e-07 | Val Loss: 1.911e-01 | Time: 5.49s
2025-08-18 19:23:42,607:INFO:Epoch: 7700/10000 | Train Loss: 4.274e-02 | Dynamic Loss: 4.274e-02 | Regularization Loss: 3.269e-07 | Val Loss: 1.854e-01 | Time: 5.51s
2025-08-18 19:23:48,077:INFO:Epoch: 7750/10000 | Train Loss: 3.819e-02 | Dynamic Loss: 3.819e-02 | Regularization Loss: 3.428e-07 | Val Loss: 1.859e-01 | Time: 5.47s
2025-08-18 19:23:53,332:INFO:Epoch: 7800/10000 | Train Loss: 4.101e-02 | Dynamic Loss: 4.101e-02 | Regularization Loss: 3.169e-07 | Val Loss: 1.845e-01 | Time: 5.26s
2025-08-18 19:24:05,416:INFO:Epoch: 7850/10000 | Train Loss: 4.595e-02 | Dynamic Loss: 4.595e-02 | Regularization Loss: 2.868e-07 | Val Loss: 1.859e-01 | Time: 12.08s
2025-08-18 19:24:10,898:INFO:Epoch: 7900/10000 | Train Loss: 4.636e-02 | Dynamic Loss: 4.636e-02 | Regularization Loss: 3.049e-07 | Val Loss: 1.884e-01 | Time: 5.48s
2025-08-18 19:24:16,372:INFO:Epoch: 7950/10000 | Train Loss: 4.303e-02 | Dynamic Loss: 4.303e-02 | Regularization Loss: 2.853e-07 | Val Loss: 1.863e-01 | Time: 5.47s
2025-08-18 19:24:21,764:INFO:Epoch: 8000/10000 | Train Loss: 3.931e-02 | Dynamic Loss: 3.931e-02 | Regularization Loss: 2.720e-07 | Val Loss: 1.826e-01 | Time: 5.39s
2025-08-18 19:24:27,294:INFO:Epoch: 8050/10000 | Train Loss: 3.947e-02 | Dynamic Loss: 3.947e-02 | Regularization Loss: 2.679e-07 | Val Loss: 1.837e-01 | Time: 5.53s
2025-08-18 19:24:32,716:INFO:Epoch: 8100/10000 | Train Loss: 4.165e-02 | Dynamic Loss: 4.165e-02 | Regularization Loss: 2.571e-07 | Val Loss: 1.841e-01 | Time: 5.42s
2025-08-18 19:24:38,205:INFO:Epoch: 8150/10000 | Train Loss: 3.643e-02 | Dynamic Loss: 3.643e-02 | Regularization Loss: 2.560e-07 | Val Loss: 1.843e-01 | Time: 5.49s
2025-08-18 19:24:48,918:INFO:Epoch: 8200/10000 | Train Loss: 3.745e-02 | Dynamic Loss: 3.745e-02 | Regularization Loss: 2.501e-07 | Val Loss: 1.823e-01 | Time: 10.71s
2025-08-18 19:24:48,918:INFO:New best model found at epoch 8200 with validation loss 1.823e-01. Saving...
2025-08-18 19:24:54,311:INFO:Epoch: 8250/10000 | Train Loss: 3.821e-02 | Dynamic Loss: 3.821e-02 | Regularization Loss: 2.175e-07 | Val Loss: 1.838e-01 | Time: 5.38s
2025-08-18 19:24:59,737:INFO:Epoch: 8300/10000 | Train Loss: 4.113e-02 | Dynamic Loss: 4.113e-02 | Regularization Loss: 2.399e-07 | Val Loss: 1.869e-01 | Time: 5.43s
2025-08-18 19:25:05,142:INFO:Epoch: 8350/10000 | Train Loss: 5.475e-02 | Dynamic Loss: 5.475e-02 | Regularization Loss: 1.945e-07 | Val Loss: 2.009e-01 | Time: 5.41s
2025-08-18 19:25:10,650:INFO:Epoch: 8400/10000 | Train Loss: 8.849e-02 | Dynamic Loss: 8.849e-02 | Regularization Loss: 1.404e-07 | Val Loss: 2.258e-01 | Time: 5.51s
2025-08-18 19:25:16,219:INFO:Epoch: 8450/10000 | Train Loss: 3.582e-02 | Dynamic Loss: 3.582e-02 | Regularization Loss: 2.119e-07 | Val Loss: 1.816e-01 | Time: 5.57s
2025-08-18 19:25:16,219:INFO:New best model found at epoch 8450 with validation loss 1.816e-01. Saving...
2025-08-18 19:25:21,716:INFO:Epoch: 8500/10000 | Train Loss: 6.427e-02 | Dynamic Loss: 6.427e-02 | Regularization Loss: 1.628e-07 | Val Loss: 1.967e-01 | Time: 5.49s
2025-08-18 19:25:31,964:INFO:Epoch: 8550/10000 | Train Loss: 3.200e-02 | Dynamic Loss: 3.200e-02 | Regularization Loss: 1.995e-07 | Val Loss: 1.800e-01 | Time: 10.25s
2025-08-18 19:25:31,965:INFO:New best model found at epoch 8550 with validation loss 1.800e-01. Saving...
2025-08-18 19:25:37,361:INFO:Epoch: 8600/10000 | Train Loss: 3.977e-02 | Dynamic Loss: 3.977e-02 | Regularization Loss: 1.798e-07 | Val Loss: 1.829e-01 | Time: 5.39s
2025-08-18 19:25:47,645:INFO:Epoch: 8650/10000 | Train Loss: 3.620e-02 | Dynamic Loss: 3.620e-02 | Regularization Loss: 1.802e-07 | Val Loss: 1.824e-01 | Time: 10.28s
2025-08-18 19:25:53,094:INFO:Epoch: 8700/10000 | Train Loss: 3.870e-02 | Dynamic Loss: 3.870e-02 | Regularization Loss: 1.679e-07 | Val Loss: 1.847e-01 | Time: 5.45s
2025-08-18 19:25:58,556:INFO:Epoch: 8750/10000 | Train Loss: 4.350e-02 | Dynamic Loss: 4.350e-02 | Regularization Loss: 1.710e-07 | Val Loss: 1.929e-01 | Time: 5.46s
2025-08-18 19:26:04,002:INFO:Epoch: 8800/10000 | Train Loss: 3.488e-02 | Dynamic Loss: 3.488e-02 | Regularization Loss: 1.603e-07 | Val Loss: 1.817e-01 | Time: 5.45s
2025-08-18 19:26:09,502:INFO:Epoch: 8850/10000 | Train Loss: 3.957e-02 | Dynamic Loss: 3.957e-02 | Regularization Loss: 1.470e-07 | Val Loss: 1.849e-01 | Time: 5.50s
2025-08-18 19:26:15,074:INFO:Epoch: 8900/10000 | Train Loss: 3.407e-02 | Dynamic Loss: 3.407e-02 | Regularization Loss: 1.406e-07 | Val Loss: 1.832e-01 | Time: 5.57s
2025-08-18 19:26:20,556:INFO:Epoch: 8950/10000 | Train Loss: 3.043e-02 | Dynamic Loss: 3.043e-02 | Regularization Loss: 1.399e-07 | Val Loss: 1.794e-01 | Time: 5.48s
2025-08-18 19:26:20,557:INFO:New best model found at epoch 8950 with validation loss 1.794e-01. Saving...
2025-08-18 19:26:26,150:INFO:Epoch: 9000/10000 | Train Loss: 3.357e-02 | Dynamic Loss: 3.357e-02 | Regularization Loss: 1.242e-07 | Val Loss: 1.850e-01 | Time: 5.58s
2025-08-18 19:26:31,775:INFO:Epoch: 9050/10000 | Train Loss: 3.411e-02 | Dynamic Loss: 3.411e-02 | Regularization Loss: 1.186e-07 | Val Loss: 1.840e-01 | Time: 5.63s
2025-08-18 19:26:37,240:INFO:Epoch: 9100/10000 | Train Loss: 3.315e-02 | Dynamic Loss: 3.315e-02 | Regularization Loss: 1.035e-07 | Val Loss: 1.840e-01 | Time: 5.46s
2025-08-18 19:26:42,637:INFO:Epoch: 9150/10000 | Train Loss: 4.116e-02 | Dynamic Loss: 4.116e-02 | Regularization Loss: 1.007e-07 | Val Loss: 1.885e-01 | Time: 5.40s
2025-08-18 19:26:48,087:INFO:Epoch: 9200/10000 | Train Loss: 3.105e-02 | Dynamic Loss: 3.105e-02 | Regularization Loss: 9.491e-08 | Val Loss: 1.832e-01 | Time: 5.45s
2025-08-18 19:26:53,589:INFO:Epoch: 9250/10000 | Train Loss: 4.283e-02 | Dynamic Loss: 4.283e-02 | Regularization Loss: 9.250e-08 | Val Loss: 1.928e-01 | Time: 5.50s
2025-08-18 19:26:58,949:INFO:Epoch: 9300/10000 | Train Loss: 3.332e-02 | Dynamic Loss: 3.332e-02 | Regularization Loss: 8.842e-08 | Val Loss: 1.844e-01 | Time: 5.36s
2025-08-18 19:27:04,196:INFO:Epoch: 9350/10000 | Train Loss: 3.728e-02 | Dynamic Loss: 3.728e-02 | Regularization Loss: 8.524e-08 | Val Loss: 1.850e-01 | Time: 5.25s
2025-08-18 19:27:16,556:INFO:Epoch: 9400/10000 | Train Loss: 3.923e-02 | Dynamic Loss: 3.923e-02 | Regularization Loss: 7.836e-08 | Val Loss: 1.886e-01 | Time: 12.36s
2025-08-18 19:27:22,099:INFO:Epoch: 9450/10000 | Train Loss: 3.219e-02 | Dynamic Loss: 3.219e-02 | Regularization Loss: 6.854e-08 | Val Loss: 1.826e-01 | Time: 5.54s
2025-08-18 19:27:27,596:INFO:Epoch: 9500/10000 | Train Loss: 3.434e-02 | Dynamic Loss: 3.434e-02 | Regularization Loss: 7.051e-08 | Val Loss: 1.867e-01 | Time: 5.50s
2025-08-18 19:27:33,056:INFO:Epoch: 9550/10000 | Train Loss: 3.237e-02 | Dynamic Loss: 3.237e-02 | Regularization Loss: 6.994e-08 | Val Loss: 1.842e-01 | Time: 5.46s
2025-08-18 19:27:38,497:INFO:Epoch: 9600/10000 | Train Loss: 3.005e-02 | Dynamic Loss: 3.005e-02 | Regularization Loss: 6.470e-08 | Val Loss: 1.827e-01 | Time: 5.44s
2025-08-18 19:27:43,984:INFO:Epoch: 9650/10000 | Train Loss: 3.166e-02 | Dynamic Loss: 3.166e-02 | Regularization Loss: 6.168e-08 | Val Loss: 1.846e-01 | Time: 5.49s
2025-08-18 19:27:49,583:INFO:Epoch: 9700/10000 | Train Loss: 3.269e-02 | Dynamic Loss: 3.269e-02 | Regularization Loss: 6.225e-08 | Val Loss: 1.862e-01 | Time: 5.60s
2025-08-18 19:27:55,037:INFO:Epoch: 9750/10000 | Train Loss: 3.015e-02 | Dynamic Loss: 3.015e-02 | Regularization Loss: 5.807e-08 | Val Loss: 1.836e-01 | Time: 5.45s
2025-08-18 19:28:00,564:INFO:Epoch: 9800/10000 | Train Loss: 3.375e-02 | Dynamic Loss: 3.375e-02 | Regularization Loss: 5.185e-08 | Val Loss: 1.860e-01 | Time: 5.53s
2025-08-18 19:28:05,945:INFO:Epoch: 9850/10000 | Train Loss: 3.303e-02 | Dynamic Loss: 3.303e-02 | Regularization Loss: 5.380e-08 | Val Loss: 1.846e-01 | Time: 5.38s
2025-08-18 19:28:11,487:INFO:Epoch: 9900/10000 | Train Loss: 3.151e-02 | Dynamic Loss: 3.151e-02 | Regularization Loss: 5.338e-08 | Val Loss: 1.866e-01 | Time: 5.54s
2025-08-18 19:28:17,747:INFO:Epoch: 9950/10000 | Train Loss: 3.330e-02 | Dynamic Loss: 3.330e-02 | Regularization Loss: 4.884e-08 | Val Loss: 1.843e-01 | Time: 6.26s
2025-08-18 19:28:23,236:INFO:Epoch: 10000/10000 | Train Loss: 3.674e-02 | Dynamic Loss: 3.674e-02 | Regularization Loss: 4.692e-08 | Val Loss: 1.921e-01 | Time: 5.49s
