2025-08-18 18:51:08,752:INFO:Created DataLoaders with 5994 training samples and 1998 validation samples.
2025-08-18 18:51:09,345:INFO:model params: 526849
2025-08-18 18:51:10,142:INFO:Epoch: 0/10000 | Train Loss: 8.118e+01 | Dynamic Loss: 8.031e+01 | Regularization Loss: 8.646e-01 | Val Loss: 7.174e+01 | Time: 0.80s
2025-08-18 18:51:10,142:INFO:New best model found at epoch 0 with validation loss 7.174e+01. Saving...
2025-08-18 18:51:16,159:INFO:Epoch: 50/10000 | Train Loss: 5.761e+01 | Dynamic Loss: 5.761e+01 | Regularization Loss: 2.074e-08 | Val Loss: 6.049e+01 | Time: 5.99s
2025-08-18 18:51:16,159:INFO:New best model found at epoch 50 with validation loss 6.049e+01. Saving...
2025-08-18 18:51:24,907:INFO:Epoch: 100/10000 | Train Loss: 4.775e+01 | Dynamic Loss: 4.775e+01 | Regularization Loss: 4.617e-16 | Val Loss: 5.229e+01 | Time: 8.74s
2025-08-18 18:51:24,907:INFO:New best model found at epoch 100 with validation loss 5.229e+01. Saving...
2025-08-18 18:51:30,919:INFO:Epoch: 150/10000 | Train Loss: 4.022e+01 | Dynamic Loss: 4.022e+01 | Regularization Loss: 2.620e-23 | Val Loss: 4.520e+01 | Time: 6.00s
2025-08-18 18:51:30,919:INFO:New best model found at epoch 150 with validation loss 4.520e+01. Saving...
2025-08-18 18:51:37,029:INFO:Epoch: 200/10000 | Train Loss: 3.428e+01 | Dynamic Loss: 3.428e+01 | Regularization Loss: 4.364e-30 | Val Loss: 3.864e+01 | Time: 6.10s
2025-08-18 18:51:37,029:INFO:New best model found at epoch 200 with validation loss 3.864e+01. Saving...
2025-08-18 18:51:44,175:INFO:Epoch: 250/10000 | Train Loss: 2.949e+01 | Dynamic Loss: 2.949e+01 | Regularization Loss: 2.070e-36 | Val Loss: 3.330e+01 | Time: 7.14s
2025-08-18 18:51:44,175:INFO:New best model found at epoch 250 with validation loss 3.330e+01. Saving...
2025-08-18 18:51:49,895:INFO:Epoch: 300/10000 | Train Loss: 2.544e+01 | Dynamic Loss: 2.544e+01 | Regularization Loss: 2.495e-42 | Val Loss: 2.906e+01 | Time: 5.71s
2025-08-18 18:51:49,895:INFO:New best model found at epoch 300 with validation loss 2.906e+01. Saving...
2025-08-18 18:51:56,258:INFO:Epoch: 350/10000 | Train Loss: 2.221e+01 | Dynamic Loss: 2.221e+01 | Regularization Loss: 0.000e+00 | Val Loss: 2.614e+01 | Time: 6.35s
2025-08-18 18:51:56,258:INFO:New best model found at epoch 350 with validation loss 2.614e+01. Saving...
2025-08-18 18:52:01,957:INFO:Epoch: 400/10000 | Train Loss: 1.944e+01 | Dynamic Loss: 1.944e+01 | Regularization Loss: 0.000e+00 | Val Loss: 2.283e+01 | Time: 5.69s
2025-08-18 18:52:01,957:INFO:New best model found at epoch 400 with validation loss 2.283e+01. Saving...
2025-08-18 18:52:07,409:INFO:Epoch: 450/10000 | Train Loss: 1.734e+01 | Dynamic Loss: 1.734e+01 | Regularization Loss: 0.000e+00 | Val Loss: 2.104e+01 | Time: 5.44s
2025-08-18 18:52:07,409:INFO:New best model found at epoch 450 with validation loss 2.104e+01. Saving...
2025-08-18 18:52:13,112:INFO:Epoch: 500/10000 | Train Loss: 1.499e+01 | Dynamic Loss: 1.499e+01 | Regularization Loss: 0.000e+00 | Val Loss: 1.849e+01 | Time: 5.69s
2025-08-18 18:52:13,113:INFO:New best model found at epoch 500 with validation loss 1.849e+01. Saving...
2025-08-18 18:52:18,807:INFO:Epoch: 550/10000 | Train Loss: 1.321e+01 | Dynamic Loss: 1.321e+01 | Regularization Loss: 0.000e+00 | Val Loss: 1.678e+01 | Time: 5.69s
2025-08-18 18:52:18,808:INFO:New best model found at epoch 550 with validation loss 1.678e+01. Saving...
2025-08-18 18:52:24,507:INFO:Epoch: 600/10000 | Train Loss: 1.160e+01 | Dynamic Loss: 1.160e+01 | Regularization Loss: 0.000e+00 | Val Loss: 1.445e+01 | Time: 5.69s
2025-08-18 18:52:24,507:INFO:New best model found at epoch 600 with validation loss 1.445e+01. Saving...
2025-08-18 18:52:30,278:INFO:Epoch: 650/10000 | Train Loss: 1.035e+01 | Dynamic Loss: 1.035e+01 | Regularization Loss: 0.000e+00 | Val Loss: 1.300e+01 | Time: 5.76s
2025-08-18 18:52:30,278:INFO:New best model found at epoch 650 with validation loss 1.300e+01. Saving...
2025-08-18 18:52:35,964:INFO:Epoch: 700/10000 | Train Loss: 9.003e+00 | Dynamic Loss: 9.003e+00 | Regularization Loss: 0.000e+00 | Val Loss: 1.157e+01 | Time: 5.68s
2025-08-18 18:52:35,965:INFO:New best model found at epoch 700 with validation loss 1.157e+01. Saving...
2025-08-18 18:52:42,362:INFO:Epoch: 750/10000 | Train Loss: 7.937e+00 | Dynamic Loss: 7.937e+00 | Regularization Loss: 0.000e+00 | Val Loss: 1.029e+01 | Time: 6.39s
2025-08-18 18:52:42,363:INFO:New best model found at epoch 750 with validation loss 1.029e+01. Saving...
2025-08-18 18:52:51,369:INFO:Epoch: 800/10000 | Train Loss: 6.962e+00 | Dynamic Loss: 6.962e+00 | Regularization Loss: 0.000e+00 | Val Loss: 9.209e+00 | Time: 9.00s
2025-08-18 18:52:51,369:INFO:New best model found at epoch 800 with validation loss 9.209e+00. Saving...
2025-08-18 18:52:57,225:INFO:Epoch: 850/10000 | Train Loss: 6.055e+00 | Dynamic Loss: 6.055e+00 | Regularization Loss: 0.000e+00 | Val Loss: 8.030e+00 | Time: 5.85s
2025-08-18 18:52:57,225:INFO:New best model found at epoch 850 with validation loss 8.030e+00. Saving...
2025-08-18 18:53:02,810:INFO:Epoch: 900/10000 | Train Loss: 5.300e+00 | Dynamic Loss: 5.300e+00 | Regularization Loss: 0.000e+00 | Val Loss: 7.096e+00 | Time: 5.58s
2025-08-18 18:53:02,811:INFO:New best model found at epoch 900 with validation loss 7.096e+00. Saving...
2025-08-18 18:53:11,810:INFO:Epoch: 950/10000 | Train Loss: 4.690e+00 | Dynamic Loss: 4.690e+00 | Regularization Loss: 0.000e+00 | Val Loss: 6.425e+00 | Time: 8.99s
2025-08-18 18:53:11,810:INFO:New best model found at epoch 950 with validation loss 6.425e+00. Saving...
2025-08-18 18:53:17,899:INFO:Epoch: 1000/10000 | Train Loss: 4.111e+00 | Dynamic Loss: 4.111e+00 | Regularization Loss: 0.000e+00 | Val Loss: 5.726e+00 | Time: 6.08s
2025-08-18 18:53:17,899:INFO:New best model found at epoch 1000 with validation loss 5.726e+00. Saving...
2025-08-18 18:53:23,983:INFO:Epoch: 1050/10000 | Train Loss: 3.541e+00 | Dynamic Loss: 3.541e+00 | Regularization Loss: 0.000e+00 | Val Loss: 5.341e+00 | Time: 6.07s
2025-08-18 18:53:23,983:INFO:New best model found at epoch 1050 with validation loss 5.341e+00. Saving...
2025-08-18 18:53:34,131:INFO:Epoch: 1100/10000 | Train Loss: 3.077e+00 | Dynamic Loss: 3.077e+00 | Regularization Loss: 0.000e+00 | Val Loss: 4.421e+00 | Time: 10.14s
2025-08-18 18:53:34,131:INFO:New best model found at epoch 1100 with validation loss 4.421e+00. Saving...
2025-08-18 18:53:39,876:INFO:Epoch: 1150/10000 | Train Loss: 2.715e+00 | Dynamic Loss: 2.715e+00 | Regularization Loss: 0.000e+00 | Val Loss: 4.211e+00 | Time: 5.74s
2025-08-18 18:53:39,876:INFO:New best model found at epoch 1150 with validation loss 4.211e+00. Saving...
2025-08-18 18:53:45,622:INFO:Epoch: 1200/10000 | Train Loss: 2.286e+00 | Dynamic Loss: 2.286e+00 | Regularization Loss: 0.000e+00 | Val Loss: 3.367e+00 | Time: 5.74s
2025-08-18 18:53:45,623:INFO:New best model found at epoch 1200 with validation loss 3.367e+00. Saving...
2025-08-18 18:53:54,232:INFO:Epoch: 1250/10000 | Train Loss: 2.069e+00 | Dynamic Loss: 2.069e+00 | Regularization Loss: 0.000e+00 | Val Loss: 3.078e+00 | Time: 8.60s
2025-08-18 18:53:54,232:INFO:New best model found at epoch 1250 with validation loss 3.078e+00. Saving...
2025-08-18 18:54:00,512:INFO:Epoch: 1300/10000 | Train Loss: 1.909e+00 | Dynamic Loss: 1.909e+00 | Regularization Loss: 0.000e+00 | Val Loss: 2.693e+00 | Time: 6.27s
2025-08-18 18:54:00,512:INFO:New best model found at epoch 1300 with validation loss 2.693e+00. Saving...
2025-08-18 18:54:06,410:INFO:Epoch: 1350/10000 | Train Loss: 1.542e+00 | Dynamic Loss: 1.542e+00 | Regularization Loss: 0.000e+00 | Val Loss: 2.419e+00 | Time: 5.89s
2025-08-18 18:54:06,410:INFO:New best model found at epoch 1350 with validation loss 2.419e+00. Saving...
2025-08-18 18:54:13,556:INFO:Epoch: 1400/10000 | Train Loss: 1.392e+00 | Dynamic Loss: 1.392e+00 | Regularization Loss: 0.000e+00 | Val Loss: 2.326e+00 | Time: 7.14s
2025-08-18 18:54:13,556:INFO:New best model found at epoch 1400 with validation loss 2.326e+00. Saving...
2025-08-18 18:54:19,257:INFO:Epoch: 1450/10000 | Train Loss: 1.305e+00 | Dynamic Loss: 1.305e+00 | Regularization Loss: 0.000e+00 | Val Loss: 2.081e+00 | Time: 5.69s
2025-08-18 18:54:19,257:INFO:New best model found at epoch 1450 with validation loss 2.081e+00. Saving...
2025-08-18 18:54:24,937:INFO:Epoch: 1500/10000 | Train Loss: 1.102e+00 | Dynamic Loss: 1.102e+00 | Regularization Loss: 0.000e+00 | Val Loss: 1.815e+00 | Time: 5.67s
2025-08-18 18:54:24,937:INFO:New best model found at epoch 1500 with validation loss 1.815e+00. Saving...
2025-08-18 18:54:36,405:INFO:Epoch: 1550/10000 | Train Loss: 1.020e+00 | Dynamic Loss: 1.020e+00 | Regularization Loss: 0.000e+00 | Val Loss: 1.741e+00 | Time: 11.46s
2025-08-18 18:54:36,405:INFO:New best model found at epoch 1550 with validation loss 1.741e+00. Saving...
2025-08-18 18:54:42,260:INFO:Epoch: 1600/10000 | Train Loss: 9.083e-01 | Dynamic Loss: 9.083e-01 | Regularization Loss: 0.000e+00 | Val Loss: 1.652e+00 | Time: 5.85s
2025-08-18 18:54:42,261:INFO:New best model found at epoch 1600 with validation loss 1.652e+00. Saving...
2025-08-18 18:54:48,707:INFO:Epoch: 1650/10000 | Train Loss: 8.416e-01 | Dynamic Loss: 8.416e-01 | Regularization Loss: 0.000e+00 | Val Loss: 1.508e+00 | Time: 6.44s
2025-08-18 18:54:48,707:INFO:New best model found at epoch 1650 with validation loss 1.508e+00. Saving...
2025-08-18 18:55:00,362:INFO:Epoch: 1700/10000 | Train Loss: 8.387e-01 | Dynamic Loss: 8.387e-01 | Regularization Loss: 0.000e+00 | Val Loss: 1.419e+00 | Time: 11.65s
2025-08-18 18:55:00,362:INFO:New best model found at epoch 1700 with validation loss 1.419e+00. Saving...
2025-08-18 18:55:06,223:INFO:Epoch: 1750/10000 | Train Loss: 7.333e-01 | Dynamic Loss: 7.333e-01 | Regularization Loss: 0.000e+00 | Val Loss: 1.339e+00 | Time: 5.85s
2025-08-18 18:55:06,223:INFO:New best model found at epoch 1750 with validation loss 1.339e+00. Saving...
2025-08-18 18:55:11,893:INFO:Epoch: 1800/10000 | Train Loss: 6.855e-01 | Dynamic Loss: 6.855e-01 | Regularization Loss: 0.000e+00 | Val Loss: 1.271e+00 | Time: 5.66s
2025-08-18 18:55:11,893:INFO:New best model found at epoch 1800 with validation loss 1.271e+00. Saving...
2025-08-18 18:55:22,804:INFO:Epoch: 1850/10000 | Train Loss: 6.582e-01 | Dynamic Loss: 6.582e-01 | Regularization Loss: 0.000e+00 | Val Loss: 1.255e+00 | Time: 10.90s
2025-08-18 18:55:22,804:INFO:New best model found at epoch 1850 with validation loss 1.255e+00. Saving...
2025-08-18 18:55:28,625:INFO:Epoch: 1900/10000 | Train Loss: 6.424e-01 | Dynamic Loss: 6.424e-01 | Regularization Loss: 0.000e+00 | Val Loss: 1.160e+00 | Time: 5.81s
2025-08-18 18:55:28,626:INFO:New best model found at epoch 1900 with validation loss 1.160e+00. Saving...
2025-08-18 18:55:34,355:INFO:Epoch: 1950/10000 | Train Loss: 6.097e-01 | Dynamic Loss: 6.097e-01 | Regularization Loss: 0.000e+00 | Val Loss: 1.129e+00 | Time: 5.72s
2025-08-18 18:55:34,355:INFO:New best model found at epoch 1950 with validation loss 1.129e+00. Saving...
2025-08-18 18:55:46,471:INFO:Epoch: 2000/10000 | Train Loss: 5.790e-01 | Dynamic Loss: 5.790e-01 | Regularization Loss: 0.000e+00 | Val Loss: 1.145e+00 | Time: 12.11s
2025-08-18 18:55:53,068:INFO:Epoch: 2050/10000 | Train Loss: 5.493e-01 | Dynamic Loss: 5.493e-01 | Regularization Loss: 0.000e+00 | Val Loss: 1.142e+00 | Time: 6.60s
2025-08-18 18:55:59,374:INFO:Epoch: 2100/10000 | Train Loss: 5.284e-01 | Dynamic Loss: 5.284e-01 | Regularization Loss: 0.000e+00 | Val Loss: 1.051e+00 | Time: 6.31s
2025-08-18 18:55:59,375:INFO:New best model found at epoch 2100 with validation loss 1.051e+00. Saving...
2025-08-18 18:56:09,846:INFO:Epoch: 2150/10000 | Train Loss: 5.049e-01 | Dynamic Loss: 5.049e-01 | Regularization Loss: 0.000e+00 | Val Loss: 1.027e+00 | Time: 10.46s
2025-08-18 18:56:09,846:INFO:New best model found at epoch 2150 with validation loss 1.027e+00. Saving...
2025-08-18 18:56:16,024:INFO:Epoch: 2200/10000 | Train Loss: 4.997e-01 | Dynamic Loss: 4.997e-01 | Regularization Loss: 0.000e+00 | Val Loss: 1.003e+00 | Time: 6.17s
2025-08-18 18:56:16,024:INFO:New best model found at epoch 2200 with validation loss 1.003e+00. Saving...
2025-08-18 18:56:22,497:INFO:Epoch: 2250/10000 | Train Loss: 4.862e-01 | Dynamic Loss: 4.862e-01 | Regularization Loss: 0.000e+00 | Val Loss: 9.955e-01 | Time: 6.46s
2025-08-18 18:56:22,497:INFO:New best model found at epoch 2250 with validation loss 9.955e-01. Saving...
2025-08-18 18:56:33,387:INFO:Epoch: 2300/10000 | Train Loss: 4.598e-01 | Dynamic Loss: 4.598e-01 | Regularization Loss: 0.000e+00 | Val Loss: 9.660e-01 | Time: 10.88s
2025-08-18 18:56:33,387:INFO:New best model found at epoch 2300 with validation loss 9.660e-01. Saving...
2025-08-18 18:56:39,195:INFO:Epoch: 2350/10000 | Train Loss: 4.526e-01 | Dynamic Loss: 4.526e-01 | Regularization Loss: 0.000e+00 | Val Loss: 9.558e-01 | Time: 5.80s
2025-08-18 18:56:39,195:INFO:New best model found at epoch 2350 with validation loss 9.558e-01. Saving...
2025-08-18 18:56:44,958:INFO:Epoch: 2400/10000 | Train Loss: 4.515e-01 | Dynamic Loss: 4.515e-01 | Regularization Loss: 0.000e+00 | Val Loss: 9.873e-01 | Time: 5.75s
2025-08-18 18:56:54,869:INFO:Epoch: 2450/10000 | Train Loss: 4.245e-01 | Dynamic Loss: 4.245e-01 | Regularization Loss: 0.000e+00 | Val Loss: 9.272e-01 | Time: 9.91s
2025-08-18 18:56:54,869:INFO:New best model found at epoch 2450 with validation loss 9.272e-01. Saving...
2025-08-18 18:57:00,671:INFO:Epoch: 2500/10000 | Train Loss: 4.185e-01 | Dynamic Loss: 4.185e-01 | Regularization Loss: 0.000e+00 | Val Loss: 9.290e-01 | Time: 5.79s
2025-08-18 18:57:06,618:INFO:Epoch: 2550/10000 | Train Loss: 3.944e-01 | Dynamic Loss: 3.944e-01 | Regularization Loss: 0.000e+00 | Val Loss: 8.901e-01 | Time: 5.95s
2025-08-18 18:57:06,618:INFO:New best model found at epoch 2550 with validation loss 8.901e-01. Saving...
2025-08-18 18:57:15,944:INFO:Epoch: 2600/10000 | Train Loss: 3.987e-01 | Dynamic Loss: 3.987e-01 | Regularization Loss: 0.000e+00 | Val Loss: 9.375e-01 | Time: 9.32s
2025-08-18 18:57:21,738:INFO:Epoch: 2650/10000 | Train Loss: 3.973e-01 | Dynamic Loss: 3.973e-01 | Regularization Loss: 0.000e+00 | Val Loss: 8.806e-01 | Time: 5.79s
2025-08-18 18:57:21,738:INFO:New best model found at epoch 2650 with validation loss 8.806e-01. Saving...
2025-08-18 18:57:27,657:INFO:Epoch: 2700/10000 | Train Loss: 3.648e-01 | Dynamic Loss: 3.648e-01 | Regularization Loss: 0.000e+00 | Val Loss: 8.546e-01 | Time: 5.91s
2025-08-18 18:57:27,658:INFO:New best model found at epoch 2700 with validation loss 8.546e-01. Saving...
2025-08-18 18:57:37,345:INFO:Epoch: 2750/10000 | Train Loss: 3.487e-01 | Dynamic Loss: 3.487e-01 | Regularization Loss: 0.000e+00 | Val Loss: 8.516e-01 | Time: 9.68s
2025-08-18 18:57:37,346:INFO:New best model found at epoch 2750 with validation loss 8.516e-01. Saving...
2025-08-18 18:57:43,385:INFO:Epoch: 2800/10000 | Train Loss: 3.813e-01 | Dynamic Loss: 3.813e-01 | Regularization Loss: 0.000e+00 | Val Loss: 8.946e-01 | Time: 6.03s
2025-08-18 18:57:49,288:INFO:Epoch: 2850/10000 | Train Loss: 3.385e-01 | Dynamic Loss: 3.385e-01 | Regularization Loss: 0.000e+00 | Val Loss: 8.284e-01 | Time: 5.90s
2025-08-18 18:57:49,288:INFO:New best model found at epoch 2850 with validation loss 8.284e-01. Saving...
2025-08-18 18:57:55,069:INFO:Epoch: 2900/10000 | Train Loss: 3.264e-01 | Dynamic Loss: 3.264e-01 | Regularization Loss: 0.000e+00 | Val Loss: 8.435e-01 | Time: 5.77s
2025-08-18 18:58:00,829:INFO:Epoch: 2950/10000 | Train Loss: 3.841e-01 | Dynamic Loss: 3.841e-01 | Regularization Loss: 0.000e+00 | Val Loss: 8.090e-01 | Time: 5.76s
2025-08-18 18:58:00,829:INFO:New best model found at epoch 2950 with validation loss 8.090e-01. Saving...
2025-08-18 18:58:06,696:INFO:Epoch: 3000/10000 | Train Loss: 3.588e-01 | Dynamic Loss: 3.588e-01 | Regularization Loss: 0.000e+00 | Val Loss: 8.985e-01 | Time: 5.86s
2025-08-18 18:58:12,500:INFO:Epoch: 3050/10000 | Train Loss: 2.878e-01 | Dynamic Loss: 2.878e-01 | Regularization Loss: 0.000e+00 | Val Loss: 8.027e-01 | Time: 5.80s
2025-08-18 18:58:12,500:INFO:New best model found at epoch 3050 with validation loss 8.027e-01. Saving...
2025-08-18 18:58:18,238:INFO:Epoch: 3100/10000 | Train Loss: 2.751e-01 | Dynamic Loss: 2.751e-01 | Regularization Loss: 0.000e+00 | Val Loss: 7.823e-01 | Time: 5.73s
2025-08-18 18:58:18,238:INFO:New best model found at epoch 3100 with validation loss 7.823e-01. Saving...
2025-08-18 18:58:25,346:INFO:Epoch: 3150/10000 | Train Loss: 2.620e-01 | Dynamic Loss: 2.620e-01 | Regularization Loss: 0.000e+00 | Val Loss: 7.690e-01 | Time: 7.10s
2025-08-18 18:58:25,346:INFO:New best model found at epoch 3150 with validation loss 7.690e-01. Saving...
2025-08-18 18:58:31,502:INFO:Epoch: 3200/10000 | Train Loss: 2.923e-01 | Dynamic Loss: 2.923e-01 | Regularization Loss: 0.000e+00 | Val Loss: 8.461e-01 | Time: 6.15s
2025-08-18 18:58:37,602:INFO:Epoch: 3250/10000 | Train Loss: 2.493e-01 | Dynamic Loss: 2.493e-01 | Regularization Loss: 0.000e+00 | Val Loss: 7.857e-01 | Time: 6.10s
2025-08-18 18:58:48,353:INFO:Epoch: 3300/10000 | Train Loss: 3.033e-01 | Dynamic Loss: 3.033e-01 | Regularization Loss: 0.000e+00 | Val Loss: 8.966e-01 | Time: 10.75s
2025-08-18 18:58:54,346:INFO:Epoch: 3350/10000 | Train Loss: 2.782e-01 | Dynamic Loss: 2.782e-01 | Regularization Loss: 0.000e+00 | Val Loss: 8.447e-01 | Time: 5.99s
2025-08-18 18:59:00,174:INFO:Epoch: 3400/10000 | Train Loss: 2.193e-01 | Dynamic Loss: 2.193e-01 | Regularization Loss: 0.000e+00 | Val Loss: 7.461e-01 | Time: 5.83s
2025-08-18 18:59:00,174:INFO:New best model found at epoch 3400 with validation loss 7.461e-01. Saving...
2025-08-18 18:59:12,101:INFO:Epoch: 3450/10000 | Train Loss: 2.261e-01 | Dynamic Loss: 2.261e-01 | Regularization Loss: 0.000e+00 | Val Loss: 7.337e-01 | Time: 11.92s
2025-08-18 18:59:12,101:INFO:New best model found at epoch 3450 with validation loss 7.337e-01. Saving...
2025-08-18 18:59:17,898:INFO:Epoch: 3500/10000 | Train Loss: 2.114e-01 | Dynamic Loss: 2.114e-01 | Regularization Loss: 0.000e+00 | Val Loss: 7.281e-01 | Time: 5.79s
2025-08-18 18:59:17,898:INFO:New best model found at epoch 3500 with validation loss 7.281e-01. Saving...
2025-08-18 18:59:24,201:INFO:Epoch: 3550/10000 | Train Loss: 2.301e-01 | Dynamic Loss: 2.301e-01 | Regularization Loss: 0.000e+00 | Val Loss: 7.739e-01 | Time: 6.29s
2025-08-18 18:59:35,605:INFO:Epoch: 3600/10000 | Train Loss: 1.981e-01 | Dynamic Loss: 1.981e-01 | Regularization Loss: 0.000e+00 | Val Loss: 7.162e-01 | Time: 11.40s
2025-08-18 18:59:35,605:INFO:New best model found at epoch 3600 with validation loss 7.162e-01. Saving...
2025-08-18 18:59:41,465:INFO:Epoch: 3650/10000 | Train Loss: 1.838e-01 | Dynamic Loss: 1.838e-01 | Regularization Loss: 0.000e+00 | Val Loss: 7.076e-01 | Time: 5.85s
2025-08-18 18:59:41,465:INFO:New best model found at epoch 3650 with validation loss 7.076e-01. Saving...
2025-08-18 18:59:47,224:INFO:Epoch: 3700/10000 | Train Loss: 1.800e-01 | Dynamic Loss: 1.800e-01 | Regularization Loss: 0.000e+00 | Val Loss: 7.083e-01 | Time: 5.75s
2025-08-18 18:59:59,317:INFO:Epoch: 3750/10000 | Train Loss: 1.850e-01 | Dynamic Loss: 1.850e-01 | Regularization Loss: 0.000e+00 | Val Loss: 6.949e-01 | Time: 12.09s
2025-08-18 18:59:59,317:INFO:New best model found at epoch 3750 with validation loss 6.949e-01. Saving...
2025-08-18 19:00:05,190:INFO:Epoch: 3800/10000 | Train Loss: 1.701e-01 | Dynamic Loss: 1.701e-01 | Regularization Loss: 0.000e+00 | Val Loss: 6.917e-01 | Time: 5.86s
2025-08-18 19:00:05,190:INFO:New best model found at epoch 3800 with validation loss 6.917e-01. Saving...
2025-08-18 19:00:11,120:INFO:Epoch: 3850/10000 | Train Loss: 2.075e-01 | Dynamic Loss: 2.075e-01 | Regularization Loss: 0.000e+00 | Val Loss: 8.428e-01 | Time: 5.92s
2025-08-18 19:00:23,033:INFO:Epoch: 3900/10000 | Train Loss: 1.571e-01 | Dynamic Loss: 1.571e-01 | Regularization Loss: 0.000e+00 | Val Loss: 6.732e-01 | Time: 11.91s
2025-08-18 19:00:23,033:INFO:New best model found at epoch 3900 with validation loss 6.732e-01. Saving...
2025-08-18 19:00:28,838:INFO:Epoch: 3950/10000 | Train Loss: 1.691e-01 | Dynamic Loss: 1.691e-01 | Regularization Loss: 0.000e+00 | Val Loss: 6.681e-01 | Time: 5.80s
2025-08-18 19:00:28,838:INFO:New best model found at epoch 3950 with validation loss 6.681e-01. Saving...
2025-08-18 19:00:34,713:INFO:Epoch: 4000/10000 | Train Loss: 1.476e-01 | Dynamic Loss: 1.476e-01 | Regularization Loss: 0.000e+00 | Val Loss: 6.839e-01 | Time: 5.87s
2025-08-18 19:00:45,911:INFO:Epoch: 4050/10000 | Train Loss: 1.494e-01 | Dynamic Loss: 1.494e-01 | Regularization Loss: 0.000e+00 | Val Loss: 6.759e-01 | Time: 11.20s
2025-08-18 19:00:52,219:INFO:Epoch: 4100/10000 | Train Loss: 1.527e-01 | Dynamic Loss: 1.527e-01 | Regularization Loss: 0.000e+00 | Val Loss: 6.936e-01 | Time: 6.31s
2025-08-18 19:00:58,266:INFO:Epoch: 4150/10000 | Train Loss: 1.375e-01 | Dynamic Loss: 1.375e-01 | Regularization Loss: 0.000e+00 | Val Loss: 6.529e-01 | Time: 6.05s
2025-08-18 19:00:58,266:INFO:New best model found at epoch 4150 with validation loss 6.529e-01. Saving...
