2025-08-21 01:55:05,509:INFO:Created DataLoaders with 1194 training samples and 398 validation samples.
2025-08-21 01:55:20,425:INFO:model params: 2512001
2025-08-21 01:55:20,425:INFO:removing projection layer after initialization
2025-08-21 01:55:51,056:INFO:Epoch: 0/40000 | Train Loss: 2.898e+00 | Dynamic Loss: 2.898e+00 | Regularization Loss: 0.000e+00 | Val Loss: 2.723e+00 | Time: 30.51s
2025-08-21 01:55:51,056:INFO:New best model found at epoch 0 with validation loss 2.723e+00. Saving...
2025-08-21 01:55:55,749:INFO:Epoch: 50/40000 | Train Loss: 1.881e+00 | Dynamic Loss: 1.881e+00 | Regularization Loss: 0.000e+00 | Val Loss: 1.926e+00 | Time: 4.52s
2025-08-21 01:55:55,749:INFO:New best model found at epoch 50 with validation loss 1.926e+00. Saving...
2025-08-21 01:56:00,437:INFO:Epoch: 100/40000 | Train Loss: 1.823e+00 | Dynamic Loss: 1.823e+00 | Regularization Loss: 0.000e+00 | Val Loss: 1.822e+00 | Time: 4.56s
2025-08-21 01:56:00,437:INFO:New best model found at epoch 100 with validation loss 1.822e+00. Saving...
2025-08-21 01:56:05,211:INFO:Epoch: 150/40000 | Train Loss: 1.762e+00 | Dynamic Loss: 1.762e+00 | Regularization Loss: 0.000e+00 | Val Loss: 1.777e+00 | Time: 4.64s
2025-08-21 01:56:05,211:INFO:New best model found at epoch 150 with validation loss 1.777e+00. Saving...
2025-08-21 01:56:09,914:INFO:Epoch: 200/40000 | Train Loss: 1.709e+00 | Dynamic Loss: 1.709e+00 | Regularization Loss: 0.000e+00 | Val Loss: 1.737e+00 | Time: 4.57s
2025-08-21 01:56:09,914:INFO:New best model found at epoch 200 with validation loss 1.737e+00. Saving...
2025-08-21 01:56:14,767:INFO:Epoch: 250/40000 | Train Loss: 1.659e+00 | Dynamic Loss: 1.659e+00 | Regularization Loss: 0.000e+00 | Val Loss: 1.722e+00 | Time: 4.73s
2025-08-21 01:56:14,768:INFO:New best model found at epoch 250 with validation loss 1.722e+00. Saving...
2025-08-21 01:56:19,491:INFO:Epoch: 300/40000 | Train Loss: 1.648e+00 | Dynamic Loss: 1.648e+00 | Regularization Loss: 0.000e+00 | Val Loss: 1.702e+00 | Time: 4.60s
2025-08-21 01:56:19,491:INFO:New best model found at epoch 300 with validation loss 1.702e+00. Saving...
2025-08-21 01:56:24,309:INFO:Epoch: 350/40000 | Train Loss: 1.635e+00 | Dynamic Loss: 1.635e+00 | Regularization Loss: 0.000e+00 | Val Loss: 1.688e+00 | Time: 4.69s
2025-08-21 01:56:24,309:INFO:New best model found at epoch 350 with validation loss 1.688e+00. Saving...
2025-08-21 01:56:29,131:INFO:Epoch: 400/40000 | Train Loss: 1.619e+00 | Dynamic Loss: 1.619e+00 | Regularization Loss: 0.000e+00 | Val Loss: 1.671e+00 | Time: 4.68s
2025-08-21 01:56:29,131:INFO:New best model found at epoch 400 with validation loss 1.671e+00. Saving...
2025-08-21 01:56:33,842:INFO:Epoch: 450/40000 | Train Loss: 1.612e+00 | Dynamic Loss: 1.612e+00 | Regularization Loss: 0.000e+00 | Val Loss: 1.662e+00 | Time: 4.59s
2025-08-21 01:56:33,842:INFO:New best model found at epoch 450 with validation loss 1.662e+00. Saving...
2025-08-21 01:56:38,572:INFO:Epoch: 500/40000 | Train Loss: 1.597e+00 | Dynamic Loss: 1.597e+00 | Regularization Loss: 0.000e+00 | Val Loss: 1.650e+00 | Time: 4.61s
2025-08-21 01:56:38,572:INFO:New best model found at epoch 500 with validation loss 1.650e+00. Saving...
2025-08-21 01:56:43,671:INFO:Epoch: 550/40000 | Train Loss: 1.586e+00 | Dynamic Loss: 1.586e+00 | Regularization Loss: 0.000e+00 | Val Loss: 1.642e+00 | Time: 4.85s
2025-08-21 01:56:43,671:INFO:New best model found at epoch 550 with validation loss 1.642e+00. Saving...
2025-08-21 01:56:48,539:INFO:Epoch: 600/40000 | Train Loss: 1.582e+00 | Dynamic Loss: 1.582e+00 | Regularization Loss: 0.000e+00 | Val Loss: 1.639e+00 | Time: 4.74s
2025-08-21 01:56:48,539:INFO:New best model found at epoch 600 with validation loss 1.639e+00. Saving...
2025-08-21 01:56:53,405:INFO:Epoch: 650/40000 | Train Loss: 1.565e+00 | Dynamic Loss: 1.565e+00 | Regularization Loss: 0.000e+00 | Val Loss: 1.628e+00 | Time: 4.74s
2025-08-21 01:56:53,405:INFO:New best model found at epoch 650 with validation loss 1.628e+00. Saving...
2025-08-21 01:56:58,281:INFO:Epoch: 700/40000 | Train Loss: 1.556e+00 | Dynamic Loss: 1.556e+00 | Regularization Loss: 0.000e+00 | Val Loss: 1.620e+00 | Time: 4.74s
2025-08-21 01:56:58,281:INFO:New best model found at epoch 700 with validation loss 1.620e+00. Saving...
2025-08-21 01:57:03,116:INFO:Epoch: 750/40000 | Train Loss: 1.548e+00 | Dynamic Loss: 1.548e+00 | Regularization Loss: 0.000e+00 | Val Loss: 1.617e+00 | Time: 4.71s
2025-08-21 01:57:03,116:INFO:New best model found at epoch 750 with validation loss 1.617e+00. Saving...
2025-08-21 01:57:08,925:INFO:Epoch: 800/40000 | Train Loss: 1.532e+00 | Dynamic Loss: 1.532e+00 | Regularization Loss: 0.000e+00 | Val Loss: 1.599e+00 | Time: 5.68s
2025-08-21 01:57:08,925:INFO:New best model found at epoch 800 with validation loss 1.599e+00. Saving...
2025-08-21 01:57:13,699:INFO:Epoch: 850/40000 | Train Loss: 1.521e+00 | Dynamic Loss: 1.521e+00 | Regularization Loss: 0.000e+00 | Val Loss: 1.588e+00 | Time: 4.66s
2025-08-21 01:57:13,699:INFO:New best model found at epoch 850 with validation loss 1.588e+00. Saving...
2025-08-21 01:57:18,433:INFO:Epoch: 900/40000 | Train Loss: 1.540e+00 | Dynamic Loss: 1.540e+00 | Regularization Loss: 0.000e+00 | Val Loss: 1.584e+00 | Time: 4.62s
2025-08-21 01:57:18,433:INFO:New best model found at epoch 900 with validation loss 1.584e+00. Saving...
2025-08-21 01:57:23,117:INFO:Epoch: 950/40000 | Train Loss: 1.484e+00 | Dynamic Loss: 1.484e+00 | Regularization Loss: 0.000e+00 | Val Loss: 1.551e+00 | Time: 4.57s
2025-08-21 01:57:23,117:INFO:New best model found at epoch 950 with validation loss 1.551e+00. Saving...
2025-08-21 01:57:28,073:INFO:Epoch: 1000/40000 | Train Loss: 1.463e+00 | Dynamic Loss: 1.463e+00 | Regularization Loss: 0.000e+00 | Val Loss: 1.531e+00 | Time: 4.84s
2025-08-21 01:57:28,073:INFO:New best model found at epoch 1000 with validation loss 1.531e+00. Saving...
2025-08-21 01:57:32,923:INFO:Epoch: 1050/40000 | Train Loss: 1.457e+00 | Dynamic Loss: 1.457e+00 | Regularization Loss: 0.000e+00 | Val Loss: 1.527e+00 | Time: 4.73s
2025-08-21 01:57:32,924:INFO:New best model found at epoch 1050 with validation loss 1.527e+00. Saving...
2025-08-21 01:57:37,805:INFO:Epoch: 1100/40000 | Train Loss: 1.429e+00 | Dynamic Loss: 1.429e+00 | Regularization Loss: 0.000e+00 | Val Loss: 1.495e+00 | Time: 4.76s
2025-08-21 01:57:37,806:INFO:New best model found at epoch 1100 with validation loss 1.495e+00. Saving...
2025-08-21 01:57:42,540:INFO:Epoch: 1150/40000 | Train Loss: 1.417e+00 | Dynamic Loss: 1.417e+00 | Regularization Loss: 0.000e+00 | Val Loss: 1.482e+00 | Time: 4.61s
2025-08-21 01:57:42,540:INFO:New best model found at epoch 1150 with validation loss 1.482e+00. Saving...
2025-08-21 01:57:47,392:INFO:Epoch: 1200/40000 | Train Loss: 1.451e+00 | Dynamic Loss: 1.451e+00 | Regularization Loss: 0.000e+00 | Val Loss: 1.491e+00 | Time: 4.73s
2025-08-21 01:57:52,311:INFO:Epoch: 1250/40000 | Train Loss: 1.376e+00 | Dynamic Loss: 1.376e+00 | Regularization Loss: 0.000e+00 | Val Loss: 1.438e+00 | Time: 4.81s
2025-08-21 01:57:52,311:INFO:New best model found at epoch 1250 with validation loss 1.438e+00. Saving...
2025-08-21 01:57:57,119:INFO:Epoch: 1300/40000 | Train Loss: 1.364e+00 | Dynamic Loss: 1.364e+00 | Regularization Loss: 0.000e+00 | Val Loss: 1.432e+00 | Time: 4.68s
2025-08-21 01:57:57,120:INFO:New best model found at epoch 1300 with validation loss 1.432e+00. Saving...
2025-08-21 01:58:02,037:INFO:Epoch: 1350/40000 | Train Loss: 1.372e+00 | Dynamic Loss: 1.372e+00 | Regularization Loss: 0.000e+00 | Val Loss: 1.415e+00 | Time: 4.79s
2025-08-21 01:58:02,037:INFO:New best model found at epoch 1350 with validation loss 1.415e+00. Saving...
2025-08-21 01:58:06,855:INFO:Epoch: 1400/40000 | Train Loss: 1.343e+00 | Dynamic Loss: 1.343e+00 | Regularization Loss: 0.000e+00 | Val Loss: 1.406e+00 | Time: 4.69s
2025-08-21 01:58:06,855:INFO:New best model found at epoch 1400 with validation loss 1.406e+00. Saving...
2025-08-21 01:58:11,742:INFO:Epoch: 1450/40000 | Train Loss: 1.288e+00 | Dynamic Loss: 1.288e+00 | Regularization Loss: 0.000e+00 | Val Loss: 1.385e+00 | Time: 4.76s
2025-08-21 01:58:11,742:INFO:New best model found at epoch 1450 with validation loss 1.385e+00. Saving...
2025-08-21 01:58:16,542:INFO:Epoch: 1500/40000 | Train Loss: 1.257e+00 | Dynamic Loss: 1.257e+00 | Regularization Loss: 0.000e+00 | Val Loss: 1.329e+00 | Time: 4.67s
2025-08-21 01:58:16,543:INFO:New best model found at epoch 1500 with validation loss 1.329e+00. Saving...
2025-08-21 01:58:21,444:INFO:Epoch: 1550/40000 | Train Loss: 1.241e+00 | Dynamic Loss: 1.241e+00 | Regularization Loss: 0.000e+00 | Val Loss: 1.316e+00 | Time: 4.77s
2025-08-21 01:58:21,444:INFO:New best model found at epoch 1550 with validation loss 1.316e+00. Saving...
2025-08-21 01:58:26,319:INFO:Epoch: 1600/40000 | Train Loss: 1.211e+00 | Dynamic Loss: 1.211e+00 | Regularization Loss: 0.000e+00 | Val Loss: 1.299e+00 | Time: 4.62s
2025-08-21 01:58:26,319:INFO:New best model found at epoch 1600 with validation loss 1.299e+00. Saving...
2025-08-21 01:58:31,103:INFO:Epoch: 1650/40000 | Train Loss: 1.252e+00 | Dynamic Loss: 1.252e+00 | Regularization Loss: 0.000e+00 | Val Loss: 1.323e+00 | Time: 4.66s
2025-08-21 01:58:35,903:INFO:Epoch: 1700/40000 | Train Loss: 1.146e+00 | Dynamic Loss: 1.146e+00 | Regularization Loss: 0.000e+00 | Val Loss: 1.218e+00 | Time: 4.69s
2025-08-21 01:58:35,903:INFO:New best model found at epoch 1700 with validation loss 1.218e+00. Saving...
2025-08-21 01:58:40,711:INFO:Epoch: 1750/40000 | Train Loss: 1.276e+00 | Dynamic Loss: 1.276e+00 | Regularization Loss: 0.000e+00 | Val Loss: 1.364e+00 | Time: 4.68s
2025-08-21 01:58:45,440:INFO:Epoch: 1800/40000 | Train Loss: 1.139e+00 | Dynamic Loss: 1.139e+00 | Regularization Loss: 0.000e+00 | Val Loss: 1.221e+00 | Time: 4.62s
2025-08-21 01:58:57,595:INFO:Epoch: 1850/40000 | Train Loss: 1.095e+00 | Dynamic Loss: 1.095e+00 | Regularization Loss: 0.000e+00 | Val Loss: 1.177e+00 | Time: 12.05s
2025-08-21 01:58:57,595:INFO:New best model found at epoch 1850 with validation loss 1.177e+00. Saving...
2025-08-21 01:59:02,451:INFO:Epoch: 1900/40000 | Train Loss: 1.094e+00 | Dynamic Loss: 1.094e+00 | Regularization Loss: 0.000e+00 | Val Loss: 1.169e+00 | Time: 4.73s
2025-08-21 01:59:02,452:INFO:New best model found at epoch 1900 with validation loss 1.169e+00. Saving...
2025-08-21 01:59:07,222:INFO:Epoch: 1950/40000 | Train Loss: 1.089e+00 | Dynamic Loss: 1.089e+00 | Regularization Loss: 0.000e+00 | Val Loss: 1.181e+00 | Time: 4.64s
2025-08-21 01:59:12,100:INFO:Epoch: 2000/40000 | Train Loss: 1.068e+00 | Dynamic Loss: 1.068e+00 | Regularization Loss: 0.000e+00 | Val Loss: 1.139e+00 | Time: 4.77s
2025-08-21 01:59:12,100:INFO:New best model found at epoch 2000 with validation loss 1.139e+00. Saving...
2025-08-21 01:59:24,025:INFO:Epoch: 2050/40000 | Train Loss: 1.030e+00 | Dynamic Loss: 1.030e+00 | Regularization Loss: 0.000e+00 | Val Loss: 1.113e+00 | Time: 11.81s
2025-08-21 01:59:24,026:INFO:New best model found at epoch 2050 with validation loss 1.113e+00. Saving...
2025-08-21 01:59:28,912:INFO:Epoch: 2100/40000 | Train Loss: 1.048e+00 | Dynamic Loss: 1.048e+00 | Regularization Loss: 0.000e+00 | Val Loss: 1.157e+00 | Time: 4.77s
2025-08-21 01:59:33,769:INFO:Epoch: 2150/40000 | Train Loss: 1.510e+00 | Dynamic Loss: 1.510e+00 | Regularization Loss: 0.000e+00 | Val Loss: 1.803e+00 | Time: 4.76s
2025-08-21 01:59:38,597:INFO:Epoch: 2200/40000 | Train Loss: 9.558e-01 | Dynamic Loss: 9.558e-01 | Regularization Loss: 0.000e+00 | Val Loss: 1.051e+00 | Time: 4.73s
2025-08-21 01:59:38,597:INFO:New best model found at epoch 2200 with validation loss 1.051e+00. Saving...
2025-08-21 01:59:46,977:INFO:Epoch: 2250/40000 | Train Loss: 3.877e+00 | Dynamic Loss: 3.877e+00 | Regularization Loss: 0.000e+00 | Val Loss: 1.467e+00 | Time: 8.26s
2025-08-21 01:59:51,785:INFO:Epoch: 2300/40000 | Train Loss: 1.091e+00 | Dynamic Loss: 1.091e+00 | Regularization Loss: 0.000e+00 | Val Loss: 1.172e+00 | Time: 4.71s
2025-08-21 01:59:56,629:INFO:Epoch: 2350/40000 | Train Loss: 9.687e-01 | Dynamic Loss: 9.687e-01 | Regularization Loss: 0.000e+00 | Val Loss: 1.055e+00 | Time: 4.74s
2025-08-21 02:00:01,596:INFO:Epoch: 2400/40000 | Train Loss: 9.335e-01 | Dynamic Loss: 9.335e-01 | Regularization Loss: 0.000e+00 | Val Loss: 1.033e+00 | Time: 4.87s
2025-08-21 02:00:01,596:INFO:New best model found at epoch 2400 with validation loss 1.033e+00. Saving...
2025-08-21 02:00:07,422:INFO:Epoch: 2450/40000 | Train Loss: 9.012e-01 | Dynamic Loss: 9.012e-01 | Regularization Loss: 0.000e+00 | Val Loss: 9.991e-01 | Time: 5.70s
2025-08-21 02:00:07,422:INFO:New best model found at epoch 2450 with validation loss 9.991e-01. Saving...
2025-08-21 02:00:12,270:INFO:Epoch: 2500/40000 | Train Loss: 8.902e-01 | Dynamic Loss: 8.902e-01 | Regularization Loss: 0.000e+00 | Val Loss: 9.945e-01 | Time: 4.73s
2025-08-21 02:00:12,270:INFO:New best model found at epoch 2500 with validation loss 9.945e-01. Saving...
2025-08-21 02:00:17,275:INFO:Epoch: 2550/40000 | Train Loss: 9.684e-01 | Dynamic Loss: 9.684e-01 | Regularization Loss: 0.000e+00 | Val Loss: 1.031e+00 | Time: 4.88s
2025-08-21 02:00:22,167:INFO:Epoch: 2600/40000 | Train Loss: 8.643e-01 | Dynamic Loss: 8.643e-01 | Regularization Loss: 0.000e+00 | Val Loss: 9.694e-01 | Time: 4.79s
2025-08-21 02:00:22,168:INFO:New best model found at epoch 2600 with validation loss 9.694e-01. Saving...
2025-08-21 02:00:27,111:INFO:Epoch: 2650/40000 | Train Loss: 8.933e-01 | Dynamic Loss: 8.933e-01 | Regularization Loss: 0.000e+00 | Val Loss: 1.017e+00 | Time: 4.82s
2025-08-21 02:00:32,032:INFO:Epoch: 2700/40000 | Train Loss: 8.409e-01 | Dynamic Loss: 8.409e-01 | Regularization Loss: 0.000e+00 | Val Loss: 9.489e-01 | Time: 4.82s
2025-08-21 02:00:32,032:INFO:New best model found at epoch 2700 with validation loss 9.489e-01. Saving...
2025-08-21 02:00:36,996:INFO:Epoch: 2750/40000 | Train Loss: 8.396e-01 | Dynamic Loss: 8.396e-01 | Regularization Loss: 0.000e+00 | Val Loss: 9.389e-01 | Time: 4.84s
2025-08-21 02:00:36,996:INFO:New best model found at epoch 2750 with validation loss 9.389e-01. Saving...
2025-08-21 02:00:41,825:INFO:Epoch: 2800/40000 | Train Loss: 8.398e-01 | Dynamic Loss: 8.398e-01 | Regularization Loss: 0.000e+00 | Val Loss: 9.531e-01 | Time: 4.71s
2025-08-21 02:00:46,742:INFO:Epoch: 2850/40000 | Train Loss: 1.009e+00 | Dynamic Loss: 1.009e+00 | Regularization Loss: 0.000e+00 | Val Loss: 1.284e+00 | Time: 4.68s
2025-08-21 02:00:51,685:INFO:Epoch: 2900/40000 | Train Loss: 8.017e-01 | Dynamic Loss: 8.017e-01 | Regularization Loss: 0.000e+00 | Val Loss: 9.067e-01 | Time: 4.84s
2025-08-21 02:00:51,685:INFO:New best model found at epoch 2900 with validation loss 9.067e-01. Saving...
2025-08-21 02:00:56,616:INFO:Epoch: 2950/40000 | Train Loss: 8.104e-01 | Dynamic Loss: 8.104e-01 | Regularization Loss: 0.000e+00 | Val Loss: 9.145e-01 | Time: 4.80s
2025-08-21 02:01:01,513:INFO:Epoch: 3000/40000 | Train Loss: 7.722e-01 | Dynamic Loss: 7.722e-01 | Regularization Loss: 0.000e+00 | Val Loss: 8.821e-01 | Time: 4.79s
2025-08-21 02:01:01,513:INFO:New best model found at epoch 3000 with validation loss 8.821e-01. Saving...
2025-08-21 02:01:06,543:INFO:Epoch: 3050/40000 | Train Loss: 7.951e-01 | Dynamic Loss: 7.951e-01 | Regularization Loss: 0.000e+00 | Val Loss: 9.047e-01 | Time: 4.76s
2025-08-21 02:01:11,455:INFO:Epoch: 3100/40000 | Train Loss: 7.654e-01 | Dynamic Loss: 7.654e-01 | Regularization Loss: 0.000e+00 | Val Loss: 8.774e-01 | Time: 4.81s
2025-08-21 02:01:11,455:INFO:New best model found at epoch 3100 with validation loss 8.774e-01. Saving...
2025-08-21 02:01:16,365:INFO:Epoch: 3150/40000 | Train Loss: 7.478e-01 | Dynamic Loss: 7.478e-01 | Regularization Loss: 0.000e+00 | Val Loss: 8.602e-01 | Time: 4.78s
2025-08-21 02:01:16,365:INFO:New best model found at epoch 3150 with validation loss 8.602e-01. Saving...
2025-08-21 02:01:21,196:INFO:Epoch: 3200/40000 | Train Loss: 8.642e-01 | Dynamic Loss: 8.642e-01 | Regularization Loss: 0.000e+00 | Val Loss: 1.380e+00 | Time: 4.71s
2025-08-21 02:01:26,214:INFO:Epoch: 3250/40000 | Train Loss: 7.590e-01 | Dynamic Loss: 7.590e-01 | Regularization Loss: 0.000e+00 | Val Loss: 8.749e-01 | Time: 4.78s
2025-08-21 02:01:31,124:INFO:Epoch: 3300/40000 | Train Loss: 7.223e-01 | Dynamic Loss: 7.223e-01 | Regularization Loss: 0.000e+00 | Val Loss: 8.390e-01 | Time: 4.81s
2025-08-21 02:01:31,124:INFO:New best model found at epoch 3300 with validation loss 8.390e-01. Saving...
2025-08-21 02:01:36,065:INFO:Epoch: 3350/40000 | Train Loss: 7.285e-01 | Dynamic Loss: 7.285e-01 | Regularization Loss: 0.000e+00 | Val Loss: 8.577e-01 | Time: 4.81s
2025-08-21 02:01:40,966:INFO:Epoch: 3400/40000 | Train Loss: 9.020e-01 | Dynamic Loss: 9.020e-01 | Regularization Loss: 0.000e+00 | Val Loss: 1.192e+00 | Time: 4.79s
2025-08-21 02:01:45,993:INFO:Epoch: 3450/40000 | Train Loss: 7.057e-01 | Dynamic Loss: 7.057e-01 | Regularization Loss: 0.000e+00 | Val Loss: 8.485e-01 | Time: 4.92s
2025-08-21 02:01:50,924:INFO:Epoch: 3500/40000 | Train Loss: 6.865e-01 | Dynamic Loss: 6.865e-01 | Regularization Loss: 0.000e+00 | Val Loss: 8.035e-01 | Time: 4.82s
2025-08-21 02:01:50,924:INFO:New best model found at epoch 3500 with validation loss 8.035e-01. Saving...
2025-08-21 02:01:55,866:INFO:Epoch: 3550/40000 | Train Loss: 7.544e-01 | Dynamic Loss: 7.544e-01 | Regularization Loss: 0.000e+00 | Val Loss: 8.936e-01 | Time: 4.81s
2025-08-21 02:02:00,729:INFO:Epoch: 3600/40000 | Train Loss: 6.717e-01 | Dynamic Loss: 6.717e-01 | Regularization Loss: 0.000e+00 | Val Loss: 7.973e-01 | Time: 4.76s
2025-08-21 02:02:00,729:INFO:New best model found at epoch 3600 with validation loss 7.973e-01. Saving...
2025-08-21 02:02:05,713:INFO:Epoch: 3650/40000 | Train Loss: 6.639e-01 | Dynamic Loss: 6.639e-01 | Regularization Loss: 0.000e+00 | Val Loss: 7.875e-01 | Time: 4.86s
2025-08-21 02:02:05,713:INFO:New best model found at epoch 3650 with validation loss 7.875e-01. Saving...
2025-08-21 02:02:10,600:INFO:Epoch: 3700/40000 | Train Loss: 6.675e-01 | Dynamic Loss: 6.675e-01 | Regularization Loss: 0.000e+00 | Val Loss: 8.047e-01 | Time: 4.76s
2025-08-21 02:02:15,362:INFO:Epoch: 3750/40000 | Train Loss: 6.723e-01 | Dynamic Loss: 6.723e-01 | Regularization Loss: 0.000e+00 | Val Loss: 7.835e-01 | Time: 4.65s
2025-08-21 02:02:15,362:INFO:New best model found at epoch 3750 with validation loss 7.835e-01. Saving...
2025-08-21 02:02:20,355:INFO:Epoch: 3800/40000 | Train Loss: 6.283e-01 | Dynamic Loss: 6.283e-01 | Regularization Loss: 0.000e+00 | Val Loss: 7.532e-01 | Time: 4.87s
2025-08-21 02:02:20,355:INFO:New best model found at epoch 3800 with validation loss 7.532e-01. Saving...
2025-08-21 02:02:25,390:INFO:Epoch: 3850/40000 | Train Loss: 7.313e-01 | Dynamic Loss: 7.313e-01 | Regularization Loss: 0.000e+00 | Val Loss: 8.598e-01 | Time: 4.90s
2025-08-21 02:02:30,360:INFO:Epoch: 3900/40000 | Train Loss: 6.400e-01 | Dynamic Loss: 6.400e-01 | Regularization Loss: 0.000e+00 | Val Loss: 7.675e-01 | Time: 4.86s
2025-08-21 02:02:35,356:INFO:Epoch: 3950/40000 | Train Loss: 6.382e-01 | Dynamic Loss: 6.382e-01 | Regularization Loss: 0.000e+00 | Val Loss: 7.653e-01 | Time: 4.89s
2025-08-21 02:02:40,303:INFO:Epoch: 4000/40000 | Train Loss: 6.488e-01 | Dynamic Loss: 6.488e-01 | Regularization Loss: 0.000e+00 | Val Loss: 7.771e-01 | Time: 4.83s
