2025-08-18 14:04:49,037:INFO:Created DataLoaders with 2994 training samples and 998 validation samples.
2025-08-18 14:04:49,714:INFO:model params: 395009
2025-08-18 14:04:50,542:INFO:Epoch: 0/20000 | Train Loss: 1.915e+00 | Dynamic Loss: 1.915e+00 | Regularization Loss: 0.000e+00 | Val Loss: 2.204e+00 | Time: 0.83s
2025-08-18 14:04:50,542:INFO:New best model found at epoch 0 with validation loss 2.204e+00. Saving...
2025-08-18 14:04:54,782:INFO:Epoch: 50/20000 | Train Loss: 1.625e+00 | Dynamic Loss: 1.625e+00 | Regularization Loss: 0.000e+00 | Val Loss: 1.638e+00 | Time: 4.23s
2025-08-18 14:04:54,782:INFO:New best model found at epoch 50 with validation loss 1.638e+00. Saving...
2025-08-18 14:05:04,013:INFO:Epoch: 100/20000 | Train Loss: 1.500e+00 | Dynamic Loss: 1.500e+00 | Regularization Loss: 0.000e+00 | Val Loss: 1.516e+00 | Time: 9.21s
2025-08-18 14:05:04,014:INFO:New best model found at epoch 100 with validation loss 1.516e+00. Saving...
2025-08-18 14:05:08,460:INFO:Epoch: 150/20000 | Train Loss: 1.415e+00 | Dynamic Loss: 1.415e+00 | Regularization Loss: 0.000e+00 | Val Loss: 1.428e+00 | Time: 4.44s
2025-08-18 14:05:08,460:INFO:New best model found at epoch 150 with validation loss 1.428e+00. Saving...
2025-08-18 14:05:12,761:INFO:Epoch: 200/20000 | Train Loss: 1.324e+00 | Dynamic Loss: 1.324e+00 | Regularization Loss: 0.000e+00 | Val Loss: 1.357e+00 | Time: 4.29s
2025-08-18 14:05:12,761:INFO:New best model found at epoch 200 with validation loss 1.357e+00. Saving...
2025-08-18 14:05:17,073:INFO:Epoch: 250/20000 | Train Loss: 1.289e+00 | Dynamic Loss: 1.289e+00 | Regularization Loss: 0.000e+00 | Val Loss: 1.325e+00 | Time: 4.31s
2025-08-18 14:05:17,073:INFO:New best model found at epoch 250 with validation loss 1.325e+00. Saving...
2025-08-18 14:05:21,556:INFO:Epoch: 300/20000 | Train Loss: 1.242e+00 | Dynamic Loss: 1.242e+00 | Regularization Loss: 0.000e+00 | Val Loss: 1.281e+00 | Time: 4.48s
2025-08-18 14:05:21,557:INFO:New best model found at epoch 300 with validation loss 1.281e+00. Saving...
2025-08-18 14:05:25,926:INFO:Epoch: 350/20000 | Train Loss: 1.215e+00 | Dynamic Loss: 1.215e+00 | Regularization Loss: 0.000e+00 | Val Loss: 1.256e+00 | Time: 4.36s
2025-08-18 14:05:25,926:INFO:New best model found at epoch 350 with validation loss 1.256e+00. Saving...
2025-08-18 14:05:30,224:INFO:Epoch: 400/20000 | Train Loss: 1.171e+00 | Dynamic Loss: 1.171e+00 | Regularization Loss: 0.000e+00 | Val Loss: 1.218e+00 | Time: 4.29s
2025-08-18 14:05:30,224:INFO:New best model found at epoch 400 with validation loss 1.218e+00. Saving...
2025-08-18 14:05:34,670:INFO:Epoch: 450/20000 | Train Loss: 1.152e+00 | Dynamic Loss: 1.152e+00 | Regularization Loss: 0.000e+00 | Val Loss: 1.202e+00 | Time: 4.44s
2025-08-18 14:05:34,670:INFO:New best model found at epoch 450 with validation loss 1.202e+00. Saving...
2025-08-18 14:05:39,027:INFO:Epoch: 500/20000 | Train Loss: 1.115e+00 | Dynamic Loss: 1.115e+00 | Regularization Loss: 0.000e+00 | Val Loss: 1.165e+00 | Time: 4.35s
2025-08-18 14:05:39,027:INFO:New best model found at epoch 500 with validation loss 1.165e+00. Saving...
2025-08-18 14:05:43,469:INFO:Epoch: 550/20000 | Train Loss: 1.090e+00 | Dynamic Loss: 1.090e+00 | Regularization Loss: 0.000e+00 | Val Loss: 1.140e+00 | Time: 4.44s
2025-08-18 14:05:43,469:INFO:New best model found at epoch 550 with validation loss 1.140e+00. Saving...
2025-08-18 14:05:47,806:INFO:Epoch: 600/20000 | Train Loss: 1.146e+00 | Dynamic Loss: 1.146e+00 | Regularization Loss: 0.000e+00 | Val Loss: 1.183e+00 | Time: 4.33s
2025-08-18 14:05:52,327:INFO:Epoch: 650/20000 | Train Loss: 1.039e+00 | Dynamic Loss: 1.039e+00 | Regularization Loss: 0.000e+00 | Val Loss: 1.084e+00 | Time: 4.52s
2025-08-18 14:05:52,327:INFO:New best model found at epoch 650 with validation loss 1.084e+00. Saving...
2025-08-18 14:05:56,730:INFO:Epoch: 700/20000 | Train Loss: 9.868e-01 | Dynamic Loss: 9.868e-01 | Regularization Loss: 0.000e+00 | Val Loss: 1.047e+00 | Time: 4.40s
2025-08-18 14:05:56,731:INFO:New best model found at epoch 700 with validation loss 1.047e+00. Saving...
2025-08-18 14:06:01,186:INFO:Epoch: 750/20000 | Train Loss: 9.308e-01 | Dynamic Loss: 9.308e-01 | Regularization Loss: 0.000e+00 | Val Loss: 1.000e+00 | Time: 4.45s
2025-08-18 14:06:01,186:INFO:New best model found at epoch 750 with validation loss 1.000e+00. Saving...
2025-08-18 14:06:05,598:INFO:Epoch: 800/20000 | Train Loss: 9.540e-01 | Dynamic Loss: 9.540e-01 | Regularization Loss: 0.000e+00 | Val Loss: 1.017e+00 | Time: 4.41s
2025-08-18 14:06:15,469:INFO:Epoch: 850/20000 | Train Loss: 8.641e-01 | Dynamic Loss: 8.641e-01 | Regularization Loss: 0.000e+00 | Val Loss: 9.413e-01 | Time: 9.87s
2025-08-18 14:06:15,469:INFO:New best model found at epoch 850 with validation loss 9.413e-01. Saving...
2025-08-18 14:06:19,947:INFO:Epoch: 900/20000 | Train Loss: 1.021e+00 | Dynamic Loss: 1.021e+00 | Regularization Loss: 0.000e+00 | Val Loss: 9.981e-01 | Time: 4.47s
2025-08-18 14:06:24,375:INFO:Epoch: 950/20000 | Train Loss: 8.531e-01 | Dynamic Loss: 8.531e-01 | Regularization Loss: 0.000e+00 | Val Loss: 9.290e-01 | Time: 4.43s
2025-08-18 14:06:24,375:INFO:New best model found at epoch 950 with validation loss 9.290e-01. Saving...
2025-08-18 14:06:28,983:INFO:Epoch: 1000/20000 | Train Loss: 7.855e-01 | Dynamic Loss: 7.855e-01 | Regularization Loss: 0.000e+00 | Val Loss: 8.665e-01 | Time: 4.60s
2025-08-18 14:06:28,984:INFO:New best model found at epoch 1000 with validation loss 8.665e-01. Saving...
2025-08-18 14:06:33,436:INFO:Epoch: 1050/20000 | Train Loss: 7.671e-01 | Dynamic Loss: 7.671e-01 | Regularization Loss: 0.000e+00 | Val Loss: 8.486e-01 | Time: 4.45s
2025-08-18 14:06:33,436:INFO:New best model found at epoch 1050 with validation loss 8.486e-01. Saving...
2025-08-18 14:06:37,954:INFO:Epoch: 1100/20000 | Train Loss: 7.772e-01 | Dynamic Loss: 7.772e-01 | Regularization Loss: 0.000e+00 | Val Loss: 8.521e-01 | Time: 4.51s
2025-08-18 14:06:42,393:INFO:Epoch: 1150/20000 | Train Loss: 7.340e-01 | Dynamic Loss: 7.340e-01 | Regularization Loss: 0.000e+00 | Val Loss: 8.214e-01 | Time: 4.44s
2025-08-18 14:06:42,394:INFO:New best model found at epoch 1150 with validation loss 8.214e-01. Saving...
2025-08-18 14:06:52,849:INFO:Epoch: 1200/20000 | Train Loss: 7.211e-01 | Dynamic Loss: 7.211e-01 | Regularization Loss: 0.000e+00 | Val Loss: 8.099e-01 | Time: 10.45s
2025-08-18 14:06:52,850:INFO:New best model found at epoch 1200 with validation loss 8.099e-01. Saving...
2025-08-18 14:06:57,275:INFO:Epoch: 1250/20000 | Train Loss: 7.084e-01 | Dynamic Loss: 7.084e-01 | Regularization Loss: 0.000e+00 | Val Loss: 7.958e-01 | Time: 4.42s
2025-08-18 14:06:57,275:INFO:New best model found at epoch 1250 with validation loss 7.958e-01. Saving...
2025-08-18 14:07:01,693:INFO:Epoch: 1300/20000 | Train Loss: 7.529e-01 | Dynamic Loss: 7.529e-01 | Regularization Loss: 0.000e+00 | Val Loss: 8.207e-01 | Time: 4.41s
2025-08-18 14:07:06,369:INFO:Epoch: 1350/20000 | Train Loss: 6.714e-01 | Dynamic Loss: 6.714e-01 | Regularization Loss: 0.000e+00 | Val Loss: 7.619e-01 | Time: 4.68s
2025-08-18 14:07:06,369:INFO:New best model found at epoch 1350 with validation loss 7.619e-01. Saving...
2025-08-18 14:07:10,809:INFO:Epoch: 1400/20000 | Train Loss: 6.459e-01 | Dynamic Loss: 6.459e-01 | Regularization Loss: 0.000e+00 | Val Loss: 7.457e-01 | Time: 4.43s
2025-08-18 14:07:10,809:INFO:New best model found at epoch 1400 with validation loss 7.457e-01. Saving...
2025-08-18 14:07:15,195:INFO:Epoch: 1450/20000 | Train Loss: 6.484e-01 | Dynamic Loss: 6.484e-01 | Regularization Loss: 0.000e+00 | Val Loss: 7.388e-01 | Time: 4.38s
2025-08-18 14:07:15,195:INFO:New best model found at epoch 1450 with validation loss 7.388e-01. Saving...
2025-08-18 14:07:19,602:INFO:Epoch: 1500/20000 | Train Loss: 8.408e-01 | Dynamic Loss: 8.408e-01 | Regularization Loss: 0.000e+00 | Val Loss: 8.461e-01 | Time: 4.40s
2025-08-18 14:07:29,487:INFO:Epoch: 1550/20000 | Train Loss: 6.541e-01 | Dynamic Loss: 6.541e-01 | Regularization Loss: 0.000e+00 | Val Loss: 8.222e-01 | Time: 9.88s
2025-08-18 14:07:33,978:INFO:Epoch: 1600/20000 | Train Loss: 5.847e-01 | Dynamic Loss: 5.847e-01 | Regularization Loss: 0.000e+00 | Val Loss: 6.813e-01 | Time: 4.49s
2025-08-18 14:07:33,978:INFO:New best model found at epoch 1600 with validation loss 6.813e-01. Saving...
2025-08-18 14:07:38,451:INFO:Epoch: 1650/20000 | Train Loss: 5.732e-01 | Dynamic Loss: 5.732e-01 | Regularization Loss: 0.000e+00 | Val Loss: 6.704e-01 | Time: 4.47s
2025-08-18 14:07:38,451:INFO:New best model found at epoch 1650 with validation loss 6.704e-01. Saving...
2025-08-18 14:07:42,994:INFO:Epoch: 1700/20000 | Train Loss: 8.792e-01 | Dynamic Loss: 8.792e-01 | Regularization Loss: 0.000e+00 | Val Loss: 1.022e+00 | Time: 4.54s
2025-08-18 14:07:47,518:INFO:Epoch: 1750/20000 | Train Loss: 7.823e-01 | Dynamic Loss: 7.823e-01 | Regularization Loss: 0.000e+00 | Val Loss: 8.888e-01 | Time: 4.52s
2025-08-18 14:07:51,948:INFO:Epoch: 1800/20000 | Train Loss: 5.599e-01 | Dynamic Loss: 5.599e-01 | Regularization Loss: 0.000e+00 | Val Loss: 6.653e-01 | Time: 4.43s
2025-08-18 14:07:51,948:INFO:New best model found at epoch 1800 with validation loss 6.653e-01. Saving...
2025-08-18 14:07:56,501:INFO:Epoch: 1850/20000 | Train Loss: 5.251e-01 | Dynamic Loss: 5.251e-01 | Regularization Loss: 0.000e+00 | Val Loss: 6.213e-01 | Time: 4.55s
2025-08-18 14:07:56,501:INFO:New best model found at epoch 1850 with validation loss 6.213e-01. Saving...
2025-08-18 14:08:00,981:INFO:Epoch: 1900/20000 | Train Loss: 7.220e-01 | Dynamic Loss: 7.220e-01 | Regularization Loss: 0.000e+00 | Val Loss: 8.355e-01 | Time: 4.47s
2025-08-18 14:08:05,506:INFO:Epoch: 1950/20000 | Train Loss: 5.103e-01 | Dynamic Loss: 5.103e-01 | Regularization Loss: 0.000e+00 | Val Loss: 6.042e-01 | Time: 4.53s
2025-08-18 14:08:05,506:INFO:New best model found at epoch 1950 with validation loss 6.042e-01. Saving...
2025-08-18 14:08:10,011:INFO:Epoch: 2000/20000 | Train Loss: 4.842e-01 | Dynamic Loss: 4.842e-01 | Regularization Loss: 0.000e+00 | Val Loss: 5.818e-01 | Time: 4.50s
2025-08-18 14:08:10,011:INFO:New best model found at epoch 2000 with validation loss 5.818e-01. Saving...
2025-08-18 14:08:14,542:INFO:Epoch: 2050/20000 | Train Loss: 6.253e-01 | Dynamic Loss: 6.253e-01 | Regularization Loss: 0.000e+00 | Val Loss: 6.444e-01 | Time: 4.53s
2025-08-18 14:08:18,944:INFO:Epoch: 2100/20000 | Train Loss: 4.546e-01 | Dynamic Loss: 4.546e-01 | Regularization Loss: 0.000e+00 | Val Loss: 5.533e-01 | Time: 4.40s
2025-08-18 14:08:18,944:INFO:New best model found at epoch 2100 with validation loss 5.533e-01. Saving...
2025-08-18 14:08:23,449:INFO:Epoch: 2150/20000 | Train Loss: 4.439e-01 | Dynamic Loss: 4.439e-01 | Regularization Loss: 0.000e+00 | Val Loss: 5.404e-01 | Time: 4.50s
2025-08-18 14:08:23,449:INFO:New best model found at epoch 2150 with validation loss 5.404e-01. Saving...
2025-08-18 14:08:27,866:INFO:Epoch: 2200/20000 | Train Loss: 4.978e-01 | Dynamic Loss: 4.978e-01 | Regularization Loss: 0.000e+00 | Val Loss: 5.927e-01 | Time: 4.41s
2025-08-18 14:08:38,315:INFO:Epoch: 2250/20000 | Train Loss: 4.503e-01 | Dynamic Loss: 4.503e-01 | Regularization Loss: 0.000e+00 | Val Loss: 5.418e-01 | Time: 10.45s
2025-08-18 14:08:42,823:INFO:Epoch: 2300/20000 | Train Loss: 4.137e-01 | Dynamic Loss: 4.137e-01 | Regularization Loss: 0.000e+00 | Val Loss: 5.096e-01 | Time: 4.51s
2025-08-18 14:08:42,823:INFO:New best model found at epoch 2300 with validation loss 5.096e-01. Saving...
2025-08-18 14:08:47,354:INFO:Epoch: 2350/20000 | Train Loss: 4.319e-01 | Dynamic Loss: 4.319e-01 | Regularization Loss: 0.000e+00 | Val Loss: 5.188e-01 | Time: 4.53s
2025-08-18 14:08:51,904:INFO:Epoch: 2400/20000 | Train Loss: 3.970e-01 | Dynamic Loss: 3.970e-01 | Regularization Loss: 0.000e+00 | Val Loss: 4.859e-01 | Time: 4.55s
2025-08-18 14:08:51,904:INFO:New best model found at epoch 2400 with validation loss 4.859e-01. Saving...
2025-08-18 14:08:56,301:INFO:Epoch: 2450/20000 | Train Loss: 4.259e-01 | Dynamic Loss: 4.259e-01 | Regularization Loss: 0.000e+00 | Val Loss: 5.262e-01 | Time: 4.39s
2025-08-18 14:09:00,762:INFO:Epoch: 2500/20000 | Train Loss: 4.474e-01 | Dynamic Loss: 4.474e-01 | Regularization Loss: 0.000e+00 | Val Loss: 5.278e-01 | Time: 4.46s
2025-08-18 14:09:05,202:INFO:Epoch: 2550/20000 | Train Loss: 3.651e-01 | Dynamic Loss: 3.651e-01 | Regularization Loss: 0.000e+00 | Val Loss: 4.616e-01 | Time: 4.44s
2025-08-18 14:09:05,202:INFO:New best model found at epoch 2550 with validation loss 4.616e-01. Saving...
2025-08-18 14:09:15,171:INFO:Epoch: 2600/20000 | Train Loss: 3.654e-01 | Dynamic Loss: 3.654e-01 | Regularization Loss: 0.000e+00 | Val Loss: 4.591e-01 | Time: 9.96s
2025-08-18 14:09:15,171:INFO:New best model found at epoch 2600 with validation loss 4.591e-01. Saving...
2025-08-18 14:09:19,639:INFO:Epoch: 2650/20000 | Train Loss: 3.439e-01 | Dynamic Loss: 3.439e-01 | Regularization Loss: 0.000e+00 | Val Loss: 4.412e-01 | Time: 4.46s
2025-08-18 14:09:19,639:INFO:New best model found at epoch 2650 with validation loss 4.412e-01. Saving...
2025-08-18 14:09:24,068:INFO:Epoch: 2700/20000 | Train Loss: 4.068e-01 | Dynamic Loss: 4.068e-01 | Regularization Loss: 0.000e+00 | Val Loss: 4.728e-01 | Time: 4.42s
2025-08-18 14:09:28,598:INFO:Epoch: 2750/20000 | Train Loss: 6.232e-01 | Dynamic Loss: 6.232e-01 | Regularization Loss: 0.000e+00 | Val Loss: 5.160e-01 | Time: 4.53s
2025-08-18 14:09:39,170:INFO:Epoch: 2800/20000 | Train Loss: 3.157e-01 | Dynamic Loss: 3.157e-01 | Regularization Loss: 0.000e+00 | Val Loss: 4.136e-01 | Time: 10.57s
2025-08-18 14:09:39,170:INFO:New best model found at epoch 2800 with validation loss 4.136e-01. Saving...
2025-08-18 14:09:43,702:INFO:Epoch: 2850/20000 | Train Loss: 3.347e-01 | Dynamic Loss: 3.347e-01 | Regularization Loss: 0.000e+00 | Val Loss: 4.250e-01 | Time: 4.53s
2025-08-18 14:09:48,190:INFO:Epoch: 2900/20000 | Train Loss: 3.434e-01 | Dynamic Loss: 3.434e-01 | Regularization Loss: 0.000e+00 | Val Loss: 4.437e-01 | Time: 4.49s
2025-08-18 14:09:58,214:INFO:Epoch: 2950/20000 | Train Loss: 3.458e-01 | Dynamic Loss: 3.458e-01 | Regularization Loss: 0.000e+00 | Val Loss: 4.322e-01 | Time: 10.02s
2025-08-18 14:10:02,785:INFO:Epoch: 3000/20000 | Train Loss: 2.928e-01 | Dynamic Loss: 2.928e-01 | Regularization Loss: 0.000e+00 | Val Loss: 3.877e-01 | Time: 4.57s
2025-08-18 14:10:02,785:INFO:New best model found at epoch 3000 with validation loss 3.877e-01. Saving...
2025-08-18 14:10:07,384:INFO:Epoch: 3050/20000 | Train Loss: 2.927e-01 | Dynamic Loss: 2.927e-01 | Regularization Loss: 0.000e+00 | Val Loss: 3.868e-01 | Time: 4.59s
2025-08-18 14:10:07,384:INFO:New best model found at epoch 3050 with validation loss 3.868e-01. Saving...
2025-08-18 14:10:12,012:INFO:Epoch: 3100/20000 | Train Loss: 2.909e-01 | Dynamic Loss: 2.909e-01 | Regularization Loss: 0.000e+00 | Val Loss: 4.118e-01 | Time: 4.62s
2025-08-18 14:10:16,513:INFO:Epoch: 3150/20000 | Train Loss: 2.753e-01 | Dynamic Loss: 2.753e-01 | Regularization Loss: 0.000e+00 | Val Loss: 3.732e-01 | Time: 4.50s
2025-08-18 14:10:16,513:INFO:New best model found at epoch 3150 with validation loss 3.732e-01. Saving...
2025-08-18 14:10:20,957:INFO:Epoch: 3200/20000 | Train Loss: 2.952e-01 | Dynamic Loss: 2.952e-01 | Regularization Loss: 0.000e+00 | Val Loss: 3.801e-01 | Time: 4.44s
2025-08-18 14:10:25,457:INFO:Epoch: 3250/20000 | Train Loss: 3.062e-01 | Dynamic Loss: 3.062e-01 | Regularization Loss: 0.000e+00 | Val Loss: 3.827e-01 | Time: 4.50s
2025-08-18 14:10:35,915:INFO:Epoch: 3300/20000 | Train Loss: 2.647e-01 | Dynamic Loss: 2.647e-01 | Regularization Loss: 0.000e+00 | Val Loss: 3.689e-01 | Time: 10.46s
2025-08-18 14:10:35,915:INFO:New best model found at epoch 3300 with validation loss 3.689e-01. Saving...
2025-08-18 14:10:40,447:INFO:Epoch: 3350/20000 | Train Loss: 2.545e-01 | Dynamic Loss: 2.545e-01 | Regularization Loss: 0.000e+00 | Val Loss: 3.544e-01 | Time: 4.53s
2025-08-18 14:10:40,447:INFO:New best model found at epoch 3350 with validation loss 3.544e-01. Saving...
2025-08-18 14:10:44,945:INFO:Epoch: 3400/20000 | Train Loss: 4.522e-01 | Dynamic Loss: 4.522e-01 | Regularization Loss: 0.000e+00 | Val Loss: 5.004e-01 | Time: 4.49s
2025-08-18 14:10:49,520:INFO:Epoch: 3450/20000 | Train Loss: 2.763e-01 | Dynamic Loss: 2.763e-01 | Regularization Loss: 0.000e+00 | Val Loss: 3.642e-01 | Time: 4.57s
2025-08-18 14:10:53,898:INFO:Epoch: 3500/20000 | Train Loss: 2.497e-01 | Dynamic Loss: 2.497e-01 | Regularization Loss: 0.000e+00 | Val Loss: 3.539e-01 | Time: 4.38s
2025-08-18 14:10:53,898:INFO:New best model found at epoch 3500 with validation loss 3.539e-01. Saving...
2025-08-18 14:10:58,365:INFO:Epoch: 3550/20000 | Train Loss: 2.547e-01 | Dynamic Loss: 2.547e-01 | Regularization Loss: 0.000e+00 | Val Loss: 3.454e-01 | Time: 4.46s
2025-08-18 14:10:58,366:INFO:New best model found at epoch 3550 with validation loss 3.454e-01. Saving...
2025-08-18 14:11:02,845:INFO:Epoch: 3600/20000 | Train Loss: 2.373e-01 | Dynamic Loss: 2.373e-01 | Regularization Loss: 0.000e+00 | Val Loss: 3.386e-01 | Time: 4.47s
2025-08-18 14:11:02,845:INFO:New best model found at epoch 3600 with validation loss 3.386e-01. Saving...
2025-08-18 14:11:13,645:INFO:Epoch: 3650/20000 | Train Loss: 2.284e-01 | Dynamic Loss: 2.284e-01 | Regularization Loss: 0.000e+00 | Val Loss: 3.309e-01 | Time: 10.79s
2025-08-18 14:11:13,646:INFO:New best model found at epoch 3650 with validation loss 3.309e-01. Saving...
2025-08-18 14:11:18,170:INFO:Epoch: 3700/20000 | Train Loss: 2.310e-01 | Dynamic Loss: 2.310e-01 | Regularization Loss: 0.000e+00 | Val Loss: 3.297e-01 | Time: 4.52s
2025-08-18 14:11:18,170:INFO:New best model found at epoch 3700 with validation loss 3.297e-01. Saving...
2025-08-18 14:11:22,666:INFO:Epoch: 3750/20000 | Train Loss: 2.227e-01 | Dynamic Loss: 2.227e-01 | Regularization Loss: 0.000e+00 | Val Loss: 3.264e-01 | Time: 4.49s
2025-08-18 14:11:22,666:INFO:New best model found at epoch 3750 with validation loss 3.264e-01. Saving...
2025-08-18 14:11:27,233:INFO:Epoch: 3800/20000 | Train Loss: 2.186e-01 | Dynamic Loss: 2.186e-01 | Regularization Loss: 0.000e+00 | Val Loss: 3.229e-01 | Time: 4.56s
2025-08-18 14:11:27,233:INFO:New best model found at epoch 3800 with validation loss 3.229e-01. Saving...
2025-08-18 14:11:31,721:INFO:Epoch: 3850/20000 | Train Loss: 2.132e-01 | Dynamic Loss: 2.132e-01 | Regularization Loss: 0.000e+00 | Val Loss: 3.200e-01 | Time: 4.48s
2025-08-18 14:11:31,722:INFO:New best model found at epoch 3850 with validation loss 3.200e-01. Saving...
2025-08-18 14:11:36,303:INFO:Epoch: 3900/20000 | Train Loss: 2.079e-01 | Dynamic Loss: 2.079e-01 | Regularization Loss: 0.000e+00 | Val Loss: 3.146e-01 | Time: 4.58s
2025-08-18 14:11:36,303:INFO:New best model found at epoch 3900 with validation loss 3.146e-01. Saving...
2025-08-18 14:11:40,903:INFO:Epoch: 3950/20000 | Train Loss: 2.524e-01 | Dynamic Loss: 2.524e-01 | Regularization Loss: 0.000e+00 | Val Loss: 3.505e-01 | Time: 4.59s
2025-08-18 14:11:45,455:INFO:Epoch: 4000/20000 | Train Loss: 2.242e-01 | Dynamic Loss: 2.242e-01 | Regularization Loss: 0.000e+00 | Val Loss: 3.212e-01 | Time: 4.55s
2025-08-18 14:11:49,932:INFO:Epoch: 4050/20000 | Train Loss: 2.139e-01 | Dynamic Loss: 2.139e-01 | Regularization Loss: 0.000e+00 | Val Loss: 3.297e-01 | Time: 4.48s
2025-08-18 14:11:54,391:INFO:Epoch: 4100/20000 | Train Loss: 2.002e-01 | Dynamic Loss: 2.002e-01 | Regularization Loss: 0.000e+00 | Val Loss: 3.068e-01 | Time: 4.46s
2025-08-18 14:11:54,391:INFO:New best model found at epoch 4100 with validation loss 3.068e-01. Saving...
2025-08-18 14:11:58,894:INFO:Epoch: 4150/20000 | Train Loss: 2.053e-01 | Dynamic Loss: 2.053e-01 | Regularization Loss: 0.000e+00 | Val Loss: 3.088e-01 | Time: 4.50s
2025-08-18 14:12:08,967:INFO:Epoch: 4200/20000 | Train Loss: 1.998e-01 | Dynamic Loss: 1.998e-01 | Regularization Loss: 0.000e+00 | Val Loss: 3.121e-01 | Time: 10.07s
2025-08-18 14:12:13,389:INFO:Epoch: 4250/20000 | Train Loss: 2.058e-01 | Dynamic Loss: 2.058e-01 | Regularization Loss: 0.000e+00 | Val Loss: 3.068e-01 | Time: 4.42s
2025-08-18 14:12:18,372:INFO:Epoch: 4300/20000 | Train Loss: 1.903e-01 | Dynamic Loss: 1.903e-01 | Regularization Loss: 0.000e+00 | Val Loss: 3.006e-01 | Time: 4.98s
2025-08-18 14:12:18,372:INFO:New best model found at epoch 4300 with validation loss 3.006e-01. Saving...
2025-08-18 14:12:22,926:INFO:Epoch: 4350/20000 | Train Loss: 1.849e-01 | Dynamic Loss: 1.849e-01 | Regularization Loss: 0.000e+00 | Val Loss: 2.957e-01 | Time: 4.55s
2025-08-18 14:12:22,926:INFO:New best model found at epoch 4350 with validation loss 2.957e-01. Saving...
2025-08-18 14:12:33,523:INFO:Epoch: 4400/20000 | Train Loss: 1.822e-01 | Dynamic Loss: 1.822e-01 | Regularization Loss: 0.000e+00 | Val Loss: 2.920e-01 | Time: 10.59s
2025-08-18 14:12:33,523:INFO:New best model found at epoch 4400 with validation loss 2.920e-01. Saving...
2025-08-18 14:12:38,075:INFO:Epoch: 4450/20000 | Train Loss: 1.788e-01 | Dynamic Loss: 1.788e-01 | Regularization Loss: 0.000e+00 | Val Loss: 2.913e-01 | Time: 4.55s
2025-08-18 14:12:38,075:INFO:New best model found at epoch 4450 with validation loss 2.913e-01. Saving...
2025-08-18 14:12:42,714:INFO:Epoch: 4500/20000 | Train Loss: 1.745e-01 | Dynamic Loss: 1.745e-01 | Regularization Loss: 0.000e+00 | Val Loss: 2.862e-01 | Time: 4.63s
2025-08-18 14:12:42,714:INFO:New best model found at epoch 4500 with validation loss 2.862e-01. Saving...
2025-08-18 14:12:47,202:INFO:Epoch: 4550/20000 | Train Loss: 1.898e-01 | Dynamic Loss: 1.898e-01 | Regularization Loss: 0.000e+00 | Val Loss: 2.926e-01 | Time: 4.48s
2025-08-18 14:12:58,276:INFO:Epoch: 4600/20000 | Train Loss: 1.722e-01 | Dynamic Loss: 1.722e-01 | Regularization Loss: 0.000e+00 | Val Loss: 2.844e-01 | Time: 11.07s
2025-08-18 14:12:58,277:INFO:New best model found at epoch 4600 with validation loss 2.844e-01. Saving...
2025-08-18 14:13:02,778:INFO:Epoch: 4650/20000 | Train Loss: 1.728e-01 | Dynamic Loss: 1.728e-01 | Regularization Loss: 0.000e+00 | Val Loss: 2.833e-01 | Time: 4.50s
2025-08-18 14:13:02,778:INFO:New best model found at epoch 4650 with validation loss 2.833e-01. Saving...
2025-08-18 14:13:07,254:INFO:Epoch: 4700/20000 | Train Loss: 1.677e-01 | Dynamic Loss: 1.677e-01 | Regularization Loss: 0.000e+00 | Val Loss: 2.803e-01 | Time: 4.47s
2025-08-18 14:13:07,255:INFO:New best model found at epoch 4700 with validation loss 2.803e-01. Saving...
2025-08-18 14:13:11,779:INFO:Epoch: 4750/20000 | Train Loss: 1.836e-01 | Dynamic Loss: 1.836e-01 | Regularization Loss: 0.000e+00 | Val Loss: 2.875e-01 | Time: 4.52s
2025-08-18 14:13:16,278:INFO:Epoch: 4800/20000 | Train Loss: 1.615e-01 | Dynamic Loss: 1.615e-01 | Regularization Loss: 0.000e+00 | Val Loss: 2.768e-01 | Time: 4.50s
2025-08-18 14:13:16,278:INFO:New best model found at epoch 4800 with validation loss 2.768e-01. Saving...
2025-08-18 14:13:20,766:INFO:Epoch: 4850/20000 | Train Loss: 2.024e-01 | Dynamic Loss: 2.024e-01 | Regularization Loss: 0.000e+00 | Val Loss: 3.139e-01 | Time: 4.48s
2025-08-18 14:13:25,325:INFO:Epoch: 4900/20000 | Train Loss: 1.770e-01 | Dynamic Loss: 1.770e-01 | Regularization Loss: 0.000e+00 | Val Loss: 2.873e-01 | Time: 4.56s
2025-08-18 14:13:31,177:INFO:Epoch: 4950/20000 | Train Loss: 1.666e-01 | Dynamic Loss: 1.666e-01 | Regularization Loss: 0.000e+00 | Val Loss: 2.782e-01 | Time: 5.85s
2025-08-18 14:13:35,635:INFO:Epoch: 5000/20000 | Train Loss: 1.582e-01 | Dynamic Loss: 1.582e-01 | Regularization Loss: 0.000e+00 | Val Loss: 2.709e-01 | Time: 4.46s
2025-08-18 14:13:35,635:INFO:New best model found at epoch 5000 with validation loss 2.709e-01. Saving...
2025-08-18 14:13:40,135:INFO:Epoch: 5050/20000 | Train Loss: 1.836e-01 | Dynamic Loss: 1.836e-01 | Regularization Loss: 0.000e+00 | Val Loss: 3.186e-01 | Time: 4.49s
2025-08-18 14:13:44,547:INFO:Epoch: 5100/20000 | Train Loss: 1.909e-01 | Dynamic Loss: 1.909e-01 | Regularization Loss: 0.000e+00 | Val Loss: 2.733e-01 | Time: 4.41s
2025-08-18 14:13:55,048:INFO:Epoch: 5150/20000 | Train Loss: 1.606e-01 | Dynamic Loss: 1.606e-01 | Regularization Loss: 0.000e+00 | Val Loss: 2.718e-01 | Time: 10.50s
2025-08-18 14:13:59,556:INFO:Epoch: 5200/20000 | Train Loss: 1.543e-01 | Dynamic Loss: 1.543e-01 | Regularization Loss: 0.000e+00 | Val Loss: 2.763e-01 | Time: 4.51s
2025-08-18 14:14:04,043:INFO:Epoch: 5250/20000 | Train Loss: 1.877e-01 | Dynamic Loss: 1.877e-01 | Regularization Loss: 0.000e+00 | Val Loss: 2.878e-01 | Time: 4.49s
2025-08-18 14:14:08,594:INFO:Epoch: 5300/20000 | Train Loss: 1.557e-01 | Dynamic Loss: 1.557e-01 | Regularization Loss: 0.000e+00 | Val Loss: 2.799e-01 | Time: 4.55s
2025-08-18 14:14:13,090:INFO:Epoch: 5350/20000 | Train Loss: 1.418e-01 | Dynamic Loss: 1.418e-01 | Regularization Loss: 0.000e+00 | Val Loss: 2.653e-01 | Time: 4.50s
2025-08-18 14:14:13,090:INFO:New best model found at epoch 5350 with validation loss 2.653e-01. Saving...
2025-08-18 14:14:17,605:INFO:Epoch: 5400/20000 | Train Loss: 1.332e-01 | Dynamic Loss: 1.332e-01 | Regularization Loss: 0.000e+00 | Val Loss: 2.521e-01 | Time: 4.51s
2025-08-18 14:14:17,605:INFO:New best model found at epoch 5400 with validation loss 2.521e-01. Saving...
2025-08-18 14:14:22,229:INFO:Epoch: 5450/20000 | Train Loss: 1.952e-01 | Dynamic Loss: 1.952e-01 | Regularization Loss: 0.000e+00 | Val Loss: 3.058e-01 | Time: 4.62s
2025-08-18 14:14:32,402:INFO:Epoch: 5500/20000 | Train Loss: 1.353e-01 | Dynamic Loss: 1.353e-01 | Regularization Loss: 0.000e+00 | Val Loss: 2.575e-01 | Time: 10.17s
2025-08-18 14:14:36,858:INFO:Epoch: 5550/20000 | Train Loss: 1.433e-01 | Dynamic Loss: 1.433e-01 | Regularization Loss: 0.000e+00 | Val Loss: 2.631e-01 | Time: 4.46s
2025-08-18 14:14:41,308:INFO:Epoch: 5600/20000 | Train Loss: 1.338e-01 | Dynamic Loss: 1.338e-01 | Regularization Loss: 0.000e+00 | Val Loss: 2.532e-01 | Time: 4.45s
2025-08-18 14:14:45,741:INFO:Epoch: 5650/20000 | Train Loss: 1.315e-01 | Dynamic Loss: 1.315e-01 | Regularization Loss: 0.000e+00 | Val Loss: 2.502e-01 | Time: 4.43s
2025-08-18 14:14:45,741:INFO:New best model found at epoch 5650 with validation loss 2.502e-01. Saving...
2025-08-18 14:14:55,821:INFO:Epoch: 5700/20000 | Train Loss: 1.240e-01 | Dynamic Loss: 1.240e-01 | Regularization Loss: 0.000e+00 | Val Loss: 2.446e-01 | Time: 10.07s
2025-08-18 14:14:55,821:INFO:New best model found at epoch 5700 with validation loss 2.446e-01. Saving...
2025-08-18 14:15:00,398:INFO:Epoch: 5750/20000 | Train Loss: 1.742e-01 | Dynamic Loss: 1.742e-01 | Regularization Loss: 0.000e+00 | Val Loss: 2.932e-01 | Time: 4.57s
2025-08-18 14:15:04,855:INFO:Epoch: 5800/20000 | Train Loss: 1.209e-01 | Dynamic Loss: 1.209e-01 | Regularization Loss: 0.000e+00 | Val Loss: 2.432e-01 | Time: 4.46s
2025-08-18 14:15:04,855:INFO:New best model found at epoch 5800 with validation loss 2.432e-01. Saving...
2025-08-18 14:15:09,446:INFO:Epoch: 5850/20000 | Train Loss: 1.227e-01 | Dynamic Loss: 1.227e-01 | Regularization Loss: 0.000e+00 | Val Loss: 2.438e-01 | Time: 4.59s
2025-08-18 14:15:13,962:INFO:Epoch: 5900/20000 | Train Loss: 1.222e-01 | Dynamic Loss: 1.222e-01 | Regularization Loss: 0.000e+00 | Val Loss: 2.420e-01 | Time: 4.52s
2025-08-18 14:15:13,962:INFO:New best model found at epoch 5900 with validation loss 2.420e-01. Saving...
2025-08-18 14:15:18,498:INFO:Epoch: 5950/20000 | Train Loss: 1.151e-01 | Dynamic Loss: 1.151e-01 | Regularization Loss: 0.000e+00 | Val Loss: 2.374e-01 | Time: 4.53s
2025-08-18 14:15:18,498:INFO:New best model found at epoch 5950 with validation loss 2.374e-01. Saving...
2025-08-18 14:15:23,084:INFO:Epoch: 6000/20000 | Train Loss: 1.194e-01 | Dynamic Loss: 1.194e-01 | Regularization Loss: 0.000e+00 | Val Loss: 2.422e-01 | Time: 4.58s
2025-08-18 14:15:33,273:INFO:Epoch: 6050/20000 | Train Loss: 1.105e-01 | Dynamic Loss: 1.105e-01 | Regularization Loss: 0.000e+00 | Val Loss: 2.354e-01 | Time: 10.19s
2025-08-18 14:15:33,273:INFO:New best model found at epoch 6050 with validation loss 2.354e-01. Saving...
2025-08-18 14:15:37,813:INFO:Epoch: 6100/20000 | Train Loss: 1.257e-01 | Dynamic Loss: 1.257e-01 | Regularization Loss: 0.000e+00 | Val Loss: 2.467e-01 | Time: 4.53s
2025-08-18 14:15:42,349:INFO:Epoch: 6150/20000 | Train Loss: 1.155e-01 | Dynamic Loss: 1.155e-01 | Regularization Loss: 0.000e+00 | Val Loss: 2.380e-01 | Time: 4.54s
2025-08-18 14:15:46,851:INFO:Epoch: 6200/20000 | Train Loss: 1.161e-01 | Dynamic Loss: 1.161e-01 | Regularization Loss: 0.000e+00 | Val Loss: 2.362e-01 | Time: 4.50s
2025-08-18 14:15:57,531:INFO:Epoch: 6250/20000 | Train Loss: 1.080e-01 | Dynamic Loss: 1.080e-01 | Regularization Loss: 0.000e+00 | Val Loss: 2.322e-01 | Time: 10.68s
2025-08-18 14:15:57,531:INFO:New best model found at epoch 6250 with validation loss 2.322e-01. Saving...
2025-08-18 14:16:02,054:INFO:Epoch: 6300/20000 | Train Loss: 1.119e-01 | Dynamic Loss: 1.119e-01 | Regularization Loss: 0.000e+00 | Val Loss: 2.332e-01 | Time: 4.52s
2025-08-18 14:16:06,768:INFO:Epoch: 6350/20000 | Train Loss: 1.093e-01 | Dynamic Loss: 1.093e-01 | Regularization Loss: 0.000e+00 | Val Loss: 2.327e-01 | Time: 4.71s
2025-08-18 14:16:17,220:INFO:Epoch: 6400/20000 | Train Loss: 1.159e-01 | Dynamic Loss: 1.159e-01 | Regularization Loss: 0.000e+00 | Val Loss: 2.390e-01 | Time: 10.45s
2025-08-18 14:16:21,800:INFO:Epoch: 6450/20000 | Train Loss: 1.105e-01 | Dynamic Loss: 1.105e-01 | Regularization Loss: 0.000e+00 | Val Loss: 2.346e-01 | Time: 4.58s
2025-08-18 14:16:26,305:INFO:Epoch: 6500/20000 | Train Loss: 1.132e-01 | Dynamic Loss: 1.132e-01 | Regularization Loss: 0.000e+00 | Val Loss: 2.343e-01 | Time: 4.50s
2025-08-18 14:16:30,756:INFO:Epoch: 6550/20000 | Train Loss: 1.032e-01 | Dynamic Loss: 1.032e-01 | Regularization Loss: 0.000e+00 | Val Loss: 2.282e-01 | Time: 4.45s
2025-08-18 14:16:30,757:INFO:New best model found at epoch 6550 with validation loss 2.282e-01. Saving...
2025-08-18 14:16:41,601:INFO:Epoch: 6600/20000 | Train Loss: 1.046e-01 | Dynamic Loss: 1.046e-01 | Regularization Loss: 0.000e+00 | Val Loss: 2.328e-01 | Time: 10.84s
2025-08-18 14:16:46,131:INFO:Epoch: 6650/20000 | Train Loss: 1.018e-01 | Dynamic Loss: 1.018e-01 | Regularization Loss: 0.000e+00 | Val Loss: 2.240e-01 | Time: 4.53s
2025-08-18 14:16:46,131:INFO:New best model found at epoch 6650 with validation loss 2.240e-01. Saving...
2025-08-18 14:16:50,652:INFO:Epoch: 6700/20000 | Train Loss: 1.454e-01 | Dynamic Loss: 1.454e-01 | Regularization Loss: 0.000e+00 | Val Loss: 2.547e-01 | Time: 4.51s
2025-08-18 14:17:00,936:INFO:Epoch: 6750/20000 | Train Loss: 1.108e-01 | Dynamic Loss: 1.108e-01 | Regularization Loss: 0.000e+00 | Val Loss: 2.472e-01 | Time: 10.28s
2025-08-18 14:17:05,452:INFO:Epoch: 6800/20000 | Train Loss: 9.841e-02 | Dynamic Loss: 9.841e-02 | Regularization Loss: 0.000e+00 | Val Loss: 2.272e-01 | Time: 4.52s
2025-08-18 14:17:09,968:INFO:Epoch: 6850/20000 | Train Loss: 9.984e-02 | Dynamic Loss: 9.984e-02 | Regularization Loss: 0.000e+00 | Val Loss: 2.253e-01 | Time: 4.52s
2025-08-18 14:17:14,509:INFO:Epoch: 6900/20000 | Train Loss: 9.311e-02 | Dynamic Loss: 9.311e-02 | Regularization Loss: 0.000e+00 | Val Loss: 2.213e-01 | Time: 4.54s
2025-08-18 14:17:14,509:INFO:New best model found at epoch 6900 with validation loss 2.213e-01. Saving...
2025-08-18 14:17:25,614:INFO:Epoch: 6950/20000 | Train Loss: 1.032e-01 | Dynamic Loss: 1.032e-01 | Regularization Loss: 0.000e+00 | Val Loss: 2.292e-01 | Time: 11.10s
2025-08-18 14:17:30,123:INFO:Epoch: 7000/20000 | Train Loss: 9.629e-02 | Dynamic Loss: 9.629e-02 | Regularization Loss: 0.000e+00 | Val Loss: 2.229e-01 | Time: 4.51s
2025-08-18 14:17:34,694:INFO:Epoch: 7050/20000 | Train Loss: 9.453e-02 | Dynamic Loss: 9.453e-02 | Regularization Loss: 0.000e+00 | Val Loss: 2.223e-01 | Time: 4.57s
2025-08-18 14:17:45,225:INFO:Epoch: 7100/20000 | Train Loss: 2.235e-01 | Dynamic Loss: 2.235e-01 | Regularization Loss: 0.000e+00 | Val Loss: 2.713e-01 | Time: 10.53s
2025-08-18 14:17:49,853:INFO:Epoch: 7150/20000 | Train Loss: 8.980e-02 | Dynamic Loss: 8.980e-02 | Regularization Loss: 0.000e+00 | Val Loss: 2.178e-01 | Time: 4.63s
2025-08-18 14:17:49,853:INFO:New best model found at epoch 7150 with validation loss 2.178e-01. Saving...
2025-08-18 14:17:54,436:INFO:Epoch: 7200/20000 | Train Loss: 9.199e-02 | Dynamic Loss: 9.199e-02 | Regularization Loss: 0.000e+00 | Val Loss: 2.220e-01 | Time: 4.58s
2025-08-18 14:17:59,086:INFO:Epoch: 7250/20000 | Train Loss: 8.806e-02 | Dynamic Loss: 8.806e-02 | Regularization Loss: 0.000e+00 | Val Loss: 2.169e-01 | Time: 4.65s
2025-08-18 14:17:59,086:INFO:New best model found at epoch 7250 with validation loss 2.169e-01. Saving...
2025-08-18 14:18:10,443:INFO:Epoch: 7300/20000 | Train Loss: 8.976e-02 | Dynamic Loss: 8.976e-02 | Regularization Loss: 0.000e+00 | Val Loss: 2.206e-01 | Time: 11.35s
2025-08-18 14:18:15,072:INFO:Epoch: 7350/20000 | Train Loss: 8.796e-02 | Dynamic Loss: 8.796e-02 | Regularization Loss: 0.000e+00 | Val Loss: 2.165e-01 | Time: 4.63s
2025-08-18 14:18:15,072:INFO:New best model found at epoch 7350 with validation loss 2.165e-01. Saving...
2025-08-18 14:18:19,657:INFO:Epoch: 7400/20000 | Train Loss: 8.887e-02 | Dynamic Loss: 8.887e-02 | Regularization Loss: 0.000e+00 | Val Loss: 2.165e-01 | Time: 4.58s
2025-08-18 14:18:19,657:INFO:New best model found at epoch 7400 with validation loss 2.165e-01. Saving...
2025-08-18 14:18:30,449:INFO:Epoch: 7450/20000 | Train Loss: 9.704e-02 | Dynamic Loss: 9.704e-02 | Regularization Loss: 0.000e+00 | Val Loss: 2.345e-01 | Time: 10.79s
2025-08-18 14:18:34,943:INFO:Epoch: 7500/20000 | Train Loss: 8.562e-02 | Dynamic Loss: 8.562e-02 | Regularization Loss: 0.000e+00 | Val Loss: 2.156e-01 | Time: 4.49s
2025-08-18 14:18:34,943:INFO:New best model found at epoch 7500 with validation loss 2.156e-01. Saving...
2025-08-18 14:18:39,491:INFO:Epoch: 7550/20000 | Train Loss: 8.702e-02 | Dynamic Loss: 8.702e-02 | Regularization Loss: 0.000e+00 | Val Loss: 2.187e-01 | Time: 4.54s
2025-08-18 14:18:43,993:INFO:Epoch: 7600/20000 | Train Loss: 8.411e-02 | Dynamic Loss: 8.411e-02 | Regularization Loss: 0.000e+00 | Val Loss: 2.124e-01 | Time: 4.50s
2025-08-18 14:18:43,993:INFO:New best model found at epoch 7600 with validation loss 2.124e-01. Saving...
2025-08-18 14:18:54,701:INFO:Epoch: 7650/20000 | Train Loss: 8.917e-02 | Dynamic Loss: 8.917e-02 | Regularization Loss: 0.000e+00 | Val Loss: 2.154e-01 | Time: 10.70s
2025-08-18 14:18:59,210:INFO:Epoch: 7700/20000 | Train Loss: 9.933e-02 | Dynamic Loss: 9.933e-02 | Regularization Loss: 0.000e+00 | Val Loss: 2.267e-01 | Time: 4.51s
2025-08-18 14:19:04,277:INFO:Epoch: 7750/20000 | Train Loss: 8.445e-02 | Dynamic Loss: 8.445e-02 | Regularization Loss: 0.000e+00 | Val Loss: 2.152e-01 | Time: 5.07s
2025-08-18 14:19:10,875:INFO:Epoch: 7800/20000 | Train Loss: 9.144e-02 | Dynamic Loss: 9.144e-02 | Regularization Loss: 0.000e+00 | Val Loss: 2.158e-01 | Time: 6.60s
2025-08-18 14:19:15,436:INFO:Epoch: 7850/20000 | Train Loss: 1.109e-01 | Dynamic Loss: 1.109e-01 | Regularization Loss: 0.000e+00 | Val Loss: 2.387e-01 | Time: 4.56s
2025-08-18 14:19:19,986:INFO:Epoch: 7900/20000 | Train Loss: 1.128e-01 | Dynamic Loss: 1.128e-01 | Regularization Loss: 0.000e+00 | Val Loss: 2.374e-01 | Time: 4.55s
2025-08-18 14:19:24,500:INFO:Epoch: 7950/20000 | Train Loss: 7.788e-02 | Dynamic Loss: 7.788e-02 | Regularization Loss: 0.000e+00 | Val Loss: 2.083e-01 | Time: 4.51s
2025-08-18 14:19:24,500:INFO:New best model found at epoch 7950 with validation loss 2.083e-01. Saving...
2025-08-18 14:19:35,294:INFO:Epoch: 8000/20000 | Train Loss: 7.757e-02 | Dynamic Loss: 7.757e-02 | Regularization Loss: 0.000e+00 | Val Loss: 2.077e-01 | Time: 10.79s
2025-08-18 14:19:35,294:INFO:New best model found at epoch 8000 with validation loss 2.077e-01. Saving...
2025-08-18 14:19:39,807:INFO:Epoch: 8050/20000 | Train Loss: 9.893e-02 | Dynamic Loss: 9.893e-02 | Regularization Loss: 0.000e+00 | Val Loss: 2.267e-01 | Time: 4.51s
2025-08-18 14:19:44,448:INFO:Epoch: 8100/20000 | Train Loss: 8.261e-02 | Dynamic Loss: 8.261e-02 | Regularization Loss: 0.000e+00 | Val Loss: 2.128e-01 | Time: 4.64s
2025-08-18 14:19:50,066:INFO:Epoch: 8150/20000 | Train Loss: 7.770e-02 | Dynamic Loss: 7.770e-02 | Regularization Loss: 0.000e+00 | Val Loss: 2.068e-01 | Time: 5.62s
2025-08-18 14:19:50,066:INFO:New best model found at epoch 8150 with validation loss 2.068e-01. Saving...
2025-08-18 14:19:54,528:INFO:Epoch: 8200/20000 | Train Loss: 7.802e-02 | Dynamic Loss: 7.802e-02 | Regularization Loss: 0.000e+00 | Val Loss: 2.077e-01 | Time: 4.46s
2025-08-18 14:19:59,049:INFO:Epoch: 8250/20000 | Train Loss: 8.045e-02 | Dynamic Loss: 8.045e-02 | Regularization Loss: 0.000e+00 | Val Loss: 2.100e-01 | Time: 4.52s
2025-08-18 14:20:03,602:INFO:Epoch: 8300/20000 | Train Loss: 7.440e-02 | Dynamic Loss: 7.440e-02 | Regularization Loss: 0.000e+00 | Val Loss: 2.047e-01 | Time: 4.55s
2025-08-18 14:20:03,602:INFO:New best model found at epoch 8300 with validation loss 2.047e-01. Saving...
2025-08-18 14:20:08,123:INFO:Epoch: 8350/20000 | Train Loss: 7.373e-02 | Dynamic Loss: 7.373e-02 | Regularization Loss: 0.000e+00 | Val Loss: 2.032e-01 | Time: 4.52s
2025-08-18 14:20:08,124:INFO:New best model found at epoch 8350 with validation loss 2.032e-01. Saving...
2025-08-18 14:20:12,585:INFO:Epoch: 8400/20000 | Train Loss: 1.113e-01 | Dynamic Loss: 1.113e-01 | Regularization Loss: 0.000e+00 | Val Loss: 2.272e-01 | Time: 4.46s
2025-08-18 14:20:17,102:INFO:Epoch: 8450/20000 | Train Loss: 7.506e-02 | Dynamic Loss: 7.506e-02 | Regularization Loss: 0.000e+00 | Val Loss: 2.112e-01 | Time: 4.52s
2025-08-18 14:20:21,684:INFO:Epoch: 8500/20000 | Train Loss: 7.529e-02 | Dynamic Loss: 7.529e-02 | Regularization Loss: 0.000e+00 | Val Loss: 2.079e-01 | Time: 4.58s
2025-08-18 14:20:26,183:INFO:Epoch: 8550/20000 | Train Loss: 7.669e-02 | Dynamic Loss: 7.669e-02 | Regularization Loss: 0.000e+00 | Val Loss: 2.092e-01 | Time: 4.50s
2025-08-18 14:20:30,739:INFO:Epoch: 8600/20000 | Train Loss: 1.158e-01 | Dynamic Loss: 1.158e-01 | Regularization Loss: 0.000e+00 | Val Loss: 2.341e-01 | Time: 4.56s
2025-08-18 14:20:35,399:INFO:Epoch: 8650/20000 | Train Loss: 6.953e-02 | Dynamic Loss: 6.953e-02 | Regularization Loss: 0.000e+00 | Val Loss: 2.022e-01 | Time: 4.66s
2025-08-18 14:20:35,400:INFO:New best model found at epoch 8650 with validation loss 2.022e-01. Saving...
2025-08-18 14:20:40,225:INFO:Epoch: 8700/20000 | Train Loss: 8.906e-02 | Dynamic Loss: 8.906e-02 | Regularization Loss: 0.000e+00 | Val Loss: 2.116e-01 | Time: 4.82s
2025-08-18 14:20:44,771:INFO:Epoch: 8750/20000 | Train Loss: 8.997e-02 | Dynamic Loss: 8.997e-02 | Regularization Loss: 0.000e+00 | Val Loss: 2.305e-01 | Time: 4.55s
2025-08-18 14:20:49,343:INFO:Epoch: 8800/20000 | Train Loss: 1.043e-01 | Dynamic Loss: 1.043e-01 | Regularization Loss: 0.000e+00 | Val Loss: 2.413e-01 | Time: 4.57s
2025-08-18 14:20:54,152:INFO:Epoch: 8850/20000 | Train Loss: 7.244e-02 | Dynamic Loss: 7.244e-02 | Regularization Loss: 0.000e+00 | Val Loss: 2.100e-01 | Time: 4.81s
2025-08-18 14:20:58,733:INFO:Epoch: 8900/20000 | Train Loss: 7.023e-02 | Dynamic Loss: 7.023e-02 | Regularization Loss: 0.000e+00 | Val Loss: 2.022e-01 | Time: 4.58s
2025-08-18 14:20:58,733:INFO:New best model found at epoch 8900 with validation loss 2.022e-01. Saving...
2025-08-18 14:21:03,221:INFO:Epoch: 8950/20000 | Train Loss: 7.130e-02 | Dynamic Loss: 7.130e-02 | Regularization Loss: 0.000e+00 | Val Loss: 2.025e-01 | Time: 4.48s
2025-08-18 14:21:07,823:INFO:Epoch: 9000/20000 | Train Loss: 8.272e-02 | Dynamic Loss: 8.272e-02 | Regularization Loss: 0.000e+00 | Val Loss: 2.167e-01 | Time: 4.60s
2025-08-18 14:21:12,409:INFO:Epoch: 9050/20000 | Train Loss: 6.763e-02 | Dynamic Loss: 6.763e-02 | Regularization Loss: 0.000e+00 | Val Loss: 2.018e-01 | Time: 4.59s
2025-08-18 14:21:12,409:INFO:New best model found at epoch 9050 with validation loss 2.018e-01. Saving...
2025-08-18 14:21:16,934:INFO:Epoch: 9100/20000 | Train Loss: 6.813e-02 | Dynamic Loss: 6.813e-02 | Regularization Loss: 0.000e+00 | Val Loss: 2.007e-01 | Time: 4.52s
2025-08-18 14:21:16,934:INFO:New best model found at epoch 9100 with validation loss 2.007e-01. Saving...
2025-08-18 14:21:21,502:INFO:Epoch: 9150/20000 | Train Loss: 9.175e-02 | Dynamic Loss: 9.175e-02 | Regularization Loss: 0.000e+00 | Val Loss: 2.253e-01 | Time: 4.56s
2025-08-18 14:21:32,404:INFO:Epoch: 9200/20000 | Train Loss: 7.504e-02 | Dynamic Loss: 7.504e-02 | Regularization Loss: 0.000e+00 | Val Loss: 2.049e-01 | Time: 10.90s
2025-08-18 14:21:36,947:INFO:Epoch: 9250/20000 | Train Loss: 8.818e-02 | Dynamic Loss: 8.818e-02 | Regularization Loss: 0.000e+00 | Val Loss: 2.082e-01 | Time: 4.54s
2025-08-18 14:21:41,526:INFO:Epoch: 9300/20000 | Train Loss: 7.629e-02 | Dynamic Loss: 7.629e-02 | Regularization Loss: 0.000e+00 | Val Loss: 2.173e-01 | Time: 4.58s
2025-08-18 14:21:47,250:INFO:Epoch: 9350/20000 | Train Loss: 7.293e-02 | Dynamic Loss: 7.293e-02 | Regularization Loss: 0.000e+00 | Val Loss: 2.100e-01 | Time: 5.72s
2025-08-18 14:21:51,735:INFO:Epoch: 9400/20000 | Train Loss: 6.965e-02 | Dynamic Loss: 6.965e-02 | Regularization Loss: 0.000e+00 | Val Loss: 2.037e-01 | Time: 4.48s
2025-08-18 14:21:56,301:INFO:Epoch: 9450/20000 | Train Loss: 6.852e-02 | Dynamic Loss: 6.852e-02 | Regularization Loss: 0.000e+00 | Val Loss: 1.989e-01 | Time: 4.57s
2025-08-18 14:21:56,301:INFO:New best model found at epoch 9450 with validation loss 1.989e-01. Saving...
2025-08-18 14:22:00,741:INFO:Epoch: 9500/20000 | Train Loss: 6.828e-02 | Dynamic Loss: 6.828e-02 | Regularization Loss: 0.000e+00 | Val Loss: 1.996e-01 | Time: 4.43s
2025-08-18 14:22:11,086:INFO:Epoch: 9550/20000 | Train Loss: 6.466e-02 | Dynamic Loss: 6.466e-02 | Regularization Loss: 0.000e+00 | Val Loss: 1.976e-01 | Time: 10.34s
2025-08-18 14:22:11,086:INFO:New best model found at epoch 9550 with validation loss 1.976e-01. Saving...
2025-08-18 14:22:15,657:INFO:Epoch: 9600/20000 | Train Loss: 6.431e-02 | Dynamic Loss: 6.431e-02 | Regularization Loss: 0.000e+00 | Val Loss: 1.968e-01 | Time: 4.57s
2025-08-18 14:22:15,657:INFO:New best model found at epoch 9600 with validation loss 1.968e-01. Saving...
2025-08-18 14:22:20,301:INFO:Epoch: 9650/20000 | Train Loss: 6.407e-02 | Dynamic Loss: 6.407e-02 | Regularization Loss: 0.000e+00 | Val Loss: 1.991e-01 | Time: 4.64s
2025-08-18 14:22:24,960:INFO:Epoch: 9700/20000 | Train Loss: 7.319e-02 | Dynamic Loss: 7.319e-02 | Regularization Loss: 0.000e+00 | Val Loss: 2.131e-01 | Time: 4.66s
2025-08-18 14:22:29,592:INFO:Epoch: 9750/20000 | Train Loss: 7.080e-02 | Dynamic Loss: 7.080e-02 | Regularization Loss: 0.000e+00 | Val Loss: 1.985e-01 | Time: 4.63s
2025-08-18 14:22:34,186:INFO:Epoch: 9800/20000 | Train Loss: 6.256e-02 | Dynamic Loss: 6.256e-02 | Regularization Loss: 0.000e+00 | Val Loss: 1.945e-01 | Time: 4.59s
2025-08-18 14:22:34,186:INFO:New best model found at epoch 9800 with validation loss 1.945e-01. Saving...
2025-08-18 14:22:38,789:INFO:Epoch: 9850/20000 | Train Loss: 6.322e-02 | Dynamic Loss: 6.322e-02 | Regularization Loss: 0.000e+00 | Val Loss: 1.999e-01 | Time: 4.60s
2025-08-18 14:22:49,141:INFO:Epoch: 9900/20000 | Train Loss: 6.212e-02 | Dynamic Loss: 6.212e-02 | Regularization Loss: 0.000e+00 | Val Loss: 1.969e-01 | Time: 10.35s
2025-08-18 14:22:53,717:INFO:Epoch: 9950/20000 | Train Loss: 7.272e-02 | Dynamic Loss: 7.272e-02 | Regularization Loss: 0.000e+00 | Val Loss: 2.010e-01 | Time: 4.58s
2025-08-18 14:22:58,249:INFO:Epoch: 10000/20000 | Train Loss: 6.136e-02 | Dynamic Loss: 6.136e-02 | Regularization Loss: 0.000e+00 | Val Loss: 1.942e-01 | Time: 4.53s
2025-08-18 14:22:58,249:INFO:New best model found at epoch 10000 with validation loss 1.942e-01. Saving...
2025-08-18 14:23:02,873:INFO:Epoch: 10050/20000 | Train Loss: 5.923e-02 | Dynamic Loss: 5.923e-02 | Regularization Loss: 0.000e+00 | Val Loss: 1.917e-01 | Time: 4.62s
2025-08-18 14:23:02,873:INFO:New best model found at epoch 10050 with validation loss 1.917e-01. Saving...
2025-08-18 14:23:07,498:INFO:Epoch: 10100/20000 | Train Loss: 6.195e-02 | Dynamic Loss: 6.195e-02 | Regularization Loss: 0.000e+00 | Val Loss: 1.957e-01 | Time: 4.62s
2025-08-18 14:23:12,091:INFO:Epoch: 10150/20000 | Train Loss: 6.066e-02 | Dynamic Loss: 6.066e-02 | Regularization Loss: 0.000e+00 | Val Loss: 1.951e-01 | Time: 4.59s
2025-08-18 14:23:16,709:INFO:Epoch: 10200/20000 | Train Loss: 5.641e-02 | Dynamic Loss: 5.641e-02 | Regularization Loss: 0.000e+00 | Val Loss: 1.909e-01 | Time: 4.62s
2025-08-18 14:23:16,709:INFO:New best model found at epoch 10200 with validation loss 1.909e-01. Saving...
2025-08-18 14:23:27,535:INFO:Epoch: 10250/20000 | Train Loss: 6.073e-02 | Dynamic Loss: 6.073e-02 | Regularization Loss: 0.000e+00 | Val Loss: 1.948e-01 | Time: 10.82s
2025-08-18 14:23:32,139:INFO:Epoch: 10300/20000 | Train Loss: 5.872e-02 | Dynamic Loss: 5.872e-02 | Regularization Loss: 0.000e+00 | Val Loss: 1.952e-01 | Time: 4.60s
2025-08-18 14:23:36,677:INFO:Epoch: 10350/20000 | Train Loss: 6.592e-02 | Dynamic Loss: 6.592e-02 | Regularization Loss: 0.000e+00 | Val Loss: 1.924e-01 | Time: 4.54s
2025-08-18 14:23:41,369:INFO:Epoch: 10400/20000 | Train Loss: 6.337e-02 | Dynamic Loss: 6.337e-02 | Regularization Loss: 0.000e+00 | Val Loss: 1.990e-01 | Time: 4.69s
2025-08-18 14:23:45,983:INFO:Epoch: 10450/20000 | Train Loss: 6.572e-02 | Dynamic Loss: 6.572e-02 | Regularization Loss: 0.000e+00 | Val Loss: 1.959e-01 | Time: 4.61s
2025-08-18 14:23:50,574:INFO:Epoch: 10500/20000 | Train Loss: 5.518e-02 | Dynamic Loss: 5.518e-02 | Regularization Loss: 0.000e+00 | Val Loss: 1.891e-01 | Time: 4.59s
2025-08-18 14:23:50,574:INFO:New best model found at epoch 10500 with validation loss 1.891e-01. Saving...
2025-08-18 14:23:55,163:INFO:Epoch: 10550/20000 | Train Loss: 6.087e-02 | Dynamic Loss: 6.087e-02 | Regularization Loss: 0.000e+00 | Val Loss: 1.961e-01 | Time: 4.57s
2025-08-18 14:24:05,636:INFO:Epoch: 10600/20000 | Train Loss: 6.393e-02 | Dynamic Loss: 6.393e-02 | Regularization Loss: 0.000e+00 | Val Loss: 1.949e-01 | Time: 10.47s
2025-08-18 14:24:10,318:INFO:Epoch: 10650/20000 | Train Loss: 5.535e-02 | Dynamic Loss: 5.535e-02 | Regularization Loss: 0.000e+00 | Val Loss: 1.883e-01 | Time: 4.68s
2025-08-18 14:24:10,319:INFO:New best model found at epoch 10650 with validation loss 1.883e-01. Saving...
2025-08-18 14:24:14,839:INFO:Epoch: 10700/20000 | Train Loss: 7.871e-02 | Dynamic Loss: 7.871e-02 | Regularization Loss: 0.000e+00 | Val Loss: 2.134e-01 | Time: 4.51s
2025-08-18 14:24:19,473:INFO:Epoch: 10750/20000 | Train Loss: 6.317e-02 | Dynamic Loss: 6.317e-02 | Regularization Loss: 0.000e+00 | Val Loss: 1.922e-01 | Time: 4.63s
2025-08-18 14:24:24,094:INFO:Epoch: 10800/20000 | Train Loss: 7.135e-02 | Dynamic Loss: 7.135e-02 | Regularization Loss: 0.000e+00 | Val Loss: 1.986e-01 | Time: 4.62s
2025-08-18 14:24:28,674:INFO:Epoch: 10850/20000 | Train Loss: 6.678e-02 | Dynamic Loss: 6.678e-02 | Regularization Loss: 0.000e+00 | Val Loss: 2.040e-01 | Time: 4.58s
2025-08-18 14:24:33,246:INFO:Epoch: 10900/20000 | Train Loss: 6.565e-02 | Dynamic Loss: 6.565e-02 | Regularization Loss: 0.000e+00 | Val Loss: 1.995e-01 | Time: 4.57s
2025-08-18 14:24:43,652:INFO:Epoch: 10950/20000 | Train Loss: 5.494e-02 | Dynamic Loss: 5.494e-02 | Regularization Loss: 0.000e+00 | Val Loss: 1.886e-01 | Time: 10.41s
2025-08-18 14:24:48,276:INFO:Epoch: 11000/20000 | Train Loss: 5.786e-02 | Dynamic Loss: 5.786e-02 | Regularization Loss: 0.000e+00 | Val Loss: 1.914e-01 | Time: 4.62s
2025-08-18 14:24:52,779:INFO:Epoch: 11050/20000 | Train Loss: 5.806e-02 | Dynamic Loss: 5.806e-02 | Regularization Loss: 0.000e+00 | Val Loss: 1.913e-01 | Time: 4.50s
2025-08-18 14:24:57,445:INFO:Epoch: 11100/20000 | Train Loss: 5.702e-02 | Dynamic Loss: 5.702e-02 | Regularization Loss: 0.000e+00 | Val Loss: 1.914e-01 | Time: 4.67s
2025-08-18 14:25:02,098:INFO:Epoch: 11150/20000 | Train Loss: 5.478e-02 | Dynamic Loss: 5.478e-02 | Regularization Loss: 0.000e+00 | Val Loss: 1.910e-01 | Time: 4.65s
2025-08-18 14:25:06,715:INFO:Epoch: 11200/20000 | Train Loss: 5.595e-02 | Dynamic Loss: 5.595e-02 | Regularization Loss: 0.000e+00 | Val Loss: 1.919e-01 | Time: 4.62s
2025-08-18 14:25:11,303:INFO:Epoch: 11250/20000 | Train Loss: 5.285e-02 | Dynamic Loss: 5.285e-02 | Regularization Loss: 0.000e+00 | Val Loss: 1.857e-01 | Time: 4.59s
2025-08-18 14:25:11,303:INFO:New best model found at epoch 11250 with validation loss 1.857e-01. Saving...
2025-08-18 14:25:21,929:INFO:Epoch: 11300/20000 | Train Loss: 5.606e-02 | Dynamic Loss: 5.606e-02 | Regularization Loss: 0.000e+00 | Val Loss: 1.871e-01 | Time: 10.62s
2025-08-18 14:25:26,544:INFO:Epoch: 11350/20000 | Train Loss: 5.087e-02 | Dynamic Loss: 5.087e-02 | Regularization Loss: 0.000e+00 | Val Loss: 1.856e-01 | Time: 4.61s
2025-08-18 14:25:26,545:INFO:New best model found at epoch 11350 with validation loss 1.856e-01. Saving...
2025-08-18 14:25:31,085:INFO:Epoch: 11400/20000 | Train Loss: 6.689e-02 | Dynamic Loss: 6.689e-02 | Regularization Loss: 0.000e+00 | Val Loss: 1.973e-01 | Time: 4.54s
2025-08-18 14:25:35,699:INFO:Epoch: 11450/20000 | Train Loss: 7.129e-02 | Dynamic Loss: 7.129e-02 | Regularization Loss: 0.000e+00 | Val Loss: 2.033e-01 | Time: 4.61s
2025-08-18 14:25:40,280:INFO:Epoch: 11500/20000 | Train Loss: 5.698e-02 | Dynamic Loss: 5.698e-02 | Regularization Loss: 0.000e+00 | Val Loss: 1.934e-01 | Time: 4.58s
2025-08-18 14:25:44,836:INFO:Epoch: 11550/20000 | Train Loss: 5.134e-02 | Dynamic Loss: 5.134e-02 | Regularization Loss: 0.000e+00 | Val Loss: 1.838e-01 | Time: 4.56s
2025-08-18 14:25:44,836:INFO:New best model found at epoch 11550 with validation loss 1.838e-01. Saving...
2025-08-18 14:25:49,393:INFO:Epoch: 11600/20000 | Train Loss: 6.789e-02 | Dynamic Loss: 6.789e-02 | Regularization Loss: 0.000e+00 | Val Loss: 1.951e-01 | Time: 4.55s
2025-08-18 14:25:59,870:INFO:Epoch: 11650/20000 | Train Loss: 6.061e-02 | Dynamic Loss: 6.061e-02 | Regularization Loss: 0.000e+00 | Val Loss: 1.988e-01 | Time: 10.48s
2025-08-18 14:26:04,415:INFO:Epoch: 11700/20000 | Train Loss: 5.381e-02 | Dynamic Loss: 5.381e-02 | Regularization Loss: 0.000e+00 | Val Loss: 1.888e-01 | Time: 4.54s
2025-08-18 14:26:09,130:INFO:Epoch: 11750/20000 | Train Loss: 5.815e-02 | Dynamic Loss: 5.815e-02 | Regularization Loss: 0.000e+00 | Val Loss: 1.888e-01 | Time: 4.72s
2025-08-18 14:26:13,721:INFO:Epoch: 11800/20000 | Train Loss: 5.012e-02 | Dynamic Loss: 5.012e-02 | Regularization Loss: 0.000e+00 | Val Loss: 1.825e-01 | Time: 4.59s
2025-08-18 14:26:13,721:INFO:New best model found at epoch 11800 with validation loss 1.825e-01. Saving...
2025-08-18 14:26:18,346:INFO:Epoch: 11850/20000 | Train Loss: 5.035e-02 | Dynamic Loss: 5.035e-02 | Regularization Loss: 0.000e+00 | Val Loss: 1.867e-01 | Time: 4.62s
2025-08-18 14:26:22,941:INFO:Epoch: 11900/20000 | Train Loss: 4.683e-02 | Dynamic Loss: 4.683e-02 | Regularization Loss: 0.000e+00 | Val Loss: 1.805e-01 | Time: 4.59s
2025-08-18 14:26:22,941:INFO:New best model found at epoch 11900 with validation loss 1.805e-01. Saving...
2025-08-18 14:26:27,537:INFO:Epoch: 11950/20000 | Train Loss: 4.818e-02 | Dynamic Loss: 4.818e-02 | Regularization Loss: 0.000e+00 | Val Loss: 1.806e-01 | Time: 4.59s
2025-08-18 14:26:38,772:INFO:Epoch: 12000/20000 | Train Loss: 5.244e-02 | Dynamic Loss: 5.244e-02 | Regularization Loss: 0.000e+00 | Val Loss: 1.865e-01 | Time: 11.23s
2025-08-18 14:26:43,411:INFO:Epoch: 12050/20000 | Train Loss: 4.715e-02 | Dynamic Loss: 4.715e-02 | Regularization Loss: 0.000e+00 | Val Loss: 1.814e-01 | Time: 4.64s
2025-08-18 14:26:47,991:INFO:Epoch: 12100/20000 | Train Loss: 4.552e-02 | Dynamic Loss: 4.552e-02 | Regularization Loss: 0.000e+00 | Val Loss: 1.798e-01 | Time: 4.58s
2025-08-18 14:26:47,991:INFO:New best model found at epoch 12100 with validation loss 1.798e-01. Saving...
2025-08-18 14:26:58,464:INFO:Epoch: 12150/20000 | Train Loss: 4.850e-02 | Dynamic Loss: 4.850e-02 | Regularization Loss: 0.000e+00 | Val Loss: 1.820e-01 | Time: 10.47s
2025-08-18 14:27:03,073:INFO:Epoch: 12200/20000 | Train Loss: 5.656e-02 | Dynamic Loss: 5.656e-02 | Regularization Loss: 0.000e+00 | Val Loss: 1.896e-01 | Time: 4.61s
2025-08-18 14:27:07,649:INFO:Epoch: 12250/20000 | Train Loss: 5.750e-02 | Dynamic Loss: 5.750e-02 | Regularization Loss: 0.000e+00 | Val Loss: 1.860e-01 | Time: 4.58s
2025-08-18 14:27:12,263:INFO:Epoch: 12300/20000 | Train Loss: 6.205e-02 | Dynamic Loss: 6.205e-02 | Regularization Loss: 0.000e+00 | Val Loss: 1.929e-01 | Time: 4.61s
2025-08-18 14:27:16,992:INFO:Epoch: 12350/20000 | Train Loss: 4.881e-02 | Dynamic Loss: 4.881e-02 | Regularization Loss: 0.000e+00 | Val Loss: 1.822e-01 | Time: 4.73s
2025-08-18 14:27:21,607:INFO:Epoch: 12400/20000 | Train Loss: 6.309e-02 | Dynamic Loss: 6.309e-02 | Regularization Loss: 0.000e+00 | Val Loss: 1.945e-01 | Time: 4.61s
2025-08-18 14:27:26,201:INFO:Epoch: 12450/20000 | Train Loss: 5.389e-02 | Dynamic Loss: 5.389e-02 | Regularization Loss: 0.000e+00 | Val Loss: 1.862e-01 | Time: 4.59s
2025-08-18 14:27:36,641:INFO:Epoch: 12500/20000 | Train Loss: 4.893e-02 | Dynamic Loss: 4.893e-02 | Regularization Loss: 0.000e+00 | Val Loss: 1.820e-01 | Time: 10.44s
2025-08-18 14:27:41,295:INFO:Epoch: 12550/20000 | Train Loss: 5.054e-02 | Dynamic Loss: 5.054e-02 | Regularization Loss: 0.000e+00 | Val Loss: 1.823e-01 | Time: 4.65s
2025-08-18 14:27:45,888:INFO:Epoch: 12600/20000 | Train Loss: 5.588e-02 | Dynamic Loss: 5.588e-02 | Regularization Loss: 0.000e+00 | Val Loss: 1.866e-01 | Time: 4.59s
2025-08-18 14:27:50,434:INFO:Epoch: 12650/20000 | Train Loss: 4.766e-02 | Dynamic Loss: 4.766e-02 | Regularization Loss: 0.000e+00 | Val Loss: 1.787e-01 | Time: 4.55s
2025-08-18 14:27:50,434:INFO:New best model found at epoch 12650 with validation loss 1.787e-01. Saving...
2025-08-18 14:27:55,243:INFO:Epoch: 12700/20000 | Train Loss: 4.232e-02 | Dynamic Loss: 4.232e-02 | Regularization Loss: 0.000e+00 | Val Loss: 1.752e-01 | Time: 4.80s
2025-08-18 14:27:55,243:INFO:New best model found at epoch 12700 with validation loss 1.752e-01. Saving...
2025-08-18 14:27:59,905:INFO:Epoch: 12750/20000 | Train Loss: 4.673e-02 | Dynamic Loss: 4.673e-02 | Regularization Loss: 0.000e+00 | Val Loss: 1.799e-01 | Time: 4.66s
2025-08-18 14:28:04,401:INFO:Epoch: 12800/20000 | Train Loss: 4.473e-02 | Dynamic Loss: 4.473e-02 | Regularization Loss: 0.000e+00 | Val Loss: 1.772e-01 | Time: 4.50s
2025-08-18 14:28:09,022:INFO:Epoch: 12850/20000 | Train Loss: 4.609e-02 | Dynamic Loss: 4.609e-02 | Regularization Loss: 0.000e+00 | Val Loss: 1.807e-01 | Time: 4.62s
2025-08-18 14:28:13,602:INFO:Epoch: 12900/20000 | Train Loss: 4.833e-02 | Dynamic Loss: 4.833e-02 | Regularization Loss: 0.000e+00 | Val Loss: 1.789e-01 | Time: 4.58s
2025-08-18 14:28:18,473:INFO:Epoch: 12950/20000 | Train Loss: 6.341e-02 | Dynamic Loss: 6.341e-02 | Regularization Loss: 0.000e+00 | Val Loss: 1.848e-01 | Time: 4.87s
2025-08-18 14:28:23,043:INFO:Epoch: 13000/20000 | Train Loss: 4.976e-02 | Dynamic Loss: 4.976e-02 | Regularization Loss: 0.000e+00 | Val Loss: 1.796e-01 | Time: 4.57s
2025-08-18 14:28:33,509:INFO:Epoch: 13050/20000 | Train Loss: 4.515e-02 | Dynamic Loss: 4.515e-02 | Regularization Loss: 0.000e+00 | Val Loss: 1.783e-01 | Time: 10.47s
2025-08-18 14:28:38,042:INFO:Epoch: 13100/20000 | Train Loss: 4.355e-02 | Dynamic Loss: 4.355e-02 | Regularization Loss: 0.000e+00 | Val Loss: 1.773e-01 | Time: 4.53s
2025-08-18 14:28:42,515:INFO:Epoch: 13150/20000 | Train Loss: 4.529e-02 | Dynamic Loss: 4.529e-02 | Regularization Loss: 0.000e+00 | Val Loss: 1.785e-01 | Time: 4.47s
2025-08-18 14:28:47,152:INFO:Epoch: 13200/20000 | Train Loss: 5.757e-02 | Dynamic Loss: 5.757e-02 | Regularization Loss: 0.000e+00 | Val Loss: 1.857e-01 | Time: 4.64s
2025-08-18 14:28:51,749:INFO:Epoch: 13250/20000 | Train Loss: 4.573e-02 | Dynamic Loss: 4.573e-02 | Regularization Loss: 0.000e+00 | Val Loss: 1.778e-01 | Time: 4.60s
2025-08-18 14:28:56,386:INFO:Epoch: 13300/20000 | Train Loss: 6.350e-02 | Dynamic Loss: 6.350e-02 | Regularization Loss: 0.000e+00 | Val Loss: 1.861e-01 | Time: 4.64s
2025-08-18 14:29:01,112:INFO:Epoch: 13350/20000 | Train Loss: 4.723e-02 | Dynamic Loss: 4.723e-02 | Regularization Loss: 0.000e+00 | Val Loss: 1.772e-01 | Time: 4.73s
2025-08-18 14:29:05,645:INFO:Epoch: 13400/20000 | Train Loss: 4.170e-02 | Dynamic Loss: 4.170e-02 | Regularization Loss: 0.000e+00 | Val Loss: 1.744e-01 | Time: 4.53s
2025-08-18 14:29:05,646:INFO:New best model found at epoch 13400 with validation loss 1.744e-01. Saving...
2025-08-18 14:29:10,318:INFO:Epoch: 13450/20000 | Train Loss: 4.356e-02 | Dynamic Loss: 4.356e-02 | Regularization Loss: 0.000e+00 | Val Loss: 1.777e-01 | Time: 4.67s
2025-08-18 14:29:14,862:INFO:Epoch: 13500/20000 | Train Loss: 4.368e-02 | Dynamic Loss: 4.368e-02 | Regularization Loss: 0.000e+00 | Val Loss: 1.762e-01 | Time: 4.54s
2025-08-18 14:29:22,118:INFO:Epoch: 13550/20000 | Train Loss: 4.468e-02 | Dynamic Loss: 4.468e-02 | Regularization Loss: 0.000e+00 | Val Loss: 1.755e-01 | Time: 7.26s
2025-08-18 14:29:26,702:INFO:Epoch: 13600/20000 | Train Loss: 3.976e-02 | Dynamic Loss: 3.976e-02 | Regularization Loss: 0.000e+00 | Val Loss: 1.718e-01 | Time: 4.58s
2025-08-18 14:29:26,702:INFO:New best model found at epoch 13600 with validation loss 1.718e-01. Saving...
2025-08-18 14:29:31,359:INFO:Epoch: 13650/20000 | Train Loss: 4.417e-02 | Dynamic Loss: 4.417e-02 | Regularization Loss: 0.000e+00 | Val Loss: 1.776e-01 | Time: 4.65s
2025-08-18 14:29:36,088:INFO:Epoch: 13700/20000 | Train Loss: 5.497e-02 | Dynamic Loss: 5.497e-02 | Regularization Loss: 0.000e+00 | Val Loss: 1.869e-01 | Time: 4.73s
2025-08-18 14:29:40,647:INFO:Epoch: 13750/20000 | Train Loss: 4.334e-02 | Dynamic Loss: 4.334e-02 | Regularization Loss: 0.000e+00 | Val Loss: 1.752e-01 | Time: 4.56s
2025-08-18 14:29:45,170:INFO:Epoch: 13800/20000 | Train Loss: 4.062e-02 | Dynamic Loss: 4.062e-02 | Regularization Loss: 0.000e+00 | Val Loss: 1.734e-01 | Time: 4.52s
2025-08-18 14:29:49,951:INFO:Epoch: 13850/20000 | Train Loss: 3.860e-02 | Dynamic Loss: 3.860e-02 | Regularization Loss: 0.000e+00 | Val Loss: 1.721e-01 | Time: 4.78s
2025-08-18 14:30:00,781:INFO:Epoch: 13900/20000 | Train Loss: 4.230e-02 | Dynamic Loss: 4.230e-02 | Regularization Loss: 0.000e+00 | Val Loss: 1.725e-01 | Time: 10.83s
2025-08-18 14:30:05,369:INFO:Epoch: 13950/20000 | Train Loss: 4.522e-02 | Dynamic Loss: 4.522e-02 | Regularization Loss: 0.000e+00 | Val Loss: 1.741e-01 | Time: 4.59s
2025-08-18 14:30:09,977:INFO:Epoch: 14000/20000 | Train Loss: 4.554e-02 | Dynamic Loss: 4.554e-02 | Regularization Loss: 0.000e+00 | Val Loss: 1.755e-01 | Time: 4.61s
2025-08-18 14:30:15,775:INFO:Epoch: 14050/20000 | Train Loss: 4.593e-02 | Dynamic Loss: 4.593e-02 | Regularization Loss: 0.000e+00 | Val Loss: 1.772e-01 | Time: 5.80s
2025-08-18 14:30:20,351:INFO:Epoch: 14100/20000 | Train Loss: 4.181e-02 | Dynamic Loss: 4.181e-02 | Regularization Loss: 0.000e+00 | Val Loss: 1.716e-01 | Time: 4.58s
2025-08-18 14:30:20,351:INFO:New best model found at epoch 14100 with validation loss 1.716e-01. Saving...
2025-08-18 14:30:24,886:INFO:Epoch: 14150/20000 | Train Loss: 4.167e-02 | Dynamic Loss: 4.167e-02 | Regularization Loss: 0.000e+00 | Val Loss: 1.742e-01 | Time: 4.53s
2025-08-18 14:30:29,477:INFO:Epoch: 14200/20000 | Train Loss: 4.700e-02 | Dynamic Loss: 4.700e-02 | Regularization Loss: 0.000e+00 | Val Loss: 1.851e-01 | Time: 4.59s
2025-08-18 14:30:40,804:INFO:Epoch: 14250/20000 | Train Loss: 5.262e-02 | Dynamic Loss: 5.262e-02 | Regularization Loss: 0.000e+00 | Val Loss: 1.866e-01 | Time: 11.33s
2025-08-18 14:30:45,347:INFO:Epoch: 14300/20000 | Train Loss: 4.414e-02 | Dynamic Loss: 4.414e-02 | Regularization Loss: 0.000e+00 | Val Loss: 1.735e-01 | Time: 4.54s
2025-08-18 14:30:49,901:INFO:Epoch: 14350/20000 | Train Loss: 5.597e-02 | Dynamic Loss: 5.597e-02 | Regularization Loss: 0.000e+00 | Val Loss: 1.799e-01 | Time: 4.55s
2025-08-18 14:31:00,557:INFO:Epoch: 14400/20000 | Train Loss: 4.602e-02 | Dynamic Loss: 4.602e-02 | Regularization Loss: 0.000e+00 | Val Loss: 1.764e-01 | Time: 10.66s
2025-08-18 14:31:05,095:INFO:Epoch: 14450/20000 | Train Loss: 3.938e-02 | Dynamic Loss: 3.938e-02 | Regularization Loss: 0.000e+00 | Val Loss: 1.703e-01 | Time: 4.54s
2025-08-18 14:31:05,095:INFO:New best model found at epoch 14450 with validation loss 1.703e-01. Saving...
2025-08-18 14:31:09,746:INFO:Epoch: 14500/20000 | Train Loss: 4.476e-02 | Dynamic Loss: 4.476e-02 | Regularization Loss: 0.000e+00 | Val Loss: 1.792e-01 | Time: 4.64s
2025-08-18 14:31:14,335:INFO:Epoch: 14550/20000 | Train Loss: 3.856e-02 | Dynamic Loss: 3.856e-02 | Regularization Loss: 0.000e+00 | Val Loss: 1.697e-01 | Time: 4.59s
2025-08-18 14:31:14,336:INFO:New best model found at epoch 14550 with validation loss 1.697e-01. Saving...
2025-08-18 14:31:25,327:INFO:Epoch: 14600/20000 | Train Loss: 3.863e-02 | Dynamic Loss: 3.863e-02 | Regularization Loss: 0.000e+00 | Val Loss: 1.687e-01 | Time: 10.99s
2025-08-18 14:31:25,327:INFO:New best model found at epoch 14600 with validation loss 1.687e-01. Saving...
2025-08-18 14:31:29,918:INFO:Epoch: 14650/20000 | Train Loss: 4.094e-02 | Dynamic Loss: 4.094e-02 | Regularization Loss: 0.000e+00 | Val Loss: 1.711e-01 | Time: 4.59s
2025-08-18 14:31:34,688:INFO:Epoch: 14700/20000 | Train Loss: 5.720e-02 | Dynamic Loss: 5.720e-02 | Regularization Loss: 0.000e+00 | Val Loss: 1.973e-01 | Time: 4.77s
2025-08-18 14:31:41,428:INFO:Epoch: 14750/20000 | Train Loss: 4.321e-02 | Dynamic Loss: 4.321e-02 | Regularization Loss: 0.000e+00 | Val Loss: 1.711e-01 | Time: 6.74s
2025-08-18 14:31:45,993:INFO:Epoch: 14800/20000 | Train Loss: 4.084e-02 | Dynamic Loss: 4.084e-02 | Regularization Loss: 0.000e+00 | Val Loss: 1.743e-01 | Time: 4.56s
2025-08-18 14:31:50,606:INFO:Epoch: 14850/20000 | Train Loss: 3.939e-02 | Dynamic Loss: 3.939e-02 | Regularization Loss: 0.000e+00 | Val Loss: 1.683e-01 | Time: 4.61s
2025-08-18 14:31:50,606:INFO:New best model found at epoch 14850 with validation loss 1.683e-01. Saving...
2025-08-18 14:31:55,201:INFO:Epoch: 14900/20000 | Train Loss: 3.797e-02 | Dynamic Loss: 3.797e-02 | Regularization Loss: 0.000e+00 | Val Loss: 1.697e-01 | Time: 4.59s
2025-08-18 14:32:06,128:INFO:Epoch: 14950/20000 | Train Loss: 4.303e-02 | Dynamic Loss: 4.303e-02 | Regularization Loss: 0.000e+00 | Val Loss: 1.728e-01 | Time: 10.93s
2025-08-18 14:32:10,657:INFO:Epoch: 15000/20000 | Train Loss: 5.419e-02 | Dynamic Loss: 5.419e-02 | Regularization Loss: 0.000e+00 | Val Loss: 1.986e-01 | Time: 4.53s
2025-08-18 14:32:15,243:INFO:Epoch: 15050/20000 | Train Loss: 4.182e-02 | Dynamic Loss: 4.182e-02 | Regularization Loss: 0.000e+00 | Val Loss: 1.729e-01 | Time: 4.59s
2025-08-18 14:32:21,016:INFO:Epoch: 15100/20000 | Train Loss: 4.743e-02 | Dynamic Loss: 4.743e-02 | Regularization Loss: 0.000e+00 | Val Loss: 1.769e-01 | Time: 5.77s
2025-08-18 14:32:25,546:INFO:Epoch: 15150/20000 | Train Loss: 3.701e-02 | Dynamic Loss: 3.701e-02 | Regularization Loss: 0.000e+00 | Val Loss: 1.658e-01 | Time: 4.53s
2025-08-18 14:32:25,546:INFO:New best model found at epoch 15150 with validation loss 1.658e-01. Saving...
2025-08-18 14:32:30,061:INFO:Epoch: 15200/20000 | Train Loss: 3.984e-02 | Dynamic Loss: 3.984e-02 | Regularization Loss: 0.000e+00 | Val Loss: 1.698e-01 | Time: 4.51s
2025-08-18 14:32:34,647:INFO:Epoch: 15250/20000 | Train Loss: 3.652e-02 | Dynamic Loss: 3.652e-02 | Regularization Loss: 0.000e+00 | Val Loss: 1.657e-01 | Time: 4.59s
2025-08-18 14:32:34,647:INFO:New best model found at epoch 15250 with validation loss 1.657e-01. Saving...
2025-08-18 14:32:45,687:INFO:Epoch: 15300/20000 | Train Loss: 4.616e-02 | Dynamic Loss: 4.616e-02 | Regularization Loss: 0.000e+00 | Val Loss: 1.762e-01 | Time: 11.03s
2025-08-18 14:32:50,190:INFO:Epoch: 15350/20000 | Train Loss: 3.675e-02 | Dynamic Loss: 3.675e-02 | Regularization Loss: 0.000e+00 | Val Loss: 1.667e-01 | Time: 4.50s
2025-08-18 14:32:54,748:INFO:Epoch: 15400/20000 | Train Loss: 3.787e-02 | Dynamic Loss: 3.787e-02 | Regularization Loss: 0.000e+00 | Val Loss: 1.678e-01 | Time: 4.56s
2025-08-18 14:33:05,644:INFO:Epoch: 15450/20000 | Train Loss: 3.772e-02 | Dynamic Loss: 3.772e-02 | Regularization Loss: 0.000e+00 | Val Loss: 1.663e-01 | Time: 10.90s
2025-08-18 14:33:10,277:INFO:Epoch: 15500/20000 | Train Loss: 3.619e-02 | Dynamic Loss: 3.619e-02 | Regularization Loss: 0.000e+00 | Val Loss: 1.659e-01 | Time: 4.63s
2025-08-18 14:33:14,938:INFO:Epoch: 15550/20000 | Train Loss: 3.597e-02 | Dynamic Loss: 3.597e-02 | Regularization Loss: 0.000e+00 | Val Loss: 1.670e-01 | Time: 4.66s
2025-08-18 14:33:19,532:INFO:Epoch: 15600/20000 | Train Loss: 3.835e-02 | Dynamic Loss: 3.835e-02 | Regularization Loss: 0.000e+00 | Val Loss: 1.645e-01 | Time: 4.59s
2025-08-18 14:33:19,532:INFO:New best model found at epoch 15600 with validation loss 1.645e-01. Saving...
2025-08-18 14:33:30,665:INFO:Epoch: 15650/20000 | Train Loss: 3.877e-02 | Dynamic Loss: 3.877e-02 | Regularization Loss: 0.000e+00 | Val Loss: 1.679e-01 | Time: 11.13s
2025-08-18 14:33:35,259:INFO:Epoch: 15700/20000 | Train Loss: 4.194e-02 | Dynamic Loss: 4.194e-02 | Regularization Loss: 0.000e+00 | Val Loss: 1.710e-01 | Time: 4.59s
2025-08-18 14:33:39,869:INFO:Epoch: 15750/20000 | Train Loss: 4.713e-02 | Dynamic Loss: 4.713e-02 | Regularization Loss: 0.000e+00 | Val Loss: 1.829e-01 | Time: 4.61s
2025-08-18 14:33:48,178:INFO:Epoch: 15800/20000 | Train Loss: 4.107e-02 | Dynamic Loss: 4.107e-02 | Regularization Loss: 0.000e+00 | Val Loss: 1.757e-01 | Time: 8.31s
2025-08-18 14:33:52,791:INFO:Epoch: 15850/20000 | Train Loss: 4.100e-02 | Dynamic Loss: 4.100e-02 | Regularization Loss: 0.000e+00 | Val Loss: 1.681e-01 | Time: 4.61s
2025-08-18 14:33:57,358:INFO:Epoch: 15900/20000 | Train Loss: 3.921e-02 | Dynamic Loss: 3.921e-02 | Regularization Loss: 0.000e+00 | Val Loss: 1.706e-01 | Time: 4.57s
2025-08-18 14:34:01,931:INFO:Epoch: 15950/20000 | Train Loss: 4.931e-02 | Dynamic Loss: 4.931e-02 | Regularization Loss: 0.000e+00 | Val Loss: 1.767e-01 | Time: 4.57s
2025-08-18 14:34:12,938:INFO:Epoch: 16000/20000 | Train Loss: 3.583e-02 | Dynamic Loss: 3.583e-02 | Regularization Loss: 0.000e+00 | Val Loss: 1.625e-01 | Time: 11.01s
2025-08-18 14:34:12,938:INFO:New best model found at epoch 16000 with validation loss 1.625e-01. Saving...
2025-08-18 14:34:17,552:INFO:Epoch: 16050/20000 | Train Loss: 3.616e-02 | Dynamic Loss: 3.616e-02 | Regularization Loss: 0.000e+00 | Val Loss: 1.636e-01 | Time: 4.61s
2025-08-18 14:34:22,175:INFO:Epoch: 16100/20000 | Train Loss: 3.715e-02 | Dynamic Loss: 3.715e-02 | Regularization Loss: 0.000e+00 | Val Loss: 1.635e-01 | Time: 4.62s
2025-08-18 14:34:32,801:INFO:Epoch: 16150/20000 | Train Loss: 3.710e-02 | Dynamic Loss: 3.710e-02 | Regularization Loss: 0.000e+00 | Val Loss: 1.658e-01 | Time: 10.63s
2025-08-18 14:34:37,387:INFO:Epoch: 16200/20000 | Train Loss: 3.673e-02 | Dynamic Loss: 3.673e-02 | Regularization Loss: 0.000e+00 | Val Loss: 1.621e-01 | Time: 4.59s
2025-08-18 14:34:37,387:INFO:New best model found at epoch 16200 with validation loss 1.621e-01. Saving...
2025-08-18 14:34:41,942:INFO:Epoch: 16250/20000 | Train Loss: 3.493e-02 | Dynamic Loss: 3.493e-02 | Regularization Loss: 0.000e+00 | Val Loss: 1.612e-01 | Time: 4.55s
2025-08-18 14:34:41,942:INFO:New best model found at epoch 16250 with validation loss 1.612e-01. Saving...
2025-08-18 14:34:46,518:INFO:Epoch: 16300/20000 | Train Loss: 4.287e-02 | Dynamic Loss: 4.287e-02 | Regularization Loss: 0.000e+00 | Val Loss: 1.706e-01 | Time: 4.57s
2025-08-18 14:34:57,611:INFO:Epoch: 16350/20000 | Train Loss: 3.753e-02 | Dynamic Loss: 3.753e-02 | Regularization Loss: 0.000e+00 | Val Loss: 1.666e-01 | Time: 11.09s
2025-08-18 14:35:02,213:INFO:Epoch: 16400/20000 | Train Loss: 3.942e-02 | Dynamic Loss: 3.942e-02 | Regularization Loss: 0.000e+00 | Val Loss: 1.734e-01 | Time: 4.60s
2025-08-18 14:35:06,815:INFO:Epoch: 16450/20000 | Train Loss: 3.284e-02 | Dynamic Loss: 3.284e-02 | Regularization Loss: 0.000e+00 | Val Loss: 1.604e-01 | Time: 4.60s
2025-08-18 14:35:06,815:INFO:New best model found at epoch 16450 with validation loss 1.604e-01. Saving...
2025-08-18 14:35:17,678:INFO:Epoch: 16500/20000 | Train Loss: 3.761e-02 | Dynamic Loss: 3.761e-02 | Regularization Loss: 0.000e+00 | Val Loss: 1.689e-01 | Time: 10.86s
2025-08-18 14:35:22,282:INFO:Epoch: 16550/20000 | Train Loss: 3.540e-02 | Dynamic Loss: 3.540e-02 | Regularization Loss: 0.000e+00 | Val Loss: 1.601e-01 | Time: 4.60s
2025-08-18 14:35:22,282:INFO:New best model found at epoch 16550 with validation loss 1.601e-01. Saving...
2025-08-18 14:35:26,840:INFO:Epoch: 16600/20000 | Train Loss: 3.664e-02 | Dynamic Loss: 3.664e-02 | Regularization Loss: 0.000e+00 | Val Loss: 1.613e-01 | Time: 4.55s
2025-08-18 14:35:31,313:INFO:Epoch: 16650/20000 | Train Loss: 3.480e-02 | Dynamic Loss: 3.480e-02 | Regularization Loss: 0.000e+00 | Val Loss: 1.645e-01 | Time: 4.47s
2025-08-18 14:35:41,881:INFO:Epoch: 16700/20000 | Train Loss: 3.608e-02 | Dynamic Loss: 3.608e-02 | Regularization Loss: 0.000e+00 | Val Loss: 1.629e-01 | Time: 10.57s
2025-08-18 14:35:46,417:INFO:Epoch: 16750/20000 | Train Loss: 4.317e-02 | Dynamic Loss: 4.317e-02 | Regularization Loss: 0.000e+00 | Val Loss: 1.691e-01 | Time: 4.54s
2025-08-18 14:35:50,972:INFO:Epoch: 16800/20000 | Train Loss: 4.048e-02 | Dynamic Loss: 4.048e-02 | Regularization Loss: 0.000e+00 | Val Loss: 1.650e-01 | Time: 4.55s
2025-08-18 14:36:01,375:INFO:Epoch: 16850/20000 | Train Loss: 3.391e-02 | Dynamic Loss: 3.391e-02 | Regularization Loss: 0.000e+00 | Val Loss: 1.629e-01 | Time: 10.40s
2025-08-18 14:36:05,929:INFO:Epoch: 16900/20000 | Train Loss: 3.491e-02 | Dynamic Loss: 3.491e-02 | Regularization Loss: 0.000e+00 | Val Loss: 1.639e-01 | Time: 4.55s
2025-08-18 14:36:10,396:INFO:Epoch: 16950/20000 | Train Loss: 3.495e-02 | Dynamic Loss: 3.495e-02 | Regularization Loss: 0.000e+00 | Val Loss: 1.605e-01 | Time: 4.47s
2025-08-18 14:36:14,948:INFO:Epoch: 17000/20000 | Train Loss: 3.506e-02 | Dynamic Loss: 3.506e-02 | Regularization Loss: 0.000e+00 | Val Loss: 1.629e-01 | Time: 4.55s
2025-08-18 14:36:25,972:INFO:Epoch: 17050/20000 | Train Loss: 3.227e-02 | Dynamic Loss: 3.227e-02 | Regularization Loss: 0.000e+00 | Val Loss: 1.605e-01 | Time: 11.02s
2025-08-18 14:36:30,621:INFO:Epoch: 17100/20000 | Train Loss: 3.303e-02 | Dynamic Loss: 3.303e-02 | Regularization Loss: 0.000e+00 | Val Loss: 1.598e-01 | Time: 4.65s
2025-08-18 14:36:30,621:INFO:New best model found at epoch 17100 with validation loss 1.598e-01. Saving...
2025-08-18 14:36:35,217:INFO:Epoch: 17150/20000 | Train Loss: 3.544e-02 | Dynamic Loss: 3.544e-02 | Regularization Loss: 0.000e+00 | Val Loss: 1.610e-01 | Time: 4.59s
2025-08-18 14:36:45,804:INFO:Epoch: 17200/20000 | Train Loss: 3.454e-02 | Dynamic Loss: 3.454e-02 | Regularization Loss: 0.000e+00 | Val Loss: 1.603e-01 | Time: 10.59s
2025-08-18 14:36:50,404:INFO:Epoch: 17250/20000 | Train Loss: 3.256e-02 | Dynamic Loss: 3.256e-02 | Regularization Loss: 0.000e+00 | Val Loss: 1.585e-01 | Time: 4.60s
2025-08-18 14:36:50,405:INFO:New best model found at epoch 17250 with validation loss 1.585e-01. Saving...
2025-08-18 14:36:54,965:INFO:Epoch: 17300/20000 | Train Loss: 3.163e-02 | Dynamic Loss: 3.163e-02 | Regularization Loss: 0.000e+00 | Val Loss: 1.607e-01 | Time: 4.56s
2025-08-18 14:36:59,543:INFO:Epoch: 17350/20000 | Train Loss: 4.875e-02 | Dynamic Loss: 4.875e-02 | Regularization Loss: 0.000e+00 | Val Loss: 1.743e-01 | Time: 4.58s
2025-08-18 14:37:10,728:INFO:Epoch: 17400/20000 | Train Loss: 3.381e-02 | Dynamic Loss: 3.381e-02 | Regularization Loss: 0.000e+00 | Val Loss: 1.596e-01 | Time: 11.18s
2025-08-18 14:37:15,385:INFO:Epoch: 17450/20000 | Train Loss: 3.450e-02 | Dynamic Loss: 3.450e-02 | Regularization Loss: 0.000e+00 | Val Loss: 1.576e-01 | Time: 4.66s
2025-08-18 14:37:15,385:INFO:New best model found at epoch 17450 with validation loss 1.576e-01. Saving...
2025-08-18 14:37:20,067:INFO:Epoch: 17500/20000 | Train Loss: 3.117e-02 | Dynamic Loss: 3.117e-02 | Regularization Loss: 0.000e+00 | Val Loss: 1.564e-01 | Time: 4.68s
2025-08-18 14:37:20,067:INFO:New best model found at epoch 17500 with validation loss 1.564e-01. Saving...
2025-08-18 14:37:30,608:INFO:Epoch: 17550/20000 | Train Loss: 3.742e-02 | Dynamic Loss: 3.742e-02 | Regularization Loss: 0.000e+00 | Val Loss: 1.616e-01 | Time: 10.54s
2025-08-18 14:37:35,235:INFO:Epoch: 17600/20000 | Train Loss: 3.208e-02 | Dynamic Loss: 3.208e-02 | Regularization Loss: 0.000e+00 | Val Loss: 1.592e-01 | Time: 4.63s
2025-08-18 14:37:39,884:INFO:Epoch: 17650/20000 | Train Loss: 4.047e-02 | Dynamic Loss: 4.047e-02 | Regularization Loss: 0.000e+00 | Val Loss: 1.636e-01 | Time: 4.65s
2025-08-18 14:37:44,458:INFO:Epoch: 17700/20000 | Train Loss: 4.026e-02 | Dynamic Loss: 4.026e-02 | Regularization Loss: 0.000e+00 | Val Loss: 1.640e-01 | Time: 4.57s
2025-08-18 14:37:55,667:INFO:Epoch: 17750/20000 | Train Loss: 3.438e-02 | Dynamic Loss: 3.438e-02 | Regularization Loss: 0.000e+00 | Val Loss: 1.584e-01 | Time: 11.21s
2025-08-18 14:38:00,276:INFO:Epoch: 17800/20000 | Train Loss: 3.435e-02 | Dynamic Loss: 3.435e-02 | Regularization Loss: 0.000e+00 | Val Loss: 1.617e-01 | Time: 4.61s
2025-08-18 14:38:04,893:INFO:Epoch: 17850/20000 | Train Loss: 3.210e-02 | Dynamic Loss: 3.210e-02 | Regularization Loss: 0.000e+00 | Val Loss: 1.570e-01 | Time: 4.62s
2025-08-18 14:38:11,598:INFO:Epoch: 17900/20000 | Train Loss: 3.008e-02 | Dynamic Loss: 3.008e-02 | Regularization Loss: 0.000e+00 | Val Loss: 1.565e-01 | Time: 6.70s
2025-08-18 14:38:16,155:INFO:Epoch: 17950/20000 | Train Loss: 3.431e-02 | Dynamic Loss: 3.431e-02 | Regularization Loss: 0.000e+00 | Val Loss: 1.590e-01 | Time: 4.56s
2025-08-18 14:38:20,757:INFO:Epoch: 18000/20000 | Train Loss: 3.211e-02 | Dynamic Loss: 3.211e-02 | Regularization Loss: 0.000e+00 | Val Loss: 1.575e-01 | Time: 4.60s
2025-08-18 14:38:25,384:INFO:Epoch: 18050/20000 | Train Loss: 3.338e-02 | Dynamic Loss: 3.338e-02 | Regularization Loss: 0.000e+00 | Val Loss: 1.590e-01 | Time: 4.63s
2025-08-18 14:38:36,347:INFO:Epoch: 18100/20000 | Train Loss: 3.762e-02 | Dynamic Loss: 3.762e-02 | Regularization Loss: 0.000e+00 | Val Loss: 1.629e-01 | Time: 10.96s
2025-08-18 14:38:40,898:INFO:Epoch: 18150/20000 | Train Loss: 3.515e-02 | Dynamic Loss: 3.515e-02 | Regularization Loss: 0.000e+00 | Val Loss: 1.603e-01 | Time: 4.55s
2025-08-18 14:38:45,514:INFO:Epoch: 18200/20000 | Train Loss: 3.322e-02 | Dynamic Loss: 3.322e-02 | Regularization Loss: 0.000e+00 | Val Loss: 1.618e-01 | Time: 4.62s
2025-08-18 14:38:51,350:INFO:Epoch: 18250/20000 | Train Loss: 3.182e-02 | Dynamic Loss: 3.182e-02 | Regularization Loss: 0.000e+00 | Val Loss: 1.595e-01 | Time: 5.84s
2025-08-18 14:38:55,865:INFO:Epoch: 18300/20000 | Train Loss: 3.238e-02 | Dynamic Loss: 3.238e-02 | Regularization Loss: 0.000e+00 | Val Loss: 1.585e-01 | Time: 4.51s
2025-08-18 14:39:00,558:INFO:Epoch: 18350/20000 | Train Loss: 3.111e-02 | Dynamic Loss: 3.111e-02 | Regularization Loss: 0.000e+00 | Val Loss: 1.552e-01 | Time: 4.69s
2025-08-18 14:39:00,558:INFO:New best model found at epoch 18350 with validation loss 1.552e-01. Saving...
2025-08-18 14:39:05,142:INFO:Epoch: 18400/20000 | Train Loss: 2.809e-02 | Dynamic Loss: 2.809e-02 | Regularization Loss: 0.000e+00 | Val Loss: 1.530e-01 | Time: 4.58s
2025-08-18 14:39:05,142:INFO:New best model found at epoch 18400 with validation loss 1.530e-01. Saving...
2025-08-18 14:39:16,374:INFO:Epoch: 18450/20000 | Train Loss: 3.218e-02 | Dynamic Loss: 3.218e-02 | Regularization Loss: 0.000e+00 | Val Loss: 1.568e-01 | Time: 11.23s
2025-08-18 14:39:20,990:INFO:Epoch: 18500/20000 | Train Loss: 2.959e-02 | Dynamic Loss: 2.959e-02 | Regularization Loss: 0.000e+00 | Val Loss: 1.548e-01 | Time: 4.62s
2025-08-18 14:39:25,627:INFO:Epoch: 18550/20000 | Train Loss: 3.124e-02 | Dynamic Loss: 3.124e-02 | Regularization Loss: 0.000e+00 | Val Loss: 1.567e-01 | Time: 4.64s
2025-08-18 14:39:36,648:INFO:Epoch: 18600/20000 | Train Loss: 3.394e-02 | Dynamic Loss: 3.394e-02 | Regularization Loss: 0.000e+00 | Val Loss: 1.603e-01 | Time: 11.02s
2025-08-18 14:39:41,256:INFO:Epoch: 18650/20000 | Train Loss: 3.146e-02 | Dynamic Loss: 3.146e-02 | Regularization Loss: 0.000e+00 | Val Loss: 1.557e-01 | Time: 4.61s
2025-08-18 14:39:45,835:INFO:Epoch: 18700/20000 | Train Loss: 3.097e-02 | Dynamic Loss: 3.097e-02 | Regularization Loss: 0.000e+00 | Val Loss: 1.546e-01 | Time: 4.58s
2025-08-18 14:39:50,341:INFO:Epoch: 18750/20000 | Train Loss: 3.991e-02 | Dynamic Loss: 3.991e-02 | Regularization Loss: 0.000e+00 | Val Loss: 1.716e-01 | Time: 4.51s
2025-08-18 14:40:01,067:INFO:Epoch: 18800/20000 | Train Loss: 3.054e-02 | Dynamic Loss: 3.054e-02 | Regularization Loss: 0.000e+00 | Val Loss: 1.554e-01 | Time: 10.73s
2025-08-18 14:40:05,646:INFO:Epoch: 18850/20000 | Train Loss: 2.856e-02 | Dynamic Loss: 2.856e-02 | Regularization Loss: 0.000e+00 | Val Loss: 1.535e-01 | Time: 4.58s
2025-08-18 14:40:10,265:INFO:Epoch: 18900/20000 | Train Loss: 2.773e-02 | Dynamic Loss: 2.773e-02 | Regularization Loss: 0.000e+00 | Val Loss: 1.528e-01 | Time: 4.62s
2025-08-18 14:40:10,265:INFO:New best model found at epoch 18900 with validation loss 1.528e-01. Saving...
2025-08-18 14:40:16,991:INFO:Epoch: 18950/20000 | Train Loss: 3.264e-02 | Dynamic Loss: 3.264e-02 | Regularization Loss: 0.000e+00 | Val Loss: 1.572e-01 | Time: 6.72s
2025-08-18 14:40:21,595:INFO:Epoch: 19000/20000 | Train Loss: 3.590e-02 | Dynamic Loss: 3.590e-02 | Regularization Loss: 0.000e+00 | Val Loss: 1.590e-01 | Time: 4.60s
2025-08-18 14:40:26,197:INFO:Epoch: 19050/20000 | Train Loss: 2.919e-02 | Dynamic Loss: 2.919e-02 | Regularization Loss: 0.000e+00 | Val Loss: 1.526e-01 | Time: 4.60s
2025-08-18 14:40:26,197:INFO:New best model found at epoch 19050 with validation loss 1.526e-01. Saving...
2025-08-18 14:40:30,806:INFO:Epoch: 19100/20000 | Train Loss: 3.045e-02 | Dynamic Loss: 3.045e-02 | Regularization Loss: 0.000e+00 | Val Loss: 1.552e-01 | Time: 4.60s
2025-08-18 14:40:41,969:INFO:Epoch: 19150/20000 | Train Loss: 3.009e-02 | Dynamic Loss: 3.009e-02 | Regularization Loss: 0.000e+00 | Val Loss: 1.548e-01 | Time: 11.16s
2025-08-18 14:40:46,640:INFO:Epoch: 19200/20000 | Train Loss: 3.021e-02 | Dynamic Loss: 3.021e-02 | Regularization Loss: 0.000e+00 | Val Loss: 1.541e-01 | Time: 4.67s
2025-08-18 14:40:51,370:INFO:Epoch: 19250/20000 | Train Loss: 3.538e-02 | Dynamic Loss: 3.538e-02 | Regularization Loss: 0.000e+00 | Val Loss: 1.582e-01 | Time: 4.73s
2025-08-18 14:40:57,298:INFO:Epoch: 19300/20000 | Train Loss: 4.320e-02 | Dynamic Loss: 4.320e-02 | Regularization Loss: 0.000e+00 | Val Loss: 1.687e-01 | Time: 5.93s
2025-08-18 14:41:02,008:INFO:Epoch: 19350/20000 | Train Loss: 2.976e-02 | Dynamic Loss: 2.976e-02 | Regularization Loss: 0.000e+00 | Val Loss: 1.539e-01 | Time: 4.71s
2025-08-18 14:41:06,545:INFO:Epoch: 19400/20000 | Train Loss: 3.007e-02 | Dynamic Loss: 3.007e-02 | Regularization Loss: 0.000e+00 | Val Loss: 1.538e-01 | Time: 4.54s
2025-08-18 14:41:11,677:INFO:Epoch: 19450/20000 | Train Loss: 3.216e-02 | Dynamic Loss: 3.216e-02 | Regularization Loss: 0.000e+00 | Val Loss: 1.587e-01 | Time: 5.13s
2025-08-18 14:41:22,978:INFO:Epoch: 19500/20000 | Train Loss: 3.023e-02 | Dynamic Loss: 3.023e-02 | Regularization Loss: 0.000e+00 | Val Loss: 1.544e-01 | Time: 11.30s
2025-08-18 14:41:27,520:INFO:Epoch: 19550/20000 | Train Loss: 3.106e-02 | Dynamic Loss: 3.106e-02 | Regularization Loss: 0.000e+00 | Val Loss: 1.560e-01 | Time: 4.54s
2025-08-18 14:41:32,100:INFO:Epoch: 19600/20000 | Train Loss: 3.443e-02 | Dynamic Loss: 3.443e-02 | Regularization Loss: 0.000e+00 | Val Loss: 1.560e-01 | Time: 4.58s
2025-08-18 14:41:43,147:INFO:Epoch: 19650/20000 | Train Loss: 3.246e-02 | Dynamic Loss: 3.246e-02 | Regularization Loss: 0.000e+00 | Val Loss: 1.563e-01 | Time: 11.05s
2025-08-18 14:41:47,869:INFO:Epoch: 19700/20000 | Train Loss: 2.998e-02 | Dynamic Loss: 2.998e-02 | Regularization Loss: 0.000e+00 | Val Loss: 1.539e-01 | Time: 4.72s
2025-08-18 14:41:52,455:INFO:Epoch: 19750/20000 | Train Loss: 2.948e-02 | Dynamic Loss: 2.948e-02 | Regularization Loss: 0.000e+00 | Val Loss: 1.536e-01 | Time: 4.59s
2025-08-18 14:41:57,014:INFO:Epoch: 19800/20000 | Train Loss: 2.847e-02 | Dynamic Loss: 2.847e-02 | Regularization Loss: 0.000e+00 | Val Loss: 1.526e-01 | Time: 4.56s
2025-08-18 14:41:57,014:INFO:New best model found at epoch 19800 with validation loss 1.526e-01. Saving...
2025-08-18 14:42:07,942:INFO:Epoch: 19850/20000 | Train Loss: 3.321e-02 | Dynamic Loss: 3.321e-02 | Regularization Loss: 0.000e+00 | Val Loss: 1.566e-01 | Time: 10.92s
2025-08-18 14:42:12,532:INFO:Epoch: 19900/20000 | Train Loss: 2.953e-02 | Dynamic Loss: 2.953e-02 | Regularization Loss: 0.000e+00 | Val Loss: 1.545e-01 | Time: 4.59s
2025-08-18 14:42:17,101:INFO:Epoch: 19950/20000 | Train Loss: 2.929e-02 | Dynamic Loss: 2.929e-02 | Regularization Loss: 0.000e+00 | Val Loss: 1.541e-01 | Time: 4.57s
2025-08-18 14:42:25,540:INFO:Epoch: 20000/20000 | Train Loss: 3.287e-02 | Dynamic Loss: 3.287e-02 | Regularization Loss: 0.000e+00 | Val Loss: 1.578e-01 | Time: 8.44s
