2025-08-19 18:12:27,645:INFO:Created DataLoaders with 5994 training samples and 1998 validation samples.
2025-08-19 18:12:28,215:INFO:model params: 526849
2025-08-19 18:12:31,167:INFO:Epoch: 0/20000 | Train Loss: 3.766e+00 | Dynamic Loss: 2.816e+00 | Regularization Loss: 9.509e-01 | Val Loss: 2.350e+00 | Time: 2.95s
2025-08-19 18:12:31,167:INFO:New best model found at epoch 0 with validation loss 2.350e+00. Saving...
2025-08-19 18:12:36,629:INFO:Epoch: 50/20000 | Train Loss: 1.814e+00 | Dynamic Loss: 1.773e+00 | Regularization Loss: 4.073e-02 | Val Loss: 1.739e+00 | Time: 5.45s
2025-08-19 18:12:36,629:INFO:New best model found at epoch 50 with validation loss 1.739e+00. Saving...
2025-08-19 18:12:42,076:INFO:Epoch: 100/20000 | Train Loss: 1.654e+00 | Dynamic Loss: 1.638e+00 | Regularization Loss: 1.610e-02 | Val Loss: 1.672e+00 | Time: 5.44s
2025-08-19 18:12:42,076:INFO:New best model found at epoch 100 with validation loss 1.672e+00. Saving...
2025-08-19 18:12:47,714:INFO:Epoch: 150/20000 | Train Loss: 1.562e+00 | Dynamic Loss: 1.553e+00 | Regularization Loss: 8.984e-03 | Val Loss: 1.598e+00 | Time: 5.63s
2025-08-19 18:12:47,714:INFO:New best model found at epoch 150 with validation loss 1.598e+00. Saving...
2025-08-19 18:12:53,428:INFO:Epoch: 200/20000 | Train Loss: 1.475e+00 | Dynamic Loss: 1.469e+00 | Regularization Loss: 5.840e-03 | Val Loss: 1.510e+00 | Time: 5.70s
2025-08-19 18:12:53,428:INFO:New best model found at epoch 200 with validation loss 1.510e+00. Saving...
2025-08-19 18:12:59,027:INFO:Epoch: 250/20000 | Train Loss: 1.407e+00 | Dynamic Loss: 1.403e+00 | Regularization Loss: 4.139e-03 | Val Loss: 1.440e+00 | Time: 5.59s
2025-08-19 18:12:59,027:INFO:New best model found at epoch 250 with validation loss 1.440e+00. Saving...
2025-08-19 18:13:04,665:INFO:Epoch: 300/20000 | Train Loss: 1.334e+00 | Dynamic Loss: 1.331e+00 | Regularization Loss: 3.101e-03 | Val Loss: 1.379e+00 | Time: 5.63s
2025-08-19 18:13:04,665:INFO:New best model found at epoch 300 with validation loss 1.379e+00. Saving...
2025-08-19 18:13:16,333:INFO:Epoch: 350/20000 | Train Loss: 1.254e+00 | Dynamic Loss: 1.252e+00 | Regularization Loss: 2.416e-03 | Val Loss: 1.307e+00 | Time: 11.66s
2025-08-19 18:13:16,333:INFO:New best model found at epoch 350 with validation loss 1.307e+00. Saving...
2025-08-19 18:13:22,004:INFO:Epoch: 400/20000 | Train Loss: 1.197e+00 | Dynamic Loss: 1.195e+00 | Regularization Loss: 1.936e-03 | Val Loss: 1.250e+00 | Time: 5.66s
2025-08-19 18:13:22,004:INFO:New best model found at epoch 400 with validation loss 1.250e+00. Saving...
2025-08-19 18:13:31,274:INFO:Epoch: 450/20000 | Train Loss: 1.147e+00 | Dynamic Loss: 1.145e+00 | Regularization Loss: 1.586e-03 | Val Loss: 1.208e+00 | Time: 9.26s
2025-08-19 18:13:31,274:INFO:New best model found at epoch 450 with validation loss 1.208e+00. Saving...
2025-08-19 18:13:36,971:INFO:Epoch: 500/20000 | Train Loss: 1.118e+00 | Dynamic Loss: 1.117e+00 | Regularization Loss: 1.322e-03 | Val Loss: 1.203e+00 | Time: 5.69s
2025-08-19 18:13:36,971:INFO:New best model found at epoch 500 with validation loss 1.203e+00. Saving...
2025-08-19 18:13:42,816:INFO:Epoch: 550/20000 | Train Loss: 1.057e+00 | Dynamic Loss: 1.056e+00 | Regularization Loss: 1.117e-03 | Val Loss: 1.130e+00 | Time: 5.84s
2025-08-19 18:13:42,816:INFO:New best model found at epoch 550 with validation loss 1.130e+00. Saving...
2025-08-19 18:13:48,519:INFO:Epoch: 600/20000 | Train Loss: 1.036e+00 | Dynamic Loss: 1.035e+00 | Regularization Loss: 9.553e-04 | Val Loss: 1.105e+00 | Time: 5.69s
2025-08-19 18:13:48,519:INFO:New best model found at epoch 600 with validation loss 1.105e+00. Saving...
2025-08-19 18:13:54,200:INFO:Epoch: 650/20000 | Train Loss: 9.920e-01 | Dynamic Loss: 9.911e-01 | Regularization Loss: 8.245e-04 | Val Loss: 1.071e+00 | Time: 5.67s
2025-08-19 18:13:54,200:INFO:New best model found at epoch 650 with validation loss 1.071e+00. Saving...
2025-08-19 18:14:01,391:INFO:Epoch: 700/20000 | Train Loss: 9.309e-01 | Dynamic Loss: 9.302e-01 | Regularization Loss: 7.173e-04 | Val Loss: 1.011e+00 | Time: 7.18s
2025-08-19 18:14:01,391:INFO:New best model found at epoch 700 with validation loss 1.011e+00. Saving...
2025-08-19 18:14:07,041:INFO:Epoch: 750/20000 | Train Loss: 9.041e-01 | Dynamic Loss: 9.035e-01 | Regularization Loss: 6.284e-04 | Val Loss: 9.861e-01 | Time: 5.64s
2025-08-19 18:14:07,041:INFO:New best model found at epoch 750 with validation loss 9.861e-01. Saving...
2025-08-19 18:14:16,136:INFO:Epoch: 800/20000 | Train Loss: 8.760e-01 | Dynamic Loss: 8.754e-01 | Regularization Loss: 5.538e-04 | Val Loss: 9.584e-01 | Time: 9.09s
2025-08-19 18:14:16,136:INFO:New best model found at epoch 800 with validation loss 9.584e-01. Saving...
2025-08-19 18:14:21,821:INFO:Epoch: 850/20000 | Train Loss: 8.587e-01 | Dynamic Loss: 8.582e-01 | Regularization Loss: 4.905e-04 | Val Loss: 9.482e-01 | Time: 5.68s
2025-08-19 18:14:21,822:INFO:New best model found at epoch 850 with validation loss 9.482e-01. Saving...
2025-08-19 18:14:27,532:INFO:Epoch: 900/20000 | Train Loss: 8.451e-01 | Dynamic Loss: 8.447e-01 | Regularization Loss: 4.365e-04 | Val Loss: 9.190e-01 | Time: 5.70s
2025-08-19 18:14:27,533:INFO:New best model found at epoch 900 with validation loss 9.190e-01. Saving...
2025-08-19 18:14:33,226:INFO:Epoch: 950/20000 | Train Loss: 8.104e-01 | Dynamic Loss: 8.100e-01 | Regularization Loss: 3.899e-04 | Val Loss: 8.961e-01 | Time: 5.65s
2025-08-19 18:14:33,227:INFO:New best model found at epoch 950 with validation loss 8.961e-01. Saving...
2025-08-19 18:14:38,984:INFO:Epoch: 1000/20000 | Train Loss: 7.865e-01 | Dynamic Loss: 7.862e-01 | Regularization Loss: 3.496e-04 | Val Loss: 8.784e-01 | Time: 5.75s
2025-08-19 18:14:38,984:INFO:New best model found at epoch 1000 with validation loss 8.784e-01. Saving...
2025-08-19 18:14:44,646:INFO:Epoch: 1050/20000 | Train Loss: 7.762e-01 | Dynamic Loss: 7.759e-01 | Regularization Loss: 3.144e-04 | Val Loss: 8.694e-01 | Time: 5.65s
2025-08-19 18:14:44,646:INFO:New best model found at epoch 1050 with validation loss 8.694e-01. Saving...
2025-08-19 18:14:50,323:INFO:Epoch: 1100/20000 | Train Loss: 7.648e-01 | Dynamic Loss: 7.645e-01 | Regularization Loss: 2.835e-04 | Val Loss: 8.514e-01 | Time: 5.67s
2025-08-19 18:14:50,323:INFO:New best model found at epoch 1100 with validation loss 8.514e-01. Saving...
2025-08-19 18:14:55,968:INFO:Epoch: 1150/20000 | Train Loss: 7.360e-01 | Dynamic Loss: 7.357e-01 | Regularization Loss: 2.563e-04 | Val Loss: 8.313e-01 | Time: 5.64s
2025-08-19 18:14:55,968:INFO:New best model found at epoch 1150 with validation loss 8.313e-01. Saving...
2025-08-19 18:15:01,664:INFO:Epoch: 1200/20000 | Train Loss: 7.316e-01 | Dynamic Loss: 7.314e-01 | Regularization Loss: 2.322e-04 | Val Loss: 8.241e-01 | Time: 5.69s
2025-08-19 18:15:01,664:INFO:New best model found at epoch 1200 with validation loss 8.241e-01. Saving...
2025-08-19 18:15:12,307:INFO:Epoch: 1250/20000 | Train Loss: 7.103e-01 | Dynamic Loss: 7.101e-01 | Regularization Loss: 2.108e-04 | Val Loss: 8.014e-01 | Time: 10.63s
2025-08-19 18:15:12,307:INFO:New best model found at epoch 1250 with validation loss 8.014e-01. Saving...
2025-08-19 18:15:18,026:INFO:Epoch: 1300/20000 | Train Loss: 6.999e-01 | Dynamic Loss: 6.998e-01 | Regularization Loss: 1.917e-04 | Val Loss: 7.907e-01 | Time: 5.71s
2025-08-19 18:15:18,027:INFO:New best model found at epoch 1300 with validation loss 7.907e-01. Saving...
2025-08-19 18:15:23,824:INFO:Epoch: 1350/20000 | Train Loss: 7.273e-01 | Dynamic Loss: 7.271e-01 | Regularization Loss: 1.747e-04 | Val Loss: 8.324e-01 | Time: 5.79s
2025-08-19 18:15:29,579:INFO:Epoch: 1400/20000 | Train Loss: 6.589e-01 | Dynamic Loss: 6.587e-01 | Regularization Loss: 1.594e-04 | Val Loss: 7.730e-01 | Time: 5.76s
2025-08-19 18:15:29,580:INFO:New best model found at epoch 1400 with validation loss 7.730e-01. Saving...
2025-08-19 18:15:35,346:INFO:Epoch: 1450/20000 | Train Loss: 6.489e-01 | Dynamic Loss: 6.487e-01 | Regularization Loss: 1.456e-04 | Val Loss: 7.534e-01 | Time: 5.74s
2025-08-19 18:15:35,346:INFO:New best model found at epoch 1450 with validation loss 7.534e-01. Saving...
2025-08-19 18:15:46,947:INFO:Epoch: 1500/20000 | Train Loss: 6.441e-01 | Dynamic Loss: 6.439e-01 | Regularization Loss: 1.332e-04 | Val Loss: 7.513e-01 | Time: 11.59s
2025-08-19 18:15:46,947:INFO:New best model found at epoch 1500 with validation loss 7.513e-01. Saving...
2025-08-19 18:15:52,721:INFO:Epoch: 1550/20000 | Train Loss: 6.199e-01 | Dynamic Loss: 6.198e-01 | Regularization Loss: 1.220e-04 | Val Loss: 7.294e-01 | Time: 5.77s
2025-08-19 18:15:52,722:INFO:New best model found at epoch 1550 with validation loss 7.294e-01. Saving...
2025-08-19 18:15:58,517:INFO:Epoch: 1600/20000 | Train Loss: 6.401e-01 | Dynamic Loss: 6.400e-01 | Regularization Loss: 1.118e-04 | Val Loss: 7.278e-01 | Time: 5.79s
2025-08-19 18:15:58,518:INFO:New best model found at epoch 1600 with validation loss 7.278e-01. Saving...
2025-08-19 18:16:04,233:INFO:Epoch: 1650/20000 | Train Loss: 5.777e-01 | Dynamic Loss: 5.776e-01 | Regularization Loss: 1.026e-04 | Val Loss: 7.017e-01 | Time: 5.71s
2025-08-19 18:16:04,233:INFO:New best model found at epoch 1650 with validation loss 7.017e-01. Saving...
2025-08-19 18:16:10,029:INFO:Epoch: 1700/20000 | Train Loss: 5.782e-01 | Dynamic Loss: 5.781e-01 | Regularization Loss: 9.425e-05 | Val Loss: 6.955e-01 | Time: 5.79s
2025-08-19 18:16:10,029:INFO:New best model found at epoch 1700 with validation loss 6.955e-01. Saving...
2025-08-19 18:16:15,764:INFO:Epoch: 1750/20000 | Train Loss: 5.607e-01 | Dynamic Loss: 5.606e-01 | Regularization Loss: 8.663e-05 | Val Loss: 6.804e-01 | Time: 5.73s
2025-08-19 18:16:15,764:INFO:New best model found at epoch 1750 with validation loss 6.804e-01. Saving...
2025-08-19 18:16:21,633:INFO:Epoch: 1800/20000 | Train Loss: 6.176e-01 | Dynamic Loss: 6.175e-01 | Regularization Loss: 7.968e-05 | Val Loss: 7.625e-01 | Time: 5.86s
2025-08-19 18:16:27,532:INFO:Epoch: 1850/20000 | Train Loss: 5.351e-01 | Dynamic Loss: 5.350e-01 | Regularization Loss: 7.334e-05 | Val Loss: 6.618e-01 | Time: 5.90s
2025-08-19 18:16:27,532:INFO:New best model found at epoch 1850 with validation loss 6.618e-01. Saving...
2025-08-19 18:16:33,303:INFO:Epoch: 1900/20000 | Train Loss: 5.309e-01 | Dynamic Loss: 5.308e-01 | Regularization Loss: 6.754e-05 | Val Loss: 6.594e-01 | Time: 5.76s
2025-08-19 18:16:33,303:INFO:New best model found at epoch 1900 with validation loss 6.594e-01. Saving...
2025-08-19 18:16:38,910:INFO:Epoch: 1950/20000 | Train Loss: 5.197e-01 | Dynamic Loss: 5.196e-01 | Regularization Loss: 6.224e-05 | Val Loss: 6.421e-01 | Time: 5.60s
2025-08-19 18:16:38,910:INFO:New best model found at epoch 1950 with validation loss 6.421e-01. Saving...
2025-08-19 18:16:44,580:INFO:Epoch: 2000/20000 | Train Loss: 5.210e-01 | Dynamic Loss: 5.209e-01 | Regularization Loss: 5.738e-05 | Val Loss: 6.529e-01 | Time: 5.66s
2025-08-19 18:16:50,327:INFO:Epoch: 2050/20000 | Train Loss: 5.073e-01 | Dynamic Loss: 5.073e-01 | Regularization Loss: 5.293e-05 | Val Loss: 6.354e-01 | Time: 5.75s
2025-08-19 18:16:50,327:INFO:New best model found at epoch 2050 with validation loss 6.354e-01. Saving...
2025-08-19 18:16:56,060:INFO:Epoch: 2100/20000 | Train Loss: 5.053e-01 | Dynamic Loss: 5.052e-01 | Regularization Loss: 4.884e-05 | Val Loss: 6.192e-01 | Time: 5.72s
2025-08-19 18:16:56,060:INFO:New best model found at epoch 2100 with validation loss 6.192e-01. Saving...
2025-08-19 18:17:06,834:INFO:Epoch: 2150/20000 | Train Loss: 4.845e-01 | Dynamic Loss: 4.845e-01 | Regularization Loss: 4.509e-05 | Val Loss: 6.138e-01 | Time: 10.76s
2025-08-19 18:17:06,834:INFO:New best model found at epoch 2150 with validation loss 6.138e-01. Saving...
2025-08-19 18:17:12,587:INFO:Epoch: 2200/20000 | Train Loss: 4.801e-01 | Dynamic Loss: 4.801e-01 | Regularization Loss: 4.164e-05 | Val Loss: 6.172e-01 | Time: 5.74s
2025-08-19 18:17:18,287:INFO:Epoch: 2250/20000 | Train Loss: 4.816e-01 | Dynamic Loss: 4.816e-01 | Regularization Loss: 3.847e-05 | Val Loss: 6.087e-01 | Time: 5.70s
2025-08-19 18:17:18,287:INFO:New best model found at epoch 2250 with validation loss 6.087e-01. Saving...
2025-08-19 18:17:25,127:INFO:Epoch: 2300/20000 | Train Loss: 4.743e-01 | Dynamic Loss: 4.743e-01 | Regularization Loss: 3.555e-05 | Val Loss: 5.993e-01 | Time: 6.83s
2025-08-19 18:17:25,127:INFO:New best model found at epoch 2300 with validation loss 5.993e-01. Saving...
2025-08-19 18:17:30,968:INFO:Epoch: 2350/20000 | Train Loss: 5.369e-01 | Dynamic Loss: 5.369e-01 | Regularization Loss: 3.286e-05 | Val Loss: 6.388e-01 | Time: 5.83s
2025-08-19 18:17:40,905:INFO:Epoch: 2400/20000 | Train Loss: 4.645e-01 | Dynamic Loss: 4.645e-01 | Regularization Loss: 3.039e-05 | Val Loss: 6.059e-01 | Time: 9.94s
2025-08-19 18:17:46,675:INFO:Epoch: 2450/20000 | Train Loss: 4.514e-01 | Dynamic Loss: 4.514e-01 | Regularization Loss: 2.811e-05 | Val Loss: 5.971e-01 | Time: 5.77s
2025-08-19 18:17:46,675:INFO:New best model found at epoch 2450 with validation loss 5.971e-01. Saving...
2025-08-19 18:17:54,071:INFO:Epoch: 2500/20000 | Train Loss: 4.547e-01 | Dynamic Loss: 4.547e-01 | Regularization Loss: 2.601e-05 | Val Loss: 5.840e-01 | Time: 7.39s
2025-08-19 18:17:54,072:INFO:New best model found at epoch 2500 with validation loss 5.840e-01. Saving...
2025-08-19 18:17:59,796:INFO:Epoch: 2550/20000 | Train Loss: 4.645e-01 | Dynamic Loss: 4.645e-01 | Regularization Loss: 2.406e-05 | Val Loss: 5.880e-01 | Time: 5.72s
2025-08-19 18:18:05,538:INFO:Epoch: 2600/20000 | Train Loss: 4.287e-01 | Dynamic Loss: 4.286e-01 | Regularization Loss: 2.227e-05 | Val Loss: 5.673e-01 | Time: 5.74s
2025-08-19 18:18:05,538:INFO:New best model found at epoch 2600 with validation loss 5.673e-01. Saving...
2025-08-19 18:18:11,255:INFO:Epoch: 2650/20000 | Train Loss: 4.330e-01 | Dynamic Loss: 4.330e-01 | Regularization Loss: 2.062e-05 | Val Loss: 5.703e-01 | Time: 5.71s
2025-08-19 18:18:17,046:INFO:Epoch: 2700/20000 | Train Loss: 4.213e-01 | Dynamic Loss: 4.212e-01 | Regularization Loss: 1.909e-05 | Val Loss: 5.620e-01 | Time: 5.79s
2025-08-19 18:18:17,046:INFO:New best model found at epoch 2700 with validation loss 5.620e-01. Saving...
2025-08-19 18:18:22,768:INFO:Epoch: 2750/20000 | Train Loss: 4.146e-01 | Dynamic Loss: 4.145e-01 | Regularization Loss: 1.768e-05 | Val Loss: 5.576e-01 | Time: 5.71s
2025-08-19 18:18:22,768:INFO:New best model found at epoch 2750 with validation loss 5.576e-01. Saving...
2025-08-19 18:18:28,544:INFO:Epoch: 2800/20000 | Train Loss: 4.089e-01 | Dynamic Loss: 4.089e-01 | Regularization Loss: 1.637e-05 | Val Loss: 5.509e-01 | Time: 5.77s
2025-08-19 18:18:28,544:INFO:New best model found at epoch 2800 with validation loss 5.509e-01. Saving...
2025-08-19 18:18:36,455:INFO:Epoch: 2850/20000 | Train Loss: 4.063e-01 | Dynamic Loss: 4.063e-01 | Regularization Loss: 1.517e-05 | Val Loss: 5.473e-01 | Time: 7.90s
2025-08-19 18:18:36,456:INFO:New best model found at epoch 2850 with validation loss 5.473e-01. Saving...
2025-08-19 18:18:42,216:INFO:Epoch: 2900/20000 | Train Loss: 3.930e-01 | Dynamic Loss: 3.929e-01 | Regularization Loss: 1.405e-05 | Val Loss: 5.420e-01 | Time: 5.75s
2025-08-19 18:18:42,217:INFO:New best model found at epoch 2900 with validation loss 5.420e-01. Saving...
2025-08-19 18:18:54,058:INFO:Epoch: 2950/20000 | Train Loss: 4.011e-01 | Dynamic Loss: 4.011e-01 | Regularization Loss: 1.302e-05 | Val Loss: 5.572e-01 | Time: 11.83s
2025-08-19 18:18:59,855:INFO:Epoch: 3000/20000 | Train Loss: 4.488e-01 | Dynamic Loss: 4.488e-01 | Regularization Loss: 1.206e-05 | Val Loss: 5.842e-01 | Time: 5.80s
2025-08-19 18:19:05,650:INFO:Epoch: 3050/20000 | Train Loss: 3.784e-01 | Dynamic Loss: 3.784e-01 | Regularization Loss: 1.118e-05 | Val Loss: 5.297e-01 | Time: 5.80s
2025-08-19 18:19:05,650:INFO:New best model found at epoch 3050 with validation loss 5.297e-01. Saving...
2025-08-19 18:19:11,491:INFO:Epoch: 3100/20000 | Train Loss: 3.878e-01 | Dynamic Loss: 3.878e-01 | Regularization Loss: 1.035e-05 | Val Loss: 5.374e-01 | Time: 5.83s
2025-08-19 18:19:17,371:INFO:Epoch: 3150/20000 | Train Loss: 3.719e-01 | Dynamic Loss: 3.719e-01 | Regularization Loss: 9.599e-06 | Val Loss: 5.216e-01 | Time: 5.88s
2025-08-19 18:19:17,371:INFO:New best model found at epoch 3150 with validation loss 5.216e-01. Saving...
2025-08-19 18:19:23,249:INFO:Epoch: 3200/20000 | Train Loss: 3.831e-01 | Dynamic Loss: 3.831e-01 | Regularization Loss: 8.887e-06 | Val Loss: 5.340e-01 | Time: 5.87s
2025-08-19 18:19:29,125:INFO:Epoch: 3250/20000 | Train Loss: 3.730e-01 | Dynamic Loss: 3.730e-01 | Regularization Loss: 8.247e-06 | Val Loss: 5.268e-01 | Time: 5.88s
2025-08-19 18:19:34,848:INFO:Epoch: 3300/20000 | Train Loss: 3.762e-01 | Dynamic Loss: 3.762e-01 | Regularization Loss: 7.652e-06 | Val Loss: 5.367e-01 | Time: 5.72s
2025-08-19 18:19:40,553:INFO:Epoch: 3350/20000 | Train Loss: 3.498e-01 | Dynamic Loss: 3.498e-01 | Regularization Loss: 7.086e-06 | Val Loss: 5.049e-01 | Time: 5.70s
2025-08-19 18:19:40,553:INFO:New best model found at epoch 3350 with validation loss 5.049e-01. Saving...
2025-08-19 18:19:49,499:INFO:Epoch: 3400/20000 | Train Loss: 4.329e-01 | Dynamic Loss: 4.329e-01 | Regularization Loss: 6.570e-06 | Val Loss: 5.501e-01 | Time: 8.94s
2025-08-19 18:19:55,356:INFO:Epoch: 3450/20000 | Train Loss: 3.410e-01 | Dynamic Loss: 3.410e-01 | Regularization Loss: 6.085e-06 | Val Loss: 4.993e-01 | Time: 5.86s
2025-08-19 18:19:55,356:INFO:New best model found at epoch 3450 with validation loss 4.993e-01. Saving...
2025-08-19 18:20:01,198:INFO:Epoch: 3500/20000 | Train Loss: 3.411e-01 | Dynamic Loss: 3.411e-01 | Regularization Loss: 5.643e-06 | Val Loss: 5.056e-01 | Time: 5.83s
2025-08-19 18:20:07,024:INFO:Epoch: 3550/20000 | Train Loss: 4.195e-01 | Dynamic Loss: 4.195e-01 | Regularization Loss: 5.234e-06 | Val Loss: 5.260e-01 | Time: 5.83s
2025-08-19 18:20:13,040:INFO:Epoch: 3600/20000 | Train Loss: 3.381e-01 | Dynamic Loss: 3.381e-01 | Regularization Loss: 4.815e-06 | Val Loss: 4.919e-01 | Time: 6.02s
2025-08-19 18:20:13,040:INFO:New best model found at epoch 3600 with validation loss 4.919e-01. Saving...
2025-08-19 18:20:18,766:INFO:Epoch: 3650/20000 | Train Loss: 3.832e-01 | Dynamic Loss: 3.832e-01 | Regularization Loss: 4.378e-06 | Val Loss: 5.103e-01 | Time: 5.72s
2025-08-19 18:20:24,534:INFO:Epoch: 3700/20000 | Train Loss: 3.243e-01 | Dynamic Loss: 3.243e-01 | Regularization Loss: 4.069e-06 | Val Loss: 4.838e-01 | Time: 5.77s
2025-08-19 18:20:24,534:INFO:New best model found at epoch 3700 with validation loss 4.838e-01. Saving...
2025-08-19 18:20:30,339:INFO:Epoch: 3750/20000 | Train Loss: 3.318e-01 | Dynamic Loss: 3.317e-01 | Regularization Loss: 3.748e-06 | Val Loss: 4.885e-01 | Time: 5.80s
2025-08-19 18:20:36,077:INFO:Epoch: 3800/20000 | Train Loss: 3.605e-01 | Dynamic Loss: 3.605e-01 | Regularization Loss: 3.430e-06 | Val Loss: 4.973e-01 | Time: 5.74s
2025-08-19 18:20:42,724:INFO:Epoch: 3850/20000 | Train Loss: 4.880e-01 | Dynamic Loss: 4.880e-01 | Regularization Loss: 3.024e-06 | Val Loss: 5.812e-01 | Time: 6.65s
2025-08-19 18:20:48,471:INFO:Epoch: 3900/20000 | Train Loss: 3.042e-01 | Dynamic Loss: 3.042e-01 | Regularization Loss: 2.885e-06 | Val Loss: 4.665e-01 | Time: 5.75s
2025-08-19 18:20:48,471:INFO:New best model found at epoch 3900 with validation loss 4.665e-01. Saving...
2025-08-19 18:20:57,751:INFO:Epoch: 3950/20000 | Train Loss: 3.142e-01 | Dynamic Loss: 3.142e-01 | Regularization Loss: 2.831e-06 | Val Loss: 4.670e-01 | Time: 9.27s
2025-08-19 18:21:03,574:INFO:Epoch: 4000/20000 | Train Loss: 3.132e-01 | Dynamic Loss: 3.132e-01 | Regularization Loss: 2.692e-06 | Val Loss: 4.901e-01 | Time: 5.82s
2025-08-19 18:21:09,724:INFO:Epoch: 4050/20000 | Train Loss: 4.836e-01 | Dynamic Loss: 4.836e-01 | Regularization Loss: 2.550e-06 | Val Loss: 6.027e-01 | Time: 6.15s
2025-08-19 18:21:15,464:INFO:Epoch: 4100/20000 | Train Loss: 3.182e-01 | Dynamic Loss: 3.182e-01 | Regularization Loss: 2.109e-06 | Val Loss: 4.670e-01 | Time: 5.74s
2025-08-19 18:21:21,333:INFO:Epoch: 4150/20000 | Train Loss: 3.308e-01 | Dynamic Loss: 3.308e-01 | Regularization Loss: 2.119e-06 | Val Loss: 4.747e-01 | Time: 5.87s
2025-08-19 18:21:27,143:INFO:Epoch: 4200/20000 | Train Loss: 3.666e-01 | Dynamic Loss: 3.666e-01 | Regularization Loss: 1.694e-06 | Val Loss: 5.028e-01 | Time: 5.81s
2025-08-19 18:21:32,949:INFO:Epoch: 4250/20000 | Train Loss: 2.954e-01 | Dynamic Loss: 2.954e-01 | Regularization Loss: 1.676e-06 | Val Loss: 4.495e-01 | Time: 5.81s
2025-08-19 18:21:32,949:INFO:New best model found at epoch 4250 with validation loss 4.495e-01. Saving...
2025-08-19 18:21:40,194:INFO:Epoch: 4300/20000 | Train Loss: 2.865e-01 | Dynamic Loss: 2.865e-01 | Regularization Loss: 1.656e-06 | Val Loss: 4.451e-01 | Time: 7.24s
2025-08-19 18:21:40,194:INFO:New best model found at epoch 4300 with validation loss 4.451e-01. Saving...
2025-08-19 18:21:45,948:INFO:Epoch: 4350/20000 | Train Loss: 6.491e-01 | Dynamic Loss: 6.491e-01 | Regularization Loss: 1.335e-06 | Val Loss: 7.264e-01 | Time: 5.74s
2025-08-19 18:21:58,035:INFO:Epoch: 4400/20000 | Train Loss: 2.920e-01 | Dynamic Loss: 2.920e-01 | Regularization Loss: 1.217e-06 | Val Loss: 4.486e-01 | Time: 12.09s
2025-08-19 18:22:04,569:INFO:Epoch: 4450/20000 | Train Loss: 4.505e-01 | Dynamic Loss: 4.505e-01 | Regularization Loss: 1.297e-06 | Val Loss: 5.587e-01 | Time: 6.53s
2025-08-19 18:22:10,959:INFO:Epoch: 4500/20000 | Train Loss: 2.989e-01 | Dynamic Loss: 2.989e-01 | Regularization Loss: 1.196e-06 | Val Loss: 4.450e-01 | Time: 6.39s
2025-08-19 18:22:10,960:INFO:New best model found at epoch 4500 with validation loss 4.450e-01. Saving...
2025-08-19 18:22:16,828:INFO:Epoch: 4550/20000 | Train Loss: 3.165e-01 | Dynamic Loss: 3.165e-01 | Regularization Loss: 1.286e-06 | Val Loss: 4.871e-01 | Time: 5.86s
2025-08-19 18:22:23,499:INFO:Epoch: 4600/20000 | Train Loss: 2.995e-01 | Dynamic Loss: 2.995e-01 | Regularization Loss: 1.281e-06 | Val Loss: 4.474e-01 | Time: 6.67s
2025-08-19 18:22:29,306:INFO:Epoch: 4650/20000 | Train Loss: 2.708e-01 | Dynamic Loss: 2.708e-01 | Regularization Loss: 1.286e-06 | Val Loss: 4.252e-01 | Time: 5.81s
2025-08-19 18:22:29,306:INFO:New best model found at epoch 4650 with validation loss 4.252e-01. Saving...
2025-08-19 18:22:35,134:INFO:Epoch: 4700/20000 | Train Loss: 2.971e-01 | Dynamic Loss: 2.971e-01 | Regularization Loss: 1.280e-06 | Val Loss: 4.415e-01 | Time: 5.82s
2025-08-19 18:22:40,932:INFO:Epoch: 4750/20000 | Train Loss: 2.768e-01 | Dynamic Loss: 2.768e-01 | Regularization Loss: 9.752e-07 | Val Loss: 4.258e-01 | Time: 5.80s
2025-08-19 18:22:46,903:INFO:Epoch: 4800/20000 | Train Loss: 3.748e-01 | Dynamic Loss: 3.748e-01 | Regularization Loss: 1.089e-06 | Val Loss: 5.307e-01 | Time: 5.97s
2025-08-19 18:22:52,754:INFO:Epoch: 4850/20000 | Train Loss: 3.145e-01 | Dynamic Loss: 3.145e-01 | Regularization Loss: 9.618e-07 | Val Loss: 4.541e-01 | Time: 5.85s
2025-08-19 18:22:58,820:INFO:Epoch: 4900/20000 | Train Loss: 2.828e-01 | Dynamic Loss: 2.828e-01 | Regularization Loss: 8.909e-07 | Val Loss: 4.347e-01 | Time: 6.07s
2025-08-19 18:23:04,735:INFO:Epoch: 4950/20000 | Train Loss: 2.782e-01 | Dynamic Loss: 2.782e-01 | Regularization Loss: 8.381e-07 | Val Loss: 4.206e-01 | Time: 5.92s
2025-08-19 18:23:04,736:INFO:New best model found at epoch 4950 with validation loss 4.206e-01. Saving...
2025-08-19 18:23:10,612:INFO:Epoch: 5000/20000 | Train Loss: 4.240e-01 | Dynamic Loss: 4.240e-01 | Regularization Loss: 6.927e-07 | Val Loss: 5.309e-01 | Time: 5.87s
2025-08-19 18:23:22,015:INFO:Epoch: 5050/20000 | Train Loss: 2.887e-01 | Dynamic Loss: 2.887e-01 | Regularization Loss: 7.927e-07 | Val Loss: 4.203e-01 | Time: 11.40s
2025-08-19 18:23:22,015:INFO:New best model found at epoch 5050 with validation loss 4.203e-01. Saving...
2025-08-19 18:23:27,851:INFO:Epoch: 5100/20000 | Train Loss: 3.261e-01 | Dynamic Loss: 3.261e-01 | Regularization Loss: 6.632e-07 | Val Loss: 4.591e-01 | Time: 5.83s
2025-08-19 18:23:33,903:INFO:Epoch: 5150/20000 | Train Loss: 3.227e-01 | Dynamic Loss: 3.227e-01 | Regularization Loss: 6.487e-07 | Val Loss: 4.566e-01 | Time: 6.05s
2025-08-19 18:23:39,881:INFO:Epoch: 5200/20000 | Train Loss: 3.088e-01 | Dynamic Loss: 3.088e-01 | Regularization Loss: 5.895e-07 | Val Loss: 4.496e-01 | Time: 5.98s
2025-08-19 18:23:45,781:INFO:Epoch: 5250/20000 | Train Loss: 3.227e-01 | Dynamic Loss: 3.227e-01 | Regularization Loss: 5.870e-07 | Val Loss: 4.743e-01 | Time: 5.90s
2025-08-19 18:23:51,608:INFO:Epoch: 5300/20000 | Train Loss: 2.658e-01 | Dynamic Loss: 2.658e-01 | Regularization Loss: 5.887e-07 | Val Loss: 4.122e-01 | Time: 5.83s
2025-08-19 18:23:51,608:INFO:New best model found at epoch 5300 with validation loss 4.122e-01. Saving...
2025-08-19 18:23:57,490:INFO:Epoch: 5350/20000 | Train Loss: 2.595e-01 | Dynamic Loss: 2.595e-01 | Regularization Loss: 5.762e-07 | Val Loss: 4.045e-01 | Time: 5.87s
2025-08-19 18:23:57,490:INFO:New best model found at epoch 5350 with validation loss 4.045e-01. Saving...
2025-08-19 18:24:03,334:INFO:Epoch: 5400/20000 | Train Loss: 2.660e-01 | Dynamic Loss: 2.660e-01 | Regularization Loss: 5.585e-07 | Val Loss: 4.076e-01 | Time: 5.84s
2025-08-19 18:24:09,200:INFO:Epoch: 5450/20000 | Train Loss: 2.587e-01 | Dynamic Loss: 2.587e-01 | Regularization Loss: 5.992e-07 | Val Loss: 4.014e-01 | Time: 5.87s
2025-08-19 18:24:09,200:INFO:New best model found at epoch 5450 with validation loss 4.014e-01. Saving...
2025-08-19 18:24:14,994:INFO:Epoch: 5500/20000 | Train Loss: 2.792e-01 | Dynamic Loss: 2.792e-01 | Regularization Loss: 5.908e-07 | Val Loss: 4.295e-01 | Time: 5.79s
2025-08-19 18:24:20,842:INFO:Epoch: 5550/20000 | Train Loss: 4.944e-01 | Dynamic Loss: 4.944e-01 | Regularization Loss: 5.818e-07 | Val Loss: 5.772e-01 | Time: 5.85s
2025-08-19 18:24:26,627:INFO:Epoch: 5600/20000 | Train Loss: 2.626e-01 | Dynamic Loss: 2.626e-01 | Regularization Loss: 5.418e-07 | Val Loss: 4.090e-01 | Time: 5.78s
2025-08-19 18:24:32,631:INFO:Epoch: 5650/20000 | Train Loss: 2.673e-01 | Dynamic Loss: 2.673e-01 | Regularization Loss: 3.699e-07 | Val Loss: 4.547e-01 | Time: 6.00s
2025-08-19 18:24:38,463:INFO:Epoch: 5700/20000 | Train Loss: 2.691e-01 | Dynamic Loss: 2.691e-01 | Regularization Loss: 3.925e-07 | Val Loss: 4.073e-01 | Time: 5.83s
2025-08-19 18:24:44,289:INFO:Epoch: 5750/20000 | Train Loss: 4.255e+00 | Dynamic Loss: 4.255e+00 | Regularization Loss: 4.434e-07 | Val Loss: 4.235e+00 | Time: 5.83s
2025-08-19 18:24:56,817:INFO:Epoch: 5800/20000 | Train Loss: 1.271e+00 | Dynamic Loss: 1.271e+00 | Regularization Loss: 6.406e-07 | Val Loss: 1.632e+00 | Time: 12.53s
2025-08-19 18:25:02,623:INFO:Epoch: 5850/20000 | Train Loss: 8.276e-01 | Dynamic Loss: 8.276e-01 | Regularization Loss: 5.736e-07 | Val Loss: 8.792e-01 | Time: 5.81s
2025-08-19 18:25:08,616:INFO:Epoch: 5900/20000 | Train Loss: 4.707e-01 | Dynamic Loss: 4.707e-01 | Regularization Loss: 4.883e-07 | Val Loss: 6.933e-01 | Time: 5.99s
2025-08-19 18:25:14,474:INFO:Epoch: 5950/20000 | Train Loss: 4.651e-01 | Dynamic Loss: 4.651e-01 | Regularization Loss: 4.874e-07 | Val Loss: 6.218e-01 | Time: 5.86s
2025-08-19 18:25:20,390:INFO:Epoch: 6000/20000 | Train Loss: 3.859e-01 | Dynamic Loss: 3.859e-01 | Regularization Loss: 4.706e-07 | Val Loss: 5.848e-01 | Time: 5.92s
2025-08-19 18:25:26,192:INFO:Epoch: 6050/20000 | Train Loss: 3.811e-01 | Dynamic Loss: 3.811e-01 | Regularization Loss: 4.477e-07 | Val Loss: 5.279e-01 | Time: 5.80s
2025-08-19 18:25:31,955:INFO:Epoch: 6100/20000 | Train Loss: 3.717e-01 | Dynamic Loss: 3.717e-01 | Regularization Loss: 4.461e-07 | Val Loss: 5.183e-01 | Time: 5.76s
2025-08-19 18:25:38,967:INFO:Epoch: 6150/20000 | Train Loss: 4.088e-01 | Dynamic Loss: 4.088e-01 | Regularization Loss: 4.299e-07 | Val Loss: 6.218e-01 | Time: 7.01s
2025-08-19 18:25:44,936:INFO:Epoch: 6200/20000 | Train Loss: 4.403e-01 | Dynamic Loss: 4.403e-01 | Regularization Loss: 4.475e-07 | Val Loss: 6.788e-01 | Time: 5.97s
2025-08-19 18:25:57,039:INFO:Epoch: 6250/20000 | Train Loss: 3.516e-01 | Dynamic Loss: 3.516e-01 | Regularization Loss: 4.834e-07 | Val Loss: 4.882e-01 | Time: 12.10s
2025-08-19 18:26:02,899:INFO:Epoch: 6300/20000 | Train Loss: 3.727e-01 | Dynamic Loss: 3.727e-01 | Regularization Loss: 5.598e-07 | Val Loss: 5.162e-01 | Time: 5.86s
2025-08-19 18:26:10,062:INFO:Epoch: 6350/20000 | Train Loss: 3.524e-01 | Dynamic Loss: 3.524e-01 | Regularization Loss: 5.371e-07 | Val Loss: 4.951e-01 | Time: 7.16s
2025-08-19 18:26:16,031:INFO:Epoch: 6400/20000 | Train Loss: 3.428e-01 | Dynamic Loss: 3.428e-01 | Regularization Loss: 5.325e-07 | Val Loss: 4.821e-01 | Time: 5.97s
2025-08-19 18:26:22,005:INFO:Epoch: 6450/20000 | Train Loss: 4.025e-01 | Dynamic Loss: 4.025e-01 | Regularization Loss: 5.165e-07 | Val Loss: 6.877e-01 | Time: 5.97s
2025-08-19 18:26:27,893:INFO:Epoch: 6500/20000 | Train Loss: 3.271e-01 | Dynamic Loss: 3.271e-01 | Regularization Loss: 4.526e-07 | Val Loss: 4.698e-01 | Time: 5.89s
2025-08-19 18:26:33,768:INFO:Epoch: 6550/20000 | Train Loss: 3.992e-01 | Dynamic Loss: 3.992e-01 | Regularization Loss: 4.514e-07 | Val Loss: 5.493e-01 | Time: 5.87s
2025-08-19 18:26:39,646:INFO:Epoch: 6600/20000 | Train Loss: 7.384e-01 | Dynamic Loss: 7.384e-01 | Regularization Loss: 4.327e-07 | Val Loss: 8.172e-01 | Time: 5.88s
2025-08-19 18:26:45,580:INFO:Epoch: 6650/20000 | Train Loss: 3.012e-01 | Dynamic Loss: 3.012e-01 | Regularization Loss: 4.130e-07 | Val Loss: 4.363e-01 | Time: 5.93s
2025-08-19 18:26:51,363:INFO:Epoch: 6700/20000 | Train Loss: 2.967e-01 | Dynamic Loss: 2.967e-01 | Regularization Loss: 3.842e-07 | Val Loss: 4.298e-01 | Time: 5.78s
2025-08-19 18:26:57,148:INFO:Epoch: 6750/20000 | Train Loss: 2.866e-01 | Dynamic Loss: 2.866e-01 | Regularization Loss: 3.845e-07 | Val Loss: 4.254e-01 | Time: 5.78s
2025-08-19 18:27:02,856:INFO:Epoch: 6800/20000 | Train Loss: 3.220e-01 | Dynamic Loss: 3.220e-01 | Regularization Loss: 3.606e-07 | Val Loss: 4.485e-01 | Time: 5.71s
2025-08-19 18:27:08,650:INFO:Epoch: 6850/20000 | Train Loss: 7.777e-01 | Dynamic Loss: 7.777e-01 | Regularization Loss: 3.581e-07 | Val Loss: 9.137e-01 | Time: 5.79s
2025-08-19 18:27:14,628:INFO:Epoch: 6900/20000 | Train Loss: 2.878e-01 | Dynamic Loss: 2.878e-01 | Regularization Loss: 3.209e-07 | Val Loss: 4.162e-01 | Time: 5.98s
2025-08-19 18:27:20,661:INFO:Epoch: 6950/20000 | Train Loss: 2.755e-01 | Dynamic Loss: 2.755e-01 | Regularization Loss: 3.131e-07 | Val Loss: 4.107e-01 | Time: 6.03s
2025-08-19 18:27:26,457:INFO:Epoch: 7000/20000 | Train Loss: 2.920e-01 | Dynamic Loss: 2.920e-01 | Regularization Loss: 2.789e-07 | Val Loss: 4.173e-01 | Time: 5.80s
2025-08-19 18:27:32,422:INFO:Epoch: 7050/20000 | Train Loss: 2.904e-01 | Dynamic Loss: 2.904e-01 | Regularization Loss: 2.878e-07 | Val Loss: 4.155e-01 | Time: 5.96s
2025-08-19 18:27:38,288:INFO:Epoch: 7100/20000 | Train Loss: 4.463e-01 | Dynamic Loss: 4.463e-01 | Regularization Loss: 2.628e-07 | Val Loss: 5.653e-01 | Time: 5.87s
2025-08-19 18:27:44,175:INFO:Epoch: 7150/20000 | Train Loss: 2.684e-01 | Dynamic Loss: 2.684e-01 | Regularization Loss: 2.475e-07 | Val Loss: 4.004e-01 | Time: 5.89s
2025-08-19 18:27:44,175:INFO:New best model found at epoch 7150 with validation loss 4.004e-01. Saving...
2025-08-19 18:27:56,573:INFO:Epoch: 7200/20000 | Train Loss: 4.102e-01 | Dynamic Loss: 4.102e-01 | Regularization Loss: 2.344e-07 | Val Loss: 5.575e-01 | Time: 12.39s
2025-08-19 18:28:02,481:INFO:Epoch: 7250/20000 | Train Loss: 2.665e-01 | Dynamic Loss: 2.665e-01 | Regularization Loss: 2.125e-07 | Val Loss: 3.968e-01 | Time: 5.91s
2025-08-19 18:28:02,481:INFO:New best model found at epoch 7250 with validation loss 3.968e-01. Saving...
2025-08-19 18:28:10,942:INFO:Epoch: 7300/20000 | Train Loss: 2.793e-01 | Dynamic Loss: 2.793e-01 | Regularization Loss: 2.179e-07 | Val Loss: 3.968e-01 | Time: 8.45s
2025-08-19 18:28:10,943:INFO:New best model found at epoch 7300 with validation loss 3.968e-01. Saving...
2025-08-19 18:28:16,889:INFO:Epoch: 7350/20000 | Train Loss: 3.633e-01 | Dynamic Loss: 3.633e-01 | Regularization Loss: 1.927e-07 | Val Loss: 4.644e-01 | Time: 5.94s
2025-08-19 18:28:22,769:INFO:Epoch: 7400/20000 | Train Loss: 3.296e-01 | Dynamic Loss: 3.296e-01 | Regularization Loss: 2.037e-07 | Val Loss: 4.582e-01 | Time: 5.88s
2025-08-19 18:28:28,672:INFO:Epoch: 7450/20000 | Train Loss: 2.583e-01 | Dynamic Loss: 2.583e-01 | Regularization Loss: 1.913e-07 | Val Loss: 3.847e-01 | Time: 5.90s
2025-08-19 18:28:28,672:INFO:New best model found at epoch 7450 with validation loss 3.847e-01. Saving...
2025-08-19 18:28:34,657:INFO:Epoch: 7500/20000 | Train Loss: 3.093e-01 | Dynamic Loss: 3.093e-01 | Regularization Loss: 1.942e-07 | Val Loss: 4.263e-01 | Time: 5.98s
2025-08-19 18:28:40,610:INFO:Epoch: 7550/20000 | Train Loss: 2.511e-01 | Dynamic Loss: 2.511e-01 | Regularization Loss: 1.944e-07 | Val Loss: 3.965e-01 | Time: 5.95s
2025-08-19 18:28:46,673:INFO:Epoch: 7600/20000 | Train Loss: 2.578e-01 | Dynamic Loss: 2.578e-01 | Regularization Loss: 2.068e-07 | Val Loss: 3.919e-01 | Time: 6.06s
2025-08-19 18:28:52,650:INFO:Epoch: 7650/20000 | Train Loss: 3.094e+00 | Dynamic Loss: 3.094e+00 | Regularization Loss: 1.631e-07 | Val Loss: 2.994e+00 | Time: 5.98s
2025-08-19 18:28:58,615:INFO:Epoch: 7700/20000 | Train Loss: 4.133e-01 | Dynamic Loss: 4.133e-01 | Regularization Loss: 2.263e-07 | Val Loss: 4.897e-01 | Time: 5.97s
2025-08-19 18:29:04,448:INFO:Epoch: 7750/20000 | Train Loss: 3.364e-01 | Dynamic Loss: 3.364e-01 | Regularization Loss: 2.216e-07 | Val Loss: 4.413e-01 | Time: 5.83s
2025-08-19 18:29:10,462:INFO:Epoch: 7800/20000 | Train Loss: 3.531e-01 | Dynamic Loss: 3.531e-01 | Regularization Loss: 2.356e-07 | Val Loss: 4.683e-01 | Time: 6.01s
2025-08-19 18:29:16,365:INFO:Epoch: 7850/20000 | Train Loss: 2.543e-01 | Dynamic Loss: 2.543e-01 | Regularization Loss: 2.428e-07 | Val Loss: 3.737e-01 | Time: 5.90s
2025-08-19 18:29:16,365:INFO:New best model found at epoch 7850 with validation loss 3.737e-01. Saving...
2025-08-19 18:29:22,411:INFO:Epoch: 7900/20000 | Train Loss: 3.570e-01 | Dynamic Loss: 3.570e-01 | Regularization Loss: 2.435e-07 | Val Loss: 5.169e-01 | Time: 6.04s
2025-08-19 18:29:28,306:INFO:Epoch: 7950/20000 | Train Loss: 2.553e-01 | Dynamic Loss: 2.553e-01 | Regularization Loss: 2.461e-07 | Val Loss: 3.842e-01 | Time: 5.89s
2025-08-19 18:29:34,308:INFO:Epoch: 8000/20000 | Train Loss: 2.846e-01 | Dynamic Loss: 2.846e-01 | Regularization Loss: 2.218e-07 | Val Loss: 4.007e-01 | Time: 6.00s
2025-08-19 18:29:40,392:INFO:Epoch: 8050/20000 | Train Loss: 2.670e-01 | Dynamic Loss: 2.670e-01 | Regularization Loss: 2.412e-07 | Val Loss: 3.867e-01 | Time: 6.08s
2025-08-19 18:29:46,406:INFO:Epoch: 8100/20000 | Train Loss: 2.370e-01 | Dynamic Loss: 2.370e-01 | Regularization Loss: 2.542e-07 | Val Loss: 3.580e-01 | Time: 6.01s
2025-08-19 18:29:46,406:INFO:New best model found at epoch 8100 with validation loss 3.580e-01. Saving...
2025-08-19 18:29:52,287:INFO:Epoch: 8150/20000 | Train Loss: 3.832e-01 | Dynamic Loss: 3.832e-01 | Regularization Loss: 2.815e-07 | Val Loss: 4.267e-01 | Time: 5.87s
2025-08-19 18:29:58,104:INFO:Epoch: 8200/20000 | Train Loss: 4.405e-01 | Dynamic Loss: 4.405e-01 | Regularization Loss: 2.295e-07 | Val Loss: 5.603e-01 | Time: 5.82s
2025-08-19 18:30:07,697:INFO:Epoch: 8250/20000 | Train Loss: 2.756e-01 | Dynamic Loss: 2.756e-01 | Regularization Loss: 2.256e-07 | Val Loss: 3.962e-01 | Time: 9.59s
2025-08-19 18:30:13,608:INFO:Epoch: 8300/20000 | Train Loss: 5.378e-01 | Dynamic Loss: 5.378e-01 | Regularization Loss: 1.725e-07 | Val Loss: 7.269e-01 | Time: 5.91s
2025-08-19 18:30:26,206:INFO:Epoch: 8350/20000 | Train Loss: 2.434e-01 | Dynamic Loss: 2.434e-01 | Regularization Loss: 1.826e-07 | Val Loss: 3.660e-01 | Time: 12.60s
2025-08-19 18:30:32,221:INFO:Epoch: 8400/20000 | Train Loss: 2.906e-01 | Dynamic Loss: 2.906e-01 | Regularization Loss: 1.869e-07 | Val Loss: 4.189e-01 | Time: 6.02s
2025-08-19 18:30:40,821:INFO:Epoch: 8450/20000 | Train Loss: 5.325e-01 | Dynamic Loss: 5.325e-01 | Regularization Loss: 1.894e-07 | Val Loss: 5.916e-01 | Time: 8.60s
2025-08-19 18:30:46,662:INFO:Epoch: 8500/20000 | Train Loss: 3.728e-01 | Dynamic Loss: 3.728e-01 | Regularization Loss: 1.952e-07 | Val Loss: 4.844e-01 | Time: 5.84s
2025-08-19 18:30:56,240:INFO:Epoch: 8550/20000 | Train Loss: 2.486e-01 | Dynamic Loss: 2.486e-01 | Regularization Loss: 1.925e-07 | Val Loss: 3.645e-01 | Time: 9.58s
2025-08-19 18:31:02,115:INFO:Epoch: 8600/20000 | Train Loss: 2.333e-01 | Dynamic Loss: 2.333e-01 | Regularization Loss: 2.099e-07 | Val Loss: 3.489e-01 | Time: 5.88s
2025-08-19 18:31:02,116:INFO:New best model found at epoch 8600 with validation loss 3.489e-01. Saving...
2025-08-19 18:31:09,971:INFO:Epoch: 8650/20000 | Train Loss: 2.407e-01 | Dynamic Loss: 2.407e-01 | Regularization Loss: 2.055e-07 | Val Loss: 3.556e-01 | Time: 7.85s
2025-08-19 18:31:15,802:INFO:Epoch: 8700/20000 | Train Loss: 1.456e+00 | Dynamic Loss: 1.456e+00 | Regularization Loss: 1.734e-07 | Val Loss: 1.506e+00 | Time: 5.83s
2025-08-19 18:31:21,748:INFO:Epoch: 8750/20000 | Train Loss: 2.408e-01 | Dynamic Loss: 2.408e-01 | Regularization Loss: 1.629e-07 | Val Loss: 3.662e-01 | Time: 5.95s
2025-08-19 18:31:27,621:INFO:Epoch: 8800/20000 | Train Loss: 2.285e-01 | Dynamic Loss: 2.285e-01 | Regularization Loss: 1.714e-07 | Val Loss: 3.674e-01 | Time: 5.87s
2025-08-19 18:31:33,610:INFO:Epoch: 8850/20000 | Train Loss: 3.952e-01 | Dynamic Loss: 3.952e-01 | Regularization Loss: 1.536e-07 | Val Loss: 4.805e-01 | Time: 5.99s
2025-08-19 18:31:39,492:INFO:Epoch: 8900/20000 | Train Loss: 2.430e-01 | Dynamic Loss: 2.430e-01 | Regularization Loss: 1.558e-07 | Val Loss: 3.517e-01 | Time: 5.88s
2025-08-19 18:31:45,489:INFO:Epoch: 8950/20000 | Train Loss: 2.422e-01 | Dynamic Loss: 2.422e-01 | Regularization Loss: 1.410e-07 | Val Loss: 3.609e-01 | Time: 6.00s
2025-08-19 18:31:51,407:INFO:Epoch: 9000/20000 | Train Loss: 2.194e-01 | Dynamic Loss: 2.194e-01 | Regularization Loss: 1.743e-07 | Val Loss: 3.353e-01 | Time: 5.92s
2025-08-19 18:31:51,407:INFO:New best model found at epoch 9000 with validation loss 3.353e-01. Saving...
2025-08-19 18:31:57,395:INFO:Epoch: 9050/20000 | Train Loss: 2.875e-01 | Dynamic Loss: 2.875e-01 | Regularization Loss: 1.922e-07 | Val Loss: 3.747e-01 | Time: 5.98s
2025-08-19 18:32:03,243:INFO:Epoch: 9100/20000 | Train Loss: 2.327e-01 | Dynamic Loss: 2.327e-01 | Regularization Loss: 1.335e-07 | Val Loss: 3.559e-01 | Time: 5.85s
2025-08-19 18:32:09,330:INFO:Epoch: 9150/20000 | Train Loss: 3.010e-01 | Dynamic Loss: 3.010e-01 | Regularization Loss: 1.372e-07 | Val Loss: 4.176e-01 | Time: 6.09s
2025-08-19 18:32:15,260:INFO:Epoch: 9200/20000 | Train Loss: 2.188e-01 | Dynamic Loss: 2.188e-01 | Regularization Loss: 1.321e-07 | Val Loss: 3.349e-01 | Time: 5.93s
2025-08-19 18:32:15,260:INFO:New best model found at epoch 9200 with validation loss 3.349e-01. Saving...
2025-08-19 18:32:21,295:INFO:Epoch: 9250/20000 | Train Loss: 4.602e-01 | Dynamic Loss: 4.602e-01 | Regularization Loss: 1.331e-07 | Val Loss: 6.053e-01 | Time: 6.03s
2025-08-19 18:32:31,146:INFO:Epoch: 9300/20000 | Train Loss: 2.092e-01 | Dynamic Loss: 2.092e-01 | Regularization Loss: 1.354e-07 | Val Loss: 3.229e-01 | Time: 9.85s
2025-08-19 18:32:31,146:INFO:New best model found at epoch 9300 with validation loss 3.229e-01. Saving...
2025-08-19 18:32:37,030:INFO:Epoch: 9350/20000 | Train Loss: 7.413e-01 | Dynamic Loss: 7.413e-01 | Regularization Loss: 1.432e-07 | Val Loss: 1.019e+00 | Time: 5.87s
2025-08-19 18:32:49,756:INFO:Epoch: 9400/20000 | Train Loss: 2.119e-01 | Dynamic Loss: 2.119e-01 | Regularization Loss: 1.422e-07 | Val Loss: 3.259e-01 | Time: 12.73s
2025-08-19 18:32:55,650:INFO:Epoch: 9450/20000 | Train Loss: 2.359e-01 | Dynamic Loss: 2.359e-01 | Regularization Loss: 1.562e-07 | Val Loss: 3.507e-01 | Time: 5.89s
2025-08-19 18:33:03,289:INFO:Epoch: 9500/20000 | Train Loss: 2.406e-01 | Dynamic Loss: 2.406e-01 | Regularization Loss: 1.436e-07 | Val Loss: 3.369e-01 | Time: 7.64s
2025-08-19 18:33:09,129:INFO:Epoch: 9550/20000 | Train Loss: 2.460e-01 | Dynamic Loss: 2.460e-01 | Regularization Loss: 1.499e-07 | Val Loss: 3.522e-01 | Time: 5.84s
2025-08-19 18:33:15,092:INFO:Epoch: 9600/20000 | Train Loss: 2.961e+00 | Dynamic Loss: 2.961e+00 | Regularization Loss: 1.447e-07 | Val Loss: 2.674e+00 | Time: 5.96s
2025-08-19 18:33:20,989:INFO:Epoch: 9650/20000 | Train Loss: 2.511e-01 | Dynamic Loss: 2.511e-01 | Regularization Loss: 1.452e-07 | Val Loss: 3.508e-01 | Time: 5.90s
2025-08-19 18:33:26,988:INFO:Epoch: 9700/20000 | Train Loss: 2.436e-01 | Dynamic Loss: 2.436e-01 | Regularization Loss: 1.319e-07 | Val Loss: 3.547e-01 | Time: 6.00s
2025-08-19 18:33:32,881:INFO:Epoch: 9750/20000 | Train Loss: 2.093e-01 | Dynamic Loss: 2.093e-01 | Regularization Loss: 1.291e-07 | Val Loss: 3.187e-01 | Time: 5.89s
2025-08-19 18:33:32,881:INFO:New best model found at epoch 9750 with validation loss 3.187e-01. Saving...
2025-08-19 18:33:38,763:INFO:Epoch: 9800/20000 | Train Loss: 2.250e-01 | Dynamic Loss: 2.250e-01 | Regularization Loss: 1.303e-07 | Val Loss: 3.320e-01 | Time: 5.87s
2025-08-19 18:33:44,791:INFO:Epoch: 9850/20000 | Train Loss: 3.281e-01 | Dynamic Loss: 3.281e-01 | Regularization Loss: 1.284e-07 | Val Loss: 8.223e-01 | Time: 6.03s
2025-08-19 18:33:50,884:INFO:Epoch: 9900/20000 | Train Loss: 4.062e-01 | Dynamic Loss: 4.062e-01 | Regularization Loss: 1.198e-07 | Val Loss: 5.634e-01 | Time: 6.09s
2025-08-19 18:33:56,826:INFO:Epoch: 9950/20000 | Train Loss: 2.033e-01 | Dynamic Loss: 2.033e-01 | Regularization Loss: 1.199e-07 | Val Loss: 3.141e-01 | Time: 5.94s
2025-08-19 18:33:56,826:INFO:New best model found at epoch 9950 with validation loss 3.141e-01. Saving...
2025-08-19 18:34:02,735:INFO:Epoch: 10000/20000 | Train Loss: 2.719e-01 | Dynamic Loss: 2.719e-01 | Regularization Loss: 1.032e-07 | Val Loss: 3.783e-01 | Time: 5.90s
2025-08-19 18:34:08,630:INFO:Epoch: 10050/20000 | Train Loss: 2.648e-01 | Dynamic Loss: 2.648e-01 | Regularization Loss: 1.057e-07 | Val Loss: 3.694e-01 | Time: 5.90s
2025-08-19 18:34:14,601:INFO:Epoch: 10100/20000 | Train Loss: 2.700e-01 | Dynamic Loss: 2.700e-01 | Regularization Loss: 9.539e-08 | Val Loss: 3.966e-01 | Time: 5.97s
2025-08-19 18:34:20,462:INFO:Epoch: 10150/20000 | Train Loss: 3.715e-01 | Dynamic Loss: 3.715e-01 | Regularization Loss: 7.727e-08 | Val Loss: 5.013e-01 | Time: 5.86s
2025-08-19 18:34:26,386:INFO:Epoch: 10200/20000 | Train Loss: 2.224e-01 | Dynamic Loss: 2.224e-01 | Regularization Loss: 7.647e-08 | Val Loss: 3.323e-01 | Time: 5.92s
2025-08-19 18:34:32,489:INFO:Epoch: 10250/20000 | Train Loss: 2.134e-01 | Dynamic Loss: 2.134e-01 | Regularization Loss: 8.286e-08 | Val Loss: 3.267e-01 | Time: 6.10s
2025-08-19 18:34:38,545:INFO:Epoch: 10300/20000 | Train Loss: 2.279e-01 | Dynamic Loss: 2.279e-01 | Regularization Loss: 8.158e-08 | Val Loss: 3.333e-01 | Time: 6.06s
2025-08-19 18:34:49,379:INFO:Epoch: 10350/20000 | Train Loss: 2.447e-01 | Dynamic Loss: 2.447e-01 | Regularization Loss: 7.884e-08 | Val Loss: 6.207e-01 | Time: 10.83s
2025-08-19 18:34:55,241:INFO:Epoch: 10400/20000 | Train Loss: 1.893e-01 | Dynamic Loss: 1.893e-01 | Regularization Loss: 7.402e-08 | Val Loss: 3.274e-01 | Time: 5.86s
2025-08-19 18:35:04,203:INFO:Epoch: 10450/20000 | Train Loss: 2.857e-01 | Dynamic Loss: 2.857e-01 | Regularization Loss: 6.821e-08 | Val Loss: 3.871e-01 | Time: 8.96s
2025-08-19 18:35:10,141:INFO:Epoch: 10500/20000 | Train Loss: 2.082e-01 | Dynamic Loss: 2.082e-01 | Regularization Loss: 7.124e-08 | Val Loss: 3.227e-01 | Time: 5.94s
2025-08-19 18:35:16,096:INFO:Epoch: 10550/20000 | Train Loss: 2.028e-01 | Dynamic Loss: 2.028e-01 | Regularization Loss: 6.771e-08 | Val Loss: 3.413e-01 | Time: 5.95s
2025-08-19 18:35:22,029:INFO:Epoch: 10600/20000 | Train Loss: 1.920e-01 | Dynamic Loss: 1.920e-01 | Regularization Loss: 6.557e-08 | Val Loss: 3.029e-01 | Time: 5.93s
2025-08-19 18:35:22,029:INFO:New best model found at epoch 10600 with validation loss 3.029e-01. Saving...
2025-08-19 18:35:27,999:INFO:Epoch: 10650/20000 | Train Loss: 1.904e-01 | Dynamic Loss: 1.904e-01 | Regularization Loss: 7.011e-08 | Val Loss: 2.999e-01 | Time: 5.96s
2025-08-19 18:35:27,999:INFO:New best model found at epoch 10650 with validation loss 2.999e-01. Saving...
2025-08-19 18:35:33,929:INFO:Epoch: 10700/20000 | Train Loss: 3.358e-01 | Dynamic Loss: 3.358e-01 | Regularization Loss: 6.573e-08 | Val Loss: 4.185e-01 | Time: 5.92s
2025-08-19 18:35:40,111:INFO:Epoch: 10750/20000 | Train Loss: 1.591e+00 | Dynamic Loss: 1.591e+00 | Regularization Loss: 7.458e-08 | Val Loss: 1.902e+00 | Time: 6.18s
2025-08-19 18:35:46,013:INFO:Epoch: 10800/20000 | Train Loss: 5.641e-01 | Dynamic Loss: 5.641e-01 | Regularization Loss: 2.184e-07 | Val Loss: 6.712e-01 | Time: 5.90s
2025-08-19 18:35:52,034:INFO:Epoch: 10850/20000 | Train Loss: 4.307e-01 | Dynamic Loss: 4.307e-01 | Regularization Loss: 2.539e-07 | Val Loss: 5.330e-01 | Time: 6.02s
2025-08-19 18:35:57,934:INFO:Epoch: 10900/20000 | Train Loss: 4.987e-01 | Dynamic Loss: 4.987e-01 | Regularization Loss: 2.430e-07 | Val Loss: 5.944e-01 | Time: 5.90s
2025-08-19 18:36:03,896:INFO:Epoch: 10950/20000 | Train Loss: 4.538e-01 | Dynamic Loss: 4.538e-01 | Regularization Loss: 2.094e-07 | Val Loss: 1.624e+00 | Time: 5.96s
2025-08-19 18:36:09,738:INFO:Epoch: 11000/20000 | Train Loss: 5.798e-01 | Dynamic Loss: 5.798e-01 | Regularization Loss: 1.183e-07 | Val Loss: 7.127e-01 | Time: 5.84s
2025-08-19 18:36:15,537:INFO:Epoch: 11050/20000 | Train Loss: 3.747e-01 | Dynamic Loss: 3.747e-01 | Regularization Loss: 9.921e-08 | Val Loss: 4.767e-01 | Time: 5.80s
2025-08-19 18:36:27,214:INFO:Epoch: 11100/20000 | Train Loss: 3.896e-01 | Dynamic Loss: 3.896e-01 | Regularization Loss: 9.037e-08 | Val Loss: 6.007e-01 | Time: 11.68s
2025-08-19 18:36:33,504:INFO:Epoch: 11150/20000 | Train Loss: 3.933e-01 | Dynamic Loss: 3.933e-01 | Regularization Loss: 7.543e-08 | Val Loss: 4.884e-01 | Time: 6.29s
2025-08-19 18:36:46,072:INFO:Epoch: 11200/20000 | Train Loss: 1.031e+00 | Dynamic Loss: 1.031e+00 | Regularization Loss: 5.826e-08 | Val Loss: 1.020e+00 | Time: 12.57s
2025-08-19 18:36:51,979:INFO:Epoch: 11250/20000 | Train Loss: 5.593e-01 | Dynamic Loss: 5.593e-01 | Regularization Loss: 4.365e-08 | Val Loss: 6.603e-01 | Time: 5.91s
2025-08-19 18:36:57,745:INFO:Epoch: 11300/20000 | Train Loss: 4.984e-01 | Dynamic Loss: 4.984e-01 | Regularization Loss: 2.234e-08 | Val Loss: 6.598e-01 | Time: 5.77s
2025-08-19 18:37:03,809:INFO:Epoch: 11350/20000 | Train Loss: 3.194e-01 | Dynamic Loss: 3.194e-01 | Regularization Loss: 1.968e-08 | Val Loss: 4.230e-01 | Time: 6.06s
2025-08-19 18:37:09,559:INFO:Epoch: 11400/20000 | Train Loss: 3.244e-01 | Dynamic Loss: 3.244e-01 | Regularization Loss: 1.684e-08 | Val Loss: 4.162e-01 | Time: 5.75s
2025-08-19 18:37:15,201:INFO:Epoch: 11450/20000 | Train Loss: 3.718e-01 | Dynamic Loss: 3.718e-01 | Regularization Loss: 1.533e-08 | Val Loss: 4.852e-01 | Time: 5.64s
2025-08-19 18:37:21,380:INFO:Epoch: 11500/20000 | Train Loss: 7.174e-01 | Dynamic Loss: 7.174e-01 | Regularization Loss: 1.399e-08 | Val Loss: 7.752e-01 | Time: 6.18s
2025-08-19 18:37:27,039:INFO:Epoch: 11550/20000 | Train Loss: 4.635e-01 | Dynamic Loss: 4.635e-01 | Regularization Loss: 1.271e-08 | Val Loss: 6.786e-01 | Time: 5.66s
2025-08-19 18:37:32,790:INFO:Epoch: 11600/20000 | Train Loss: 3.019e-01 | Dynamic Loss: 3.019e-01 | Regularization Loss: 1.094e-08 | Val Loss: 3.970e-01 | Time: 5.75s
2025-08-19 18:37:38,492:INFO:Epoch: 11650/20000 | Train Loss: 1.042e+00 | Dynamic Loss: 1.042e+00 | Regularization Loss: 8.186e-09 | Val Loss: 1.142e+00 | Time: 5.70s
2025-08-19 18:37:44,140:INFO:Epoch: 11700/20000 | Train Loss: 2.797e-01 | Dynamic Loss: 2.797e-01 | Regularization Loss: 6.779e-09 | Val Loss: 3.841e-01 | Time: 5.65s
2025-08-19 18:37:49,992:INFO:Epoch: 11750/20000 | Train Loss: 2.756e-01 | Dynamic Loss: 2.756e-01 | Regularization Loss: 5.674e-09 | Val Loss: 3.858e-01 | Time: 5.85s
2025-08-19 18:37:55,639:INFO:Epoch: 11800/20000 | Train Loss: 3.063e-01 | Dynamic Loss: 3.063e-01 | Regularization Loss: 4.141e-09 | Val Loss: 4.066e-01 | Time: 5.65s
2025-08-19 18:38:01,299:INFO:Epoch: 11850/20000 | Train Loss: 3.179e-01 | Dynamic Loss: 3.179e-01 | Regularization Loss: 3.505e-09 | Val Loss: 4.250e-01 | Time: 5.66s
2025-08-19 18:38:07,039:INFO:Epoch: 11900/20000 | Train Loss: 2.734e-01 | Dynamic Loss: 2.734e-01 | Regularization Loss: 2.736e-09 | Val Loss: 3.718e-01 | Time: 5.74s
2025-08-19 18:38:19,020:INFO:Epoch: 11950/20000 | Train Loss: 2.606e-01 | Dynamic Loss: 2.606e-01 | Regularization Loss: 2.475e-09 | Val Loss: 3.628e-01 | Time: 11.98s
2025-08-19 18:38:24,718:INFO:Epoch: 12000/20000 | Train Loss: 2.552e-01 | Dynamic Loss: 2.552e-01 | Regularization Loss: 2.200e-09 | Val Loss: 3.579e-01 | Time: 5.70s
2025-08-19 18:38:30,377:INFO:Epoch: 12050/20000 | Train Loss: 2.854e-01 | Dynamic Loss: 2.854e-01 | Regularization Loss: 2.052e-09 | Val Loss: 3.783e-01 | Time: 5.66s
2025-08-19 18:38:40,333:INFO:Epoch: 12100/20000 | Train Loss: 3.664e-01 | Dynamic Loss: 3.664e-01 | Regularization Loss: 1.902e-09 | Val Loss: 4.496e-01 | Time: 9.96s
2025-08-19 18:38:46,044:INFO:Epoch: 12150/20000 | Train Loss: 2.454e-01 | Dynamic Loss: 2.454e-01 | Regularization Loss: 1.661e-09 | Val Loss: 3.475e-01 | Time: 5.71s
2025-08-19 18:38:51,969:INFO:Epoch: 12200/20000 | Train Loss: 2.840e-01 | Dynamic Loss: 2.840e-01 | Regularization Loss: 1.777e-09 | Val Loss: 3.693e-01 | Time: 5.92s
2025-08-19 18:38:59,977:INFO:Epoch: 12250/20000 | Train Loss: 3.297e+00 | Dynamic Loss: 3.297e+00 | Regularization Loss: 1.583e-09 | Val Loss: 3.526e+00 | Time: 8.01s
2025-08-19 18:39:05,664:INFO:Epoch: 12300/20000 | Train Loss: 7.849e-01 | Dynamic Loss: 7.849e-01 | Regularization Loss: 5.022e-09 | Val Loss: 8.882e-01 | Time: 5.69s
2025-08-19 18:39:11,417:INFO:Epoch: 12350/20000 | Train Loss: 2.258e+00 | Dynamic Loss: 2.258e+00 | Regularization Loss: 3.213e-09 | Val Loss: 2.657e+00 | Time: 5.75s
2025-08-19 18:39:20,773:INFO:Epoch: 12400/20000 | Train Loss: 4.181e-01 | Dynamic Loss: 4.181e-01 | Regularization Loss: 2.850e-09 | Val Loss: 5.554e-01 | Time: 9.36s
2025-08-19 18:39:26,448:INFO:Epoch: 12450/20000 | Train Loss: 3.569e-01 | Dynamic Loss: 3.569e-01 | Regularization Loss: 3.056e-09 | Val Loss: 4.699e-01 | Time: 5.68s
2025-08-19 18:39:32,113:INFO:Epoch: 12500/20000 | Train Loss: 3.804e-01 | Dynamic Loss: 3.804e-01 | Regularization Loss: 3.160e-09 | Val Loss: 4.913e-01 | Time: 5.66s
2025-08-19 18:39:38,336:INFO:Epoch: 12550/20000 | Train Loss: 3.603e-01 | Dynamic Loss: 3.603e-01 | Regularization Loss: 3.198e-09 | Val Loss: 4.599e-01 | Time: 6.22s
2025-08-19 18:39:43,891:INFO:Epoch: 12600/20000 | Train Loss: 2.972e-01 | Dynamic Loss: 2.972e-01 | Regularization Loss: 3.000e-09 | Val Loss: 4.075e-01 | Time: 5.55s
2025-08-19 18:39:49,409:INFO:Epoch: 12650/20000 | Train Loss: 2.941e-01 | Dynamic Loss: 2.941e-01 | Regularization Loss: 2.718e-09 | Val Loss: 4.029e-01 | Time: 5.52s
2025-08-19 18:39:55,255:INFO:Epoch: 12700/20000 | Train Loss: 1.045e+00 | Dynamic Loss: 1.045e+00 | Regularization Loss: 2.308e-09 | Val Loss: 1.708e+00 | Time: 5.85s
2025-08-19 18:40:00,918:INFO:Epoch: 12750/20000 | Train Loss: 3.792e-01 | Dynamic Loss: 3.792e-01 | Regularization Loss: 2.991e-09 | Val Loss: 5.098e-01 | Time: 5.66s
2025-08-19 18:40:06,582:INFO:Epoch: 12800/20000 | Train Loss: 3.070e-01 | Dynamic Loss: 3.070e-01 | Regularization Loss: 3.228e-09 | Val Loss: 4.150e-01 | Time: 5.66s
2025-08-19 18:40:12,319:INFO:Epoch: 12850/20000 | Train Loss: 2.768e-01 | Dynamic Loss: 2.768e-01 | Regularization Loss: 3.392e-09 | Val Loss: 3.808e-01 | Time: 5.74s
2025-08-19 18:40:18,009:INFO:Epoch: 12900/20000 | Train Loss: 2.642e-01 | Dynamic Loss: 2.642e-01 | Regularization Loss: 3.492e-09 | Val Loss: 3.656e-01 | Time: 5.69s
2025-08-19 18:40:23,730:INFO:Epoch: 12950/20000 | Train Loss: 2.488e-01 | Dynamic Loss: 2.488e-01 | Regularization Loss: 3.729e-09 | Val Loss: 3.517e-01 | Time: 5.72s
2025-08-19 18:40:29,456:INFO:Epoch: 13000/20000 | Train Loss: 2.472e-01 | Dynamic Loss: 2.472e-01 | Regularization Loss: 3.561e-09 | Val Loss: 3.476e-01 | Time: 5.73s
2025-08-19 18:40:35,607:INFO:Epoch: 13050/20000 | Train Loss: 2.316e-01 | Dynamic Loss: 2.316e-01 | Regularization Loss: 3.699e-09 | Val Loss: 3.360e-01 | Time: 6.15s
2025-08-19 18:40:41,251:INFO:Epoch: 13100/20000 | Train Loss: 2.309e-01 | Dynamic Loss: 2.309e-01 | Regularization Loss: 3.031e-09 | Val Loss: 3.324e-01 | Time: 5.64s
2025-08-19 18:40:47,267:INFO:Epoch: 13150/20000 | Train Loss: 2.191e-01 | Dynamic Loss: 2.191e-01 | Regularization Loss: 3.128e-09 | Val Loss: 3.255e-01 | Time: 6.02s
2025-08-19 18:40:58,529:INFO:Epoch: 13200/20000 | Train Loss: 2.539e+00 | Dynamic Loss: 2.539e+00 | Regularization Loss: 2.189e-09 | Val Loss: 2.744e+00 | Time: 11.26s
2025-08-19 18:41:04,291:INFO:Epoch: 13250/20000 | Train Loss: 2.755e-01 | Dynamic Loss: 2.755e-01 | Regularization Loss: 2.846e-09 | Val Loss: 3.903e-01 | Time: 5.76s
2025-08-19 18:41:10,061:INFO:Epoch: 13300/20000 | Train Loss: 2.277e-01 | Dynamic Loss: 2.277e-01 | Regularization Loss: 2.820e-09 | Val Loss: 3.401e-01 | Time: 5.77s
2025-08-19 18:41:20,767:INFO:Epoch: 13350/20000 | Train Loss: 2.238e-01 | Dynamic Loss: 2.238e-01 | Regularization Loss: 2.609e-09 | Val Loss: 3.311e-01 | Time: 10.71s
2025-08-19 18:41:26,488:INFO:Epoch: 13400/20000 | Train Loss: 2.133e-01 | Dynamic Loss: 2.133e-01 | Regularization Loss: 2.797e-09 | Val Loss: 3.204e-01 | Time: 5.72s
2025-08-19 18:41:32,243:INFO:Epoch: 13450/20000 | Train Loss: 2.055e-01 | Dynamic Loss: 2.055e-01 | Regularization Loss: 2.725e-09 | Val Loss: 3.129e-01 | Time: 5.75s
2025-08-19 18:41:38,008:INFO:Epoch: 13500/20000 | Train Loss: 3.149e-01 | Dynamic Loss: 3.149e-01 | Regularization Loss: 2.653e-09 | Val Loss: 3.892e-01 | Time: 5.76s
2025-08-19 18:41:43,669:INFO:Epoch: 13550/20000 | Train Loss: 1.941e-01 | Dynamic Loss: 1.941e-01 | Regularization Loss: 2.624e-09 | Val Loss: 3.031e-01 | Time: 5.66s
2025-08-19 18:41:49,456:INFO:Epoch: 13600/20000 | Train Loss: 6.942e-01 | Dynamic Loss: 6.942e-01 | Regularization Loss: 2.109e-09 | Val Loss: 1.062e+00 | Time: 5.79s
2025-08-19 18:41:55,203:INFO:Epoch: 13650/20000 | Train Loss: 2.861e-01 | Dynamic Loss: 2.861e-01 | Regularization Loss: 1.931e-09 | Val Loss: 4.333e-01 | Time: 5.75s
2025-08-19 18:42:02,195:INFO:Epoch: 13700/20000 | Train Loss: 2.065e-01 | Dynamic Loss: 2.065e-01 | Regularization Loss: 1.905e-09 | Val Loss: 3.106e-01 | Time: 6.99s
2025-08-19 18:42:07,733:INFO:Epoch: 13750/20000 | Train Loss: 1.946e-01 | Dynamic Loss: 1.946e-01 | Regularization Loss: 1.852e-09 | Val Loss: 2.976e-01 | Time: 5.54s
2025-08-19 18:42:07,733:INFO:New best model found at epoch 13750 with validation loss 2.976e-01. Saving...
2025-08-19 18:42:13,279:INFO:Epoch: 13800/20000 | Train Loss: 2.447e-01 | Dynamic Loss: 2.447e-01 | Regularization Loss: 1.631e-09 | Val Loss: 3.568e-01 | Time: 5.54s
2025-08-19 18:42:20,762:INFO:Epoch: 13850/20000 | Train Loss: 2.023e-01 | Dynamic Loss: 2.023e-01 | Regularization Loss: 1.448e-09 | Val Loss: 3.098e-01 | Time: 7.48s
2025-08-19 18:42:26,510:INFO:Epoch: 13900/20000 | Train Loss: 1.923e-01 | Dynamic Loss: 1.923e-01 | Regularization Loss: 1.272e-09 | Val Loss: 2.978e-01 | Time: 5.75s
2025-08-19 18:42:32,144:INFO:Epoch: 13950/20000 | Train Loss: 1.864e-01 | Dynamic Loss: 1.864e-01 | Regularization Loss: 1.289e-09 | Val Loss: 2.912e-01 | Time: 5.63s
2025-08-19 18:42:32,144:INFO:New best model found at epoch 13950 with validation loss 2.912e-01. Saving...
2025-08-19 18:42:39,499:INFO:Epoch: 14000/20000 | Train Loss: 1.814e-01 | Dynamic Loss: 1.814e-01 | Regularization Loss: 1.264e-09 | Val Loss: 2.867e-01 | Time: 7.35s
2025-08-19 18:42:39,499:INFO:New best model found at epoch 14000 with validation loss 2.867e-01. Saving...
2025-08-19 18:42:45,140:INFO:Epoch: 14050/20000 | Train Loss: 2.739e-01 | Dynamic Loss: 2.739e-01 | Regularization Loss: 1.005e-09 | Val Loss: 5.295e-01 | Time: 5.63s
2025-08-19 18:42:50,858:INFO:Epoch: 14100/20000 | Train Loss: 1.953e-01 | Dynamic Loss: 1.953e-01 | Regularization Loss: 9.565e-10 | Val Loss: 3.179e-01 | Time: 5.72s
2025-08-19 18:42:58,048:INFO:Epoch: 14150/20000 | Train Loss: 1.840e-01 | Dynamic Loss: 1.840e-01 | Regularization Loss: 9.183e-10 | Val Loss: 2.956e-01 | Time: 7.19s
2025-08-19 18:43:03,804:INFO:Epoch: 14200/20000 | Train Loss: 1.780e-01 | Dynamic Loss: 1.780e-01 | Regularization Loss: 8.914e-10 | Val Loss: 2.866e-01 | Time: 5.76s
2025-08-19 18:43:03,804:INFO:New best model found at epoch 14200 with validation loss 2.866e-01. Saving...
2025-08-19 18:43:09,618:INFO:Epoch: 14250/20000 | Train Loss: 1.738e-01 | Dynamic Loss: 1.738e-01 | Regularization Loss: 8.737e-10 | Val Loss: 2.805e-01 | Time: 5.81s
2025-08-19 18:43:09,618:INFO:New best model found at epoch 14250 with validation loss 2.805e-01. Saving...
2025-08-19 18:43:15,330:INFO:Epoch: 14300/20000 | Train Loss: 2.702e-01 | Dynamic Loss: 2.702e-01 | Regularization Loss: 1.394e-09 | Val Loss: 3.897e-01 | Time: 5.70s
2025-08-19 18:43:21,076:INFO:Epoch: 14350/20000 | Train Loss: 1.843e-01 | Dynamic Loss: 1.843e-01 | Regularization Loss: 1.740e-09 | Val Loss: 2.897e-01 | Time: 5.75s
2025-08-19 18:43:26,914:INFO:Epoch: 14400/20000 | Train Loss: 1.744e-01 | Dynamic Loss: 1.744e-01 | Regularization Loss: 1.779e-09 | Val Loss: 2.785e-01 | Time: 5.84s
2025-08-19 18:43:26,914:INFO:New best model found at epoch 14400 with validation loss 2.785e-01. Saving...
2025-08-19 18:43:32,777:INFO:Epoch: 14450/20000 | Train Loss: 1.694e-01 | Dynamic Loss: 1.694e-01 | Regularization Loss: 1.763e-09 | Val Loss: 2.729e-01 | Time: 5.85s
2025-08-19 18:43:32,777:INFO:New best model found at epoch 14450 with validation loss 2.729e-01. Saving...
2025-08-19 18:43:38,581:INFO:Epoch: 14500/20000 | Train Loss: 1.657e-01 | Dynamic Loss: 1.657e-01 | Regularization Loss: 1.715e-09 | Val Loss: 2.692e-01 | Time: 5.79s
2025-08-19 18:43:38,581:INFO:New best model found at epoch 14500 with validation loss 2.692e-01. Saving...
2025-08-19 18:43:44,493:INFO:Epoch: 14550/20000 | Train Loss: 1.629e-01 | Dynamic Loss: 1.629e-01 | Regularization Loss: 1.672e-09 | Val Loss: 2.661e-01 | Time: 5.90s
2025-08-19 18:43:44,493:INFO:New best model found at epoch 14550 with validation loss 2.661e-01. Saving...
2025-08-19 18:43:50,200:INFO:Epoch: 14600/20000 | Train Loss: 1.600e-01 | Dynamic Loss: 1.600e-01 | Regularization Loss: 1.562e-09 | Val Loss: 2.638e-01 | Time: 5.70s
2025-08-19 18:43:50,200:INFO:New best model found at epoch 14600 with validation loss 2.638e-01. Saving...
2025-08-19 18:43:56,826:INFO:Epoch: 14650/20000 | Train Loss: 1.571e-01 | Dynamic Loss: 1.571e-01 | Regularization Loss: 1.432e-09 | Val Loss: 2.624e-01 | Time: 6.62s
2025-08-19 18:43:56,826:INFO:New best model found at epoch 14650 with validation loss 2.624e-01. Saving...
2025-08-19 18:44:02,605:INFO:Epoch: 14700/20000 | Train Loss: 2.967e-01 | Dynamic Loss: 2.967e-01 | Regularization Loss: 1.295e-09 | Val Loss: 3.579e-01 | Time: 5.77s
2025-08-19 18:44:09,902:INFO:Epoch: 14750/20000 | Train Loss: 1.525e-01 | Dynamic Loss: 1.525e-01 | Regularization Loss: 1.127e-09 | Val Loss: 2.589e-01 | Time: 7.30s
2025-08-19 18:44:09,902:INFO:New best model found at epoch 14750 with validation loss 2.589e-01. Saving...
2025-08-19 18:44:15,579:INFO:Epoch: 14800/20000 | Train Loss: 1.516e-01 | Dynamic Loss: 1.516e-01 | Regularization Loss: 9.982e-10 | Val Loss: 2.583e-01 | Time: 5.67s
2025-08-19 18:44:15,580:INFO:New best model found at epoch 14800 with validation loss 2.583e-01. Saving...
2025-08-19 18:44:21,295:INFO:Epoch: 14850/20000 | Train Loss: 1.705e-01 | Dynamic Loss: 1.705e-01 | Regularization Loss: 7.087e-10 | Val Loss: 2.716e-01 | Time: 5.71s
2025-08-19 18:44:28,509:INFO:Epoch: 14900/20000 | Train Loss: 1.489e-01 | Dynamic Loss: 1.489e-01 | Regularization Loss: 6.412e-10 | Val Loss: 2.556e-01 | Time: 7.21s
2025-08-19 18:44:28,509:INFO:New best model found at epoch 14900 with validation loss 2.556e-01. Saving...
2025-08-19 18:44:34,138:INFO:Epoch: 14950/20000 | Train Loss: 1.479e-01 | Dynamic Loss: 1.479e-01 | Regularization Loss: 6.113e-10 | Val Loss: 2.514e-01 | Time: 5.62s
2025-08-19 18:44:34,138:INFO:New best model found at epoch 14950 with validation loss 2.514e-01. Saving...
2025-08-19 18:44:39,989:INFO:Epoch: 15000/20000 | Train Loss: 1.438e-01 | Dynamic Loss: 1.438e-01 | Regularization Loss: 5.626e-10 | Val Loss: 2.497e-01 | Time: 5.84s
2025-08-19 18:44:39,989:INFO:New best model found at epoch 15000 with validation loss 2.497e-01. Saving...
2025-08-19 18:44:47,257:INFO:Epoch: 15050/20000 | Train Loss: 1.415e-01 | Dynamic Loss: 1.415e-01 | Regularization Loss: 5.146e-10 | Val Loss: 2.493e-01 | Time: 7.26s
2025-08-19 18:44:47,257:INFO:New best model found at epoch 15050 with validation loss 2.493e-01. Saving...
2025-08-19 18:44:52,950:INFO:Epoch: 15100/20000 | Train Loss: 1.469e-01 | Dynamic Loss: 1.469e-01 | Regularization Loss: 4.499e-10 | Val Loss: 2.508e-01 | Time: 5.68s
2025-08-19 18:44:58,676:INFO:Epoch: 15150/20000 | Train Loss: 1.884e-01 | Dynamic Loss: 1.884e-01 | Regularization Loss: 6.923e-10 | Val Loss: 3.128e-01 | Time: 5.73s
2025-08-19 18:45:04,366:INFO:Epoch: 15200/20000 | Train Loss: 1.492e-01 | Dynamic Loss: 1.492e-01 | Regularization Loss: 6.273e-10 | Val Loss: 2.619e-01 | Time: 5.69s
2025-08-19 18:45:10,262:INFO:Epoch: 15250/20000 | Train Loss: 1.415e-01 | Dynamic Loss: 1.415e-01 | Regularization Loss: 5.687e-10 | Val Loss: 2.516e-01 | Time: 5.90s
2025-08-19 18:45:16,045:INFO:Epoch: 15300/20000 | Train Loss: 2.682e+00 | Dynamic Loss: 2.682e+00 | Regularization Loss: 5.011e-10 | Val Loss: 2.972e+00 | Time: 5.78s
2025-08-19 18:45:21,848:INFO:Epoch: 15350/20000 | Train Loss: 2.013e-01 | Dynamic Loss: 2.013e-01 | Regularization Loss: 5.408e-10 | Val Loss: 3.407e-01 | Time: 5.80s
2025-08-19 18:45:27,506:INFO:Epoch: 15400/20000 | Train Loss: 1.585e-01 | Dynamic Loss: 1.585e-01 | Regularization Loss: 5.423e-10 | Val Loss: 2.900e-01 | Time: 5.66s
2025-08-19 18:45:33,476:INFO:Epoch: 15450/20000 | Train Loss: 1.469e-01 | Dynamic Loss: 1.469e-01 | Regularization Loss: 5.492e-10 | Val Loss: 2.723e-01 | Time: 5.97s
2025-08-19 18:45:39,222:INFO:Epoch: 15500/20000 | Train Loss: 1.409e-01 | Dynamic Loss: 1.409e-01 | Regularization Loss: 5.520e-10 | Val Loss: 2.636e-01 | Time: 5.75s
2025-08-19 18:45:44,903:INFO:Epoch: 15550/20000 | Train Loss: 1.370e-01 | Dynamic Loss: 1.370e-01 | Regularization Loss: 5.395e-10 | Val Loss: 2.577e-01 | Time: 5.68s
2025-08-19 18:45:50,620:INFO:Epoch: 15600/20000 | Train Loss: 1.341e-01 | Dynamic Loss: 1.341e-01 | Regularization Loss: 5.240e-10 | Val Loss: 2.527e-01 | Time: 5.72s
2025-08-19 18:45:56,403:INFO:Epoch: 15650/20000 | Train Loss: 1.317e-01 | Dynamic Loss: 1.317e-01 | Regularization Loss: 4.980e-10 | Val Loss: 3.225e-01 | Time: 5.78s
2025-08-19 18:46:02,188:INFO:Epoch: 15700/20000 | Train Loss: 1.575e+00 | Dynamic Loss: 1.575e+00 | Regularization Loss: 4.596e-10 | Val Loss: 1.742e+00 | Time: 5.78s
2025-08-19 18:46:07,998:INFO:Epoch: 15750/20000 | Train Loss: 1.403e-01 | Dynamic Loss: 1.403e-01 | Regularization Loss: 5.044e-10 | Val Loss: 2.461e-01 | Time: 5.81s
2025-08-19 18:46:07,998:INFO:New best model found at epoch 15750 with validation loss 2.461e-01. Saving...
2025-08-19 18:46:20,270:INFO:Epoch: 15800/20000 | Train Loss: 1.702e-01 | Dynamic Loss: 1.702e-01 | Regularization Loss: 4.610e-10 | Val Loss: 2.638e-01 | Time: 12.26s
2025-08-19 18:46:25,979:INFO:Epoch: 15850/20000 | Train Loss: 1.284e-01 | Dynamic Loss: 1.284e-01 | Regularization Loss: 4.146e-10 | Val Loss: 2.368e-01 | Time: 5.71s
2025-08-19 18:46:25,979:INFO:New best model found at epoch 15850 with validation loss 2.368e-01. Saving...
2025-08-19 18:46:31,653:INFO:Epoch: 15900/20000 | Train Loss: 1.260e-01 | Dynamic Loss: 1.260e-01 | Regularization Loss: 3.861e-10 | Val Loss: 2.344e-01 | Time: 5.67s
2025-08-19 18:46:31,653:INFO:New best model found at epoch 15900 with validation loss 2.344e-01. Saving...
2025-08-19 18:46:39,476:INFO:Epoch: 15950/20000 | Train Loss: 1.755e-01 | Dynamic Loss: 1.755e-01 | Regularization Loss: 5.290e-10 | Val Loss: 2.969e-01 | Time: 7.81s
2025-08-19 18:46:45,390:INFO:Epoch: 16000/20000 | Train Loss: 1.363e-01 | Dynamic Loss: 1.363e-01 | Regularization Loss: 4.983e-10 | Val Loss: 2.465e-01 | Time: 5.91s
2025-08-19 18:46:51,084:INFO:Epoch: 16050/20000 | Train Loss: 1.285e-01 | Dynamic Loss: 1.285e-01 | Regularization Loss: 4.573e-10 | Val Loss: 2.363e-01 | Time: 5.69s
2025-08-19 18:46:56,995:INFO:Epoch: 16100/20000 | Train Loss: 1.247e-01 | Dynamic Loss: 1.247e-01 | Regularization Loss: 4.177e-10 | Val Loss: 2.317e-01 | Time: 5.91s
2025-08-19 18:46:56,995:INFO:New best model found at epoch 16100 with validation loss 2.317e-01. Saving...
2025-08-19 18:47:02,884:INFO:Epoch: 16150/20000 | Train Loss: 1.216e-01 | Dynamic Loss: 1.216e-01 | Regularization Loss: 3.811e-10 | Val Loss: 2.281e-01 | Time: 5.88s
2025-08-19 18:47:02,884:INFO:New best model found at epoch 16150 with validation loss 2.281e-01. Saving...
2025-08-19 18:47:08,607:INFO:Epoch: 16200/20000 | Train Loss: 1.196e-01 | Dynamic Loss: 1.196e-01 | Regularization Loss: 3.474e-10 | Val Loss: 2.265e-01 | Time: 5.71s
2025-08-19 18:47:08,607:INFO:New best model found at epoch 16200 with validation loss 2.265e-01. Saving...
2025-08-19 18:47:14,420:INFO:Epoch: 16250/20000 | Train Loss: 1.174e-01 | Dynamic Loss: 1.174e-01 | Regularization Loss: 3.057e-10 | Val Loss: 2.244e-01 | Time: 5.80s
2025-08-19 18:47:14,421:INFO:New best model found at epoch 16250 with validation loss 2.244e-01. Saving...
2025-08-19 18:47:20,195:INFO:Epoch: 16300/20000 | Train Loss: 1.904e+00 | Dynamic Loss: 1.904e+00 | Regularization Loss: 5.619e-10 | Val Loss: 2.329e+00 | Time: 5.77s
2025-08-19 18:47:26,101:INFO:Epoch: 16350/20000 | Train Loss: 5.675e-01 | Dynamic Loss: 5.675e-01 | Regularization Loss: 6.514e-10 | Val Loss: 7.563e-01 | Time: 5.91s
2025-08-19 18:47:31,988:INFO:Epoch: 16400/20000 | Train Loss: 4.164e-01 | Dynamic Loss: 4.164e-01 | Regularization Loss: 6.630e-10 | Val Loss: 5.217e-01 | Time: 5.89s
2025-08-19 18:47:37,731:INFO:Epoch: 16450/20000 | Train Loss: 3.897e-01 | Dynamic Loss: 3.897e-01 | Regularization Loss: 7.988e-10 | Val Loss: 4.989e-01 | Time: 5.74s
2025-08-19 18:47:43,524:INFO:Epoch: 16500/20000 | Train Loss: 3.460e-01 | Dynamic Loss: 3.460e-01 | Regularization Loss: 7.445e-10 | Val Loss: 4.558e-01 | Time: 5.79s
2025-08-19 18:47:49,380:INFO:Epoch: 16550/20000 | Train Loss: 3.219e-01 | Dynamic Loss: 3.219e-01 | Regularization Loss: 6.753e-10 | Val Loss: 4.311e-01 | Time: 5.86s
2025-08-19 18:47:55,093:INFO:Epoch: 16600/20000 | Train Loss: 3.275e-01 | Dynamic Loss: 3.275e-01 | Regularization Loss: 6.274e-10 | Val Loss: 4.241e-01 | Time: 5.71s
2025-08-19 18:48:00,897:INFO:Epoch: 16650/20000 | Train Loss: 2.815e-01 | Dynamic Loss: 2.815e-01 | Regularization Loss: 6.066e-10 | Val Loss: 3.919e-01 | Time: 5.80s
2025-08-19 18:48:06,731:INFO:Epoch: 16700/20000 | Train Loss: 3.327e-01 | Dynamic Loss: 3.327e-01 | Regularization Loss: 5.794e-10 | Val Loss: 4.666e-01 | Time: 5.83s
2025-08-19 18:48:12,449:INFO:Epoch: 16750/20000 | Train Loss: 2.693e-01 | Dynamic Loss: 2.693e-01 | Regularization Loss: 5.902e-10 | Val Loss: 3.796e-01 | Time: 5.72s
2025-08-19 18:48:18,207:INFO:Epoch: 16800/20000 | Train Loss: 2.604e-01 | Dynamic Loss: 2.604e-01 | Regularization Loss: 5.565e-10 | Val Loss: 3.674e-01 | Time: 5.76s
2025-08-19 18:48:24,026:INFO:Epoch: 16850/20000 | Train Loss: 2.425e-01 | Dynamic Loss: 2.425e-01 | Regularization Loss: 5.163e-10 | Val Loss: 3.496e-01 | Time: 5.82s
2025-08-19 18:48:29,745:INFO:Epoch: 16900/20000 | Train Loss: 2.297e-01 | Dynamic Loss: 2.297e-01 | Regularization Loss: 4.834e-10 | Val Loss: 3.401e-01 | Time: 5.72s
2025-08-19 18:48:35,443:INFO:Epoch: 16950/20000 | Train Loss: 2.113e+00 | Dynamic Loss: 2.113e+00 | Regularization Loss: 4.356e-10 | Val Loss: 2.605e+00 | Time: 5.70s
2025-08-19 18:48:41,672:INFO:Epoch: 17000/20000 | Train Loss: 3.195e-01 | Dynamic Loss: 3.195e-01 | Regularization Loss: 4.972e-10 | Val Loss: 6.223e-01 | Time: 6.23s
2025-08-19 18:48:47,438:INFO:Epoch: 17050/20000 | Train Loss: 2.384e-01 | Dynamic Loss: 2.384e-01 | Regularization Loss: 4.089e-10 | Val Loss: 3.936e-01 | Time: 5.77s
2025-08-19 18:48:53,332:INFO:Epoch: 17100/20000 | Train Loss: 2.205e-01 | Dynamic Loss: 2.205e-01 | Regularization Loss: 3.559e-10 | Val Loss: 3.575e-01 | Time: 5.89s
2025-08-19 18:48:59,163:INFO:Epoch: 17150/20000 | Train Loss: 2.085e-01 | Dynamic Loss: 2.085e-01 | Regularization Loss: 2.983e-10 | Val Loss: 3.386e-01 | Time: 5.83s
2025-08-19 18:49:04,873:INFO:Epoch: 17200/20000 | Train Loss: 1.993e-01 | Dynamic Loss: 1.993e-01 | Regularization Loss: 2.688e-10 | Val Loss: 3.283e-01 | Time: 5.71s
2025-08-19 18:49:10,607:INFO:Epoch: 17250/20000 | Train Loss: 1.915e-01 | Dynamic Loss: 1.915e-01 | Regularization Loss: 2.432e-10 | Val Loss: 3.208e-01 | Time: 5.73s
2025-08-19 18:49:16,389:INFO:Epoch: 17300/20000 | Train Loss: 1.850e-01 | Dynamic Loss: 1.850e-01 | Regularization Loss: 2.240e-10 | Val Loss: 3.136e-01 | Time: 5.78s
2025-08-19 18:49:22,123:INFO:Epoch: 17350/20000 | Train Loss: 4.677e-01 | Dynamic Loss: 4.677e-01 | Regularization Loss: 2.014e-10 | Val Loss: 1.005e+00 | Time: 5.73s
2025-08-19 18:49:27,930:INFO:Epoch: 17400/20000 | Train Loss: 2.412e-01 | Dynamic Loss: 2.412e-01 | Regularization Loss: 1.714e-10 | Val Loss: 3.943e-01 | Time: 5.81s
2025-08-19 18:49:33,856:INFO:Epoch: 17450/20000 | Train Loss: 1.899e-01 | Dynamic Loss: 1.899e-01 | Regularization Loss: 1.664e-10 | Val Loss: 3.102e-01 | Time: 5.93s
2025-08-19 18:49:39,625:INFO:Epoch: 17500/20000 | Train Loss: 1.776e-01 | Dynamic Loss: 1.776e-01 | Regularization Loss: 1.583e-10 | Val Loss: 2.954e-01 | Time: 5.77s
2025-08-19 18:49:45,393:INFO:Epoch: 17550/20000 | Train Loss: 1.709e-01 | Dynamic Loss: 1.709e-01 | Regularization Loss: 1.397e-10 | Val Loss: 2.879e-01 | Time: 5.77s
2025-08-19 18:49:51,262:INFO:Epoch: 17600/20000 | Train Loss: 1.646e-01 | Dynamic Loss: 1.646e-01 | Regularization Loss: 1.312e-10 | Val Loss: 2.821e-01 | Time: 5.87s
2025-08-19 18:49:57,035:INFO:Epoch: 17650/20000 | Train Loss: 1.592e-01 | Dynamic Loss: 1.592e-01 | Regularization Loss: 1.228e-10 | Val Loss: 2.773e-01 | Time: 5.77s
2025-08-19 18:50:02,832:INFO:Epoch: 17700/20000 | Train Loss: 1.680e-01 | Dynamic Loss: 1.680e-01 | Regularization Loss: 1.350e-10 | Val Loss: 2.828e-01 | Time: 5.80s
2025-08-19 18:50:08,695:INFO:Epoch: 17750/20000 | Train Loss: 1.550e-01 | Dynamic Loss: 1.550e-01 | Regularization Loss: 1.291e-10 | Val Loss: 2.717e-01 | Time: 5.86s
2025-08-19 18:50:14,523:INFO:Epoch: 17800/20000 | Train Loss: 1.498e-01 | Dynamic Loss: 1.498e-01 | Regularization Loss: 1.224e-10 | Val Loss: 2.673e-01 | Time: 5.83s
2025-08-19 18:50:20,265:INFO:Epoch: 17850/20000 | Train Loss: 1.456e-01 | Dynamic Loss: 1.456e-01 | Regularization Loss: 1.162e-10 | Val Loss: 2.637e-01 | Time: 5.74s
2025-08-19 18:50:26,029:INFO:Epoch: 17900/20000 | Train Loss: 1.418e-01 | Dynamic Loss: 1.418e-01 | Regularization Loss: 1.095e-10 | Val Loss: 2.607e-01 | Time: 5.76s
2025-08-19 18:50:31,781:INFO:Epoch: 17950/20000 | Train Loss: 1.396e-01 | Dynamic Loss: 1.396e-01 | Regularization Loss: 1.026e-10 | Val Loss: 2.605e-01 | Time: 5.75s
2025-08-19 18:50:37,531:INFO:Epoch: 18000/20000 | Train Loss: 1.358e-01 | Dynamic Loss: 1.358e-01 | Regularization Loss: 9.648e-11 | Val Loss: 2.549e-01 | Time: 5.75s
2025-08-19 18:50:44,091:INFO:Epoch: 18050/20000 | Train Loss: 1.338e-01 | Dynamic Loss: 1.338e-01 | Regularization Loss: 9.441e-11 | Val Loss: 2.529e-01 | Time: 6.56s
2025-08-19 18:50:49,878:INFO:Epoch: 18100/20000 | Train Loss: 1.292e-01 | Dynamic Loss: 1.292e-01 | Regularization Loss: 8.729e-11 | Val Loss: 2.511e-01 | Time: 5.79s
2025-08-19 18:50:55,637:INFO:Epoch: 18150/20000 | Train Loss: 5.813e-01 | Dynamic Loss: 5.813e-01 | Regularization Loss: 7.519e-11 | Val Loss: 8.250e-01 | Time: 5.76s
2025-08-19 18:51:05,474:INFO:Epoch: 18200/20000 | Train Loss: 1.252e-01 | Dynamic Loss: 1.252e-01 | Regularization Loss: 7.351e-11 | Val Loss: 2.435e-01 | Time: 9.84s
2025-08-19 18:51:11,218:INFO:Epoch: 18250/20000 | Train Loss: 1.220e-01 | Dynamic Loss: 1.220e-01 | Regularization Loss: 6.705e-11 | Val Loss: 2.420e-01 | Time: 5.74s
2025-08-19 18:51:17,251:INFO:Epoch: 18300/20000 | Train Loss: 1.197e-01 | Dynamic Loss: 1.197e-01 | Regularization Loss: 6.333e-11 | Val Loss: 2.405e-01 | Time: 6.03s
2025-08-19 18:51:23,759:INFO:Epoch: 18350/20000 | Train Loss: 2.053e+00 | Dynamic Loss: 2.053e+00 | Regularization Loss: 4.664e-11 | Val Loss: 2.549e+00 | Time: 6.51s
2025-08-19 18:51:29,544:INFO:Epoch: 18400/20000 | Train Loss: 2.230e-01 | Dynamic Loss: 2.230e-01 | Regularization Loss: 1.285e-10 | Val Loss: 4.132e-01 | Time: 5.79s
2025-08-19 18:51:35,289:INFO:Epoch: 18450/20000 | Train Loss: 1.552e-01 | Dynamic Loss: 1.552e-01 | Regularization Loss: 1.310e-10 | Val Loss: 3.417e-01 | Time: 5.74s
2025-08-19 18:51:44,073:INFO:Epoch: 18500/20000 | Train Loss: 1.385e-01 | Dynamic Loss: 1.385e-01 | Regularization Loss: 1.366e-10 | Val Loss: 2.771e-01 | Time: 8.78s
2025-08-19 18:51:49,876:INFO:Epoch: 18550/20000 | Train Loss: 1.302e-01 | Dynamic Loss: 1.302e-01 | Regularization Loss: 1.323e-10 | Val Loss: 2.620e-01 | Time: 5.80s
2025-08-19 18:51:55,718:INFO:Epoch: 18600/20000 | Train Loss: 1.250e-01 | Dynamic Loss: 1.250e-01 | Regularization Loss: 1.260e-10 | Val Loss: 2.521e-01 | Time: 5.84s
2025-08-19 18:52:01,789:INFO:Epoch: 18650/20000 | Train Loss: 1.210e-01 | Dynamic Loss: 1.210e-01 | Regularization Loss: 1.205e-10 | Val Loss: 2.464e-01 | Time: 6.07s
2025-08-19 18:52:07,515:INFO:Epoch: 18700/20000 | Train Loss: 1.181e-01 | Dynamic Loss: 1.181e-01 | Regularization Loss: 1.149e-10 | Val Loss: 2.419e-01 | Time: 5.73s
2025-08-19 18:52:13,207:INFO:Epoch: 18750/20000 | Train Loss: 1.153e-01 | Dynamic Loss: 1.153e-01 | Regularization Loss: 1.092e-10 | Val Loss: 2.377e-01 | Time: 5.69s
2025-08-19 18:52:19,131:INFO:Epoch: 18800/20000 | Train Loss: 1.135e-01 | Dynamic Loss: 1.135e-01 | Regularization Loss: 1.023e-10 | Val Loss: 2.354e-01 | Time: 5.92s
2025-08-19 18:52:24,883:INFO:Epoch: 18850/20000 | Train Loss: 1.119e-01 | Dynamic Loss: 1.119e-01 | Regularization Loss: 9.467e-11 | Val Loss: 2.350e-01 | Time: 5.75s
2025-08-19 18:52:30,600:INFO:Epoch: 18900/20000 | Train Loss: 5.769e-01 | Dynamic Loss: 5.769e-01 | Regularization Loss: 9.551e-11 | Val Loss: 1.756e+00 | Time: 5.72s
2025-08-19 18:52:36,416:INFO:Epoch: 18950/20000 | Train Loss: 1.506e-01 | Dynamic Loss: 1.506e-01 | Regularization Loss: 1.177e-10 | Val Loss: 3.483e-01 | Time: 5.82s
2025-08-19 18:52:42,269:INFO:Epoch: 19000/20000 | Train Loss: 1.232e-01 | Dynamic Loss: 1.232e-01 | Regularization Loss: 1.167e-10 | Val Loss: 2.796e-01 | Time: 5.85s
2025-08-19 18:52:48,045:INFO:Epoch: 19050/20000 | Train Loss: 1.160e-01 | Dynamic Loss: 1.160e-01 | Regularization Loss: 1.135e-10 | Val Loss: 2.561e-01 | Time: 5.78s
2025-08-19 18:52:53,891:INFO:Epoch: 19100/20000 | Train Loss: 1.121e-01 | Dynamic Loss: 1.121e-01 | Regularization Loss: 1.085e-10 | Val Loss: 2.454e-01 | Time: 5.85s
2025-08-19 18:52:59,499:INFO:Epoch: 19150/20000 | Train Loss: 1.103e-01 | Dynamic Loss: 1.103e-01 | Regularization Loss: 1.038e-10 | Val Loss: 2.385e-01 | Time: 5.61s
2025-08-19 18:53:05,177:INFO:Epoch: 19200/20000 | Train Loss: 1.079e-01 | Dynamic Loss: 1.079e-01 | Regularization Loss: 9.787e-11 | Val Loss: 2.329e-01 | Time: 5.68s
2025-08-19 18:53:10,848:INFO:Epoch: 19250/20000 | Train Loss: 1.063e-01 | Dynamic Loss: 1.063e-01 | Regularization Loss: 9.013e-11 | Val Loss: 2.297e-01 | Time: 5.67s
2025-08-19 18:53:16,666:INFO:Epoch: 19300/20000 | Train Loss: 1.049e-01 | Dynamic Loss: 1.049e-01 | Regularization Loss: 7.866e-11 | Val Loss: 2.265e-01 | Time: 5.82s
2025-08-19 18:53:22,445:INFO:Epoch: 19350/20000 | Train Loss: 1.019e-01 | Dynamic Loss: 1.019e-01 | Regularization Loss: 7.611e-11 | Val Loss: 2.244e-01 | Time: 5.78s
2025-08-19 18:53:22,445:INFO:New best model found at epoch 19350 with validation loss 2.244e-01. Saving...
2025-08-19 18:53:28,283:INFO:Epoch: 19400/20000 | Train Loss: 1.009e-01 | Dynamic Loss: 1.009e-01 | Regularization Loss: 6.969e-11 | Val Loss: 2.234e-01 | Time: 5.83s
2025-08-19 18:53:28,283:INFO:New best model found at epoch 19400 with validation loss 2.234e-01. Saving...
2025-08-19 18:53:34,170:INFO:Epoch: 19450/20000 | Train Loss: 9.870e-02 | Dynamic Loss: 9.870e-02 | Regularization Loss: 6.271e-11 | Val Loss: 2.206e-01 | Time: 5.88s
2025-08-19 18:53:34,170:INFO:New best model found at epoch 19450 with validation loss 2.206e-01. Saving...
2025-08-19 18:53:39,913:INFO:Epoch: 19500/20000 | Train Loss: 9.823e-02 | Dynamic Loss: 9.823e-02 | Regularization Loss: 5.561e-11 | Val Loss: 2.212e-01 | Time: 5.73s
2025-08-19 18:53:45,793:INFO:Epoch: 19550/20000 | Train Loss: 9.845e-02 | Dynamic Loss: 9.845e-02 | Regularization Loss: 5.113e-11 | Val Loss: 2.176e-01 | Time: 5.88s
2025-08-19 18:53:45,793:INFO:New best model found at epoch 19550 with validation loss 2.176e-01. Saving...
2025-08-19 18:53:51,504:INFO:Epoch: 19600/20000 | Train Loss: 9.539e-02 | Dynamic Loss: 9.539e-02 | Regularization Loss: 4.597e-11 | Val Loss: 2.151e-01 | Time: 5.70s
2025-08-19 18:53:51,504:INFO:New best model found at epoch 19600 with validation loss 2.151e-01. Saving...
2025-08-19 18:53:57,224:INFO:Epoch: 19650/20000 | Train Loss: 9.445e-02 | Dynamic Loss: 9.445e-02 | Regularization Loss: 3.656e-11 | Val Loss: 2.149e-01 | Time: 5.71s
2025-08-19 18:53:57,224:INFO:New best model found at epoch 19650 with validation loss 2.149e-01. Saving...
2025-08-19 18:54:03,131:INFO:Epoch: 19700/20000 | Train Loss: 9.293e-02 | Dynamic Loss: 9.293e-02 | Regularization Loss: 3.200e-11 | Val Loss: 2.160e-01 | Time: 5.90s
2025-08-19 18:54:08,880:INFO:Epoch: 19750/20000 | Train Loss: 9.576e-02 | Dynamic Loss: 9.576e-02 | Regularization Loss: 2.698e-11 | Val Loss: 2.161e-01 | Time: 5.75s
2025-08-19 18:54:14,637:INFO:Epoch: 19800/20000 | Train Loss: 9.115e-02 | Dynamic Loss: 9.115e-02 | Regularization Loss: 2.221e-11 | Val Loss: 2.171e-01 | Time: 5.76s
2025-08-19 18:54:20,656:INFO:Epoch: 19850/20000 | Train Loss: 8.955e-02 | Dynamic Loss: 8.955e-02 | Regularization Loss: 1.881e-11 | Val Loss: 2.146e-01 | Time: 6.02s
2025-08-19 18:54:20,656:INFO:New best model found at epoch 19850 with validation loss 2.146e-01. Saving...
2025-08-19 18:54:26,533:INFO:Epoch: 19900/20000 | Train Loss: 1.456e-01 | Dynamic Loss: 1.456e-01 | Regularization Loss: 6.600e-11 | Val Loss: 3.138e-01 | Time: 5.87s
2025-08-19 18:54:32,313:INFO:Epoch: 19950/20000 | Train Loss: 1.351e-01 | Dynamic Loss: 1.351e-01 | Regularization Loss: 6.482e-11 | Val Loss: 2.647e-01 | Time: 5.78s
2025-08-19 18:54:38,651:INFO:Epoch: 20000/20000 | Train Loss: 9.847e-02 | Dynamic Loss: 9.847e-02 | Regularization Loss: 5.890e-11 | Val Loss: 2.289e-01 | Time: 6.34s
