2025-08-18 21:03:38,054:INFO:Created DataLoaders with 5994 training samples and 1998 validation samples.
2025-08-18 21:03:38,621:INFO:model params: 526849
2025-08-18 21:03:39,403:INFO:Epoch: 0/10000 | Train Loss: 8.962e+01 | Dynamic Loss: 3.160e+00 | Regularization Loss: 8.646e+01 | Val Loss: 2.160e+00 | Time: 0.78s
2025-08-18 21:03:39,403:INFO:New best model found at epoch 0 with validation loss 2.160e+00. Saving...
2025-08-18 21:03:44,528:INFO:Epoch: 50/10000 | Train Loss: 2.412e+00 | Dynamic Loss: 1.658e+00 | Regularization Loss: 7.539e-01 | Val Loss: 1.685e+00 | Time: 5.11s
2025-08-18 21:03:44,528:INFO:New best model found at epoch 50 with validation loss 1.685e+00. Saving...
2025-08-18 21:03:49,672:INFO:Epoch: 100/10000 | Train Loss: 1.783e+00 | Dynamic Loss: 1.476e+00 | Regularization Loss: 3.066e-01 | Val Loss: 1.506e+00 | Time: 5.13s
2025-08-18 21:03:49,672:INFO:New best model found at epoch 100 with validation loss 1.506e+00. Saving...
2025-08-18 21:03:54,807:INFO:Epoch: 150/10000 | Train Loss: 1.508e+00 | Dynamic Loss: 1.336e+00 | Regularization Loss: 1.723e-01 | Val Loss: 1.376e+00 | Time: 5.12s
2025-08-18 21:03:54,807:INFO:New best model found at epoch 150 with validation loss 1.376e+00. Saving...
2025-08-18 21:04:01,347:INFO:Epoch: 200/10000 | Train Loss: 1.353e+00 | Dynamic Loss: 1.241e+00 | Regularization Loss: 1.123e-01 | Val Loss: 1.281e+00 | Time: 6.53s
2025-08-18 21:04:01,347:INFO:New best model found at epoch 200 with validation loss 1.281e+00. Saving...
2025-08-18 21:04:06,613:INFO:Epoch: 250/10000 | Train Loss: 1.259e+00 | Dynamic Loss: 1.179e+00 | Regularization Loss: 7.966e-02 | Val Loss: 1.221e+00 | Time: 5.26s
2025-08-18 21:04:06,613:INFO:New best model found at epoch 250 with validation loss 1.221e+00. Saving...
2025-08-18 21:04:15,474:INFO:Epoch: 300/10000 | Train Loss: 1.158e+00 | Dynamic Loss: 1.099e+00 | Regularization Loss: 5.974e-02 | Val Loss: 1.154e+00 | Time: 8.85s
2025-08-18 21:04:15,474:INFO:New best model found at epoch 300 with validation loss 1.154e+00. Saving...
2025-08-18 21:04:20,784:INFO:Epoch: 350/10000 | Train Loss: 1.096e+00 | Dynamic Loss: 1.050e+00 | Regularization Loss: 4.655e-02 | Val Loss: 1.087e+00 | Time: 5.30s
2025-08-18 21:04:20,784:INFO:New best model found at epoch 350 with validation loss 1.087e+00. Saving...
2025-08-18 21:04:28,859:INFO:Epoch: 400/10000 | Train Loss: 9.948e-01 | Dynamic Loss: 9.575e-01 | Regularization Loss: 3.733e-02 | Val Loss: 1.030e+00 | Time: 8.07s
2025-08-18 21:04:28,859:INFO:New best model found at epoch 400 with validation loss 1.030e+00. Saving...
2025-08-18 21:04:34,126:INFO:Epoch: 450/10000 | Train Loss: 9.369e-01 | Dynamic Loss: 9.063e-01 | Regularization Loss: 3.059e-02 | Val Loss: 9.694e-01 | Time: 5.26s
2025-08-18 21:04:34,126:INFO:New best model found at epoch 450 with validation loss 9.694e-01. Saving...
2025-08-18 21:04:39,490:INFO:Epoch: 500/10000 | Train Loss: 8.333e-01 | Dynamic Loss: 8.078e-01 | Regularization Loss: 2.550e-02 | Val Loss: 8.971e-01 | Time: 5.35s
2025-08-18 21:04:39,490:INFO:New best model found at epoch 500 with validation loss 8.971e-01. Saving...
2025-08-18 21:04:44,896:INFO:Epoch: 550/10000 | Train Loss: 8.396e-01 | Dynamic Loss: 8.180e-01 | Regularization Loss: 2.155e-02 | Val Loss: 8.842e-01 | Time: 5.40s
2025-08-18 21:04:44,896:INFO:New best model found at epoch 550 with validation loss 8.842e-01. Saving...
2025-08-18 21:04:50,228:INFO:Epoch: 600/10000 | Train Loss: 8.134e-01 | Dynamic Loss: 7.950e-01 | Regularization Loss: 1.842e-02 | Val Loss: 8.404e-01 | Time: 5.32s
2025-08-18 21:04:50,228:INFO:New best model found at epoch 600 with validation loss 8.404e-01. Saving...
2025-08-18 21:04:56,240:INFO:Epoch: 650/10000 | Train Loss: 7.358e-01 | Dynamic Loss: 7.199e-01 | Regularization Loss: 1.590e-02 | Val Loss: 7.953e-01 | Time: 6.00s
2025-08-18 21:04:56,240:INFO:New best model found at epoch 650 with validation loss 7.953e-01. Saving...
2025-08-18 21:05:01,598:INFO:Epoch: 700/10000 | Train Loss: 6.856e-01 | Dynamic Loss: 6.718e-01 | Regularization Loss: 1.384e-02 | Val Loss: 7.498e-01 | Time: 5.35s
2025-08-18 21:05:01,598:INFO:New best model found at epoch 700 with validation loss 7.498e-01. Saving...
2025-08-18 21:05:07,575:INFO:Epoch: 750/10000 | Train Loss: 6.444e-01 | Dynamic Loss: 6.322e-01 | Regularization Loss: 1.212e-02 | Val Loss: 7.159e-01 | Time: 5.97s
2025-08-18 21:05:07,575:INFO:New best model found at epoch 750 with validation loss 7.159e-01. Saving...
2025-08-18 21:05:12,968:INFO:Epoch: 800/10000 | Train Loss: 6.157e-01 | Dynamic Loss: 6.050e-01 | Regularization Loss: 1.068e-02 | Val Loss: 6.913e-01 | Time: 5.38s
2025-08-18 21:05:12,968:INFO:New best model found at epoch 800 with validation loss 6.913e-01. Saving...
2025-08-18 21:05:22,886:INFO:Epoch: 850/10000 | Train Loss: 5.880e-01 | Dynamic Loss: 5.785e-01 | Regularization Loss: 9.462e-03 | Val Loss: 6.609e-01 | Time: 9.91s
2025-08-18 21:05:22,886:INFO:New best model found at epoch 850 with validation loss 6.609e-01. Saving...
2025-08-18 21:05:28,315:INFO:Epoch: 900/10000 | Train Loss: 5.660e-01 | Dynamic Loss: 5.576e-01 | Regularization Loss: 8.420e-03 | Val Loss: 6.432e-01 | Time: 5.42s
2025-08-18 21:05:28,315:INFO:New best model found at epoch 900 with validation loss 6.432e-01. Saving...
2025-08-18 21:05:35,237:INFO:Epoch: 950/10000 | Train Loss: 7.482e-01 | Dynamic Loss: 7.407e-01 | Regularization Loss: 7.522e-03 | Val Loss: 7.009e-01 | Time: 6.91s
2025-08-18 21:05:40,645:INFO:Epoch: 1000/10000 | Train Loss: 5.262e-01 | Dynamic Loss: 5.194e-01 | Regularization Loss: 6.743e-03 | Val Loss: 6.059e-01 | Time: 5.41s
2025-08-18 21:05:40,645:INFO:New best model found at epoch 1000 with validation loss 6.059e-01. Saving...
2025-08-18 21:05:46,159:INFO:Epoch: 1050/10000 | Train Loss: 5.156e-01 | Dynamic Loss: 5.095e-01 | Regularization Loss: 6.064e-03 | Val Loss: 5.942e-01 | Time: 5.50s
2025-08-18 21:05:46,159:INFO:New best model found at epoch 1050 with validation loss 5.942e-01. Saving...
2025-08-18 21:05:51,591:INFO:Epoch: 1100/10000 | Train Loss: 5.203e-01 | Dynamic Loss: 5.148e-01 | Regularization Loss: 5.468e-03 | Val Loss: 5.966e-01 | Time: 5.42s
2025-08-18 21:05:57,080:INFO:Epoch: 1150/10000 | Train Loss: 4.899e-01 | Dynamic Loss: 4.850e-01 | Regularization Loss: 4.944e-03 | Val Loss: 5.709e-01 | Time: 5.49s
2025-08-18 21:05:57,081:INFO:New best model found at epoch 1150 with validation loss 5.709e-01. Saving...
2025-08-18 21:06:02,489:INFO:Epoch: 1200/10000 | Train Loss: 5.735e-01 | Dynamic Loss: 5.691e-01 | Regularization Loss: 4.479e-03 | Val Loss: 5.975e-01 | Time: 5.40s
2025-08-18 21:06:07,915:INFO:Epoch: 1250/10000 | Train Loss: 4.656e-01 | Dynamic Loss: 4.616e-01 | Regularization Loss: 4.067e-03 | Val Loss: 5.532e-01 | Time: 5.43s
2025-08-18 21:06:07,915:INFO:New best model found at epoch 1250 with validation loss 5.532e-01. Saving...
2025-08-18 21:06:13,387:INFO:Epoch: 1300/10000 | Train Loss: 4.370e-01 | Dynamic Loss: 4.333e-01 | Regularization Loss: 3.699e-03 | Val Loss: 5.374e-01 | Time: 5.46s
2025-08-18 21:06:13,387:INFO:New best model found at epoch 1300 with validation loss 5.374e-01. Saving...
2025-08-18 21:06:18,948:INFO:Epoch: 1350/10000 | Train Loss: 4.262e-01 | Dynamic Loss: 4.229e-01 | Regularization Loss: 3.370e-03 | Val Loss: 5.200e-01 | Time: 5.55s
2025-08-18 21:06:18,948:INFO:New best model found at epoch 1350 with validation loss 5.200e-01. Saving...
2025-08-18 21:06:24,459:INFO:Epoch: 1400/10000 | Train Loss: 4.123e-01 | Dynamic Loss: 4.092e-01 | Regularization Loss: 3.075e-03 | Val Loss: 5.082e-01 | Time: 5.50s
2025-08-18 21:06:24,459:INFO:New best model found at epoch 1400 with validation loss 5.082e-01. Saving...
2025-08-18 21:06:29,965:INFO:Epoch: 1450/10000 | Train Loss: 4.208e-01 | Dynamic Loss: 4.179e-01 | Regularization Loss: 2.809e-03 | Val Loss: 5.102e-01 | Time: 5.50s
2025-08-18 21:06:35,455:INFO:Epoch: 1500/10000 | Train Loss: 3.903e-01 | Dynamic Loss: 3.877e-01 | Regularization Loss: 2.570e-03 | Val Loss: 4.886e-01 | Time: 5.49s
2025-08-18 21:06:35,455:INFO:New best model found at epoch 1500 with validation loss 4.886e-01. Saving...
2025-08-18 21:06:40,994:INFO:Epoch: 1550/10000 | Train Loss: 3.804e-01 | Dynamic Loss: 3.781e-01 | Regularization Loss: 2.353e-03 | Val Loss: 4.806e-01 | Time: 5.53s
2025-08-18 21:06:40,994:INFO:New best model found at epoch 1550 with validation loss 4.806e-01. Saving...
2025-08-18 21:06:46,403:INFO:Epoch: 1600/10000 | Train Loss: 4.319e-01 | Dynamic Loss: 4.297e-01 | Regularization Loss: 2.157e-03 | Val Loss: 5.257e-01 | Time: 5.40s
2025-08-18 21:06:51,824:INFO:Epoch: 1650/10000 | Train Loss: 3.639e-01 | Dynamic Loss: 3.619e-01 | Regularization Loss: 1.979e-03 | Val Loss: 4.621e-01 | Time: 5.42s
2025-08-18 21:06:51,824:INFO:New best model found at epoch 1650 with validation loss 4.621e-01. Saving...
2025-08-18 21:07:01,511:INFO:Epoch: 1700/10000 | Train Loss: 3.528e-01 | Dynamic Loss: 3.509e-01 | Regularization Loss: 1.818e-03 | Val Loss: 4.519e-01 | Time: 9.68s
2025-08-18 21:07:01,511:INFO:New best model found at epoch 1700 with validation loss 4.519e-01. Saving...
2025-08-18 21:07:07,016:INFO:Epoch: 1750/10000 | Train Loss: 3.532e-01 | Dynamic Loss: 3.515e-01 | Regularization Loss: 1.671e-03 | Val Loss: 4.499e-01 | Time: 5.50s
2025-08-18 21:07:07,016:INFO:New best model found at epoch 1750 with validation loss 4.499e-01. Saving...
2025-08-18 21:07:16,343:INFO:Epoch: 1800/10000 | Train Loss: 3.381e-01 | Dynamic Loss: 3.365e-01 | Regularization Loss: 1.537e-03 | Val Loss: 4.382e-01 | Time: 9.32s
2025-08-18 21:07:16,343:INFO:New best model found at epoch 1800 with validation loss 4.382e-01. Saving...
2025-08-18 21:07:21,835:INFO:Epoch: 1850/10000 | Train Loss: 3.301e-01 | Dynamic Loss: 3.287e-01 | Regularization Loss: 1.414e-03 | Val Loss: 4.293e-01 | Time: 5.48s
2025-08-18 21:07:21,835:INFO:New best model found at epoch 1850 with validation loss 4.293e-01. Saving...
2025-08-18 21:07:27,417:INFO:Epoch: 1900/10000 | Train Loss: 3.527e-01 | Dynamic Loss: 3.514e-01 | Regularization Loss: 1.303e-03 | Val Loss: 4.413e-01 | Time: 5.57s
2025-08-18 21:07:32,858:INFO:Epoch: 1950/10000 | Train Loss: 3.294e-01 | Dynamic Loss: 3.282e-01 | Regularization Loss: 1.200e-03 | Val Loss: 4.199e-01 | Time: 5.44s
2025-08-18 21:07:32,858:INFO:New best model found at epoch 1950 with validation loss 4.199e-01. Saving...
2025-08-18 21:07:38,343:INFO:Epoch: 2000/10000 | Train Loss: 3.160e-01 | Dynamic Loss: 3.149e-01 | Regularization Loss: 1.107e-03 | Val Loss: 4.092e-01 | Time: 5.48s
2025-08-18 21:07:38,343:INFO:New best model found at epoch 2000 with validation loss 4.092e-01. Saving...
2025-08-18 21:07:43,816:INFO:Epoch: 2050/10000 | Train Loss: 3.056e-01 | Dynamic Loss: 3.046e-01 | Regularization Loss: 1.021e-03 | Val Loss: 4.024e-01 | Time: 5.46s
2025-08-18 21:07:43,816:INFO:New best model found at epoch 2050 with validation loss 4.024e-01. Saving...
2025-08-18 21:07:49,326:INFO:Epoch: 2100/10000 | Train Loss: 3.034e-01 | Dynamic Loss: 3.025e-01 | Regularization Loss: 9.419e-04 | Val Loss: 3.979e-01 | Time: 5.50s
2025-08-18 21:07:49,326:INFO:New best model found at epoch 2100 with validation loss 3.979e-01. Saving...
2025-08-18 21:07:54,792:INFO:Epoch: 2150/10000 | Train Loss: 2.960e-01 | Dynamic Loss: 2.951e-01 | Regularization Loss: 8.695e-04 | Val Loss: 3.888e-01 | Time: 5.46s
2025-08-18 21:07:54,792:INFO:New best model found at epoch 2150 with validation loss 3.888e-01. Saving...
2025-08-18 21:08:00,349:INFO:Epoch: 2200/10000 | Train Loss: 3.096e-01 | Dynamic Loss: 3.088e-01 | Regularization Loss: 8.030e-04 | Val Loss: 3.925e-01 | Time: 5.55s
2025-08-18 21:08:05,779:INFO:Epoch: 2250/10000 | Train Loss: 3.419e-01 | Dynamic Loss: 3.411e-01 | Regularization Loss: 7.418e-04 | Val Loss: 4.359e-01 | Time: 5.43s
2025-08-18 21:08:11,349:INFO:Epoch: 2300/10000 | Train Loss: 4.125e-01 | Dynamic Loss: 4.119e-01 | Regularization Loss: 6.855e-04 | Val Loss: 5.011e-01 | Time: 5.57s
2025-08-18 21:08:16,844:INFO:Epoch: 2350/10000 | Train Loss: 2.914e-01 | Dynamic Loss: 2.908e-01 | Regularization Loss: 6.336e-04 | Val Loss: 3.801e-01 | Time: 5.49s
2025-08-18 21:08:16,844:INFO:New best model found at epoch 2350 with validation loss 3.801e-01. Saving...
2025-08-18 21:08:22,482:INFO:Epoch: 2400/10000 | Train Loss: 2.759e-01 | Dynamic Loss: 2.753e-01 | Regularization Loss: 5.859e-04 | Val Loss: 3.656e-01 | Time: 5.63s
2025-08-18 21:08:22,482:INFO:New best model found at epoch 2400 with validation loss 3.656e-01. Saving...
2025-08-18 21:08:28,008:INFO:Epoch: 2450/10000 | Train Loss: 4.723e-01 | Dynamic Loss: 4.718e-01 | Regularization Loss: 5.418e-04 | Val Loss: 4.909e-01 | Time: 5.52s
2025-08-18 21:08:33,595:INFO:Epoch: 2500/10000 | Train Loss: 2.658e-01 | Dynamic Loss: 2.653e-01 | Regularization Loss: 5.012e-04 | Val Loss: 3.623e-01 | Time: 5.59s
2025-08-18 21:08:33,595:INFO:New best model found at epoch 2500 with validation loss 3.623e-01. Saving...
2025-08-18 21:08:39,108:INFO:Epoch: 2550/10000 | Train Loss: 2.439e-01 | Dynamic Loss: 2.434e-01 | Regularization Loss: 4.638e-04 | Val Loss: 3.458e-01 | Time: 5.50s
2025-08-18 21:08:39,108:INFO:New best model found at epoch 2550 with validation loss 3.458e-01. Saving...
2025-08-18 21:08:44,704:INFO:Epoch: 2600/10000 | Train Loss: 2.388e-01 | Dynamic Loss: 2.384e-01 | Regularization Loss: 4.292e-04 | Val Loss: 3.408e-01 | Time: 5.59s
2025-08-18 21:08:44,704:INFO:New best model found at epoch 2600 with validation loss 3.408e-01. Saving...
2025-08-18 21:08:50,174:INFO:Epoch: 2650/10000 | Train Loss: 2.369e-01 | Dynamic Loss: 2.366e-01 | Regularization Loss: 3.973e-04 | Val Loss: 3.382e-01 | Time: 5.46s
2025-08-18 21:08:50,175:INFO:New best model found at epoch 2650 with validation loss 3.382e-01. Saving...
2025-08-18 21:08:55,775:INFO:Epoch: 2700/10000 | Train Loss: 2.338e-01 | Dynamic Loss: 2.335e-01 | Regularization Loss: 3.678e-04 | Val Loss: 3.318e-01 | Time: 5.59s
2025-08-18 21:08:55,775:INFO:New best model found at epoch 2700 with validation loss 3.318e-01. Saving...
2025-08-18 21:09:01,303:INFO:Epoch: 2750/10000 | Train Loss: 2.026e-01 | Dynamic Loss: 2.022e-01 | Regularization Loss: 3.405e-04 | Val Loss: 3.174e-01 | Time: 5.52s
2025-08-18 21:09:01,303:INFO:New best model found at epoch 2750 with validation loss 3.174e-01. Saving...
2025-08-18 21:09:06,863:INFO:Epoch: 2800/10000 | Train Loss: 2.537e-01 | Dynamic Loss: 2.534e-01 | Regularization Loss: 3.153e-04 | Val Loss: 3.890e-01 | Time: 5.55s
2025-08-18 21:09:12,360:INFO:Epoch: 2850/10000 | Train Loss: 2.662e-01 | Dynamic Loss: 2.659e-01 | Regularization Loss: 2.920e-04 | Val Loss: 3.562e-01 | Time: 5.50s
2025-08-18 21:09:17,826:INFO:Epoch: 2900/10000 | Train Loss: 1.783e-01 | Dynamic Loss: 1.780e-01 | Regularization Loss: 2.705e-04 | Val Loss: 2.899e-01 | Time: 5.47s
2025-08-18 21:09:17,826:INFO:New best model found at epoch 2900 with validation loss 2.899e-01. Saving...
2025-08-18 21:09:25,454:INFO:Epoch: 2950/10000 | Train Loss: 1.892e-01 | Dynamic Loss: 1.889e-01 | Regularization Loss: 2.506e-04 | Val Loss: 2.924e-01 | Time: 7.62s
2025-08-18 21:09:31,012:INFO:Epoch: 3000/10000 | Train Loss: 1.655e-01 | Dynamic Loss: 1.652e-01 | Regularization Loss: 2.322e-04 | Val Loss: 2.780e-01 | Time: 5.56s
2025-08-18 21:09:31,012:INFO:New best model found at epoch 3000 with validation loss 2.780e-01. Saving...
2025-08-18 21:09:38,995:INFO:Epoch: 3050/10000 | Train Loss: 1.677e-01 | Dynamic Loss: 1.674e-01 | Regularization Loss: 2.151e-04 | Val Loss: 2.786e-01 | Time: 7.97s
2025-08-18 21:09:44,476:INFO:Epoch: 3100/10000 | Train Loss: 1.658e-01 | Dynamic Loss: 1.656e-01 | Regularization Loss: 1.993e-04 | Val Loss: 2.786e-01 | Time: 5.48s
2025-08-18 21:09:52,324:INFO:Epoch: 3150/10000 | Train Loss: 1.605e-01 | Dynamic Loss: 1.603e-01 | Regularization Loss: 1.847e-04 | Val Loss: 2.694e-01 | Time: 7.85s
2025-08-18 21:09:52,324:INFO:New best model found at epoch 3150 with validation loss 2.694e-01. Saving...
2025-08-18 21:09:57,859:INFO:Epoch: 3200/10000 | Train Loss: 1.666e-01 | Dynamic Loss: 1.664e-01 | Regularization Loss: 1.712e-04 | Val Loss: 2.824e-01 | Time: 5.53s
2025-08-18 21:10:09,974:INFO:Epoch: 3250/10000 | Train Loss: 1.603e-01 | Dynamic Loss: 1.602e-01 | Regularization Loss: 1.587e-04 | Val Loss: 2.707e-01 | Time: 12.11s
2025-08-18 21:10:15,478:INFO:Epoch: 3300/10000 | Train Loss: 1.511e-01 | Dynamic Loss: 1.510e-01 | Regularization Loss: 1.471e-04 | Val Loss: 2.654e-01 | Time: 5.50s
2025-08-18 21:10:15,478:INFO:New best model found at epoch 3300 with validation loss 2.654e-01. Saving...
2025-08-18 21:10:24,999:INFO:Epoch: 3350/10000 | Train Loss: 1.570e-01 | Dynamic Loss: 1.569e-01 | Regularization Loss: 1.364e-04 | Val Loss: 2.678e-01 | Time: 9.51s
2025-08-18 21:10:30,570:INFO:Epoch: 3400/10000 | Train Loss: 1.639e-01 | Dynamic Loss: 1.638e-01 | Regularization Loss: 1.264e-04 | Val Loss: 2.791e-01 | Time: 5.57s
2025-08-18 21:10:36,113:INFO:Epoch: 3450/10000 | Train Loss: 1.410e-01 | Dynamic Loss: 1.409e-01 | Regularization Loss: 1.172e-04 | Val Loss: 2.549e-01 | Time: 5.54s
2025-08-18 21:10:36,113:INFO:New best model found at epoch 3450 with validation loss 2.549e-01. Saving...
2025-08-18 21:10:41,662:INFO:Epoch: 3500/10000 | Train Loss: 1.496e-01 | Dynamic Loss: 1.495e-01 | Regularization Loss: 1.086e-04 | Val Loss: 2.594e-01 | Time: 5.54s
2025-08-18 21:10:50,115:INFO:Epoch: 3550/10000 | Train Loss: 1.598e-01 | Dynamic Loss: 1.597e-01 | Regularization Loss: 1.007e-04 | Val Loss: 2.874e-01 | Time: 8.45s
2025-08-18 21:10:55,630:INFO:Epoch: 3600/10000 | Train Loss: 1.565e-01 | Dynamic Loss: 1.564e-01 | Regularization Loss: 9.341e-05 | Val Loss: 2.659e-01 | Time: 5.52s
2025-08-18 21:11:01,204:INFO:Epoch: 3650/10000 | Train Loss: 1.325e-01 | Dynamic Loss: 1.324e-01 | Regularization Loss: 8.661e-05 | Val Loss: 2.481e-01 | Time: 5.57s
2025-08-18 21:11:01,204:INFO:New best model found at epoch 3650 with validation loss 2.481e-01. Saving...
2025-08-18 21:11:06,778:INFO:Epoch: 3700/10000 | Train Loss: 1.416e-01 | Dynamic Loss: 1.415e-01 | Regularization Loss: 8.031e-05 | Val Loss: 2.516e-01 | Time: 5.56s
2025-08-18 21:11:12,339:INFO:Epoch: 3750/10000 | Train Loss: 1.317e-01 | Dynamic Loss: 1.316e-01 | Regularization Loss: 7.447e-05 | Val Loss: 2.432e-01 | Time: 5.56s
2025-08-18 21:11:12,339:INFO:New best model found at epoch 3750 with validation loss 2.432e-01. Saving...
2025-08-18 21:11:17,899:INFO:Epoch: 3800/10000 | Train Loss: 1.280e-01 | Dynamic Loss: 1.279e-01 | Regularization Loss: 6.906e-05 | Val Loss: 2.430e-01 | Time: 5.55s
2025-08-18 21:11:17,900:INFO:New best model found at epoch 3800 with validation loss 2.430e-01. Saving...
2025-08-18 21:11:26,422:INFO:Epoch: 3850/10000 | Train Loss: 1.216e-01 | Dynamic Loss: 1.216e-01 | Regularization Loss: 6.405e-05 | Val Loss: 2.375e-01 | Time: 8.51s
2025-08-18 21:11:26,422:INFO:New best model found at epoch 3850 with validation loss 2.375e-01. Saving...
2025-08-18 21:11:32,011:INFO:Epoch: 3900/10000 | Train Loss: 1.289e-01 | Dynamic Loss: 1.288e-01 | Regularization Loss: 5.940e-05 | Val Loss: 2.397e-01 | Time: 5.58s
2025-08-18 21:11:42,282:INFO:Epoch: 3950/10000 | Train Loss: 1.182e-01 | Dynamic Loss: 1.182e-01 | Regularization Loss: 5.508e-05 | Val Loss: 2.368e-01 | Time: 10.27s
2025-08-18 21:11:42,282:INFO:New best model found at epoch 3950 with validation loss 2.368e-01. Saving...
2025-08-18 21:11:47,813:INFO:Epoch: 4000/10000 | Train Loss: 1.299e-01 | Dynamic Loss: 1.299e-01 | Regularization Loss: 5.108e-05 | Val Loss: 2.445e-01 | Time: 5.52s
2025-08-18 21:11:59,850:INFO:Epoch: 4050/10000 | Train Loss: 1.218e-01 | Dynamic Loss: 1.217e-01 | Regularization Loss: 4.738e-05 | Val Loss: 2.331e-01 | Time: 12.04s
2025-08-18 21:11:59,850:INFO:New best model found at epoch 4050 with validation loss 2.331e-01. Saving...
2025-08-18 21:12:05,470:INFO:Epoch: 4100/10000 | Train Loss: 1.261e-01 | Dynamic Loss: 1.261e-01 | Regularization Loss: 4.395e-05 | Val Loss: 2.456e-01 | Time: 5.61s
2025-08-18 21:12:13,681:INFO:Epoch: 4150/10000 | Train Loss: 1.103e-01 | Dynamic Loss: 1.103e-01 | Regularization Loss: 4.076e-05 | Val Loss: 2.278e-01 | Time: 8.21s
2025-08-18 21:12:13,681:INFO:New best model found at epoch 4150 with validation loss 2.278e-01. Saving...
2025-08-18 21:12:19,210:INFO:Epoch: 4200/10000 | Train Loss: 1.099e-01 | Dynamic Loss: 1.099e-01 | Regularization Loss: 3.781e-05 | Val Loss: 2.247e-01 | Time: 5.52s
2025-08-18 21:12:19,210:INFO:New best model found at epoch 4200 with validation loss 2.247e-01. Saving...
2025-08-18 21:12:28,085:INFO:Epoch: 4250/10000 | Train Loss: 1.117e-01 | Dynamic Loss: 1.117e-01 | Regularization Loss: 3.507e-05 | Val Loss: 2.279e-01 | Time: 8.86s
2025-08-18 21:12:33,615:INFO:Epoch: 4300/10000 | Train Loss: 1.046e-01 | Dynamic Loss: 1.046e-01 | Regularization Loss: 3.253e-05 | Val Loss: 2.228e-01 | Time: 5.53s
2025-08-18 21:12:33,615:INFO:New best model found at epoch 4300 with validation loss 2.228e-01. Saving...
2025-08-18 21:12:43,389:INFO:Epoch: 4350/10000 | Train Loss: 1.171e-01 | Dynamic Loss: 1.171e-01 | Regularization Loss: 3.017e-05 | Val Loss: 2.413e-01 | Time: 9.77s
2025-08-18 21:12:48,941:INFO:Epoch: 4400/10000 | Train Loss: 1.076e-01 | Dynamic Loss: 1.076e-01 | Regularization Loss: 2.798e-05 | Val Loss: 2.230e-01 | Time: 5.55s
2025-08-18 21:12:54,586:INFO:Epoch: 4450/10000 | Train Loss: 1.104e-01 | Dynamic Loss: 1.103e-01 | Regularization Loss: 2.595e-05 | Val Loss: 2.292e-01 | Time: 5.64s
2025-08-18 21:13:00,165:INFO:Epoch: 4500/10000 | Train Loss: 1.024e-01 | Dynamic Loss: 1.024e-01 | Regularization Loss: 2.408e-05 | Val Loss: 2.170e-01 | Time: 5.58s
2025-08-18 21:13:00,165:INFO:New best model found at epoch 4500 with validation loss 2.170e-01. Saving...
2025-08-18 21:13:05,811:INFO:Epoch: 4550/10000 | Train Loss: 1.062e-01 | Dynamic Loss: 1.062e-01 | Regularization Loss: 2.233e-05 | Val Loss: 2.226e-01 | Time: 5.64s
2025-08-18 21:13:11,408:INFO:Epoch: 4600/10000 | Train Loss: 1.001e-01 | Dynamic Loss: 1.001e-01 | Regularization Loss: 2.072e-05 | Val Loss: 2.178e-01 | Time: 5.60s
2025-08-18 21:13:17,018:INFO:Epoch: 4650/10000 | Train Loss: 1.017e-01 | Dynamic Loss: 1.017e-01 | Regularization Loss: 1.922e-05 | Val Loss: 2.190e-01 | Time: 5.61s
2025-08-18 21:13:22,604:INFO:Epoch: 4700/10000 | Train Loss: 1.034e-01 | Dynamic Loss: 1.034e-01 | Regularization Loss: 1.783e-05 | Val Loss: 2.192e-01 | Time: 5.59s
2025-08-18 21:13:28,253:INFO:Epoch: 4750/10000 | Train Loss: 1.048e-01 | Dynamic Loss: 1.048e-01 | Regularization Loss: 1.654e-05 | Val Loss: 2.283e-01 | Time: 5.65s
2025-08-18 21:13:33,855:INFO:Epoch: 4800/10000 | Train Loss: 9.233e-02 | Dynamic Loss: 9.231e-02 | Regularization Loss: 1.534e-05 | Val Loss: 2.120e-01 | Time: 5.60s
2025-08-18 21:13:33,855:INFO:New best model found at epoch 4800 with validation loss 2.120e-01. Saving...
2025-08-18 21:13:39,551:INFO:Epoch: 4850/10000 | Train Loss: 9.136e-02 | Dynamic Loss: 9.134e-02 | Regularization Loss: 1.423e-05 | Val Loss: 2.122e-01 | Time: 5.69s
2025-08-18 21:13:45,162:INFO:Epoch: 4900/10000 | Train Loss: 9.701e-02 | Dynamic Loss: 9.700e-02 | Regularization Loss: 1.320e-05 | Val Loss: 2.150e-01 | Time: 5.61s
2025-08-18 21:13:54,129:INFO:Epoch: 4950/10000 | Train Loss: 9.477e-02 | Dynamic Loss: 9.476e-02 | Regularization Loss: 1.225e-05 | Val Loss: 2.132e-01 | Time: 8.97s
2025-08-18 21:13:59,675:INFO:Epoch: 5000/10000 | Train Loss: 9.648e-02 | Dynamic Loss: 9.647e-02 | Regularization Loss: 1.136e-05 | Val Loss: 2.188e-01 | Time: 5.55s
2025-08-18 21:14:08,888:INFO:Epoch: 5050/10000 | Train Loss: 1.263e-01 | Dynamic Loss: 1.263e-01 | Regularization Loss: 1.054e-05 | Val Loss: 2.325e-01 | Time: 9.21s
2025-08-18 21:14:14,485:INFO:Epoch: 5100/10000 | Train Loss: 8.684e-02 | Dynamic Loss: 8.683e-02 | Regularization Loss: 9.775e-06 | Val Loss: 2.100e-01 | Time: 5.60s
2025-08-18 21:14:14,485:INFO:New best model found at epoch 5100 with validation loss 2.100e-01. Saving...
2025-08-18 21:14:20,171:INFO:Epoch: 5150/10000 | Train Loss: 8.331e-02 | Dynamic Loss: 8.330e-02 | Regularization Loss: 9.069e-06 | Val Loss: 2.071e-01 | Time: 5.68s
2025-08-18 21:14:20,171:INFO:New best model found at epoch 5150 with validation loss 2.071e-01. Saving...
2025-08-18 21:14:25,825:INFO:Epoch: 5200/10000 | Train Loss: 1.135e-01 | Dynamic Loss: 1.135e-01 | Regularization Loss: 8.413e-06 | Val Loss: 2.437e-01 | Time: 5.65s
2025-08-18 21:14:31,493:INFO:Epoch: 5250/10000 | Train Loss: 8.412e-02 | Dynamic Loss: 8.411e-02 | Regularization Loss: 7.805e-06 | Val Loss: 2.088e-01 | Time: 5.67s
2025-08-18 21:14:37,043:INFO:Epoch: 5300/10000 | Train Loss: 9.504e-02 | Dynamic Loss: 9.504e-02 | Regularization Loss: 7.241e-06 | Val Loss: 2.169e-01 | Time: 5.55s
2025-08-18 21:14:45,419:INFO:Epoch: 5350/10000 | Train Loss: 9.775e-02 | Dynamic Loss: 9.775e-02 | Regularization Loss: 6.717e-06 | Val Loss: 2.350e-01 | Time: 8.38s
2025-08-18 21:14:51,026:INFO:Epoch: 5400/10000 | Train Loss: 1.001e-01 | Dynamic Loss: 1.001e-01 | Regularization Loss: 6.232e-06 | Val Loss: 2.248e-01 | Time: 5.61s
2025-08-18 21:14:56,757:INFO:Epoch: 5450/10000 | Train Loss: 7.981e-02 | Dynamic Loss: 7.981e-02 | Regularization Loss: 5.781e-06 | Val Loss: 2.093e-01 | Time: 5.73s
2025-08-18 21:15:02,463:INFO:Epoch: 5500/10000 | Train Loss: 7.673e-02 | Dynamic Loss: 7.673e-02 | Regularization Loss: 5.363e-06 | Val Loss: 2.041e-01 | Time: 5.71s
2025-08-18 21:15:02,463:INFO:New best model found at epoch 5500 with validation loss 2.041e-01. Saving...
2025-08-18 21:15:12,126:INFO:Epoch: 5550/10000 | Train Loss: 7.452e-02 | Dynamic Loss: 7.451e-02 | Regularization Loss: 4.976e-06 | Val Loss: 2.029e-01 | Time: 9.65s
2025-08-18 21:15:12,126:INFO:New best model found at epoch 5550 with validation loss 2.029e-01. Saving...
2025-08-18 21:15:17,746:INFO:Epoch: 5600/10000 | Train Loss: 8.153e-02 | Dynamic Loss: 8.152e-02 | Regularization Loss: 4.616e-06 | Val Loss: 2.089e-01 | Time: 5.61s
2025-08-18 21:15:27,621:INFO:Epoch: 5650/10000 | Train Loss: 7.568e-02 | Dynamic Loss: 7.567e-02 | Regularization Loss: 4.282e-06 | Val Loss: 2.046e-01 | Time: 9.88s
2025-08-18 21:15:33,293:INFO:Epoch: 5700/10000 | Train Loss: 7.650e-02 | Dynamic Loss: 7.649e-02 | Regularization Loss: 3.973e-06 | Val Loss: 2.073e-01 | Time: 5.67s
2025-08-18 21:15:42,936:INFO:Epoch: 5750/10000 | Train Loss: 7.559e-02 | Dynamic Loss: 7.559e-02 | Regularization Loss: 3.685e-06 | Val Loss: 2.121e-01 | Time: 9.64s
2025-08-18 21:15:48,638:INFO:Epoch: 5800/10000 | Train Loss: 7.601e-02 | Dynamic Loss: 7.601e-02 | Regularization Loss: 3.419e-06 | Val Loss: 2.016e-01 | Time: 5.70s
2025-08-18 21:15:48,638:INFO:New best model found at epoch 5800 with validation loss 2.016e-01. Saving...
2025-08-18 21:16:00,188:INFO:Epoch: 5850/10000 | Train Loss: 7.290e-02 | Dynamic Loss: 7.289e-02 | Regularization Loss: 3.172e-06 | Val Loss: 2.014e-01 | Time: 11.54s
2025-08-18 21:16:00,188:INFO:New best model found at epoch 5850 with validation loss 2.014e-01. Saving...
2025-08-18 21:16:05,842:INFO:Epoch: 5900/10000 | Train Loss: 6.802e-02 | Dynamic Loss: 6.802e-02 | Regularization Loss: 2.943e-06 | Val Loss: 2.004e-01 | Time: 5.64s
2025-08-18 21:16:05,842:INFO:New best model found at epoch 5900 with validation loss 2.004e-01. Saving...
2025-08-18 21:16:14,097:INFO:Epoch: 5950/10000 | Train Loss: 1.423e-01 | Dynamic Loss: 1.423e-01 | Regularization Loss: 2.730e-06 | Val Loss: 2.226e-01 | Time: 8.25s
2025-08-18 21:16:19,702:INFO:Epoch: 6000/10000 | Train Loss: 7.201e-02 | Dynamic Loss: 7.201e-02 | Regularization Loss: 2.533e-06 | Val Loss: 2.002e-01 | Time: 5.60s
2025-08-18 21:16:19,702:INFO:New best model found at epoch 6000 with validation loss 2.002e-01. Saving...
2025-08-18 21:16:30,710:INFO:Epoch: 6050/10000 | Train Loss: 7.301e-02 | Dynamic Loss: 7.301e-02 | Regularization Loss: 2.349e-06 | Val Loss: 2.017e-01 | Time: 11.00s
2025-08-18 21:16:36,162:INFO:Epoch: 6100/10000 | Train Loss: 6.243e-02 | Dynamic Loss: 6.242e-02 | Regularization Loss: 2.180e-06 | Val Loss: 1.949e-01 | Time: 5.45s
2025-08-18 21:16:36,162:INFO:New best model found at epoch 6100 with validation loss 1.949e-01. Saving...
2025-08-18 21:16:41,553:INFO:Epoch: 6150/10000 | Train Loss: 6.610e-02 | Dynamic Loss: 6.610e-02 | Regularization Loss: 2.022e-06 | Val Loss: 2.003e-01 | Time: 5.38s
2025-08-18 21:16:53,041:INFO:Epoch: 6200/10000 | Train Loss: 6.134e-02 | Dynamic Loss: 6.134e-02 | Regularization Loss: 1.876e-06 | Val Loss: 1.936e-01 | Time: 11.49s
2025-08-18 21:16:53,041:INFO:New best model found at epoch 6200 with validation loss 1.936e-01. Saving...
2025-08-18 21:16:58,464:INFO:Epoch: 6250/10000 | Train Loss: 6.456e-02 | Dynamic Loss: 6.456e-02 | Regularization Loss: 1.740e-06 | Val Loss: 1.976e-01 | Time: 5.41s
2025-08-18 21:17:03,850:INFO:Epoch: 6300/10000 | Train Loss: 5.907e-02 | Dynamic Loss: 5.907e-02 | Regularization Loss: 1.614e-06 | Val Loss: 1.933e-01 | Time: 5.39s
2025-08-18 21:17:03,850:INFO:New best model found at epoch 6300 with validation loss 1.933e-01. Saving...
2025-08-18 21:17:13,836:INFO:Epoch: 6350/10000 | Train Loss: 6.098e-02 | Dynamic Loss: 6.098e-02 | Regularization Loss: 1.498e-06 | Val Loss: 1.951e-01 | Time: 9.98s
2025-08-18 21:17:19,260:INFO:Epoch: 6400/10000 | Train Loss: 1.061e-01 | Dynamic Loss: 1.061e-01 | Regularization Loss: 1.389e-06 | Val Loss: 2.130e-01 | Time: 5.42s
2025-08-18 21:17:24,704:INFO:Epoch: 6450/10000 | Train Loss: 6.998e-02 | Dynamic Loss: 6.998e-02 | Regularization Loss: 1.289e-06 | Val Loss: 1.965e-01 | Time: 5.44s
2025-08-18 21:17:36,279:INFO:Epoch: 6500/10000 | Train Loss: 6.213e-02 | Dynamic Loss: 6.213e-02 | Regularization Loss: 1.196e-06 | Val Loss: 1.961e-01 | Time: 11.58s
2025-08-18 21:17:41,743:INFO:Epoch: 6550/10000 | Train Loss: 6.529e-02 | Dynamic Loss: 6.529e-02 | Regularization Loss: 1.109e-06 | Val Loss: 1.948e-01 | Time: 5.46s
2025-08-18 21:17:47,213:INFO:Epoch: 6600/10000 | Train Loss: 5.328e-02 | Dynamic Loss: 5.328e-02 | Regularization Loss: 1.029e-06 | Val Loss: 1.879e-01 | Time: 5.47s
2025-08-18 21:17:47,213:INFO:New best model found at epoch 6600 with validation loss 1.879e-01. Saving...
2025-08-18 21:17:52,645:INFO:Epoch: 6650/10000 | Train Loss: 5.651e-02 | Dynamic Loss: 5.651e-02 | Regularization Loss: 9.548e-07 | Val Loss: 1.909e-01 | Time: 5.41s
2025-08-18 21:17:58,107:INFO:Epoch: 6700/10000 | Train Loss: 5.438e-02 | Dynamic Loss: 5.438e-02 | Regularization Loss: 8.858e-07 | Val Loss: 1.915e-01 | Time: 5.46s
2025-08-18 21:18:03,590:INFO:Epoch: 6750/10000 | Train Loss: 5.685e-02 | Dynamic Loss: 5.685e-02 | Regularization Loss: 8.218e-07 | Val Loss: 1.905e-01 | Time: 5.48s
2025-08-18 21:18:09,045:INFO:Epoch: 6800/10000 | Train Loss: 1.145e-01 | Dynamic Loss: 1.145e-01 | Regularization Loss: 7.624e-07 | Val Loss: 2.480e-01 | Time: 5.45s
2025-08-18 21:18:14,475:INFO:Epoch: 6850/10000 | Train Loss: 6.200e-02 | Dynamic Loss: 6.200e-02 | Regularization Loss: 7.073e-07 | Val Loss: 1.938e-01 | Time: 5.43s
2025-08-18 21:18:22,740:INFO:Epoch: 6900/10000 | Train Loss: 5.965e-02 | Dynamic Loss: 5.965e-02 | Regularization Loss: 6.561e-07 | Val Loss: 1.979e-01 | Time: 8.26s
2025-08-18 21:18:28,249:INFO:Epoch: 6950/10000 | Train Loss: 5.116e-02 | Dynamic Loss: 5.116e-02 | Regularization Loss: 6.087e-07 | Val Loss: 1.865e-01 | Time: 5.51s
2025-08-18 21:18:28,250:INFO:New best model found at epoch 6950 with validation loss 1.865e-01. Saving...
2025-08-18 21:18:33,709:INFO:Epoch: 7000/10000 | Train Loss: 5.241e-02 | Dynamic Loss: 5.241e-02 | Regularization Loss: 5.647e-07 | Val Loss: 1.868e-01 | Time: 5.45s
2025-08-18 21:18:44,957:INFO:Epoch: 7050/10000 | Train Loss: 4.860e-02 | Dynamic Loss: 4.860e-02 | Regularization Loss: 5.239e-07 | Val Loss: 1.845e-01 | Time: 11.25s
2025-08-18 21:18:44,957:INFO:New best model found at epoch 7050 with validation loss 1.845e-01. Saving...
2025-08-18 21:18:50,418:INFO:Epoch: 7100/10000 | Train Loss: 4.891e-02 | Dynamic Loss: 4.891e-02 | Regularization Loss: 4.860e-07 | Val Loss: 1.845e-01 | Time: 5.45s
2025-08-18 21:18:50,418:INFO:New best model found at epoch 7100 with validation loss 1.845e-01. Saving...
2025-08-18 21:18:55,803:INFO:Epoch: 7150/10000 | Train Loss: 5.291e-02 | Dynamic Loss: 5.291e-02 | Regularization Loss: 4.509e-07 | Val Loss: 1.844e-01 | Time: 5.38s
2025-08-18 21:18:55,803:INFO:New best model found at epoch 7150 with validation loss 1.844e-01. Saving...
2025-08-18 21:19:06,102:INFO:Epoch: 7200/10000 | Train Loss: 5.936e-02 | Dynamic Loss: 5.936e-02 | Regularization Loss: 4.183e-07 | Val Loss: 1.980e-01 | Time: 10.29s
2025-08-18 21:19:11,568:INFO:Epoch: 7250/10000 | Train Loss: 5.372e-02 | Dynamic Loss: 5.372e-02 | Regularization Loss: 3.880e-07 | Val Loss: 1.907e-01 | Time: 5.47s
2025-08-18 21:19:17,005:INFO:Epoch: 7300/10000 | Train Loss: 4.777e-02 | Dynamic Loss: 4.777e-02 | Regularization Loss: 3.600e-07 | Val Loss: 1.849e-01 | Time: 5.44s
2025-08-18 21:19:28,837:INFO:Epoch: 7350/10000 | Train Loss: 4.778e-02 | Dynamic Loss: 4.778e-02 | Regularization Loss: 3.340e-07 | Val Loss: 1.837e-01 | Time: 11.83s
2025-08-18 21:19:28,838:INFO:New best model found at epoch 7350 with validation loss 1.837e-01. Saving...
2025-08-18 21:19:34,332:INFO:Epoch: 7400/10000 | Train Loss: 4.704e-02 | Dynamic Loss: 4.704e-02 | Regularization Loss: 3.098e-07 | Val Loss: 1.850e-01 | Time: 5.49s
2025-08-18 21:19:39,742:INFO:Epoch: 7450/10000 | Train Loss: 5.680e-02 | Dynamic Loss: 5.680e-02 | Regularization Loss: 2.874e-07 | Val Loss: 1.940e-01 | Time: 5.41s
2025-08-18 21:19:52,061:INFO:Epoch: 7500/10000 | Train Loss: 5.454e-02 | Dynamic Loss: 5.454e-02 | Regularization Loss: 2.667e-07 | Val Loss: 1.931e-01 | Time: 12.32s
2025-08-18 21:19:57,622:INFO:Epoch: 7550/10000 | Train Loss: 5.936e-02 | Dynamic Loss: 5.936e-02 | Regularization Loss: 2.474e-07 | Val Loss: 1.880e-01 | Time: 5.56s
2025-08-18 21:20:03,409:INFO:Epoch: 7600/10000 | Train Loss: 8.549e-02 | Dynamic Loss: 8.549e-02 | Regularization Loss: 2.295e-07 | Val Loss: 1.994e-01 | Time: 5.79s
2025-08-18 21:20:15,592:INFO:Epoch: 7650/10000 | Train Loss: 6.545e-02 | Dynamic Loss: 6.545e-02 | Regularization Loss: 2.129e-07 | Val Loss: 1.980e-01 | Time: 12.18s
2025-08-18 21:20:21,309:INFO:Epoch: 7700/10000 | Train Loss: 4.787e-02 | Dynamic Loss: 4.787e-02 | Regularization Loss: 1.975e-07 | Val Loss: 1.885e-01 | Time: 5.72s
2025-08-18 21:20:26,779:INFO:Epoch: 7750/10000 | Train Loss: 4.179e-02 | Dynamic Loss: 4.179e-02 | Regularization Loss: 1.833e-07 | Val Loss: 1.820e-01 | Time: 5.47s
2025-08-18 21:20:26,779:INFO:New best model found at epoch 7750 with validation loss 1.820e-01. Saving...
2025-08-18 21:20:32,230:INFO:Epoch: 7800/10000 | Train Loss: 4.938e-02 | Dynamic Loss: 4.938e-02 | Regularization Loss: 1.700e-07 | Val Loss: 1.858e-01 | Time: 5.44s
2025-08-18 21:20:37,688:INFO:Epoch: 7850/10000 | Train Loss: 4.865e-02 | Dynamic Loss: 4.865e-02 | Regularization Loss: 1.577e-07 | Val Loss: 1.872e-01 | Time: 5.46s
2025-08-18 21:20:43,180:INFO:Epoch: 7900/10000 | Train Loss: 4.792e-02 | Dynamic Loss: 4.792e-02 | Regularization Loss: 1.463e-07 | Val Loss: 1.829e-01 | Time: 5.49s
2025-08-18 21:20:48,618:INFO:Epoch: 7950/10000 | Train Loss: 6.118e-02 | Dynamic Loss: 6.118e-02 | Regularization Loss: 1.357e-07 | Val Loss: 2.061e-01 | Time: 5.44s
2025-08-18 21:20:54,058:INFO:Epoch: 8000/10000 | Train Loss: 4.714e-02 | Dynamic Loss: 4.714e-02 | Regularization Loss: 1.259e-07 | Val Loss: 1.904e-01 | Time: 5.44s
2025-08-18 21:21:05,944:INFO:Epoch: 8050/10000 | Train Loss: 4.492e-02 | Dynamic Loss: 4.492e-02 | Regularization Loss: 1.168e-07 | Val Loss: 1.827e-01 | Time: 11.89s
2025-08-18 21:21:11,458:INFO:Epoch: 8100/10000 | Train Loss: 3.864e-02 | Dynamic Loss: 3.864e-02 | Regularization Loss: 1.084e-07 | Val Loss: 1.802e-01 | Time: 5.51s
2025-08-18 21:21:11,458:INFO:New best model found at epoch 8100 with validation loss 1.802e-01. Saving...
2025-08-18 21:21:16,904:INFO:Epoch: 8150/10000 | Train Loss: 4.344e-02 | Dynamic Loss: 4.344e-02 | Regularization Loss: 1.006e-07 | Val Loss: 1.831e-01 | Time: 5.44s
2025-08-18 21:21:29,293:INFO:Epoch: 8200/10000 | Train Loss: 4.035e-02 | Dynamic Loss: 4.035e-02 | Regularization Loss: 9.329e-08 | Val Loss: 1.794e-01 | Time: 12.39s
2025-08-18 21:21:29,294:INFO:New best model found at epoch 8200 with validation loss 1.794e-01. Saving...
2025-08-18 21:21:34,824:INFO:Epoch: 8250/10000 | Train Loss: 4.686e-02 | Dynamic Loss: 4.686e-02 | Regularization Loss: 8.655e-08 | Val Loss: 1.871e-01 | Time: 5.52s
2025-08-18 21:21:40,270:INFO:Epoch: 8300/10000 | Train Loss: 4.047e-02 | Dynamic Loss: 4.047e-02 | Regularization Loss: 8.029e-08 | Val Loss: 1.809e-01 | Time: 5.45s
2025-08-18 21:21:49,309:INFO:Epoch: 8350/10000 | Train Loss: 4.120e-02 | Dynamic Loss: 4.120e-02 | Regularization Loss: 7.449e-08 | Val Loss: 1.833e-01 | Time: 9.04s
2025-08-18 21:21:54,770:INFO:Epoch: 8400/10000 | Train Loss: 4.438e-02 | Dynamic Loss: 4.438e-02 | Regularization Loss: 6.911e-08 | Val Loss: 1.843e-01 | Time: 5.46s
2025-08-18 21:22:00,182:INFO:Epoch: 8450/10000 | Train Loss: 3.824e-02 | Dynamic Loss: 3.824e-02 | Regularization Loss: 6.412e-08 | Val Loss: 1.803e-01 | Time: 5.41s
2025-08-18 21:22:11,472:INFO:Epoch: 8500/10000 | Train Loss: 4.681e-02 | Dynamic Loss: 4.681e-02 | Regularization Loss: 5.948e-08 | Val Loss: 1.821e-01 | Time: 11.29s
2025-08-18 21:22:16,904:INFO:Epoch: 8550/10000 | Train Loss: 3.812e-02 | Dynamic Loss: 3.812e-02 | Regularization Loss: 5.518e-08 | Val Loss: 1.787e-01 | Time: 5.43s
2025-08-18 21:22:16,904:INFO:New best model found at epoch 8550 with validation loss 1.787e-01. Saving...
2025-08-18 21:22:22,290:INFO:Epoch: 8600/10000 | Train Loss: 5.125e-02 | Dynamic Loss: 5.125e-02 | Regularization Loss: 5.120e-08 | Val Loss: 1.846e-01 | Time: 5.38s
2025-08-18 21:22:31,884:INFO:Epoch: 8650/10000 | Train Loss: 4.355e-02 | Dynamic Loss: 4.355e-02 | Regularization Loss: 4.750e-08 | Val Loss: 1.911e-01 | Time: 9.59s
2025-08-18 21:22:37,359:INFO:Epoch: 8700/10000 | Train Loss: 3.473e-02 | Dynamic Loss: 3.473e-02 | Regularization Loss: 4.407e-08 | Val Loss: 1.775e-01 | Time: 5.48s
2025-08-18 21:22:37,359:INFO:New best model found at epoch 8700 with validation loss 1.775e-01. Saving...
