2025-08-21 01:55:05,509:INFO:Created DataLoaders with 1194 training samples and 398 validation samples.
2025-08-21 01:55:20,426:INFO:model params: 2512001
2025-08-21 01:55:20,426:INFO:removing projection layer after initialization
2025-08-21 01:55:51,044:INFO:Epoch: 0/40000 | Train Loss: 2.898e+00 | Dynamic Loss: 2.898e+00 | Regularization Loss: 0.000e+00 | Val Loss: 2.723e+00 | Time: 30.50s
2025-08-21 01:55:51,044:INFO:New best model found at epoch 0 with validation loss 2.723e+00. Saving...
2025-08-21 01:55:55,812:INFO:Epoch: 50/40000 | Train Loss: 1.881e+00 | Dynamic Loss: 1.881e+00 | Regularization Loss: 0.000e+00 | Val Loss: 1.926e+00 | Time: 4.58s
2025-08-21 01:55:55,812:INFO:New best model found at epoch 50 with validation loss 1.926e+00. Saving...
2025-08-21 01:56:00,498:INFO:Epoch: 100/40000 | Train Loss: 1.820e+00 | Dynamic Loss: 1.820e+00 | Regularization Loss: 0.000e+00 | Val Loss: 1.821e+00 | Time: 4.56s
2025-08-21 01:56:00,498:INFO:New best model found at epoch 100 with validation loss 1.821e+00. Saving...
2025-08-21 01:56:05,262:INFO:Epoch: 150/40000 | Train Loss: 1.762e+00 | Dynamic Loss: 1.762e+00 | Regularization Loss: 0.000e+00 | Val Loss: 1.767e+00 | Time: 4.63s
2025-08-21 01:56:05,263:INFO:New best model found at epoch 150 with validation loss 1.767e+00. Saving...
2025-08-21 01:56:09,946:INFO:Epoch: 200/40000 | Train Loss: 1.716e+00 | Dynamic Loss: 1.716e+00 | Regularization Loss: 0.000e+00 | Val Loss: 1.728e+00 | Time: 4.55s
2025-08-21 01:56:09,946:INFO:New best model found at epoch 200 with validation loss 1.728e+00. Saving...
2025-08-21 01:56:14,738:INFO:Epoch: 250/40000 | Train Loss: 1.666e+00 | Dynamic Loss: 1.666e+00 | Regularization Loss: 0.000e+00 | Val Loss: 1.720e+00 | Time: 4.67s
2025-08-21 01:56:14,738:INFO:New best model found at epoch 250 with validation loss 1.720e+00. Saving...
2025-08-21 01:56:19,541:INFO:Epoch: 300/40000 | Train Loss: 1.644e+00 | Dynamic Loss: 1.644e+00 | Regularization Loss: 0.000e+00 | Val Loss: 1.703e+00 | Time: 4.68s
2025-08-21 01:56:19,541:INFO:New best model found at epoch 300 with validation loss 1.703e+00. Saving...
2025-08-21 01:56:24,386:INFO:Epoch: 350/40000 | Train Loss: 1.639e+00 | Dynamic Loss: 1.639e+00 | Regularization Loss: 0.000e+00 | Val Loss: 1.686e+00 | Time: 4.72s
2025-08-21 01:56:24,386:INFO:New best model found at epoch 350 with validation loss 1.686e+00. Saving...
2025-08-21 01:56:29,211:INFO:Epoch: 400/40000 | Train Loss: 1.616e+00 | Dynamic Loss: 1.616e+00 | Regularization Loss: 0.000e+00 | Val Loss: 1.668e+00 | Time: 4.68s
2025-08-21 01:56:29,211:INFO:New best model found at epoch 400 with validation loss 1.668e+00. Saving...
2025-08-21 01:56:33,994:INFO:Epoch: 450/40000 | Train Loss: 1.609e+00 | Dynamic Loss: 1.609e+00 | Regularization Loss: 0.000e+00 | Val Loss: 1.660e+00 | Time: 4.66s
2025-08-21 01:56:33,994:INFO:New best model found at epoch 450 with validation loss 1.660e+00. Saving...
2025-08-21 01:56:38,703:INFO:Epoch: 500/40000 | Train Loss: 1.598e+00 | Dynamic Loss: 1.598e+00 | Regularization Loss: 0.000e+00 | Val Loss: 1.650e+00 | Time: 4.59s
2025-08-21 01:56:38,703:INFO:New best model found at epoch 500 with validation loss 1.650e+00. Saving...
2025-08-21 01:56:43,701:INFO:Epoch: 550/40000 | Train Loss: 1.587e+00 | Dynamic Loss: 1.587e+00 | Regularization Loss: 0.000e+00 | Val Loss: 1.644e+00 | Time: 4.73s
2025-08-21 01:56:43,701:INFO:New best model found at epoch 550 with validation loss 1.644e+00. Saving...
2025-08-21 01:56:48,463:INFO:Epoch: 600/40000 | Train Loss: 1.575e+00 | Dynamic Loss: 1.575e+00 | Regularization Loss: 0.000e+00 | Val Loss: 1.633e+00 | Time: 4.63s
2025-08-21 01:56:48,463:INFO:New best model found at epoch 600 with validation loss 1.633e+00. Saving...
2025-08-21 01:56:53,352:INFO:Epoch: 650/40000 | Train Loss: 1.565e+00 | Dynamic Loss: 1.565e+00 | Regularization Loss: 0.000e+00 | Val Loss: 1.627e+00 | Time: 4.76s
2025-08-21 01:56:53,352:INFO:New best model found at epoch 650 with validation loss 1.627e+00. Saving...
2025-08-21 01:56:58,214:INFO:Epoch: 700/40000 | Train Loss: 1.557e+00 | Dynamic Loss: 1.557e+00 | Regularization Loss: 0.000e+00 | Val Loss: 1.620e+00 | Time: 4.73s
2025-08-21 01:56:58,214:INFO:New best model found at epoch 700 with validation loss 1.620e+00. Saving...
2025-08-21 01:57:03,040:INFO:Epoch: 750/40000 | Train Loss: 1.577e+00 | Dynamic Loss: 1.577e+00 | Regularization Loss: 0.000e+00 | Val Loss: 1.667e+00 | Time: 4.70s
2025-08-21 01:57:08,768:INFO:Epoch: 800/40000 | Train Loss: 1.536e+00 | Dynamic Loss: 1.536e+00 | Regularization Loss: 0.000e+00 | Val Loss: 1.604e+00 | Time: 5.62s
2025-08-21 01:57:08,768:INFO:New best model found at epoch 800 with validation loss 1.604e+00. Saving...
2025-08-21 01:57:13,542:INFO:Epoch: 850/40000 | Train Loss: 1.522e+00 | Dynamic Loss: 1.522e+00 | Regularization Loss: 0.000e+00 | Val Loss: 1.589e+00 | Time: 4.65s
2025-08-21 01:57:13,542:INFO:New best model found at epoch 850 with validation loss 1.589e+00. Saving...
2025-08-21 01:57:18,265:INFO:Epoch: 900/40000 | Train Loss: 1.506e+00 | Dynamic Loss: 1.506e+00 | Regularization Loss: 0.000e+00 | Val Loss: 1.573e+00 | Time: 4.60s
2025-08-21 01:57:18,265:INFO:New best model found at epoch 900 with validation loss 1.573e+00. Saving...
2025-08-21 01:57:22,957:INFO:Epoch: 950/40000 | Train Loss: 1.528e+00 | Dynamic Loss: 1.528e+00 | Regularization Loss: 0.000e+00 | Val Loss: 1.566e+00 | Time: 4.57s
2025-08-21 01:57:22,957:INFO:New best model found at epoch 950 with validation loss 1.566e+00. Saving...
2025-08-21 01:57:27,950:INFO:Epoch: 1000/40000 | Train Loss: 1.465e+00 | Dynamic Loss: 1.465e+00 | Regularization Loss: 0.000e+00 | Val Loss: 1.529e+00 | Time: 4.87s
2025-08-21 01:57:27,950:INFO:New best model found at epoch 1000 with validation loss 1.529e+00. Saving...
2025-08-21 01:57:32,895:INFO:Epoch: 1050/40000 | Train Loss: 1.448e+00 | Dynamic Loss: 1.448e+00 | Regularization Loss: 0.000e+00 | Val Loss: 1.511e+00 | Time: 4.82s
2025-08-21 01:57:32,896:INFO:New best model found at epoch 1050 with validation loss 1.511e+00. Saving...
2025-08-21 01:57:37,718:INFO:Epoch: 1100/40000 | Train Loss: 1.436e+00 | Dynamic Loss: 1.436e+00 | Regularization Loss: 0.000e+00 | Val Loss: 1.501e+00 | Time: 4.70s
2025-08-21 01:57:37,718:INFO:New best model found at epoch 1100 with validation loss 1.501e+00. Saving...
2025-08-21 01:57:42,524:INFO:Epoch: 1150/40000 | Train Loss: 1.410e+00 | Dynamic Loss: 1.410e+00 | Regularization Loss: 0.000e+00 | Val Loss: 1.467e+00 | Time: 4.68s
2025-08-21 01:57:42,524:INFO:New best model found at epoch 1150 with validation loss 1.467e+00. Saving...
2025-08-21 01:57:47,383:INFO:Epoch: 1200/40000 | Train Loss: 1.428e+00 | Dynamic Loss: 1.428e+00 | Regularization Loss: 0.000e+00 | Val Loss: 1.489e+00 | Time: 4.73s
2025-08-21 01:57:52,264:INFO:Epoch: 1250/40000 | Train Loss: 1.377e+00 | Dynamic Loss: 1.377e+00 | Regularization Loss: 0.000e+00 | Val Loss: 1.432e+00 | Time: 4.78s
2025-08-21 01:57:52,264:INFO:New best model found at epoch 1250 with validation loss 1.432e+00. Saving...
2025-08-21 01:57:57,065:INFO:Epoch: 1300/40000 | Train Loss: 1.366e+00 | Dynamic Loss: 1.366e+00 | Regularization Loss: 0.000e+00 | Val Loss: 1.430e+00 | Time: 4.68s
2025-08-21 01:57:57,065:INFO:New best model found at epoch 1300 with validation loss 1.430e+00. Saving...
2025-08-21 01:58:01,860:INFO:Epoch: 1350/40000 | Train Loss: 1.462e+00 | Dynamic Loss: 1.462e+00 | Regularization Loss: 0.000e+00 | Val Loss: 1.452e+00 | Time: 4.67s
2025-08-21 01:58:06,824:INFO:Epoch: 1400/40000 | Train Loss: 1.312e+00 | Dynamic Loss: 1.312e+00 | Regularization Loss: 0.000e+00 | Val Loss: 1.377e+00 | Time: 4.86s
2025-08-21 01:58:06,824:INFO:New best model found at epoch 1400 with validation loss 1.377e+00. Saving...
2025-08-21 01:58:11,607:INFO:Epoch: 1450/40000 | Train Loss: 1.306e+00 | Dynamic Loss: 1.306e+00 | Regularization Loss: 0.000e+00 | Val Loss: 1.373e+00 | Time: 4.66s
2025-08-21 01:58:11,607:INFO:New best model found at epoch 1450 with validation loss 1.373e+00. Saving...
2025-08-21 01:58:16,485:INFO:Epoch: 1500/40000 | Train Loss: 1.317e+00 | Dynamic Loss: 1.317e+00 | Regularization Loss: 0.000e+00 | Val Loss: 1.368e+00 | Time: 4.75s
2025-08-21 01:58:16,485:INFO:New best model found at epoch 1500 with validation loss 1.368e+00. Saving...
2025-08-21 01:58:21,287:INFO:Epoch: 1550/40000 | Train Loss: 1.234e+00 | Dynamic Loss: 1.234e+00 | Regularization Loss: 0.000e+00 | Val Loss: 1.302e+00 | Time: 4.67s
2025-08-21 01:58:21,287:INFO:New best model found at epoch 1550 with validation loss 1.302e+00. Saving...
2025-08-21 01:58:26,260:INFO:Epoch: 1600/40000 | Train Loss: 1.217e+00 | Dynamic Loss: 1.217e+00 | Regularization Loss: 0.000e+00 | Val Loss: 1.291e+00 | Time: 4.84s
2025-08-21 01:58:26,260:INFO:New best model found at epoch 1600 with validation loss 1.291e+00. Saving...
2025-08-21 01:58:31,028:INFO:Epoch: 1650/40000 | Train Loss: 1.275e+00 | Dynamic Loss: 1.275e+00 | Regularization Loss: 0.000e+00 | Val Loss: 1.364e+00 | Time: 4.64s
2025-08-21 01:58:35,989:INFO:Epoch: 1700/40000 | Train Loss: 1.177e+00 | Dynamic Loss: 1.177e+00 | Regularization Loss: 0.000e+00 | Val Loss: 1.253e+00 | Time: 4.85s
2025-08-21 01:58:35,989:INFO:New best model found at epoch 1700 with validation loss 1.253e+00. Saving...
2025-08-21 01:58:40,879:INFO:Epoch: 1750/40000 | Train Loss: 1.170e+00 | Dynamic Loss: 1.170e+00 | Regularization Loss: 0.000e+00 | Val Loss: 1.243e+00 | Time: 4.76s
2025-08-21 01:58:40,879:INFO:New best model found at epoch 1750 with validation loss 1.243e+00. Saving...
2025-08-21 01:58:45,866:INFO:Epoch: 1800/40000 | Train Loss: 1.229e+00 | Dynamic Loss: 1.229e+00 | Regularization Loss: 0.000e+00 | Val Loss: 1.287e+00 | Time: 4.86s
2025-08-21 01:58:50,822:INFO:Epoch: 1850/40000 | Train Loss: 1.100e+00 | Dynamic Loss: 1.100e+00 | Regularization Loss: 0.000e+00 | Val Loss: 1.183e+00 | Time: 4.85s
2025-08-21 01:58:50,823:INFO:New best model found at epoch 1850 with validation loss 1.183e+00. Saving...
2025-08-21 01:58:55,706:INFO:Epoch: 1900/40000 | Train Loss: 1.084e+00 | Dynamic Loss: 1.084e+00 | Regularization Loss: 0.000e+00 | Val Loss: 1.160e+00 | Time: 4.76s
2025-08-21 01:58:55,706:INFO:New best model found at epoch 1900 with validation loss 1.160e+00. Saving...
2025-08-21 01:59:00,503:INFO:Epoch: 1950/40000 | Train Loss: 1.169e+00 | Dynamic Loss: 1.169e+00 | Regularization Loss: 0.000e+00 | Val Loss: 1.265e+00 | Time: 4.67s
2025-08-21 01:59:05,446:INFO:Epoch: 2000/40000 | Train Loss: 1.054e+00 | Dynamic Loss: 1.054e+00 | Regularization Loss: 0.000e+00 | Val Loss: 1.137e+00 | Time: 4.84s
2025-08-21 01:59:05,446:INFO:New best model found at epoch 2000 with validation loss 1.137e+00. Saving...
2025-08-21 01:59:10,345:INFO:Epoch: 2050/40000 | Train Loss: 1.634e+00 | Dynamic Loss: 1.634e+00 | Regularization Loss: 0.000e+00 | Val Loss: 1.227e+00 | Time: 4.78s
2025-08-21 01:59:15,143:INFO:Epoch: 2100/40000 | Train Loss: 1.002e+00 | Dynamic Loss: 1.002e+00 | Regularization Loss: 0.000e+00 | Val Loss: 1.097e+00 | Time: 4.70s
2025-08-21 01:59:15,143:INFO:New best model found at epoch 2100 with validation loss 1.097e+00. Saving...
2025-08-21 01:59:20,031:INFO:Epoch: 2150/40000 | Train Loss: 9.982e-01 | Dynamic Loss: 9.982e-01 | Regularization Loss: 0.000e+00 | Val Loss: 1.096e+00 | Time: 4.77s
2025-08-21 01:59:20,031:INFO:New best model found at epoch 2150 with validation loss 1.096e+00. Saving...
2025-08-21 01:59:24,824:INFO:Epoch: 2200/40000 | Train Loss: 1.094e+00 | Dynamic Loss: 1.094e+00 | Regularization Loss: 0.000e+00 | Val Loss: 1.083e+00 | Time: 4.67s
2025-08-21 01:59:24,824:INFO:New best model found at epoch 2200 with validation loss 1.083e+00. Saving...
2025-08-21 01:59:37,477:INFO:Epoch: 2250/40000 | Train Loss: 9.895e-01 | Dynamic Loss: 9.895e-01 | Regularization Loss: 0.000e+00 | Val Loss: 1.222e+00 | Time: 12.53s
2025-08-21 01:59:42,372:INFO:Epoch: 2300/40000 | Train Loss: 9.366e-01 | Dynamic Loss: 9.366e-01 | Regularization Loss: 0.000e+00 | Val Loss: 1.036e+00 | Time: 4.80s
2025-08-21 01:59:42,372:INFO:New best model found at epoch 2300 with validation loss 1.036e+00. Saving...
2025-08-21 01:59:47,363:INFO:Epoch: 2350/40000 | Train Loss: 9.186e-01 | Dynamic Loss: 9.186e-01 | Regularization Loss: 0.000e+00 | Val Loss: 1.018e+00 | Time: 4.87s
2025-08-21 01:59:47,363:INFO:New best model found at epoch 2350 with validation loss 1.018e+00. Saving...
2025-08-21 01:59:52,307:INFO:Epoch: 2400/40000 | Train Loss: 1.061e+00 | Dynamic Loss: 1.061e+00 | Regularization Loss: 0.000e+00 | Val Loss: 1.182e+00 | Time: 4.81s
2025-08-21 01:59:57,269:INFO:Epoch: 2450/40000 | Train Loss: 9.109e-01 | Dynamic Loss: 9.109e-01 | Regularization Loss: 0.000e+00 | Val Loss: 1.017e+00 | Time: 4.86s
2025-08-21 01:59:57,269:INFO:New best model found at epoch 2450 with validation loss 1.017e+00. Saving...
2025-08-21 02:00:02,162:INFO:Epoch: 2500/40000 | Train Loss: 9.936e-01 | Dynamic Loss: 9.936e-01 | Regularization Loss: 0.000e+00 | Val Loss: 1.215e+00 | Time: 4.77s
2025-08-21 02:00:07,031:INFO:Epoch: 2550/40000 | Train Loss: 8.734e-01 | Dynamic Loss: 8.734e-01 | Regularization Loss: 0.000e+00 | Val Loss: 9.806e-01 | Time: 4.77s
2025-08-21 02:00:07,031:INFO:New best model found at epoch 2550 with validation loss 9.806e-01. Saving...
2025-08-21 02:00:11,907:INFO:Epoch: 2600/40000 | Train Loss: 8.668e-01 | Dynamic Loss: 8.668e-01 | Regularization Loss: 0.000e+00 | Val Loss: 9.707e-01 | Time: 4.75s
2025-08-21 02:00:11,907:INFO:New best model found at epoch 2600 with validation loss 9.707e-01. Saving...
2025-08-21 02:00:16,756:INFO:Epoch: 2650/40000 | Train Loss: 1.322e+00 | Dynamic Loss: 1.322e+00 | Regularization Loss: 0.000e+00 | Val Loss: 1.158e+00 | Time: 4.73s
2025-08-21 02:00:21,668:INFO:Epoch: 2700/40000 | Train Loss: 8.318e-01 | Dynamic Loss: 8.318e-01 | Regularization Loss: 0.000e+00 | Val Loss: 9.442e-01 | Time: 4.81s
2025-08-21 02:00:21,668:INFO:New best model found at epoch 2700 with validation loss 9.442e-01. Saving...
2025-08-21 02:00:26,531:INFO:Epoch: 2750/40000 | Train Loss: 8.299e-01 | Dynamic Loss: 8.299e-01 | Regularization Loss: 0.000e+00 | Val Loss: 9.409e-01 | Time: 4.74s
2025-08-21 02:00:26,532:INFO:New best model found at epoch 2750 with validation loss 9.409e-01. Saving...
2025-08-21 02:00:31,448:INFO:Epoch: 2800/40000 | Train Loss: 8.503e-01 | Dynamic Loss: 8.503e-01 | Regularization Loss: 0.000e+00 | Val Loss: 9.793e-01 | Time: 4.79s
2025-08-21 02:00:41,773:INFO:Epoch: 2850/40000 | Train Loss: 7.975e-01 | Dynamic Loss: 7.975e-01 | Regularization Loss: 0.000e+00 | Val Loss: 9.105e-01 | Time: 10.23s
2025-08-21 02:00:41,773:INFO:New best model found at epoch 2850 with validation loss 9.105e-01. Saving...
2025-08-21 02:00:46,638:INFO:Epoch: 2900/40000 | Train Loss: 8.133e-01 | Dynamic Loss: 8.133e-01 | Regularization Loss: 0.000e+00 | Val Loss: 9.243e-01 | Time: 4.74s
2025-08-21 02:00:51,579:INFO:Epoch: 2950/40000 | Train Loss: 7.765e-01 | Dynamic Loss: 7.765e-01 | Regularization Loss: 0.000e+00 | Val Loss: 8.908e-01 | Time: 4.84s
2025-08-21 02:00:51,579:INFO:New best model found at epoch 2950 with validation loss 8.908e-01. Saving...
2025-08-21 02:00:56,389:INFO:Epoch: 3000/40000 | Train Loss: 7.758e-01 | Dynamic Loss: 7.758e-01 | Regularization Loss: 0.000e+00 | Val Loss: 8.868e-01 | Time: 4.68s
2025-08-21 02:00:56,389:INFO:New best model found at epoch 3000 with validation loss 8.868e-01. Saving...
2025-08-21 02:01:01,409:INFO:Epoch: 3050/40000 | Train Loss: 7.716e-01 | Dynamic Loss: 7.716e-01 | Regularization Loss: 0.000e+00 | Val Loss: 8.789e-01 | Time: 4.90s
2025-08-21 02:01:01,409:INFO:New best model found at epoch 3050 with validation loss 8.789e-01. Saving...
2025-08-21 02:01:06,294:INFO:Epoch: 3100/40000 | Train Loss: 8.716e-01 | Dynamic Loss: 8.716e-01 | Regularization Loss: 0.000e+00 | Val Loss: 9.197e-01 | Time: 4.76s
2025-08-21 02:01:11,226:INFO:Epoch: 3150/40000 | Train Loss: 7.400e-01 | Dynamic Loss: 7.400e-01 | Regularization Loss: 0.000e+00 | Val Loss: 8.574e-01 | Time: 4.83s
2025-08-21 02:01:11,226:INFO:New best model found at epoch 3150 with validation loss 8.574e-01. Saving...
2025-08-21 02:01:16,105:INFO:Epoch: 3200/40000 | Train Loss: 7.549e-01 | Dynamic Loss: 7.549e-01 | Regularization Loss: 0.000e+00 | Val Loss: 8.627e-01 | Time: 4.75s
2025-08-21 02:01:21,043:INFO:Epoch: 3250/40000 | Train Loss: 7.409e-01 | Dynamic Loss: 7.409e-01 | Regularization Loss: 0.000e+00 | Val Loss: 8.469e-01 | Time: 4.83s
2025-08-21 02:01:21,043:INFO:New best model found at epoch 3250 with validation loss 8.469e-01. Saving...
2025-08-21 02:01:26,055:INFO:Epoch: 3300/40000 | Train Loss: 9.524e-01 | Dynamic Loss: 9.524e-01 | Regularization Loss: 0.000e+00 | Val Loss: 9.633e-01 | Time: 4.89s
2025-08-21 02:01:30,963:INFO:Epoch: 3350/40000 | Train Loss: 7.092e-01 | Dynamic Loss: 7.092e-01 | Regularization Loss: 0.000e+00 | Val Loss: 8.308e-01 | Time: 4.80s
2025-08-21 02:01:30,963:INFO:New best model found at epoch 3350 with validation loss 8.308e-01. Saving...
2025-08-21 02:01:36,032:INFO:Epoch: 3400/40000 | Train Loss: 7.442e-01 | Dynamic Loss: 7.442e-01 | Regularization Loss: 0.000e+00 | Val Loss: 8.536e-01 | Time: 4.94s
2025-08-21 02:01:41,007:INFO:Epoch: 3450/40000 | Train Loss: 6.839e-01 | Dynamic Loss: 6.839e-01 | Regularization Loss: 0.000e+00 | Val Loss: 7.979e-01 | Time: 4.87s
2025-08-21 02:01:41,007:INFO:New best model found at epoch 3450 with validation loss 7.979e-01. Saving...
2025-08-21 02:01:45,846:INFO:Epoch: 3500/40000 | Train Loss: 6.922e-01 | Dynamic Loss: 6.922e-01 | Regularization Loss: 0.000e+00 | Val Loss: 8.051e-01 | Time: 4.71s
2025-08-21 02:01:50,814:INFO:Epoch: 3550/40000 | Train Loss: 9.746e-01 | Dynamic Loss: 9.746e-01 | Regularization Loss: 0.000e+00 | Val Loss: 1.105e+00 | Time: 4.86s
2025-08-21 02:01:55,692:INFO:Epoch: 3600/40000 | Train Loss: 7.133e-01 | Dynamic Loss: 7.133e-01 | Regularization Loss: 0.000e+00 | Val Loss: 8.281e-01 | Time: 4.77s
2025-08-21 02:02:00,620:INFO:Epoch: 3650/40000 | Train Loss: 6.699e-01 | Dynamic Loss: 6.699e-01 | Regularization Loss: 0.000e+00 | Val Loss: 7.845e-01 | Time: 4.82s
2025-08-21 02:02:00,620:INFO:New best model found at epoch 3650 with validation loss 7.845e-01. Saving...
2025-08-21 02:02:05,584:INFO:Epoch: 3700/40000 | Train Loss: 6.987e-01 | Dynamic Loss: 6.987e-01 | Regularization Loss: 0.000e+00 | Val Loss: 7.870e-01 | Time: 4.84s
2025-08-21 02:02:10,445:INFO:Epoch: 3750/40000 | Train Loss: 6.426e-01 | Dynamic Loss: 6.426e-01 | Regularization Loss: 0.000e+00 | Val Loss: 7.563e-01 | Time: 4.76s
2025-08-21 02:02:10,445:INFO:New best model found at epoch 3750 with validation loss 7.563e-01. Saving...
2025-08-21 02:02:15,312:INFO:Epoch: 3800/40000 | Train Loss: 6.967e-01 | Dynamic Loss: 6.967e-01 | Regularization Loss: 0.000e+00 | Val Loss: 8.227e-01 | Time: 4.74s
2025-08-21 02:02:20,219:INFO:Epoch: 3850/40000 | Train Loss: 6.359e-01 | Dynamic Loss: 6.359e-01 | Regularization Loss: 0.000e+00 | Val Loss: 7.575e-01 | Time: 4.80s
2025-08-21 02:02:25,080:INFO:Epoch: 3900/40000 | Train Loss: 6.323e-01 | Dynamic Loss: 6.323e-01 | Regularization Loss: 0.000e+00 | Val Loss: 7.467e-01 | Time: 4.75s
2025-08-21 02:02:25,080:INFO:New best model found at epoch 3900 with validation loss 7.467e-01. Saving...
2025-08-21 02:02:30,040:INFO:Epoch: 3950/40000 | Train Loss: 7.679e-01 | Dynamic Loss: 7.679e-01 | Regularization Loss: 0.000e+00 | Val Loss: 9.074e-01 | Time: 4.83s
2025-08-21 02:02:34,909:INFO:Epoch: 4000/40000 | Train Loss: 6.237e-01 | Dynamic Loss: 6.237e-01 | Regularization Loss: 0.000e+00 | Val Loss: 7.431e-01 | Time: 4.76s
2025-08-21 02:02:34,909:INFO:New best model found at epoch 4000 with validation loss 7.431e-01. Saving...
