2025-08-18 14:34:31,933:INFO:Created DataLoaders with 2994 training samples and 998 validation samples.
2025-08-18 14:34:33,696:INFO:model params: 526850
2025-08-18 14:34:35,363:INFO:Epoch: 0/20000 | Train Loss: 1.049e+01 | Dynamic Loss: 1.811e+00 | Regularization Loss: 8.677e+00 | Val Loss: 2.004e+00 | Time: 1.67s
2025-08-18 14:34:35,363:INFO:New best model found at epoch 0 with validation loss 2.004e+00. Saving...
2025-08-18 14:34:39,979:INFO:Epoch: 50/20000 | Train Loss: 1.369e+00 | Dynamic Loss: 1.358e+00 | Regularization Loss: 1.028e-02 | Val Loss: 1.347e+00 | Time: 4.60s
2025-08-18 14:34:39,979:INFO:New best model found at epoch 50 with validation loss 1.347e+00. Saving...
2025-08-18 14:34:49,491:INFO:Epoch: 100/20000 | Train Loss: 1.321e+00 | Dynamic Loss: 1.315e+00 | Regularization Loss: 5.710e-03 | Val Loss: 1.303e+00 | Time: 9.50s
2025-08-18 14:34:49,491:INFO:New best model found at epoch 100 with validation loss 1.303e+00. Saving...
2025-08-18 14:34:54,174:INFO:Epoch: 150/20000 | Train Loss: 1.281e+00 | Dynamic Loss: 1.277e+00 | Regularization Loss: 3.611e-03 | Val Loss: 1.265e+00 | Time: 4.67s
2025-08-18 14:34:54,174:INFO:New best model found at epoch 150 with validation loss 1.265e+00. Saving...
2025-08-18 14:34:58,793:INFO:Epoch: 200/20000 | Train Loss: 1.241e+00 | Dynamic Loss: 1.238e+00 | Regularization Loss: 2.503e-03 | Val Loss: 1.230e+00 | Time: 4.61s
2025-08-18 14:34:58,793:INFO:New best model found at epoch 200 with validation loss 1.230e+00. Saving...
2025-08-18 14:35:09,518:INFO:Epoch: 250/20000 | Train Loss: 1.203e+00 | Dynamic Loss: 1.201e+00 | Regularization Loss: 1.848e-03 | Val Loss: 1.194e+00 | Time: 10.71s
2025-08-18 14:35:09,518:INFO:New best model found at epoch 250 with validation loss 1.194e+00. Saving...
2025-08-18 14:35:14,318:INFO:Epoch: 300/20000 | Train Loss: 1.170e+00 | Dynamic Loss: 1.168e+00 | Regularization Loss: 1.426e-03 | Val Loss: 1.163e+00 | Time: 4.79s
2025-08-18 14:35:14,318:INFO:New best model found at epoch 300 with validation loss 1.163e+00. Saving...
2025-08-18 14:35:19,085:INFO:Epoch: 350/20000 | Train Loss: 1.137e+00 | Dynamic Loss: 1.136e+00 | Regularization Loss: 1.137e-03 | Val Loss: 1.129e+00 | Time: 4.76s
2025-08-18 14:35:19,085:INFO:New best model found at epoch 350 with validation loss 1.129e+00. Saving...
2025-08-18 14:35:23,771:INFO:Epoch: 400/20000 | Train Loss: 1.105e+00 | Dynamic Loss: 1.104e+00 | Regularization Loss: 9.297e-04 | Val Loss: 1.100e+00 | Time: 4.68s
2025-08-18 14:35:23,771:INFO:New best model found at epoch 400 with validation loss 1.100e+00. Saving...
2025-08-18 14:35:28,453:INFO:Epoch: 450/20000 | Train Loss: 1.078e+00 | Dynamic Loss: 1.077e+00 | Regularization Loss: 7.752e-04 | Val Loss: 1.077e+00 | Time: 4.67s
2025-08-18 14:35:28,454:INFO:New best model found at epoch 450 with validation loss 1.077e+00. Saving...
2025-08-18 14:35:33,255:INFO:Epoch: 500/20000 | Train Loss: 1.049e+00 | Dynamic Loss: 1.048e+00 | Regularization Loss: 6.569e-04 | Val Loss: 1.045e+00 | Time: 4.79s
2025-08-18 14:35:33,255:INFO:New best model found at epoch 500 with validation loss 1.045e+00. Saving...
2025-08-18 14:35:37,990:INFO:Epoch: 550/20000 | Train Loss: 1.023e+00 | Dynamic Loss: 1.023e+00 | Regularization Loss: 5.639e-04 | Val Loss: 1.020e+00 | Time: 4.73s
2025-08-18 14:35:37,990:INFO:New best model found at epoch 550 with validation loss 1.020e+00. Saving...
2025-08-18 14:35:42,845:INFO:Epoch: 600/20000 | Train Loss: 9.975e-01 | Dynamic Loss: 9.970e-01 | Regularization Loss: 4.892e-04 | Val Loss: 9.993e-01 | Time: 4.85s
2025-08-18 14:35:42,845:INFO:New best model found at epoch 600 with validation loss 9.993e-01. Saving...
2025-08-18 14:35:50,107:INFO:Epoch: 650/20000 | Train Loss: 9.726e-01 | Dynamic Loss: 9.722e-01 | Regularization Loss: 4.286e-04 | Val Loss: 9.749e-01 | Time: 7.25s
2025-08-18 14:35:50,107:INFO:New best model found at epoch 650 with validation loss 9.749e-01. Saving...
2025-08-18 14:35:54,884:INFO:Epoch: 700/20000 | Train Loss: 9.520e-01 | Dynamic Loss: 9.516e-01 | Regularization Loss: 3.783e-04 | Val Loss: 9.529e-01 | Time: 4.77s
2025-08-18 14:35:54,885:INFO:New best model found at epoch 700 with validation loss 9.529e-01. Saving...
2025-08-18 14:35:59,679:INFO:Epoch: 750/20000 | Train Loss: 9.253e-01 | Dynamic Loss: 9.250e-01 | Regularization Loss: 3.362e-04 | Val Loss: 9.292e-01 | Time: 4.79s
2025-08-18 14:35:59,679:INFO:New best model found at epoch 750 with validation loss 9.292e-01. Saving...
2025-08-18 14:36:07,127:INFO:Epoch: 800/20000 | Train Loss: 9.036e-01 | Dynamic Loss: 9.033e-01 | Regularization Loss: 3.006e-04 | Val Loss: 9.080e-01 | Time: 7.44s
2025-08-18 14:36:07,127:INFO:New best model found at epoch 800 with validation loss 9.080e-01. Saving...
2025-08-18 14:36:11,995:INFO:Epoch: 850/20000 | Train Loss: 8.866e-01 | Dynamic Loss: 8.863e-01 | Regularization Loss: 2.702e-04 | Val Loss: 8.918e-01 | Time: 4.83s
2025-08-18 14:36:11,995:INFO:New best model found at epoch 850 with validation loss 8.918e-01. Saving...
2025-08-18 14:36:16,755:INFO:Epoch: 900/20000 | Train Loss: 8.612e-01 | Dynamic Loss: 8.609e-01 | Regularization Loss: 2.439e-04 | Val Loss: 8.661e-01 | Time: 4.75s
2025-08-18 14:36:16,755:INFO:New best model found at epoch 900 with validation loss 8.661e-01. Saving...
2025-08-18 14:36:24,363:INFO:Epoch: 950/20000 | Train Loss: 8.422e-01 | Dynamic Loss: 8.420e-01 | Regularization Loss: 2.211e-04 | Val Loss: 8.474e-01 | Time: 7.60s
2025-08-18 14:36:24,363:INFO:New best model found at epoch 950 with validation loss 8.474e-01. Saving...
2025-08-18 14:36:29,086:INFO:Epoch: 1000/20000 | Train Loss: 8.199e-01 | Dynamic Loss: 8.197e-01 | Regularization Loss: 2.012e-04 | Val Loss: 8.293e-01 | Time: 4.71s
2025-08-18 14:36:29,086:INFO:New best model found at epoch 1000 with validation loss 8.293e-01. Saving...
2025-08-18 14:36:33,924:INFO:Epoch: 1050/20000 | Train Loss: 8.049e-01 | Dynamic Loss: 8.047e-01 | Regularization Loss: 1.836e-04 | Val Loss: 8.131e-01 | Time: 4.83s
2025-08-18 14:36:33,924:INFO:New best model found at epoch 1050 with validation loss 8.131e-01. Saving...
2025-08-18 14:36:38,653:INFO:Epoch: 1100/20000 | Train Loss: 7.866e-01 | Dynamic Loss: 7.864e-01 | Regularization Loss: 1.681e-04 | Val Loss: 7.969e-01 | Time: 4.72s
2025-08-18 14:36:38,653:INFO:New best model found at epoch 1100 with validation loss 7.969e-01. Saving...
2025-08-18 14:36:43,430:INFO:Epoch: 1150/20000 | Train Loss: 7.695e-01 | Dynamic Loss: 7.694e-01 | Regularization Loss: 1.543e-04 | Val Loss: 7.802e-01 | Time: 4.77s
2025-08-18 14:36:43,430:INFO:New best model found at epoch 1150 with validation loss 7.802e-01. Saving...
2025-08-18 14:36:48,412:INFO:Epoch: 1200/20000 | Train Loss: 7.556e-01 | Dynamic Loss: 7.555e-01 | Regularization Loss: 1.420e-04 | Val Loss: 7.658e-01 | Time: 4.97s
2025-08-18 14:36:48,412:INFO:New best model found at epoch 1200 with validation loss 7.658e-01. Saving...
2025-08-18 14:36:53,267:INFO:Epoch: 1250/20000 | Train Loss: 7.404e-01 | Dynamic Loss: 7.403e-01 | Regularization Loss: 1.310e-04 | Val Loss: 7.550e-01 | Time: 4.85s
2025-08-18 14:36:53,267:INFO:New best model found at epoch 1250 with validation loss 7.550e-01. Saving...
2025-08-18 14:36:58,130:INFO:Epoch: 1300/20000 | Train Loss: 7.255e-01 | Dynamic Loss: 7.254e-01 | Regularization Loss: 1.209e-04 | Val Loss: 7.375e-01 | Time: 4.85s
2025-08-18 14:36:58,130:INFO:New best model found at epoch 1300 with validation loss 7.375e-01. Saving...
2025-08-18 14:37:06,139:INFO:Epoch: 1350/20000 | Train Loss: 7.113e-01 | Dynamic Loss: 7.112e-01 | Regularization Loss: 1.120e-04 | Val Loss: 7.254e-01 | Time: 8.00s
2025-08-18 14:37:06,139:INFO:New best model found at epoch 1350 with validation loss 7.254e-01. Saving...
2025-08-18 14:37:10,947:INFO:Epoch: 1400/20000 | Train Loss: 6.973e-01 | Dynamic Loss: 6.972e-01 | Regularization Loss: 1.039e-04 | Val Loss: 7.120e-01 | Time: 4.80s
2025-08-18 14:37:10,947:INFO:New best model found at epoch 1400 with validation loss 7.120e-01. Saving...
2025-08-18 14:37:15,795:INFO:Epoch: 1450/20000 | Train Loss: 6.879e-01 | Dynamic Loss: 6.878e-01 | Regularization Loss: 9.643e-05 | Val Loss: 7.006e-01 | Time: 4.84s
2025-08-18 14:37:15,795:INFO:New best model found at epoch 1450 with validation loss 7.006e-01. Saving...
2025-08-18 14:37:20,737:INFO:Epoch: 1500/20000 | Train Loss: 6.735e-01 | Dynamic Loss: 6.734e-01 | Regularization Loss: 8.966e-05 | Val Loss: 6.901e-01 | Time: 4.93s
2025-08-18 14:37:20,737:INFO:New best model found at epoch 1500 with validation loss 6.901e-01. Saving...
2025-08-18 14:37:25,619:INFO:Epoch: 1550/20000 | Train Loss: 6.625e-01 | Dynamic Loss: 6.624e-01 | Regularization Loss: 8.358e-05 | Val Loss: 6.792e-01 | Time: 4.87s
2025-08-18 14:37:25,619:INFO:New best model found at epoch 1550 with validation loss 6.792e-01. Saving...
2025-08-18 14:37:30,587:INFO:Epoch: 1600/20000 | Train Loss: 6.505e-01 | Dynamic Loss: 6.504e-01 | Regularization Loss: 7.794e-05 | Val Loss: 6.691e-01 | Time: 4.96s
2025-08-18 14:37:30,587:INFO:New best model found at epoch 1600 with validation loss 6.691e-01. Saving...
2025-08-18 14:37:35,437:INFO:Epoch: 1650/20000 | Train Loss: 6.425e-01 | Dynamic Loss: 6.424e-01 | Regularization Loss: 7.272e-05 | Val Loss: 6.603e-01 | Time: 4.84s
2025-08-18 14:37:35,437:INFO:New best model found at epoch 1650 with validation loss 6.603e-01. Saving...
2025-08-18 14:37:40,198:INFO:Epoch: 1700/20000 | Train Loss: 6.316e-01 | Dynamic Loss: 6.316e-01 | Regularization Loss: 6.788e-05 | Val Loss: 6.512e-01 | Time: 4.75s
2025-08-18 14:37:40,198:INFO:New best model found at epoch 1700 with validation loss 6.512e-01. Saving...
2025-08-18 14:37:49,919:INFO:Epoch: 1750/20000 | Train Loss: 6.213e-01 | Dynamic Loss: 6.213e-01 | Regularization Loss: 6.358e-05 | Val Loss: 6.418e-01 | Time: 9.71s
2025-08-18 14:37:49,919:INFO:New best model found at epoch 1750 with validation loss 6.418e-01. Saving...
2025-08-18 14:37:54,772:INFO:Epoch: 1800/20000 | Train Loss: 6.121e-01 | Dynamic Loss: 6.120e-01 | Regularization Loss: 5.958e-05 | Val Loss: 6.355e-01 | Time: 4.84s
2025-08-18 14:37:54,772:INFO:New best model found at epoch 1800 with validation loss 6.355e-01. Saving...
2025-08-18 14:37:59,623:INFO:Epoch: 1850/20000 | Train Loss: 6.076e-01 | Dynamic Loss: 6.075e-01 | Regularization Loss: 5.586e-05 | Val Loss: 6.285e-01 | Time: 4.84s
2025-08-18 14:37:59,623:INFO:New best model found at epoch 1850 with validation loss 6.285e-01. Saving...
2025-08-18 14:38:04,410:INFO:Epoch: 1900/20000 | Train Loss: 5.979e-01 | Dynamic Loss: 5.978e-01 | Regularization Loss: 5.238e-05 | Val Loss: 6.197e-01 | Time: 4.78s
2025-08-18 14:38:04,410:INFO:New best model found at epoch 1900 with validation loss 6.197e-01. Saving...
2025-08-18 14:38:09,253:INFO:Epoch: 1950/20000 | Train Loss: 5.918e-01 | Dynamic Loss: 5.917e-01 | Regularization Loss: 4.914e-05 | Val Loss: 6.123e-01 | Time: 4.83s
2025-08-18 14:38:09,253:INFO:New best model found at epoch 1950 with validation loss 6.123e-01. Saving...
2025-08-18 14:38:14,119:INFO:Epoch: 2000/20000 | Train Loss: 5.826e-01 | Dynamic Loss: 5.825e-01 | Regularization Loss: 4.614e-05 | Val Loss: 6.057e-01 | Time: 4.86s
2025-08-18 14:38:14,119:INFO:New best model found at epoch 2000 with validation loss 6.057e-01. Saving...
2025-08-18 14:38:18,894:INFO:Epoch: 2050/20000 | Train Loss: 5.753e-01 | Dynamic Loss: 5.752e-01 | Regularization Loss: 4.345e-05 | Val Loss: 5.993e-01 | Time: 4.77s
2025-08-18 14:38:18,894:INFO:New best model found at epoch 2050 with validation loss 5.993e-01. Saving...
2025-08-18 14:38:23,884:INFO:Epoch: 2100/20000 | Train Loss: 5.717e-01 | Dynamic Loss: 5.716e-01 | Regularization Loss: 4.093e-05 | Val Loss: 5.944e-01 | Time: 4.98s
2025-08-18 14:38:23,884:INFO:New best model found at epoch 2100 with validation loss 5.944e-01. Saving...
2025-08-18 14:38:33,496:INFO:Epoch: 2150/20000 | Train Loss: 5.629e-01 | Dynamic Loss: 5.629e-01 | Regularization Loss: 3.857e-05 | Val Loss: 5.873e-01 | Time: 9.60s
2025-08-18 14:38:33,496:INFO:New best model found at epoch 2150 with validation loss 5.873e-01. Saving...
2025-08-18 14:38:38,279:INFO:Epoch: 2200/20000 | Train Loss: 5.565e-01 | Dynamic Loss: 5.565e-01 | Regularization Loss: 3.635e-05 | Val Loss: 5.829e-01 | Time: 4.77s
2025-08-18 14:38:38,279:INFO:New best model found at epoch 2200 with validation loss 5.829e-01. Saving...
2025-08-18 14:38:43,088:INFO:Epoch: 2250/20000 | Train Loss: 5.508e-01 | Dynamic Loss: 5.508e-01 | Regularization Loss: 3.428e-05 | Val Loss: 5.785e-01 | Time: 4.80s
2025-08-18 14:38:43,088:INFO:New best model found at epoch 2250 with validation loss 5.785e-01. Saving...
2025-08-18 14:38:52,405:INFO:Epoch: 2300/20000 | Train Loss: 5.461e-01 | Dynamic Loss: 5.461e-01 | Regularization Loss: 3.234e-05 | Val Loss: 5.738e-01 | Time: 9.31s
2025-08-18 14:38:52,405:INFO:New best model found at epoch 2300 with validation loss 5.738e-01. Saving...
2025-08-18 14:38:57,252:INFO:Epoch: 2350/20000 | Train Loss: 5.408e-01 | Dynamic Loss: 5.407e-01 | Regularization Loss: 3.051e-05 | Val Loss: 5.706e-01 | Time: 4.84s
2025-08-18 14:38:57,252:INFO:New best model found at epoch 2350 with validation loss 5.706e-01. Saving...
2025-08-18 14:39:02,076:INFO:Epoch: 2400/20000 | Train Loss: 5.353e-01 | Dynamic Loss: 5.353e-01 | Regularization Loss: 2.882e-05 | Val Loss: 5.641e-01 | Time: 4.81s
2025-08-18 14:39:02,076:INFO:New best model found at epoch 2400 with validation loss 5.641e-01. Saving...
2025-08-18 14:39:09,976:INFO:Epoch: 2450/20000 | Train Loss: 5.326e-01 | Dynamic Loss: 5.326e-01 | Regularization Loss: 2.730e-05 | Val Loss: 5.606e-01 | Time: 7.89s
2025-08-18 14:39:09,976:INFO:New best model found at epoch 2450 with validation loss 5.606e-01. Saving...
2025-08-18 14:39:14,816:INFO:Epoch: 2500/20000 | Train Loss: 5.272e-01 | Dynamic Loss: 5.272e-01 | Regularization Loss: 2.587e-05 | Val Loss: 5.573e-01 | Time: 4.83s
2025-08-18 14:39:14,816:INFO:New best model found at epoch 2500 with validation loss 5.573e-01. Saving...
2025-08-18 14:39:19,684:INFO:Epoch: 2550/20000 | Train Loss: 5.237e-01 | Dynamic Loss: 5.237e-01 | Regularization Loss: 2.452e-05 | Val Loss: 5.541e-01 | Time: 4.86s
2025-08-18 14:39:19,684:INFO:New best model found at epoch 2550 with validation loss 5.541e-01. Saving...
2025-08-18 14:39:24,513:INFO:Epoch: 2600/20000 | Train Loss: 5.211e-01 | Dynamic Loss: 5.211e-01 | Regularization Loss: 2.325e-05 | Val Loss: 5.537e-01 | Time: 4.82s
2025-08-18 14:39:24,513:INFO:New best model found at epoch 2600 with validation loss 5.537e-01. Saving...
2025-08-18 14:39:29,346:INFO:Epoch: 2650/20000 | Train Loss: 5.169e-01 | Dynamic Loss: 5.168e-01 | Regularization Loss: 2.206e-05 | Val Loss: 5.481e-01 | Time: 4.82s
2025-08-18 14:39:29,346:INFO:New best model found at epoch 2650 with validation loss 5.481e-01. Saving...
2025-08-18 14:39:37,378:INFO:Epoch: 2700/20000 | Train Loss: 5.131e-01 | Dynamic Loss: 5.131e-01 | Regularization Loss: 2.094e-05 | Val Loss: 5.457e-01 | Time: 8.02s
2025-08-18 14:39:37,379:INFO:New best model found at epoch 2700 with validation loss 5.457e-01. Saving...
2025-08-18 14:39:42,245:INFO:Epoch: 2750/20000 | Train Loss: 5.083e-01 | Dynamic Loss: 5.083e-01 | Regularization Loss: 1.988e-05 | Val Loss: 5.430e-01 | Time: 4.86s
2025-08-18 14:39:42,245:INFO:New best model found at epoch 2750 with validation loss 5.430e-01. Saving...
2025-08-18 14:39:47,131:INFO:Epoch: 2800/20000 | Train Loss: 5.053e-01 | Dynamic Loss: 5.053e-01 | Regularization Loss: 1.889e-05 | Val Loss: 5.395e-01 | Time: 4.88s
2025-08-18 14:39:47,131:INFO:New best model found at epoch 2800 with validation loss 5.395e-01. Saving...
2025-08-18 14:39:52,038:INFO:Epoch: 2850/20000 | Train Loss: 5.032e-01 | Dynamic Loss: 5.032e-01 | Regularization Loss: 1.795e-05 | Val Loss: 5.367e-01 | Time: 4.90s
2025-08-18 14:39:52,039:INFO:New best model found at epoch 2850 with validation loss 5.367e-01. Saving...
2025-08-18 14:39:56,835:INFO:Epoch: 2900/20000 | Train Loss: 4.993e-01 | Dynamic Loss: 4.992e-01 | Regularization Loss: 1.707e-05 | Val Loss: 5.352e-01 | Time: 4.79s
2025-08-18 14:39:56,835:INFO:New best model found at epoch 2900 with validation loss 5.352e-01. Saving...
2025-08-18 14:40:02,244:INFO:Epoch: 2950/20000 | Train Loss: 4.968e-01 | Dynamic Loss: 4.968e-01 | Regularization Loss: 1.625e-05 | Val Loss: 5.313e-01 | Time: 5.40s
2025-08-18 14:40:02,244:INFO:New best model found at epoch 2950 with validation loss 5.313e-01. Saving...
2025-08-18 14:40:07,093:INFO:Epoch: 3000/20000 | Train Loss: 4.983e-01 | Dynamic Loss: 4.983e-01 | Regularization Loss: 1.550e-05 | Val Loss: 5.352e-01 | Time: 4.84s
2025-08-18 14:40:11,963:INFO:Epoch: 3050/20000 | Train Loss: 4.878e-01 | Dynamic Loss: 4.878e-01 | Regularization Loss: 1.481e-05 | Val Loss: 5.266e-01 | Time: 4.87s
2025-08-18 14:40:11,963:INFO:New best model found at epoch 3050 with validation loss 5.266e-01. Saving...
2025-08-18 14:40:16,909:INFO:Epoch: 3100/20000 | Train Loss: 4.892e-01 | Dynamic Loss: 4.892e-01 | Regularization Loss: 1.417e-05 | Val Loss: 5.268e-01 | Time: 4.94s
2025-08-18 14:40:21,811:INFO:Epoch: 3150/20000 | Train Loss: 4.826e-01 | Dynamic Loss: 4.826e-01 | Regularization Loss: 1.356e-05 | Val Loss: 5.223e-01 | Time: 4.90s
2025-08-18 14:40:21,811:INFO:New best model found at epoch 3150 with validation loss 5.223e-01. Saving...
2025-08-18 14:40:26,741:INFO:Epoch: 3200/20000 | Train Loss: 4.822e-01 | Dynamic Loss: 4.822e-01 | Regularization Loss: 1.298e-05 | Val Loss: 5.198e-01 | Time: 4.92s
2025-08-18 14:40:26,741:INFO:New best model found at epoch 3200 with validation loss 5.198e-01. Saving...
2025-08-18 14:40:31,657:INFO:Epoch: 3250/20000 | Train Loss: 4.766e-01 | Dynamic Loss: 4.766e-01 | Regularization Loss: 1.244e-05 | Val Loss: 5.179e-01 | Time: 4.91s
2025-08-18 14:40:31,657:INFO:New best model found at epoch 3250 with validation loss 5.179e-01. Saving...
2025-08-18 14:40:36,511:INFO:Epoch: 3300/20000 | Train Loss: 4.773e-01 | Dynamic Loss: 4.773e-01 | Regularization Loss: 1.194e-05 | Val Loss: 5.170e-01 | Time: 4.84s
2025-08-18 14:40:36,511:INFO:New best model found at epoch 3300 with validation loss 5.170e-01. Saving...
2025-08-18 14:40:47,217:INFO:Epoch: 3350/20000 | Train Loss: 4.719e-01 | Dynamic Loss: 4.718e-01 | Regularization Loss: 1.146e-05 | Val Loss: 5.149e-01 | Time: 10.70s
2025-08-18 14:40:47,217:INFO:New best model found at epoch 3350 with validation loss 5.149e-01. Saving...
2025-08-18 14:40:52,167:INFO:Epoch: 3400/20000 | Train Loss: 4.713e-01 | Dynamic Loss: 4.712e-01 | Regularization Loss: 1.102e-05 | Val Loss: 5.124e-01 | Time: 4.94s
2025-08-18 14:40:52,167:INFO:New best model found at epoch 3400 with validation loss 5.124e-01. Saving...
2025-08-18 14:40:57,251:INFO:Epoch: 3450/20000 | Train Loss: 4.701e-01 | Dynamic Loss: 4.701e-01 | Regularization Loss: 1.061e-05 | Val Loss: 5.104e-01 | Time: 5.07s
2025-08-18 14:40:57,251:INFO:New best model found at epoch 3450 with validation loss 5.104e-01. Saving...
2025-08-18 14:41:02,104:INFO:Epoch: 3500/20000 | Train Loss: 4.635e-01 | Dynamic Loss: 4.635e-01 | Regularization Loss: 1.023e-05 | Val Loss: 5.080e-01 | Time: 4.84s
2025-08-18 14:41:02,104:INFO:New best model found at epoch 3500 with validation loss 5.080e-01. Saving...
2025-08-18 14:41:07,001:INFO:Epoch: 3550/20000 | Train Loss: 4.629e-01 | Dynamic Loss: 4.629e-01 | Regularization Loss: 9.874e-06 | Val Loss: 5.080e-01 | Time: 4.89s
2025-08-18 14:41:11,931:INFO:Epoch: 3600/20000 | Train Loss: 4.665e-01 | Dynamic Loss: 4.665e-01 | Regularization Loss: 9.552e-06 | Val Loss: 5.115e-01 | Time: 4.93s
2025-08-18 14:41:16,894:INFO:Epoch: 3650/20000 | Train Loss: 4.544e-01 | Dynamic Loss: 4.544e-01 | Regularization Loss: 9.259e-06 | Val Loss: 5.015e-01 | Time: 4.96s
2025-08-18 14:41:16,895:INFO:New best model found at epoch 3650 with validation loss 5.015e-01. Saving...
2025-08-18 14:41:21,829:INFO:Epoch: 3700/20000 | Train Loss: 4.521e-01 | Dynamic Loss: 4.521e-01 | Regularization Loss: 8.998e-06 | Val Loss: 4.993e-01 | Time: 4.93s
2025-08-18 14:41:21,829:INFO:New best model found at epoch 3700 with validation loss 4.993e-01. Saving...
2025-08-18 14:41:32,207:INFO:Epoch: 3750/20000 | Train Loss: 4.499e-01 | Dynamic Loss: 4.499e-01 | Regularization Loss: 8.769e-06 | Val Loss: 4.972e-01 | Time: 10.37s
2025-08-18 14:41:32,207:INFO:New best model found at epoch 3750 with validation loss 4.972e-01. Saving...
2025-08-18 14:41:37,172:INFO:Epoch: 3800/20000 | Train Loss: 4.475e-01 | Dynamic Loss: 4.475e-01 | Regularization Loss: 8.575e-06 | Val Loss: 4.985e-01 | Time: 4.96s
2025-08-18 14:41:42,099:INFO:Epoch: 3850/20000 | Train Loss: 4.446e-01 | Dynamic Loss: 4.446e-01 | Regularization Loss: 8.395e-06 | Val Loss: 4.938e-01 | Time: 4.93s
2025-08-18 14:41:42,100:INFO:New best model found at epoch 3850 with validation loss 4.938e-01. Saving...
2025-08-18 14:41:47,027:INFO:Epoch: 3900/20000 | Train Loss: 4.398e-01 | Dynamic Loss: 4.398e-01 | Regularization Loss: 8.254e-06 | Val Loss: 4.902e-01 | Time: 4.92s
2025-08-18 14:41:47,027:INFO:New best model found at epoch 3900 with validation loss 4.902e-01. Saving...
2025-08-18 14:41:51,901:INFO:Epoch: 3950/20000 | Train Loss: 4.375e-01 | Dynamic Loss: 4.375e-01 | Regularization Loss: 8.161e-06 | Val Loss: 4.879e-01 | Time: 4.87s
2025-08-18 14:41:51,901:INFO:New best model found at epoch 3950 with validation loss 4.879e-01. Saving...
2025-08-18 14:41:58,006:INFO:Epoch: 4000/20000 | Train Loss: 4.375e-01 | Dynamic Loss: 4.374e-01 | Regularization Loss: 8.123e-06 | Val Loss: 4.868e-01 | Time: 6.10s
2025-08-18 14:41:58,006:INFO:New best model found at epoch 4000 with validation loss 4.868e-01. Saving...
2025-08-18 14:42:02,882:INFO:Epoch: 4050/20000 | Train Loss: 4.305e-01 | Dynamic Loss: 4.305e-01 | Regularization Loss: 8.127e-06 | Val Loss: 4.836e-01 | Time: 4.87s
2025-08-18 14:42:02,883:INFO:New best model found at epoch 4050 with validation loss 4.836e-01. Saving...
2025-08-18 14:42:07,779:INFO:Epoch: 4100/20000 | Train Loss: 4.307e-01 | Dynamic Loss: 4.307e-01 | Regularization Loss: 8.209e-06 | Val Loss: 4.855e-01 | Time: 4.89s
2025-08-18 14:42:12,670:INFO:Epoch: 4150/20000 | Train Loss: 4.248e-01 | Dynamic Loss: 4.248e-01 | Regularization Loss: 8.362e-06 | Val Loss: 4.810e-01 | Time: 4.89s
2025-08-18 14:42:12,671:INFO:New best model found at epoch 4150 with validation loss 4.810e-01. Saving...
2025-08-18 14:42:17,518:INFO:Epoch: 4200/20000 | Train Loss: 4.206e-01 | Dynamic Loss: 4.206e-01 | Regularization Loss: 8.624e-06 | Val Loss: 4.785e-01 | Time: 4.84s
2025-08-18 14:42:17,518:INFO:New best model found at epoch 4200 with validation loss 4.785e-01. Saving...
2025-08-18 14:42:27,147:INFO:Epoch: 4250/20000 | Train Loss: 4.143e-01 | Dynamic Loss: 4.143e-01 | Regularization Loss: 9.014e-06 | Val Loss: 4.704e-01 | Time: 9.62s
2025-08-18 14:42:27,147:INFO:New best model found at epoch 4250 with validation loss 4.704e-01. Saving...
2025-08-18 14:42:32,040:INFO:Epoch: 4300/20000 | Train Loss: 4.140e-01 | Dynamic Loss: 4.139e-01 | Regularization Loss: 9.601e-06 | Val Loss: 4.706e-01 | Time: 4.88s
2025-08-18 14:42:37,001:INFO:Epoch: 4350/20000 | Train Loss: 4.079e-01 | Dynamic Loss: 4.079e-01 | Regularization Loss: 1.039e-05 | Val Loss: 4.679e-01 | Time: 4.96s
2025-08-18 14:42:37,001:INFO:New best model found at epoch 4350 with validation loss 4.679e-01. Saving...
2025-08-18 14:42:41,893:INFO:Epoch: 4400/20000 | Train Loss: 4.045e-01 | Dynamic Loss: 4.045e-01 | Regularization Loss: 1.156e-05 | Val Loss: 4.654e-01 | Time: 4.88s
2025-08-18 14:42:41,893:INFO:New best model found at epoch 4400 with validation loss 4.654e-01. Saving...
2025-08-18 14:42:46,767:INFO:Epoch: 4450/20000 | Train Loss: 3.919e-01 | Dynamic Loss: 3.919e-01 | Regularization Loss: 1.312e-05 | Val Loss: 4.532e-01 | Time: 4.87s
2025-08-18 14:42:46,767:INFO:New best model found at epoch 4450 with validation loss 4.532e-01. Saving...
2025-08-18 14:42:52,498:INFO:Epoch: 4500/20000 | Train Loss: 3.924e-01 | Dynamic Loss: 3.924e-01 | Regularization Loss: 1.537e-05 | Val Loss: 4.489e-01 | Time: 5.72s
2025-08-18 14:42:52,499:INFO:New best model found at epoch 4500 with validation loss 4.489e-01. Saving...
2025-08-18 14:42:57,374:INFO:Epoch: 4550/20000 | Train Loss: 3.963e-01 | Dynamic Loss: 3.963e-01 | Regularization Loss: 1.849e-05 | Val Loss: 4.486e-01 | Time: 4.87s
2025-08-18 14:42:57,375:INFO:New best model found at epoch 4550 with validation loss 4.486e-01. Saving...
2025-08-18 14:43:02,322:INFO:Epoch: 4600/20000 | Train Loss: 3.757e-01 | Dynamic Loss: 3.757e-01 | Regularization Loss: 2.251e-05 | Val Loss: 4.353e-01 | Time: 4.94s
2025-08-18 14:43:02,322:INFO:New best model found at epoch 4600 with validation loss 4.353e-01. Saving...
2025-08-18 14:43:12,796:INFO:Epoch: 4650/20000 | Train Loss: 3.632e-01 | Dynamic Loss: 3.632e-01 | Regularization Loss: 2.759e-05 | Val Loss: 4.290e-01 | Time: 10.46s
2025-08-18 14:43:12,796:INFO:New best model found at epoch 4650 with validation loss 4.290e-01. Saving...
2025-08-18 14:43:17,689:INFO:Epoch: 4700/20000 | Train Loss: 3.544e-01 | Dynamic Loss: 3.544e-01 | Regularization Loss: 3.370e-05 | Val Loss: 4.226e-01 | Time: 4.88s
2025-08-18 14:43:17,689:INFO:New best model found at epoch 4700 with validation loss 4.226e-01. Saving...
2025-08-18 14:43:22,692:INFO:Epoch: 4750/20000 | Train Loss: 3.488e-01 | Dynamic Loss: 3.488e-01 | Regularization Loss: 4.065e-05 | Val Loss: 4.213e-01 | Time: 4.99s
2025-08-18 14:43:22,692:INFO:New best model found at epoch 4750 with validation loss 4.213e-01. Saving...
2025-08-18 14:43:27,619:INFO:Epoch: 4800/20000 | Train Loss: 3.397e-01 | Dynamic Loss: 3.396e-01 | Regularization Loss: 4.721e-05 | Val Loss: 4.138e-01 | Time: 4.92s
2025-08-18 14:43:27,619:INFO:New best model found at epoch 4800 with validation loss 4.138e-01. Saving...
2025-08-18 14:43:33,127:INFO:Epoch: 4850/20000 | Train Loss: 3.287e-01 | Dynamic Loss: 3.287e-01 | Regularization Loss: 5.288e-05 | Val Loss: 4.004e-01 | Time: 5.50s
2025-08-18 14:43:33,128:INFO:New best model found at epoch 4850 with validation loss 4.004e-01. Saving...
2025-08-18 14:43:38,972:INFO:Epoch: 4900/20000 | Train Loss: 3.225e-01 | Dynamic Loss: 3.225e-01 | Regularization Loss: 5.774e-05 | Val Loss: 3.920e-01 | Time: 5.84s
2025-08-18 14:43:38,972:INFO:New best model found at epoch 4900 with validation loss 3.920e-01. Saving...
2025-08-18 14:43:43,994:INFO:Epoch: 4950/20000 | Train Loss: 3.146e-01 | Dynamic Loss: 3.145e-01 | Regularization Loss: 6.255e-05 | Val Loss: 3.898e-01 | Time: 5.01s
2025-08-18 14:43:43,994:INFO:New best model found at epoch 4950 with validation loss 3.898e-01. Saving...
2025-08-18 14:43:49,013:INFO:Epoch: 5000/20000 | Train Loss: 3.137e-01 | Dynamic Loss: 3.136e-01 | Regularization Loss: 6.627e-05 | Val Loss: 3.902e-01 | Time: 5.01s
2025-08-18 14:43:53,972:INFO:Epoch: 5050/20000 | Train Loss: 2.967e-01 | Dynamic Loss: 2.967e-01 | Regularization Loss: 6.822e-05 | Val Loss: 3.769e-01 | Time: 4.96s
2025-08-18 14:43:53,972:INFO:New best model found at epoch 5050 with validation loss 3.769e-01. Saving...
2025-08-18 14:43:58,880:INFO:Epoch: 5100/20000 | Train Loss: 2.847e-01 | Dynamic Loss: 2.846e-01 | Regularization Loss: 6.989e-05 | Val Loss: 3.609e-01 | Time: 4.90s
2025-08-18 14:43:58,880:INFO:New best model found at epoch 5100 with validation loss 3.609e-01. Saving...
2025-08-18 14:44:03,935:INFO:Epoch: 5150/20000 | Train Loss: 2.805e-01 | Dynamic Loss: 2.805e-01 | Regularization Loss: 6.854e-05 | Val Loss: 3.575e-01 | Time: 5.05s
2025-08-18 14:44:03,936:INFO:New best model found at epoch 5150 with validation loss 3.575e-01. Saving...
2025-08-18 14:44:08,909:INFO:Epoch: 5200/20000 | Train Loss: 2.712e-01 | Dynamic Loss: 2.711e-01 | Regularization Loss: 7.017e-05 | Val Loss: 3.511e-01 | Time: 4.96s
2025-08-18 14:44:08,910:INFO:New best model found at epoch 5200 with validation loss 3.511e-01. Saving...
2025-08-18 14:44:13,920:INFO:Epoch: 5250/20000 | Train Loss: 2.695e-01 | Dynamic Loss: 2.694e-01 | Regularization Loss: 6.955e-05 | Val Loss: 3.533e-01 | Time: 5.00s
2025-08-18 14:44:24,691:INFO:Epoch: 5300/20000 | Train Loss: 2.605e-01 | Dynamic Loss: 2.604e-01 | Regularization Loss: 6.803e-05 | Val Loss: 3.385e-01 | Time: 10.77s
2025-08-18 14:44:24,692:INFO:New best model found at epoch 5300 with validation loss 3.385e-01. Saving...
2025-08-18 14:44:29,628:INFO:Epoch: 5350/20000 | Train Loss: 2.573e-01 | Dynamic Loss: 2.572e-01 | Regularization Loss: 6.602e-05 | Val Loss: 3.350e-01 | Time: 4.93s
2025-08-18 14:44:29,628:INFO:New best model found at epoch 5350 with validation loss 3.350e-01. Saving...
2025-08-18 14:44:34,702:INFO:Epoch: 5400/20000 | Train Loss: 2.445e-01 | Dynamic Loss: 2.444e-01 | Regularization Loss: 6.344e-05 | Val Loss: 3.275e-01 | Time: 5.07s
2025-08-18 14:44:34,702:INFO:New best model found at epoch 5400 with validation loss 3.275e-01. Saving...
2025-08-18 14:44:45,557:INFO:Epoch: 5450/20000 | Train Loss: 2.758e-01 | Dynamic Loss: 2.757e-01 | Regularization Loss: 6.270e-05 | Val Loss: 3.657e-01 | Time: 10.85s
2025-08-18 14:44:50,496:INFO:Epoch: 5500/20000 | Train Loss: 2.436e-01 | Dynamic Loss: 2.435e-01 | Regularization Loss: 6.058e-05 | Val Loss: 3.206e-01 | Time: 4.94s
2025-08-18 14:44:50,496:INFO:New best model found at epoch 5500 with validation loss 3.206e-01. Saving...
2025-08-18 14:44:55,495:INFO:Epoch: 5550/20000 | Train Loss: 2.401e-01 | Dynamic Loss: 2.401e-01 | Regularization Loss: 5.780e-05 | Val Loss: 3.212e-01 | Time: 4.99s
2025-08-18 14:45:00,488:INFO:Epoch: 5600/20000 | Train Loss: 2.262e-01 | Dynamic Loss: 2.262e-01 | Regularization Loss: 5.587e-05 | Val Loss: 3.078e-01 | Time: 4.99s
2025-08-18 14:45:00,488:INFO:New best model found at epoch 5600 with validation loss 3.078e-01. Saving...
2025-08-18 14:45:05,526:INFO:Epoch: 5650/20000 | Train Loss: 2.227e-01 | Dynamic Loss: 2.226e-01 | Regularization Loss: 5.348e-05 | Val Loss: 3.049e-01 | Time: 5.03s
2025-08-18 14:45:05,526:INFO:New best model found at epoch 5650 with validation loss 3.049e-01. Saving...
2025-08-18 14:45:10,478:INFO:Epoch: 5700/20000 | Train Loss: 2.155e-01 | Dynamic Loss: 2.155e-01 | Regularization Loss: 5.119e-05 | Val Loss: 2.996e-01 | Time: 4.94s
2025-08-18 14:45:10,478:INFO:New best model found at epoch 5700 with validation loss 2.996e-01. Saving...
2025-08-18 14:45:15,395:INFO:Epoch: 5750/20000 | Train Loss: 2.180e-01 | Dynamic Loss: 2.179e-01 | Regularization Loss: 4.917e-05 | Val Loss: 3.074e-01 | Time: 4.91s
2025-08-18 14:45:20,354:INFO:Epoch: 5800/20000 | Train Loss: 2.120e-01 | Dynamic Loss: 2.119e-01 | Regularization Loss: 4.704e-05 | Val Loss: 2.965e-01 | Time: 4.96s
2025-08-18 14:45:20,354:INFO:New best model found at epoch 5800 with validation loss 2.965e-01. Saving...
2025-08-18 14:45:25,300:INFO:Epoch: 5850/20000 | Train Loss: 2.065e-01 | Dynamic Loss: 2.065e-01 | Regularization Loss: 4.470e-05 | Val Loss: 2.922e-01 | Time: 4.94s
2025-08-18 14:45:25,300:INFO:New best model found at epoch 5850 with validation loss 2.922e-01. Saving...
2025-08-18 14:45:30,299:INFO:Epoch: 5900/20000 | Train Loss: 2.027e-01 | Dynamic Loss: 2.026e-01 | Regularization Loss: 4.294e-05 | Val Loss: 2.898e-01 | Time: 4.99s
2025-08-18 14:45:30,300:INFO:New best model found at epoch 5900 with validation loss 2.898e-01. Saving...
2025-08-18 14:45:35,278:INFO:Epoch: 5950/20000 | Train Loss: 2.087e-01 | Dynamic Loss: 2.086e-01 | Regularization Loss: 4.064e-05 | Val Loss: 2.878e-01 | Time: 4.97s
2025-08-18 14:45:35,279:INFO:New best model found at epoch 5950 with validation loss 2.878e-01. Saving...
2025-08-18 14:45:40,210:INFO:Epoch: 6000/20000 | Train Loss: 1.947e-01 | Dynamic Loss: 1.947e-01 | Regularization Loss: 3.883e-05 | Val Loss: 2.812e-01 | Time: 4.92s
2025-08-18 14:45:40,210:INFO:New best model found at epoch 6000 with validation loss 2.812e-01. Saving...
2025-08-18 14:45:45,133:INFO:Epoch: 6050/20000 | Train Loss: 1.918e-01 | Dynamic Loss: 1.918e-01 | Regularization Loss: 3.701e-05 | Val Loss: 2.810e-01 | Time: 4.91s
2025-08-18 14:45:45,133:INFO:New best model found at epoch 6050 with validation loss 2.810e-01. Saving...
2025-08-18 14:45:54,917:INFO:Epoch: 6100/20000 | Train Loss: 1.987e-01 | Dynamic Loss: 1.987e-01 | Regularization Loss: 3.582e-05 | Val Loss: 2.845e-01 | Time: 9.77s
2025-08-18 14:45:59,956:INFO:Epoch: 6150/20000 | Train Loss: 1.906e-01 | Dynamic Loss: 1.906e-01 | Regularization Loss: 3.402e-05 | Val Loss: 2.761e-01 | Time: 5.04s
2025-08-18 14:45:59,956:INFO:New best model found at epoch 6150 with validation loss 2.761e-01. Saving...
2025-08-18 14:46:05,061:INFO:Epoch: 6200/20000 | Train Loss: 1.865e-01 | Dynamic Loss: 1.864e-01 | Regularization Loss: 3.228e-05 | Val Loss: 2.717e-01 | Time: 5.10s
2025-08-18 14:46:05,061:INFO:New best model found at epoch 6200 with validation loss 2.717e-01. Saving...
2025-08-18 14:46:09,987:INFO:Epoch: 6250/20000 | Train Loss: 1.816e-01 | Dynamic Loss: 1.815e-01 | Regularization Loss: 3.056e-05 | Val Loss: 2.708e-01 | Time: 4.92s
2025-08-18 14:46:09,987:INFO:New best model found at epoch 6250 with validation loss 2.708e-01. Saving...
2025-08-18 14:46:14,864:INFO:Epoch: 6300/20000 | Train Loss: 1.781e-01 | Dynamic Loss: 1.781e-01 | Regularization Loss: 2.957e-05 | Val Loss: 2.667e-01 | Time: 4.87s
2025-08-18 14:46:14,864:INFO:New best model found at epoch 6300 with validation loss 2.667e-01. Saving...
2025-08-18 14:46:20,839:INFO:Epoch: 6350/20000 | Train Loss: 1.904e-01 | Dynamic Loss: 1.904e-01 | Regularization Loss: 2.811e-05 | Val Loss: 2.822e-01 | Time: 5.97s
2025-08-18 14:46:25,862:INFO:Epoch: 6400/20000 | Train Loss: 1.750e-01 | Dynamic Loss: 1.750e-01 | Regularization Loss: 2.684e-05 | Val Loss: 2.624e-01 | Time: 5.02s
2025-08-18 14:46:25,862:INFO:New best model found at epoch 6400 with validation loss 2.624e-01. Saving...
2025-08-18 14:46:30,911:INFO:Epoch: 6450/20000 | Train Loss: 1.838e-01 | Dynamic Loss: 1.838e-01 | Regularization Loss: 2.569e-05 | Val Loss: 2.759e-01 | Time: 5.04s
2025-08-18 14:46:35,961:INFO:Epoch: 6500/20000 | Train Loss: 1.713e-01 | Dynamic Loss: 1.713e-01 | Regularization Loss: 2.425e-05 | Val Loss: 2.609e-01 | Time: 5.05s
2025-08-18 14:46:35,961:INFO:New best model found at epoch 6500 with validation loss 2.609e-01. Saving...
2025-08-18 14:46:40,856:INFO:Epoch: 6550/20000 | Train Loss: 1.720e-01 | Dynamic Loss: 1.720e-01 | Regularization Loss: 2.349e-05 | Val Loss: 2.641e-01 | Time: 4.89s
2025-08-18 14:46:45,866:INFO:Epoch: 6600/20000 | Train Loss: 1.685e-01 | Dynamic Loss: 1.685e-01 | Regularization Loss: 2.174e-05 | Val Loss: 2.569e-01 | Time: 5.01s
2025-08-18 14:46:45,867:INFO:New best model found at epoch 6600 with validation loss 2.569e-01. Saving...
2025-08-18 14:46:50,811:INFO:Epoch: 6650/20000 | Train Loss: 1.836e-01 | Dynamic Loss: 1.836e-01 | Regularization Loss: 2.129e-05 | Val Loss: 2.605e-01 | Time: 4.93s
2025-08-18 14:46:55,755:INFO:Epoch: 6700/20000 | Train Loss: 1.628e-01 | Dynamic Loss: 1.628e-01 | Regularization Loss: 2.027e-05 | Val Loss: 2.536e-01 | Time: 4.94s
2025-08-18 14:46:55,756:INFO:New best model found at epoch 6700 with validation loss 2.536e-01. Saving...
2025-08-18 14:47:00,795:INFO:Epoch: 6750/20000 | Train Loss: 1.686e-01 | Dynamic Loss: 1.686e-01 | Regularization Loss: 1.932e-05 | Val Loss: 2.627e-01 | Time: 5.03s
2025-08-18 14:47:05,814:INFO:Epoch: 6800/20000 | Train Loss: 1.591e-01 | Dynamic Loss: 1.590e-01 | Regularization Loss: 1.843e-05 | Val Loss: 2.510e-01 | Time: 5.02s
2025-08-18 14:47:05,814:INFO:New best model found at epoch 6800 with validation loss 2.510e-01. Saving...
2025-08-18 14:47:10,913:INFO:Epoch: 6850/20000 | Train Loss: 1.578e-01 | Dynamic Loss: 1.578e-01 | Regularization Loss: 1.743e-05 | Val Loss: 2.483e-01 | Time: 5.09s
2025-08-18 14:47:10,913:INFO:New best model found at epoch 6850 with validation loss 2.483e-01. Saving...
2025-08-18 14:47:15,859:INFO:Epoch: 6900/20000 | Train Loss: 1.732e-01 | Dynamic Loss: 1.732e-01 | Regularization Loss: 1.692e-05 | Val Loss: 2.660e-01 | Time: 4.94s
2025-08-18 14:47:20,750:INFO:Epoch: 6950/20000 | Train Loss: 1.566e-01 | Dynamic Loss: 1.566e-01 | Regularization Loss: 1.582e-05 | Val Loss: 2.484e-01 | Time: 4.89s
2025-08-18 14:47:26,691:INFO:Epoch: 7000/20000 | Train Loss: 1.584e-01 | Dynamic Loss: 1.584e-01 | Regularization Loss: 1.517e-05 | Val Loss: 2.465e-01 | Time: 5.94s
2025-08-18 14:47:26,691:INFO:New best model found at epoch 7000 with validation loss 2.465e-01. Saving...
2025-08-18 14:47:31,622:INFO:Epoch: 7050/20000 | Train Loss: 1.604e-01 | Dynamic Loss: 1.604e-01 | Regularization Loss: 1.453e-05 | Val Loss: 2.478e-01 | Time: 4.92s
2025-08-18 14:47:36,629:INFO:Epoch: 7100/20000 | Train Loss: 1.604e-01 | Dynamic Loss: 1.604e-01 | Regularization Loss: 1.397e-05 | Val Loss: 2.506e-01 | Time: 5.01s
2025-08-18 14:47:44,861:INFO:Epoch: 7150/20000 | Train Loss: 1.560e-01 | Dynamic Loss: 1.560e-01 | Regularization Loss: 1.332e-05 | Val Loss: 2.488e-01 | Time: 8.23s
2025-08-18 14:47:49,903:INFO:Epoch: 7200/20000 | Train Loss: 1.594e-01 | Dynamic Loss: 1.594e-01 | Regularization Loss: 1.278e-05 | Val Loss: 2.513e-01 | Time: 5.04s
2025-08-18 14:47:54,963:INFO:Epoch: 7250/20000 | Train Loss: 1.488e-01 | Dynamic Loss: 1.487e-01 | Regularization Loss: 1.192e-05 | Val Loss: 2.405e-01 | Time: 5.06s
2025-08-18 14:47:54,963:INFO:New best model found at epoch 7250 with validation loss 2.405e-01. Saving...
2025-08-18 14:47:59,869:INFO:Epoch: 7300/20000 | Train Loss: 1.574e-01 | Dynamic Loss: 1.573e-01 | Regularization Loss: 1.151e-05 | Val Loss: 2.443e-01 | Time: 4.90s
2025-08-18 14:48:04,801:INFO:Epoch: 7350/20000 | Train Loss: 1.446e-01 | Dynamic Loss: 1.445e-01 | Regularization Loss: 1.083e-05 | Val Loss: 2.373e-01 | Time: 4.93s
2025-08-18 14:48:04,801:INFO:New best model found at epoch 7350 with validation loss 2.373e-01. Saving...
2025-08-18 14:48:15,666:INFO:Epoch: 7400/20000 | Train Loss: 1.470e-01 | Dynamic Loss: 1.470e-01 | Regularization Loss: 1.054e-05 | Val Loss: 2.384e-01 | Time: 10.86s
2025-08-18 14:48:20,677:INFO:Epoch: 7450/20000 | Train Loss: 1.542e-01 | Dynamic Loss: 1.542e-01 | Regularization Loss: 1.007e-05 | Val Loss: 2.501e-01 | Time: 5.01s
2025-08-18 14:48:25,773:INFO:Epoch: 7500/20000 | Train Loss: 1.583e-01 | Dynamic Loss: 1.582e-01 | Regularization Loss: 9.536e-06 | Val Loss: 2.512e-01 | Time: 5.10s
2025-08-18 14:48:30,757:INFO:Epoch: 7550/20000 | Train Loss: 1.482e-01 | Dynamic Loss: 1.482e-01 | Regularization Loss: 9.305e-06 | Val Loss: 2.418e-01 | Time: 4.98s
2025-08-18 14:48:35,669:INFO:Epoch: 7600/20000 | Train Loss: nan | Dynamic Loss: nan | Regularization Loss: nan | Val Loss: nan | Time: 4.91s
2025-08-18 14:48:42,603:INFO:Epoch: 7650/20000 | Train Loss: nan | Dynamic Loss: nan | Regularization Loss: nan | Val Loss: nan | Time: 6.93s
2025-08-18 14:48:47,500:INFO:Epoch: 7700/20000 | Train Loss: nan | Dynamic Loss: nan | Regularization Loss: nan | Val Loss: nan | Time: 4.90s
2025-08-18 14:48:52,420:INFO:Epoch: 7750/20000 | Train Loss: nan | Dynamic Loss: nan | Regularization Loss: nan | Val Loss: nan | Time: 4.92s
2025-08-18 14:49:03,428:INFO:Epoch: 7800/20000 | Train Loss: nan | Dynamic Loss: nan | Regularization Loss: nan | Val Loss: nan | Time: 11.01s
2025-08-18 14:49:08,470:INFO:Epoch: 7850/20000 | Train Loss: nan | Dynamic Loss: nan | Regularization Loss: nan | Val Loss: nan | Time: 5.04s
2025-08-18 14:49:13,486:INFO:Epoch: 7900/20000 | Train Loss: nan | Dynamic Loss: nan | Regularization Loss: nan | Val Loss: nan | Time: 5.02s
2025-08-18 14:49:18,446:INFO:Epoch: 7950/20000 | Train Loss: nan | Dynamic Loss: nan | Regularization Loss: nan | Val Loss: nan | Time: 4.96s
2025-08-18 14:49:23,405:INFO:Epoch: 8000/20000 | Train Loss: nan | Dynamic Loss: nan | Regularization Loss: nan | Val Loss: nan | Time: 4.96s
2025-08-18 14:49:28,434:INFO:Epoch: 8050/20000 | Train Loss: nan | Dynamic Loss: nan | Regularization Loss: nan | Val Loss: nan | Time: 5.03s
2025-08-18 14:49:33,408:INFO:Epoch: 8100/20000 | Train Loss: nan | Dynamic Loss: nan | Regularization Loss: nan | Val Loss: nan | Time: 4.97s
2025-08-18 14:49:38,342:INFO:Epoch: 8150/20000 | Train Loss: nan | Dynamic Loss: nan | Regularization Loss: nan | Val Loss: nan | Time: 4.93s
2025-08-18 14:49:48,542:INFO:Epoch: 8200/20000 | Train Loss: nan | Dynamic Loss: nan | Regularization Loss: nan | Val Loss: nan | Time: 10.20s
2025-08-18 14:49:53,498:INFO:Epoch: 8250/20000 | Train Loss: nan | Dynamic Loss: nan | Regularization Loss: nan | Val Loss: nan | Time: 4.96s
2025-08-18 14:49:58,528:INFO:Epoch: 8300/20000 | Train Loss: nan | Dynamic Loss: nan | Regularization Loss: nan | Val Loss: nan | Time: 5.03s
2025-08-18 14:50:03,559:INFO:Epoch: 8350/20000 | Train Loss: nan | Dynamic Loss: nan | Regularization Loss: nan | Val Loss: nan | Time: 5.03s
2025-08-18 14:50:08,628:INFO:Epoch: 8400/20000 | Train Loss: nan | Dynamic Loss: nan | Regularization Loss: nan | Val Loss: nan | Time: 5.07s
2025-08-18 14:50:13,650:INFO:Epoch: 8450/20000 | Train Loss: nan | Dynamic Loss: nan | Regularization Loss: nan | Val Loss: nan | Time: 5.02s
2025-08-18 14:50:18,663:INFO:Epoch: 8500/20000 | Train Loss: nan | Dynamic Loss: nan | Regularization Loss: nan | Val Loss: nan | Time: 5.01s
2025-08-18 14:50:23,818:INFO:Epoch: 8550/20000 | Train Loss: nan | Dynamic Loss: nan | Regularization Loss: nan | Val Loss: nan | Time: 5.16s
2025-08-18 14:50:28,868:INFO:Epoch: 8600/20000 | Train Loss: nan | Dynamic Loss: nan | Regularization Loss: nan | Val Loss: nan | Time: 5.05s
2025-08-18 14:50:33,870:INFO:Epoch: 8650/20000 | Train Loss: nan | Dynamic Loss: nan | Regularization Loss: nan | Val Loss: nan | Time: 5.00s
2025-08-18 14:50:38,892:INFO:Epoch: 8700/20000 | Train Loss: nan | Dynamic Loss: nan | Regularization Loss: nan | Val Loss: nan | Time: 5.02s
2025-08-18 14:50:43,960:INFO:Epoch: 8750/20000 | Train Loss: nan | Dynamic Loss: nan | Regularization Loss: nan | Val Loss: nan | Time: 5.07s
2025-08-18 14:50:48,877:INFO:Epoch: 8800/20000 | Train Loss: nan | Dynamic Loss: nan | Regularization Loss: nan | Val Loss: nan | Time: 4.92s
2025-08-18 14:50:59,037:INFO:Epoch: 8850/20000 | Train Loss: nan | Dynamic Loss: nan | Regularization Loss: nan | Val Loss: nan | Time: 10.16s
2025-08-18 14:51:04,001:INFO:Epoch: 8900/20000 | Train Loss: nan | Dynamic Loss: nan | Regularization Loss: nan | Val Loss: nan | Time: 4.96s
2025-08-18 14:51:09,042:INFO:Epoch: 8950/20000 | Train Loss: nan | Dynamic Loss: nan | Regularization Loss: nan | Val Loss: nan | Time: 5.04s
2025-08-18 14:51:14,105:INFO:Epoch: 9000/20000 | Train Loss: nan | Dynamic Loss: nan | Regularization Loss: nan | Val Loss: nan | Time: 5.06s
2025-08-18 14:51:19,154:INFO:Epoch: 9050/20000 | Train Loss: nan | Dynamic Loss: nan | Regularization Loss: nan | Val Loss: nan | Time: 5.05s
2025-08-18 14:51:24,881:INFO:Epoch: 9100/20000 | Train Loss: nan | Dynamic Loss: nan | Regularization Loss: nan | Val Loss: nan | Time: 5.73s
2025-08-18 14:51:29,879:INFO:Epoch: 9150/20000 | Train Loss: nan | Dynamic Loss: nan | Regularization Loss: nan | Val Loss: nan | Time: 5.00s
2025-08-18 14:51:34,843:INFO:Epoch: 9200/20000 | Train Loss: nan | Dynamic Loss: nan | Regularization Loss: nan | Val Loss: nan | Time: 4.96s
2025-08-18 14:51:46,254:INFO:Epoch: 9250/20000 | Train Loss: nan | Dynamic Loss: nan | Regularization Loss: nan | Val Loss: nan | Time: 11.41s
2025-08-18 14:51:51,303:INFO:Epoch: 9300/20000 | Train Loss: nan | Dynamic Loss: nan | Regularization Loss: nan | Val Loss: nan | Time: 5.05s
2025-08-18 14:51:56,462:INFO:Epoch: 9350/20000 | Train Loss: nan | Dynamic Loss: nan | Regularization Loss: nan | Val Loss: nan | Time: 5.16s
2025-08-18 14:52:01,589:INFO:Epoch: 9400/20000 | Train Loss: nan | Dynamic Loss: nan | Regularization Loss: nan | Val Loss: nan | Time: 5.13s
2025-08-18 14:52:06,508:INFO:Epoch: 9450/20000 | Train Loss: nan | Dynamic Loss: nan | Regularization Loss: nan | Val Loss: nan | Time: 4.92s
2025-08-18 14:52:12,162:INFO:Epoch: 9500/20000 | Train Loss: nan | Dynamic Loss: nan | Regularization Loss: nan | Val Loss: nan | Time: 5.65s
2025-08-18 14:52:17,093:INFO:Epoch: 9550/20000 | Train Loss: nan | Dynamic Loss: nan | Regularization Loss: nan | Val Loss: nan | Time: 4.93s
2025-08-18 14:52:22,163:INFO:Epoch: 9600/20000 | Train Loss: nan | Dynamic Loss: nan | Regularization Loss: nan | Val Loss: nan | Time: 5.07s
2025-08-18 14:52:29,257:INFO:Epoch: 9650/20000 | Train Loss: nan | Dynamic Loss: nan | Regularization Loss: nan | Val Loss: nan | Time: 7.09s
2025-08-18 14:52:34,243:INFO:Epoch: 9700/20000 | Train Loss: nan | Dynamic Loss: nan | Regularization Loss: nan | Val Loss: nan | Time: 4.99s
2025-08-18 14:52:39,385:INFO:Epoch: 9750/20000 | Train Loss: nan | Dynamic Loss: nan | Regularization Loss: nan | Val Loss: nan | Time: 5.14s
2025-08-18 14:52:44,453:INFO:Epoch: 9800/20000 | Train Loss: nan | Dynamic Loss: nan | Regularization Loss: nan | Val Loss: nan | Time: 5.07s
2025-08-18 14:52:49,426:INFO:Epoch: 9850/20000 | Train Loss: nan | Dynamic Loss: nan | Regularization Loss: nan | Val Loss: nan | Time: 4.97s
2025-08-18 14:52:54,455:INFO:Epoch: 9900/20000 | Train Loss: nan | Dynamic Loss: nan | Regularization Loss: nan | Val Loss: nan | Time: 5.03s
2025-08-18 14:52:59,486:INFO:Epoch: 9950/20000 | Train Loss: nan | Dynamic Loss: nan | Regularization Loss: nan | Val Loss: nan | Time: 5.03s
2025-08-18 14:53:04,564:INFO:Epoch: 10000/20000 | Train Loss: nan | Dynamic Loss: nan | Regularization Loss: nan | Val Loss: nan | Time: 5.08s
2025-08-18 14:53:14,072:INFO:Epoch: 10050/20000 | Train Loss: nan | Dynamic Loss: nan | Regularization Loss: nan | Val Loss: nan | Time: 9.51s
2025-08-18 14:53:19,070:INFO:Epoch: 10100/20000 | Train Loss: nan | Dynamic Loss: nan | Regularization Loss: nan | Val Loss: nan | Time: 5.00s
2025-08-18 14:53:24,038:INFO:Epoch: 10150/20000 | Train Loss: nan | Dynamic Loss: nan | Regularization Loss: nan | Val Loss: nan | Time: 4.97s
2025-08-18 14:53:35,305:INFO:Epoch: 10200/20000 | Train Loss: nan | Dynamic Loss: nan | Regularization Loss: nan | Val Loss: nan | Time: 11.27s
2025-08-18 14:53:40,405:INFO:Epoch: 10250/20000 | Train Loss: nan | Dynamic Loss: nan | Regularization Loss: nan | Val Loss: nan | Time: 5.10s
2025-08-18 14:53:45,459:INFO:Epoch: 10300/20000 | Train Loss: nan | Dynamic Loss: nan | Regularization Loss: nan | Val Loss: nan | Time: 5.05s
2025-08-18 14:53:50,456:INFO:Epoch: 10350/20000 | Train Loss: nan | Dynamic Loss: nan | Regularization Loss: nan | Val Loss: nan | Time: 5.00s
2025-08-18 14:53:55,477:INFO:Epoch: 10400/20000 | Train Loss: nan | Dynamic Loss: nan | Regularization Loss: nan | Val Loss: nan | Time: 5.02s
2025-08-18 14:54:02,472:INFO:Epoch: 10450/20000 | Train Loss: nan | Dynamic Loss: nan | Regularization Loss: nan | Val Loss: nan | Time: 7.00s
2025-08-18 14:54:07,444:INFO:Epoch: 10500/20000 | Train Loss: nan | Dynamic Loss: nan | Regularization Loss: nan | Val Loss: nan | Time: 4.97s
2025-08-18 14:54:12,434:INFO:Epoch: 10550/20000 | Train Loss: nan | Dynamic Loss: nan | Regularization Loss: nan | Val Loss: nan | Time: 4.99s
2025-08-18 14:54:17,538:INFO:Epoch: 10600/20000 | Train Loss: nan | Dynamic Loss: nan | Regularization Loss: nan | Val Loss: nan | Time: 5.10s
2025-08-18 14:54:22,571:INFO:Epoch: 10650/20000 | Train Loss: nan | Dynamic Loss: nan | Regularization Loss: nan | Val Loss: nan | Time: 5.03s
2025-08-18 14:54:29,116:INFO:Epoch: 10700/20000 | Train Loss: nan | Dynamic Loss: nan | Regularization Loss: nan | Val Loss: nan | Time: 6.54s
2025-08-18 14:54:34,069:INFO:Epoch: 10750/20000 | Train Loss: nan | Dynamic Loss: nan | Regularization Loss: nan | Val Loss: nan | Time: 4.95s
2025-08-18 14:54:39,005:INFO:Epoch: 10800/20000 | Train Loss: nan | Dynamic Loss: nan | Regularization Loss: nan | Val Loss: nan | Time: 4.94s
2025-08-18 14:54:50,144:INFO:Epoch: 10850/20000 | Train Loss: nan | Dynamic Loss: nan | Regularization Loss: nan | Val Loss: nan | Time: 11.14s
2025-08-18 14:54:55,101:INFO:Epoch: 10900/20000 | Train Loss: nan | Dynamic Loss: nan | Regularization Loss: nan | Val Loss: nan | Time: 4.96s
2025-08-18 14:55:00,170:INFO:Epoch: 10950/20000 | Train Loss: nan | Dynamic Loss: nan | Regularization Loss: nan | Val Loss: nan | Time: 5.07s
2025-08-18 14:55:05,170:INFO:Epoch: 11000/20000 | Train Loss: nan | Dynamic Loss: nan | Regularization Loss: nan | Val Loss: nan | Time: 5.00s
2025-08-18 14:55:10,139:INFO:Epoch: 11050/20000 | Train Loss: nan | Dynamic Loss: nan | Regularization Loss: nan | Val Loss: nan | Time: 4.97s
2025-08-18 14:55:17,319:INFO:Epoch: 11100/20000 | Train Loss: nan | Dynamic Loss: nan | Regularization Loss: nan | Val Loss: nan | Time: 7.18s
2025-08-18 14:55:22,295:INFO:Epoch: 11150/20000 | Train Loss: nan | Dynamic Loss: nan | Regularization Loss: nan | Val Loss: nan | Time: 4.98s
2025-08-18 14:55:27,285:INFO:Epoch: 11200/20000 | Train Loss: nan | Dynamic Loss: nan | Regularization Loss: nan | Val Loss: nan | Time: 4.99s
2025-08-18 14:55:38,731:INFO:Epoch: 11250/20000 | Train Loss: nan | Dynamic Loss: nan | Regularization Loss: nan | Val Loss: nan | Time: 11.45s
2025-08-18 14:55:43,734:INFO:Epoch: 11300/20000 | Train Loss: nan | Dynamic Loss: nan | Regularization Loss: nan | Val Loss: nan | Time: 5.00s
2025-08-18 14:55:48,698:INFO:Epoch: 11350/20000 | Train Loss: nan | Dynamic Loss: nan | Regularization Loss: nan | Val Loss: nan | Time: 4.96s
2025-08-18 14:55:54,103:INFO:Epoch: 11400/20000 | Train Loss: nan | Dynamic Loss: nan | Regularization Loss: nan | Val Loss: nan | Time: 5.40s
2025-08-18 14:55:59,160:INFO:Epoch: 11450/20000 | Train Loss: nan | Dynamic Loss: nan | Regularization Loss: nan | Val Loss: nan | Time: 5.06s
2025-08-18 14:56:04,227:INFO:Epoch: 11500/20000 | Train Loss: nan | Dynamic Loss: nan | Regularization Loss: nan | Val Loss: nan | Time: 5.07s
2025-08-18 14:56:09,318:INFO:Epoch: 11550/20000 | Train Loss: nan | Dynamic Loss: nan | Regularization Loss: nan | Val Loss: nan | Time: 5.09s
2025-08-18 14:56:14,307:INFO:Epoch: 11600/20000 | Train Loss: nan | Dynamic Loss: nan | Regularization Loss: nan | Val Loss: nan | Time: 4.99s
2025-08-18 14:56:21,455:INFO:Epoch: 11650/20000 | Train Loss: nan | Dynamic Loss: nan | Regularization Loss: nan | Val Loss: nan | Time: 7.15s
2025-08-18 14:56:26,466:INFO:Epoch: 11700/20000 | Train Loss: nan | Dynamic Loss: nan | Regularization Loss: nan | Val Loss: nan | Time: 5.01s
2025-08-18 14:56:31,489:INFO:Epoch: 11750/20000 | Train Loss: nan | Dynamic Loss: nan | Regularization Loss: nan | Val Loss: nan | Time: 5.02s
2025-08-18 14:56:39,886:INFO:Epoch: 11800/20000 | Train Loss: nan | Dynamic Loss: nan | Regularization Loss: nan | Val Loss: nan | Time: 8.40s
2025-08-18 14:56:44,875:INFO:Epoch: 11850/20000 | Train Loss: nan | Dynamic Loss: nan | Regularization Loss: nan | Val Loss: nan | Time: 4.99s
2025-08-18 14:56:49,933:INFO:Epoch: 11900/20000 | Train Loss: nan | Dynamic Loss: nan | Regularization Loss: nan | Val Loss: nan | Time: 5.06s
2025-08-18 14:56:55,020:INFO:Epoch: 11950/20000 | Train Loss: nan | Dynamic Loss: nan | Regularization Loss: nan | Val Loss: nan | Time: 5.09s
2025-08-18 14:56:59,993:INFO:Epoch: 12000/20000 | Train Loss: nan | Dynamic Loss: nan | Regularization Loss: nan | Val Loss: nan | Time: 4.97s
2025-08-18 14:57:09,390:INFO:Epoch: 12050/20000 | Train Loss: nan | Dynamic Loss: nan | Regularization Loss: nan | Val Loss: nan | Time: 9.40s
2025-08-18 14:57:14,363:INFO:Epoch: 12100/20000 | Train Loss: nan | Dynamic Loss: nan | Regularization Loss: nan | Val Loss: nan | Time: 4.97s
2025-08-18 14:57:19,499:INFO:Epoch: 12150/20000 | Train Loss: nan | Dynamic Loss: nan | Regularization Loss: nan | Val Loss: nan | Time: 5.14s
2025-08-18 14:57:24,494:INFO:Epoch: 12200/20000 | Train Loss: nan | Dynamic Loss: nan | Regularization Loss: nan | Val Loss: nan | Time: 4.99s
2025-08-18 14:57:29,427:INFO:Epoch: 12250/20000 | Train Loss: nan | Dynamic Loss: nan | Regularization Loss: nan | Val Loss: nan | Time: 4.93s
2025-08-18 14:57:34,499:INFO:Epoch: 12300/20000 | Train Loss: nan | Dynamic Loss: nan | Regularization Loss: nan | Val Loss: nan | Time: 5.07s
2025-08-18 14:57:39,490:INFO:Epoch: 12350/20000 | Train Loss: nan | Dynamic Loss: nan | Regularization Loss: nan | Val Loss: nan | Time: 4.99s
2025-08-18 14:57:44,538:INFO:Epoch: 12400/20000 | Train Loss: nan | Dynamic Loss: nan | Regularization Loss: nan | Val Loss: nan | Time: 5.05s
2025-08-18 14:57:54,405:INFO:Epoch: 12450/20000 | Train Loss: nan | Dynamic Loss: nan | Regularization Loss: nan | Val Loss: nan | Time: 9.87s
2025-08-18 14:57:59,463:INFO:Epoch: 12500/20000 | Train Loss: nan | Dynamic Loss: nan | Regularization Loss: nan | Val Loss: nan | Time: 5.06s
2025-08-18 14:58:04,489:INFO:Epoch: 12550/20000 | Train Loss: nan | Dynamic Loss: nan | Regularization Loss: nan | Val Loss: nan | Time: 5.03s
2025-08-18 14:58:15,617:INFO:Epoch: 12600/20000 | Train Loss: nan | Dynamic Loss: nan | Regularization Loss: nan | Val Loss: nan | Time: 11.13s
2025-08-18 14:58:20,606:INFO:Epoch: 12650/20000 | Train Loss: nan | Dynamic Loss: nan | Regularization Loss: nan | Val Loss: nan | Time: 4.99s
2025-08-18 14:58:25,676:INFO:Epoch: 12700/20000 | Train Loss: nan | Dynamic Loss: nan | Regularization Loss: nan | Val Loss: nan | Time: 5.07s
2025-08-18 14:58:30,662:INFO:Epoch: 12750/20000 | Train Loss: nan | Dynamic Loss: nan | Regularization Loss: nan | Val Loss: nan | Time: 4.99s
2025-08-18 14:58:35,600:INFO:Epoch: 12800/20000 | Train Loss: nan | Dynamic Loss: nan | Regularization Loss: nan | Val Loss: nan | Time: 4.94s
2025-08-18 14:58:42,381:INFO:Epoch: 12850/20000 | Train Loss: nan | Dynamic Loss: nan | Regularization Loss: nan | Val Loss: nan | Time: 6.78s
2025-08-18 14:58:47,358:INFO:Epoch: 12900/20000 | Train Loss: nan | Dynamic Loss: nan | Regularization Loss: nan | Val Loss: nan | Time: 4.98s
2025-08-18 14:58:52,427:INFO:Epoch: 12950/20000 | Train Loss: nan | Dynamic Loss: nan | Regularization Loss: nan | Val Loss: nan | Time: 5.07s
