2025-08-20 15:43:53,836:INFO:Created DataLoaders with 5994 training samples and 1998 validation samples.
2025-08-20 15:43:54,428:INFO:model params: 2512001
2025-08-20 15:43:54,428:INFO:removing projection layer after initialization
2025-08-20 15:43:55,373:INFO:Epoch: 0/40000 | Train Loss: 2.813e+00 | Dynamic Loss: 2.813e+00 | Regularization Loss: 0.000e+00 | Val Loss: 2.507e+00 | Time: 0.95s
2025-08-20 15:43:55,373:INFO:New best model found at epoch 0 with validation loss 2.507e+00. Saving...
2025-08-20 15:44:03,554:INFO:Epoch: 50/40000 | Train Loss: 1.828e+00 | Dynamic Loss: 1.828e+00 | Regularization Loss: 0.000e+00 | Val Loss: 1.848e+00 | Time: 8.15s
2025-08-20 15:44:03,554:INFO:New best model found at epoch 50 with validation loss 1.848e+00. Saving...
2025-08-20 15:44:11,903:INFO:Epoch: 100/40000 | Train Loss: 1.688e+00 | Dynamic Loss: 1.688e+00 | Regularization Loss: 0.000e+00 | Val Loss: 1.739e+00 | Time: 8.33s
2025-08-20 15:44:11,903:INFO:New best model found at epoch 100 with validation loss 1.739e+00. Saving...
2025-08-20 15:44:20,181:INFO:Epoch: 150/40000 | Train Loss: 1.648e+00 | Dynamic Loss: 1.648e+00 | Regularization Loss: 0.000e+00 | Val Loss: 1.693e+00 | Time: 8.26s
2025-08-20 15:44:20,181:INFO:New best model found at epoch 150 with validation loss 1.693e+00. Saving...
2025-08-20 15:44:28,446:INFO:Epoch: 200/40000 | Train Loss: 1.613e+00 | Dynamic Loss: 1.613e+00 | Regularization Loss: 0.000e+00 | Val Loss: 1.659e+00 | Time: 8.24s
2025-08-20 15:44:28,446:INFO:New best model found at epoch 200 with validation loss 1.659e+00. Saving...
2025-08-20 15:44:36,777:INFO:Epoch: 250/40000 | Train Loss: 1.593e+00 | Dynamic Loss: 1.593e+00 | Regularization Loss: 0.000e+00 | Val Loss: 1.642e+00 | Time: 8.31s
2025-08-20 15:44:36,777:INFO:New best model found at epoch 250 with validation loss 1.642e+00. Saving...
2025-08-20 15:44:52,627:INFO:Epoch: 300/40000 | Train Loss: 1.546e+00 | Dynamic Loss: 1.546e+00 | Regularization Loss: 0.000e+00 | Val Loss: 1.600e+00 | Time: 15.83s
2025-08-20 15:44:52,627:INFO:New best model found at epoch 300 with validation loss 1.600e+00. Saving...
2025-08-20 15:45:00,947:INFO:Epoch: 350/40000 | Train Loss: 1.686e+00 | Dynamic Loss: 1.686e+00 | Regularization Loss: 0.000e+00 | Val Loss: 1.582e+00 | Time: 8.30s
2025-08-20 15:45:00,947:INFO:New best model found at epoch 350 with validation loss 1.582e+00. Saving...
2025-08-20 15:45:09,305:INFO:Epoch: 400/40000 | Train Loss: 1.567e+00 | Dynamic Loss: 1.567e+00 | Regularization Loss: 0.000e+00 | Val Loss: 1.462e+00 | Time: 8.34s
2025-08-20 15:45:09,306:INFO:New best model found at epoch 400 with validation loss 1.462e+00. Saving...
2025-08-20 15:45:17,642:INFO:Epoch: 450/40000 | Train Loss: 1.316e+00 | Dynamic Loss: 1.316e+00 | Regularization Loss: 0.000e+00 | Val Loss: 1.356e+00 | Time: 8.32s
2025-08-20 15:45:17,642:INFO:New best model found at epoch 450 with validation loss 1.356e+00. Saving...
2025-08-20 15:45:25,960:INFO:Epoch: 500/40000 | Train Loss: 1.216e+00 | Dynamic Loss: 1.216e+00 | Regularization Loss: 0.000e+00 | Val Loss: 1.272e+00 | Time: 8.30s
2025-08-20 15:45:25,960:INFO:New best model found at epoch 500 with validation loss 1.272e+00. Saving...
2025-08-20 15:45:34,450:INFO:Epoch: 550/40000 | Train Loss: 1.164e+00 | Dynamic Loss: 1.164e+00 | Regularization Loss: 0.000e+00 | Val Loss: 1.223e+00 | Time: 8.47s
2025-08-20 15:45:34,450:INFO:New best model found at epoch 550 with validation loss 1.223e+00. Saving...
2025-08-20 15:45:42,886:INFO:Epoch: 600/40000 | Train Loss: 1.075e+00 | Dynamic Loss: 1.075e+00 | Regularization Loss: 0.000e+00 | Val Loss: 1.142e+00 | Time: 8.42s
2025-08-20 15:45:42,886:INFO:New best model found at epoch 600 with validation loss 1.142e+00. Saving...
2025-08-20 15:45:58,965:INFO:Epoch: 650/40000 | Train Loss: 1.027e+00 | Dynamic Loss: 1.027e+00 | Regularization Loss: 0.000e+00 | Val Loss: 1.094e+00 | Time: 16.06s
2025-08-20 15:45:58,966:INFO:New best model found at epoch 650 with validation loss 1.094e+00. Saving...
2025-08-20 15:46:07,363:INFO:Epoch: 700/40000 | Train Loss: 9.653e-01 | Dynamic Loss: 9.653e-01 | Regularization Loss: 0.000e+00 | Val Loss: 1.040e+00 | Time: 8.38s
2025-08-20 15:46:07,363:INFO:New best model found at epoch 700 with validation loss 1.040e+00. Saving...
2025-08-20 15:46:15,808:INFO:Epoch: 750/40000 | Train Loss: 9.426e-01 | Dynamic Loss: 9.426e-01 | Regularization Loss: 0.000e+00 | Val Loss: 1.021e+00 | Time: 8.42s
2025-08-20 15:46:15,808:INFO:New best model found at epoch 750 with validation loss 1.021e+00. Saving...
2025-08-20 15:46:24,362:INFO:Epoch: 800/40000 | Train Loss: 8.869e-01 | Dynamic Loss: 8.869e-01 | Regularization Loss: 0.000e+00 | Val Loss: 1.034e+00 | Time: 8.53s
2025-08-20 15:46:32,924:INFO:Epoch: 850/40000 | Train Loss: 8.351e-01 | Dynamic Loss: 8.351e-01 | Regularization Loss: 0.000e+00 | Val Loss: 9.078e-01 | Time: 8.56s
2025-08-20 15:46:32,924:INFO:New best model found at epoch 850 with validation loss 9.078e-01. Saving...
2025-08-20 15:46:41,382:INFO:Epoch: 900/40000 | Train Loss: 8.119e-01 | Dynamic Loss: 8.119e-01 | Regularization Loss: 0.000e+00 | Val Loss: 8.881e-01 | Time: 8.44s
2025-08-20 15:46:41,382:INFO:New best model found at epoch 900 with validation loss 8.881e-01. Saving...
2025-08-20 15:46:50,218:INFO:Epoch: 950/40000 | Train Loss: 8.307e-01 | Dynamic Loss: 8.307e-01 | Regularization Loss: 0.000e+00 | Val Loss: 8.720e-01 | Time: 8.82s
2025-08-20 15:46:50,218:INFO:New best model found at epoch 950 with validation loss 8.720e-01. Saving...
2025-08-20 15:46:58,766:INFO:Epoch: 1000/40000 | Train Loss: 9.123e-01 | Dynamic Loss: 9.123e-01 | Regularization Loss: 0.000e+00 | Val Loss: 1.223e+00 | Time: 8.53s
2025-08-20 15:47:07,267:INFO:Epoch: 1050/40000 | Train Loss: 7.090e-01 | Dynamic Loss: 7.090e-01 | Regularization Loss: 0.000e+00 | Val Loss: 7.841e-01 | Time: 8.50s
2025-08-20 15:47:07,268:INFO:New best model found at epoch 1050 with validation loss 7.841e-01. Saving...
2025-08-20 15:47:15,745:INFO:Epoch: 1100/40000 | Train Loss: 7.268e-01 | Dynamic Loss: 7.268e-01 | Regularization Loss: 0.000e+00 | Val Loss: 8.652e-01 | Time: 8.46s
2025-08-20 15:47:24,365:INFO:Epoch: 1150/40000 | Train Loss: 9.711e-01 | Dynamic Loss: 9.711e-01 | Regularization Loss: 0.000e+00 | Val Loss: 9.869e-01 | Time: 8.62s
2025-08-20 15:47:32,728:INFO:Epoch: 1200/40000 | Train Loss: 6.335e-01 | Dynamic Loss: 6.335e-01 | Regularization Loss: 0.000e+00 | Val Loss: 6.928e-01 | Time: 8.36s
2025-08-20 15:47:32,728:INFO:New best model found at epoch 1200 with validation loss 6.928e-01. Saving...
2025-08-20 15:47:41,424:INFO:Epoch: 1250/40000 | Train Loss: 6.156e-01 | Dynamic Loss: 6.156e-01 | Regularization Loss: 0.000e+00 | Val Loss: 6.904e-01 | Time: 8.68s
2025-08-20 15:47:41,424:INFO:New best model found at epoch 1250 with validation loss 6.904e-01. Saving...
2025-08-20 15:47:49,840:INFO:Epoch: 1300/40000 | Train Loss: 6.984e-01 | Dynamic Loss: 6.984e-01 | Regularization Loss: 0.000e+00 | Val Loss: 7.771e-01 | Time: 8.40s
2025-08-20 15:47:58,300:INFO:Epoch: 1350/40000 | Train Loss: 9.142e-01 | Dynamic Loss: 9.142e-01 | Regularization Loss: 0.000e+00 | Val Loss: 9.694e-01 | Time: 8.46s
2025-08-20 15:48:06,747:INFO:Epoch: 1400/40000 | Train Loss: 6.173e-01 | Dynamic Loss: 6.173e-01 | Regularization Loss: 0.000e+00 | Val Loss: 7.070e-01 | Time: 8.45s
2025-08-20 15:48:15,182:INFO:Epoch: 1450/40000 | Train Loss: 5.475e-01 | Dynamic Loss: 5.475e-01 | Regularization Loss: 0.000e+00 | Val Loss: 6.171e-01 | Time: 8.43s
2025-08-20 15:48:15,182:INFO:New best model found at epoch 1450 with validation loss 6.171e-01. Saving...
2025-08-20 15:48:23,644:INFO:Epoch: 1500/40000 | Train Loss: 5.356e-01 | Dynamic Loss: 5.356e-01 | Regularization Loss: 0.000e+00 | Val Loss: 6.081e-01 | Time: 8.44s
2025-08-20 15:48:23,644:INFO:New best model found at epoch 1500 with validation loss 6.081e-01. Saving...
2025-08-20 15:48:32,128:INFO:Epoch: 1550/40000 | Train Loss: 5.074e-01 | Dynamic Loss: 5.074e-01 | Regularization Loss: 0.000e+00 | Val Loss: 5.757e-01 | Time: 8.46s
2025-08-20 15:48:32,129:INFO:New best model found at epoch 1550 with validation loss 5.757e-01. Saving...
2025-08-20 15:48:40,648:INFO:Epoch: 1600/40000 | Train Loss: 6.512e-01 | Dynamic Loss: 6.512e-01 | Regularization Loss: 0.000e+00 | Val Loss: 6.467e-01 | Time: 8.50s
2025-08-20 15:48:49,251:INFO:Epoch: 1650/40000 | Train Loss: 7.550e-01 | Dynamic Loss: 7.550e-01 | Regularization Loss: 0.000e+00 | Val Loss: 7.125e-01 | Time: 8.60s
2025-08-20 15:48:57,744:INFO:Epoch: 1700/40000 | Train Loss: 4.579e-01 | Dynamic Loss: 4.579e-01 | Regularization Loss: 0.000e+00 | Val Loss: 5.230e-01 | Time: 8.49s
2025-08-20 15:48:57,744:INFO:New best model found at epoch 1700 with validation loss 5.230e-01. Saving...
2025-08-20 15:49:06,209:INFO:Epoch: 1750/40000 | Train Loss: 1.180e+00 | Dynamic Loss: 1.180e+00 | Regularization Loss: 0.000e+00 | Val Loss: 1.275e+00 | Time: 8.45s
2025-08-20 15:49:14,796:INFO:Epoch: 1800/40000 | Train Loss: 4.751e-01 | Dynamic Loss: 4.751e-01 | Regularization Loss: 0.000e+00 | Val Loss: 5.437e-01 | Time: 8.59s
2025-08-20 15:49:23,297:INFO:Epoch: 1850/40000 | Train Loss: 4.396e-01 | Dynamic Loss: 4.396e-01 | Regularization Loss: 0.000e+00 | Val Loss: 5.032e-01 | Time: 8.50s
2025-08-20 15:49:23,297:INFO:New best model found at epoch 1850 with validation loss 5.032e-01. Saving...
2025-08-20 15:49:31,735:INFO:Epoch: 1900/40000 | Train Loss: 4.758e-01 | Dynamic Loss: 4.758e-01 | Regularization Loss: 0.000e+00 | Val Loss: 5.191e-01 | Time: 8.42s
2025-08-20 15:49:40,257:INFO:Epoch: 1950/40000 | Train Loss: 4.146e-01 | Dynamic Loss: 4.146e-01 | Regularization Loss: 0.000e+00 | Val Loss: 4.805e-01 | Time: 8.52s
2025-08-20 15:49:40,258:INFO:New best model found at epoch 1950 with validation loss 4.805e-01. Saving...
2025-08-20 15:49:48,742:INFO:Epoch: 2000/40000 | Train Loss: 3.980e-01 | Dynamic Loss: 3.980e-01 | Regularization Loss: 0.000e+00 | Val Loss: 4.582e-01 | Time: 8.46s
2025-08-20 15:49:48,742:INFO:New best model found at epoch 2000 with validation loss 4.582e-01. Saving...
2025-08-20 15:49:57,248:INFO:Epoch: 2050/40000 | Train Loss: 3.904e-01 | Dynamic Loss: 3.904e-01 | Regularization Loss: 0.000e+00 | Val Loss: 4.506e-01 | Time: 8.49s
2025-08-20 15:49:57,248:INFO:New best model found at epoch 2050 with validation loss 4.506e-01. Saving...
2025-08-20 15:50:05,692:INFO:Epoch: 2100/40000 | Train Loss: 4.325e-01 | Dynamic Loss: 4.325e-01 | Regularization Loss: 0.000e+00 | Val Loss: 4.860e-01 | Time: 8.42s
2025-08-20 15:50:14,063:INFO:Epoch: 2150/40000 | Train Loss: 3.660e-01 | Dynamic Loss: 3.660e-01 | Regularization Loss: 0.000e+00 | Val Loss: 4.252e-01 | Time: 8.37s
2025-08-20 15:50:14,063:INFO:New best model found at epoch 2150 with validation loss 4.252e-01. Saving...
2025-08-20 15:50:30,454:INFO:Epoch: 2200/40000 | Train Loss: 3.645e-01 | Dynamic Loss: 3.645e-01 | Regularization Loss: 0.000e+00 | Val Loss: 4.250e-01 | Time: 16.36s
2025-08-20 15:50:30,455:INFO:New best model found at epoch 2200 with validation loss 4.250e-01. Saving...
2025-08-20 15:50:38,888:INFO:Epoch: 2250/40000 | Train Loss: 3.491e-01 | Dynamic Loss: 3.491e-01 | Regularization Loss: 0.000e+00 | Val Loss: 4.304e-01 | Time: 8.41s
2025-08-20 15:50:47,303:INFO:Epoch: 2300/40000 | Train Loss: 3.508e-01 | Dynamic Loss: 3.508e-01 | Regularization Loss: 0.000e+00 | Val Loss: 4.056e-01 | Time: 8.42s
2025-08-20 15:50:47,303:INFO:New best model found at epoch 2300 with validation loss 4.056e-01. Saving...
2025-08-20 15:50:55,926:INFO:Epoch: 2350/40000 | Train Loss: 3.333e-01 | Dynamic Loss: 3.333e-01 | Regularization Loss: 0.000e+00 | Val Loss: 3.849e-01 | Time: 8.60s
2025-08-20 15:50:55,926:INFO:New best model found at epoch 2350 with validation loss 3.849e-01. Saving...
2025-08-20 15:51:04,405:INFO:Epoch: 2400/40000 | Train Loss: 3.624e-01 | Dynamic Loss: 3.624e-01 | Regularization Loss: 0.000e+00 | Val Loss: 4.197e-01 | Time: 8.46s
2025-08-20 15:51:12,871:INFO:Epoch: 2450/40000 | Train Loss: 3.039e-01 | Dynamic Loss: 3.039e-01 | Regularization Loss: 0.000e+00 | Val Loss: 3.571e-01 | Time: 8.47s
2025-08-20 15:51:12,871:INFO:New best model found at epoch 2450 with validation loss 3.571e-01. Saving...
2025-08-20 15:51:21,474:INFO:Epoch: 2500/40000 | Train Loss: 2.946e-01 | Dynamic Loss: 2.946e-01 | Regularization Loss: 0.000e+00 | Val Loss: 3.541e-01 | Time: 8.58s
2025-08-20 15:51:21,474:INFO:New best model found at epoch 2500 with validation loss 3.541e-01. Saving...
2025-08-20 15:51:29,996:INFO:Epoch: 2550/40000 | Train Loss: 2.781e-01 | Dynamic Loss: 2.781e-01 | Regularization Loss: 0.000e+00 | Val Loss: 3.370e-01 | Time: 8.50s
2025-08-20 15:51:29,996:INFO:New best model found at epoch 2550 with validation loss 3.370e-01. Saving...
2025-08-20 15:51:38,514:INFO:Epoch: 2600/40000 | Train Loss: 2.889e-01 | Dynamic Loss: 2.889e-01 | Regularization Loss: 0.000e+00 | Val Loss: 3.515e-01 | Time: 8.50s
2025-08-20 15:51:46,945:INFO:Epoch: 2650/40000 | Train Loss: 2.716e-01 | Dynamic Loss: 2.716e-01 | Regularization Loss: 0.000e+00 | Val Loss: 3.480e-01 | Time: 8.43s
2025-08-20 15:51:55,690:INFO:Epoch: 2700/40000 | Train Loss: 2.573e-01 | Dynamic Loss: 2.573e-01 | Regularization Loss: 0.000e+00 | Val Loss: 3.149e-01 | Time: 8.75s
2025-08-20 15:51:55,690:INFO:New best model found at epoch 2700 with validation loss 3.149e-01. Saving...
2025-08-20 15:52:04,126:INFO:Epoch: 2750/40000 | Train Loss: 3.677e-01 | Dynamic Loss: 3.677e-01 | Regularization Loss: 0.000e+00 | Val Loss: 8.266e-01 | Time: 8.42s
2025-08-20 15:52:12,703:INFO:Epoch: 2800/40000 | Train Loss: 2.463e-01 | Dynamic Loss: 2.463e-01 | Regularization Loss: 0.000e+00 | Val Loss: 3.011e-01 | Time: 8.58s
2025-08-20 15:52:12,703:INFO:New best model found at epoch 2800 with validation loss 3.011e-01. Saving...
2025-08-20 15:52:21,234:INFO:Epoch: 2850/40000 | Train Loss: 1.245e+00 | Dynamic Loss: 1.245e+00 | Regularization Loss: 0.000e+00 | Val Loss: 1.282e+00 | Time: 8.51s
2025-08-20 15:52:29,631:INFO:Epoch: 2900/40000 | Train Loss: 6.542e-01 | Dynamic Loss: 6.542e-01 | Regularization Loss: 0.000e+00 | Val Loss: 7.880e-01 | Time: 8.40s
2025-08-20 15:52:38,162:INFO:Epoch: 2950/40000 | Train Loss: 5.159e-01 | Dynamic Loss: 5.159e-01 | Regularization Loss: 0.000e+00 | Val Loss: 5.920e-01 | Time: 8.53s
2025-08-20 15:52:54,510:INFO:Epoch: 3000/40000 | Train Loss: 4.236e-01 | Dynamic Loss: 4.236e-01 | Regularization Loss: 0.000e+00 | Val Loss: 4.895e-01 | Time: 16.35s
2025-08-20 15:53:02,925:INFO:Epoch: 3050/40000 | Train Loss: 4.908e-01 | Dynamic Loss: 4.908e-01 | Regularization Loss: 0.000e+00 | Val Loss: 5.958e-01 | Time: 8.41s
2025-08-20 15:53:11,409:INFO:Epoch: 3100/40000 | Train Loss: 3.507e-01 | Dynamic Loss: 3.507e-01 | Regularization Loss: 0.000e+00 | Val Loss: 4.060e-01 | Time: 8.48s
2025-08-20 15:53:20,026:INFO:Epoch: 3150/40000 | Train Loss: 4.056e-01 | Dynamic Loss: 4.056e-01 | Regularization Loss: 0.000e+00 | Val Loss: 4.627e-01 | Time: 8.62s
2025-08-20 15:53:28,403:INFO:Epoch: 3200/40000 | Train Loss: 3.246e-01 | Dynamic Loss: 3.246e-01 | Regularization Loss: 0.000e+00 | Val Loss: 3.759e-01 | Time: 8.38s
2025-08-20 15:53:36,863:INFO:Epoch: 3250/40000 | Train Loss: 3.025e-01 | Dynamic Loss: 3.025e-01 | Regularization Loss: 0.000e+00 | Val Loss: 3.519e-01 | Time: 8.46s
2025-08-20 15:53:45,370:INFO:Epoch: 3300/40000 | Train Loss: 2.811e-01 | Dynamic Loss: 2.811e-01 | Regularization Loss: 0.000e+00 | Val Loss: 3.343e-01 | Time: 8.51s
2025-08-20 15:53:53,852:INFO:Epoch: 3350/40000 | Train Loss: 2.757e-01 | Dynamic Loss: 2.757e-01 | Regularization Loss: 0.000e+00 | Val Loss: 3.374e-01 | Time: 8.48s
2025-08-20 15:54:02,388:INFO:Epoch: 3400/40000 | Train Loss: 2.614e-01 | Dynamic Loss: 2.614e-01 | Regularization Loss: 0.000e+00 | Val Loss: 3.159e-01 | Time: 8.54s
2025-08-20 15:54:10,984:INFO:Epoch: 3450/40000 | Train Loss: 3.130e-01 | Dynamic Loss: 3.130e-01 | Regularization Loss: 0.000e+00 | Val Loss: 3.623e-01 | Time: 8.60s
2025-08-20 15:54:19,395:INFO:Epoch: 3500/40000 | Train Loss: 2.545e-01 | Dynamic Loss: 2.545e-01 | Regularization Loss: 0.000e+00 | Val Loss: 3.075e-01 | Time: 8.41s
2025-08-20 15:54:27,873:INFO:Epoch: 3550/40000 | Train Loss: 3.021e-01 | Dynamic Loss: 3.021e-01 | Regularization Loss: 0.000e+00 | Val Loss: 3.634e-01 | Time: 8.48s
2025-08-20 15:54:36,396:INFO:Epoch: 3600/40000 | Train Loss: 2.247e-01 | Dynamic Loss: 2.247e-01 | Regularization Loss: 0.000e+00 | Val Loss: 2.792e-01 | Time: 8.52s
2025-08-20 15:54:36,396:INFO:New best model found at epoch 3600 with validation loss 2.792e-01. Saving...
2025-08-20 15:54:52,741:INFO:Epoch: 3650/40000 | Train Loss: 2.478e-01 | Dynamic Loss: 2.478e-01 | Regularization Loss: 0.000e+00 | Val Loss: 3.916e-01 | Time: 16.32s
2025-08-20 15:55:01,210:INFO:Epoch: 3700/40000 | Train Loss: 2.146e-01 | Dynamic Loss: 2.146e-01 | Regularization Loss: 0.000e+00 | Val Loss: 2.720e-01 | Time: 8.47s
2025-08-20 15:55:01,210:INFO:New best model found at epoch 3700 with validation loss 2.720e-01. Saving...
2025-08-20 15:55:09,782:INFO:Epoch: 3750/40000 | Train Loss: 2.060e-01 | Dynamic Loss: 2.060e-01 | Regularization Loss: 0.000e+00 | Val Loss: 2.663e-01 | Time: 8.55s
2025-08-20 15:55:09,782:INFO:New best model found at epoch 3750 with validation loss 2.663e-01. Saving...
2025-08-20 15:55:18,417:INFO:Epoch: 3800/40000 | Train Loss: 2.016e-01 | Dynamic Loss: 2.016e-01 | Regularization Loss: 0.000e+00 | Val Loss: 2.607e-01 | Time: 8.61s
2025-08-20 15:55:18,417:INFO:New best model found at epoch 3800 with validation loss 2.607e-01. Saving...
2025-08-20 15:55:26,936:INFO:Epoch: 3850/40000 | Train Loss: 1.910e-01 | Dynamic Loss: 1.910e-01 | Regularization Loss: 0.000e+00 | Val Loss: 2.529e-01 | Time: 8.50s
2025-08-20 15:55:26,936:INFO:New best model found at epoch 3850 with validation loss 2.529e-01. Saving...
2025-08-20 15:55:35,531:INFO:Epoch: 3900/40000 | Train Loss: 1.837e-01 | Dynamic Loss: 1.837e-01 | Regularization Loss: 0.000e+00 | Val Loss: 2.459e-01 | Time: 8.58s
2025-08-20 15:55:35,531:INFO:New best model found at epoch 3900 with validation loss 2.459e-01. Saving...
2025-08-20 15:55:44,076:INFO:Epoch: 3950/40000 | Train Loss: 1.974e-01 | Dynamic Loss: 1.974e-01 | Regularization Loss: 0.000e+00 | Val Loss: 2.642e-01 | Time: 8.53s
2025-08-20 15:55:52,600:INFO:Epoch: 4000/40000 | Train Loss: 2.087e-01 | Dynamic Loss: 2.087e-01 | Regularization Loss: 0.000e+00 | Val Loss: 2.607e-01 | Time: 8.52s
2025-08-20 15:56:01,094:INFO:Epoch: 4050/40000 | Train Loss: 2.115e-01 | Dynamic Loss: 2.115e-01 | Regularization Loss: 0.000e+00 | Val Loss: 2.714e-01 | Time: 8.49s
2025-08-20 15:56:09,698:INFO:Epoch: 4100/40000 | Train Loss: 1.954e-01 | Dynamic Loss: 1.954e-01 | Regularization Loss: 0.000e+00 | Val Loss: 2.527e-01 | Time: 8.60s
2025-08-20 15:56:18,189:INFO:Epoch: 4150/40000 | Train Loss: 1.705e-01 | Dynamic Loss: 1.705e-01 | Regularization Loss: 0.000e+00 | Val Loss: 2.265e-01 | Time: 8.49s
2025-08-20 15:56:18,190:INFO:New best model found at epoch 4150 with validation loss 2.265e-01. Saving...
2025-08-20 15:56:26,753:INFO:Epoch: 4200/40000 | Train Loss: 1.804e-01 | Dynamic Loss: 1.804e-01 | Regularization Loss: 0.000e+00 | Val Loss: 2.371e-01 | Time: 8.54s
2025-08-20 15:56:35,205:INFO:Epoch: 4250/40000 | Train Loss: 1.952e-01 | Dynamic Loss: 1.952e-01 | Regularization Loss: 0.000e+00 | Val Loss: 2.496e-01 | Time: 8.45s
2025-08-20 15:56:51,280:INFO:Epoch: 4300/40000 | Train Loss: 2.165e-01 | Dynamic Loss: 2.165e-01 | Regularization Loss: 0.000e+00 | Val Loss: 2.978e-01 | Time: 16.08s
2025-08-20 15:56:59,750:INFO:Epoch: 4350/40000 | Train Loss: 1.614e-01 | Dynamic Loss: 1.614e-01 | Regularization Loss: 0.000e+00 | Val Loss: 2.171e-01 | Time: 8.47s
2025-08-20 15:56:59,750:INFO:New best model found at epoch 4350 with validation loss 2.171e-01. Saving...
2025-08-20 15:57:08,204:INFO:Epoch: 4400/40000 | Train Loss: 1.521e-01 | Dynamic Loss: 1.521e-01 | Regularization Loss: 0.000e+00 | Val Loss: 2.074e-01 | Time: 8.43s
2025-08-20 15:57:08,205:INFO:New best model found at epoch 4400 with validation loss 2.074e-01. Saving...
2025-08-20 15:57:16,738:INFO:Epoch: 4450/40000 | Train Loss: 1.651e-01 | Dynamic Loss: 1.651e-01 | Regularization Loss: 0.000e+00 | Val Loss: 2.399e-01 | Time: 8.52s
2025-08-20 15:57:25,208:INFO:Epoch: 4500/40000 | Train Loss: 1.519e-01 | Dynamic Loss: 1.519e-01 | Regularization Loss: 0.000e+00 | Val Loss: 2.137e-01 | Time: 8.47s
2025-08-20 15:57:33,784:INFO:Epoch: 4550/40000 | Train Loss: 1.488e-01 | Dynamic Loss: 1.488e-01 | Regularization Loss: 0.000e+00 | Val Loss: 1.991e-01 | Time: 8.58s
2025-08-20 15:57:33,784:INFO:New best model found at epoch 4550 with validation loss 1.991e-01. Saving...
2025-08-20 15:57:42,363:INFO:Epoch: 4600/40000 | Train Loss: 1.869e-01 | Dynamic Loss: 1.869e-01 | Regularization Loss: 0.000e+00 | Val Loss: 2.284e-01 | Time: 8.56s
2025-08-20 15:57:50,778:INFO:Epoch: 4650/40000 | Train Loss: 1.697e-01 | Dynamic Loss: 1.697e-01 | Regularization Loss: 0.000e+00 | Val Loss: 2.136e-01 | Time: 8.41s
2025-08-20 15:57:59,172:INFO:Epoch: 4700/40000 | Train Loss: 2.063e-01 | Dynamic Loss: 2.063e-01 | Regularization Loss: 0.000e+00 | Val Loss: 2.278e-01 | Time: 8.39s
2025-08-20 15:58:07,726:INFO:Epoch: 4750/40000 | Train Loss: 2.350e-01 | Dynamic Loss: 2.350e-01 | Regularization Loss: 0.000e+00 | Val Loss: 2.717e-01 | Time: 8.55s
2025-08-20 15:58:16,232:INFO:Epoch: 4800/40000 | Train Loss: 1.414e-01 | Dynamic Loss: 1.414e-01 | Regularization Loss: 0.000e+00 | Val Loss: 1.901e-01 | Time: 8.51s
2025-08-20 15:58:16,232:INFO:New best model found at epoch 4800 with validation loss 1.901e-01. Saving...
2025-08-20 15:58:24,781:INFO:Epoch: 4850/40000 | Train Loss: 2.595e-01 | Dynamic Loss: 2.595e-01 | Regularization Loss: 0.000e+00 | Val Loss: 3.209e-01 | Time: 8.53s
2025-08-20 15:58:33,250:INFO:Epoch: 4900/40000 | Train Loss: 1.435e-01 | Dynamic Loss: 1.435e-01 | Regularization Loss: 0.000e+00 | Val Loss: 1.961e-01 | Time: 8.47s
2025-08-20 15:58:49,238:INFO:Epoch: 4950/40000 | Train Loss: 1.538e-01 | Dynamic Loss: 1.538e-01 | Regularization Loss: 0.000e+00 | Val Loss: 2.038e-01 | Time: 15.99s
2025-08-20 15:58:57,774:INFO:Epoch: 5000/40000 | Train Loss: 1.429e-01 | Dynamic Loss: 1.429e-01 | Regularization Loss: 0.000e+00 | Val Loss: 1.821e-01 | Time: 8.54s
2025-08-20 15:58:57,775:INFO:New best model found at epoch 5000 with validation loss 1.821e-01. Saving...
2025-08-20 15:59:06,096:INFO:Epoch: 5050/40000 | Train Loss: 1.499e-01 | Dynamic Loss: 1.499e-01 | Regularization Loss: 0.000e+00 | Val Loss: 1.834e-01 | Time: 8.30s
2025-08-20 15:59:22,517:INFO:Epoch: 5100/40000 | Train Loss: 1.541e-01 | Dynamic Loss: 1.541e-01 | Regularization Loss: 0.000e+00 | Val Loss: 1.905e-01 | Time: 16.42s
2025-08-20 15:59:31,146:INFO:Epoch: 5150/40000 | Train Loss: 1.361e-01 | Dynamic Loss: 1.361e-01 | Regularization Loss: 0.000e+00 | Val Loss: 1.800e-01 | Time: 8.63s
2025-08-20 15:59:31,146:INFO:New best model found at epoch 5150 with validation loss 1.800e-01. Saving...
2025-08-20 15:59:39,671:INFO:Epoch: 5200/40000 | Train Loss: 1.462e-01 | Dynamic Loss: 1.462e-01 | Regularization Loss: 0.000e+00 | Val Loss: 1.896e-01 | Time: 8.50s
2025-08-20 15:59:48,443:INFO:Epoch: 5250/40000 | Train Loss: 2.518e-01 | Dynamic Loss: 2.518e-01 | Regularization Loss: 0.000e+00 | Val Loss: 2.939e-01 | Time: 8.77s
2025-08-20 15:59:57,104:INFO:Epoch: 5300/40000 | Train Loss: 1.462e-01 | Dynamic Loss: 1.462e-01 | Regularization Loss: 0.000e+00 | Val Loss: 2.093e-01 | Time: 8.66s
2025-08-20 16:00:05,658:INFO:Epoch: 5350/40000 | Train Loss: 1.451e-01 | Dynamic Loss: 1.451e-01 | Regularization Loss: 0.000e+00 | Val Loss: 1.854e-01 | Time: 8.55s
2025-08-20 16:00:14,291:INFO:Epoch: 5400/40000 | Train Loss: 1.599e-01 | Dynamic Loss: 1.599e-01 | Regularization Loss: 0.000e+00 | Val Loss: 2.288e-01 | Time: 8.63s
2025-08-20 16:00:30,980:INFO:Epoch: 5450/40000 | Train Loss: 1.241e-01 | Dynamic Loss: 1.241e-01 | Regularization Loss: 0.000e+00 | Val Loss: 1.707e-01 | Time: 16.69s
2025-08-20 16:00:30,981:INFO:New best model found at epoch 5450 with validation loss 1.707e-01. Saving...
2025-08-20 16:00:39,530:INFO:Epoch: 5500/40000 | Train Loss: 1.910e-01 | Dynamic Loss: 1.910e-01 | Regularization Loss: 0.000e+00 | Val Loss: 2.281e-01 | Time: 8.53s
2025-08-20 16:00:48,013:INFO:Epoch: 5550/40000 | Train Loss: 1.670e-01 | Dynamic Loss: 1.670e-01 | Regularization Loss: 0.000e+00 | Val Loss: 1.912e-01 | Time: 8.48s
2025-08-20 16:00:56,532:INFO:Epoch: 5600/40000 | Train Loss: 1.930e-01 | Dynamic Loss: 1.930e-01 | Regularization Loss: 0.000e+00 | Val Loss: 2.316e-01 | Time: 8.52s
2025-08-20 16:01:05,078:INFO:Epoch: 5650/40000 | Train Loss: 1.223e-01 | Dynamic Loss: 1.223e-01 | Regularization Loss: 0.000e+00 | Val Loss: 1.614e-01 | Time: 8.55s
2025-08-20 16:01:05,079:INFO:New best model found at epoch 5650 with validation loss 1.614e-01. Saving...
2025-08-20 16:01:13,673:INFO:Epoch: 5700/40000 | Train Loss: 1.219e-01 | Dynamic Loss: 1.219e-01 | Regularization Loss: 0.000e+00 | Val Loss: 1.758e-01 | Time: 8.57s
2025-08-20 16:01:22,394:INFO:Epoch: 5750/40000 | Train Loss: 1.214e-01 | Dynamic Loss: 1.214e-01 | Regularization Loss: 0.000e+00 | Val Loss: 1.580e-01 | Time: 8.72s
2025-08-20 16:01:22,394:INFO:New best model found at epoch 5750 with validation loss 1.580e-01. Saving...
2025-08-20 16:01:30,882:INFO:Epoch: 5800/40000 | Train Loss: 1.207e-01 | Dynamic Loss: 1.207e-01 | Regularization Loss: 0.000e+00 | Val Loss: 1.616e-01 | Time: 8.47s
2025-08-20 16:01:39,338:INFO:Epoch: 5850/40000 | Train Loss: 1.569e-01 | Dynamic Loss: 1.569e-01 | Regularization Loss: 0.000e+00 | Val Loss: 1.696e-01 | Time: 8.46s
2025-08-20 16:01:47,875:INFO:Epoch: 5900/40000 | Train Loss: 1.118e-01 | Dynamic Loss: 1.118e-01 | Regularization Loss: 0.000e+00 | Val Loss: 1.520e-01 | Time: 8.54s
2025-08-20 16:01:47,875:INFO:New best model found at epoch 5900 with validation loss 1.520e-01. Saving...
2025-08-20 16:01:56,413:INFO:Epoch: 5950/40000 | Train Loss: 1.097e-01 | Dynamic Loss: 1.097e-01 | Regularization Loss: 0.000e+00 | Val Loss: 1.536e-01 | Time: 8.52s
2025-08-20 16:02:04,977:INFO:Epoch: 6000/40000 | Train Loss: 1.170e-01 | Dynamic Loss: 1.170e-01 | Regularization Loss: 0.000e+00 | Val Loss: 1.469e-01 | Time: 8.56s
2025-08-20 16:02:04,977:INFO:New best model found at epoch 6000 with validation loss 1.469e-01. Saving...
2025-08-20 16:02:13,763:INFO:Epoch: 6050/40000 | Train Loss: 1.152e-01 | Dynamic Loss: 1.152e-01 | Regularization Loss: 0.000e+00 | Val Loss: 1.544e-01 | Time: 8.76s
2025-08-20 16:02:22,298:INFO:Epoch: 6100/40000 | Train Loss: 1.091e-01 | Dynamic Loss: 1.091e-01 | Regularization Loss: 0.000e+00 | Val Loss: 1.536e-01 | Time: 8.53s
2025-08-20 16:02:30,881:INFO:Epoch: 6150/40000 | Train Loss: 1.069e-01 | Dynamic Loss: 1.069e-01 | Regularization Loss: 0.000e+00 | Val Loss: 1.464e-01 | Time: 8.58s
2025-08-20 16:02:30,881:INFO:New best model found at epoch 6150 with validation loss 1.464e-01. Saving...
2025-08-20 16:02:39,443:INFO:Epoch: 6200/40000 | Train Loss: 1.061e-01 | Dynamic Loss: 1.061e-01 | Regularization Loss: 0.000e+00 | Val Loss: 1.485e-01 | Time: 8.54s
2025-08-20 16:02:55,950:INFO:Epoch: 6250/40000 | Train Loss: 1.264e-01 | Dynamic Loss: 1.264e-01 | Regularization Loss: 0.000e+00 | Val Loss: 1.747e-01 | Time: 16.51s
2025-08-20 16:03:04,439:INFO:Epoch: 6300/40000 | Train Loss: 1.232e-01 | Dynamic Loss: 1.232e-01 | Regularization Loss: 0.000e+00 | Val Loss: 1.592e-01 | Time: 8.49s
2025-08-20 16:03:12,945:INFO:Epoch: 6350/40000 | Train Loss: 1.166e-01 | Dynamic Loss: 1.166e-01 | Regularization Loss: 0.000e+00 | Val Loss: 1.535e-01 | Time: 8.51s
2025-08-20 16:03:29,930:INFO:Epoch: 6400/40000 | Train Loss: 1.012e-01 | Dynamic Loss: 1.012e-01 | Regularization Loss: 0.000e+00 | Val Loss: 1.472e-01 | Time: 16.98s
2025-08-20 16:03:38,459:INFO:Epoch: 6450/40000 | Train Loss: 1.405e-01 | Dynamic Loss: 1.405e-01 | Regularization Loss: 0.000e+00 | Val Loss: 1.883e-01 | Time: 8.53s
2025-08-20 16:03:46,991:INFO:Epoch: 6500/40000 | Train Loss: 9.882e-02 | Dynamic Loss: 9.882e-02 | Regularization Loss: 0.000e+00 | Val Loss: 1.356e-01 | Time: 8.53s
2025-08-20 16:03:46,991:INFO:New best model found at epoch 6500 with validation loss 1.356e-01. Saving...
2025-08-20 16:03:55,658:INFO:Epoch: 6550/40000 | Train Loss: 1.295e-01 | Dynamic Loss: 1.295e-01 | Regularization Loss: 0.000e+00 | Val Loss: 1.656e-01 | Time: 8.65s
2025-08-20 16:04:04,145:INFO:Epoch: 6600/40000 | Train Loss: 1.060e-01 | Dynamic Loss: 1.060e-01 | Regularization Loss: 0.000e+00 | Val Loss: 1.470e-01 | Time: 8.49s
2025-08-20 16:04:12,660:INFO:Epoch: 6650/40000 | Train Loss: 1.914e-01 | Dynamic Loss: 1.914e-01 | Regularization Loss: 0.000e+00 | Val Loss: 2.330e-01 | Time: 8.51s
2025-08-20 16:04:21,261:INFO:Epoch: 6700/40000 | Train Loss: 9.673e-02 | Dynamic Loss: 9.673e-02 | Regularization Loss: 0.000e+00 | Val Loss: 1.341e-01 | Time: 8.60s
2025-08-20 16:04:21,261:INFO:New best model found at epoch 6700 with validation loss 1.341e-01. Saving...
2025-08-20 16:04:29,883:INFO:Epoch: 6750/40000 | Train Loss: 1.024e-01 | Dynamic Loss: 1.024e-01 | Regularization Loss: 0.000e+00 | Val Loss: 1.505e-01 | Time: 8.60s
2025-08-20 16:04:38,373:INFO:Epoch: 6800/40000 | Train Loss: 1.421e-01 | Dynamic Loss: 1.421e-01 | Regularization Loss: 0.000e+00 | Val Loss: 1.587e-01 | Time: 8.49s
2025-08-20 16:04:46,959:INFO:Epoch: 6850/40000 | Train Loss: 1.228e-01 | Dynamic Loss: 1.228e-01 | Regularization Loss: 0.000e+00 | Val Loss: 1.542e-01 | Time: 8.58s
2025-08-20 16:04:55,425:INFO:Epoch: 6900/40000 | Train Loss: 9.937e-02 | Dynamic Loss: 9.937e-02 | Regularization Loss: 0.000e+00 | Val Loss: 1.402e-01 | Time: 8.47s
2025-08-20 16:05:03,998:INFO:Epoch: 6950/40000 | Train Loss: 9.148e-02 | Dynamic Loss: 9.148e-02 | Regularization Loss: 0.000e+00 | Val Loss: 1.326e-01 | Time: 8.57s
2025-08-20 16:05:03,998:INFO:New best model found at epoch 6950 with validation loss 1.326e-01. Saving...
2025-08-20 16:05:12,634:INFO:Epoch: 7000/40000 | Train Loss: 1.087e-01 | Dynamic Loss: 1.087e-01 | Regularization Loss: 0.000e+00 | Val Loss: 1.432e-01 | Time: 8.62s
2025-08-20 16:05:21,153:INFO:Epoch: 7050/40000 | Train Loss: 9.786e-02 | Dynamic Loss: 9.786e-02 | Regularization Loss: 0.000e+00 | Val Loss: 1.381e-01 | Time: 8.52s
2025-08-20 16:05:29,760:INFO:Epoch: 7100/40000 | Train Loss: 8.570e-02 | Dynamic Loss: 8.570e-02 | Regularization Loss: 0.000e+00 | Val Loss: 1.230e-01 | Time: 8.61s
2025-08-20 16:05:29,760:INFO:New best model found at epoch 7100 with validation loss 1.230e-01. Saving...
2025-08-20 16:05:38,563:INFO:Epoch: 7150/40000 | Train Loss: 9.120e-02 | Dynamic Loss: 9.120e-02 | Regularization Loss: 0.000e+00 | Val Loss: 1.328e-01 | Time: 8.78s
2025-08-20 16:05:47,088:INFO:Epoch: 7200/40000 | Train Loss: 9.390e-02 | Dynamic Loss: 9.390e-02 | Regularization Loss: 0.000e+00 | Val Loss: 1.285e-01 | Time: 8.53s
2025-08-20 16:05:55,655:INFO:Epoch: 7250/40000 | Train Loss: 1.004e-01 | Dynamic Loss: 1.004e-01 | Regularization Loss: 0.000e+00 | Val Loss: 1.476e-01 | Time: 8.57s
2025-08-20 16:06:04,615:INFO:Epoch: 7300/40000 | Train Loss: 9.215e-02 | Dynamic Loss: 9.215e-02 | Regularization Loss: 0.000e+00 | Val Loss: 1.226e-01 | Time: 8.96s
2025-08-20 16:06:04,615:INFO:New best model found at epoch 7300 with validation loss 1.226e-01. Saving...
2025-08-20 16:06:13,392:INFO:Epoch: 7350/40000 | Train Loss: 1.068e-01 | Dynamic Loss: 1.068e-01 | Regularization Loss: 0.000e+00 | Val Loss: 1.318e-01 | Time: 8.76s
2025-08-20 16:06:22,185:INFO:Epoch: 7400/40000 | Train Loss: 1.068e-01 | Dynamic Loss: 1.068e-01 | Regularization Loss: 0.000e+00 | Val Loss: 1.430e-01 | Time: 8.79s
2025-08-20 16:06:30,733:INFO:Epoch: 7450/40000 | Train Loss: 1.082e-01 | Dynamic Loss: 1.082e-01 | Regularization Loss: 0.000e+00 | Val Loss: 1.347e-01 | Time: 8.55s
2025-08-20 16:06:47,373:INFO:Epoch: 7500/40000 | Train Loss: 1.081e-01 | Dynamic Loss: 1.081e-01 | Regularization Loss: 0.000e+00 | Val Loss: 1.446e-01 | Time: 16.64s
2025-08-20 16:06:55,964:INFO:Epoch: 7550/40000 | Train Loss: 1.003e-01 | Dynamic Loss: 1.003e-01 | Regularization Loss: 0.000e+00 | Val Loss: 1.257e-01 | Time: 8.59s
2025-08-20 16:07:04,725:INFO:Epoch: 7600/40000 | Train Loss: 1.026e-01 | Dynamic Loss: 1.026e-01 | Regularization Loss: 0.000e+00 | Val Loss: 1.263e-01 | Time: 8.76s
2025-08-20 16:07:21,110:INFO:Epoch: 7650/40000 | Train Loss: 7.701e-02 | Dynamic Loss: 7.701e-02 | Regularization Loss: 0.000e+00 | Val Loss: 1.178e-01 | Time: 16.39s
2025-08-20 16:07:21,110:INFO:New best model found at epoch 7650 with validation loss 1.178e-01. Saving...
2025-08-20 16:07:29,785:INFO:Epoch: 7700/40000 | Train Loss: 1.004e-01 | Dynamic Loss: 1.004e-01 | Regularization Loss: 0.000e+00 | Val Loss: 1.459e-01 | Time: 8.66s
2025-08-20 16:07:38,256:INFO:Epoch: 7750/40000 | Train Loss: 9.484e-02 | Dynamic Loss: 9.484e-02 | Regularization Loss: 0.000e+00 | Val Loss: 1.302e-01 | Time: 8.47s
2025-08-20 16:07:54,922:INFO:Epoch: 7800/40000 | Train Loss: 9.298e-02 | Dynamic Loss: 9.298e-02 | Regularization Loss: 0.000e+00 | Val Loss: 1.232e-01 | Time: 16.67s
2025-08-20 16:08:03,411:INFO:Epoch: 7850/40000 | Train Loss: 9.020e-02 | Dynamic Loss: 9.020e-02 | Regularization Loss: 0.000e+00 | Val Loss: 1.404e-01 | Time: 8.49s
2025-08-20 16:08:12,219:INFO:Epoch: 7900/40000 | Train Loss: 7.929e-02 | Dynamic Loss: 7.929e-02 | Regularization Loss: 0.000e+00 | Val Loss: 1.188e-01 | Time: 8.81s
2025-08-20 16:08:21,028:INFO:Epoch: 7950/40000 | Train Loss: 7.731e-02 | Dynamic Loss: 7.731e-02 | Regularization Loss: 0.000e+00 | Val Loss: 1.103e-01 | Time: 8.81s
2025-08-20 16:08:21,028:INFO:New best model found at epoch 7950 with validation loss 1.103e-01. Saving...
2025-08-20 16:08:29,790:INFO:Epoch: 8000/40000 | Train Loss: 8.039e-02 | Dynamic Loss: 8.039e-02 | Regularization Loss: 0.000e+00 | Val Loss: 1.104e-01 | Time: 8.74s
2025-08-20 16:08:38,457:INFO:Epoch: 8050/40000 | Train Loss: 8.268e-02 | Dynamic Loss: 8.268e-02 | Regularization Loss: 0.000e+00 | Val Loss: 1.138e-01 | Time: 8.67s
2025-08-20 16:08:47,198:INFO:Epoch: 8100/40000 | Train Loss: 8.938e-02 | Dynamic Loss: 8.938e-02 | Regularization Loss: 0.000e+00 | Val Loss: 1.157e-01 | Time: 8.74s
2025-08-20 16:08:55,877:INFO:Epoch: 8150/40000 | Train Loss: 7.323e-02 | Dynamic Loss: 7.323e-02 | Regularization Loss: 0.000e+00 | Val Loss: 1.112e-01 | Time: 8.68s
2025-08-20 16:09:04,331:INFO:Epoch: 8200/40000 | Train Loss: 9.262e-02 | Dynamic Loss: 9.262e-02 | Regularization Loss: 0.000e+00 | Val Loss: 1.151e-01 | Time: 8.45s
2025-08-20 16:09:13,001:INFO:Epoch: 8250/40000 | Train Loss: 8.236e-02 | Dynamic Loss: 8.236e-02 | Regularization Loss: 0.000e+00 | Val Loss: 1.283e-01 | Time: 8.67s
2025-08-20 16:09:21,585:INFO:Epoch: 8300/40000 | Train Loss: 9.680e-02 | Dynamic Loss: 9.680e-02 | Regularization Loss: 0.000e+00 | Val Loss: 1.189e-01 | Time: 8.58s
2025-08-20 16:09:30,234:INFO:Epoch: 8350/40000 | Train Loss: 7.302e-02 | Dynamic Loss: 7.302e-02 | Regularization Loss: 0.000e+00 | Val Loss: 1.061e-01 | Time: 8.65s
2025-08-20 16:09:30,234:INFO:New best model found at epoch 8350 with validation loss 1.061e-01. Saving...
2025-08-20 16:09:39,102:INFO:Epoch: 8400/40000 | Train Loss: 1.230e-01 | Dynamic Loss: 1.230e-01 | Regularization Loss: 0.000e+00 | Val Loss: 1.601e-01 | Time: 8.85s
2025-08-20 16:09:47,858:INFO:Epoch: 8450/40000 | Train Loss: 1.466e-01 | Dynamic Loss: 1.466e-01 | Regularization Loss: 0.000e+00 | Val Loss: 2.574e-01 | Time: 8.76s
2025-08-20 16:09:56,431:INFO:Epoch: 8500/40000 | Train Loss: 7.463e-02 | Dynamic Loss: 7.463e-02 | Regularization Loss: 0.000e+00 | Val Loss: 1.012e-01 | Time: 8.57s
2025-08-20 16:09:56,431:INFO:New best model found at epoch 8500 with validation loss 1.012e-01. Saving...
2025-08-20 16:10:05,284:INFO:Epoch: 8550/40000 | Train Loss: 7.811e-02 | Dynamic Loss: 7.811e-02 | Regularization Loss: 0.000e+00 | Val Loss: 1.107e-01 | Time: 8.83s
2025-08-20 16:10:13,886:INFO:Epoch: 8600/40000 | Train Loss: 1.206e-01 | Dynamic Loss: 1.206e-01 | Regularization Loss: 0.000e+00 | Val Loss: 1.932e-01 | Time: 8.60s
2025-08-20 16:10:22,429:INFO:Epoch: 8650/40000 | Train Loss: 7.333e-02 | Dynamic Loss: 7.333e-02 | Regularization Loss: 0.000e+00 | Val Loss: 1.050e-01 | Time: 8.54s
2025-08-20 16:10:30,989:INFO:Epoch: 8700/40000 | Train Loss: 9.554e-02 | Dynamic Loss: 9.554e-02 | Regularization Loss: 0.000e+00 | Val Loss: 1.234e-01 | Time: 8.56s
2025-08-20 16:10:39,653:INFO:Epoch: 8750/40000 | Train Loss: 8.122e-02 | Dynamic Loss: 8.122e-02 | Regularization Loss: 0.000e+00 | Val Loss: 1.111e-01 | Time: 8.66s
2025-08-20 16:10:48,165:INFO:Epoch: 8800/40000 | Train Loss: 7.695e-02 | Dynamic Loss: 7.695e-02 | Regularization Loss: 0.000e+00 | Val Loss: 9.730e-02 | Time: 8.51s
2025-08-20 16:10:48,166:INFO:New best model found at epoch 8800 with validation loss 9.730e-02. Saving...
2025-08-20 16:10:56,695:INFO:Epoch: 8850/40000 | Train Loss: 7.520e-02 | Dynamic Loss: 7.520e-02 | Regularization Loss: 0.000e+00 | Val Loss: 1.129e-01 | Time: 8.51s
2025-08-20 16:11:05,316:INFO:Epoch: 8900/40000 | Train Loss: 7.040e-02 | Dynamic Loss: 7.040e-02 | Regularization Loss: 0.000e+00 | Val Loss: 1.306e-01 | Time: 8.62s
2025-08-20 16:11:13,805:INFO:Epoch: 8950/40000 | Train Loss: 6.449e-02 | Dynamic Loss: 6.449e-02 | Regularization Loss: 0.000e+00 | Val Loss: 9.674e-02 | Time: 8.49s
2025-08-20 16:11:13,806:INFO:New best model found at epoch 8950 with validation loss 9.674e-02. Saving...
2025-08-20 16:11:22,433:INFO:Epoch: 9000/40000 | Train Loss: 9.105e-02 | Dynamic Loss: 9.105e-02 | Regularization Loss: 0.000e+00 | Val Loss: 1.193e-01 | Time: 8.61s
2025-08-20 16:11:31,059:INFO:Epoch: 9050/40000 | Train Loss: 1.135e-01 | Dynamic Loss: 1.135e-01 | Regularization Loss: 0.000e+00 | Val Loss: 1.146e-01 | Time: 8.63s
2025-08-20 16:11:39,636:INFO:Epoch: 9100/40000 | Train Loss: 7.171e-02 | Dynamic Loss: 7.171e-02 | Regularization Loss: 0.000e+00 | Val Loss: 9.678e-02 | Time: 8.58s
2025-08-20 16:11:48,190:INFO:Epoch: 9150/40000 | Train Loss: 8.388e-02 | Dynamic Loss: 8.388e-02 | Regularization Loss: 0.000e+00 | Val Loss: 1.066e-01 | Time: 8.55s
2025-08-20 16:11:56,870:INFO:Epoch: 9200/40000 | Train Loss: 9.090e-02 | Dynamic Loss: 9.090e-02 | Regularization Loss: 0.000e+00 | Val Loss: 1.135e-01 | Time: 8.68s
2025-08-20 16:12:05,442:INFO:Epoch: 9250/40000 | Train Loss: 6.293e-02 | Dynamic Loss: 6.293e-02 | Regularization Loss: 0.000e+00 | Val Loss: 9.593e-02 | Time: 8.57s
2025-08-20 16:12:05,443:INFO:New best model found at epoch 9250 with validation loss 9.593e-02. Saving...
2025-08-20 16:12:14,160:INFO:Epoch: 9300/40000 | Train Loss: 6.831e-02 | Dynamic Loss: 6.831e-02 | Regularization Loss: 0.000e+00 | Val Loss: 1.010e-01 | Time: 8.70s
2025-08-20 16:12:22,886:INFO:Epoch: 9350/40000 | Train Loss: 6.187e-02 | Dynamic Loss: 6.187e-02 | Regularization Loss: 0.000e+00 | Val Loss: 9.775e-02 | Time: 8.73s
2025-08-20 16:12:31,516:INFO:Epoch: 9400/40000 | Train Loss: 8.070e-02 | Dynamic Loss: 8.070e-02 | Regularization Loss: 0.000e+00 | Val Loss: 1.003e-01 | Time: 8.63s
2025-08-20 16:12:40,105:INFO:Epoch: 9450/40000 | Train Loss: 7.783e-02 | Dynamic Loss: 7.783e-02 | Regularization Loss: 0.000e+00 | Val Loss: 1.076e-01 | Time: 8.59s
2025-08-20 16:12:48,572:INFO:Epoch: 9500/40000 | Train Loss: 7.609e-02 | Dynamic Loss: 7.609e-02 | Regularization Loss: 0.000e+00 | Val Loss: 1.148e-01 | Time: 8.47s
2025-08-20 16:12:57,317:INFO:Epoch: 9550/40000 | Train Loss: 5.547e-02 | Dynamic Loss: 5.547e-02 | Regularization Loss: 0.000e+00 | Val Loss: 8.706e-02 | Time: 8.74s
2025-08-20 16:12:57,317:INFO:New best model found at epoch 9550 with validation loss 8.706e-02. Saving...
2025-08-20 16:13:06,058:INFO:Epoch: 9600/40000 | Train Loss: 6.353e-02 | Dynamic Loss: 6.353e-02 | Regularization Loss: 0.000e+00 | Val Loss: 8.961e-02 | Time: 8.70s
2025-08-20 16:13:14,565:INFO:Epoch: 9650/40000 | Train Loss: 6.407e-02 | Dynamic Loss: 6.407e-02 | Regularization Loss: 0.000e+00 | Val Loss: 9.409e-02 | Time: 8.51s
2025-08-20 16:13:23,267:INFO:Epoch: 9700/40000 | Train Loss: 6.016e-02 | Dynamic Loss: 6.016e-02 | Regularization Loss: 0.000e+00 | Val Loss: 9.377e-02 | Time: 8.70s
2025-08-20 16:13:31,764:INFO:Epoch: 9750/40000 | Train Loss: 7.171e-02 | Dynamic Loss: 7.171e-02 | Regularization Loss: 0.000e+00 | Val Loss: 1.009e-01 | Time: 8.50s
2025-08-20 16:13:40,250:INFO:Epoch: 9800/40000 | Train Loss: 5.522e-02 | Dynamic Loss: 5.522e-02 | Regularization Loss: 0.000e+00 | Val Loss: 9.013e-02 | Time: 8.49s
2025-08-20 16:13:49,099:INFO:Epoch: 9850/40000 | Train Loss: 9.456e-02 | Dynamic Loss: 9.456e-02 | Regularization Loss: 0.000e+00 | Val Loss: 1.534e-01 | Time: 8.85s
2025-08-20 16:13:57,777:INFO:Epoch: 9900/40000 | Train Loss: 2.308e-01 | Dynamic Loss: 2.308e-01 | Regularization Loss: 0.000e+00 | Val Loss: 1.950e-01 | Time: 8.68s
2025-08-20 16:14:06,405:INFO:Epoch: 9950/40000 | Train Loss: 5.066e-02 | Dynamic Loss: 5.066e-02 | Regularization Loss: 0.000e+00 | Val Loss: 8.178e-02 | Time: 8.63s
2025-08-20 16:14:06,405:INFO:New best model found at epoch 9950 with validation loss 8.178e-02. Saving...
2025-08-20 16:14:14,475:INFO:Adding projection layer
2025-08-20 16:14:15,673:INFO:Epoch: 10000/40000 | Train Loss: 1.492e-01 | Dynamic Loss: 5.412e-02 | Regularization Loss: 9.509e-02 | Val Loss: 8.420e-02 | Time: 9.25s
2025-08-20 16:14:24,878:INFO:Epoch: 10050/40000 | Train Loss: 1.187e-01 | Dynamic Loss: 1.146e-01 | Regularization Loss: 4.073e-03 | Val Loss: 1.071e-01 | Time: 9.20s
2025-08-20 16:14:34,076:INFO:Epoch: 10100/40000 | Train Loss: 6.727e-02 | Dynamic Loss: 6.566e-02 | Regularization Loss: 1.610e-03 | Val Loss: 8.711e-02 | Time: 9.20s
2025-08-20 16:14:43,297:INFO:Epoch: 10150/40000 | Train Loss: 6.108e-02 | Dynamic Loss: 6.018e-02 | Regularization Loss: 8.984e-04 | Val Loss: 8.563e-02 | Time: 9.22s
2025-08-20 16:14:53,570:INFO:Epoch: 10200/40000 | Train Loss: 5.606e-02 | Dynamic Loss: 5.548e-02 | Regularization Loss: 5.840e-04 | Val Loss: 8.991e-02 | Time: 10.27s
2025-08-20 16:15:02,872:INFO:Epoch: 10250/40000 | Train Loss: 6.911e-02 | Dynamic Loss: 6.870e-02 | Regularization Loss: 4.139e-04 | Val Loss: 9.241e-02 | Time: 9.30s
2025-08-20 16:15:12,145:INFO:Epoch: 10300/40000 | Train Loss: 6.427e-02 | Dynamic Loss: 6.396e-02 | Regularization Loss: 3.101e-04 | Val Loss: 9.236e-02 | Time: 9.27s
2025-08-20 16:15:21,560:INFO:Epoch: 10350/40000 | Train Loss: 4.901e-02 | Dynamic Loss: 4.877e-02 | Regularization Loss: 2.415e-04 | Val Loss: 7.898e-02 | Time: 9.42s
2025-08-20 16:15:21,560:INFO:New best model found at epoch 10350 with validation loss 7.898e-02. Saving...
2025-08-20 16:15:30,910:INFO:Epoch: 10400/40000 | Train Loss: 5.623e-02 | Dynamic Loss: 5.604e-02 | Regularization Loss: 1.936e-04 | Val Loss: 9.163e-02 | Time: 9.33s
2025-08-20 16:15:40,176:INFO:Epoch: 10450/40000 | Train Loss: 5.806e-02 | Dynamic Loss: 5.790e-02 | Regularization Loss: 1.586e-04 | Val Loss: 9.814e-02 | Time: 9.27s
2025-08-20 16:15:50,139:INFO:Epoch: 10500/40000 | Train Loss: 6.377e-02 | Dynamic Loss: 6.364e-02 | Regularization Loss: 1.322e-04 | Val Loss: 9.123e-02 | Time: 9.96s
2025-08-20 16:15:59,449:INFO:Epoch: 10550/40000 | Train Loss: 6.096e-02 | Dynamic Loss: 6.084e-02 | Regularization Loss: 1.117e-04 | Val Loss: 9.398e-02 | Time: 9.31s
2025-08-20 16:16:08,790:INFO:Epoch: 10600/40000 | Train Loss: 6.625e-02 | Dynamic Loss: 6.615e-02 | Regularization Loss: 9.553e-05 | Val Loss: 8.472e-02 | Time: 9.34s
2025-08-20 16:16:26,223:INFO:Epoch: 10650/40000 | Train Loss: 5.025e-02 | Dynamic Loss: 5.017e-02 | Regularization Loss: 8.231e-05 | Val Loss: 7.771e-02 | Time: 17.43s
2025-08-20 16:16:26,223:INFO:New best model found at epoch 10650 with validation loss 7.771e-02. Saving...
2025-08-20 16:16:35,705:INFO:Epoch: 10700/40000 | Train Loss: 5.255e-02 | Dynamic Loss: 5.247e-02 | Regularization Loss: 7.165e-05 | Val Loss: 8.524e-02 | Time: 9.46s
2025-08-20 16:16:44,992:INFO:Epoch: 10750/40000 | Train Loss: 6.080e-02 | Dynamic Loss: 6.074e-02 | Regularization Loss: 6.279e-05 | Val Loss: 8.585e-02 | Time: 9.29s
2025-08-20 16:17:02,430:INFO:Epoch: 10800/40000 | Train Loss: 4.905e-02 | Dynamic Loss: 4.899e-02 | Regularization Loss: 5.533e-05 | Val Loss: 7.448e-02 | Time: 17.44s
2025-08-20 16:17:02,430:INFO:New best model found at epoch 10800 with validation loss 7.448e-02. Saving...
2025-08-20 16:17:11,871:INFO:Epoch: 10850/40000 | Train Loss: 4.899e-02 | Dynamic Loss: 4.894e-02 | Regularization Loss: 4.904e-05 | Val Loss: 8.060e-02 | Time: 9.42s
2025-08-20 16:17:21,153:INFO:Epoch: 10900/40000 | Train Loss: 5.832e-02 | Dynamic Loss: 5.827e-02 | Regularization Loss: 4.364e-05 | Val Loss: 8.123e-02 | Time: 9.28s
2025-08-20 16:17:31,120:INFO:Epoch: 10950/40000 | Train Loss: 4.315e-02 | Dynamic Loss: 4.311e-02 | Regularization Loss: 3.889e-05 | Val Loss: 7.432e-02 | Time: 9.97s
2025-08-20 16:17:31,120:INFO:New best model found at epoch 10950 with validation loss 7.432e-02. Saving...
2025-08-20 16:17:40,495:INFO:Epoch: 11000/40000 | Train Loss: 4.678e-02 | Dynamic Loss: 4.674e-02 | Regularization Loss: 3.480e-05 | Val Loss: 7.318e-02 | Time: 9.35s
2025-08-20 16:17:40,495:INFO:New best model found at epoch 11000 with validation loss 7.318e-02. Saving...
2025-08-20 16:17:49,863:INFO:Epoch: 11050/40000 | Train Loss: 1.844e-01 | Dynamic Loss: 1.844e-01 | Regularization Loss: 3.126e-05 | Val Loss: 1.853e-01 | Time: 9.35s
2025-08-20 16:18:06,836:INFO:Epoch: 11100/40000 | Train Loss: 5.549e-02 | Dynamic Loss: 5.546e-02 | Regularization Loss: 2.802e-05 | Val Loss: 8.693e-02 | Time: 16.97s
2025-08-20 16:18:16,313:INFO:Epoch: 11150/40000 | Train Loss: 4.305e-02 | Dynamic Loss: 4.303e-02 | Regularization Loss: 2.536e-05 | Val Loss: 8.067e-02 | Time: 9.48s
2025-08-20 16:18:25,673:INFO:Epoch: 11200/40000 | Train Loss: 6.658e-02 | Dynamic Loss: 6.656e-02 | Regularization Loss: 2.299e-05 | Val Loss: 8.110e-02 | Time: 9.36s
2025-08-20 16:18:43,154:INFO:Epoch: 11250/40000 | Train Loss: 4.633e-02 | Dynamic Loss: 4.631e-02 | Regularization Loss: 2.090e-05 | Val Loss: 7.456e-02 | Time: 17.48s
2025-08-20 16:18:52,574:INFO:Epoch: 11300/40000 | Train Loss: 4.391e-02 | Dynamic Loss: 4.389e-02 | Regularization Loss: 1.904e-05 | Val Loss: 7.847e-02 | Time: 9.42s
2025-08-20 16:19:01,978:INFO:Epoch: 11350/40000 | Train Loss: 1.936e-01 | Dynamic Loss: 1.936e-01 | Regularization Loss: 1.729e-05 | Val Loss: 1.653e-01 | Time: 9.40s
2025-08-20 16:19:16,261:INFO:Epoch: 11400/40000 | Train Loss: 2.227e-01 | Dynamic Loss: 2.227e-01 | Regularization Loss: 1.568e-05 | Val Loss: 1.951e-01 | Time: 14.28s
2025-08-20 16:19:25,570:INFO:Epoch: 11450/40000 | Train Loss: 6.076e-02 | Dynamic Loss: 6.075e-02 | Regularization Loss: 1.424e-05 | Val Loss: 1.202e-01 | Time: 9.31s
2025-08-20 16:19:35,217:INFO:Epoch: 11500/40000 | Train Loss: 4.402e-02 | Dynamic Loss: 4.401e-02 | Regularization Loss: 1.302e-05 | Val Loss: 7.006e-02 | Time: 9.65s
2025-08-20 16:19:35,217:INFO:New best model found at epoch 11500 with validation loss 7.006e-02. Saving...
2025-08-20 16:19:44,608:INFO:Epoch: 11550/40000 | Train Loss: 4.167e-02 | Dynamic Loss: 4.165e-02 | Regularization Loss: 1.195e-05 | Val Loss: 6.843e-02 | Time: 9.37s
2025-08-20 16:19:44,608:INFO:New best model found at epoch 11550 with validation loss 6.843e-02. Saving...
2025-08-20 16:19:53,958:INFO:Epoch: 11600/40000 | Train Loss: 5.368e-02 | Dynamic Loss: 5.367e-02 | Regularization Loss: 1.086e-05 | Val Loss: 8.169e-02 | Time: 9.33s
2025-08-20 16:20:05,039:INFO:Epoch: 11650/40000 | Train Loss: 3.842e-02 | Dynamic Loss: 3.841e-02 | Regularization Loss: 9.912e-06 | Val Loss: 6.657e-02 | Time: 11.08s
2025-08-20 16:20:05,039:INFO:New best model found at epoch 11650 with validation loss 6.657e-02. Saving...
2025-08-20 16:20:14,478:INFO:Epoch: 11700/40000 | Train Loss: 5.000e-02 | Dynamic Loss: 5.000e-02 | Regularization Loss: 9.070e-06 | Val Loss: 7.556e-02 | Time: 9.42s
2025-08-20 16:20:23,900:INFO:Epoch: 11750/40000 | Train Loss: 6.065e-02 | Dynamic Loss: 6.064e-02 | Regularization Loss: 8.311e-06 | Val Loss: 1.177e-01 | Time: 9.42s
2025-08-20 16:20:33,200:INFO:Epoch: 11800/40000 | Train Loss: 4.056e-02 | Dynamic Loss: 4.056e-02 | Regularization Loss: 7.468e-06 | Val Loss: 6.705e-02 | Time: 9.30s
2025-08-20 16:20:42,651:INFO:Epoch: 11850/40000 | Train Loss: 6.633e-02 | Dynamic Loss: 6.632e-02 | Regularization Loss: 6.809e-06 | Val Loss: 8.735e-02 | Time: 9.45s
2025-08-20 16:20:57,659:INFO:Epoch: 11900/40000 | Train Loss: 4.175e-02 | Dynamic Loss: 4.174e-02 | Regularization Loss: 6.281e-06 | Val Loss: 6.761e-02 | Time: 15.01s
2025-08-20 16:21:06,962:INFO:Epoch: 11950/40000 | Train Loss: 3.831e-02 | Dynamic Loss: 3.831e-02 | Regularization Loss: 4.795e-06 | Val Loss: 6.581e-02 | Time: 9.30s
2025-08-20 16:21:06,962:INFO:New best model found at epoch 11950 with validation loss 6.581e-02. Saving...
2025-08-20 16:21:16,396:INFO:Epoch: 12000/40000 | Train Loss: 5.781e-02 | Dynamic Loss: 5.781e-02 | Regularization Loss: 4.500e-06 | Val Loss: 8.138e-02 | Time: 9.41s
2025-08-20 16:21:25,813:INFO:Epoch: 12050/40000 | Train Loss: 3.753e-02 | Dynamic Loss: 3.753e-02 | Regularization Loss: 4.223e-06 | Val Loss: 6.348e-02 | Time: 9.42s
2025-08-20 16:21:25,813:INFO:New best model found at epoch 12050 with validation loss 6.348e-02. Saving...
2025-08-20 16:21:35,286:INFO:Epoch: 12100/40000 | Train Loss: 3.744e-02 | Dynamic Loss: 3.744e-02 | Regularization Loss: 3.806e-06 | Val Loss: 6.449e-02 | Time: 9.45s
2025-08-20 16:21:45,118:INFO:Epoch: 12150/40000 | Train Loss: 6.721e-02 | Dynamic Loss: 6.721e-02 | Regularization Loss: 3.424e-06 | Val Loss: 8.758e-02 | Time: 9.83s
2025-08-20 16:21:54,514:INFO:Epoch: 12200/40000 | Train Loss: 4.446e-02 | Dynamic Loss: 4.446e-02 | Regularization Loss: 3.179e-06 | Val Loss: 7.059e-02 | Time: 9.40s
2025-08-20 16:22:03,763:INFO:Epoch: 12250/40000 | Train Loss: 5.929e-02 | Dynamic Loss: 5.929e-02 | Regularization Loss: 2.969e-06 | Val Loss: 8.411e-02 | Time: 9.25s
2025-08-20 16:22:20,756:INFO:Epoch: 12300/40000 | Train Loss: 3.926e-02 | Dynamic Loss: 3.926e-02 | Regularization Loss: 1.572e-06 | Val Loss: 6.594e-02 | Time: 16.99s
2025-08-20 16:22:30,083:INFO:Epoch: 12350/40000 | Train Loss: 3.263e-02 | Dynamic Loss: 3.263e-02 | Regularization Loss: 1.516e-06 | Val Loss: 6.064e-02 | Time: 9.33s
2025-08-20 16:22:30,083:INFO:New best model found at epoch 12350 with validation loss 6.064e-02. Saving...
2025-08-20 16:22:39,661:INFO:Epoch: 12400/40000 | Train Loss: 5.283e-02 | Dynamic Loss: 5.282e-02 | Regularization Loss: 1.359e-06 | Val Loss: 7.971e-02 | Time: 9.56s
2025-08-20 16:22:49,086:INFO:Epoch: 12450/40000 | Train Loss: 4.059e-02 | Dynamic Loss: 4.058e-02 | Regularization Loss: 1.292e-06 | Val Loss: 6.980e-02 | Time: 9.43s
2025-08-20 16:22:58,898:INFO:Epoch: 12500/40000 | Train Loss: 3.313e-02 | Dynamic Loss: 3.313e-02 | Regularization Loss: 9.645e-07 | Val Loss: 6.082e-02 | Time: 9.81s
2025-08-20 16:23:15,165:INFO:Epoch: 12550/40000 | Train Loss: 8.926e-02 | Dynamic Loss: 8.926e-02 | Regularization Loss: 9.109e-07 | Val Loss: 1.034e-01 | Time: 16.27s
2025-08-20 16:23:24,612:INFO:Epoch: 12600/40000 | Train Loss: 1.008e-01 | Dynamic Loss: 1.008e-01 | Regularization Loss: 8.655e-07 | Val Loss: 1.204e-01 | Time: 9.45s
2025-08-20 16:23:34,032:INFO:Epoch: 12650/40000 | Train Loss: 2.198e-01 | Dynamic Loss: 2.198e-01 | Regularization Loss: 7.718e-07 | Val Loss: 2.651e-01 | Time: 9.42s
2025-08-20 16:23:43,506:INFO:Epoch: 12700/40000 | Train Loss: 3.212e-02 | Dynamic Loss: 3.212e-02 | Regularization Loss: 7.002e-07 | Val Loss: 6.025e-02 | Time: 9.47s
2025-08-20 16:23:43,507:INFO:New best model found at epoch 12700 with validation loss 6.025e-02. Saving...
2025-08-20 16:23:52,914:INFO:Epoch: 12750/40000 | Train Loss: 3.490e-02 | Dynamic Loss: 3.490e-02 | Regularization Loss: 6.630e-07 | Val Loss: 6.019e-02 | Time: 9.39s
2025-08-20 16:23:52,914:INFO:New best model found at epoch 12750 with validation loss 6.019e-02. Saving...
2025-08-20 16:24:09,664:INFO:Epoch: 12800/40000 | Train Loss: 7.249e-02 | Dynamic Loss: 7.248e-02 | Regularization Loss: 4.764e-07 | Val Loss: 9.046e-02 | Time: 16.73s
2025-08-20 16:24:19,175:INFO:Epoch: 12850/40000 | Train Loss: 3.191e-02 | Dynamic Loss: 3.190e-02 | Regularization Loss: 4.299e-07 | Val Loss: 6.018e-02 | Time: 9.51s
2025-08-20 16:24:19,175:INFO:New best model found at epoch 12850 with validation loss 6.018e-02. Saving...
2025-08-20 16:24:28,685:INFO:Epoch: 12900/40000 | Train Loss: 5.131e-02 | Dynamic Loss: 5.131e-02 | Regularization Loss: 2.238e-08 | Val Loss: 7.396e-02 | Time: 9.49s
2025-08-20 16:24:38,171:INFO:Epoch: 12950/40000 | Train Loss: 4.152e-02 | Dynamic Loss: 4.152e-02 | Regularization Loss: 2.110e-08 | Val Loss: 6.558e-02 | Time: 9.49s
2025-08-20 16:24:47,562:INFO:Epoch: 13000/40000 | Train Loss: 5.681e-02 | Dynamic Loss: 5.681e-02 | Regularization Loss: 1.948e-08 | Val Loss: 7.549e-02 | Time: 9.39s
2025-08-20 16:25:04,074:INFO:Epoch: 13050/40000 | Train Loss: 3.244e-02 | Dynamic Loss: 3.244e-02 | Regularization Loss: 1.889e-08 | Val Loss: 5.709e-02 | Time: 16.51s
2025-08-20 16:25:04,074:INFO:New best model found at epoch 13050 with validation loss 5.709e-02. Saving...
2025-08-20 16:25:13,464:INFO:Epoch: 13100/40000 | Train Loss: 3.710e-02 | Dynamic Loss: 3.710e-02 | Regularization Loss: 1.788e-08 | Val Loss: 6.180e-02 | Time: 9.37s
2025-08-20 16:25:22,701:INFO:Epoch: 13150/40000 | Train Loss: 1.508e-01 | Dynamic Loss: 1.508e-01 | Regularization Loss: 3.685e-10 | Val Loss: 1.670e-01 | Time: 9.24s
2025-08-20 16:25:32,344:INFO:Epoch: 13200/40000 | Train Loss: 1.052e-01 | Dynamic Loss: 1.052e-01 | Regularization Loss: 3.102e-10 | Val Loss: 1.117e-01 | Time: 9.64s
2025-08-20 16:25:41,557:INFO:Epoch: 13250/40000 | Train Loss: 5.961e-02 | Dynamic Loss: 5.961e-02 | Regularization Loss: 2.488e-10 | Val Loss: 7.313e-02 | Time: 9.21s
2025-08-20 16:25:51,195:INFO:Epoch: 13300/40000 | Train Loss: 4.861e-02 | Dynamic Loss: 4.861e-02 | Regularization Loss: 2.357e-10 | Val Loss: 6.558e-02 | Time: 9.64s
2025-08-20 16:26:05,879:INFO:Epoch: 13350/40000 | Train Loss: 4.737e-02 | Dynamic Loss: 4.737e-02 | Regularization Loss: 1.635e-10 | Val Loss: 6.532e-02 | Time: 14.68s
2025-08-20 16:26:15,446:INFO:Epoch: 13400/40000 | Train Loss: 3.953e-02 | Dynamic Loss: 3.953e-02 | Regularization Loss: 1.422e-10 | Val Loss: 5.780e-02 | Time: 9.57s
2025-08-20 16:26:24,719:INFO:Epoch: 13450/40000 | Train Loss: 4.592e-02 | Dynamic Loss: 4.592e-02 | Regularization Loss: 1.404e-10 | Val Loss: 6.226e-02 | Time: 9.27s
2025-08-20 16:26:34,086:INFO:Epoch: 13500/40000 | Train Loss: 5.273e-02 | Dynamic Loss: 5.273e-02 | Regularization Loss: 1.362e-10 | Val Loss: 6.647e-02 | Time: 9.37s
2025-08-20 16:26:43,297:INFO:Epoch: 13550/40000 | Train Loss: 3.289e-02 | Dynamic Loss: 3.289e-02 | Regularization Loss: 1.344e-10 | Val Loss: 5.191e-02 | Time: 9.21s
2025-08-20 16:26:43,297:INFO:New best model found at epoch 13550 with validation loss 5.191e-02. Saving...
2025-08-20 16:26:52,660:INFO:Epoch: 13600/40000 | Train Loss: 4.439e-02 | Dynamic Loss: 4.439e-02 | Regularization Loss: 1.416e-10 | Val Loss: 6.369e-02 | Time: 9.34s
2025-08-20 16:27:02,069:INFO:Epoch: 13650/40000 | Train Loss: 6.421e-02 | Dynamic Loss: 6.421e-02 | Regularization Loss: 1.472e-10 | Val Loss: 7.363e-02 | Time: 9.41s
2025-08-20 16:27:11,305:INFO:Epoch: 13700/40000 | Train Loss: 4.695e-02 | Dynamic Loss: 4.695e-02 | Regularization Loss: 1.520e-10 | Val Loss: 6.270e-02 | Time: 9.24s
2025-08-20 16:27:20,499:INFO:Epoch: 13750/40000 | Train Loss: 3.523e-02 | Dynamic Loss: 3.523e-02 | Regularization Loss: 1.499e-10 | Val Loss: 5.349e-02 | Time: 9.19s
2025-08-20 16:27:29,782:INFO:Epoch: 13800/40000 | Train Loss: 4.401e-02 | Dynamic Loss: 4.401e-02 | Regularization Loss: 1.547e-10 | Val Loss: 6.526e-02 | Time: 9.28s
2025-08-20 16:27:39,330:INFO:Epoch: 13850/40000 | Train Loss: 7.801e-02 | Dynamic Loss: 7.801e-02 | Regularization Loss: 1.591e-10 | Val Loss: 8.578e-02 | Time: 9.55s
2025-08-20 16:27:48,608:INFO:Epoch: 13900/40000 | Train Loss: 3.284e-02 | Dynamic Loss: 3.284e-02 | Regularization Loss: 1.238e-10 | Val Loss: 5.167e-02 | Time: 9.28s
2025-08-20 16:27:48,609:INFO:New best model found at epoch 13900 with validation loss 5.167e-02. Saving...
2025-08-20 16:27:57,904:INFO:Epoch: 13950/40000 | Train Loss: 3.703e-02 | Dynamic Loss: 3.703e-02 | Regularization Loss: 8.809e-11 | Val Loss: 5.637e-02 | Time: 9.27s
2025-08-20 16:28:07,211:INFO:Epoch: 14000/40000 | Train Loss: 5.174e-02 | Dynamic Loss: 5.174e-02 | Regularization Loss: 4.156e-11 | Val Loss: 6.752e-02 | Time: 9.31s
2025-08-20 16:28:16,506:INFO:Epoch: 14050/40000 | Train Loss: 9.217e-02 | Dynamic Loss: 9.217e-02 | Regularization Loss: 2.689e-11 | Val Loss: 9.577e-02 | Time: 9.30s
2025-08-20 16:28:25,775:INFO:Epoch: 14100/40000 | Train Loss: 5.718e-01 | Dynamic Loss: 5.718e-01 | Regularization Loss: 1.585e-11 | Val Loss: 5.214e-01 | Time: 9.27s
2025-08-20 16:28:35,034:INFO:Epoch: 14150/40000 | Train Loss: 3.814e-02 | Dynamic Loss: 3.814e-02 | Regularization Loss: 1.058e-11 | Val Loss: 5.747e-02 | Time: 9.26s
2025-08-20 16:28:46,386:INFO:Epoch: 14200/40000 | Train Loss: 4.784e-02 | Dynamic Loss: 4.784e-02 | Regularization Loss: 9.874e-12 | Val Loss: 6.098e-02 | Time: 11.35s
2025-08-20 16:28:55,556:INFO:Epoch: 14250/40000 | Train Loss: 4.328e-02 | Dynamic Loss: 4.328e-02 | Regularization Loss: 9.277e-12 | Val Loss: 5.873e-02 | Time: 9.17s
2025-08-20 16:29:04,953:INFO:Epoch: 14300/40000 | Train Loss: 7.869e-02 | Dynamic Loss: 7.869e-02 | Regularization Loss: 1.975e-12 | Val Loss: 9.310e-02 | Time: 9.40s
2025-08-20 16:29:14,249:INFO:Epoch: 14350/40000 | Train Loss: 3.425e-02 | Dynamic Loss: 3.425e-02 | Regularization Loss: 2.058e-12 | Val Loss: 5.346e-02 | Time: 9.30s
2025-08-20 16:29:24,636:INFO:Epoch: 14400/40000 | Train Loss: 4.573e-02 | Dynamic Loss: 4.573e-02 | Regularization Loss: 2.075e-12 | Val Loss: 5.946e-02 | Time: 10.39s
2025-08-20 16:29:33,924:INFO:Epoch: 14450/40000 | Train Loss: 4.149e-02 | Dynamic Loss: 4.149e-02 | Regularization Loss: 1.254e-12 | Val Loss: 5.733e-02 | Time: 9.29s
2025-08-20 16:29:43,234:INFO:Epoch: 14500/40000 | Train Loss: 2.825e-02 | Dynamic Loss: 2.825e-02 | Regularization Loss: 1.273e-12 | Val Loss: 4.794e-02 | Time: 9.31s
2025-08-20 16:29:43,234:INFO:New best model found at epoch 14500 with validation loss 4.794e-02. Saving...
2025-08-20 16:29:54,406:INFO:Epoch: 14550/40000 | Train Loss: 3.265e-02 | Dynamic Loss: 3.265e-02 | Regularization Loss: 5.711e-13 | Val Loss: 5.242e-02 | Time: 11.14s
2025-08-20 16:30:03,693:INFO:Epoch: 14600/40000 | Train Loss: 2.700e-02 | Dynamic Loss: 2.700e-02 | Regularization Loss: 5.657e-13 | Val Loss: 4.676e-02 | Time: 9.29s
2025-08-20 16:30:03,693:INFO:New best model found at epoch 14600 with validation loss 4.676e-02. Saving...
2025-08-20 16:30:13,083:INFO:Epoch: 14650/40000 | Train Loss: 4.015e-02 | Dynamic Loss: 4.015e-02 | Regularization Loss: 6.329e-13 | Val Loss: 5.464e-02 | Time: 9.37s
2025-08-20 16:30:22,480:INFO:Epoch: 14700/40000 | Train Loss: 2.257e-01 | Dynamic Loss: 2.257e-01 | Regularization Loss: 5.797e-13 | Val Loss: 2.095e-01 | Time: 9.40s
2025-08-20 16:30:32,047:INFO:Epoch: 14750/40000 | Train Loss: 2.675e-02 | Dynamic Loss: 2.675e-02 | Regularization Loss: 4.711e-13 | Val Loss: 4.672e-02 | Time: 9.57s
2025-08-20 16:30:32,047:INFO:New best model found at epoch 14750 with validation loss 4.672e-02. Saving...
2025-08-20 16:30:41,428:INFO:Epoch: 14800/40000 | Train Loss: 3.881e-02 | Dynamic Loss: 3.881e-02 | Regularization Loss: 4.150e-13 | Val Loss: 5.374e-02 | Time: 9.35s
2025-08-20 16:30:51,287:INFO:Epoch: 14850/40000 | Train Loss: 3.426e-02 | Dynamic Loss: 3.426e-02 | Regularization Loss: 3.903e-13 | Val Loss: 5.812e-02 | Time: 9.86s
2025-08-20 16:31:03,525:INFO:Epoch: 14900/40000 | Train Loss: 2.596e-02 | Dynamic Loss: 2.596e-02 | Regularization Loss: 2.747e-13 | Val Loss: 4.663e-02 | Time: 12.24s
2025-08-20 16:31:03,525:INFO:New best model found at epoch 14900 with validation loss 4.663e-02. Saving...
2025-08-20 16:31:12,808:INFO:Epoch: 14950/40000 | Train Loss: 4.905e-02 | Dynamic Loss: 4.905e-02 | Regularization Loss: 2.837e-13 | Val Loss: 5.947e-02 | Time: 9.25s
2025-08-20 16:31:21,979:INFO:Epoch: 15000/40000 | Train Loss: 3.045e-02 | Dynamic Loss: 3.045e-02 | Regularization Loss: 2.717e-13 | Val Loss: 4.894e-02 | Time: 9.17s
2025-08-20 16:31:32,179:INFO:Epoch: 15050/40000 | Train Loss: 3.509e-02 | Dynamic Loss: 3.509e-02 | Regularization Loss: 2.924e-13 | Val Loss: 6.074e-02 | Time: 10.20s
2025-08-20 16:31:41,633:INFO:Epoch: 15100/40000 | Train Loss: 2.418e-02 | Dynamic Loss: 2.418e-02 | Regularization Loss: 2.627e-13 | Val Loss: 4.456e-02 | Time: 9.45s
2025-08-20 16:31:41,633:INFO:New best model found at epoch 15100 with validation loss 4.456e-02. Saving...
2025-08-20 16:31:51,118:INFO:Epoch: 15150/40000 | Train Loss: 8.196e-02 | Dynamic Loss: 8.196e-02 | Regularization Loss: 7.385e-14 | Val Loss: 9.366e-02 | Time: 9.47s
2025-08-20 16:32:00,550:INFO:Epoch: 15200/40000 | Train Loss: 5.109e-02 | Dynamic Loss: 5.109e-02 | Regularization Loss: 2.834e-15 | Val Loss: 7.202e-02 | Time: 9.43s
2025-08-20 16:32:16,717:INFO:Epoch: 15250/40000 | Train Loss: 7.413e-02 | Dynamic Loss: 7.413e-02 | Regularization Loss: 2.679e-15 | Val Loss: 3.640e-01 | Time: 16.17s
2025-08-20 16:32:26,007:INFO:Epoch: 15300/40000 | Train Loss: 9.255e-02 | Dynamic Loss: 9.255e-02 | Regularization Loss: 1.948e-15 | Val Loss: 1.042e-01 | Time: 9.29s
2025-08-20 16:32:35,426:INFO:Epoch: 15350/40000 | Train Loss: 3.055e-02 | Dynamic Loss: 3.055e-02 | Regularization Loss: 1.883e-15 | Val Loss: 4.966e-02 | Time: 9.42s
2025-08-20 16:32:44,786:INFO:Epoch: 15400/40000 | Train Loss: 3.795e-02 | Dynamic Loss: 3.795e-02 | Regularization Loss: 1.931e-15 | Val Loss: 1.050e-01 | Time: 9.36s
2025-08-20 16:32:54,060:INFO:Epoch: 15450/40000 | Train Loss: 1.066e-01 | Dynamic Loss: 1.066e-01 | Regularization Loss: 1.784e-15 | Val Loss: 1.395e-01 | Time: 9.27s
2025-08-20 16:33:03,453:INFO:Epoch: 15500/40000 | Train Loss: 3.299e-02 | Dynamic Loss: 3.299e-02 | Regularization Loss: 1.619e-15 | Val Loss: 5.228e-02 | Time: 9.39s
2025-08-20 16:33:12,750:INFO:Epoch: 15550/40000 | Train Loss: 5.732e-02 | Dynamic Loss: 5.732e-02 | Regularization Loss: 1.672e-15 | Val Loss: 7.639e-02 | Time: 9.30s
2025-08-20 16:33:27,760:INFO:Epoch: 15600/40000 | Train Loss: 2.588e-02 | Dynamic Loss: 2.588e-02 | Regularization Loss: 4.829e-16 | Val Loss: 4.685e-02 | Time: 15.01s
2025-08-20 16:33:36,957:INFO:Epoch: 15650/40000 | Train Loss: 2.485e-02 | Dynamic Loss: 2.485e-02 | Regularization Loss: 4.705e-16 | Val Loss: 4.538e-02 | Time: 9.20s
2025-08-20 16:33:46,326:INFO:Epoch: 15700/40000 | Train Loss: 1.643e-01 | Dynamic Loss: 1.643e-01 | Regularization Loss: 4.260e-16 | Val Loss: 1.677e-01 | Time: 9.37s
2025-08-20 16:33:55,651:INFO:Epoch: 15750/40000 | Train Loss: 6.919e-01 | Dynamic Loss: 6.919e-01 | Regularization Loss: 2.392e-16 | Val Loss: 5.517e-01 | Time: 9.33s
2025-08-20 16:34:13,384:INFO:Epoch: 15800/40000 | Train Loss: 3.045e-02 | Dynamic Loss: 3.045e-02 | Regularization Loss: 8.149e-17 | Val Loss: 5.182e-02 | Time: 17.73s
2025-08-20 16:34:22,905:INFO:Epoch: 15850/40000 | Train Loss: 2.685e-02 | Dynamic Loss: 2.685e-02 | Regularization Loss: 8.461e-17 | Val Loss: 4.743e-02 | Time: 9.52s
2025-08-20 16:34:32,369:INFO:Epoch: 15900/40000 | Train Loss: 2.838e-02 | Dynamic Loss: 2.838e-02 | Regularization Loss: 7.296e-17 | Val Loss: 4.794e-02 | Time: 9.46s
2025-08-20 16:34:41,712:INFO:Epoch: 15950/40000 | Train Loss: 4.823e-02 | Dynamic Loss: 4.823e-02 | Regularization Loss: 5.757e-17 | Val Loss: 6.357e-02 | Time: 9.34s
2025-08-20 16:34:59,208:INFO:Epoch: 16000/40000 | Train Loss: 2.364e-02 | Dynamic Loss: 2.364e-02 | Regularization Loss: 5.554e-17 | Val Loss: 4.465e-02 | Time: 17.50s
2025-08-20 16:35:08,584:INFO:Epoch: 16050/40000 | Train Loss: 3.424e-02 | Dynamic Loss: 3.424e-02 | Regularization Loss: 4.662e-17 | Val Loss: 5.403e-02 | Time: 9.38s
2025-08-20 16:35:17,961:INFO:Epoch: 16100/40000 | Train Loss: 2.253e-02 | Dynamic Loss: 2.253e-02 | Regularization Loss: 4.787e-17 | Val Loss: 4.444e-02 | Time: 9.38s
2025-08-20 16:35:17,961:INFO:New best model found at epoch 16100 with validation loss 4.444e-02. Saving...
2025-08-20 16:35:27,480:INFO:Epoch: 16150/40000 | Train Loss: 3.098e-02 | Dynamic Loss: 3.098e-02 | Regularization Loss: 7.681e-18 | Val Loss: 5.289e-02 | Time: 9.47s
2025-08-20 16:35:36,923:INFO:Epoch: 16200/40000 | Train Loss: 3.854e-02 | Dynamic Loss: 3.854e-02 | Regularization Loss: 6.774e-18 | Val Loss: 5.823e-02 | Time: 9.44s
2025-08-20 16:35:46,183:INFO:Epoch: 16250/40000 | Train Loss: 3.424e-02 | Dynamic Loss: 3.424e-02 | Regularization Loss: 6.749e-18 | Val Loss: 5.208e-02 | Time: 9.26s
2025-08-20 16:35:55,457:INFO:Epoch: 16300/40000 | Train Loss: 1.092e-01 | Dynamic Loss: 1.092e-01 | Regularization Loss: 6.681e-18 | Val Loss: 1.228e-01 | Time: 9.27s
2025-08-20 16:36:12,640:INFO:Epoch: 16350/40000 | Train Loss: 2.390e-02 | Dynamic Loss: 2.390e-02 | Regularization Loss: 6.613e-18 | Val Loss: 4.391e-02 | Time: 17.18s
2025-08-20 16:36:12,640:INFO:New best model found at epoch 16350 with validation loss 4.391e-02. Saving...
2025-08-20 16:36:22,283:INFO:Epoch: 16400/40000 | Train Loss: 1.589e-01 | Dynamic Loss: 1.589e-01 | Regularization Loss: 3.630e-19 | Val Loss: 1.767e-01 | Time: 9.62s
2025-08-20 16:36:31,818:INFO:Epoch: 16450/40000 | Train Loss: 3.294e-02 | Dynamic Loss: 3.294e-02 | Regularization Loss: 3.806e-19 | Val Loss: 5.375e-02 | Time: 9.53s
2025-08-20 16:36:41,573:INFO:Epoch: 16500/40000 | Train Loss: 3.988e-02 | Dynamic Loss: 3.988e-02 | Regularization Loss: 1.891e-19 | Val Loss: 6.209e-02 | Time: 9.75s
2025-08-20 16:36:50,944:INFO:Epoch: 16550/40000 | Train Loss: 2.803e-02 | Dynamic Loss: 2.803e-02 | Regularization Loss: 1.871e-19 | Val Loss: 4.897e-02 | Time: 9.37s
2025-08-20 16:37:00,226:INFO:Epoch: 16600/40000 | Train Loss: 2.650e-02 | Dynamic Loss: 2.650e-02 | Regularization Loss: 1.697e-19 | Val Loss: 4.734e-02 | Time: 9.28s
2025-08-20 16:37:09,614:INFO:Epoch: 16650/40000 | Train Loss: 2.955e-02 | Dynamic Loss: 2.955e-02 | Regularization Loss: 1.260e-19 | Val Loss: 4.823e-02 | Time: 9.39s
2025-08-20 16:37:18,802:INFO:Epoch: 16700/40000 | Train Loss: 1.880e-01 | Dynamic Loss: 1.880e-01 | Regularization Loss: 1.037e-19 | Val Loss: 1.651e-01 | Time: 9.19s
2025-08-20 16:37:28,139:INFO:Epoch: 16750/40000 | Train Loss: 3.124e-02 | Dynamic Loss: 3.124e-02 | Regularization Loss: 7.457e-20 | Val Loss: 5.056e-02 | Time: 9.34s
2025-08-20 16:37:37,502:INFO:Epoch: 16800/40000 | Train Loss: 6.170e-02 | Dynamic Loss: 6.170e-02 | Regularization Loss: 4.769e-20 | Val Loss: 8.250e-02 | Time: 9.36s
2025-08-20 16:37:48,380:INFO:Epoch: 16850/40000 | Train Loss: 3.084e-02 | Dynamic Loss: 3.084e-02 | Regularization Loss: 2.249e-20 | Val Loss: 5.198e-02 | Time: 10.88s
2025-08-20 16:37:57,784:INFO:Epoch: 16900/40000 | Train Loss: 2.898e-02 | Dynamic Loss: 2.898e-02 | Regularization Loss: 1.906e-20 | Val Loss: 5.001e-02 | Time: 9.40s
2025-08-20 16:38:07,149:INFO:Epoch: 16950/40000 | Train Loss: 2.349e-02 | Dynamic Loss: 2.349e-02 | Regularization Loss: 1.819e-20 | Val Loss: 4.478e-02 | Time: 9.36s
2025-08-20 16:38:16,503:INFO:Epoch: 17000/40000 | Train Loss: 3.484e-02 | Dynamic Loss: 3.484e-02 | Regularization Loss: 1.678e-20 | Val Loss: 5.552e-02 | Time: 9.35s
2025-08-20 16:38:29,506:INFO:Epoch: 17050/40000 | Train Loss: 2.553e-02 | Dynamic Loss: 2.553e-02 | Regularization Loss: 1.112e-20 | Val Loss: 4.655e-02 | Time: 13.00s
2025-08-20 16:38:39,062:INFO:Epoch: 17100/40000 | Train Loss: 4.471e-02 | Dynamic Loss: 4.471e-02 | Regularization Loss: 1.083e-20 | Val Loss: 5.984e-02 | Time: 9.56s
2025-08-20 16:38:48,363:INFO:Epoch: 17150/40000 | Train Loss: 1.388e-01 | Dynamic Loss: 1.388e-01 | Regularization Loss: 4.930e-21 | Val Loss: 1.270e-01 | Time: 9.30s
2025-08-20 16:38:58,613:INFO:Epoch: 17200/40000 | Train Loss: 2.225e-02 | Dynamic Loss: 2.225e-02 | Regularization Loss: 4.071e-21 | Val Loss: 4.286e-02 | Time: 10.25s
2025-08-20 16:38:58,613:INFO:New best model found at epoch 17200 with validation loss 4.286e-02. Saving...
2025-08-20 16:39:07,954:INFO:Epoch: 17250/40000 | Train Loss: 4.886e-02 | Dynamic Loss: 4.886e-02 | Regularization Loss: 2.801e-21 | Val Loss: 1.042e-01 | Time: 9.32s
2025-08-20 16:39:17,149:INFO:Epoch: 17300/40000 | Train Loss: 2.189e-02 | Dynamic Loss: 2.189e-02 | Regularization Loss: 2.686e-21 | Val Loss: 4.391e-02 | Time: 9.20s
2025-08-20 16:39:26,557:INFO:Epoch: 17350/40000 | Train Loss: 2.075e-02 | Dynamic Loss: 2.075e-02 | Regularization Loss: 2.716e-21 | Val Loss: 4.153e-02 | Time: 9.41s
2025-08-20 16:39:26,558:INFO:New best model found at epoch 17350 with validation loss 4.153e-02. Saving...
2025-08-20 16:39:35,808:INFO:Epoch: 17400/40000 | Train Loss: 2.050e-02 | Dynamic Loss: 2.050e-02 | Regularization Loss: 1.729e-21 | Val Loss: 1.027e-01 | Time: 9.23s
2025-08-20 16:39:45,082:INFO:Epoch: 17450/40000 | Train Loss: 2.446e-02 | Dynamic Loss: 2.446e-02 | Regularization Loss: 1.725e-21 | Val Loss: 4.356e-02 | Time: 9.27s
2025-08-20 16:39:54,436:INFO:Epoch: 17500/40000 | Train Loss: 1.988e-02 | Dynamic Loss: 1.988e-02 | Regularization Loss: 1.345e-21 | Val Loss: 4.087e-02 | Time: 9.35s
2025-08-20 16:39:54,436:INFO:New best model found at epoch 17500 with validation loss 4.087e-02. Saving...
2025-08-20 16:40:08,455:INFO:Epoch: 17550/40000 | Train Loss: 3.126e-02 | Dynamic Loss: 3.126e-02 | Regularization Loss: 1.250e-21 | Val Loss: 5.014e-02 | Time: 14.00s
2025-08-20 16:40:17,808:INFO:Epoch: 17600/40000 | Train Loss: 2.187e-02 | Dynamic Loss: 2.187e-02 | Regularization Loss: 1.120e-21 | Val Loss: 4.402e-02 | Time: 9.35s
2025-08-20 16:40:27,170:INFO:Epoch: 17650/40000 | Train Loss: 1.211e-01 | Dynamic Loss: 1.211e-01 | Regularization Loss: 9.791e-22 | Val Loss: 1.403e-01 | Time: 9.36s
2025-08-20 16:40:36,671:INFO:Epoch: 17700/40000 | Train Loss: 1.873e-02 | Dynamic Loss: 1.873e-02 | Regularization Loss: 7.942e-22 | Val Loss: 4.039e-02 | Time: 9.50s
2025-08-20 16:40:36,671:INFO:New best model found at epoch 17700 with validation loss 4.039e-02. Saving...
2025-08-20 16:40:45,916:INFO:Epoch: 17750/40000 | Train Loss: 2.394e-02 | Dynamic Loss: 2.394e-02 | Regularization Loss: 8.058e-22 | Val Loss: 4.384e-02 | Time: 9.22s
2025-08-20 16:40:55,244:INFO:Epoch: 17800/40000 | Train Loss: 1.999e-01 | Dynamic Loss: 1.999e-01 | Regularization Loss: 3.196e-22 | Val Loss: 2.047e-01 | Time: 9.33s
2025-08-20 16:41:04,687:INFO:Epoch: 17850/40000 | Train Loss: 3.239e-02 | Dynamic Loss: 3.239e-02 | Regularization Loss: 2.062e-22 | Val Loss: 4.826e-02 | Time: 9.44s
2025-08-20 16:41:14,001:INFO:Epoch: 17900/40000 | Train Loss: 1.933e-02 | Dynamic Loss: 1.933e-02 | Regularization Loss: 2.112e-22 | Val Loss: 4.066e-02 | Time: 9.31s
2025-08-20 16:41:23,430:INFO:Epoch: 17950/40000 | Train Loss: 2.047e-02 | Dynamic Loss: 2.047e-02 | Regularization Loss: 1.501e-22 | Val Loss: 4.226e-02 | Time: 9.43s
2025-08-20 16:41:32,794:INFO:Epoch: 18000/40000 | Train Loss: 1.801e-02 | Dynamic Loss: 1.801e-02 | Regularization Loss: 1.471e-22 | Val Loss: 4.034e-02 | Time: 9.36s
2025-08-20 16:41:32,795:INFO:New best model found at epoch 18000 with validation loss 4.034e-02. Saving...
2025-08-20 16:41:47,341:INFO:Epoch: 18050/40000 | Train Loss: 2.812e-02 | Dynamic Loss: 2.812e-02 | Regularization Loss: 1.134e-22 | Val Loss: 4.665e-02 | Time: 14.53s
2025-08-20 16:41:56,599:INFO:Epoch: 18100/40000 | Train Loss: 1.863e-02 | Dynamic Loss: 1.863e-02 | Regularization Loss: 1.058e-22 | Val Loss: 3.988e-02 | Time: 9.26s
2025-08-20 16:41:56,600:INFO:New best model found at epoch 18100 with validation loss 3.988e-02. Saving...
2025-08-20 16:42:05,925:INFO:Epoch: 18150/40000 | Train Loss: 4.578e-02 | Dynamic Loss: 4.578e-02 | Regularization Loss: 6.419e-23 | Val Loss: 6.590e-02 | Time: 9.31s
2025-08-20 16:42:15,232:INFO:Epoch: 18200/40000 | Train Loss: 2.115e-02 | Dynamic Loss: 2.115e-02 | Regularization Loss: 1.742e-23 | Val Loss: 4.322e-02 | Time: 9.31s
2025-08-20 16:42:25,993:INFO:Epoch: 18250/40000 | Train Loss: 2.786e-02 | Dynamic Loss: 2.786e-02 | Regularization Loss: 1.643e-23 | Val Loss: 7.595e-02 | Time: 10.76s
2025-08-20 16:42:35,434:INFO:Epoch: 18300/40000 | Train Loss: 1.692e-02 | Dynamic Loss: 1.692e-02 | Regularization Loss: 1.508e-23 | Val Loss: 3.881e-02 | Time: 9.44s
2025-08-20 16:42:35,434:INFO:New best model found at epoch 18300 with validation loss 3.881e-02. Saving...
2025-08-20 16:42:44,630:INFO:Epoch: 18350/40000 | Train Loss: 3.183e-02 | Dynamic Loss: 3.183e-02 | Regularization Loss: 2.414e-24 | Val Loss: 5.074e-02 | Time: 9.18s
2025-08-20 16:42:53,759:INFO:Epoch: 18400/40000 | Train Loss: 1.811e-02 | Dynamic Loss: 1.811e-02 | Regularization Loss: 2.440e-24 | Val Loss: 3.948e-02 | Time: 9.13s
2025-08-20 16:43:03,689:INFO:Epoch: 18450/40000 | Train Loss: 1.836e-02 | Dynamic Loss: 1.836e-02 | Regularization Loss: 1.531e-24 | Val Loss: 4.108e-02 | Time: 9.93s
2025-08-20 16:43:13,192:INFO:Epoch: 18500/40000 | Train Loss: 3.306e-02 | Dynamic Loss: 3.306e-02 | Regularization Loss: 8.866e-25 | Val Loss: 5.801e-02 | Time: 9.50s
2025-08-20 16:43:22,765:INFO:Epoch: 18550/40000 | Train Loss: 1.609e-01 | Dynamic Loss: 1.609e-01 | Regularization Loss: 8.328e-25 | Val Loss: 1.473e-01 | Time: 9.57s
2025-08-20 16:43:34,155:INFO:Epoch: 18600/40000 | Train Loss: 5.484e-02 | Dynamic Loss: 5.484e-02 | Regularization Loss: 5.857e-25 | Val Loss: 6.946e-02 | Time: 11.39s
2025-08-20 16:43:43,470:INFO:Epoch: 18650/40000 | Train Loss: 1.104e-01 | Dynamic Loss: 1.104e-01 | Regularization Loss: 4.178e-25 | Val Loss: 1.156e-01 | Time: 9.31s
2025-08-20 16:43:52,780:INFO:Epoch: 18700/40000 | Train Loss: 2.495e-02 | Dynamic Loss: 2.495e-02 | Regularization Loss: 1.989e-25 | Val Loss: 4.733e-02 | Time: 9.31s
2025-08-20 16:44:05,198:INFO:Epoch: 18750/40000 | Train Loss: 1.907e-02 | Dynamic Loss: 1.907e-02 | Regularization Loss: 1.095e-25 | Val Loss: 4.216e-02 | Time: 12.42s
2025-08-20 16:44:14,562:INFO:Epoch: 18800/40000 | Train Loss: 1.800e-02 | Dynamic Loss: 1.800e-02 | Regularization Loss: 1.110e-25 | Val Loss: 4.010e-02 | Time: 9.36s
2025-08-20 16:44:23,910:INFO:Epoch: 18850/40000 | Train Loss: 2.005e-02 | Dynamic Loss: 2.005e-02 | Regularization Loss: 2.543e-26 | Val Loss: 4.540e-02 | Time: 9.35s
2025-08-20 16:44:33,350:INFO:Epoch: 18900/40000 | Train Loss: 2.119e-02 | Dynamic Loss: 2.119e-02 | Regularization Loss: 2.159e-26 | Val Loss: 4.401e-02 | Time: 9.44s
2025-08-20 16:44:42,642:INFO:Epoch: 18950/40000 | Train Loss: 6.522e-02 | Dynamic Loss: 6.522e-02 | Regularization Loss: 1.656e-26 | Val Loss: 1.239e-01 | Time: 9.29s
2025-08-20 16:44:51,867:INFO:Epoch: 19000/40000 | Train Loss: 2.166e-02 | Dynamic Loss: 2.166e-02 | Regularization Loss: 4.598e-27 | Val Loss: 4.619e-02 | Time: 9.23s
2025-08-20 16:45:01,198:INFO:Epoch: 19050/40000 | Train Loss: 1.701e-02 | Dynamic Loss: 1.701e-02 | Regularization Loss: 4.640e-27 | Val Loss: 4.058e-02 | Time: 9.33s
2025-08-20 16:45:10,536:INFO:Epoch: 19100/40000 | Train Loss: 5.131e-02 | Dynamic Loss: 5.131e-02 | Regularization Loss: 4.550e-27 | Val Loss: 7.070e-02 | Time: 9.34s
2025-08-20 16:45:19,833:INFO:Epoch: 19150/40000 | Train Loss: 2.416e-02 | Dynamic Loss: 2.416e-02 | Regularization Loss: 1.060e-27 | Val Loss: 4.917e-02 | Time: 9.30s
2025-08-20 16:45:28,942:INFO:Epoch: 19200/40000 | Train Loss: 1.734e-02 | Dynamic Loss: 1.734e-02 | Regularization Loss: 1.007e-27 | Val Loss: 4.190e-02 | Time: 9.11s
2025-08-20 16:45:38,285:INFO:Epoch: 19250/40000 | Train Loss: 1.641e-02 | Dynamic Loss: 1.641e-02 | Regularization Loss: 8.993e-28 | Val Loss: 3.998e-02 | Time: 9.34s
2025-08-20 16:45:47,530:INFO:Epoch: 19300/40000 | Train Loss: 2.221e-02 | Dynamic Loss: 2.221e-02 | Regularization Loss: 9.091e-28 | Val Loss: 4.513e-02 | Time: 9.25s
2025-08-20 16:45:56,806:INFO:Epoch: 19350/40000 | Train Loss: 3.171e-02 | Dynamic Loss: 3.171e-02 | Regularization Loss: 8.129e-28 | Val Loss: 5.146e-02 | Time: 9.28s
2025-08-20 16:46:06,119:INFO:Epoch: 19400/40000 | Train Loss: 2.636e-02 | Dynamic Loss: 2.636e-02 | Regularization Loss: 8.354e-28 | Val Loss: 5.286e-02 | Time: 9.31s
2025-08-20 16:46:15,434:INFO:Epoch: 19450/40000 | Train Loss: 2.200e-02 | Dynamic Loss: 2.200e-02 | Regularization Loss: 8.675e-28 | Val Loss: 4.427e-02 | Time: 9.32s
2025-08-20 16:46:24,751:INFO:Epoch: 19500/40000 | Train Loss: 2.496e-02 | Dynamic Loss: 2.496e-02 | Regularization Loss: 2.107e-28 | Val Loss: 4.864e-02 | Time: 9.32s
2025-08-20 16:46:33,984:INFO:Epoch: 19550/40000 | Train Loss: 2.797e-02 | Dynamic Loss: 2.797e-02 | Regularization Loss: 2.028e-28 | Val Loss: 5.215e-02 | Time: 9.23s
2025-08-20 16:46:43,301:INFO:Epoch: 19600/40000 | Train Loss: 1.597e-02 | Dynamic Loss: 1.597e-02 | Regularization Loss: 7.039e-29 | Val Loss: 4.129e-02 | Time: 9.32s
2025-08-20 16:46:52,656:INFO:Epoch: 19650/40000 | Train Loss: 8.729e-02 | Dynamic Loss: 8.729e-02 | Regularization Loss: 2.365e-29 | Val Loss: 1.013e-01 | Time: 9.36s
2025-08-20 16:47:02,068:INFO:Epoch: 19700/40000 | Train Loss: 1.831e-02 | Dynamic Loss: 1.831e-02 | Regularization Loss: 1.850e-29 | Val Loss: 4.266e-02 | Time: 9.41s
2025-08-20 16:47:11,351:INFO:Epoch: 19750/40000 | Train Loss: 2.143e-02 | Dynamic Loss: 2.143e-02 | Regularization Loss: 1.802e-29 | Val Loss: 4.699e-02 | Time: 9.28s
2025-08-20 16:47:20,623:INFO:Epoch: 19800/40000 | Train Loss: 2.450e-02 | Dynamic Loss: 2.450e-02 | Regularization Loss: 8.235e-30 | Val Loss: 4.812e-02 | Time: 9.27s
2025-08-20 16:47:35,966:INFO:Epoch: 19850/40000 | Train Loss: 1.627e-02 | Dynamic Loss: 1.627e-02 | Regularization Loss: 8.053e-30 | Val Loss: 4.172e-02 | Time: 15.34s
2025-08-20 16:47:45,317:INFO:Epoch: 19900/40000 | Train Loss: 2.261e-02 | Dynamic Loss: 2.261e-02 | Regularization Loss: 1.532e-30 | Val Loss: 4.753e-02 | Time: 9.35s
2025-08-20 16:47:54,605:INFO:Epoch: 19950/40000 | Train Loss: 2.289e-02 | Dynamic Loss: 2.289e-02 | Regularization Loss: 1.519e-30 | Val Loss: 4.385e-02 | Time: 9.29s
2025-08-20 16:48:03,928:INFO:Epoch: 20000/40000 | Train Loss: 8.066e-02 | Dynamic Loss: 8.066e-02 | Regularization Loss: 1.092e-30 | Val Loss: 8.685e-02 | Time: 9.32s
2025-08-20 16:48:13,716:INFO:Epoch: 20050/40000 | Train Loss: 3.870e-02 | Dynamic Loss: 3.870e-02 | Regularization Loss: 8.967e-31 | Val Loss: 5.778e-02 | Time: 9.79s
2025-08-20 16:48:23,086:INFO:Epoch: 20100/40000 | Train Loss: 1.593e-02 | Dynamic Loss: 1.593e-02 | Regularization Loss: 4.355e-31 | Val Loss: 4.039e-02 | Time: 9.37s
2025-08-20 16:48:32,482:INFO:Epoch: 20150/40000 | Train Loss: 8.300e-02 | Dynamic Loss: 8.300e-02 | Regularization Loss: 1.959e-31 | Val Loss: 9.814e-02 | Time: 9.40s
2025-08-20 16:48:41,881:INFO:Epoch: 20200/40000 | Train Loss: 1.672e-02 | Dynamic Loss: 1.672e-02 | Regularization Loss: 1.477e-31 | Val Loss: 4.007e-02 | Time: 9.40s
2025-08-20 16:48:51,153:INFO:Epoch: 20250/40000 | Train Loss: 4.764e-02 | Dynamic Loss: 4.764e-02 | Regularization Loss: 3.207e-32 | Val Loss: 7.922e-02 | Time: 9.27s
2025-08-20 16:49:02,216:INFO:Epoch: 20300/40000 | Train Loss: 1.380e-02 | Dynamic Loss: 1.380e-02 | Regularization Loss: 2.623e-32 | Val Loss: 3.920e-02 | Time: 11.06s
2025-08-20 16:49:18,962:INFO:Epoch: 20350/40000 | Train Loss: 2.111e-02 | Dynamic Loss: 2.111e-02 | Regularization Loss: 1.900e-32 | Val Loss: 4.557e-02 | Time: 16.75s
2025-08-20 16:49:28,446:INFO:Epoch: 20400/40000 | Train Loss: 2.565e-02 | Dynamic Loss: 2.565e-02 | Regularization Loss: 4.024e-33 | Val Loss: 5.014e-02 | Time: 9.48s
2025-08-20 16:49:37,809:INFO:Epoch: 20450/40000 | Train Loss: 1.379e-02 | Dynamic Loss: 1.379e-02 | Regularization Loss: 3.902e-33 | Val Loss: 3.867e-02 | Time: 9.36s
2025-08-20 16:49:37,809:INFO:New best model found at epoch 20450 with validation loss 3.867e-02. Saving...
2025-08-20 16:49:47,419:INFO:Epoch: 20500/40000 | Train Loss: 3.462e-02 | Dynamic Loss: 3.462e-02 | Regularization Loss: 2.354e-33 | Val Loss: 5.705e-02 | Time: 9.50s
2025-08-20 16:49:56,838:INFO:Epoch: 20550/40000 | Train Loss: 2.219e-02 | Dynamic Loss: 2.219e-02 | Regularization Loss: 2.147e-33 | Val Loss: 4.595e-02 | Time: 9.42s
2025-08-20 16:50:06,234:INFO:Epoch: 20600/40000 | Train Loss: 1.592e-02 | Dynamic Loss: 1.592e-02 | Regularization Loss: 2.142e-33 | Val Loss: 4.064e-02 | Time: 9.40s
2025-08-20 16:50:15,527:INFO:Epoch: 20650/40000 | Train Loss: 2.172e-02 | Dynamic Loss: 2.172e-02 | Regularization Loss: 2.003e-33 | Val Loss: 5.004e-02 | Time: 9.29s
2025-08-20 16:50:31,576:INFO:Epoch: 20700/40000 | Train Loss: 1.349e-02 | Dynamic Loss: 1.349e-02 | Regularization Loss: 6.865e-34 | Val Loss: 3.709e-02 | Time: 16.05s
2025-08-20 16:50:31,577:INFO:New best model found at epoch 20700 with validation loss 3.709e-02. Saving...
2025-08-20 16:50:41,087:INFO:Epoch: 20750/40000 | Train Loss: 1.338e-01 | Dynamic Loss: 1.338e-01 | Regularization Loss: 6.310e-34 | Val Loss: 1.574e-01 | Time: 9.49s
2025-08-20 16:50:50,436:INFO:Epoch: 20800/40000 | Train Loss: 1.259e-02 | Dynamic Loss: 1.259e-02 | Regularization Loss: 3.862e-34 | Val Loss: 3.666e-02 | Time: 9.35s
2025-08-20 16:50:50,436:INFO:New best model found at epoch 20800 with validation loss 3.666e-02. Saving...
2025-08-20 16:50:59,832:INFO:Epoch: 20850/40000 | Train Loss: 1.428e-02 | Dynamic Loss: 1.428e-02 | Regularization Loss: 3.023e-34 | Val Loss: 3.813e-02 | Time: 9.37s
2025-08-20 16:51:17,253:INFO:Epoch: 20900/40000 | Train Loss: 8.336e-02 | Dynamic Loss: 8.336e-02 | Regularization Loss: 2.909e-34 | Val Loss: 1.080e-01 | Time: 17.42s
2025-08-20 16:51:26,808:INFO:Epoch: 20950/40000 | Train Loss: 1.586e-02 | Dynamic Loss: 1.586e-02 | Regularization Loss: 2.527e-34 | Val Loss: 4.846e-02 | Time: 9.55s
2025-08-20 16:51:36,197:INFO:Epoch: 21000/40000 | Train Loss: 1.349e-02 | Dynamic Loss: 1.349e-02 | Regularization Loss: 2.199e-34 | Val Loss: 3.708e-02 | Time: 9.39s
2025-08-20 16:51:45,867:INFO:Epoch: 21050/40000 | Train Loss: 1.139e-02 | Dynamic Loss: 1.139e-02 | Regularization Loss: 2.025e-34 | Val Loss: 3.607e-02 | Time: 9.67s
2025-08-20 16:51:45,867:INFO:New best model found at epoch 21050 with validation loss 3.607e-02. Saving...
2025-08-20 16:51:55,245:INFO:Epoch: 21100/40000 | Train Loss: 1.858e-02 | Dynamic Loss: 1.858e-02 | Regularization Loss: 1.618e-34 | Val Loss: 4.259e-02 | Time: 9.36s
2025-08-20 16:52:04,603:INFO:Epoch: 21150/40000 | Train Loss: 3.171e-02 | Dynamic Loss: 3.171e-02 | Regularization Loss: 6.039e-35 | Val Loss: 7.014e-02 | Time: 9.36s
2025-08-20 16:52:14,083:INFO:Epoch: 21200/40000 | Train Loss: 1.137e-02 | Dynamic Loss: 1.137e-02 | Regularization Loss: 5.302e-35 | Val Loss: 3.731e-02 | Time: 9.48s
2025-08-20 16:52:23,476:INFO:Epoch: 21250/40000 | Train Loss: 2.764e-02 | Dynamic Loss: 2.764e-02 | Regularization Loss: 3.540e-35 | Val Loss: 5.023e-02 | Time: 9.39s
2025-08-20 16:52:33,511:INFO:Epoch: 21300/40000 | Train Loss: 1.385e-02 | Dynamic Loss: 1.385e-02 | Regularization Loss: 1.180e-35 | Val Loss: 3.743e-02 | Time: 10.04s
2025-08-20 16:52:42,934:INFO:Epoch: 21350/40000 | Train Loss: 1.146e-02 | Dynamic Loss: 1.146e-02 | Regularization Loss: 7.899e-36 | Val Loss: 3.523e-02 | Time: 9.42s
2025-08-20 16:52:42,934:INFO:New best model found at epoch 21350 with validation loss 3.523e-02. Saving...
2025-08-20 16:52:57,965:INFO:Epoch: 21400/40000 | Train Loss: 1.547e-02 | Dynamic Loss: 1.547e-02 | Regularization Loss: 2.790e-36 | Val Loss: 3.978e-02 | Time: 15.01s
2025-08-20 16:53:07,345:INFO:Epoch: 21450/40000 | Train Loss: 1.971e-01 | Dynamic Loss: 1.971e-01 | Regularization Loss: 1.223e-37 | Val Loss: 1.940e-01 | Time: 9.38s
2025-08-20 16:53:16,976:INFO:Epoch: 21500/40000 | Train Loss: 1.632e-02 | Dynamic Loss: 1.632e-02 | Regularization Loss: 4.841e-38 | Val Loss: 3.838e-02 | Time: 9.63s
2025-08-20 16:53:26,464:INFO:Epoch: 21550/40000 | Train Loss: 1.239e-02 | Dynamic Loss: 1.239e-02 | Regularization Loss: 4.474e-38 | Val Loss: 3.473e-02 | Time: 9.49s
2025-08-20 16:53:26,465:INFO:New best model found at epoch 21550 with validation loss 3.473e-02. Saving...
2025-08-20 16:53:35,870:INFO:Epoch: 21600/40000 | Train Loss: 1.132e-02 | Dynamic Loss: 1.132e-02 | Regularization Loss: 3.616e-38 | Val Loss: 3.416e-02 | Time: 9.38s
2025-08-20 16:53:35,870:INFO:New best model found at epoch 21600 with validation loss 3.416e-02. Saving...
2025-08-20 16:53:45,325:INFO:Epoch: 21650/40000 | Train Loss: 1.225e-02 | Dynamic Loss: 1.225e-02 | Regularization Loss: 3.285e-38 | Val Loss: 3.505e-02 | Time: 9.43s
2025-08-20 16:53:54,649:INFO:Epoch: 21700/40000 | Train Loss: 5.766e-02 | Dynamic Loss: 5.766e-02 | Regularization Loss: 3.488e-38 | Val Loss: 6.635e-02 | Time: 9.32s
2025-08-20 16:54:12,945:INFO:Epoch: 21750/40000 | Train Loss: 2.194e-02 | Dynamic Loss: 2.194e-02 | Regularization Loss: 2.342e-38 | Val Loss: 4.405e-02 | Time: 18.29s
2025-08-20 16:54:22,491:INFO:Epoch: 21800/40000 | Train Loss: 1.136e-02 | Dynamic Loss: 1.136e-02 | Regularization Loss: 6.439e-39 | Val Loss: 3.478e-02 | Time: 9.55s
2025-08-20 16:54:31,849:INFO:Epoch: 21850/40000 | Train Loss: 1.358e-02 | Dynamic Loss: 1.358e-02 | Regularization Loss: 7.166e-39 | Val Loss: 3.572e-02 | Time: 9.36s
2025-08-20 16:54:49,686:INFO:Epoch: 21900/40000 | Train Loss: 2.246e-01 | Dynamic Loss: 2.246e-01 | Regularization Loss: 6.366e-39 | Val Loss: 1.894e-01 | Time: 17.84s
2025-08-20 16:54:59,210:INFO:Epoch: 21950/40000 | Train Loss: 1.436e-02 | Dynamic Loss: 1.436e-02 | Regularization Loss: 1.849e-39 | Val Loss: 3.979e-02 | Time: 9.52s
2025-08-20 16:55:08,623:INFO:Epoch: 22000/40000 | Train Loss: 5.178e-02 | Dynamic Loss: 5.178e-02 | Regularization Loss: 1.533e-39 | Val Loss: 7.246e-02 | Time: 9.41s
2025-08-20 16:55:23,714:INFO:Epoch: 22050/40000 | Train Loss: 1.665e-02 | Dynamic Loss: 1.665e-02 | Regularization Loss: 1.433e-39 | Val Loss: 4.190e-02 | Time: 15.09s
2025-08-20 16:55:33,117:INFO:Epoch: 22100/40000 | Train Loss: 1.356e-02 | Dynamic Loss: 1.356e-02 | Regularization Loss: 1.330e-39 | Val Loss: 6.171e-02 | Time: 9.40s
2025-08-20 16:55:42,567:INFO:Epoch: 22150/40000 | Train Loss: 2.180e-02 | Dynamic Loss: 2.180e-02 | Regularization Loss: 1.261e-39 | Val Loss: 3.711e-02 | Time: 9.45s
2025-08-20 16:55:52,110:INFO:Epoch: 22200/40000 | Train Loss: 1.337e-02 | Dynamic Loss: 1.337e-02 | Regularization Loss: 3.819e-40 | Val Loss: 3.709e-02 | Time: 9.54s
2025-08-20 16:56:01,532:INFO:Epoch: 22250/40000 | Train Loss: 1.026e-01 | Dynamic Loss: 1.026e-01 | Regularization Loss: 3.829e-40 | Val Loss: 1.015e-01 | Time: 9.42s
2025-08-20 16:56:11,049:INFO:Epoch: 22300/40000 | Train Loss: 5.031e-02 | Dynamic Loss: 5.031e-02 | Regularization Loss: 1.394e-40 | Val Loss: 7.044e-02 | Time: 9.52s
2025-08-20 16:56:20,419:INFO:Epoch: 22350/40000 | Train Loss: 1.145e-02 | Dynamic Loss: 1.145e-02 | Regularization Loss: 7.949e-41 | Val Loss: 3.549e-02 | Time: 9.37s
2025-08-20 16:56:37,950:INFO:Epoch: 22400/40000 | Train Loss: 3.523e-02 | Dynamic Loss: 3.523e-02 | Regularization Loss: 6.285e-41 | Val Loss: 4.403e-02 | Time: 17.53s
2025-08-20 16:56:47,517:INFO:Epoch: 22450/40000 | Train Loss: 2.495e-02 | Dynamic Loss: 2.495e-02 | Regularization Loss: 1.410e-41 | Val Loss: 5.514e-02 | Time: 9.57s
2025-08-20 16:56:56,990:INFO:Epoch: 22500/40000 | Train Loss: 1.051e-02 | Dynamic Loss: 1.051e-02 | Regularization Loss: 5.306e-42 | Val Loss: 3.540e-02 | Time: 9.47s
2025-08-20 16:57:06,561:INFO:Epoch: 22550/40000 | Train Loss: 8.717e-03 | Dynamic Loss: 8.717e-03 | Regularization Loss: 4.414e-42 | Val Loss: 3.303e-02 | Time: 9.57s
2025-08-20 16:57:06,561:INFO:New best model found at epoch 22550 with validation loss 3.303e-02. Saving...
2025-08-20 16:57:16,020:INFO:Epoch: 22600/40000 | Train Loss: 9.365e-03 | Dynamic Loss: 9.365e-03 | Regularization Loss: 4.046e-42 | Val Loss: 3.309e-02 | Time: 9.43s
2025-08-20 16:57:25,423:INFO:Epoch: 22650/40000 | Train Loss: 3.689e-02 | Dynamic Loss: 3.689e-02 | Regularization Loss: 6.128e-43 | Val Loss: 5.839e-02 | Time: 9.40s
2025-08-20 16:57:34,829:INFO:Epoch: 22700/40000 | Train Loss: 2.117e-01 | Dynamic Loss: 2.117e-01 | Regularization Loss: 4.582e-43 | Val Loss: 1.852e-01 | Time: 9.41s
2025-08-20 16:57:53,301:INFO:Epoch: 22750/40000 | Train Loss: 1.736e-01 | Dynamic Loss: 1.736e-01 | Regularization Loss: 6.726e-44 | Val Loss: 1.866e-01 | Time: 18.47s
2025-08-20 16:58:02,961:INFO:Epoch: 22800/40000 | Train Loss: 6.896e-02 | Dynamic Loss: 6.896e-02 | Regularization Loss: 4.484e-44 | Val Loss: 8.739e-02 | Time: 9.66s
2025-08-20 16:58:12,691:INFO:Epoch: 22850/40000 | Train Loss: 6.414e-02 | Dynamic Loss: 6.414e-02 | Regularization Loss: 9.809e-45 | Val Loss: 8.317e-02 | Time: 9.73s
2025-08-20 16:58:24,647:INFO:Epoch: 22900/40000 | Train Loss: 4.370e-02 | Dynamic Loss: 4.370e-02 | Regularization Loss: 9.809e-45 | Val Loss: 6.247e-02 | Time: 11.96s
2025-08-20 16:58:34,027:INFO:Epoch: 22950/40000 | Train Loss: 5.379e-02 | Dynamic Loss: 5.379e-02 | Regularization Loss: 9.342e-45 | Val Loss: 6.531e-02 | Time: 9.38s
2025-08-20 16:58:43,491:INFO:Epoch: 23000/40000 | Train Loss: 3.923e-02 | Dynamic Loss: 3.923e-02 | Regularization Loss: 5.605e-45 | Val Loss: 6.122e-02 | Time: 9.46s
2025-08-20 16:58:53,038:INFO:Epoch: 23050/40000 | Train Loss: 3.640e-02 | Dynamic Loss: 3.640e-02 | Regularization Loss: 4.204e-45 | Val Loss: 5.330e-02 | Time: 9.55s
2025-08-20 16:59:02,409:INFO:Epoch: 23100/40000 | Train Loss: 4.844e-02 | Dynamic Loss: 4.844e-02 | Regularization Loss: 2.803e-45 | Val Loss: 6.129e-02 | Time: 9.37s
2025-08-20 16:59:11,814:INFO:Epoch: 23150/40000 | Train Loss: 7.286e-02 | Dynamic Loss: 7.286e-02 | Regularization Loss: 1.401e-45 | Val Loss: 8.767e-02 | Time: 9.40s
2025-08-20 16:59:21,150:INFO:Epoch: 23200/40000 | Train Loss: 3.004e-02 | Dynamic Loss: 3.004e-02 | Regularization Loss: 0.000e+00 | Val Loss: 5.008e-02 | Time: 9.34s
2025-08-20 16:59:36,953:INFO:Epoch: 23250/40000 | Train Loss: 1.196e-01 | Dynamic Loss: 1.196e-01 | Regularization Loss: 0.000e+00 | Val Loss: 1.202e-01 | Time: 15.80s
2025-08-20 16:59:46,506:INFO:Epoch: 23300/40000 | Train Loss: 4.002e-02 | Dynamic Loss: 4.002e-02 | Regularization Loss: 0.000e+00 | Val Loss: 5.927e-02 | Time: 9.55s
2025-08-20 16:59:56,413:INFO:Epoch: 23350/40000 | Train Loss: 3.763e-02 | Dynamic Loss: 3.763e-02 | Regularization Loss: 0.000e+00 | Val Loss: 5.539e-02 | Time: 9.91s
2025-08-20 17:00:05,918:INFO:Epoch: 23400/40000 | Train Loss: 4.939e-02 | Dynamic Loss: 4.939e-02 | Regularization Loss: 0.000e+00 | Val Loss: 6.894e-02 | Time: 9.51s
2025-08-20 17:00:15,331:INFO:Epoch: 23450/40000 | Train Loss: 4.089e-02 | Dynamic Loss: 4.089e-02 | Regularization Loss: 0.000e+00 | Val Loss: 6.275e-02 | Time: 9.41s
2025-08-20 17:00:24,929:INFO:Epoch: 23500/40000 | Train Loss: 2.627e-02 | Dynamic Loss: 2.627e-02 | Regularization Loss: 0.000e+00 | Val Loss: 4.793e-02 | Time: 9.60s
2025-08-20 17:00:34,356:INFO:Epoch: 23550/40000 | Train Loss: 4.682e-02 | Dynamic Loss: 4.682e-02 | Regularization Loss: 0.000e+00 | Val Loss: 6.779e-02 | Time: 9.43s
2025-08-20 17:00:47,499:INFO:Epoch: 23600/40000 | Train Loss: 3.485e-02 | Dynamic Loss: 3.485e-02 | Regularization Loss: 0.000e+00 | Val Loss: 5.754e-02 | Time: 13.14s
2025-08-20 17:00:56,963:INFO:Epoch: 23650/40000 | Train Loss: 3.104e-02 | Dynamic Loss: 3.104e-02 | Regularization Loss: 0.000e+00 | Val Loss: 5.342e-02 | Time: 9.46s
2025-08-20 17:01:06,476:INFO:Epoch: 23700/40000 | Train Loss: 3.221e-02 | Dynamic Loss: 3.221e-02 | Regularization Loss: 0.000e+00 | Val Loss: 6.225e-02 | Time: 9.51s
2025-08-20 17:01:23,783:INFO:Epoch: 23750/40000 | Train Loss: 4.659e-02 | Dynamic Loss: 4.659e-02 | Regularization Loss: 0.000e+00 | Val Loss: 6.576e-02 | Time: 17.31s
2025-08-20 17:01:33,176:INFO:Epoch: 23800/40000 | Train Loss: 2.527e-01 | Dynamic Loss: 2.527e-01 | Regularization Loss: 0.000e+00 | Val Loss: 2.617e-01 | Time: 9.39s
2025-08-20 17:01:42,846:INFO:Epoch: 23850/40000 | Train Loss: 2.714e-02 | Dynamic Loss: 2.714e-02 | Regularization Loss: 0.000e+00 | Val Loss: 4.905e-02 | Time: 9.67s
2025-08-20 17:01:52,516:INFO:Epoch: 23900/40000 | Train Loss: 5.575e-02 | Dynamic Loss: 5.575e-02 | Regularization Loss: 0.000e+00 | Val Loss: 7.227e-02 | Time: 9.67s
2025-08-20 17:02:01,993:INFO:Epoch: 23950/40000 | Train Loss: 1.971e-02 | Dynamic Loss: 1.971e-02 | Regularization Loss: 0.000e+00 | Val Loss: 4.289e-02 | Time: 9.48s
2025-08-20 17:02:11,534:INFO:Epoch: 24000/40000 | Train Loss: 2.283e-02 | Dynamic Loss: 2.283e-02 | Regularization Loss: 0.000e+00 | Val Loss: 4.858e-02 | Time: 9.54s
2025-08-20 17:02:21,028:INFO:Epoch: 24050/40000 | Train Loss: 2.768e-02 | Dynamic Loss: 2.768e-02 | Regularization Loss: 0.000e+00 | Val Loss: 5.096e-02 | Time: 9.49s
2025-08-20 17:02:30,369:INFO:Epoch: 24100/40000 | Train Loss: 3.136e-01 | Dynamic Loss: 3.136e-01 | Regularization Loss: 0.000e+00 | Val Loss: 2.657e-01 | Time: 9.34s
2025-08-20 17:02:39,663:INFO:Epoch: 24150/40000 | Train Loss: 2.048e-02 | Dynamic Loss: 2.048e-02 | Regularization Loss: 0.000e+00 | Val Loss: 4.552e-02 | Time: 9.29s
2025-08-20 17:02:49,024:INFO:Epoch: 24200/40000 | Train Loss: 3.201e-02 | Dynamic Loss: 3.201e-02 | Regularization Loss: 0.000e+00 | Val Loss: 6.376e-02 | Time: 9.36s
2025-08-20 17:03:04,440:INFO:Epoch: 24250/40000 | Train Loss: 4.315e-02 | Dynamic Loss: 4.315e-02 | Regularization Loss: 0.000e+00 | Val Loss: 6.663e-02 | Time: 15.41s
2025-08-20 17:03:14,080:INFO:Epoch: 24300/40000 | Train Loss: 2.070e-02 | Dynamic Loss: 2.070e-02 | Regularization Loss: 0.000e+00 | Val Loss: 4.598e-02 | Time: 9.64s
2025-08-20 17:03:23,556:INFO:Epoch: 24350/40000 | Train Loss: 4.474e-02 | Dynamic Loss: 4.474e-02 | Regularization Loss: 0.000e+00 | Val Loss: 6.808e-02 | Time: 9.48s
2025-08-20 17:03:36,114:INFO:Epoch: 24400/40000 | Train Loss: 2.278e-02 | Dynamic Loss: 2.278e-02 | Regularization Loss: 0.000e+00 | Val Loss: 4.798e-02 | Time: 12.56s
