2025-08-19 19:01:00,859:INFO:Created DataLoaders with 5994 training samples and 1998 validation samples.
2025-08-19 19:01:03,164:INFO:model params: 526849
2025-08-19 19:01:06,079:INFO:Epoch: 0/20000 | Train Loss: 9.791e+01 | Dynamic Loss: 2.816e+00 | Regularization Loss: 9.509e+01 | Val Loss: 2.350e+00 | Time: 2.92s
2025-08-19 19:01:06,079:INFO:New best model found at epoch 0 with validation loss 2.350e+00. Saving...
2025-08-19 19:01:11,374:INFO:Epoch: 50/20000 | Train Loss: 5.847e+00 | Dynamic Loss: 1.774e+00 | Regularization Loss: 4.073e+00 | Val Loss: 1.739e+00 | Time: 5.27s
2025-08-19 19:01:11,374:INFO:New best model found at epoch 50 with validation loss 1.739e+00. Saving...
2025-08-19 19:01:16,640:INFO:Epoch: 100/20000 | Train Loss: 3.250e+00 | Dynamic Loss: 1.641e+00 | Regularization Loss: 1.610e+00 | Val Loss: 1.675e+00 | Time: 5.25s
2025-08-19 19:01:16,640:INFO:New best model found at epoch 100 with validation loss 1.675e+00. Saving...
2025-08-19 19:01:21,942:INFO:Epoch: 150/20000 | Train Loss: 2.452e+00 | Dynamic Loss: 1.554e+00 | Regularization Loss: 8.984e-01 | Val Loss: 1.599e+00 | Time: 5.29s
2025-08-19 19:01:21,943:INFO:New best model found at epoch 150 with validation loss 1.599e+00. Saving...
2025-08-19 19:01:32,746:INFO:Epoch: 200/20000 | Train Loss: 2.059e+00 | Dynamic Loss: 1.475e+00 | Regularization Loss: 5.840e-01 | Val Loss: 1.515e+00 | Time: 10.79s
2025-08-19 19:01:32,747:INFO:New best model found at epoch 200 with validation loss 1.515e+00. Saving...
2025-08-19 19:01:38,093:INFO:Epoch: 250/20000 | Train Loss: 1.827e+00 | Dynamic Loss: 1.413e+00 | Regularization Loss: 4.139e-01 | Val Loss: 1.450e+00 | Time: 5.34s
2025-08-19 19:01:38,093:INFO:New best model found at epoch 250 with validation loss 1.450e+00. Saving...
2025-08-19 19:01:43,577:INFO:Epoch: 300/20000 | Train Loss: 1.655e+00 | Dynamic Loss: 1.344e+00 | Regularization Loss: 3.101e-01 | Val Loss: 1.392e+00 | Time: 5.48s
2025-08-19 19:01:43,577:INFO:New best model found at epoch 300 with validation loss 1.392e+00. Saving...
2025-08-19 19:01:49,013:INFO:Epoch: 350/20000 | Train Loss: 1.514e+00 | Dynamic Loss: 1.272e+00 | Regularization Loss: 2.416e-01 | Val Loss: 1.330e+00 | Time: 5.43s
2025-08-19 19:01:49,014:INFO:New best model found at epoch 350 with validation loss 1.330e+00. Saving...
2025-08-19 19:01:54,397:INFO:Epoch: 400/20000 | Train Loss: 1.426e+00 | Dynamic Loss: 1.232e+00 | Regularization Loss: 1.936e-01 | Val Loss: 1.282e+00 | Time: 5.37s
2025-08-19 19:01:54,397:INFO:New best model found at epoch 400 with validation loss 1.282e+00. Saving...
2025-08-19 19:02:03,891:INFO:Epoch: 450/20000 | Train Loss: 1.333e+00 | Dynamic Loss: 1.174e+00 | Regularization Loss: 1.586e-01 | Val Loss: 1.235e+00 | Time: 9.49s
2025-08-19 19:02:03,892:INFO:New best model found at epoch 450 with validation loss 1.235e+00. Saving...
2025-08-19 19:02:09,345:INFO:Epoch: 500/20000 | Train Loss: 1.270e+00 | Dynamic Loss: 1.137e+00 | Regularization Loss: 1.322e-01 | Val Loss: 1.197e+00 | Time: 5.44s
2025-08-19 19:02:09,345:INFO:New best model found at epoch 500 with validation loss 1.197e+00. Saving...
2025-08-19 19:02:19,233:INFO:Epoch: 550/20000 | Train Loss: 1.207e+00 | Dynamic Loss: 1.095e+00 | Regularization Loss: 1.117e-01 | Val Loss: 1.159e+00 | Time: 9.88s
2025-08-19 19:02:19,233:INFO:New best model found at epoch 550 with validation loss 1.159e+00. Saving...
2025-08-19 19:02:24,734:INFO:Epoch: 600/20000 | Train Loss: 1.145e+00 | Dynamic Loss: 1.049e+00 | Regularization Loss: 9.553e-02 | Val Loss: 1.121e+00 | Time: 5.49s
2025-08-19 19:02:24,734:INFO:New best model found at epoch 600 with validation loss 1.121e+00. Saving...
2025-08-19 19:02:31,752:INFO:Epoch: 650/20000 | Train Loss: 1.079e+00 | Dynamic Loss: 9.969e-01 | Regularization Loss: 8.245e-02 | Val Loss: 1.072e+00 | Time: 7.01s
2025-08-19 19:02:31,752:INFO:New best model found at epoch 650 with validation loss 1.072e+00. Saving...
2025-08-19 19:02:37,251:INFO:Epoch: 700/20000 | Train Loss: 1.086e+00 | Dynamic Loss: 1.014e+00 | Regularization Loss: 7.173e-02 | Val Loss: 1.055e+00 | Time: 5.49s
2025-08-19 19:02:37,251:INFO:New best model found at epoch 700 with validation loss 1.055e+00. Saving...
2025-08-19 19:02:42,860:INFO:Epoch: 750/20000 | Train Loss: 1.015e+00 | Dynamic Loss: 9.526e-01 | Regularization Loss: 6.284e-02 | Val Loss: 1.040e+00 | Time: 5.60s
2025-08-19 19:02:42,860:INFO:New best model found at epoch 750 with validation loss 1.040e+00. Saving...
2025-08-19 19:02:48,383:INFO:Epoch: 800/20000 | Train Loss: 9.507e-01 | Dynamic Loss: 8.953e-01 | Regularization Loss: 5.538e-02 | Val Loss: 9.697e-01 | Time: 5.51s
2025-08-19 19:02:48,383:INFO:New best model found at epoch 800 with validation loss 9.697e-01. Saving...
2025-08-19 19:02:53,946:INFO:Epoch: 850/20000 | Train Loss: 9.201e-01 | Dynamic Loss: 8.710e-01 | Regularization Loss: 4.905e-02 | Val Loss: 9.504e-01 | Time: 5.55s
2025-08-19 19:02:53,946:INFO:New best model found at epoch 850 with validation loss 9.504e-01. Saving...
2025-08-19 19:02:59,428:INFO:Epoch: 900/20000 | Train Loss: 9.107e-01 | Dynamic Loss: 8.671e-01 | Regularization Loss: 4.365e-02 | Val Loss: 9.429e-01 | Time: 5.47s
2025-08-19 19:02:59,428:INFO:New best model found at epoch 900 with validation loss 9.429e-01. Saving...
2025-08-19 19:03:04,961:INFO:Epoch: 950/20000 | Train Loss: 9.012e-01 | Dynamic Loss: 8.622e-01 | Regularization Loss: 3.899e-02 | Val Loss: 9.121e-01 | Time: 5.52s
2025-08-19 19:03:04,962:INFO:New best model found at epoch 950 with validation loss 9.121e-01. Saving...
2025-08-19 19:03:10,478:INFO:Epoch: 1000/20000 | Train Loss: 8.534e-01 | Dynamic Loss: 8.185e-01 | Regularization Loss: 3.496e-02 | Val Loss: 8.942e-01 | Time: 5.51s
2025-08-19 19:03:10,478:INFO:New best model found at epoch 1000 with validation loss 8.942e-01. Saving...
2025-08-19 19:03:15,974:INFO:Epoch: 1050/20000 | Train Loss: 8.323e-01 | Dynamic Loss: 8.009e-01 | Regularization Loss: 3.143e-02 | Val Loss: 8.796e-01 | Time: 5.49s
2025-08-19 19:03:15,974:INFO:New best model found at epoch 1050 with validation loss 8.796e-01. Saving...
2025-08-19 19:03:27,799:INFO:Epoch: 1100/20000 | Train Loss: 8.174e-01 | Dynamic Loss: 7.891e-01 | Regularization Loss: 2.835e-02 | Val Loss: 8.729e-01 | Time: 11.82s
2025-08-19 19:03:27,799:INFO:New best model found at epoch 1100 with validation loss 8.729e-01. Saving...
2025-08-19 19:03:33,358:INFO:Epoch: 1150/20000 | Train Loss: 8.057e-01 | Dynamic Loss: 7.800e-01 | Regularization Loss: 2.563e-02 | Val Loss: 8.541e-01 | Time: 5.55s
2025-08-19 19:03:33,358:INFO:New best model found at epoch 1150 with validation loss 8.541e-01. Saving...
2025-08-19 19:03:43,337:INFO:Epoch: 1200/20000 | Train Loss: 7.930e-01 | Dynamic Loss: 7.698e-01 | Regularization Loss: 2.322e-02 | Val Loss: 8.388e-01 | Time: 9.97s
2025-08-19 19:03:43,337:INFO:New best model found at epoch 1200 with validation loss 8.388e-01. Saving...
2025-08-19 19:03:48,925:INFO:Epoch: 1250/20000 | Train Loss: 7.653e-01 | Dynamic Loss: 7.442e-01 | Regularization Loss: 2.108e-02 | Val Loss: 8.252e-01 | Time: 5.58s
2025-08-19 19:03:48,925:INFO:New best model found at epoch 1250 with validation loss 8.252e-01. Saving...
2025-08-19 19:03:54,453:INFO:Epoch: 1300/20000 | Train Loss: 7.545e-01 | Dynamic Loss: 7.353e-01 | Regularization Loss: 1.917e-02 | Val Loss: 8.234e-01 | Time: 5.52s
2025-08-19 19:03:54,453:INFO:New best model found at epoch 1300 with validation loss 8.234e-01. Saving...
2025-08-19 19:04:00,021:INFO:Epoch: 1350/20000 | Train Loss: 7.311e-01 | Dynamic Loss: 7.137e-01 | Regularization Loss: 1.747e-02 | Val Loss: 8.027e-01 | Time: 5.56s
2025-08-19 19:04:00,021:INFO:New best model found at epoch 1350 with validation loss 8.027e-01. Saving...
2025-08-19 19:04:05,626:INFO:Epoch: 1400/20000 | Train Loss: 7.185e-01 | Dynamic Loss: 7.026e-01 | Regularization Loss: 1.594e-02 | Val Loss: 7.914e-01 | Time: 5.60s
2025-08-19 19:04:05,626:INFO:New best model found at epoch 1400 with validation loss 7.914e-01. Saving...
2025-08-19 19:04:11,242:INFO:Epoch: 1450/20000 | Train Loss: 7.016e-01 | Dynamic Loss: 6.870e-01 | Regularization Loss: 1.456e-02 | Val Loss: 7.897e-01 | Time: 5.61s
2025-08-19 19:04:11,242:INFO:New best model found at epoch 1450 with validation loss 7.897e-01. Saving...
2025-08-19 19:04:16,877:INFO:Epoch: 1500/20000 | Train Loss: 6.767e-01 | Dynamic Loss: 6.634e-01 | Regularization Loss: 1.332e-02 | Val Loss: 7.661e-01 | Time: 5.63s
2025-08-19 19:04:16,877:INFO:New best model found at epoch 1500 with validation loss 7.661e-01. Saving...
2025-08-19 19:04:22,481:INFO:Epoch: 1550/20000 | Train Loss: 6.698e-01 | Dynamic Loss: 6.576e-01 | Regularization Loss: 1.220e-02 | Val Loss: 7.575e-01 | Time: 5.59s
2025-08-19 19:04:22,481:INFO:New best model found at epoch 1550 with validation loss 7.575e-01. Saving...
2025-08-19 19:04:28,137:INFO:Epoch: 1600/20000 | Train Loss: 6.598e-01 | Dynamic Loss: 6.486e-01 | Regularization Loss: 1.118e-02 | Val Loss: 7.685e-01 | Time: 5.65s
2025-08-19 19:04:33,721:INFO:Epoch: 1650/20000 | Train Loss: 6.344e-01 | Dynamic Loss: 6.241e-01 | Regularization Loss: 1.026e-02 | Val Loss: 7.247e-01 | Time: 5.58s
2025-08-19 19:04:33,721:INFO:New best model found at epoch 1650 with validation loss 7.247e-01. Saving...
2025-08-19 19:04:39,304:INFO:Epoch: 1700/20000 | Train Loss: 6.279e-01 | Dynamic Loss: 6.185e-01 | Regularization Loss: 9.424e-03 | Val Loss: 7.281e-01 | Time: 5.57s
2025-08-19 19:04:46,862:INFO:Epoch: 1750/20000 | Train Loss: 6.069e-01 | Dynamic Loss: 5.983e-01 | Regularization Loss: 8.662e-03 | Val Loss: 7.003e-01 | Time: 7.56s
2025-08-19 19:04:46,862:INFO:New best model found at epoch 1750 with validation loss 7.003e-01. Saving...
2025-08-19 19:04:52,474:INFO:Epoch: 1800/20000 | Train Loss: 6.020e-01 | Dynamic Loss: 5.941e-01 | Regularization Loss: 7.967e-03 | Val Loss: 6.931e-01 | Time: 5.60s
2025-08-19 19:04:52,474:INFO:New best model found at epoch 1800 with validation loss 6.931e-01. Saving...
2025-08-19 19:05:04,351:INFO:Epoch: 1850/20000 | Train Loss: 6.090e-01 | Dynamic Loss: 6.017e-01 | Regularization Loss: 7.333e-03 | Val Loss: 7.178e-01 | Time: 11.87s
2025-08-19 19:05:09,909:INFO:Epoch: 1900/20000 | Train Loss: 5.704e-01 | Dynamic Loss: 5.637e-01 | Regularization Loss: 6.753e-03 | Val Loss: 6.730e-01 | Time: 5.56s
2025-08-19 19:05:09,909:INFO:New best model found at epoch 1900 with validation loss 6.730e-01. Saving...
2025-08-19 19:05:18,669:INFO:Epoch: 1950/20000 | Train Loss: 5.967e-01 | Dynamic Loss: 5.905e-01 | Regularization Loss: 6.223e-03 | Val Loss: 6.667e-01 | Time: 8.75s
2025-08-19 19:05:18,669:INFO:New best model found at epoch 1950 with validation loss 6.667e-01. Saving...
2025-08-19 19:05:24,326:INFO:Epoch: 2000/20000 | Train Loss: 5.689e-01 | Dynamic Loss: 5.631e-01 | Regularization Loss: 5.737e-03 | Val Loss: 6.546e-01 | Time: 5.65s
2025-08-19 19:05:24,327:INFO:New best model found at epoch 2000 with validation loss 6.546e-01. Saving...
2025-08-19 19:05:30,095:INFO:Epoch: 2050/20000 | Train Loss: 5.433e-01 | Dynamic Loss: 5.380e-01 | Regularization Loss: 5.292e-03 | Val Loss: 6.554e-01 | Time: 5.76s
2025-08-19 19:05:35,657:INFO:Epoch: 2100/20000 | Train Loss: 5.336e-01 | Dynamic Loss: 5.287e-01 | Regularization Loss: 4.883e-03 | Val Loss: 6.344e-01 | Time: 5.56s
2025-08-19 19:05:35,657:INFO:New best model found at epoch 2100 with validation loss 6.344e-01. Saving...
2025-08-19 19:05:41,308:INFO:Epoch: 2150/20000 | Train Loss: 5.421e-01 | Dynamic Loss: 5.376e-01 | Regularization Loss: 4.508e-03 | Val Loss: 6.601e-01 | Time: 5.64s
2025-08-19 19:05:46,895:INFO:Epoch: 2200/20000 | Train Loss: 5.084e-01 | Dynamic Loss: 5.042e-01 | Regularization Loss: 4.163e-03 | Val Loss: 6.254e-01 | Time: 5.59s
2025-08-19 19:05:46,895:INFO:New best model found at epoch 2200 with validation loss 6.254e-01. Saving...
2025-08-19 19:05:52,482:INFO:Epoch: 2250/20000 | Train Loss: 5.240e-01 | Dynamic Loss: 5.202e-01 | Regularization Loss: 3.846e-03 | Val Loss: 6.197e-01 | Time: 5.58s
2025-08-19 19:05:52,482:INFO:New best model found at epoch 2250 with validation loss 6.197e-01. Saving...
2025-08-19 19:06:00,171:INFO:Epoch: 2300/20000 | Train Loss: 4.835e-01 | Dynamic Loss: 4.800e-01 | Regularization Loss: 3.554e-03 | Val Loss: 5.996e-01 | Time: 7.68s
2025-08-19 19:06:00,171:INFO:New best model found at epoch 2300 with validation loss 5.996e-01. Saving...
2025-08-19 19:06:05,765:INFO:Epoch: 2350/20000 | Train Loss: 5.619e-01 | Dynamic Loss: 5.586e-01 | Regularization Loss: 3.285e-03 | Val Loss: 6.694e-01 | Time: 5.58s
2025-08-19 19:06:17,509:INFO:Epoch: 2400/20000 | Train Loss: 4.814e-01 | Dynamic Loss: 4.784e-01 | Regularization Loss: 3.037e-03 | Val Loss: 5.950e-01 | Time: 11.74s
2025-08-19 19:06:17,509:INFO:New best model found at epoch 2400 with validation loss 5.950e-01. Saving...
2025-08-19 19:06:23,090:INFO:Epoch: 2450/20000 | Train Loss: 4.658e-01 | Dynamic Loss: 4.630e-01 | Regularization Loss: 2.809e-03 | Val Loss: 5.974e-01 | Time: 5.57s
2025-08-19 19:06:28,723:INFO:Epoch: 2500/20000 | Train Loss: 4.593e-01 | Dynamic Loss: 4.567e-01 | Regularization Loss: 2.599e-03 | Val Loss: 5.999e-01 | Time: 5.63s
2025-08-19 19:06:34,345:INFO:Epoch: 2550/20000 | Train Loss: 4.843e-01 | Dynamic Loss: 4.819e-01 | Regularization Loss: 2.404e-03 | Val Loss: 5.689e-01 | Time: 5.62s
2025-08-19 19:06:34,345:INFO:New best model found at epoch 2550 with validation loss 5.689e-01. Saving...
2025-08-19 19:06:39,989:INFO:Epoch: 2600/20000 | Train Loss: 4.472e-01 | Dynamic Loss: 4.450e-01 | Regularization Loss: 2.225e-03 | Val Loss: 5.640e-01 | Time: 5.63s
2025-08-19 19:06:39,989:INFO:New best model found at epoch 2600 with validation loss 5.640e-01. Saving...
2025-08-19 19:06:45,558:INFO:Epoch: 2650/20000 | Train Loss: 4.268e-01 | Dynamic Loss: 4.247e-01 | Regularization Loss: 2.060e-03 | Val Loss: 5.519e-01 | Time: 5.56s
2025-08-19 19:06:45,558:INFO:New best model found at epoch 2650 with validation loss 5.519e-01. Saving...
2025-08-19 19:06:51,191:INFO:Epoch: 2700/20000 | Train Loss: 4.921e-01 | Dynamic Loss: 4.902e-01 | Regularization Loss: 1.907e-03 | Val Loss: 5.523e-01 | Time: 5.62s
2025-08-19 19:06:56,810:INFO:Epoch: 2750/20000 | Train Loss: 4.343e-01 | Dynamic Loss: 4.325e-01 | Regularization Loss: 1.765e-03 | Val Loss: 5.469e-01 | Time: 5.62s
2025-08-19 19:06:56,810:INFO:New best model found at epoch 2750 with validation loss 5.469e-01. Saving...
2025-08-19 19:07:02,452:INFO:Epoch: 2800/20000 | Train Loss: 4.086e-01 | Dynamic Loss: 4.070e-01 | Regularization Loss: 1.635e-03 | Val Loss: 5.339e-01 | Time: 5.63s
2025-08-19 19:07:02,453:INFO:New best model found at epoch 2800 with validation loss 5.339e-01. Saving...
2025-08-19 19:07:13,800:INFO:Epoch: 2850/20000 | Train Loss: 4.024e-01 | Dynamic Loss: 4.009e-01 | Regularization Loss: 1.514e-03 | Val Loss: 5.233e-01 | Time: 11.34s
2025-08-19 19:07:13,800:INFO:New best model found at epoch 2850 with validation loss 5.233e-01. Saving...
2025-08-19 19:07:19,470:INFO:Epoch: 2900/20000 | Train Loss: 4.051e-01 | Dynamic Loss: 4.037e-01 | Regularization Loss: 1.403e-03 | Val Loss: 5.465e-01 | Time: 5.66s
2025-08-19 19:07:29,218:INFO:Epoch: 2950/20000 | Train Loss: 4.111e-01 | Dynamic Loss: 4.098e-01 | Regularization Loss: 1.299e-03 | Val Loss: 5.415e-01 | Time: 9.75s
2025-08-19 19:07:34,864:INFO:Epoch: 3000/20000 | Train Loss: 4.012e-01 | Dynamic Loss: 4.000e-01 | Regularization Loss: 1.204e-03 | Val Loss: 5.102e-01 | Time: 5.65s
2025-08-19 19:07:34,864:INFO:New best model found at epoch 3000 with validation loss 5.102e-01. Saving...
2025-08-19 19:07:40,578:INFO:Epoch: 3050/20000 | Train Loss: 3.769e-01 | Dynamic Loss: 3.757e-01 | Regularization Loss: 1.115e-03 | Val Loss: 5.083e-01 | Time: 5.70s
2025-08-19 19:07:40,578:INFO:New best model found at epoch 3050 with validation loss 5.083e-01. Saving...
2025-08-19 19:07:46,299:INFO:Epoch: 3100/20000 | Train Loss: 3.855e-01 | Dynamic Loss: 3.844e-01 | Regularization Loss: 1.034e-03 | Val Loss: 5.140e-01 | Time: 5.71s
2025-08-19 19:07:53,013:INFO:Epoch: 3150/20000 | Train Loss: 3.775e-01 | Dynamic Loss: 3.766e-01 | Regularization Loss: 9.578e-04 | Val Loss: 5.090e-01 | Time: 6.71s
2025-08-19 19:07:58,700:INFO:Epoch: 3200/20000 | Train Loss: 3.672e-01 | Dynamic Loss: 3.663e-01 | Regularization Loss: 8.877e-04 | Val Loss: 5.111e-01 | Time: 5.69s
2025-08-19 19:08:04,411:INFO:Epoch: 3250/20000 | Train Loss: 3.681e-01 | Dynamic Loss: 3.673e-01 | Regularization Loss: 8.228e-04 | Val Loss: 5.197e-01 | Time: 5.71s
2025-08-19 19:08:10,050:INFO:Epoch: 3300/20000 | Train Loss: 3.628e-01 | Dynamic Loss: 3.621e-01 | Regularization Loss: 7.627e-04 | Val Loss: 5.012e-01 | Time: 5.64s
2025-08-19 19:08:10,050:INFO:New best model found at epoch 3300 with validation loss 5.012e-01. Saving...
2025-08-19 19:08:15,654:INFO:Epoch: 3350/20000 | Train Loss: 3.485e-01 | Dynamic Loss: 3.478e-01 | Regularization Loss: 7.070e-04 | Val Loss: 4.828e-01 | Time: 5.60s
2025-08-19 19:08:15,655:INFO:New best model found at epoch 3350 with validation loss 4.828e-01. Saving...
2025-08-19 19:08:21,828:INFO:Epoch: 3400/20000 | Train Loss: 3.612e-01 | Dynamic Loss: 3.605e-01 | Regularization Loss: 6.554e-04 | Val Loss: 4.798e-01 | Time: 6.16s
2025-08-19 19:08:21,828:INFO:New best model found at epoch 3400 with validation loss 4.798e-01. Saving...
2025-08-19 19:08:27,581:INFO:Epoch: 3450/20000 | Train Loss: 3.324e-01 | Dynamic Loss: 3.318e-01 | Regularization Loss: 6.076e-04 | Val Loss: 4.690e-01 | Time: 5.74s
2025-08-19 19:08:27,581:INFO:New best model found at epoch 3450 with validation loss 4.690e-01. Saving...
2025-08-19 19:08:33,240:INFO:Epoch: 3500/20000 | Train Loss: 4.199e-01 | Dynamic Loss: 4.194e-01 | Regularization Loss: 5.634e-04 | Val Loss: 5.258e-01 | Time: 5.65s
2025-08-19 19:08:38,918:INFO:Epoch: 3550/20000 | Train Loss: 3.371e-01 | Dynamic Loss: 3.366e-01 | Regularization Loss: 5.223e-04 | Val Loss: 4.767e-01 | Time: 5.68s
2025-08-19 19:08:44,595:INFO:Epoch: 3600/20000 | Train Loss: 3.325e-01 | Dynamic Loss: 3.320e-01 | Regularization Loss: 4.843e-04 | Val Loss: 4.665e-01 | Time: 5.68s
2025-08-19 19:08:44,595:INFO:New best model found at epoch 3600 with validation loss 4.665e-01. Saving...
2025-08-19 19:08:50,267:INFO:Epoch: 3650/20000 | Train Loss: 3.349e-01 | Dynamic Loss: 3.345e-01 | Regularization Loss: 4.491e-04 | Val Loss: 4.760e-01 | Time: 5.66s
2025-08-19 19:09:00,593:INFO:Epoch: 3700/20000 | Train Loss: 3.336e-01 | Dynamic Loss: 3.332e-01 | Regularization Loss: 4.164e-04 | Val Loss: 4.561e-01 | Time: 10.33s
2025-08-19 19:09:00,593:INFO:New best model found at epoch 3700 with validation loss 4.561e-01. Saving...
2025-08-19 19:09:06,240:INFO:Epoch: 3750/20000 | Train Loss: 3.120e-01 | Dynamic Loss: 3.116e-01 | Regularization Loss: 3.862e-04 | Val Loss: 4.498e-01 | Time: 5.64s
2025-08-19 19:09:06,240:INFO:New best model found at epoch 3750 with validation loss 4.498e-01. Saving...
2025-08-19 19:09:18,244:INFO:Epoch: 3800/20000 | Train Loss: 3.269e-01 | Dynamic Loss: 3.266e-01 | Regularization Loss: 3.581e-04 | Val Loss: 5.008e-01 | Time: 12.00s
2025-08-19 19:09:23,995:INFO:Epoch: 3850/20000 | Train Loss: 3.159e-01 | Dynamic Loss: 3.156e-01 | Regularization Loss: 3.321e-04 | Val Loss: 4.802e-01 | Time: 5.75s
2025-08-19 19:09:32,701:INFO:Epoch: 3900/20000 | Train Loss: 3.013e-01 | Dynamic Loss: 3.010e-01 | Regularization Loss: 3.080e-04 | Val Loss: 4.385e-01 | Time: 8.71s
2025-08-19 19:09:32,701:INFO:New best model found at epoch 3900 with validation loss 4.385e-01. Saving...
2025-08-19 19:09:38,435:INFO:Epoch: 3950/20000 | Train Loss: 3.129e-01 | Dynamic Loss: 3.126e-01 | Regularization Loss: 2.856e-04 | Val Loss: 4.477e-01 | Time: 5.72s
2025-08-19 19:09:44,220:INFO:Epoch: 4000/20000 | Train Loss: 2.883e-01 | Dynamic Loss: 2.880e-01 | Regularization Loss: 2.649e-04 | Val Loss: 4.416e-01 | Time: 5.78s
2025-08-19 19:09:49,988:INFO:Epoch: 4050/20000 | Train Loss: 3.473e-01 | Dynamic Loss: 3.470e-01 | Regularization Loss: 2.457e-04 | Val Loss: 4.425e-01 | Time: 5.77s
2025-08-19 19:09:55,697:INFO:Epoch: 4100/20000 | Train Loss: 2.818e-01 | Dynamic Loss: 2.816e-01 | Regularization Loss: 2.279e-04 | Val Loss: 4.263e-01 | Time: 5.71s
2025-08-19 19:09:55,697:INFO:New best model found at epoch 4100 with validation loss 4.263e-01. Saving...
2025-08-19 19:10:01,354:INFO:Epoch: 4150/20000 | Train Loss: 2.833e-01 | Dynamic Loss: 2.830e-01 | Regularization Loss: 2.114e-04 | Val Loss: 4.419e-01 | Time: 5.65s
2025-08-19 19:10:08,823:INFO:Epoch: 4200/20000 | Train Loss: 2.862e-01 | Dynamic Loss: 2.860e-01 | Regularization Loss: 1.960e-04 | Val Loss: 4.310e-01 | Time: 7.47s
2025-08-19 19:10:14,535:INFO:Epoch: 4250/20000 | Train Loss: 3.042e-01 | Dynamic Loss: 3.040e-01 | Regularization Loss: 1.818e-04 | Val Loss: 4.519e-01 | Time: 5.71s
2025-08-19 19:10:21,840:INFO:Epoch: 4300/20000 | Train Loss: 2.659e-01 | Dynamic Loss: 2.657e-01 | Regularization Loss: 1.687e-04 | Val Loss: 4.265e-01 | Time: 7.30s
2025-08-19 19:10:27,523:INFO:Epoch: 4350/20000 | Train Loss: 2.680e-01 | Dynamic Loss: 2.679e-01 | Regularization Loss: 1.564e-04 | Val Loss: 4.159e-01 | Time: 5.68s
2025-08-19 19:10:27,523:INFO:New best model found at epoch 4350 with validation loss 4.159e-01. Saving...
2025-08-19 19:10:33,428:INFO:Epoch: 4400/20000 | Train Loss: 2.687e-01 | Dynamic Loss: 2.686e-01 | Regularization Loss: 1.451e-04 | Val Loss: 4.090e-01 | Time: 5.90s
2025-08-19 19:10:33,428:INFO:New best model found at epoch 4400 with validation loss 4.090e-01. Saving...
2025-08-19 19:10:39,162:INFO:Epoch: 4450/20000 | Train Loss: 2.616e-01 | Dynamic Loss: 2.614e-01 | Regularization Loss: 1.346e-04 | Val Loss: 4.075e-01 | Time: 5.73s
2025-08-19 19:10:39,163:INFO:New best model found at epoch 4450 with validation loss 4.075e-01. Saving...
2025-08-19 19:10:46,741:INFO:Epoch: 4500/20000 | Train Loss: 2.538e-01 | Dynamic Loss: 2.536e-01 | Regularization Loss: 1.248e-04 | Val Loss: 4.048e-01 | Time: 7.57s
2025-08-19 19:10:46,741:INFO:New best model found at epoch 4500 with validation loss 4.048e-01. Saving...
2025-08-19 19:10:52,472:INFO:Epoch: 4550/20000 | Train Loss: 2.558e-01 | Dynamic Loss: 2.557e-01 | Regularization Loss: 1.158e-04 | Val Loss: 4.034e-01 | Time: 5.72s
2025-08-19 19:10:52,472:INFO:New best model found at epoch 4550 with validation loss 4.034e-01. Saving...
2025-08-19 19:10:58,731:INFO:Epoch: 4600/20000 | Train Loss: 2.529e-01 | Dynamic Loss: 2.528e-01 | Regularization Loss: 1.074e-04 | Val Loss: 4.006e-01 | Time: 6.25s
2025-08-19 19:10:58,731:INFO:New best model found at epoch 4600 with validation loss 4.006e-01. Saving...
2025-08-19 19:11:04,499:INFO:Epoch: 4650/20000 | Train Loss: 2.528e-01 | Dynamic Loss: 2.527e-01 | Regularization Loss: 9.964e-05 | Val Loss: 3.951e-01 | Time: 5.76s
2025-08-19 19:11:04,500:INFO:New best model found at epoch 4650 with validation loss 3.951e-01. Saving...
2025-08-19 19:11:11,829:INFO:Epoch: 4700/20000 | Train Loss: 2.461e-01 | Dynamic Loss: 2.460e-01 | Regularization Loss: 9.242e-05 | Val Loss: 3.972e-01 | Time: 7.32s
2025-08-19 19:11:17,601:INFO:Epoch: 4750/20000 | Train Loss: 2.854e-01 | Dynamic Loss: 2.853e-01 | Regularization Loss: 8.573e-05 | Val Loss: 4.541e-01 | Time: 5.77s
2025-08-19 19:11:26,076:INFO:Epoch: 4800/20000 | Train Loss: 2.387e-01 | Dynamic Loss: 2.386e-01 | Regularization Loss: 7.952e-05 | Val Loss: 3.903e-01 | Time: 8.48s
2025-08-19 19:11:26,076:INFO:New best model found at epoch 4800 with validation loss 3.903e-01. Saving...
2025-08-19 19:11:31,861:INFO:Epoch: 4850/20000 | Train Loss: 2.486e-01 | Dynamic Loss: 2.485e-01 | Regularization Loss: 7.377e-05 | Val Loss: 4.057e-01 | Time: 5.78s
2025-08-19 19:11:37,567:INFO:Epoch: 4900/20000 | Train Loss: 2.511e-01 | Dynamic Loss: 2.510e-01 | Regularization Loss: 6.843e-05 | Val Loss: 3.992e-01 | Time: 5.71s
2025-08-19 19:11:43,271:INFO:Epoch: 4950/20000 | Train Loss: 2.365e-01 | Dynamic Loss: 2.365e-01 | Regularization Loss: 6.349e-05 | Val Loss: 3.917e-01 | Time: 5.70s
2025-08-19 19:11:49,049:INFO:Epoch: 5000/20000 | Train Loss: 2.322e-01 | Dynamic Loss: 2.321e-01 | Regularization Loss: 5.888e-05 | Val Loss: 3.803e-01 | Time: 5.78s
2025-08-19 19:11:49,049:INFO:New best model found at epoch 5000 with validation loss 3.803e-01. Saving...
2025-08-19 19:11:54,750:INFO:Epoch: 5050/20000 | Train Loss: 2.535e-01 | Dynamic Loss: 2.535e-01 | Regularization Loss: 5.463e-05 | Val Loss: 4.003e-01 | Time: 5.69s
2025-08-19 19:12:00,479:INFO:Epoch: 5100/20000 | Train Loss: 2.345e-01 | Dynamic Loss: 2.344e-01 | Regularization Loss: 5.067e-05 | Val Loss: 3.859e-01 | Time: 5.73s
2025-08-19 19:12:06,172:INFO:Epoch: 5150/20000 | Train Loss: 2.358e-01 | Dynamic Loss: 2.357e-01 | Regularization Loss: 4.700e-05 | Val Loss: 3.879e-01 | Time: 5.69s
2025-08-19 19:12:11,946:INFO:Epoch: 5200/20000 | Train Loss: 2.339e-01 | Dynamic Loss: 2.338e-01 | Regularization Loss: 4.359e-05 | Val Loss: 3.814e-01 | Time: 5.77s
2025-08-19 19:12:17,693:INFO:Epoch: 5250/20000 | Train Loss: 2.304e-01 | Dynamic Loss: 2.304e-01 | Regularization Loss: 4.043e-05 | Val Loss: 3.822e-01 | Time: 5.75s
2025-08-19 19:12:23,484:INFO:Epoch: 5300/20000 | Train Loss: 2.298e-01 | Dynamic Loss: 2.298e-01 | Regularization Loss: 3.751e-05 | Val Loss: 3.766e-01 | Time: 5.79s
2025-08-19 19:12:23,484:INFO:New best model found at epoch 5300 with validation loss 3.766e-01. Saving...
2025-08-19 19:12:29,278:INFO:Epoch: 5350/20000 | Train Loss: 2.698e-01 | Dynamic Loss: 2.698e-01 | Regularization Loss: 3.477e-05 | Val Loss: 4.004e-01 | Time: 5.78s
2025-08-19 19:12:35,070:INFO:Epoch: 5400/20000 | Train Loss: 2.204e-01 | Dynamic Loss: 2.203e-01 | Regularization Loss: 3.222e-05 | Val Loss: 3.732e-01 | Time: 5.79s
2025-08-19 19:12:35,070:INFO:New best model found at epoch 5400 with validation loss 3.732e-01. Saving...
2025-08-19 19:12:40,847:INFO:Epoch: 5450/20000 | Train Loss: 2.185e-01 | Dynamic Loss: 2.184e-01 | Regularization Loss: 2.984e-05 | Val Loss: 3.713e-01 | Time: 5.77s
2025-08-19 19:12:40,847:INFO:New best model found at epoch 5450 with validation loss 3.713e-01. Saving...
2025-08-19 19:12:46,605:INFO:Epoch: 5500/20000 | Train Loss: 3.139e-01 | Dynamic Loss: 3.139e-01 | Regularization Loss: 2.763e-05 | Val Loss: 3.885e-01 | Time: 5.75s
2025-08-19 19:12:52,397:INFO:Epoch: 5550/20000 | Train Loss: 2.162e-01 | Dynamic Loss: 2.162e-01 | Regularization Loss: 2.562e-05 | Val Loss: 4.400e-01 | Time: 5.79s
2025-08-19 19:12:58,124:INFO:Epoch: 5600/20000 | Train Loss: 2.995e-01 | Dynamic Loss: 2.995e-01 | Regularization Loss: 2.376e-05 | Val Loss: 3.688e-01 | Time: 5.73s
2025-08-19 19:12:58,124:INFO:New best model found at epoch 5600 with validation loss 3.688e-01. Saving...
2025-08-19 19:13:03,882:INFO:Epoch: 5650/20000 | Train Loss: 2.281e-01 | Dynamic Loss: 2.281e-01 | Regularization Loss: 2.197e-05 | Val Loss: 3.910e-01 | Time: 5.75s
2025-08-19 19:13:13,632:INFO:Epoch: 5700/20000 | Train Loss: 2.230e-01 | Dynamic Loss: 2.230e-01 | Regularization Loss: 2.038e-05 | Val Loss: 3.727e-01 | Time: 9.75s
2025-08-19 19:13:19,329:INFO:Epoch: 5750/20000 | Train Loss: 2.059e-01 | Dynamic Loss: 2.059e-01 | Regularization Loss: 1.891e-05 | Val Loss: 3.518e-01 | Time: 5.70s
2025-08-19 19:13:19,329:INFO:New best model found at epoch 5750 with validation loss 3.518e-01. Saving...
2025-08-19 19:13:30,699:INFO:Epoch: 5800/20000 | Train Loss: 2.131e-01 | Dynamic Loss: 2.131e-01 | Regularization Loss: 1.755e-05 | Val Loss: 3.532e-01 | Time: 11.36s
2025-08-19 19:13:36,615:INFO:Epoch: 5850/20000 | Train Loss: 2.109e-01 | Dynamic Loss: 2.109e-01 | Regularization Loss: 1.622e-05 | Val Loss: 3.568e-01 | Time: 5.92s
2025-08-19 19:13:44,401:INFO:Epoch: 5900/20000 | Train Loss: 2.194e-01 | Dynamic Loss: 2.194e-01 | Regularization Loss: 1.500e-05 | Val Loss: 3.629e-01 | Time: 7.79s
2025-08-19 19:13:50,182:INFO:Epoch: 5950/20000 | Train Loss: 2.250e-01 | Dynamic Loss: 2.249e-01 | Regularization Loss: 1.373e-05 | Val Loss: 3.583e-01 | Time: 5.78s
2025-08-19 19:14:01,770:INFO:Epoch: 6000/20000 | Train Loss: 2.315e-01 | Dynamic Loss: 2.315e-01 | Regularization Loss: 1.267e-05 | Val Loss: 3.765e-01 | Time: 11.59s
2025-08-19 19:14:07,633:INFO:Epoch: 6050/20000 | Train Loss: 1.971e-01 | Dynamic Loss: 1.971e-01 | Regularization Loss: 1.174e-05 | Val Loss: 3.425e-01 | Time: 5.86s
2025-08-19 19:14:07,633:INFO:New best model found at epoch 6050 with validation loss 3.425e-01. Saving...
2025-08-19 19:14:15,394:INFO:Epoch: 6100/20000 | Train Loss: 2.105e-01 | Dynamic Loss: 2.105e-01 | Regularization Loss: 1.082e-05 | Val Loss: 3.622e-01 | Time: 7.75s
2025-08-19 19:14:21,107:INFO:Epoch: 6150/20000 | Train Loss: 2.681e-01 | Dynamic Loss: 2.681e-01 | Regularization Loss: 9.990e-06 | Val Loss: 4.139e-01 | Time: 5.71s
2025-08-19 19:14:32,351:INFO:Epoch: 6200/20000 | Train Loss: 2.296e-01 | Dynamic Loss: 2.296e-01 | Regularization Loss: 9.174e-06 | Val Loss: 3.631e-01 | Time: 11.24s
2025-08-19 19:14:38,144:INFO:Epoch: 6250/20000 | Train Loss: 2.134e-01 | Dynamic Loss: 2.134e-01 | Regularization Loss: 8.500e-06 | Val Loss: 3.525e-01 | Time: 5.79s
2025-08-19 19:14:46,380:INFO:Epoch: 6300/20000 | Train Loss: 3.615e-01 | Dynamic Loss: 3.615e-01 | Regularization Loss: 7.648e-06 | Val Loss: 5.560e-01 | Time: 8.24s
2025-08-19 19:14:52,102:INFO:Epoch: 6350/20000 | Train Loss: 2.290e-01 | Dynamic Loss: 2.290e-01 | Regularization Loss: 6.856e-06 | Val Loss: 3.595e-01 | Time: 5.72s
2025-08-19 19:15:03,410:INFO:Epoch: 6400/20000 | Train Loss: 2.049e-01 | Dynamic Loss: 2.049e-01 | Regularization Loss: 6.431e-06 | Val Loss: 5.021e-01 | Time: 11.31s
2025-08-19 19:15:09,232:INFO:Epoch: 6450/20000 | Train Loss: 5.033e-01 | Dynamic Loss: 5.033e-01 | Regularization Loss: 5.915e-06 | Val Loss: 4.883e-01 | Time: 5.82s
2025-08-19 19:15:19,042:INFO:Epoch: 6500/20000 | Train Loss: 2.158e-01 | Dynamic Loss: 2.158e-01 | Regularization Loss: 5.528e-06 | Val Loss: 3.467e-01 | Time: 9.81s
2025-08-19 19:15:24,775:INFO:Epoch: 6550/20000 | Train Loss: 2.139e-01 | Dynamic Loss: 2.138e-01 | Regularization Loss: 5.266e-06 | Val Loss: 3.476e-01 | Time: 5.73s
2025-08-19 19:15:30,596:INFO:Epoch: 6600/20000 | Train Loss: 2.482e-01 | Dynamic Loss: 2.482e-01 | Regularization Loss: 4.907e-06 | Val Loss: 3.906e-01 | Time: 5.82s
2025-08-19 19:15:36,361:INFO:Epoch: 6650/20000 | Train Loss: 2.027e-01 | Dynamic Loss: 2.027e-01 | Regularization Loss: 4.478e-06 | Val Loss: 3.418e-01 | Time: 5.76s
2025-08-19 19:15:36,361:INFO:New best model found at epoch 6650 with validation loss 3.418e-01. Saving...
2025-08-19 19:15:42,248:INFO:Epoch: 6700/20000 | Train Loss: 3.315e-01 | Dynamic Loss: 3.315e-01 | Regularization Loss: 4.135e-06 | Val Loss: 4.100e-01 | Time: 5.88s
2025-08-19 19:15:48,028:INFO:Epoch: 6750/20000 | Train Loss: 1.962e-01 | Dynamic Loss: 1.962e-01 | Regularization Loss: 3.876e-06 | Val Loss: 3.436e-01 | Time: 5.78s
2025-08-19 19:15:58,534:INFO:Epoch: 6800/20000 | Train Loss: 4.339e-01 | Dynamic Loss: 4.339e-01 | Regularization Loss: 3.491e-06 | Val Loss: 4.527e-01 | Time: 10.51s
2025-08-19 19:16:04,319:INFO:Epoch: 6850/20000 | Train Loss: 1.860e-01 | Dynamic Loss: 1.860e-01 | Regularization Loss: 3.060e-06 | Val Loss: 3.303e-01 | Time: 5.78s
2025-08-19 19:16:04,319:INFO:New best model found at epoch 6850 with validation loss 3.303e-01. Saving...
2025-08-19 19:16:13,067:INFO:Epoch: 6900/20000 | Train Loss: 1.860e-01 | Dynamic Loss: 1.859e-01 | Regularization Loss: 2.801e-06 | Val Loss: 3.276e-01 | Time: 8.74s
2025-08-19 19:16:13,067:INFO:New best model found at epoch 6900 with validation loss 3.276e-01. Saving...
2025-08-19 19:16:18,662:INFO:Epoch: 6950/20000 | Train Loss: 1.922e-01 | Dynamic Loss: 1.922e-01 | Regularization Loss: 2.167e-06 | Val Loss: 3.332e-01 | Time: 5.59s
2025-08-19 19:16:24,293:INFO:Epoch: 7000/20000 | Train Loss: 1.866e-01 | Dynamic Loss: 1.866e-01 | Regularization Loss: 2.050e-06 | Val Loss: 3.245e-01 | Time: 5.63s
2025-08-19 19:16:24,293:INFO:New best model found at epoch 7000 with validation loss 3.245e-01. Saving...
2025-08-19 19:16:29,900:INFO:Epoch: 7050/20000 | Train Loss: 1.950e-01 | Dynamic Loss: 1.950e-01 | Regularization Loss: 2.021e-06 | Val Loss: 3.279e-01 | Time: 5.60s
2025-08-19 19:16:35,478:INFO:Epoch: 7100/20000 | Train Loss: 1.949e-01 | Dynamic Loss: 1.949e-01 | Regularization Loss: 2.293e-06 | Val Loss: 3.348e-01 | Time: 5.58s
2025-08-19 19:16:43,892:INFO:Epoch: 7150/20000 | Train Loss: 2.333e-01 | Dynamic Loss: 2.333e-01 | Regularization Loss: 2.125e-06 | Val Loss: 3.874e-01 | Time: 8.41s
2025-08-19 19:16:49,527:INFO:Epoch: 7200/20000 | Train Loss: 2.032e-01 | Dynamic Loss: 2.032e-01 | Regularization Loss: 2.037e-06 | Val Loss: 3.333e-01 | Time: 5.63s
2025-08-19 19:16:55,117:INFO:Epoch: 7250/20000 | Train Loss: 1.875e-01 | Dynamic Loss: 1.875e-01 | Regularization Loss: 2.008e-06 | Val Loss: 3.176e-01 | Time: 5.59s
2025-08-19 19:16:55,117:INFO:New best model found at epoch 7250 with validation loss 3.176e-01. Saving...
2025-08-19 19:17:03,761:INFO:Epoch: 7300/20000 | Train Loss: 1.793e-01 | Dynamic Loss: 1.793e-01 | Regularization Loss: 1.804e-06 | Val Loss: 3.208e-01 | Time: 8.64s
2025-08-19 19:17:09,484:INFO:Epoch: 7350/20000 | Train Loss: 1.798e-01 | Dynamic Loss: 1.798e-01 | Regularization Loss: 1.536e-06 | Val Loss: 3.206e-01 | Time: 5.72s
2025-08-19 19:17:15,087:INFO:Epoch: 7400/20000 | Train Loss: 3.233e-01 | Dynamic Loss: 3.233e-01 | Regularization Loss: 1.502e-06 | Val Loss: 4.528e-01 | Time: 5.60s
2025-08-19 19:17:20,921:INFO:Epoch: 7450/20000 | Train Loss: 1.821e-01 | Dynamic Loss: 1.821e-01 | Regularization Loss: 1.281e-06 | Val Loss: 3.230e-01 | Time: 5.83s
2025-08-19 19:17:26,500:INFO:Epoch: 7500/20000 | Train Loss: 2.385e-01 | Dynamic Loss: 2.385e-01 | Regularization Loss: 1.268e-06 | Val Loss: 3.570e-01 | Time: 5.58s
2025-08-19 19:17:32,043:INFO:Epoch: 7550/20000 | Train Loss: 1.883e-01 | Dynamic Loss: 1.883e-01 | Regularization Loss: 9.980e-07 | Val Loss: 3.276e-01 | Time: 5.54s
2025-08-19 19:17:37,677:INFO:Epoch: 7600/20000 | Train Loss: 4.080e-01 | Dynamic Loss: 4.080e-01 | Regularization Loss: 1.106e-06 | Val Loss: 4.577e-01 | Time: 5.63s
2025-08-19 19:17:43,279:INFO:Epoch: 7650/20000 | Train Loss: 2.563e-01 | Dynamic Loss: 2.563e-01 | Regularization Loss: 1.072e-06 | Val Loss: 3.793e-01 | Time: 5.60s
2025-08-19 19:17:48,849:INFO:Epoch: 7700/20000 | Train Loss: 2.191e-01 | Dynamic Loss: 2.191e-01 | Regularization Loss: 1.040e-06 | Val Loss: 3.264e-01 | Time: 5.57s
2025-08-19 19:17:54,912:INFO:Epoch: 7750/20000 | Train Loss: 2.339e-01 | Dynamic Loss: 2.339e-01 | Regularization Loss: 1.006e-06 | Val Loss: 3.651e-01 | Time: 6.06s
2025-08-19 19:18:00,492:INFO:Epoch: 7800/20000 | Train Loss: 2.550e-01 | Dynamic Loss: 2.550e-01 | Regularization Loss: 8.585e-07 | Val Loss: 3.778e-01 | Time: 5.58s
2025-08-19 19:18:06,114:INFO:Epoch: 7850/20000 | Train Loss: 2.114e-01 | Dynamic Loss: 2.114e-01 | Regularization Loss: 7.518e-07 | Val Loss: 3.617e-01 | Time: 5.62s
2025-08-19 19:18:14,788:INFO:Epoch: 7900/20000 | Train Loss: 1.628e-01 | Dynamic Loss: 1.628e-01 | Regularization Loss: 7.446e-07 | Val Loss: 3.188e-01 | Time: 8.67s
2025-08-19 19:18:20,528:INFO:Epoch: 7950/20000 | Train Loss: 1.983e-01 | Dynamic Loss: 1.983e-01 | Regularization Loss: 7.013e-07 | Val Loss: 3.456e-01 | Time: 5.74s
2025-08-19 19:18:26,055:INFO:Epoch: 8000/20000 | Train Loss: 2.273e-01 | Dynamic Loss: 2.273e-01 | Regularization Loss: 7.242e-07 | Val Loss: 3.656e-01 | Time: 5.53s
2025-08-19 19:18:36,381:INFO:Epoch: 8050/20000 | Train Loss: 1.614e-01 | Dynamic Loss: 1.614e-01 | Regularization Loss: 7.427e-07 | Val Loss: 2.978e-01 | Time: 10.33s
2025-08-19 19:18:36,381:INFO:New best model found at epoch 8050 with validation loss 2.978e-01. Saving...
2025-08-19 19:18:41,952:INFO:Epoch: 8100/20000 | Train Loss: 1.748e-01 | Dynamic Loss: 1.748e-01 | Regularization Loss: 7.373e-07 | Val Loss: 3.140e-01 | Time: 5.56s
2025-08-19 19:18:47,644:INFO:Epoch: 8150/20000 | Train Loss: 2.057e-01 | Dynamic Loss: 2.057e-01 | Regularization Loss: 7.142e-07 | Val Loss: 3.329e-01 | Time: 5.69s
2025-08-19 19:18:53,214:INFO:Epoch: 8200/20000 | Train Loss: 1.615e-01 | Dynamic Loss: 1.615e-01 | Regularization Loss: 6.610e-07 | Val Loss: 3.260e-01 | Time: 5.57s
2025-08-19 19:18:58,833:INFO:Epoch: 8250/20000 | Train Loss: 3.300e-01 | Dynamic Loss: 3.300e-01 | Regularization Loss: 4.880e-07 | Val Loss: 4.444e-01 | Time: 5.62s
2025-08-19 19:19:04,431:INFO:Epoch: 8300/20000 | Train Loss: 3.143e-01 | Dynamic Loss: 3.143e-01 | Regularization Loss: 4.303e-07 | Val Loss: 4.341e-01 | Time: 5.60s
2025-08-19 19:19:10,015:INFO:Epoch: 8350/20000 | Train Loss: 1.669e-01 | Dynamic Loss: 1.669e-01 | Regularization Loss: 4.066e-07 | Val Loss: 5.214e-01 | Time: 5.58s
2025-08-19 19:19:15,565:INFO:Epoch: 8400/20000 | Train Loss: 1.981e-01 | Dynamic Loss: 1.981e-01 | Regularization Loss: 3.537e-07 | Val Loss: 4.060e-01 | Time: 5.55s
2025-08-19 19:19:24,558:INFO:Epoch: 8450/20000 | Train Loss: 2.133e-01 | Dynamic Loss: 2.133e-01 | Regularization Loss: 3.449e-07 | Val Loss: 3.174e-01 | Time: 8.99s
2025-08-19 19:19:30,167:INFO:Epoch: 8500/20000 | Train Loss: 1.753e-01 | Dynamic Loss: 1.753e-01 | Regularization Loss: 2.691e-07 | Val Loss: 3.038e-01 | Time: 5.61s
2025-08-19 19:19:35,726:INFO:Epoch: 8550/20000 | Train Loss: 1.673e-01 | Dynamic Loss: 1.673e-01 | Regularization Loss: 2.178e-07 | Val Loss: 2.959e-01 | Time: 5.56s
2025-08-19 19:19:35,726:INFO:New best model found at epoch 8550 with validation loss 2.959e-01. Saving...
2025-08-19 19:19:41,305:INFO:Epoch: 8600/20000 | Train Loss: 1.912e-01 | Dynamic Loss: 1.912e-01 | Regularization Loss: 2.754e-07 | Val Loss: 3.203e-01 | Time: 5.57s
2025-08-19 19:19:46,897:INFO:Epoch: 8650/20000 | Train Loss: 2.623e-01 | Dynamic Loss: 2.623e-01 | Regularization Loss: 2.687e-07 | Val Loss: 3.931e-01 | Time: 5.59s
2025-08-19 19:19:52,452:INFO:Epoch: 8700/20000 | Train Loss: 2.369e-01 | Dynamic Loss: 2.369e-01 | Regularization Loss: 2.363e-07 | Val Loss: 3.409e-01 | Time: 5.56s
2025-08-19 19:19:58,064:INFO:Epoch: 8750/20000 | Train Loss: 1.758e-01 | Dynamic Loss: 1.758e-01 | Regularization Loss: 2.345e-07 | Val Loss: 3.023e-01 | Time: 5.61s
2025-08-19 19:20:03,667:INFO:Epoch: 8800/20000 | Train Loss: 3.469e-01 | Dynamic Loss: 3.469e-01 | Regularization Loss: 2.476e-07 | Val Loss: 4.352e-01 | Time: 5.60s
2025-08-19 19:20:09,221:INFO:Epoch: 8850/20000 | Train Loss: 1.546e-01 | Dynamic Loss: 1.546e-01 | Regularization Loss: 2.275e-07 | Val Loss: 2.850e-01 | Time: 5.55s
2025-08-19 19:20:09,221:INFO:New best model found at epoch 8850 with validation loss 2.850e-01. Saving...
2025-08-19 19:20:14,839:INFO:Epoch: 8900/20000 | Train Loss: 1.580e-01 | Dynamic Loss: 1.580e-01 | Regularization Loss: 2.161e-07 | Val Loss: 2.862e-01 | Time: 5.61s
2025-08-19 19:20:20,424:INFO:Epoch: 8950/20000 | Train Loss: 1.612e-01 | Dynamic Loss: 1.612e-01 | Regularization Loss: 2.336e-07 | Val Loss: 3.228e-01 | Time: 5.59s
2025-08-19 19:20:26,034:INFO:Epoch: 9000/20000 | Train Loss: 1.707e-01 | Dynamic Loss: 1.707e-01 | Regularization Loss: 1.978e-07 | Val Loss: 3.035e-01 | Time: 5.61s
2025-08-19 19:20:31,686:INFO:Epoch: 9050/20000 | Train Loss: 2.748e-01 | Dynamic Loss: 2.748e-01 | Regularization Loss: 1.704e-07 | Val Loss: 3.473e-01 | Time: 5.65s
2025-08-19 19:20:37,313:INFO:Epoch: 9100/20000 | Train Loss: 1.571e-01 | Dynamic Loss: 1.571e-01 | Regularization Loss: 1.644e-07 | Val Loss: 2.833e-01 | Time: 5.63s
2025-08-19 19:20:37,313:INFO:New best model found at epoch 9100 with validation loss 2.833e-01. Saving...
2025-08-19 19:20:42,932:INFO:Epoch: 9150/20000 | Train Loss: 1.746e-01 | Dynamic Loss: 1.746e-01 | Regularization Loss: 1.408e-07 | Val Loss: 3.233e-01 | Time: 5.61s
2025-08-19 19:20:48,532:INFO:Epoch: 9200/20000 | Train Loss: 1.790e-01 | Dynamic Loss: 1.790e-01 | Regularization Loss: 1.343e-07 | Val Loss: 3.130e-01 | Time: 5.60s
2025-08-19 19:20:54,075:INFO:Epoch: 9250/20000 | Train Loss: 4.583e-01 | Dynamic Loss: 4.583e-01 | Regularization Loss: 1.434e-07 | Val Loss: 5.178e-01 | Time: 5.54s
2025-08-19 19:20:59,619:INFO:Epoch: 9300/20000 | Train Loss: 1.507e-01 | Dynamic Loss: 1.507e-01 | Regularization Loss: 1.208e-07 | Val Loss: 2.772e-01 | Time: 5.54s
2025-08-19 19:20:59,619:INFO:New best model found at epoch 9300 with validation loss 2.772e-01. Saving...
2025-08-19 19:21:06,915:INFO:Epoch: 9350/20000 | Train Loss: 1.664e-01 | Dynamic Loss: 1.664e-01 | Regularization Loss: 1.291e-07 | Val Loss: 2.863e-01 | Time: 7.29s
2025-08-19 19:21:12,517:INFO:Epoch: 9400/20000 | Train Loss: 1.625e-01 | Dynamic Loss: 1.625e-01 | Regularization Loss: 1.111e-07 | Val Loss: 2.869e-01 | Time: 5.60s
2025-08-19 19:21:18,123:INFO:Epoch: 9450/20000 | Train Loss: 1.593e-01 | Dynamic Loss: 1.593e-01 | Regularization Loss: 9.658e-08 | Val Loss: 2.868e-01 | Time: 5.61s
2025-08-19 19:21:27,934:INFO:Epoch: 9500/20000 | Train Loss: 1.554e-01 | Dynamic Loss: 1.554e-01 | Regularization Loss: 1.047e-07 | Val Loss: 2.800e-01 | Time: 9.81s
2025-08-19 19:21:33,537:INFO:Epoch: 9550/20000 | Train Loss: 2.845e-01 | Dynamic Loss: 2.845e-01 | Regularization Loss: 6.460e-08 | Val Loss: 3.884e-01 | Time: 5.60s
2025-08-19 19:21:39,070:INFO:Epoch: 9600/20000 | Train Loss: 3.014e-01 | Dynamic Loss: 3.014e-01 | Regularization Loss: 5.829e-08 | Val Loss: 3.808e-01 | Time: 5.53s
2025-08-19 19:21:48,399:INFO:Epoch: 9650/20000 | Train Loss: 1.629e-01 | Dynamic Loss: 1.629e-01 | Regularization Loss: 6.015e-08 | Val Loss: 2.977e-01 | Time: 9.33s
2025-08-19 19:21:53,977:INFO:Epoch: 9700/20000 | Train Loss: 1.651e-01 | Dynamic Loss: 1.651e-01 | Regularization Loss: 6.183e-08 | Val Loss: 2.870e-01 | Time: 5.58s
2025-08-19 19:21:59,541:INFO:Epoch: 9750/20000 | Train Loss: 2.597e-01 | Dynamic Loss: 2.597e-01 | Regularization Loss: 6.036e-08 | Val Loss: 3.732e-01 | Time: 5.56s
2025-08-19 19:22:09,126:INFO:Epoch: 9800/20000 | Train Loss: 1.879e-01 | Dynamic Loss: 1.879e-01 | Regularization Loss: 6.342e-08 | Val Loss: 3.360e-01 | Time: 9.58s
2025-08-19 19:22:14,730:INFO:Epoch: 9850/20000 | Train Loss: 1.563e-01 | Dynamic Loss: 1.563e-01 | Regularization Loss: 4.309e-08 | Val Loss: 2.825e-01 | Time: 5.60s
2025-08-19 19:22:20,285:INFO:Epoch: 9900/20000 | Train Loss: 1.429e-01 | Dynamic Loss: 1.429e-01 | Regularization Loss: 5.070e-08 | Val Loss: 2.683e-01 | Time: 5.55s
2025-08-19 19:22:20,285:INFO:New best model found at epoch 9900 with validation loss 2.683e-01. Saving...
2025-08-19 19:22:27,392:INFO:Epoch: 9950/20000 | Train Loss: 1.572e-01 | Dynamic Loss: 1.572e-01 | Regularization Loss: 2.934e-08 | Val Loss: 2.819e-01 | Time: 7.10s
2025-08-19 19:22:33,086:INFO:Epoch: 10000/20000 | Train Loss: 1.490e-01 | Dynamic Loss: 1.490e-01 | Regularization Loss: 3.239e-08 | Val Loss: 2.715e-01 | Time: 5.69s
2025-08-19 19:22:38,744:INFO:Epoch: 10050/20000 | Train Loss: 1.514e-01 | Dynamic Loss: 1.514e-01 | Regularization Loss: 3.456e-08 | Val Loss: 2.728e-01 | Time: 5.66s
2025-08-19 19:22:44,391:INFO:Epoch: 10100/20000 | Train Loss: 2.089e-01 | Dynamic Loss: 2.089e-01 | Regularization Loss: 2.914e-08 | Val Loss: 3.094e-01 | Time: 5.65s
2025-08-19 19:22:49,983:INFO:Epoch: 10150/20000 | Train Loss: 3.168e-01 | Dynamic Loss: 3.168e-01 | Regularization Loss: 2.700e-08 | Val Loss: 4.156e-01 | Time: 5.59s
2025-08-19 19:22:59,088:INFO:Epoch: 10200/20000 | Train Loss: 1.702e-01 | Dynamic Loss: 1.702e-01 | Regularization Loss: 2.414e-08 | Val Loss: 2.883e-01 | Time: 9.11s
2025-08-19 19:23:04,827:INFO:Epoch: 10250/20000 | Train Loss: 1.469e-01 | Dynamic Loss: 1.469e-01 | Regularization Loss: 2.134e-08 | Val Loss: 2.711e-01 | Time: 5.74s
2025-08-19 19:23:10,467:INFO:Epoch: 10300/20000 | Train Loss: 2.164e-01 | Dynamic Loss: 2.164e-01 | Regularization Loss: 1.530e-08 | Val Loss: 3.420e-01 | Time: 5.64s
2025-08-19 19:23:18,478:INFO:Epoch: 10350/20000 | Train Loss: 1.708e-01 | Dynamic Loss: 1.708e-01 | Regularization Loss: 1.637e-08 | Val Loss: 2.788e-01 | Time: 8.01s
2025-08-19 19:23:24,108:INFO:Epoch: 10400/20000 | Train Loss: 3.235e-01 | Dynamic Loss: 3.235e-01 | Regularization Loss: 1.650e-08 | Val Loss: 4.246e-01 | Time: 5.63s
2025-08-19 19:23:29,761:INFO:Epoch: 10450/20000 | Train Loss: 1.866e-01 | Dynamic Loss: 1.866e-01 | Regularization Loss: 1.453e-08 | Val Loss: 3.103e-01 | Time: 5.65s
2025-08-19 19:23:35,417:INFO:Epoch: 10500/20000 | Train Loss: 2.521e-01 | Dynamic Loss: 2.521e-01 | Regularization Loss: 1.484e-08 | Val Loss: 3.610e-01 | Time: 5.66s
2025-08-19 19:23:41,043:INFO:Epoch: 10550/20000 | Train Loss: 1.573e-01 | Dynamic Loss: 1.573e-01 | Regularization Loss: 1.595e-08 | Val Loss: 2.832e-01 | Time: 5.63s
2025-08-19 19:23:46,750:INFO:Epoch: 10600/20000 | Train Loss: 1.935e-01 | Dynamic Loss: 1.935e-01 | Regularization Loss: 1.700e-08 | Val Loss: 2.995e-01 | Time: 5.71s
2025-08-19 19:23:52,392:INFO:Epoch: 10650/20000 | Train Loss: 1.397e-01 | Dynamic Loss: 1.397e-01 | Regularization Loss: 1.653e-08 | Val Loss: 2.615e-01 | Time: 5.64s
2025-08-19 19:23:52,392:INFO:New best model found at epoch 10650 with validation loss 2.615e-01. Saving...
2025-08-19 19:23:58,002:INFO:Epoch: 10700/20000 | Train Loss: 1.602e-01 | Dynamic Loss: 1.602e-01 | Regularization Loss: 1.420e-08 | Val Loss: 2.773e-01 | Time: 5.60s
2025-08-19 19:24:05,144:INFO:Epoch: 10750/20000 | Train Loss: 1.437e-01 | Dynamic Loss: 1.437e-01 | Regularization Loss: 1.303e-08 | Val Loss: 2.761e-01 | Time: 7.14s
2025-08-19 19:24:10,753:INFO:Epoch: 10800/20000 | Train Loss: 1.758e-01 | Dynamic Loss: 1.758e-01 | Regularization Loss: 1.349e-08 | Val Loss: 2.918e-01 | Time: 5.61s
2025-08-19 19:24:16,433:INFO:Epoch: 10850/20000 | Train Loss: 1.383e-01 | Dynamic Loss: 1.383e-01 | Regularization Loss: 1.275e-08 | Val Loss: 2.605e-01 | Time: 5.68s
2025-08-19 19:24:16,433:INFO:New best model found at epoch 10850 with validation loss 2.605e-01. Saving...
2025-08-19 19:24:22,205:INFO:Epoch: 10900/20000 | Train Loss: 1.449e-01 | Dynamic Loss: 1.449e-01 | Regularization Loss: 1.310e-08 | Val Loss: 2.742e-01 | Time: 5.76s
2025-08-19 19:24:27,816:INFO:Epoch: 10950/20000 | Train Loss: 1.424e-01 | Dynamic Loss: 1.424e-01 | Regularization Loss: 1.305e-08 | Val Loss: 2.615e-01 | Time: 5.61s
2025-08-19 19:24:33,401:INFO:Epoch: 11000/20000 | Train Loss: 1.627e-01 | Dynamic Loss: 1.627e-01 | Regularization Loss: 8.470e-09 | Val Loss: 2.760e-01 | Time: 5.58s
2025-08-19 19:24:45,215:INFO:Epoch: 11050/20000 | Train Loss: 1.417e-01 | Dynamic Loss: 1.417e-01 | Regularization Loss: 7.742e-09 | Val Loss: 2.604e-01 | Time: 11.81s
2025-08-19 19:24:45,215:INFO:New best model found at epoch 11050 with validation loss 2.604e-01. Saving...
2025-08-19 19:24:50,871:INFO:Epoch: 11100/20000 | Train Loss: 1.486e-01 | Dynamic Loss: 1.486e-01 | Regularization Loss: 7.730e-09 | Val Loss: 2.903e-01 | Time: 5.65s
2025-08-19 19:24:56,451:INFO:Epoch: 11150/20000 | Train Loss: 1.428e-01 | Dynamic Loss: 1.428e-01 | Regularization Loss: 6.673e-09 | Val Loss: 2.636e-01 | Time: 5.58s
2025-08-19 19:25:04,987:INFO:Epoch: 11200/20000 | Train Loss: 2.677e-01 | Dynamic Loss: 2.677e-01 | Regularization Loss: 7.279e-09 | Val Loss: 4.056e-01 | Time: 8.54s
2025-08-19 19:25:10,678:INFO:Epoch: 11250/20000 | Train Loss: 7.285e-01 | Dynamic Loss: 7.285e-01 | Regularization Loss: 7.448e-09 | Val Loss: 8.039e-01 | Time: 5.69s
2025-08-19 19:25:16,359:INFO:Epoch: 11300/20000 | Train Loss: 1.413e-01 | Dynamic Loss: 1.413e-01 | Regularization Loss: 6.073e-09 | Val Loss: 2.598e-01 | Time: 5.68s
2025-08-19 19:25:16,359:INFO:New best model found at epoch 11300 with validation loss 2.598e-01. Saving...
2025-08-19 19:25:22,014:INFO:Epoch: 11350/20000 | Train Loss: 1.829e-01 | Dynamic Loss: 1.829e-01 | Regularization Loss: 6.997e-09 | Val Loss: 2.838e-01 | Time: 5.65s
2025-08-19 19:25:27,647:INFO:Epoch: 11400/20000 | Train Loss: 3.340e-01 | Dynamic Loss: 3.340e-01 | Regularization Loss: 6.288e-09 | Val Loss: 4.845e-01 | Time: 5.63s
2025-08-19 19:25:39,513:INFO:Epoch: 11450/20000 | Train Loss: 1.479e-01 | Dynamic Loss: 1.479e-01 | Regularization Loss: 6.378e-09 | Val Loss: 2.627e-01 | Time: 11.87s
2025-08-19 19:25:45,162:INFO:Epoch: 11500/20000 | Train Loss: 1.616e-01 | Dynamic Loss: 1.616e-01 | Regularization Loss: 6.228e-09 | Val Loss: 2.855e-01 | Time: 5.65s
2025-08-19 19:25:50,860:INFO:Epoch: 11550/20000 | Train Loss: 2.720e-01 | Dynamic Loss: 2.720e-01 | Regularization Loss: 5.348e-09 | Val Loss: 3.805e-01 | Time: 5.70s
2025-08-19 19:25:56,494:INFO:Epoch: 11600/20000 | Train Loss: 1.303e-01 | Dynamic Loss: 1.303e-01 | Regularization Loss: 5.031e-09 | Val Loss: 2.506e-01 | Time: 5.63s
2025-08-19 19:25:56,494:INFO:New best model found at epoch 11600 with validation loss 2.506e-01. Saving...
2025-08-19 19:26:02,091:INFO:Epoch: 11650/20000 | Train Loss: 4.230e-01 | Dynamic Loss: 4.230e-01 | Regularization Loss: 4.943e-09 | Val Loss: 4.911e-01 | Time: 5.59s
2025-08-19 19:26:08,831:INFO:Epoch: 11700/20000 | Train Loss: 1.479e-01 | Dynamic Loss: 1.479e-01 | Regularization Loss: 3.865e-09 | Val Loss: 2.614e-01 | Time: 6.74s
2025-08-19 19:26:14,521:INFO:Epoch: 11750/20000 | Train Loss: 1.299e-01 | Dynamic Loss: 1.299e-01 | Regularization Loss: 4.026e-09 | Val Loss: 2.485e-01 | Time: 5.69s
2025-08-19 19:26:14,522:INFO:New best model found at epoch 11750 with validation loss 2.485e-01. Saving...
2025-08-19 19:26:20,182:INFO:Epoch: 11800/20000 | Train Loss: 1.293e-01 | Dynamic Loss: 1.293e-01 | Regularization Loss: 3.699e-09 | Val Loss: 2.470e-01 | Time: 5.65s
2025-08-19 19:26:20,182:INFO:New best model found at epoch 11800 with validation loss 2.470e-01. Saving...
2025-08-19 19:26:32,147:INFO:Epoch: 11850/20000 | Train Loss: 1.448e-01 | Dynamic Loss: 1.448e-01 | Regularization Loss: 3.844e-09 | Val Loss: 2.553e-01 | Time: 11.96s
2025-08-19 19:26:37,765:INFO:Epoch: 11900/20000 | Train Loss: 1.834e-01 | Dynamic Loss: 1.834e-01 | Regularization Loss: 4.069e-09 | Val Loss: 2.865e-01 | Time: 5.62s
2025-08-19 19:26:43,476:INFO:Epoch: 11950/20000 | Train Loss: 6.007e-01 | Dynamic Loss: 6.007e-01 | Regularization Loss: 4.198e-09 | Val Loss: 6.960e-01 | Time: 5.71s
2025-08-19 19:26:49,105:INFO:Epoch: 12000/20000 | Train Loss: 1.275e-01 | Dynamic Loss: 1.275e-01 | Regularization Loss: 3.487e-09 | Val Loss: 2.455e-01 | Time: 5.63s
2025-08-19 19:26:49,105:INFO:New best model found at epoch 12000 with validation loss 2.455e-01. Saving...
2025-08-19 19:26:54,754:INFO:Epoch: 12050/20000 | Train Loss: 2.003e-01 | Dynamic Loss: 2.003e-01 | Regularization Loss: 3.315e-09 | Val Loss: 3.132e-01 | Time: 5.64s
2025-08-19 19:27:02,246:INFO:Epoch: 12100/20000 | Train Loss: 2.041e-01 | Dynamic Loss: 2.041e-01 | Regularization Loss: 1.920e-09 | Val Loss: 3.699e-01 | Time: 7.49s
2025-08-19 19:27:07,908:INFO:Epoch: 12150/20000 | Train Loss: 1.401e-01 | Dynamic Loss: 1.401e-01 | Regularization Loss: 1.578e-09 | Val Loss: 2.600e-01 | Time: 5.66s
2025-08-19 19:27:13,539:INFO:Epoch: 12200/20000 | Train Loss: 2.873e-01 | Dynamic Loss: 2.873e-01 | Regularization Loss: 1.372e-09 | Val Loss: 4.680e-01 | Time: 5.63s
2025-08-19 19:27:22,299:INFO:Epoch: 12250/20000 | Train Loss: 1.292e-01 | Dynamic Loss: 1.292e-01 | Regularization Loss: 1.378e-09 | Val Loss: 2.459e-01 | Time: 8.76s
2025-08-19 19:27:27,947:INFO:Epoch: 12300/20000 | Train Loss: 1.284e-01 | Dynamic Loss: 1.284e-01 | Regularization Loss: 1.472e-09 | Val Loss: 2.433e-01 | Time: 5.65s
2025-08-19 19:27:27,947:INFO:New best model found at epoch 12300 with validation loss 2.433e-01. Saving...
2025-08-19 19:27:33,585:INFO:Epoch: 12350/20000 | Train Loss: 1.456e-01 | Dynamic Loss: 1.456e-01 | Regularization Loss: 1.393e-09 | Val Loss: 2.578e-01 | Time: 5.63s
2025-08-19 19:27:44,884:INFO:Epoch: 12400/20000 | Train Loss: 1.284e-01 | Dynamic Loss: 1.284e-01 | Regularization Loss: 1.299e-09 | Val Loss: 2.457e-01 | Time: 11.30s
2025-08-19 19:27:50,541:INFO:Epoch: 12450/20000 | Train Loss: 1.268e-01 | Dynamic Loss: 1.268e-01 | Regularization Loss: 1.363e-09 | Val Loss: 2.423e-01 | Time: 5.66s
2025-08-19 19:27:50,541:INFO:New best model found at epoch 12450 with validation loss 2.423e-01. Saving...
2025-08-19 19:27:56,116:INFO:Epoch: 12500/20000 | Train Loss: 1.369e-01 | Dynamic Loss: 1.369e-01 | Regularization Loss: 1.497e-09 | Val Loss: 2.455e-01 | Time: 5.57s
2025-08-19 19:28:05,607:INFO:Epoch: 12550/20000 | Train Loss: 1.221e-01 | Dynamic Loss: 1.221e-01 | Regularization Loss: 1.401e-09 | Val Loss: 2.376e-01 | Time: 9.49s
2025-08-19 19:28:05,607:INFO:New best model found at epoch 12550 with validation loss 2.376e-01. Saving...
2025-08-19 19:28:11,270:INFO:Epoch: 12600/20000 | Train Loss: 2.803e-01 | Dynamic Loss: 2.803e-01 | Regularization Loss: 1.519e-09 | Val Loss: 4.300e-01 | Time: 5.65s
2025-08-19 19:28:17,056:INFO:Epoch: 12650/20000 | Train Loss: 5.334e-01 | Dynamic Loss: 5.334e-01 | Regularization Loss: 1.587e-09 | Val Loss: 5.594e-01 | Time: 5.79s
2025-08-19 19:28:22,699:INFO:Epoch: 12700/20000 | Train Loss: 1.279e-01 | Dynamic Loss: 1.279e-01 | Regularization Loss: 1.526e-09 | Val Loss: 2.461e-01 | Time: 5.64s
2025-08-19 19:28:28,325:INFO:Epoch: 12750/20000 | Train Loss: 4.496e-01 | Dynamic Loss: 4.496e-01 | Regularization Loss: 1.663e-09 | Val Loss: 4.286e-01 | Time: 5.63s
2025-08-19 19:28:38,073:INFO:Epoch: 12800/20000 | Train Loss: 1.266e-01 | Dynamic Loss: 1.266e-01 | Regularization Loss: 1.716e-09 | Val Loss: 2.699e-01 | Time: 9.75s
2025-08-19 19:28:43,729:INFO:Epoch: 12850/20000 | Train Loss: 1.237e-01 | Dynamic Loss: 1.237e-01 | Regularization Loss: 1.742e-09 | Val Loss: 2.411e-01 | Time: 5.66s
2025-08-19 19:28:49,380:INFO:Epoch: 12900/20000 | Train Loss: 1.187e-01 | Dynamic Loss: 1.187e-01 | Regularization Loss: 1.503e-09 | Val Loss: 2.377e-01 | Time: 5.65s
2025-08-19 19:29:00,454:INFO:Epoch: 12950/20000 | Train Loss: 1.990e-01 | Dynamic Loss: 1.990e-01 | Regularization Loss: 1.455e-09 | Val Loss: 3.044e-01 | Time: 11.07s
2025-08-19 19:29:06,062:INFO:Epoch: 13000/20000 | Train Loss: 1.379e-01 | Dynamic Loss: 1.379e-01 | Regularization Loss: 1.376e-09 | Val Loss: 2.453e-01 | Time: 5.61s
2025-08-19 19:29:11,692:INFO:Epoch: 13050/20000 | Train Loss: 1.194e-01 | Dynamic Loss: 1.194e-01 | Regularization Loss: 1.401e-09 | Val Loss: 2.465e-01 | Time: 5.63s
2025-08-19 19:29:17,987:INFO:Epoch: 13100/20000 | Train Loss: 1.130e-01 | Dynamic Loss: 1.130e-01 | Regularization Loss: 1.443e-09 | Val Loss: 2.321e-01 | Time: 6.29s
2025-08-19 19:29:17,987:INFO:New best model found at epoch 13100 with validation loss 2.321e-01. Saving...
2025-08-19 19:29:23,657:INFO:Epoch: 13150/20000 | Train Loss: 1.132e-01 | Dynamic Loss: 1.132e-01 | Regularization Loss: 1.200e-09 | Val Loss: 2.317e-01 | Time: 5.66s
2025-08-19 19:29:23,657:INFO:New best model found at epoch 13150 with validation loss 2.317e-01. Saving...
2025-08-19 19:29:29,372:INFO:Epoch: 13200/20000 | Train Loss: 1.513e-01 | Dynamic Loss: 1.513e-01 | Regularization Loss: 1.221e-09 | Val Loss: 2.941e-01 | Time: 5.71s
2025-08-19 19:29:35,026:INFO:Epoch: 13250/20000 | Train Loss: 1.129e-01 | Dynamic Loss: 1.129e-01 | Regularization Loss: 1.140e-09 | Val Loss: 2.330e-01 | Time: 5.65s
2025-08-19 19:29:40,641:INFO:Epoch: 13300/20000 | Train Loss: 1.114e-01 | Dynamic Loss: 1.114e-01 | Regularization Loss: 1.062e-09 | Val Loss: 2.294e-01 | Time: 5.61s
2025-08-19 19:29:40,641:INFO:New best model found at epoch 13300 with validation loss 2.294e-01. Saving...
2025-08-19 19:29:50,714:INFO:Epoch: 13350/20000 | Train Loss: 2.176e-01 | Dynamic Loss: 2.176e-01 | Regularization Loss: 1.469e-09 | Val Loss: 3.493e-01 | Time: 10.06s
2025-08-19 19:29:56,358:INFO:Epoch: 13400/20000 | Train Loss: 4.993e-01 | Dynamic Loss: 4.993e-01 | Regularization Loss: 1.381e-09 | Val Loss: 5.811e-01 | Time: 5.64s
2025-08-19 19:30:02,149:INFO:Epoch: 13450/20000 | Train Loss: 1.892e-01 | Dynamic Loss: 1.892e-01 | Regularization Loss: 1.223e-09 | Val Loss: 3.320e-01 | Time: 5.79s
2025-08-19 19:30:07,843:INFO:Epoch: 13500/20000 | Train Loss: 1.579e-01 | Dynamic Loss: 1.579e-01 | Regularization Loss: 1.185e-09 | Val Loss: 2.982e-01 | Time: 5.69s
2025-08-19 19:30:13,542:INFO:Epoch: 13550/20000 | Train Loss: 1.697e-01 | Dynamic Loss: 1.697e-01 | Regularization Loss: 9.531e-10 | Val Loss: 3.223e-01 | Time: 5.70s
2025-08-19 19:30:19,217:INFO:Epoch: 13600/20000 | Train Loss: 1.443e-01 | Dynamic Loss: 1.443e-01 | Regularization Loss: 9.554e-10 | Val Loss: 2.735e-01 | Time: 5.67s
2025-08-19 19:30:24,847:INFO:Epoch: 13650/20000 | Train Loss: 2.190e-01 | Dynamic Loss: 2.190e-01 | Regularization Loss: 9.502e-10 | Val Loss: 3.188e-01 | Time: 5.63s
2025-08-19 19:30:30,460:INFO:Epoch: 13700/20000 | Train Loss: 2.597e-01 | Dynamic Loss: 2.597e-01 | Regularization Loss: 6.054e-10 | Val Loss: 4.858e-01 | Time: 5.61s
2025-08-19 19:30:39,007:INFO:Epoch: 13750/20000 | Train Loss: 4.409e-01 | Dynamic Loss: 4.409e-01 | Regularization Loss: 6.073e-10 | Val Loss: 5.279e-01 | Time: 8.55s
2025-08-19 19:30:44,631:INFO:Epoch: 13800/20000 | Train Loss: 1.413e-01 | Dynamic Loss: 1.413e-01 | Regularization Loss: 5.724e-10 | Val Loss: 2.701e-01 | Time: 5.62s
2025-08-19 19:30:50,274:INFO:Epoch: 13850/20000 | Train Loss: 1.342e-01 | Dynamic Loss: 1.342e-01 | Regularization Loss: 5.471e-10 | Val Loss: 2.605e-01 | Time: 5.64s
2025-08-19 19:31:01,766:INFO:Epoch: 13900/20000 | Train Loss: 1.291e-01 | Dynamic Loss: 1.291e-01 | Regularization Loss: 5.416e-10 | Val Loss: 2.551e-01 | Time: 11.49s
2025-08-19 19:31:07,470:INFO:Epoch: 13950/20000 | Train Loss: 1.257e-01 | Dynamic Loss: 1.257e-01 | Regularization Loss: 5.177e-10 | Val Loss: 2.514e-01 | Time: 5.70s
2025-08-19 19:31:13,194:INFO:Epoch: 14000/20000 | Train Loss: 2.469e+00 | Dynamic Loss: 2.469e+00 | Regularization Loss: 4.279e-10 | Val Loss: 2.788e+00 | Time: 5.72s
2025-08-19 19:31:18,866:INFO:Epoch: 14050/20000 | Train Loss: 1.639e-01 | Dynamic Loss: 1.639e-01 | Regularization Loss: 4.459e-10 | Val Loss: 3.060e-01 | Time: 5.67s
2025-08-19 19:31:24,538:INFO:Epoch: 14100/20000 | Train Loss: 1.368e-01 | Dynamic Loss: 1.368e-01 | Regularization Loss: 4.148e-10 | Val Loss: 2.679e-01 | Time: 5.67s
2025-08-19 19:31:32,356:INFO:Epoch: 14150/20000 | Train Loss: 1.289e-01 | Dynamic Loss: 1.289e-01 | Regularization Loss: 4.079e-10 | Val Loss: 2.565e-01 | Time: 7.82s
2025-08-19 19:31:38,013:INFO:Epoch: 14200/20000 | Train Loss: 1.243e-01 | Dynamic Loss: 1.243e-01 | Regularization Loss: 3.653e-10 | Val Loss: 2.503e-01 | Time: 5.66s
2025-08-19 19:31:43,660:INFO:Epoch: 14250/20000 | Train Loss: 4.206e-01 | Dynamic Loss: 4.206e-01 | Regularization Loss: 2.651e-10 | Val Loss: 9.446e-01 | Time: 5.65s
2025-08-19 19:31:55,553:INFO:Epoch: 14300/20000 | Train Loss: 1.544e-01 | Dynamic Loss: 1.544e-01 | Regularization Loss: 2.511e-10 | Val Loss: 3.113e-01 | Time: 11.89s
2025-08-19 19:32:01,184:INFO:Epoch: 14350/20000 | Train Loss: 3.135e-01 | Dynamic Loss: 3.135e-01 | Regularization Loss: 2.360e-10 | Val Loss: 4.968e-01 | Time: 5.63s
2025-08-19 19:32:06,921:INFO:Epoch: 14400/20000 | Train Loss: 1.311e-01 | Dynamic Loss: 1.311e-01 | Regularization Loss: 2.013e-10 | Val Loss: 2.612e-01 | Time: 5.74s
2025-08-19 19:32:12,619:INFO:Epoch: 14450/20000 | Train Loss: 1.261e-01 | Dynamic Loss: 1.261e-01 | Regularization Loss: 1.896e-10 | Val Loss: 2.546e-01 | Time: 5.70s
2025-08-19 19:32:18,243:INFO:Epoch: 14500/20000 | Train Loss: 1.236e-01 | Dynamic Loss: 1.236e-01 | Regularization Loss: 1.745e-10 | Val Loss: 2.518e-01 | Time: 5.62s
2025-08-19 19:32:23,866:INFO:Epoch: 14550/20000 | Train Loss: 1.203e-01 | Dynamic Loss: 1.203e-01 | Regularization Loss: 1.642e-10 | Val Loss: 2.469e-01 | Time: 5.62s
2025-08-19 19:32:29,751:INFO:Epoch: 14600/20000 | Train Loss: 1.181e-01 | Dynamic Loss: 1.181e-01 | Regularization Loss: 1.517e-10 | Val Loss: 2.434e-01 | Time: 5.89s
2025-08-19 19:32:35,394:INFO:Epoch: 14650/20000 | Train Loss: 1.159e-01 | Dynamic Loss: 1.159e-01 | Regularization Loss: 1.416e-10 | Val Loss: 2.417e-01 | Time: 5.64s
2025-08-19 19:32:41,112:INFO:Epoch: 14700/20000 | Train Loss: 2.541e-01 | Dynamic Loss: 2.541e-01 | Regularization Loss: 1.243e-10 | Val Loss: 3.464e-01 | Time: 5.72s
2025-08-19 19:32:46,763:INFO:Epoch: 14750/20000 | Train Loss: 1.146e-01 | Dynamic Loss: 1.146e-01 | Regularization Loss: 1.094e-10 | Val Loss: 2.367e-01 | Time: 5.65s
2025-08-19 19:32:52,405:INFO:Epoch: 14800/20000 | Train Loss: 1.122e-01 | Dynamic Loss: 1.122e-01 | Regularization Loss: 1.002e-10 | Val Loss: 2.352e-01 | Time: 5.64s
2025-08-19 19:33:02,460:INFO:Epoch: 14850/20000 | Train Loss: 1.287e+00 | Dynamic Loss: 1.287e+00 | Regularization Loss: 8.956e-11 | Val Loss: 2.682e+00 | Time: 10.05s
2025-08-19 19:33:08,189:INFO:Epoch: 14900/20000 | Train Loss: 1.206e-01 | Dynamic Loss: 1.206e-01 | Regularization Loss: 7.696e-11 | Val Loss: 2.485e-01 | Time: 5.73s
2025-08-19 19:33:14,032:INFO:Epoch: 14950/20000 | Train Loss: 1.319e-01 | Dynamic Loss: 1.319e-01 | Regularization Loss: 6.939e-11 | Val Loss: 2.518e-01 | Time: 5.84s
2025-08-19 19:33:19,684:INFO:Epoch: 15000/20000 | Train Loss: 1.109e-01 | Dynamic Loss: 1.109e-01 | Regularization Loss: 6.142e-11 | Val Loss: 2.300e-01 | Time: 5.65s
2025-08-19 19:33:25,302:INFO:Epoch: 15050/20000 | Train Loss: 1.079e-01 | Dynamic Loss: 1.079e-01 | Regularization Loss: 5.146e-11 | Val Loss: 2.278e-01 | Time: 5.62s
2025-08-19 19:33:25,302:INFO:New best model found at epoch 15050 with validation loss 2.278e-01. Saving...
2025-08-19 19:33:31,013:INFO:Epoch: 15100/20000 | Train Loss: 1.069e-01 | Dynamic Loss: 1.069e-01 | Regularization Loss: 4.243e-11 | Val Loss: 2.276e-01 | Time: 5.70s
2025-08-19 19:33:31,013:INFO:New best model found at epoch 15100 with validation loss 2.276e-01. Saving...
2025-08-19 19:33:36,644:INFO:Epoch: 15150/20000 | Train Loss: 1.050e-01 | Dynamic Loss: 1.050e-01 | Regularization Loss: 3.639e-11 | Val Loss: 2.262e-01 | Time: 5.62s
2025-08-19 19:33:36,644:INFO:New best model found at epoch 15150 with validation loss 2.262e-01. Saving...
2025-08-19 19:33:42,311:INFO:Epoch: 15200/20000 | Train Loss: 1.070e-01 | Dynamic Loss: 1.070e-01 | Regularization Loss: 3.072e-11 | Val Loss: 2.236e-01 | Time: 5.66s
2025-08-19 19:33:42,311:INFO:New best model found at epoch 15200 with validation loss 2.236e-01. Saving...
2025-08-19 19:33:53,293:INFO:Epoch: 15250/20000 | Train Loss: 1.039e-01 | Dynamic Loss: 1.039e-01 | Regularization Loss: 2.783e-11 | Val Loss: 2.234e-01 | Time: 10.97s
2025-08-19 19:33:53,293:INFO:New best model found at epoch 15250 with validation loss 2.234e-01. Saving...
2025-08-19 19:33:59,001:INFO:Epoch: 15300/20000 | Train Loss: 1.029e-01 | Dynamic Loss: 1.029e-01 | Regularization Loss: 2.425e-11 | Val Loss: 2.235e-01 | Time: 5.70s
2025-08-19 19:34:04,779:INFO:Epoch: 15350/20000 | Train Loss: 1.016e-01 | Dynamic Loss: 1.016e-01 | Regularization Loss: 2.025e-11 | Val Loss: 2.227e-01 | Time: 5.78s
2025-08-19 19:34:04,780:INFO:New best model found at epoch 15350 with validation loss 2.227e-01. Saving...
2025-08-19 19:34:10,513:INFO:Epoch: 15400/20000 | Train Loss: 2.231e-01 | Dynamic Loss: 2.231e-01 | Regularization Loss: 2.517e-11 | Val Loss: 4.456e-01 | Time: 5.72s
2025-08-19 19:34:16,252:INFO:Epoch: 15450/20000 | Train Loss: 1.215e-01 | Dynamic Loss: 1.215e-01 | Regularization Loss: 2.259e-11 | Val Loss: 2.545e-01 | Time: 5.74s
2025-08-19 19:34:25,302:INFO:Epoch: 15500/20000 | Train Loss: 2.229e-01 | Dynamic Loss: 2.229e-01 | Regularization Loss: 1.838e-11 | Val Loss: 4.661e-01 | Time: 9.05s
2025-08-19 19:34:31,029:INFO:Epoch: 15550/20000 | Train Loss: 1.221e-01 | Dynamic Loss: 1.221e-01 | Regularization Loss: 1.755e-11 | Val Loss: 2.511e-01 | Time: 5.73s
2025-08-19 19:34:36,718:INFO:Epoch: 15600/20000 | Train Loss: 1.130e-01 | Dynamic Loss: 1.130e-01 | Regularization Loss: 1.625e-11 | Val Loss: 2.355e-01 | Time: 5.69s
2025-08-19 19:34:47,683:INFO:Epoch: 15650/20000 | Train Loss: 1.085e-01 | Dynamic Loss: 1.085e-01 | Regularization Loss: 1.436e-11 | Val Loss: 2.290e-01 | Time: 10.96s
2025-08-19 19:34:53,410:INFO:Epoch: 15700/20000 | Train Loss: 1.054e-01 | Dynamic Loss: 1.054e-01 | Regularization Loss: 1.294e-11 | Val Loss: 2.252e-01 | Time: 5.73s
2025-08-19 19:34:59,087:INFO:Epoch: 15750/20000 | Train Loss: 1.033e-01 | Dynamic Loss: 1.033e-01 | Regularization Loss: 1.162e-11 | Val Loss: 2.224e-01 | Time: 5.68s
2025-08-19 19:34:59,087:INFO:New best model found at epoch 15750 with validation loss 2.224e-01. Saving...
2025-08-19 19:35:09,906:INFO:Epoch: 15800/20000 | Train Loss: 1.017e-01 | Dynamic Loss: 1.017e-01 | Regularization Loss: 1.034e-11 | Val Loss: 2.204e-01 | Time: 10.81s
2025-08-19 19:35:09,906:INFO:New best model found at epoch 15800 with validation loss 2.204e-01. Saving...
2025-08-19 19:35:15,598:INFO:Epoch: 15850/20000 | Train Loss: 1.008e-01 | Dynamic Loss: 1.008e-01 | Regularization Loss: 9.198e-12 | Val Loss: 2.197e-01 | Time: 5.68s
2025-08-19 19:35:15,598:INFO:New best model found at epoch 15850 with validation loss 2.197e-01. Saving...
2025-08-19 19:35:21,239:INFO:Epoch: 15900/20000 | Train Loss: 9.887e-02 | Dynamic Loss: 9.887e-02 | Regularization Loss: 8.132e-12 | Val Loss: 2.182e-01 | Time: 5.63s
2025-08-19 19:35:21,239:INFO:New best model found at epoch 15900 with validation loss 2.182e-01. Saving...
2025-08-19 19:35:32,889:INFO:Epoch: 15950/20000 | Train Loss: 9.731e-02 | Dynamic Loss: 9.731e-02 | Regularization Loss: 7.136e-12 | Val Loss: 2.171e-01 | Time: 11.64s
2025-08-19 19:35:32,889:INFO:New best model found at epoch 15950 with validation loss 2.171e-01. Saving...
2025-08-19 19:35:38,588:INFO:Epoch: 16000/20000 | Train Loss: 9.692e-02 | Dynamic Loss: 9.692e-02 | Regularization Loss: 6.232e-12 | Val Loss: 2.174e-01 | Time: 5.69s
2025-08-19 19:35:44,236:INFO:Epoch: 16050/20000 | Train Loss: 9.511e-02 | Dynamic Loss: 9.511e-02 | Regularization Loss: 5.399e-12 | Val Loss: 2.162e-01 | Time: 5.65s
2025-08-19 19:35:44,236:INFO:New best model found at epoch 16050 with validation loss 2.162e-01. Saving...
2025-08-19 19:35:56,723:INFO:Epoch: 16100/20000 | Train Loss: 7.313e-01 | Dynamic Loss: 7.313e-01 | Regularization Loss: 4.033e-12 | Val Loss: 2.325e+00 | Time: 12.48s
2025-08-19 19:36:02,462:INFO:Epoch: 16150/20000 | Train Loss: 1.928e-01 | Dynamic Loss: 1.928e-01 | Regularization Loss: 3.397e-12 | Val Loss: 4.453e-01 | Time: 5.74s
2025-08-19 19:36:08,109:INFO:Epoch: 16200/20000 | Train Loss: 1.327e-01 | Dynamic Loss: 1.327e-01 | Regularization Loss: 2.877e-12 | Val Loss: 3.057e-01 | Time: 5.65s
2025-08-19 19:36:20,289:INFO:Epoch: 16250/20000 | Train Loss: 1.190e-01 | Dynamic Loss: 1.190e-01 | Regularization Loss: 2.664e-12 | Val Loss: 2.783e-01 | Time: 12.18s
2025-08-19 19:36:25,991:INFO:Epoch: 16300/20000 | Train Loss: 1.130e-01 | Dynamic Loss: 1.130e-01 | Regularization Loss: 2.532e-12 | Val Loss: 2.646e-01 | Time: 5.70s
2025-08-19 19:36:31,694:INFO:Epoch: 16350/20000 | Train Loss: 1.085e-01 | Dynamic Loss: 1.085e-01 | Regularization Loss: 2.518e-12 | Val Loss: 2.537e-01 | Time: 5.70s
2025-08-19 19:36:43,440:INFO:Epoch: 16400/20000 | Train Loss: 1.056e-01 | Dynamic Loss: 1.056e-01 | Regularization Loss: 2.491e-12 | Val Loss: 2.476e-01 | Time: 11.75s
2025-08-19 19:36:49,072:INFO:Epoch: 16450/20000 | Train Loss: 1.040e-01 | Dynamic Loss: 1.040e-01 | Regularization Loss: 2.447e-12 | Val Loss: 2.440e-01 | Time: 5.63s
2025-08-19 19:36:54,775:INFO:Epoch: 16500/20000 | Train Loss: 1.039e-01 | Dynamic Loss: 1.039e-01 | Regularization Loss: 2.379e-12 | Val Loss: 2.367e-01 | Time: 5.70s
2025-08-19 19:37:04,517:INFO:Epoch: 16550/20000 | Train Loss: 1.059e-01 | Dynamic Loss: 1.059e-01 | Regularization Loss: 2.206e-12 | Val Loss: 2.335e-01 | Time: 9.74s
2025-08-19 19:37:10,228:INFO:Epoch: 16600/20000 | Train Loss: 9.890e-02 | Dynamic Loss: 9.890e-02 | Regularization Loss: 2.064e-12 | Val Loss: 2.314e-01 | Time: 5.71s
2025-08-19 19:37:16,060:INFO:Epoch: 16650/20000 | Train Loss: 1.200e-01 | Dynamic Loss: 1.200e-01 | Regularization Loss: 1.684e-12 | Val Loss: 2.357e-01 | Time: 5.83s
2025-08-19 19:37:21,724:INFO:Epoch: 16700/20000 | Train Loss: 9.624e-02 | Dynamic Loss: 9.624e-02 | Regularization Loss: 1.537e-12 | Val Loss: 2.250e-01 | Time: 5.66s
2025-08-19 19:37:27,371:INFO:Epoch: 16750/20000 | Train Loss: 9.525e-02 | Dynamic Loss: 9.525e-02 | Regularization Loss: 1.418e-12 | Val Loss: 2.245e-01 | Time: 5.65s
2025-08-19 19:37:34,971:INFO:Epoch: 16800/20000 | Train Loss: 2.100e+00 | Dynamic Loss: 2.100e+00 | Regularization Loss: 1.328e-12 | Val Loss: 3.363e+00 | Time: 7.60s
2025-08-19 19:37:41,049:INFO:Epoch: 16850/20000 | Train Loss: 5.307e-01 | Dynamic Loss: 5.307e-01 | Regularization Loss: 1.642e-12 | Val Loss: 1.559e+00 | Time: 6.08s
2025-08-19 19:37:46,716:INFO:Epoch: 16900/20000 | Train Loss: 1.922e-01 | Dynamic Loss: 1.922e-01 | Regularization Loss: 1.060e-12 | Val Loss: 4.116e-01 | Time: 5.67s
2025-08-19 19:37:58,793:INFO:Epoch: 16950/20000 | Train Loss: 1.470e-01 | Dynamic Loss: 1.470e-01 | Regularization Loss: 9.169e-13 | Val Loss: 3.376e-01 | Time: 12.08s
2025-08-19 19:38:04,495:INFO:Epoch: 17000/20000 | Train Loss: 8.381e-01 | Dynamic Loss: 8.381e-01 | Regularization Loss: 7.223e-13 | Val Loss: 3.152e+00 | Time: 5.70s
2025-08-19 19:38:10,091:INFO:Epoch: 17050/20000 | Train Loss: 4.912e-01 | Dynamic Loss: 4.912e-01 | Regularization Loss: 4.762e-13 | Val Loss: 2.470e+00 | Time: 5.60s
2025-08-19 19:38:18,412:INFO:Epoch: 17100/20000 | Train Loss: 3.967e-01 | Dynamic Loss: 3.967e-01 | Regularization Loss: 3.683e-13 | Val Loss: 1.664e+00 | Time: 8.32s
2025-08-19 19:38:24,072:INFO:Epoch: 17150/20000 | Train Loss: 1.795e-01 | Dynamic Loss: 1.795e-01 | Regularization Loss: 3.048e-13 | Val Loss: 4.876e-01 | Time: 5.66s
2025-08-19 19:38:29,795:INFO:Epoch: 17200/20000 | Train Loss: 1.421e-01 | Dynamic Loss: 1.421e-01 | Regularization Loss: 2.777e-13 | Val Loss: 3.456e-01 | Time: 5.72s
2025-08-19 19:38:35,515:INFO:Epoch: 17250/20000 | Train Loss: 1.293e-01 | Dynamic Loss: 1.293e-01 | Regularization Loss: 2.773e-13 | Val Loss: 3.062e-01 | Time: 5.72s
2025-08-19 19:38:41,170:INFO:Epoch: 17300/20000 | Train Loss: 1.213e-01 | Dynamic Loss: 1.213e-01 | Regularization Loss: 2.908e-13 | Val Loss: 2.850e-01 | Time: 5.66s
2025-08-19 19:38:49,869:INFO:Epoch: 17350/20000 | Train Loss: 1.158e-01 | Dynamic Loss: 1.158e-01 | Regularization Loss: 3.087e-13 | Val Loss: 2.722e-01 | Time: 8.70s
2025-08-19 19:38:55,512:INFO:Epoch: 17400/20000 | Train Loss: 1.118e-01 | Dynamic Loss: 1.118e-01 | Regularization Loss: 3.271e-13 | Val Loss: 2.624e-01 | Time: 5.64s
2025-08-19 19:39:01,279:INFO:Epoch: 17450/20000 | Train Loss: 1.090e-01 | Dynamic Loss: 1.090e-01 | Regularization Loss: 3.450e-13 | Val Loss: 2.542e-01 | Time: 5.77s
2025-08-19 19:39:11,199:INFO:Epoch: 17500/20000 | Train Loss: 1.061e-01 | Dynamic Loss: 1.061e-01 | Regularization Loss: 3.117e-13 | Val Loss: 2.473e-01 | Time: 9.92s
2025-08-19 19:39:16,908:INFO:Epoch: 17550/20000 | Train Loss: 1.037e-01 | Dynamic Loss: 1.037e-01 | Regularization Loss: 3.118e-13 | Val Loss: 2.435e-01 | Time: 5.71s
2025-08-19 19:39:22,656:INFO:Epoch: 17600/20000 | Train Loss: 1.016e-01 | Dynamic Loss: 1.016e-01 | Regularization Loss: 3.109e-13 | Val Loss: 2.395e-01 | Time: 5.75s
2025-08-19 19:39:28,382:INFO:Epoch: 17650/20000 | Train Loss: 9.986e-02 | Dynamic Loss: 9.986e-02 | Regularization Loss: 3.075e-13 | Val Loss: 2.361e-01 | Time: 5.73s
2025-08-19 19:39:34,022:INFO:Epoch: 17700/20000 | Train Loss: 9.829e-02 | Dynamic Loss: 9.829e-02 | Regularization Loss: 3.004e-13 | Val Loss: 2.339e-01 | Time: 5.64s
2025-08-19 19:39:41,897:INFO:Epoch: 17750/20000 | Train Loss: 9.721e-02 | Dynamic Loss: 9.721e-02 | Regularization Loss: 2.888e-13 | Val Loss: 2.318e-01 | Time: 7.88s
2025-08-19 19:39:47,518:INFO:Epoch: 17800/20000 | Train Loss: 9.599e-02 | Dynamic Loss: 9.599e-02 | Regularization Loss: 2.731e-13 | Val Loss: 2.286e-01 | Time: 5.62s
2025-08-19 19:39:53,446:INFO:Epoch: 17850/20000 | Train Loss: 2.695e+00 | Dynamic Loss: 2.695e+00 | Regularization Loss: 2.539e-13 | Val Loss: 3.297e+00 | Time: 5.93s
2025-08-19 19:39:59,145:INFO:Epoch: 17900/20000 | Train Loss: 7.577e-01 | Dynamic Loss: 7.577e-01 | Regularization Loss: 1.715e-13 | Val Loss: 2.764e+00 | Time: 5.70s
2025-08-19 19:40:04,910:INFO:Epoch: 17950/20000 | Train Loss: 5.265e-01 | Dynamic Loss: 5.265e-01 | Regularization Loss: 8.866e-14 | Val Loss: 2.313e+00 | Time: 5.77s
2025-08-19 19:40:10,619:INFO:Epoch: 18000/20000 | Train Loss: 3.205e-01 | Dynamic Loss: 3.205e-01 | Regularization Loss: 5.367e-14 | Val Loss: 1.044e+00 | Time: 5.71s
2025-08-19 19:40:16,264:INFO:Epoch: 18050/20000 | Train Loss: 1.674e-01 | Dynamic Loss: 1.674e-01 | Regularization Loss: 3.192e-14 | Val Loss: 4.439e-01 | Time: 5.65s
2025-08-19 19:40:22,008:INFO:Epoch: 18100/20000 | Train Loss: 1.459e-01 | Dynamic Loss: 1.459e-01 | Regularization Loss: 2.620e-14 | Val Loss: 3.710e-01 | Time: 5.74s
2025-08-19 19:40:27,673:INFO:Epoch: 18150/20000 | Train Loss: 1.263e-01 | Dynamic Loss: 1.263e-01 | Regularization Loss: 2.312e-14 | Val Loss: 3.377e-01 | Time: 5.67s
2025-08-19 19:40:33,392:INFO:Epoch: 18200/20000 | Train Loss: 1.206e-01 | Dynamic Loss: 1.206e-01 | Regularization Loss: 1.952e-14 | Val Loss: 3.142e-01 | Time: 5.72s
2025-08-19 19:40:39,104:INFO:Epoch: 18250/20000 | Train Loss: 1.142e-01 | Dynamic Loss: 1.142e-01 | Regularization Loss: 1.823e-14 | Val Loss: 3.015e-01 | Time: 5.71s
2025-08-19 19:40:44,786:INFO:Epoch: 18300/20000 | Train Loss: 1.101e-01 | Dynamic Loss: 1.101e-01 | Regularization Loss: 1.737e-14 | Val Loss: 2.937e-01 | Time: 5.68s
2025-08-19 19:40:50,459:INFO:Epoch: 18350/20000 | Train Loss: 1.068e-01 | Dynamic Loss: 1.068e-01 | Regularization Loss: 1.679e-14 | Val Loss: 2.859e-01 | Time: 5.67s
2025-08-19 19:41:02,745:INFO:Epoch: 18400/20000 | Train Loss: 1.054e-01 | Dynamic Loss: 1.054e-01 | Regularization Loss: 1.633e-14 | Val Loss: 2.809e-01 | Time: 12.29s
2025-08-19 19:41:08,470:INFO:Epoch: 18450/20000 | Train Loss: 1.030e-01 | Dynamic Loss: 1.030e-01 | Regularization Loss: 1.592e-14 | Val Loss: 2.760e-01 | Time: 5.73s
2025-08-19 19:41:14,272:INFO:Epoch: 18500/20000 | Train Loss: 1.003e-01 | Dynamic Loss: 1.003e-01 | Regularization Loss: 1.481e-14 | Val Loss: 2.670e-01 | Time: 5.80s
2025-08-19 19:41:19,941:INFO:Epoch: 18550/20000 | Train Loss: 9.860e-02 | Dynamic Loss: 9.860e-02 | Regularization Loss: 1.411e-14 | Val Loss: 2.626e-01 | Time: 5.67s
2025-08-19 19:41:25,575:INFO:Epoch: 18600/20000 | Train Loss: 9.712e-02 | Dynamic Loss: 9.712e-02 | Regularization Loss: 1.351e-14 | Val Loss: 2.593e-01 | Time: 5.63s
2025-08-19 19:41:32,039:INFO:Epoch: 18650/20000 | Train Loss: 9.569e-02 | Dynamic Loss: 9.569e-02 | Regularization Loss: 1.303e-14 | Val Loss: 2.551e-01 | Time: 6.46s
2025-08-19 19:41:37,723:INFO:Epoch: 18700/20000 | Train Loss: 9.598e-02 | Dynamic Loss: 9.598e-02 | Regularization Loss: 1.087e-14 | Val Loss: 2.486e-01 | Time: 5.68s
2025-08-19 19:41:43,451:INFO:Epoch: 18750/20000 | Train Loss: 1.579e+00 | Dynamic Loss: 1.579e+00 | Regularization Loss: 8.936e-15 | Val Loss: 3.385e+00 | Time: 5.73s
2025-08-19 19:41:49,187:INFO:Epoch: 18800/20000 | Train Loss: 4.967e-01 | Dynamic Loss: 4.967e-01 | Regularization Loss: 8.891e-15 | Val Loss: 2.602e+00 | Time: 5.74s
2025-08-19 19:41:54,856:INFO:Epoch: 18850/20000 | Train Loss: 4.010e-01 | Dynamic Loss: 4.010e-01 | Regularization Loss: 6.341e-15 | Val Loss: 1.818e+00 | Time: 5.67s
2025-08-19 19:42:00,498:INFO:Epoch: 18900/20000 | Train Loss: 1.582e-01 | Dynamic Loss: 1.582e-01 | Regularization Loss: 4.126e-15 | Val Loss: 4.943e-01 | Time: 5.64s
2025-08-19 19:42:06,179:INFO:Epoch: 18950/20000 | Train Loss: 1.207e-01 | Dynamic Loss: 1.207e-01 | Regularization Loss: 3.865e-15 | Val Loss: 3.560e-01 | Time: 5.68s
2025-08-19 19:42:11,835:INFO:Epoch: 19000/20000 | Train Loss: 1.104e-01 | Dynamic Loss: 1.104e-01 | Regularization Loss: 3.826e-15 | Val Loss: 3.218e-01 | Time: 5.65s
2025-08-19 19:42:23,832:INFO:Epoch: 19050/20000 | Train Loss: 1.049e-01 | Dynamic Loss: 1.049e-01 | Regularization Loss: 3.828e-15 | Val Loss: 2.999e-01 | Time: 12.00s
2025-08-19 19:42:29,493:INFO:Epoch: 19100/20000 | Train Loss: 1.013e-01 | Dynamic Loss: 1.013e-01 | Regularization Loss: 3.834e-15 | Val Loss: 2.882e-01 | Time: 5.66s
2025-08-19 19:42:35,126:INFO:Epoch: 19150/20000 | Train Loss: 9.858e-02 | Dynamic Loss: 9.858e-02 | Regularization Loss: 3.814e-15 | Val Loss: 2.772e-01 | Time: 5.63s
2025-08-19 19:42:43,422:INFO:Epoch: 19200/20000 | Train Loss: 9.629e-02 | Dynamic Loss: 9.629e-02 | Regularization Loss: 3.616e-15 | Val Loss: 2.686e-01 | Time: 8.30s
2025-08-19 19:42:49,126:INFO:Epoch: 19250/20000 | Train Loss: 9.507e-02 | Dynamic Loss: 9.507e-02 | Regularization Loss: 3.043e-15 | Val Loss: 2.597e-01 | Time: 5.70s
2025-08-19 19:42:54,855:INFO:Epoch: 19300/20000 | Train Loss: 9.315e-02 | Dynamic Loss: 9.315e-02 | Regularization Loss: 2.515e-15 | Val Loss: 2.532e-01 | Time: 5.73s
2025-08-19 19:43:00,495:INFO:Epoch: 19350/20000 | Train Loss: 9.160e-02 | Dynamic Loss: 9.160e-02 | Regularization Loss: 2.278e-15 | Val Loss: 2.494e-01 | Time: 5.64s
2025-08-19 19:43:06,161:INFO:Epoch: 19400/20000 | Train Loss: 9.042e-02 | Dynamic Loss: 9.042e-02 | Regularization Loss: 2.056e-15 | Val Loss: 2.453e-01 | Time: 5.67s
2025-08-19 19:43:15,951:INFO:Epoch: 19450/20000 | Train Loss: 8.906e-02 | Dynamic Loss: 8.906e-02 | Regularization Loss: 1.839e-15 | Val Loss: 2.412e-01 | Time: 9.79s
2025-08-19 19:43:21,606:INFO:Epoch: 19500/20000 | Train Loss: 8.815e-02 | Dynamic Loss: 8.815e-02 | Regularization Loss: 1.626e-15 | Val Loss: 2.377e-01 | Time: 5.65s
2025-08-19 19:43:27,227:INFO:Epoch: 19550/20000 | Train Loss: 9.138e-02 | Dynamic Loss: 9.138e-02 | Regularization Loss: 1.537e-15 | Val Loss: 2.337e-01 | Time: 5.62s
2025-08-19 19:43:39,459:INFO:Epoch: 19600/20000 | Train Loss: 8.663e-02 | Dynamic Loss: 8.663e-02 | Regularization Loss: 1.312e-15 | Val Loss: 2.286e-01 | Time: 12.23s
2025-08-19 19:43:45,148:INFO:Epoch: 19650/20000 | Train Loss: 9.096e-02 | Dynamic Loss: 9.096e-02 | Regularization Loss: 1.030e-15 | Val Loss: 2.289e-01 | Time: 5.69s
2025-08-19 19:43:50,853:INFO:Epoch: 19700/20000 | Train Loss: 8.476e-02 | Dynamic Loss: 8.476e-02 | Regularization Loss: 8.437e-16 | Val Loss: 2.249e-01 | Time: 5.70s
2025-08-19 19:44:03,079:INFO:Epoch: 19750/20000 | Train Loss: 8.408e-02 | Dynamic Loss: 8.408e-02 | Regularization Loss: 6.954e-16 | Val Loss: 2.232e-01 | Time: 12.23s
2025-08-19 19:44:08,737:INFO:Epoch: 19800/20000 | Train Loss: 8.307e-02 | Dynamic Loss: 8.307e-02 | Regularization Loss: 5.697e-16 | Val Loss: 2.210e-01 | Time: 5.66s
2025-08-19 19:44:14,478:INFO:Epoch: 19850/20000 | Train Loss: 8.231e-02 | Dynamic Loss: 8.231e-02 | Regularization Loss: 4.637e-16 | Val Loss: 2.194e-01 | Time: 5.74s
2025-08-19 19:44:20,217:INFO:Epoch: 19900/20000 | Train Loss: 8.200e-02 | Dynamic Loss: 8.200e-02 | Regularization Loss: 3.747e-16 | Val Loss: 2.169e-01 | Time: 5.74s
2025-08-19 19:44:25,912:INFO:Epoch: 19950/20000 | Train Loss: 8.065e-02 | Dynamic Loss: 8.065e-02 | Regularization Loss: 3.147e-16 | Val Loss: 2.163e-01 | Time: 5.69s
2025-08-19 19:44:31,855:INFO:Epoch: 20000/20000 | Train Loss: 8.014e-02 | Dynamic Loss: 8.014e-02 | Regularization Loss: 2.539e-16 | Val Loss: 2.133e-01 | Time: 5.94s
2025-08-19 19:44:31,855:INFO:New best model found at epoch 20000 with validation loss 2.133e-01. Saving...
