2025-08-19 19:19:06,824:INFO:Created DataLoaders with 5994 training samples and 1998 validation samples.
2025-08-19 19:19:08,020:INFO:model params: 2314369
2025-08-19 19:19:28,752:INFO:Epoch: 0/10000 | Train Loss: 2.678e+00 | Dynamic Loss: 2.678e+00 | Regularization Loss: 0.000e+00 | Val Loss: 2.172e+00 | Time: 20.73s
2025-08-19 19:19:28,752:INFO:New best model found at epoch 0 with validation loss 2.172e+00. Saving...
2025-08-19 19:19:34,622:INFO:Epoch: 50/10000 | Train Loss: 1.776e+00 | Dynamic Loss: 1.776e+00 | Regularization Loss: 0.000e+00 | Val Loss: 1.752e+00 | Time: 5.84s
2025-08-19 19:19:34,622:INFO:New best model found at epoch 50 with validation loss 1.752e+00. Saving...
2025-08-19 19:19:45,993:INFO:Epoch: 100/10000 | Train Loss: 1.661e+00 | Dynamic Loss: 1.661e+00 | Regularization Loss: 0.000e+00 | Val Loss: 1.691e+00 | Time: 11.35s
2025-08-19 19:19:45,993:INFO:New best model found at epoch 100 with validation loss 1.691e+00. Saving...
2025-08-19 19:19:51,955:INFO:Epoch: 150/10000 | Train Loss: 1.603e+00 | Dynamic Loss: 1.603e+00 | Regularization Loss: 0.000e+00 | Val Loss: 1.640e+00 | Time: 5.95s
2025-08-19 19:19:51,956:INFO:New best model found at epoch 150 with validation loss 1.640e+00. Saving...
2025-08-19 19:19:58,020:INFO:Epoch: 200/10000 | Train Loss: 1.578e+00 | Dynamic Loss: 1.578e+00 | Regularization Loss: 0.000e+00 | Val Loss: 1.612e+00 | Time: 6.05s
2025-08-19 19:19:58,020:INFO:New best model found at epoch 200 with validation loss 1.612e+00. Saving...
2025-08-19 19:20:04,198:INFO:Epoch: 250/10000 | Train Loss: 1.456e+00 | Dynamic Loss: 1.456e+00 | Regularization Loss: 0.000e+00 | Val Loss: 1.493e+00 | Time: 6.16s
2025-08-19 19:20:04,198:INFO:New best model found at epoch 250 with validation loss 1.493e+00. Saving...
2025-08-19 19:20:10,346:INFO:Epoch: 300/10000 | Train Loss: 1.360e+00 | Dynamic Loss: 1.360e+00 | Regularization Loss: 0.000e+00 | Val Loss: 1.401e+00 | Time: 6.13s
2025-08-19 19:20:10,346:INFO:New best model found at epoch 300 with validation loss 1.401e+00. Saving...
2025-08-19 19:20:16,439:INFO:Epoch: 350/10000 | Train Loss: 1.332e+00 | Dynamic Loss: 1.332e+00 | Regularization Loss: 0.000e+00 | Val Loss: 1.370e+00 | Time: 6.08s
2025-08-19 19:20:16,439:INFO:New best model found at epoch 350 with validation loss 1.370e+00. Saving...
2025-08-19 19:20:22,619:INFO:Epoch: 400/10000 | Train Loss: 1.231e+00 | Dynamic Loss: 1.231e+00 | Regularization Loss: 0.000e+00 | Val Loss: 1.265e+00 | Time: 6.16s
2025-08-19 19:20:22,619:INFO:New best model found at epoch 400 with validation loss 1.265e+00. Saving...
2025-08-19 19:20:28,756:INFO:Epoch: 450/10000 | Train Loss: 1.181e+00 | Dynamic Loss: 1.181e+00 | Regularization Loss: 0.000e+00 | Val Loss: 1.216e+00 | Time: 6.12s
2025-08-19 19:20:28,756:INFO:New best model found at epoch 450 with validation loss 1.216e+00. Saving...
2025-08-19 19:20:34,937:INFO:Epoch: 500/10000 | Train Loss: 1.095e+00 | Dynamic Loss: 1.095e+00 | Regularization Loss: 0.000e+00 | Val Loss: 1.137e+00 | Time: 6.16s
2025-08-19 19:20:34,937:INFO:New best model found at epoch 500 with validation loss 1.137e+00. Saving...
2025-08-19 19:20:41,139:INFO:Epoch: 550/10000 | Train Loss: 1.040e+00 | Dynamic Loss: 1.040e+00 | Regularization Loss: 0.000e+00 | Val Loss: 1.154e+00 | Time: 6.19s
2025-08-19 19:20:47,276:INFO:Epoch: 600/10000 | Train Loss: 9.941e-01 | Dynamic Loss: 9.941e-01 | Regularization Loss: 0.000e+00 | Val Loss: 1.046e+00 | Time: 6.14s
2025-08-19 19:20:47,276:INFO:New best model found at epoch 600 with validation loss 1.046e+00. Saving...
2025-08-19 19:20:53,470:INFO:Epoch: 650/10000 | Train Loss: 9.241e-01 | Dynamic Loss: 9.241e-01 | Regularization Loss: 0.000e+00 | Val Loss: 9.827e-01 | Time: 6.18s
2025-08-19 19:20:53,470:INFO:New best model found at epoch 650 with validation loss 9.827e-01. Saving...
2025-08-19 19:21:05,923:INFO:Epoch: 700/10000 | Train Loss: 8.833e-01 | Dynamic Loss: 8.833e-01 | Regularization Loss: 0.000e+00 | Val Loss: 9.381e-01 | Time: 12.44s
2025-08-19 19:21:05,923:INFO:New best model found at epoch 700 with validation loss 9.381e-01. Saving...
2025-08-19 19:21:12,062:INFO:Epoch: 750/10000 | Train Loss: 8.389e-01 | Dynamic Loss: 8.389e-01 | Regularization Loss: 0.000e+00 | Val Loss: 9.055e-01 | Time: 6.12s
2025-08-19 19:21:12,062:INFO:New best model found at epoch 750 with validation loss 9.055e-01. Saving...
2025-08-19 19:21:18,236:INFO:Epoch: 800/10000 | Train Loss: 8.539e-01 | Dynamic Loss: 8.539e-01 | Regularization Loss: 0.000e+00 | Val Loss: 9.181e-01 | Time: 6.16s
2025-08-19 19:21:30,634:INFO:Epoch: 850/10000 | Train Loss: 7.675e-01 | Dynamic Loss: 7.675e-01 | Regularization Loss: 0.000e+00 | Val Loss: 8.289e-01 | Time: 12.40s
2025-08-19 19:21:30,634:INFO:New best model found at epoch 850 with validation loss 8.289e-01. Saving...
2025-08-19 19:21:36,843:INFO:Epoch: 900/10000 | Train Loss: 7.840e-01 | Dynamic Loss: 7.840e-01 | Regularization Loss: 0.000e+00 | Val Loss: 8.017e-01 | Time: 6.19s
2025-08-19 19:21:36,843:INFO:New best model found at epoch 900 with validation loss 8.017e-01. Saving...
2025-08-19 19:21:42,940:INFO:Epoch: 950/10000 | Train Loss: 7.017e-01 | Dynamic Loss: 7.017e-01 | Regularization Loss: 0.000e+00 | Val Loss: 7.662e-01 | Time: 6.08s
2025-08-19 19:21:42,940:INFO:New best model found at epoch 950 with validation loss 7.662e-01. Saving...
2025-08-19 19:21:55,443:INFO:Epoch: 1000/10000 | Train Loss: 6.767e-01 | Dynamic Loss: 6.767e-01 | Regularization Loss: 0.000e+00 | Val Loss: 7.376e-01 | Time: 12.49s
2025-08-19 19:21:55,443:INFO:New best model found at epoch 1000 with validation loss 7.376e-01. Saving...
2025-08-19 19:22:01,651:INFO:Epoch: 1050/10000 | Train Loss: 6.565e-01 | Dynamic Loss: 6.565e-01 | Regularization Loss: 0.000e+00 | Val Loss: 7.155e-01 | Time: 6.19s
2025-08-19 19:22:01,651:INFO:New best model found at epoch 1050 with validation loss 7.155e-01. Saving...
2025-08-19 19:22:07,860:INFO:Epoch: 1100/10000 | Train Loss: 6.296e-01 | Dynamic Loss: 6.296e-01 | Regularization Loss: 0.000e+00 | Val Loss: 6.918e-01 | Time: 6.19s
2025-08-19 19:22:07,860:INFO:New best model found at epoch 1100 with validation loss 6.918e-01. Saving...
2025-08-19 19:22:20,335:INFO:Epoch: 1150/10000 | Train Loss: 5.959e-01 | Dynamic Loss: 5.959e-01 | Regularization Loss: 0.000e+00 | Val Loss: 6.561e-01 | Time: 12.46s
2025-08-19 19:22:20,336:INFO:New best model found at epoch 1150 with validation loss 6.561e-01. Saving...
2025-08-19 19:22:26,529:INFO:Epoch: 1200/10000 | Train Loss: 1.163e+00 | Dynamic Loss: 1.163e+00 | Regularization Loss: 0.000e+00 | Val Loss: 1.219e+00 | Time: 6.18s
2025-08-19 19:22:32,765:INFO:Epoch: 1250/10000 | Train Loss: 8.626e-01 | Dynamic Loss: 8.626e-01 | Regularization Loss: 0.000e+00 | Val Loss: 9.260e-01 | Time: 6.24s
2025-08-19 19:22:38,865:INFO:Epoch: 1300/10000 | Train Loss: 7.663e-01 | Dynamic Loss: 7.663e-01 | Regularization Loss: 0.000e+00 | Val Loss: 8.293e-01 | Time: 6.10s
2025-08-19 19:22:45,035:INFO:Epoch: 1350/10000 | Train Loss: 7.212e-01 | Dynamic Loss: 7.212e-01 | Regularization Loss: 0.000e+00 | Val Loss: 7.799e-01 | Time: 6.17s
2025-08-19 19:22:51,280:INFO:Epoch: 1400/10000 | Train Loss: 7.128e-01 | Dynamic Loss: 7.128e-01 | Regularization Loss: 0.000e+00 | Val Loss: 7.917e-01 | Time: 6.24s
2025-08-19 19:22:57,451:INFO:Epoch: 1450/10000 | Train Loss: 7.055e-01 | Dynamic Loss: 7.055e-01 | Regularization Loss: 0.000e+00 | Val Loss: 7.248e-01 | Time: 6.17s
2025-08-19 19:23:03,602:INFO:Epoch: 1500/10000 | Train Loss: 6.329e-01 | Dynamic Loss: 6.329e-01 | Regularization Loss: 0.000e+00 | Val Loss: 6.908e-01 | Time: 6.15s
2025-08-19 19:23:16,006:INFO:Epoch: 1550/10000 | Train Loss: 6.353e-01 | Dynamic Loss: 6.353e-01 | Regularization Loss: 0.000e+00 | Val Loss: 6.949e-01 | Time: 12.40s
2025-08-19 19:23:22,114:INFO:Epoch: 1600/10000 | Train Loss: 6.221e-01 | Dynamic Loss: 6.221e-01 | Regularization Loss: 0.000e+00 | Val Loss: 6.671e-01 | Time: 6.11s
2025-08-19 19:23:28,337:INFO:Epoch: 1650/10000 | Train Loss: 5.719e-01 | Dynamic Loss: 5.719e-01 | Regularization Loss: 0.000e+00 | Val Loss: 6.256e-01 | Time: 6.22s
2025-08-19 19:23:28,337:INFO:New best model found at epoch 1650 with validation loss 6.256e-01. Saving...
2025-08-19 19:23:34,447:INFO:Epoch: 1700/10000 | Train Loss: 5.525e-01 | Dynamic Loss: 5.525e-01 | Regularization Loss: 0.000e+00 | Val Loss: 6.063e-01 | Time: 6.09s
2025-08-19 19:23:34,447:INFO:New best model found at epoch 1700 with validation loss 6.063e-01. Saving...
2025-08-19 19:23:40,630:INFO:Epoch: 1750/10000 | Train Loss: 5.354e-01 | Dynamic Loss: 5.354e-01 | Regularization Loss: 0.000e+00 | Val Loss: 5.876e-01 | Time: 6.17s
2025-08-19 19:23:40,630:INFO:New best model found at epoch 1750 with validation loss 5.876e-01. Saving...
2025-08-19 19:23:46,899:INFO:Epoch: 1800/10000 | Train Loss: 5.831e-01 | Dynamic Loss: 5.831e-01 | Regularization Loss: 0.000e+00 | Val Loss: 6.286e-01 | Time: 6.25s
2025-08-19 19:23:53,096:INFO:Epoch: 1850/10000 | Train Loss: 5.085e-01 | Dynamic Loss: 5.085e-01 | Regularization Loss: 0.000e+00 | Val Loss: 5.586e-01 | Time: 6.20s
2025-08-19 19:23:53,097:INFO:New best model found at epoch 1850 with validation loss 5.586e-01. Saving...
2025-08-19 19:23:59,250:INFO:Epoch: 1900/10000 | Train Loss: 5.098e-01 | Dynamic Loss: 5.098e-01 | Regularization Loss: 0.000e+00 | Val Loss: 5.599e-01 | Time: 6.14s
2025-08-19 19:24:11,527:INFO:Epoch: 1950/10000 | Train Loss: 5.439e-01 | Dynamic Loss: 5.439e-01 | Regularization Loss: 0.000e+00 | Val Loss: 5.941e-01 | Time: 12.28s
2025-08-19 19:24:17,722:INFO:Epoch: 2000/10000 | Train Loss: 4.842e-01 | Dynamic Loss: 4.842e-01 | Regularization Loss: 0.000e+00 | Val Loss: 5.317e-01 | Time: 6.19s
2025-08-19 19:24:17,722:INFO:New best model found at epoch 2000 with validation loss 5.317e-01. Saving...
2025-08-19 19:24:23,969:INFO:Epoch: 2050/10000 | Train Loss: 4.665e-01 | Dynamic Loss: 4.665e-01 | Regularization Loss: 0.000e+00 | Val Loss: 5.114e-01 | Time: 6.23s
2025-08-19 19:24:23,969:INFO:New best model found at epoch 2050 with validation loss 5.114e-01. Saving...
2025-08-19 19:24:30,115:INFO:Epoch: 2100/10000 | Train Loss: 5.155e-01 | Dynamic Loss: 5.155e-01 | Regularization Loss: 0.000e+00 | Val Loss: 5.326e-01 | Time: 6.13s
2025-08-19 19:24:36,312:INFO:Epoch: 2150/10000 | Train Loss: 4.623e-01 | Dynamic Loss: 4.623e-01 | Regularization Loss: 0.000e+00 | Val Loss: 5.024e-01 | Time: 6.20s
2025-08-19 19:24:36,312:INFO:New best model found at epoch 2150 with validation loss 5.024e-01. Saving...
2025-08-19 19:24:42,550:INFO:Epoch: 2200/10000 | Train Loss: 4.407e-01 | Dynamic Loss: 4.407e-01 | Regularization Loss: 0.000e+00 | Val Loss: 5.197e-01 | Time: 6.22s
2025-08-19 19:24:48,854:INFO:Epoch: 2250/10000 | Train Loss: 4.160e-01 | Dynamic Loss: 4.160e-01 | Regularization Loss: 0.000e+00 | Val Loss: 4.599e-01 | Time: 6.30s
2025-08-19 19:24:48,855:INFO:New best model found at epoch 2250 with validation loss 4.599e-01. Saving...
2025-08-19 19:24:55,125:INFO:Epoch: 2300/10000 | Train Loss: 4.175e-01 | Dynamic Loss: 4.175e-01 | Regularization Loss: 0.000e+00 | Val Loss: 4.644e-01 | Time: 6.26s
2025-08-19 19:25:07,680:INFO:Epoch: 2350/10000 | Train Loss: 4.051e-01 | Dynamic Loss: 4.051e-01 | Regularization Loss: 0.000e+00 | Val Loss: 4.540e-01 | Time: 12.55s
2025-08-19 19:25:07,680:INFO:New best model found at epoch 2350 with validation loss 4.540e-01. Saving...
2025-08-19 19:25:13,908:INFO:Epoch: 2400/10000 | Train Loss: 4.021e-01 | Dynamic Loss: 4.021e-01 | Regularization Loss: 0.000e+00 | Val Loss: 4.479e-01 | Time: 6.21s
2025-08-19 19:25:13,908:INFO:New best model found at epoch 2400 with validation loss 4.479e-01. Saving...
2025-08-19 19:25:20,112:INFO:Epoch: 2450/10000 | Train Loss: 3.774e-01 | Dynamic Loss: 3.774e-01 | Regularization Loss: 0.000e+00 | Val Loss: 4.181e-01 | Time: 6.19s
2025-08-19 19:25:20,112:INFO:New best model found at epoch 2450 with validation loss 4.181e-01. Saving...
2025-08-19 19:25:33,112:INFO:Epoch: 2500/10000 | Train Loss: 3.917e-01 | Dynamic Loss: 3.917e-01 | Regularization Loss: 0.000e+00 | Val Loss: 4.285e-01 | Time: 12.98s
2025-08-19 19:25:39,384:INFO:Epoch: 2550/10000 | Train Loss: 3.645e-01 | Dynamic Loss: 3.645e-01 | Regularization Loss: 0.000e+00 | Val Loss: 4.076e-01 | Time: 6.27s
2025-08-19 19:25:39,384:INFO:New best model found at epoch 2550 with validation loss 4.076e-01. Saving...
2025-08-19 19:25:45,535:INFO:Epoch: 2600/10000 | Train Loss: 3.606e-01 | Dynamic Loss: 3.606e-01 | Regularization Loss: 0.000e+00 | Val Loss: 3.993e-01 | Time: 6.13s
2025-08-19 19:25:45,535:INFO:New best model found at epoch 2600 with validation loss 3.993e-01. Saving...
2025-08-19 19:25:51,987:INFO:Epoch: 2650/10000 | Train Loss: 3.558e-01 | Dynamic Loss: 3.558e-01 | Regularization Loss: 0.000e+00 | Val Loss: 3.937e-01 | Time: 6.44s
2025-08-19 19:25:51,987:INFO:New best model found at epoch 2650 with validation loss 3.937e-01. Saving...
2025-08-19 19:25:58,251:INFO:Epoch: 2700/10000 | Train Loss: 3.360e-01 | Dynamic Loss: 3.360e-01 | Regularization Loss: 0.000e+00 | Val Loss: 3.734e-01 | Time: 6.25s
2025-08-19 19:25:58,252:INFO:New best model found at epoch 2700 with validation loss 3.734e-01. Saving...
2025-08-19 19:26:04,474:INFO:Epoch: 2750/10000 | Train Loss: 3.408e-01 | Dynamic Loss: 3.408e-01 | Regularization Loss: 0.000e+00 | Val Loss: 3.849e-01 | Time: 6.21s
2025-08-19 19:26:17,329:INFO:Epoch: 2800/10000 | Train Loss: 1.400e+00 | Dynamic Loss: 1.400e+00 | Regularization Loss: 0.000e+00 | Val Loss: 7.748e-01 | Time: 12.85s
2025-08-19 19:26:23,450:INFO:Epoch: 2850/10000 | Train Loss: 3.136e-01 | Dynamic Loss: 3.136e-01 | Regularization Loss: 0.000e+00 | Val Loss: 3.485e-01 | Time: 6.12s
2025-08-19 19:26:23,450:INFO:New best model found at epoch 2850 with validation loss 3.485e-01. Saving...
2025-08-19 19:26:29,709:INFO:Epoch: 2900/10000 | Train Loss: 3.072e-01 | Dynamic Loss: 3.072e-01 | Regularization Loss: 0.000e+00 | Val Loss: 3.423e-01 | Time: 6.24s
2025-08-19 19:26:29,709:INFO:New best model found at epoch 2900 with validation loss 3.423e-01. Saving...
2025-08-19 19:26:35,889:INFO:Epoch: 2950/10000 | Train Loss: 4.031e-01 | Dynamic Loss: 4.031e-01 | Regularization Loss: 0.000e+00 | Val Loss: 4.256e-01 | Time: 6.16s
2025-08-19 19:26:42,037:INFO:Epoch: 3000/10000 | Train Loss: 4.463e-01 | Dynamic Loss: 4.463e-01 | Regularization Loss: 0.000e+00 | Val Loss: 4.592e-01 | Time: 6.15s
2025-08-19 19:26:48,316:INFO:Epoch: 3050/10000 | Train Loss: 2.895e-01 | Dynamic Loss: 2.895e-01 | Regularization Loss: 0.000e+00 | Val Loss: 3.223e-01 | Time: 6.28s
2025-08-19 19:26:48,316:INFO:New best model found at epoch 3050 with validation loss 3.223e-01. Saving...
2025-08-19 19:26:54,484:INFO:Epoch: 3100/10000 | Train Loss: 3.836e-01 | Dynamic Loss: 3.836e-01 | Regularization Loss: 0.000e+00 | Val Loss: 4.240e-01 | Time: 6.15s
2025-08-19 19:27:00,657:INFO:Epoch: 3150/10000 | Train Loss: 2.700e-01 | Dynamic Loss: 2.700e-01 | Regularization Loss: 0.000e+00 | Val Loss: 2.997e-01 | Time: 6.17s
2025-08-19 19:27:00,658:INFO:New best model found at epoch 3150 with validation loss 2.997e-01. Saving...
2025-08-19 19:27:06,851:INFO:Epoch: 3200/10000 | Train Loss: 2.626e-01 | Dynamic Loss: 2.626e-01 | Regularization Loss: 0.000e+00 | Val Loss: 2.938e-01 | Time: 6.18s
2025-08-19 19:27:06,851:INFO:New best model found at epoch 3200 with validation loss 2.938e-01. Saving...
2025-08-19 19:27:13,076:INFO:Epoch: 3250/10000 | Train Loss: 2.595e-01 | Dynamic Loss: 2.595e-01 | Regularization Loss: 0.000e+00 | Val Loss: 2.879e-01 | Time: 6.21s
2025-08-19 19:27:13,077:INFO:New best model found at epoch 3250 with validation loss 2.879e-01. Saving...
2025-08-19 19:27:19,257:INFO:Epoch: 3300/10000 | Train Loss: 2.502e-01 | Dynamic Loss: 2.502e-01 | Regularization Loss: 0.000e+00 | Val Loss: 2.777e-01 | Time: 6.17s
2025-08-19 19:27:19,257:INFO:New best model found at epoch 3300 with validation loss 2.777e-01. Saving...
2025-08-19 19:27:25,486:INFO:Epoch: 3350/10000 | Train Loss: 2.444e-01 | Dynamic Loss: 2.444e-01 | Regularization Loss: 0.000e+00 | Val Loss: 2.723e-01 | Time: 6.21s
2025-08-19 19:27:25,486:INFO:New best model found at epoch 3350 with validation loss 2.723e-01. Saving...
2025-08-19 19:27:31,692:INFO:Epoch: 3400/10000 | Train Loss: 2.727e-01 | Dynamic Loss: 2.727e-01 | Regularization Loss: 0.000e+00 | Val Loss: 3.080e-01 | Time: 6.19s
2025-08-19 19:27:37,891:INFO:Epoch: 3450/10000 | Train Loss: 2.337e-01 | Dynamic Loss: 2.337e-01 | Regularization Loss: 0.000e+00 | Val Loss: 2.566e-01 | Time: 6.20s
2025-08-19 19:27:37,891:INFO:New best model found at epoch 3450 with validation loss 2.566e-01. Saving...
2025-08-19 19:27:50,610:INFO:Epoch: 3500/10000 | Train Loss: 2.318e-01 | Dynamic Loss: 2.318e-01 | Regularization Loss: 0.000e+00 | Val Loss: 2.686e-01 | Time: 12.70s
2025-08-19 19:27:56,791:INFO:Epoch: 3550/10000 | Train Loss: 2.263e-01 | Dynamic Loss: 2.263e-01 | Regularization Loss: 0.000e+00 | Val Loss: 2.606e-01 | Time: 6.18s
2025-08-19 19:28:02,946:INFO:Epoch: 3600/10000 | Train Loss: 2.206e-01 | Dynamic Loss: 2.206e-01 | Regularization Loss: 0.000e+00 | Val Loss: 2.407e-01 | Time: 6.16s
2025-08-19 19:28:02,946:INFO:New best model found at epoch 3600 with validation loss 2.407e-01. Saving...
2025-08-19 19:28:15,944:INFO:Epoch: 3650/10000 | Train Loss: 2.092e-01 | Dynamic Loss: 2.092e-01 | Regularization Loss: 0.000e+00 | Val Loss: 2.307e-01 | Time: 12.98s
2025-08-19 19:28:15,945:INFO:New best model found at epoch 3650 with validation loss 2.307e-01. Saving...
2025-08-19 19:28:22,211:INFO:Epoch: 3700/10000 | Train Loss: 2.068e-01 | Dynamic Loss: 2.068e-01 | Regularization Loss: 0.000e+00 | Val Loss: 2.299e-01 | Time: 6.25s
2025-08-19 19:28:22,211:INFO:New best model found at epoch 3700 with validation loss 2.299e-01. Saving...
2025-08-19 19:28:28,373:INFO:Epoch: 3750/10000 | Train Loss: 3.145e-01 | Dynamic Loss: 3.145e-01 | Regularization Loss: 0.000e+00 | Val Loss: 2.706e-01 | Time: 6.15s
2025-08-19 19:28:41,248:INFO:Epoch: 3800/10000 | Train Loss: 2.330e-01 | Dynamic Loss: 2.330e-01 | Regularization Loss: 0.000e+00 | Val Loss: 2.581e-01 | Time: 12.87s
2025-08-19 19:28:47,411:INFO:Epoch: 3850/10000 | Train Loss: 2.378e-01 | Dynamic Loss: 2.378e-01 | Regularization Loss: 0.000e+00 | Val Loss: 2.661e-01 | Time: 6.16s
2025-08-19 19:28:53,703:INFO:Epoch: 3900/10000 | Train Loss: 1.926e-01 | Dynamic Loss: 1.926e-01 | Regularization Loss: 0.000e+00 | Val Loss: 2.145e-01 | Time: 6.29s
2025-08-19 19:28:53,703:INFO:New best model found at epoch 3900 with validation loss 2.145e-01. Saving...
2025-08-19 19:28:59,920:INFO:Epoch: 3950/10000 | Train Loss: 1.868e-01 | Dynamic Loss: 1.868e-01 | Regularization Loss: 0.000e+00 | Val Loss: 2.095e-01 | Time: 6.20s
2025-08-19 19:28:59,920:INFO:New best model found at epoch 3950 with validation loss 2.095e-01. Saving...
2025-08-19 19:29:06,173:INFO:Epoch: 4000/10000 | Train Loss: 1.817e-01 | Dynamic Loss: 1.817e-01 | Regularization Loss: 0.000e+00 | Val Loss: 2.025e-01 | Time: 6.24s
2025-08-19 19:29:06,173:INFO:New best model found at epoch 4000 with validation loss 2.025e-01. Saving...
2025-08-19 19:29:12,492:INFO:Epoch: 4050/10000 | Train Loss: 1.791e-01 | Dynamic Loss: 1.791e-01 | Regularization Loss: 0.000e+00 | Val Loss: 1.994e-01 | Time: 6.30s
2025-08-19 19:29:12,492:INFO:New best model found at epoch 4050 with validation loss 1.994e-01. Saving...
2025-08-19 19:29:18,716:INFO:Epoch: 4100/10000 | Train Loss: 1.747e-01 | Dynamic Loss: 1.747e-01 | Regularization Loss: 0.000e+00 | Val Loss: 2.000e-01 | Time: 6.21s
2025-08-19 19:29:24,963:INFO:Epoch: 4150/10000 | Train Loss: 2.035e-01 | Dynamic Loss: 2.035e-01 | Regularization Loss: 0.000e+00 | Val Loss: 2.348e-01 | Time: 6.25s
2025-08-19 19:29:31,238:INFO:Epoch: 4200/10000 | Train Loss: 2.563e-01 | Dynamic Loss: 2.563e-01 | Regularization Loss: 0.000e+00 | Val Loss: 3.599e-01 | Time: 6.28s
2025-08-19 19:29:37,473:INFO:Epoch: 4250/10000 | Train Loss: 1.675e-01 | Dynamic Loss: 1.675e-01 | Regularization Loss: 0.000e+00 | Val Loss: 1.910e-01 | Time: 6.23s
2025-08-19 19:29:37,473:INFO:New best model found at epoch 4250 with validation loss 1.910e-01. Saving...
2025-08-19 19:29:43,735:INFO:Epoch: 4300/10000 | Train Loss: 6.168e-01 | Dynamic Loss: 6.168e-01 | Regularization Loss: 0.000e+00 | Val Loss: 3.082e-01 | Time: 6.25s
2025-08-19 19:29:50,054:INFO:Epoch: 4350/10000 | Train Loss: 1.578e-01 | Dynamic Loss: 1.578e-01 | Regularization Loss: 0.000e+00 | Val Loss: 1.837e-01 | Time: 6.32s
2025-08-19 19:29:50,054:INFO:New best model found at epoch 4350 with validation loss 1.837e-01. Saving...
2025-08-19 19:29:56,281:INFO:Epoch: 4400/10000 | Train Loss: 2.262e-01 | Dynamic Loss: 2.262e-01 | Regularization Loss: 0.000e+00 | Val Loss: 2.478e-01 | Time: 6.21s
2025-08-19 19:30:02,551:INFO:Epoch: 4450/10000 | Train Loss: 2.377e-01 | Dynamic Loss: 2.377e-01 | Regularization Loss: 0.000e+00 | Val Loss: 3.270e-01 | Time: 6.27s
2025-08-19 19:30:08,887:INFO:Epoch: 4500/10000 | Train Loss: 1.476e-01 | Dynamic Loss: 1.476e-01 | Regularization Loss: 0.000e+00 | Val Loss: 1.721e-01 | Time: 6.34s
2025-08-19 19:30:08,888:INFO:New best model found at epoch 4500 with validation loss 1.721e-01. Saving...
2025-08-19 19:30:15,154:INFO:Epoch: 4550/10000 | Train Loss: 1.523e-01 | Dynamic Loss: 1.523e-01 | Regularization Loss: 0.000e+00 | Val Loss: 1.759e-01 | Time: 6.25s
2025-08-19 19:30:21,441:INFO:Epoch: 4600/10000 | Train Loss: 1.354e-01 | Dynamic Loss: 1.354e-01 | Regularization Loss: 0.000e+00 | Val Loss: 1.595e-01 | Time: 6.29s
2025-08-19 19:30:21,441:INFO:New best model found at epoch 4600 with validation loss 1.595e-01. Saving...
2025-08-19 19:30:27,727:INFO:Epoch: 4650/10000 | Train Loss: 1.454e-01 | Dynamic Loss: 1.454e-01 | Regularization Loss: 0.000e+00 | Val Loss: 1.693e-01 | Time: 6.27s
2025-08-19 19:30:33,917:INFO:Epoch: 4700/10000 | Train Loss: 1.353e-01 | Dynamic Loss: 1.353e-01 | Regularization Loss: 0.000e+00 | Val Loss: 1.574e-01 | Time: 6.19s
2025-08-19 19:30:33,917:INFO:New best model found at epoch 4700 with validation loss 1.574e-01. Saving...
2025-08-19 19:30:40,126:INFO:Epoch: 4750/10000 | Train Loss: 1.524e-01 | Dynamic Loss: 1.524e-01 | Regularization Loss: 0.000e+00 | Val Loss: 1.664e-01 | Time: 6.19s
2025-08-19 19:30:48,565:INFO:Epoch: 4800/10000 | Train Loss: 1.456e-01 | Dynamic Loss: 1.456e-01 | Regularization Loss: 0.000e+00 | Val Loss: 1.646e-01 | Time: 8.44s
2025-08-19 19:30:54,796:INFO:Epoch: 4850/10000 | Train Loss: 3.027e-01 | Dynamic Loss: 3.027e-01 | Regularization Loss: 0.000e+00 | Val Loss: 2.313e-01 | Time: 6.23s
2025-08-19 19:31:01,084:INFO:Epoch: 4900/10000 | Train Loss: 1.216e-01 | Dynamic Loss: 1.216e-01 | Regularization Loss: 0.000e+00 | Val Loss: 1.454e-01 | Time: 6.29s
2025-08-19 19:31:01,084:INFO:New best model found at epoch 4900 with validation loss 1.454e-01. Saving...
2025-08-19 19:31:14,086:INFO:Epoch: 4950/10000 | Train Loss: 3.598e-01 | Dynamic Loss: 3.598e-01 | Regularization Loss: 0.000e+00 | Val Loss: 3.390e-01 | Time: 12.99s
2025-08-19 19:31:20,295:INFO:Epoch: 5000/10000 | Train Loss: 1.212e-01 | Dynamic Loss: 1.212e-01 | Regularization Loss: 0.000e+00 | Val Loss: 1.517e-01 | Time: 6.21s
2025-08-19 19:31:26,518:INFO:Epoch: 5050/10000 | Train Loss: 1.142e-01 | Dynamic Loss: 1.142e-01 | Regularization Loss: 0.000e+00 | Val Loss: 1.382e-01 | Time: 6.22s
2025-08-19 19:31:26,518:INFO:New best model found at epoch 5050 with validation loss 1.382e-01. Saving...
2025-08-19 19:31:39,448:INFO:Epoch: 5100/10000 | Train Loss: 1.143e-01 | Dynamic Loss: 1.143e-01 | Regularization Loss: 0.000e+00 | Val Loss: 1.383e-01 | Time: 12.91s
2025-08-19 19:31:45,695:INFO:Epoch: 5150/10000 | Train Loss: 1.117e-01 | Dynamic Loss: 1.117e-01 | Regularization Loss: 0.000e+00 | Val Loss: 1.355e-01 | Time: 6.25s
2025-08-19 19:31:45,695:INFO:New best model found at epoch 5150 with validation loss 1.355e-01. Saving...
2025-08-19 19:31:51,971:INFO:Epoch: 5200/10000 | Train Loss: 1.093e-01 | Dynamic Loss: 1.093e-01 | Regularization Loss: 0.000e+00 | Val Loss: 1.319e-01 | Time: 6.26s
2025-08-19 19:31:51,971:INFO:New best model found at epoch 5200 with validation loss 1.319e-01. Saving...
2025-08-19 19:31:58,220:INFO:Epoch: 5250/10000 | Train Loss: 1.105e-01 | Dynamic Loss: 1.105e-01 | Regularization Loss: 0.000e+00 | Val Loss: 1.340e-01 | Time: 6.23s
2025-08-19 19:32:04,477:INFO:Epoch: 5300/10000 | Train Loss: 1.181e-01 | Dynamic Loss: 1.181e-01 | Regularization Loss: 0.000e+00 | Val Loss: 1.429e-01 | Time: 6.26s
2025-08-19 19:32:10,826:INFO:Epoch: 5350/10000 | Train Loss: 1.077e-01 | Dynamic Loss: 1.077e-01 | Regularization Loss: 0.000e+00 | Val Loss: 1.304e-01 | Time: 6.35s
2025-08-19 19:32:10,826:INFO:New best model found at epoch 5350 with validation loss 1.304e-01. Saving...
2025-08-19 19:32:17,102:INFO:Epoch: 5400/10000 | Train Loss: 1.177e-01 | Dynamic Loss: 1.177e-01 | Regularization Loss: 0.000e+00 | Val Loss: 1.405e-01 | Time: 6.26s
2025-08-19 19:32:23,376:INFO:Epoch: 5450/10000 | Train Loss: 1.407e-01 | Dynamic Loss: 1.407e-01 | Regularization Loss: 0.000e+00 | Val Loss: 1.454e-01 | Time: 6.27s
2025-08-19 19:32:29,712:INFO:Epoch: 5500/10000 | Train Loss: 1.793e-01 | Dynamic Loss: 1.793e-01 | Regularization Loss: 0.000e+00 | Val Loss: 1.941e-01 | Time: 6.34s
2025-08-19 19:32:36,045:INFO:Epoch: 5550/10000 | Train Loss: 9.664e-02 | Dynamic Loss: 9.664e-02 | Regularization Loss: 0.000e+00 | Val Loss: 1.205e-01 | Time: 6.33s
2025-08-19 19:32:36,045:INFO:New best model found at epoch 5550 with validation loss 1.205e-01. Saving...
2025-08-19 19:32:42,299:INFO:Epoch: 5600/10000 | Train Loss: 1.580e-01 | Dynamic Loss: 1.580e-01 | Regularization Loss: 0.000e+00 | Val Loss: 1.967e-01 | Time: 6.24s
2025-08-19 19:32:55,031:INFO:Epoch: 5650/10000 | Train Loss: 1.193e-01 | Dynamic Loss: 1.193e-01 | Regularization Loss: 0.000e+00 | Val Loss: 1.277e-01 | Time: 12.73s
2025-08-19 19:33:01,266:INFO:Epoch: 5700/10000 | Train Loss: 1.386e-01 | Dynamic Loss: 1.386e-01 | Regularization Loss: 0.000e+00 | Val Loss: 2.010e-01 | Time: 6.23s
2025-08-19 19:33:07,541:INFO:Epoch: 5750/10000 | Train Loss: 9.326e-02 | Dynamic Loss: 9.326e-02 | Regularization Loss: 0.000e+00 | Val Loss: 1.173e-01 | Time: 6.28s
2025-08-19 19:33:07,541:INFO:New best model found at epoch 5750 with validation loss 1.173e-01. Saving...
2025-08-19 19:33:13,787:INFO:Epoch: 5800/10000 | Train Loss: 1.302e-01 | Dynamic Loss: 1.302e-01 | Regularization Loss: 0.000e+00 | Val Loss: 1.378e-01 | Time: 6.23s
2025-08-19 19:33:20,092:INFO:Epoch: 5850/10000 | Train Loss: 8.980e-02 | Dynamic Loss: 8.980e-02 | Regularization Loss: 0.000e+00 | Val Loss: 1.135e-01 | Time: 6.30s
2025-08-19 19:33:20,092:INFO:New best model found at epoch 5850 with validation loss 1.135e-01. Saving...
2025-08-19 19:33:26,476:INFO:Epoch: 5900/10000 | Train Loss: 8.789e-02 | Dynamic Loss: 8.789e-02 | Regularization Loss: 0.000e+00 | Val Loss: 1.108e-01 | Time: 6.37s
2025-08-19 19:33:26,476:INFO:New best model found at epoch 5900 with validation loss 1.108e-01. Saving...
2025-08-19 19:33:32,768:INFO:Epoch: 5950/10000 | Train Loss: 8.400e-02 | Dynamic Loss: 8.400e-02 | Regularization Loss: 0.000e+00 | Val Loss: 1.086e-01 | Time: 6.28s
2025-08-19 19:33:32,768:INFO:New best model found at epoch 5950 with validation loss 1.086e-01. Saving...
2025-08-19 19:33:39,077:INFO:Epoch: 6000/10000 | Train Loss: 3.390e-01 | Dynamic Loss: 3.390e-01 | Regularization Loss: 0.000e+00 | Val Loss: 2.158e-01 | Time: 6.29s
2025-08-19 19:33:45,466:INFO:Epoch: 6050/10000 | Train Loss: 8.194e-02 | Dynamic Loss: 8.194e-02 | Regularization Loss: 0.000e+00 | Val Loss: 1.067e-01 | Time: 6.39s
2025-08-19 19:33:45,466:INFO:New best model found at epoch 6050 with validation loss 1.067e-01. Saving...
2025-08-19 19:33:51,784:INFO:Epoch: 6100/10000 | Train Loss: 1.210e-01 | Dynamic Loss: 1.210e-01 | Regularization Loss: 0.000e+00 | Val Loss: 1.515e-01 | Time: 6.30s
2025-08-19 19:33:58,084:INFO:Epoch: 6150/10000 | Train Loss: 7.893e-02 | Dynamic Loss: 7.893e-02 | Regularization Loss: 0.000e+00 | Val Loss: 1.027e-01 | Time: 6.30s
2025-08-19 19:33:58,085:INFO:New best model found at epoch 6150 with validation loss 1.027e-01. Saving...
2025-08-19 19:34:04,453:INFO:Epoch: 6200/10000 | Train Loss: 8.604e-02 | Dynamic Loss: 8.604e-02 | Regularization Loss: 0.000e+00 | Val Loss: 1.092e-01 | Time: 6.35s
2025-08-19 19:34:10,722:INFO:Epoch: 6250/10000 | Train Loss: 1.245e-01 | Dynamic Loss: 1.245e-01 | Regularization Loss: 0.000e+00 | Val Loss: 1.508e-01 | Time: 6.27s
2025-08-19 19:34:17,019:INFO:Epoch: 6300/10000 | Train Loss: 8.175e-02 | Dynamic Loss: 8.175e-02 | Regularization Loss: 0.000e+00 | Val Loss: 1.070e-01 | Time: 6.30s
2025-08-19 19:34:23,372:INFO:Epoch: 6350/10000 | Train Loss: 3.090e-01 | Dynamic Loss: 3.090e-01 | Regularization Loss: 0.000e+00 | Val Loss: 3.487e-01 | Time: 6.35s
2025-08-19 19:34:29,717:INFO:Epoch: 6400/10000 | Train Loss: 7.604e-02 | Dynamic Loss: 7.604e-02 | Regularization Loss: 0.000e+00 | Val Loss: 9.911e-02 | Time: 6.35s
2025-08-19 19:34:29,717:INFO:New best model found at epoch 6400 with validation loss 9.911e-02. Saving...
2025-08-19 19:34:35,934:INFO:Epoch: 6450/10000 | Train Loss: 2.412e-01 | Dynamic Loss: 2.412e-01 | Regularization Loss: 0.000e+00 | Val Loss: 3.560e-01 | Time: 6.20s
2025-08-19 19:34:48,721:INFO:Epoch: 6500/10000 | Train Loss: 6.672e-02 | Dynamic Loss: 6.672e-02 | Regularization Loss: 0.000e+00 | Val Loss: 9.140e-02 | Time: 12.79s
2025-08-19 19:34:48,722:INFO:New best model found at epoch 6500 with validation loss 9.140e-02. Saving...
2025-08-19 19:34:55,035:INFO:Epoch: 6550/10000 | Train Loss: 1.244e-01 | Dynamic Loss: 1.244e-01 | Regularization Loss: 0.000e+00 | Val Loss: 1.720e-01 | Time: 6.30s
2025-08-19 19:35:01,473:INFO:Epoch: 6600/10000 | Train Loss: 7.149e-02 | Dynamic Loss: 7.149e-02 | Regularization Loss: 0.000e+00 | Val Loss: 9.543e-02 | Time: 6.44s
2025-08-19 19:35:07,751:INFO:Epoch: 6650/10000 | Train Loss: 6.435e-02 | Dynamic Loss: 6.435e-02 | Regularization Loss: 0.000e+00 | Val Loss: 8.759e-02 | Time: 6.28s
2025-08-19 19:35:07,751:INFO:New best model found at epoch 6650 with validation loss 8.759e-02. Saving...
2025-08-19 19:35:14,167:INFO:Epoch: 6700/10000 | Train Loss: 7.772e-02 | Dynamic Loss: 7.772e-02 | Regularization Loss: 0.000e+00 | Val Loss: 1.016e-01 | Time: 6.40s
2025-08-19 19:35:20,557:INFO:Epoch: 6750/10000 | Train Loss: 1.253e-01 | Dynamic Loss: 1.253e-01 | Regularization Loss: 0.000e+00 | Val Loss: 1.365e-01 | Time: 6.39s
2025-08-19 19:35:26,932:INFO:Epoch: 6800/10000 | Train Loss: 2.239e-01 | Dynamic Loss: 2.239e-01 | Regularization Loss: 0.000e+00 | Val Loss: 1.801e-01 | Time: 6.37s
2025-08-19 19:35:33,176:INFO:Epoch: 6850/10000 | Train Loss: 5.977e-02 | Dynamic Loss: 5.977e-02 | Regularization Loss: 0.000e+00 | Val Loss: 8.252e-02 | Time: 6.24s
2025-08-19 19:35:33,176:INFO:New best model found at epoch 6850 with validation loss 8.252e-02. Saving...
2025-08-19 19:35:46,124:INFO:Epoch: 6900/10000 | Train Loss: 5.835e-02 | Dynamic Loss: 5.835e-02 | Regularization Loss: 0.000e+00 | Val Loss: 8.122e-02 | Time: 12.93s
2025-08-19 19:35:46,124:INFO:New best model found at epoch 6900 with validation loss 8.122e-02. Saving...
2025-08-19 19:35:52,417:INFO:Epoch: 6950/10000 | Train Loss: 6.941e-02 | Dynamic Loss: 6.941e-02 | Regularization Loss: 0.000e+00 | Val Loss: 9.529e-02 | Time: 6.28s
2025-08-19 19:35:58,686:INFO:Epoch: 7000/10000 | Train Loss: 6.873e-02 | Dynamic Loss: 6.873e-02 | Regularization Loss: 0.000e+00 | Val Loss: 8.578e-02 | Time: 6.27s
2025-08-19 19:36:11,972:INFO:Epoch: 7050/10000 | Train Loss: 7.416e-02 | Dynamic Loss: 7.416e-02 | Regularization Loss: 0.000e+00 | Val Loss: 9.006e-02 | Time: 13.29s
2025-08-19 19:36:18,309:INFO:Epoch: 7100/10000 | Train Loss: 6.019e-02 | Dynamic Loss: 6.019e-02 | Regularization Loss: 0.000e+00 | Val Loss: 8.044e-02 | Time: 6.34s
2025-08-19 19:36:18,309:INFO:New best model found at epoch 7100 with validation loss 8.044e-02. Saving...
2025-08-19 19:36:24,631:INFO:Epoch: 7150/10000 | Train Loss: 7.382e-02 | Dynamic Loss: 7.382e-02 | Regularization Loss: 0.000e+00 | Val Loss: 8.512e-02 | Time: 6.31s
2025-08-19 19:36:31,007:INFO:Epoch: 7200/10000 | Train Loss: 6.031e-02 | Dynamic Loss: 6.031e-02 | Regularization Loss: 0.000e+00 | Val Loss: 8.319e-02 | Time: 6.38s
2025-08-19 19:36:37,351:INFO:Epoch: 7250/10000 | Train Loss: 6.059e-02 | Dynamic Loss: 6.059e-02 | Regularization Loss: 0.000e+00 | Val Loss: 8.147e-02 | Time: 6.34s
2025-08-19 19:36:43,663:INFO:Epoch: 7300/10000 | Train Loss: 5.960e-02 | Dynamic Loss: 5.960e-02 | Regularization Loss: 0.000e+00 | Val Loss: 7.974e-02 | Time: 6.31s
2025-08-19 19:36:43,663:INFO:New best model found at epoch 7300 with validation loss 7.974e-02. Saving...
2025-08-19 19:36:49,957:INFO:Epoch: 7350/10000 | Train Loss: 5.652e-02 | Dynamic Loss: 5.652e-02 | Regularization Loss: 0.000e+00 | Val Loss: 7.806e-02 | Time: 6.28s
2025-08-19 19:36:49,957:INFO:New best model found at epoch 7350 with validation loss 7.806e-02. Saving...
2025-08-19 19:36:56,290:INFO:Epoch: 7400/10000 | Train Loss: 5.125e-02 | Dynamic Loss: 5.125e-02 | Regularization Loss: 0.000e+00 | Val Loss: 7.554e-02 | Time: 6.32s
2025-08-19 19:36:56,290:INFO:New best model found at epoch 7400 with validation loss 7.554e-02. Saving...
2025-08-19 19:37:02,743:INFO:Epoch: 7450/10000 | Train Loss: 6.123e-02 | Dynamic Loss: 6.123e-02 | Regularization Loss: 0.000e+00 | Val Loss: 8.425e-02 | Time: 6.44s
2025-08-19 19:37:09,048:INFO:Epoch: 7500/10000 | Train Loss: 5.158e-02 | Dynamic Loss: 5.158e-02 | Regularization Loss: 0.000e+00 | Val Loss: 7.091e-02 | Time: 6.31s
2025-08-19 19:37:09,049:INFO:New best model found at epoch 7500 with validation loss 7.091e-02. Saving...
2025-08-19 19:37:15,306:INFO:Epoch: 7550/10000 | Train Loss: 5.380e-02 | Dynamic Loss: 5.380e-02 | Regularization Loss: 0.000e+00 | Val Loss: 7.621e-02 | Time: 6.24s
2025-08-19 19:37:21,590:INFO:Epoch: 7600/10000 | Train Loss: 5.260e-02 | Dynamic Loss: 5.260e-02 | Regularization Loss: 0.000e+00 | Val Loss: 7.711e-02 | Time: 6.28s
2025-08-19 19:37:27,921:INFO:Epoch: 7650/10000 | Train Loss: 5.565e-02 | Dynamic Loss: 5.565e-02 | Regularization Loss: 0.000e+00 | Val Loss: 7.813e-02 | Time: 6.33s
2025-08-19 19:37:34,265:INFO:Epoch: 7700/10000 | Train Loss: 5.401e-02 | Dynamic Loss: 5.401e-02 | Regularization Loss: 0.000e+00 | Val Loss: 9.384e-02 | Time: 6.34s
2025-08-19 19:37:47,115:INFO:Epoch: 7750/10000 | Train Loss: 5.001e-02 | Dynamic Loss: 5.001e-02 | Regularization Loss: 0.000e+00 | Val Loss: 7.046e-02 | Time: 12.85s
2025-08-19 19:37:47,115:INFO:New best model found at epoch 7750 with validation loss 7.046e-02. Saving...
2025-08-19 19:37:53,493:INFO:Epoch: 7800/10000 | Train Loss: 6.183e-02 | Dynamic Loss: 6.183e-02 | Regularization Loss: 0.000e+00 | Val Loss: 9.962e-02 | Time: 6.36s
2025-08-19 19:37:59,778:INFO:Epoch: 7850/10000 | Train Loss: 5.067e-02 | Dynamic Loss: 5.067e-02 | Regularization Loss: 0.000e+00 | Val Loss: 7.121e-02 | Time: 6.28s
2025-08-19 19:38:13,201:INFO:Epoch: 7900/10000 | Train Loss: 5.091e-02 | Dynamic Loss: 5.091e-02 | Regularization Loss: 0.000e+00 | Val Loss: 7.297e-02 | Time: 13.42s
2025-08-19 19:38:19,499:INFO:Epoch: 7950/10000 | Train Loss: 4.990e-02 | Dynamic Loss: 4.990e-02 | Regularization Loss: 0.000e+00 | Val Loss: 7.888e-02 | Time: 6.30s
2025-08-19 19:38:25,932:INFO:Epoch: 8000/10000 | Train Loss: 1.004e-01 | Dynamic Loss: 1.004e-01 | Regularization Loss: 0.000e+00 | Val Loss: 1.548e-01 | Time: 6.43s
2025-08-19 19:38:32,228:INFO:Epoch: 8050/10000 | Train Loss: 5.020e-02 | Dynamic Loss: 5.020e-02 | Regularization Loss: 0.000e+00 | Val Loss: 7.209e-02 | Time: 6.30s
2025-08-19 19:38:38,570:INFO:Epoch: 8100/10000 | Train Loss: 5.637e-02 | Dynamic Loss: 5.637e-02 | Regularization Loss: 0.000e+00 | Val Loss: 7.852e-02 | Time: 6.34s
2025-08-19 19:38:45,018:INFO:Epoch: 8150/10000 | Train Loss: 4.265e-02 | Dynamic Loss: 4.265e-02 | Regularization Loss: 0.000e+00 | Val Loss: 6.481e-02 | Time: 6.45s
2025-08-19 19:38:45,018:INFO:New best model found at epoch 8150 with validation loss 6.481e-02. Saving...
2025-08-19 19:38:51,419:INFO:Epoch: 8200/10000 | Train Loss: 6.603e-02 | Dynamic Loss: 6.603e-02 | Regularization Loss: 0.000e+00 | Val Loss: 8.976e-02 | Time: 6.39s
2025-08-19 19:38:57,696:INFO:Epoch: 8250/10000 | Train Loss: 5.281e-02 | Dynamic Loss: 5.281e-02 | Regularization Loss: 0.000e+00 | Val Loss: 7.394e-02 | Time: 6.28s
2025-08-19 19:39:10,661:INFO:Epoch: 8300/10000 | Train Loss: 5.152e-02 | Dynamic Loss: 5.152e-02 | Regularization Loss: 0.000e+00 | Val Loss: 6.890e-02 | Time: 12.96s
2025-08-19 19:39:16,969:INFO:Epoch: 8350/10000 | Train Loss: 6.010e-02 | Dynamic Loss: 6.010e-02 | Regularization Loss: 0.000e+00 | Val Loss: 9.933e-02 | Time: 6.31s
2025-08-19 19:39:23,425:INFO:Epoch: 8400/10000 | Train Loss: 4.825e-02 | Dynamic Loss: 4.825e-02 | Regularization Loss: 0.000e+00 | Val Loss: 6.782e-02 | Time: 6.46s
2025-08-19 19:39:29,756:INFO:Epoch: 8450/10000 | Train Loss: 4.018e-02 | Dynamic Loss: 4.018e-02 | Regularization Loss: 0.000e+00 | Val Loss: 6.244e-02 | Time: 6.33s
2025-08-19 19:39:29,757:INFO:New best model found at epoch 8450 with validation loss 6.244e-02. Saving...
2025-08-19 19:39:36,049:INFO:Epoch: 8500/10000 | Train Loss: 3.992e-02 | Dynamic Loss: 3.992e-02 | Regularization Loss: 0.000e+00 | Val Loss: 5.985e-02 | Time: 6.28s
2025-08-19 19:39:36,049:INFO:New best model found at epoch 8500 with validation loss 5.985e-02. Saving...
2025-08-19 19:39:42,391:INFO:Epoch: 8550/10000 | Train Loss: 4.775e-02 | Dynamic Loss: 4.775e-02 | Regularization Loss: 0.000e+00 | Val Loss: 6.658e-02 | Time: 6.32s
2025-08-19 19:39:48,705:INFO:Epoch: 8600/10000 | Train Loss: 5.075e-02 | Dynamic Loss: 5.075e-02 | Regularization Loss: 0.000e+00 | Val Loss: 6.931e-02 | Time: 6.31s
2025-08-19 19:39:55,000:INFO:Epoch: 8650/10000 | Train Loss: 4.581e-02 | Dynamic Loss: 4.581e-02 | Regularization Loss: 0.000e+00 | Val Loss: 6.410e-02 | Time: 6.29s
2025-08-19 19:40:07,668:INFO:Epoch: 8700/10000 | Train Loss: 7.386e-02 | Dynamic Loss: 7.386e-02 | Regularization Loss: 0.000e+00 | Val Loss: 1.318e-01 | Time: 12.67s
2025-08-19 19:40:14,038:INFO:Epoch: 8750/10000 | Train Loss: 4.571e-02 | Dynamic Loss: 4.571e-02 | Regularization Loss: 0.000e+00 | Val Loss: 6.167e-02 | Time: 6.37s
2025-08-19 19:40:20,325:INFO:Epoch: 8800/10000 | Train Loss: 4.062e-02 | Dynamic Loss: 4.062e-02 | Regularization Loss: 0.000e+00 | Val Loss: 6.485e-02 | Time: 6.29s
2025-08-19 19:40:33,497:INFO:Epoch: 8850/10000 | Train Loss: 4.586e-02 | Dynamic Loss: 4.586e-02 | Regularization Loss: 0.000e+00 | Val Loss: 6.653e-02 | Time: 13.17s
2025-08-19 19:40:39,921:INFO:Epoch: 8900/10000 | Train Loss: 4.418e-02 | Dynamic Loss: 4.418e-02 | Regularization Loss: 0.000e+00 | Val Loss: 6.594e-02 | Time: 6.42s
2025-08-19 19:40:46,247:INFO:Epoch: 8950/10000 | Train Loss: 4.483e-02 | Dynamic Loss: 4.483e-02 | Regularization Loss: 0.000e+00 | Val Loss: 5.941e-02 | Time: 6.33s
2025-08-19 19:40:46,248:INFO:New best model found at epoch 8950 with validation loss 5.941e-02. Saving...
2025-08-19 19:40:59,570:INFO:Epoch: 9000/10000 | Train Loss: 4.203e-02 | Dynamic Loss: 4.203e-02 | Regularization Loss: 0.000e+00 | Val Loss: 6.166e-02 | Time: 13.31s
2025-08-19 19:41:05,930:INFO:Epoch: 9050/10000 | Train Loss: 5.010e-02 | Dynamic Loss: 5.010e-02 | Regularization Loss: 0.000e+00 | Val Loss: 6.674e-02 | Time: 6.36s
2025-08-19 19:41:12,286:INFO:Epoch: 9100/10000 | Train Loss: 3.927e-02 | Dynamic Loss: 3.927e-02 | Regularization Loss: 0.000e+00 | Val Loss: 6.248e-02 | Time: 6.36s
2025-08-19 19:41:25,336:INFO:Epoch: 9150/10000 | Train Loss: 4.606e-02 | Dynamic Loss: 4.606e-02 | Regularization Loss: 0.000e+00 | Val Loss: 6.016e-02 | Time: 13.05s
2025-08-19 19:41:31,692:INFO:Epoch: 9200/10000 | Train Loss: 6.225e-02 | Dynamic Loss: 6.225e-02 | Regularization Loss: 0.000e+00 | Val Loss: 7.995e-02 | Time: 6.36s
2025-08-19 19:41:38,040:INFO:Epoch: 9250/10000 | Train Loss: 4.756e-02 | Dynamic Loss: 4.756e-02 | Regularization Loss: 0.000e+00 | Val Loss: 6.141e-02 | Time: 6.35s
2025-08-19 19:41:51,463:INFO:Epoch: 9300/10000 | Train Loss: 4.046e-02 | Dynamic Loss: 4.046e-02 | Regularization Loss: 0.000e+00 | Val Loss: 5.884e-02 | Time: 13.42s
2025-08-19 19:41:51,463:INFO:New best model found at epoch 9300 with validation loss 5.884e-02. Saving...
2025-08-19 19:41:57,851:INFO:Epoch: 9350/10000 | Train Loss: 3.474e-02 | Dynamic Loss: 3.474e-02 | Regularization Loss: 0.000e+00 | Val Loss: 5.303e-02 | Time: 6.37s
2025-08-19 19:41:57,851:INFO:New best model found at epoch 9350 with validation loss 5.303e-02. Saving...
2025-08-19 19:42:04,175:INFO:Epoch: 9400/10000 | Train Loss: 3.335e-02 | Dynamic Loss: 3.335e-02 | Regularization Loss: 0.000e+00 | Val Loss: 5.165e-02 | Time: 6.31s
2025-08-19 19:42:04,175:INFO:New best model found at epoch 9400 with validation loss 5.165e-02. Saving...
2025-08-19 19:42:17,495:INFO:Epoch: 9450/10000 | Train Loss: 3.370e-02 | Dynamic Loss: 3.370e-02 | Regularization Loss: 0.000e+00 | Val Loss: 5.257e-02 | Time: 13.30s
2025-08-19 19:42:23,857:INFO:Epoch: 9500/10000 | Train Loss: 5.268e-02 | Dynamic Loss: 5.268e-02 | Regularization Loss: 0.000e+00 | Val Loss: 6.595e-02 | Time: 6.36s
2025-08-19 19:42:30,218:INFO:Epoch: 9550/10000 | Train Loss: 3.744e-02 | Dynamic Loss: 3.744e-02 | Regularization Loss: 0.000e+00 | Val Loss: 5.933e-02 | Time: 6.36s
2025-08-19 19:42:43,314:INFO:Epoch: 9600/10000 | Train Loss: 4.656e-02 | Dynamic Loss: 4.656e-02 | Regularization Loss: 0.000e+00 | Val Loss: 5.843e-02 | Time: 13.09s
2025-08-19 19:42:49,739:INFO:Epoch: 9650/10000 | Train Loss: 3.421e-02 | Dynamic Loss: 3.421e-02 | Regularization Loss: 0.000e+00 | Val Loss: 5.339e-02 | Time: 6.43s
2025-08-19 19:42:56,165:INFO:Epoch: 9700/10000 | Train Loss: 6.182e-02 | Dynamic Loss: 6.182e-02 | Regularization Loss: 0.000e+00 | Val Loss: 6.413e-02 | Time: 6.43s
2025-08-19 19:43:08,367:INFO:Epoch: 9750/10000 | Train Loss: 3.958e-02 | Dynamic Loss: 3.958e-02 | Regularization Loss: 0.000e+00 | Val Loss: 6.207e-02 | Time: 12.20s
2025-08-19 19:43:14,776:INFO:Epoch: 9800/10000 | Train Loss: 3.650e-02 | Dynamic Loss: 3.650e-02 | Regularization Loss: 0.000e+00 | Val Loss: 5.149e-02 | Time: 6.41s
2025-08-19 19:43:14,776:INFO:New best model found at epoch 9800 with validation loss 5.149e-02. Saving...
2025-08-19 19:43:21,123:INFO:Epoch: 9850/10000 | Train Loss: 3.538e-02 | Dynamic Loss: 3.538e-02 | Regularization Loss: 0.000e+00 | Val Loss: 5.057e-02 | Time: 6.33s
2025-08-19 19:43:21,123:INFO:New best model found at epoch 9850 with validation loss 5.057e-02. Saving...
2025-08-19 19:43:34,265:INFO:Epoch: 9900/10000 | Train Loss: 5.562e-02 | Dynamic Loss: 5.562e-02 | Regularization Loss: 0.000e+00 | Val Loss: 6.188e-02 | Time: 13.13s
2025-08-19 19:43:40,572:INFO:Epoch: 9950/10000 | Train Loss: 9.427e-02 | Dynamic Loss: 9.427e-02 | Regularization Loss: 0.000e+00 | Val Loss: 9.192e-02 | Time: 6.31s
2025-08-19 19:43:46,872:INFO:Epoch: 10000/10000 | Train Loss: 3.878e-02 | Dynamic Loss: 3.878e-02 | Regularization Loss: 0.000e+00 | Val Loss: 5.600e-02 | Time: 6.30s
