2025-08-21 01:55:05,508:INFO:Created DataLoaders with 1194 training samples and 398 validation samples.
2025-08-21 01:55:20,424:INFO:model params: 2512001
2025-08-21 01:55:20,424:INFO:removing projection layer after initialization
2025-08-21 01:55:51,104:INFO:Epoch: 0/40000 | Train Loss: 2.898e+00 | Dynamic Loss: 2.898e+00 | Regularization Loss: 0.000e+00 | Val Loss: 2.723e+00 | Time: 30.57s
2025-08-21 01:55:51,105:INFO:New best model found at epoch 0 with validation loss 2.723e+00. Saving...
2025-08-21 01:55:55,462:INFO:Epoch: 50/40000 | Train Loss: 1.881e+00 | Dynamic Loss: 1.881e+00 | Regularization Loss: 0.000e+00 | Val Loss: 1.926e+00 | Time: 4.17s
2025-08-21 01:55:55,463:INFO:New best model found at epoch 50 with validation loss 1.926e+00. Saving...
2025-08-21 01:55:59,780:INFO:Epoch: 100/40000 | Train Loss: 1.823e+00 | Dynamic Loss: 1.823e+00 | Regularization Loss: 0.000e+00 | Val Loss: 1.822e+00 | Time: 4.20s
2025-08-21 01:55:59,780:INFO:New best model found at epoch 100 with validation loss 1.822e+00. Saving...
2025-08-21 01:56:04,191:INFO:Epoch: 150/40000 | Train Loss: 1.766e+00 | Dynamic Loss: 1.766e+00 | Regularization Loss: 0.000e+00 | Val Loss: 1.777e+00 | Time: 4.28s
2025-08-21 01:56:04,191:INFO:New best model found at epoch 150 with validation loss 1.777e+00. Saving...
2025-08-21 01:56:08,515:INFO:Epoch: 200/40000 | Train Loss: 1.791e+00 | Dynamic Loss: 1.791e+00 | Regularization Loss: 0.000e+00 | Val Loss: 1.743e+00 | Time: 4.19s
2025-08-21 01:56:08,515:INFO:New best model found at epoch 200 with validation loss 1.743e+00. Saving...
2025-08-21 01:56:13,027:INFO:Epoch: 250/40000 | Train Loss: 1.668e+00 | Dynamic Loss: 1.668e+00 | Regularization Loss: 0.000e+00 | Val Loss: 1.724e+00 | Time: 4.39s
2025-08-21 01:56:13,027:INFO:New best model found at epoch 250 with validation loss 1.724e+00. Saving...
2025-08-21 01:56:17,372:INFO:Epoch: 300/40000 | Train Loss: 1.646e+00 | Dynamic Loss: 1.646e+00 | Regularization Loss: 0.000e+00 | Val Loss: 1.704e+00 | Time: 4.21s
2025-08-21 01:56:17,372:INFO:New best model found at epoch 300 with validation loss 1.704e+00. Saving...
2025-08-21 01:56:21,863:INFO:Epoch: 350/40000 | Train Loss: 1.639e+00 | Dynamic Loss: 1.639e+00 | Regularization Loss: 0.000e+00 | Val Loss: 1.685e+00 | Time: 4.36s
2025-08-21 01:56:21,863:INFO:New best model found at epoch 350 with validation loss 1.685e+00. Saving...
2025-08-21 01:56:26,318:INFO:Epoch: 400/40000 | Train Loss: 1.656e+00 | Dynamic Loss: 1.656e+00 | Regularization Loss: 0.000e+00 | Val Loss: 1.686e+00 | Time: 4.31s
2025-08-21 01:56:30,683:INFO:Epoch: 450/40000 | Train Loss: 1.609e+00 | Dynamic Loss: 1.609e+00 | Regularization Loss: 0.000e+00 | Val Loss: 1.660e+00 | Time: 4.27s
2025-08-21 01:56:30,683:INFO:New best model found at epoch 450 with validation loss 1.660e+00. Saving...
2025-08-21 01:56:35,084:INFO:Epoch: 500/40000 | Train Loss: 1.601e+00 | Dynamic Loss: 1.601e+00 | Regularization Loss: 0.000e+00 | Val Loss: 1.654e+00 | Time: 4.28s
2025-08-21 01:56:35,084:INFO:New best model found at epoch 500 with validation loss 1.654e+00. Saving...
2025-08-21 01:56:39,736:INFO:Epoch: 550/40000 | Train Loss: 1.586e+00 | Dynamic Loss: 1.586e+00 | Regularization Loss: 0.000e+00 | Val Loss: 1.642e+00 | Time: 4.41s
2025-08-21 01:56:39,736:INFO:New best model found at epoch 550 with validation loss 1.642e+00. Saving...
2025-08-21 01:56:44,235:INFO:Epoch: 600/40000 | Train Loss: 1.581e+00 | Dynamic Loss: 1.581e+00 | Regularization Loss: 0.000e+00 | Val Loss: 1.639e+00 | Time: 4.37s
2025-08-21 01:56:44,235:INFO:New best model found at epoch 600 with validation loss 1.639e+00. Saving...
2025-08-21 01:56:48,727:INFO:Epoch: 650/40000 | Train Loss: 1.567e+00 | Dynamic Loss: 1.567e+00 | Regularization Loss: 0.000e+00 | Val Loss: 1.628e+00 | Time: 4.37s
2025-08-21 01:56:48,727:INFO:New best model found at epoch 650 with validation loss 1.628e+00. Saving...
2025-08-21 01:56:53,233:INFO:Epoch: 700/40000 | Train Loss: 1.559e+00 | Dynamic Loss: 1.559e+00 | Regularization Loss: 0.000e+00 | Val Loss: 1.621e+00 | Time: 4.38s
2025-08-21 01:56:53,234:INFO:New best model found at epoch 700 with validation loss 1.621e+00. Saving...
2025-08-21 01:56:57,699:INFO:Epoch: 750/40000 | Train Loss: 1.544e+00 | Dynamic Loss: 1.544e+00 | Regularization Loss: 0.000e+00 | Val Loss: 1.611e+00 | Time: 4.34s
2025-08-21 01:56:57,699:INFO:New best model found at epoch 750 with validation loss 1.611e+00. Saving...
2025-08-21 01:57:03,126:INFO:Epoch: 800/40000 | Train Loss: 1.534e+00 | Dynamic Loss: 1.534e+00 | Regularization Loss: 0.000e+00 | Val Loss: 1.603e+00 | Time: 5.30s
2025-08-21 01:57:03,126:INFO:New best model found at epoch 800 with validation loss 1.603e+00. Saving...
2025-08-21 01:57:07,558:INFO:Epoch: 850/40000 | Train Loss: 1.608e+00 | Dynamic Loss: 1.608e+00 | Regularization Loss: 0.000e+00 | Val Loss: 1.617e+00 | Time: 4.31s
2025-08-21 01:57:11,978:INFO:Epoch: 900/40000 | Train Loss: 1.500e+00 | Dynamic Loss: 1.500e+00 | Regularization Loss: 0.000e+00 | Val Loss: 1.571e+00 | Time: 4.32s
2025-08-21 01:57:11,978:INFO:New best model found at epoch 900 with validation loss 1.571e+00. Saving...
2025-08-21 01:57:16,405:INFO:Epoch: 950/40000 | Train Loss: 1.482e+00 | Dynamic Loss: 1.482e+00 | Regularization Loss: 0.000e+00 | Val Loss: 1.558e+00 | Time: 4.31s
2025-08-21 01:57:16,406:INFO:New best model found at epoch 950 with validation loss 1.558e+00. Saving...
2025-08-21 01:57:21,115:INFO:Epoch: 1000/40000 | Train Loss: 1.470e+00 | Dynamic Loss: 1.470e+00 | Regularization Loss: 0.000e+00 | Val Loss: 1.553e+00 | Time: 4.59s
2025-08-21 01:57:21,115:INFO:New best model found at epoch 1000 with validation loss 1.553e+00. Saving...
2025-08-21 01:57:25,730:INFO:Epoch: 1050/40000 | Train Loss: 1.440e+00 | Dynamic Loss: 1.440e+00 | Regularization Loss: 0.000e+00 | Val Loss: 1.512e+00 | Time: 4.49s
2025-08-21 01:57:25,730:INFO:New best model found at epoch 1050 with validation loss 1.512e+00. Saving...
2025-08-21 01:57:30,233:INFO:Epoch: 1100/40000 | Train Loss: 1.438e+00 | Dynamic Loss: 1.438e+00 | Regularization Loss: 0.000e+00 | Val Loss: 1.505e+00 | Time: 4.38s
2025-08-21 01:57:30,233:INFO:New best model found at epoch 1100 with validation loss 1.505e+00. Saving...
2025-08-21 01:57:34,747:INFO:Epoch: 1150/40000 | Train Loss: 1.407e+00 | Dynamic Loss: 1.407e+00 | Regularization Loss: 0.000e+00 | Val Loss: 1.470e+00 | Time: 4.39s
2025-08-21 01:57:34,747:INFO:New best model found at epoch 1150 with validation loss 1.470e+00. Saving...
2025-08-21 01:57:39,240:INFO:Epoch: 1200/40000 | Train Loss: 1.398e+00 | Dynamic Loss: 1.398e+00 | Regularization Loss: 0.000e+00 | Val Loss: 1.462e+00 | Time: 4.37s
2025-08-21 01:57:39,240:INFO:New best model found at epoch 1200 with validation loss 1.462e+00. Saving...
2025-08-21 01:57:43,685:INFO:Epoch: 1250/40000 | Train Loss: 1.484e+00 | Dynamic Loss: 1.484e+00 | Regularization Loss: 0.000e+00 | Val Loss: 1.478e+00 | Time: 4.32s
2025-08-21 01:57:48,118:INFO:Epoch: 1300/40000 | Train Loss: 1.351e+00 | Dynamic Loss: 1.351e+00 | Regularization Loss: 0.000e+00 | Val Loss: 1.419e+00 | Time: 4.33s
2025-08-21 01:57:48,118:INFO:New best model found at epoch 1300 with validation loss 1.419e+00. Saving...
2025-08-21 01:57:52,643:INFO:Epoch: 1350/40000 | Train Loss: 1.337e+00 | Dynamic Loss: 1.337e+00 | Regularization Loss: 0.000e+00 | Val Loss: 1.408e+00 | Time: 4.40s
2025-08-21 01:57:52,643:INFO:New best model found at epoch 1350 with validation loss 1.408e+00. Saving...
2025-08-21 01:57:57,323:INFO:Epoch: 1400/40000 | Train Loss: 1.358e+00 | Dynamic Loss: 1.358e+00 | Regularization Loss: 0.000e+00 | Val Loss: 1.426e+00 | Time: 4.55s
2025-08-21 01:58:01,780:INFO:Epoch: 1450/40000 | Train Loss: 1.291e+00 | Dynamic Loss: 1.291e+00 | Regularization Loss: 0.000e+00 | Val Loss: 1.364e+00 | Time: 4.35s
2025-08-21 01:58:01,780:INFO:New best model found at epoch 1450 with validation loss 1.364e+00. Saving...
2025-08-21 01:58:06,345:INFO:Epoch: 1500/40000 | Train Loss: 1.352e+00 | Dynamic Loss: 1.352e+00 | Regularization Loss: 0.000e+00 | Val Loss: 1.368e+00 | Time: 4.44s
2025-08-21 01:58:10,756:INFO:Epoch: 1550/40000 | Train Loss: 1.238e+00 | Dynamic Loss: 1.238e+00 | Regularization Loss: 0.000e+00 | Val Loss: 1.327e+00 | Time: 4.30s
2025-08-21 01:58:10,757:INFO:New best model found at epoch 1550 with validation loss 1.327e+00. Saving...
2025-08-21 01:58:15,390:INFO:Epoch: 1600/40000 | Train Loss: 1.228e+00 | Dynamic Loss: 1.228e+00 | Regularization Loss: 0.000e+00 | Val Loss: 1.313e+00 | Time: 4.50s
2025-08-21 01:58:15,390:INFO:New best model found at epoch 1600 with validation loss 1.313e+00. Saving...
2025-08-21 01:58:19,904:INFO:Epoch: 1650/40000 | Train Loss: 1.219e+00 | Dynamic Loss: 1.219e+00 | Regularization Loss: 0.000e+00 | Val Loss: 1.288e+00 | Time: 4.39s
2025-08-21 01:58:19,904:INFO:New best model found at epoch 1650 with validation loss 1.288e+00. Saving...
2025-08-21 01:58:24,478:INFO:Epoch: 1700/40000 | Train Loss: 1.221e+00 | Dynamic Loss: 1.221e+00 | Regularization Loss: 0.000e+00 | Val Loss: 1.298e+00 | Time: 4.45s
2025-08-21 01:58:28,982:INFO:Epoch: 1750/40000 | Train Loss: 1.139e+00 | Dynamic Loss: 1.139e+00 | Regularization Loss: 0.000e+00 | Val Loss: 1.226e+00 | Time: 4.40s
2025-08-21 01:58:28,982:INFO:New best model found at epoch 1750 with validation loss 1.226e+00. Saving...
2025-08-21 01:58:33,662:INFO:Epoch: 1800/40000 | Train Loss: 1.132e+00 | Dynamic Loss: 1.132e+00 | Regularization Loss: 0.000e+00 | Val Loss: 1.224e+00 | Time: 4.55s
2025-08-21 01:58:33,663:INFO:New best model found at epoch 1800 with validation loss 1.224e+00. Saving...
2025-08-21 01:58:38,306:INFO:Epoch: 1850/40000 | Train Loss: 1.122e+00 | Dynamic Loss: 1.122e+00 | Regularization Loss: 0.000e+00 | Val Loss: 1.202e+00 | Time: 4.52s
2025-08-21 01:58:38,306:INFO:New best model found at epoch 1850 with validation loss 1.202e+00. Saving...
2025-08-21 01:58:42,852:INFO:Epoch: 1900/40000 | Train Loss: 1.100e+00 | Dynamic Loss: 1.100e+00 | Regularization Loss: 0.000e+00 | Val Loss: 1.199e+00 | Time: 4.42s
2025-08-21 01:58:42,853:INFO:New best model found at epoch 1900 with validation loss 1.199e+00. Saving...
2025-08-21 01:58:47,332:INFO:Epoch: 1950/40000 | Train Loss: 1.130e+00 | Dynamic Loss: 1.130e+00 | Regularization Loss: 0.000e+00 | Val Loss: 1.188e+00 | Time: 4.35s
2025-08-21 01:58:47,332:INFO:New best model found at epoch 1950 with validation loss 1.188e+00. Saving...
2025-08-21 01:58:51,956:INFO:Epoch: 2000/40000 | Train Loss: 1.072e+00 | Dynamic Loss: 1.072e+00 | Regularization Loss: 0.000e+00 | Val Loss: 1.185e+00 | Time: 4.49s
2025-08-21 01:58:51,956:INFO:New best model found at epoch 2000 with validation loss 1.185e+00. Saving...
2025-08-21 01:58:56,556:INFO:Epoch: 2050/40000 | Train Loss: 1.077e+00 | Dynamic Loss: 1.077e+00 | Regularization Loss: 0.000e+00 | Val Loss: 1.135e+00 | Time: 4.48s
2025-08-21 01:58:56,556:INFO:New best model found at epoch 2050 with validation loss 1.135e+00. Saving...
2025-08-21 01:59:01,088:INFO:Epoch: 2100/40000 | Train Loss: 1.072e+00 | Dynamic Loss: 1.072e+00 | Regularization Loss: 0.000e+00 | Val Loss: 1.134e+00 | Time: 4.41s
2025-08-21 01:59:01,088:INFO:New best model found at epoch 2100 with validation loss 1.134e+00. Saving...
2025-08-21 01:59:05,618:INFO:Epoch: 2150/40000 | Train Loss: 1.171e+00 | Dynamic Loss: 1.171e+00 | Regularization Loss: 0.000e+00 | Val Loss: 1.269e+00 | Time: 4.41s
2025-08-21 01:59:10,071:INFO:Epoch: 2200/40000 | Train Loss: 9.517e-01 | Dynamic Loss: 9.517e-01 | Regularization Loss: 0.000e+00 | Val Loss: 1.067e+00 | Time: 4.36s
2025-08-21 01:59:10,071:INFO:New best model found at epoch 2200 with validation loss 1.067e+00. Saving...
2025-08-21 01:59:21,928:INFO:Epoch: 2250/40000 | Train Loss: 9.411e-01 | Dynamic Loss: 9.411e-01 | Regularization Loss: 0.000e+00 | Val Loss: 1.059e+00 | Time: 11.74s
2025-08-21 01:59:21,928:INFO:New best model found at epoch 2250 with validation loss 1.059e+00. Saving...
2025-08-21 01:59:26,420:INFO:Epoch: 2300/40000 | Train Loss: 9.473e-01 | Dynamic Loss: 9.473e-01 | Regularization Loss: 0.000e+00 | Val Loss: 1.062e+00 | Time: 4.37s
2025-08-21 01:59:31,057:INFO:Epoch: 2350/40000 | Train Loss: 1.664e+00 | Dynamic Loss: 1.664e+00 | Regularization Loss: 0.000e+00 | Val Loss: 1.573e+00 | Time: 4.54s
2025-08-21 01:59:35,555:INFO:Epoch: 2400/40000 | Train Loss: 9.050e-01 | Dynamic Loss: 9.050e-01 | Regularization Loss: 0.000e+00 | Val Loss: 1.025e+00 | Time: 4.40s
2025-08-21 01:59:35,555:INFO:New best model found at epoch 2400 with validation loss 1.025e+00. Saving...
2025-08-21 01:59:47,527:INFO:Epoch: 2450/40000 | Train Loss: 1.142e+00 | Dynamic Loss: 1.142e+00 | Regularization Loss: 0.000e+00 | Val Loss: 1.612e+00 | Time: 11.85s
2025-08-21 01:59:52,088:INFO:Epoch: 2500/40000 | Train Loss: 8.869e-01 | Dynamic Loss: 8.869e-01 | Regularization Loss: 0.000e+00 | Val Loss: 1.010e+00 | Time: 4.46s
2025-08-21 01:59:52,088:INFO:New best model found at epoch 2500 with validation loss 1.010e+00. Saving...
2025-08-21 01:59:56,709:INFO:Epoch: 2550/40000 | Train Loss: 8.429e-01 | Dynamic Loss: 8.429e-01 | Regularization Loss: 0.000e+00 | Val Loss: 9.729e-01 | Time: 4.50s
2025-08-21 01:59:56,709:INFO:New best model found at epoch 2550 with validation loss 9.729e-01. Saving...
2025-08-21 02:00:01,206:INFO:Epoch: 2600/40000 | Train Loss: 8.511e-01 | Dynamic Loss: 8.511e-01 | Regularization Loss: 0.000e+00 | Val Loss: 9.881e-01 | Time: 4.38s
2025-08-21 02:00:05,824:INFO:Epoch: 2650/40000 | Train Loss: 8.768e-01 | Dynamic Loss: 8.768e-01 | Regularization Loss: 0.000e+00 | Val Loss: 9.910e-01 | Time: 4.52s
2025-08-21 02:00:10,407:INFO:Epoch: 2700/40000 | Train Loss: 8.543e-01 | Dynamic Loss: 8.543e-01 | Regularization Loss: 0.000e+00 | Val Loss: 1.127e+00 | Time: 4.48s
2025-08-21 02:00:14,945:INFO:Epoch: 2750/40000 | Train Loss: 7.949e-01 | Dynamic Loss: 7.949e-01 | Regularization Loss: 0.000e+00 | Val Loss: 9.295e-01 | Time: 4.44s
2025-08-21 02:00:14,945:INFO:New best model found at epoch 2750 with validation loss 9.295e-01. Saving...
2025-08-21 02:00:19,507:INFO:Epoch: 2800/40000 | Train Loss: 1.040e+00 | Dynamic Loss: 1.040e+00 | Regularization Loss: 0.000e+00 | Val Loss: 1.179e+00 | Time: 4.44s
2025-08-21 02:00:24,099:INFO:Epoch: 2850/40000 | Train Loss: 8.234e-01 | Dynamic Loss: 8.234e-01 | Regularization Loss: 0.000e+00 | Val Loss: 9.621e-01 | Time: 4.49s
2025-08-21 02:00:28,745:INFO:Epoch: 2900/40000 | Train Loss: 7.827e-01 | Dynamic Loss: 7.827e-01 | Regularization Loss: 0.000e+00 | Val Loss: 9.204e-01 | Time: 4.54s
2025-08-21 02:00:28,745:INFO:New best model found at epoch 2900 with validation loss 9.204e-01. Saving...
2025-08-21 02:00:33,272:INFO:Epoch: 2950/40000 | Train Loss: 7.725e-01 | Dynamic Loss: 7.725e-01 | Regularization Loss: 0.000e+00 | Val Loss: 9.077e-01 | Time: 4.40s
2025-08-21 02:00:33,272:INFO:New best model found at epoch 2950 with validation loss 9.077e-01. Saving...
2025-08-21 02:00:37,733:INFO:Epoch: 3000/40000 | Train Loss: 8.120e-01 | Dynamic Loss: 8.120e-01 | Regularization Loss: 0.000e+00 | Val Loss: 9.462e-01 | Time: 4.34s
2025-08-21 02:00:42,315:INFO:Epoch: 3050/40000 | Train Loss: 7.374e-01 | Dynamic Loss: 7.374e-01 | Regularization Loss: 0.000e+00 | Val Loss: 8.758e-01 | Time: 4.48s
2025-08-21 02:00:42,315:INFO:New best model found at epoch 3050 with validation loss 8.758e-01. Saving...
2025-08-21 02:00:46,796:INFO:Epoch: 3100/40000 | Train Loss: 7.441e-01 | Dynamic Loss: 7.441e-01 | Regularization Loss: 0.000e+00 | Val Loss: 8.864e-01 | Time: 4.36s
2025-08-21 02:00:51,379:INFO:Epoch: 3150/40000 | Train Loss: 9.420e-01 | Dynamic Loss: 9.420e-01 | Regularization Loss: 0.000e+00 | Val Loss: 1.009e+00 | Time: 4.48s
2025-08-21 02:00:55,848:INFO:Epoch: 3200/40000 | Train Loss: 7.162e-01 | Dynamic Loss: 7.162e-01 | Regularization Loss: 0.000e+00 | Val Loss: 8.627e-01 | Time: 4.36s
2025-08-21 02:00:55,848:INFO:New best model found at epoch 3200 with validation loss 8.627e-01. Saving...
2025-08-21 02:01:00,523:INFO:Epoch: 3250/40000 | Train Loss: 7.685e-01 | Dynamic Loss: 7.685e-01 | Regularization Loss: 0.000e+00 | Val Loss: 9.094e-01 | Time: 4.42s
2025-08-21 02:01:05,087:INFO:Epoch: 3300/40000 | Train Loss: 7.015e-01 | Dynamic Loss: 7.015e-01 | Regularization Loss: 0.000e+00 | Val Loss: 8.395e-01 | Time: 4.46s
2025-08-21 02:01:05,087:INFO:New best model found at epoch 3300 with validation loss 8.395e-01. Saving...
2025-08-21 02:01:09,654:INFO:Epoch: 3350/40000 | Train Loss: 7.841e-01 | Dynamic Loss: 7.841e-01 | Regularization Loss: 0.000e+00 | Val Loss: 9.203e-01 | Time: 4.44s
2025-08-21 02:01:14,244:INFO:Epoch: 3400/40000 | Train Loss: 6.723e-01 | Dynamic Loss: 6.723e-01 | Regularization Loss: 0.000e+00 | Val Loss: 8.156e-01 | Time: 4.48s
2025-08-21 02:01:14,244:INFO:New best model found at epoch 3400 with validation loss 8.156e-01. Saving...
2025-08-21 02:01:18,736:INFO:Epoch: 3450/40000 | Train Loss: 7.010e-01 | Dynamic Loss: 7.010e-01 | Regularization Loss: 0.000e+00 | Val Loss: 8.400e-01 | Time: 4.37s
2025-08-21 02:01:31,188:INFO:Epoch: 3500/40000 | Train Loss: 6.497e-01 | Dynamic Loss: 6.497e-01 | Regularization Loss: 0.000e+00 | Val Loss: 7.958e-01 | Time: 12.34s
2025-08-21 02:01:31,188:INFO:New best model found at epoch 3500 with validation loss 7.958e-01. Saving...
2025-08-21 02:01:35,838:INFO:Epoch: 3550/40000 | Train Loss: 7.165e-01 | Dynamic Loss: 7.165e-01 | Regularization Loss: 0.000e+00 | Val Loss: 8.523e-01 | Time: 4.52s
2025-08-21 02:01:40,352:INFO:Epoch: 3600/40000 | Train Loss: 6.392e-01 | Dynamic Loss: 6.392e-01 | Regularization Loss: 0.000e+00 | Val Loss: 7.877e-01 | Time: 4.41s
2025-08-21 02:01:40,352:INFO:New best model found at epoch 3600 with validation loss 7.877e-01. Saving...
2025-08-21 02:01:44,980:INFO:Epoch: 3650/40000 | Train Loss: 6.559e-01 | Dynamic Loss: 6.559e-01 | Regularization Loss: 0.000e+00 | Val Loss: 8.082e-01 | Time: 4.50s
2025-08-21 02:01:49,614:INFO:Epoch: 3700/40000 | Train Loss: 6.170e-01 | Dynamic Loss: 6.170e-01 | Regularization Loss: 0.000e+00 | Val Loss: 7.665e-01 | Time: 4.53s
2025-08-21 02:01:49,614:INFO:New best model found at epoch 3700 with validation loss 7.665e-01. Saving...
2025-08-21 02:01:54,259:INFO:Epoch: 3750/40000 | Train Loss: 6.437e-01 | Dynamic Loss: 6.437e-01 | Regularization Loss: 0.000e+00 | Val Loss: 7.947e-01 | Time: 4.52s
2025-08-21 02:01:58,844:INFO:Epoch: 3800/40000 | Train Loss: 6.437e-01 | Dynamic Loss: 6.437e-01 | Regularization Loss: 0.000e+00 | Val Loss: 8.471e-01 | Time: 4.48s
2025-08-21 02:02:03,544:INFO:Epoch: 3850/40000 | Train Loss: 5.944e-01 | Dynamic Loss: 5.944e-01 | Regularization Loss: 0.000e+00 | Val Loss: 7.472e-01 | Time: 4.45s
2025-08-21 02:02:03,544:INFO:New best model found at epoch 3850 with validation loss 7.472e-01. Saving...
2025-08-21 02:02:08,201:INFO:Epoch: 3900/40000 | Train Loss: 7.381e-01 | Dynamic Loss: 7.381e-01 | Regularization Loss: 0.000e+00 | Val Loss: 9.135e-01 | Time: 4.53s
2025-08-21 02:02:12,725:INFO:Epoch: 3950/40000 | Train Loss: 5.928e-01 | Dynamic Loss: 5.928e-01 | Regularization Loss: 0.000e+00 | Val Loss: 7.460e-01 | Time: 4.42s
2025-08-21 02:02:12,725:INFO:New best model found at epoch 3950 with validation loss 7.460e-01. Saving...
2025-08-21 02:02:17,371:INFO:Epoch: 4000/40000 | Train Loss: 5.680e-01 | Dynamic Loss: 5.680e-01 | Regularization Loss: 0.000e+00 | Val Loss: 7.237e-01 | Time: 4.51s
2025-08-21 02:02:17,371:INFO:New best model found at epoch 4000 with validation loss 7.237e-01. Saving...
2025-08-21 02:02:21,928:INFO:Epoch: 4050/40000 | Train Loss: 9.449e-01 | Dynamic Loss: 9.449e-01 | Regularization Loss: 0.000e+00 | Val Loss: 1.069e+00 | Time: 4.43s
2025-08-21 02:02:34,357:INFO:Epoch: 4100/40000 | Train Loss: 6.496e-01 | Dynamic Loss: 6.496e-01 | Regularization Loss: 0.000e+00 | Val Loss: 7.991e-01 | Time: 12.33s
2025-08-21 02:02:38,885:INFO:Epoch: 4150/40000 | Train Loss: 5.967e-01 | Dynamic Loss: 5.967e-01 | Regularization Loss: 0.000e+00 | Val Loss: 7.488e-01 | Time: 4.43s
2025-08-21 02:02:43,410:INFO:Epoch: 4200/40000 | Train Loss: 5.710e-01 | Dynamic Loss: 5.710e-01 | Regularization Loss: 0.000e+00 | Val Loss: 7.253e-01 | Time: 4.43s
