2025-08-18 21:03:18,174:INFO:Created DataLoaders with 5994 training samples and 1998 validation samples.
2025-08-18 21:03:19,664:INFO:model params: 526849
2025-08-18 21:03:21,303:INFO:Epoch: 0/10000 | Train Loss: 1.181e+01 | Dynamic Loss: 3.160e+00 | Regularization Loss: 8.646e+00 | Val Loss: 2.160e+00 | Time: 1.64s
2025-08-18 21:03:21,304:INFO:New best model found at epoch 0 with validation loss 2.160e+00. Saving...
2025-08-18 21:03:26,293:INFO:Epoch: 50/10000 | Train Loss: 1.733e+00 | Dynamic Loss: 1.658e+00 | Regularization Loss: 7.539e-02 | Val Loss: 1.685e+00 | Time: 4.97s
2025-08-18 21:03:26,294:INFO:New best model found at epoch 50 with validation loss 1.685e+00. Saving...
2025-08-18 21:03:31,261:INFO:Epoch: 100/10000 | Train Loss: 1.507e+00 | Dynamic Loss: 1.476e+00 | Regularization Loss: 3.066e-02 | Val Loss: 1.506e+00 | Time: 4.96s
2025-08-18 21:03:31,261:INFO:New best model found at epoch 100 with validation loss 1.506e+00. Saving...
2025-08-18 21:03:36,331:INFO:Epoch: 150/10000 | Train Loss: 1.353e+00 | Dynamic Loss: 1.336e+00 | Regularization Loss: 1.723e-02 | Val Loss: 1.376e+00 | Time: 5.06s
2025-08-18 21:03:36,331:INFO:New best model found at epoch 150 with validation loss 1.376e+00. Saving...
2025-08-18 21:03:41,399:INFO:Epoch: 200/10000 | Train Loss: 1.252e+00 | Dynamic Loss: 1.241e+00 | Regularization Loss: 1.123e-02 | Val Loss: 1.281e+00 | Time: 5.06s
2025-08-18 21:03:41,399:INFO:New best model found at epoch 200 with validation loss 1.281e+00. Saving...
2025-08-18 21:03:46,471:INFO:Epoch: 250/10000 | Train Loss: 1.187e+00 | Dynamic Loss: 1.179e+00 | Regularization Loss: 7.966e-03 | Val Loss: 1.221e+00 | Time: 5.06s
2025-08-18 21:03:46,471:INFO:New best model found at epoch 250 with validation loss 1.221e+00. Saving...
2025-08-18 21:03:55,642:INFO:Epoch: 300/10000 | Train Loss: 1.105e+00 | Dynamic Loss: 1.099e+00 | Regularization Loss: 5.974e-03 | Val Loss: 1.154e+00 | Time: 9.16s
2025-08-18 21:03:55,643:INFO:New best model found at epoch 300 with validation loss 1.154e+00. Saving...
2025-08-18 21:04:00,770:INFO:Epoch: 350/10000 | Train Loss: 1.054e+00 | Dynamic Loss: 1.050e+00 | Regularization Loss: 4.655e-03 | Val Loss: 1.087e+00 | Time: 5.12s
2025-08-18 21:04:00,770:INFO:New best model found at epoch 350 with validation loss 1.087e+00. Saving...
2025-08-18 21:04:05,958:INFO:Epoch: 400/10000 | Train Loss: 9.612e-01 | Dynamic Loss: 9.575e-01 | Regularization Loss: 3.733e-03 | Val Loss: 1.030e+00 | Time: 5.18s
2025-08-18 21:04:05,958:INFO:New best model found at epoch 400 with validation loss 1.030e+00. Saving...
2025-08-18 21:04:11,084:INFO:Epoch: 450/10000 | Train Loss: 9.094e-01 | Dynamic Loss: 9.063e-01 | Regularization Loss: 3.059e-03 | Val Loss: 9.694e-01 | Time: 5.12s
2025-08-18 21:04:11,084:INFO:New best model found at epoch 450 with validation loss 9.694e-01. Saving...
2025-08-18 21:04:16,297:INFO:Epoch: 500/10000 | Train Loss: 8.104e-01 | Dynamic Loss: 8.078e-01 | Regularization Loss: 2.550e-03 | Val Loss: 8.971e-01 | Time: 5.20s
2025-08-18 21:04:16,297:INFO:New best model found at epoch 500 with validation loss 8.971e-01. Saving...
2025-08-18 21:04:21,446:INFO:Epoch: 550/10000 | Train Loss: 8.202e-01 | Dynamic Loss: 8.180e-01 | Regularization Loss: 2.155e-03 | Val Loss: 8.842e-01 | Time: 5.14s
2025-08-18 21:04:21,446:INFO:New best model found at epoch 550 with validation loss 8.842e-01. Saving...
2025-08-18 21:04:26,555:INFO:Epoch: 600/10000 | Train Loss: 7.969e-01 | Dynamic Loss: 7.950e-01 | Regularization Loss: 1.842e-03 | Val Loss: 8.404e-01 | Time: 5.10s
2025-08-18 21:04:26,555:INFO:New best model found at epoch 600 with validation loss 8.404e-01. Saving...
2025-08-18 21:04:37,149:INFO:Epoch: 650/10000 | Train Loss: 7.215e-01 | Dynamic Loss: 7.199e-01 | Regularization Loss: 1.590e-03 | Val Loss: 7.953e-01 | Time: 10.59s
2025-08-18 21:04:37,149:INFO:New best model found at epoch 650 with validation loss 7.953e-01. Saving...
2025-08-18 21:04:42,323:INFO:Epoch: 700/10000 | Train Loss: 6.732e-01 | Dynamic Loss: 6.718e-01 | Regularization Loss: 1.384e-03 | Val Loss: 7.498e-01 | Time: 5.15s
2025-08-18 21:04:42,323:INFO:New best model found at epoch 700 with validation loss 7.498e-01. Saving...
2025-08-18 21:04:47,521:INFO:Epoch: 750/10000 | Train Loss: 6.334e-01 | Dynamic Loss: 6.322e-01 | Regularization Loss: 1.212e-03 | Val Loss: 7.159e-01 | Time: 5.19s
2025-08-18 21:04:47,521:INFO:New best model found at epoch 750 with validation loss 7.159e-01. Saving...
2025-08-18 21:04:52,678:INFO:Epoch: 800/10000 | Train Loss: 6.060e-01 | Dynamic Loss: 6.050e-01 | Regularization Loss: 1.068e-03 | Val Loss: 6.913e-01 | Time: 5.15s
2025-08-18 21:04:52,679:INFO:New best model found at epoch 800 with validation loss 6.913e-01. Saving...
2025-08-18 21:04:57,969:INFO:Epoch: 850/10000 | Train Loss: 5.795e-01 | Dynamic Loss: 5.785e-01 | Regularization Loss: 9.462e-04 | Val Loss: 6.609e-01 | Time: 5.28s
2025-08-18 21:04:57,970:INFO:New best model found at epoch 850 with validation loss 6.609e-01. Saving...
2025-08-18 21:05:03,234:INFO:Epoch: 900/10000 | Train Loss: 5.584e-01 | Dynamic Loss: 5.576e-01 | Regularization Loss: 8.420e-04 | Val Loss: 6.432e-01 | Time: 5.26s
2025-08-18 21:05:03,234:INFO:New best model found at epoch 900 with validation loss 6.432e-01. Saving...
2025-08-18 21:05:08,535:INFO:Epoch: 950/10000 | Train Loss: 7.414e-01 | Dynamic Loss: 7.407e-01 | Regularization Loss: 7.522e-04 | Val Loss: 7.009e-01 | Time: 5.29s
2025-08-18 21:05:13,778:INFO:Epoch: 1000/10000 | Train Loss: 5.201e-01 | Dynamic Loss: 5.194e-01 | Regularization Loss: 6.743e-04 | Val Loss: 6.059e-01 | Time: 5.24s
2025-08-18 21:05:13,778:INFO:New best model found at epoch 1000 with validation loss 6.059e-01. Saving...
2025-08-18 21:05:19,072:INFO:Epoch: 1050/10000 | Train Loss: 5.101e-01 | Dynamic Loss: 5.095e-01 | Regularization Loss: 6.064e-04 | Val Loss: 5.942e-01 | Time: 5.28s
2025-08-18 21:05:19,072:INFO:New best model found at epoch 1050 with validation loss 5.942e-01. Saving...
2025-08-18 21:05:24,293:INFO:Epoch: 1100/10000 | Train Loss: 5.154e-01 | Dynamic Loss: 5.148e-01 | Regularization Loss: 5.468e-04 | Val Loss: 5.966e-01 | Time: 5.21s
2025-08-18 21:05:29,596:INFO:Epoch: 1150/10000 | Train Loss: 4.855e-01 | Dynamic Loss: 4.850e-01 | Regularization Loss: 4.944e-04 | Val Loss: 5.709e-01 | Time: 5.30s
2025-08-18 21:05:29,596:INFO:New best model found at epoch 1150 with validation loss 5.709e-01. Saving...
2025-08-18 21:05:34,801:INFO:Epoch: 1200/10000 | Train Loss: 5.695e-01 | Dynamic Loss: 5.691e-01 | Regularization Loss: 4.479e-04 | Val Loss: 5.975e-01 | Time: 5.20s
2025-08-18 21:05:40,143:INFO:Epoch: 1250/10000 | Train Loss: 4.620e-01 | Dynamic Loss: 4.616e-01 | Regularization Loss: 4.067e-04 | Val Loss: 5.532e-01 | Time: 5.34s
2025-08-18 21:05:40,143:INFO:New best model found at epoch 1250 with validation loss 5.532e-01. Saving...
2025-08-18 21:05:45,388:INFO:Epoch: 1300/10000 | Train Loss: 4.336e-01 | Dynamic Loss: 4.333e-01 | Regularization Loss: 3.699e-04 | Val Loss: 5.374e-01 | Time: 5.24s
2025-08-18 21:05:45,388:INFO:New best model found at epoch 1300 with validation loss 5.374e-01. Saving...
2025-08-18 21:05:50,722:INFO:Epoch: 1350/10000 | Train Loss: 4.232e-01 | Dynamic Loss: 4.229e-01 | Regularization Loss: 3.370e-04 | Val Loss: 5.200e-01 | Time: 5.32s
2025-08-18 21:05:50,722:INFO:New best model found at epoch 1350 with validation loss 5.200e-01. Saving...
2025-08-18 21:05:55,937:INFO:Epoch: 1400/10000 | Train Loss: 4.095e-01 | Dynamic Loss: 4.092e-01 | Regularization Loss: 3.074e-04 | Val Loss: 5.082e-01 | Time: 5.21s
2025-08-18 21:05:55,937:INFO:New best model found at epoch 1400 with validation loss 5.082e-01. Saving...
2025-08-18 21:06:01,217:INFO:Epoch: 1450/10000 | Train Loss: 4.182e-01 | Dynamic Loss: 4.179e-01 | Regularization Loss: 2.809e-04 | Val Loss: 5.102e-01 | Time: 5.27s
2025-08-18 21:06:06,448:INFO:Epoch: 1500/10000 | Train Loss: 3.880e-01 | Dynamic Loss: 3.877e-01 | Regularization Loss: 2.570e-04 | Val Loss: 4.886e-01 | Time: 5.23s
2025-08-18 21:06:06,448:INFO:New best model found at epoch 1500 with validation loss 4.886e-01. Saving...
2025-08-18 21:06:11,694:INFO:Epoch: 1550/10000 | Train Loss: 3.783e-01 | Dynamic Loss: 3.781e-01 | Regularization Loss: 2.353e-04 | Val Loss: 4.806e-01 | Time: 5.24s
2025-08-18 21:06:11,694:INFO:New best model found at epoch 1550 with validation loss 4.806e-01. Saving...
2025-08-18 21:06:17,333:INFO:Epoch: 1600/10000 | Train Loss: 4.299e-01 | Dynamic Loss: 4.297e-01 | Regularization Loss: 2.157e-04 | Val Loss: 5.257e-01 | Time: 5.63s
2025-08-18 21:06:22,578:INFO:Epoch: 1650/10000 | Train Loss: 3.621e-01 | Dynamic Loss: 3.619e-01 | Regularization Loss: 1.979e-04 | Val Loss: 4.621e-01 | Time: 5.24s
2025-08-18 21:06:22,578:INFO:New best model found at epoch 1650 with validation loss 4.621e-01. Saving...
2025-08-18 21:06:29,005:INFO:Epoch: 1700/10000 | Train Loss: 3.511e-01 | Dynamic Loss: 3.509e-01 | Regularization Loss: 1.818e-04 | Val Loss: 4.519e-01 | Time: 6.42s
2025-08-18 21:06:29,005:INFO:New best model found at epoch 1700 with validation loss 4.519e-01. Saving...
2025-08-18 21:06:34,386:INFO:Epoch: 1750/10000 | Train Loss: 3.517e-01 | Dynamic Loss: 3.515e-01 | Regularization Loss: 1.671e-04 | Val Loss: 4.499e-01 | Time: 5.37s
2025-08-18 21:06:34,387:INFO:New best model found at epoch 1750 with validation loss 4.499e-01. Saving...
2025-08-18 21:06:39,644:INFO:Epoch: 1800/10000 | Train Loss: 3.367e-01 | Dynamic Loss: 3.365e-01 | Regularization Loss: 1.537e-04 | Val Loss: 4.382e-01 | Time: 5.25s
2025-08-18 21:06:39,644:INFO:New best model found at epoch 1800 with validation loss 4.382e-01. Saving...
2025-08-18 21:06:44,931:INFO:Epoch: 1850/10000 | Train Loss: 3.289e-01 | Dynamic Loss: 3.287e-01 | Regularization Loss: 1.414e-04 | Val Loss: 4.293e-01 | Time: 5.28s
2025-08-18 21:06:44,931:INFO:New best model found at epoch 1850 with validation loss 4.293e-01. Saving...
2025-08-18 21:06:53,513:INFO:Epoch: 1900/10000 | Train Loss: 3.515e-01 | Dynamic Loss: 3.514e-01 | Regularization Loss: 1.303e-04 | Val Loss: 4.413e-01 | Time: 8.57s
2025-08-18 21:06:58,867:INFO:Epoch: 1950/10000 | Train Loss: 3.283e-01 | Dynamic Loss: 3.282e-01 | Regularization Loss: 1.200e-04 | Val Loss: 4.199e-01 | Time: 5.35s
2025-08-18 21:06:58,867:INFO:New best model found at epoch 1950 with validation loss 4.199e-01. Saving...
2025-08-18 21:07:04,249:INFO:Epoch: 2000/10000 | Train Loss: 3.150e-01 | Dynamic Loss: 3.149e-01 | Regularization Loss: 1.107e-04 | Val Loss: 4.092e-01 | Time: 5.37s
2025-08-18 21:07:04,249:INFO:New best model found at epoch 2000 with validation loss 4.092e-01. Saving...
2025-08-18 21:07:09,606:INFO:Epoch: 2050/10000 | Train Loss: 3.047e-01 | Dynamic Loss: 3.046e-01 | Regularization Loss: 1.021e-04 | Val Loss: 4.024e-01 | Time: 5.35s
2025-08-18 21:07:09,606:INFO:New best model found at epoch 2050 with validation loss 4.024e-01. Saving...
2025-08-18 21:07:15,083:INFO:Epoch: 2100/10000 | Train Loss: 3.025e-01 | Dynamic Loss: 3.025e-01 | Regularization Loss: 9.419e-05 | Val Loss: 3.979e-01 | Time: 5.47s
2025-08-18 21:07:15,083:INFO:New best model found at epoch 2100 with validation loss 3.979e-01. Saving...
2025-08-18 21:07:20,501:INFO:Epoch: 2150/10000 | Train Loss: 2.952e-01 | Dynamic Loss: 2.951e-01 | Regularization Loss: 8.695e-05 | Val Loss: 3.888e-01 | Time: 5.41s
2025-08-18 21:07:20,501:INFO:New best model found at epoch 2150 with validation loss 3.888e-01. Saving...
2025-08-18 21:07:25,975:INFO:Epoch: 2200/10000 | Train Loss: 3.089e-01 | Dynamic Loss: 3.088e-01 | Regularization Loss: 8.030e-05 | Val Loss: 3.925e-01 | Time: 5.46s
2025-08-18 21:07:31,299:INFO:Epoch: 2250/10000 | Train Loss: 3.412e-01 | Dynamic Loss: 3.411e-01 | Regularization Loss: 7.418e-05 | Val Loss: 4.359e-01 | Time: 5.32s
2025-08-18 21:07:36,768:INFO:Epoch: 2300/10000 | Train Loss: 4.119e-01 | Dynamic Loss: 4.119e-01 | Regularization Loss: 6.855e-05 | Val Loss: 5.011e-01 | Time: 5.47s
2025-08-18 21:07:42,098:INFO:Epoch: 2350/10000 | Train Loss: 2.908e-01 | Dynamic Loss: 2.908e-01 | Regularization Loss: 6.336e-05 | Val Loss: 3.801e-01 | Time: 5.33s
2025-08-18 21:07:42,098:INFO:New best model found at epoch 2350 with validation loss 3.801e-01. Saving...
2025-08-18 21:07:47,433:INFO:Epoch: 2400/10000 | Train Loss: 2.754e-01 | Dynamic Loss: 2.753e-01 | Regularization Loss: 5.859e-05 | Val Loss: 3.656e-01 | Time: 5.33s
2025-08-18 21:07:47,434:INFO:New best model found at epoch 2400 with validation loss 3.656e-01. Saving...
2025-08-18 21:07:59,225:INFO:Epoch: 2450/10000 | Train Loss: 4.718e-01 | Dynamic Loss: 4.718e-01 | Regularization Loss: 5.418e-05 | Val Loss: 4.909e-01 | Time: 11.78s
2025-08-18 21:08:04,561:INFO:Epoch: 2500/10000 | Train Loss: 2.654e-01 | Dynamic Loss: 2.653e-01 | Regularization Loss: 5.012e-05 | Val Loss: 3.623e-01 | Time: 5.34s
2025-08-18 21:08:04,561:INFO:New best model found at epoch 2500 with validation loss 3.623e-01. Saving...
2025-08-18 21:08:11,188:INFO:Epoch: 2550/10000 | Train Loss: 2.435e-01 | Dynamic Loss: 2.434e-01 | Regularization Loss: 4.638e-05 | Val Loss: 3.458e-01 | Time: 6.62s
2025-08-18 21:08:11,188:INFO:New best model found at epoch 2550 with validation loss 3.458e-01. Saving...
2025-08-18 21:08:16,491:INFO:Epoch: 2600/10000 | Train Loss: 2.384e-01 | Dynamic Loss: 2.384e-01 | Regularization Loss: 4.292e-05 | Val Loss: 3.408e-01 | Time: 5.29s
2025-08-18 21:08:16,491:INFO:New best model found at epoch 2600 with validation loss 3.408e-01. Saving...
2025-08-18 21:08:22,259:INFO:Epoch: 2650/10000 | Train Loss: 2.366e-01 | Dynamic Loss: 2.366e-01 | Regularization Loss: 3.972e-05 | Val Loss: 3.382e-01 | Time: 5.76s
2025-08-18 21:08:22,259:INFO:New best model found at epoch 2650 with validation loss 3.382e-01. Saving...
2025-08-18 21:08:27,625:INFO:Epoch: 2700/10000 | Train Loss: 2.335e-01 | Dynamic Loss: 2.335e-01 | Regularization Loss: 3.678e-05 | Val Loss: 3.318e-01 | Time: 5.36s
2025-08-18 21:08:27,625:INFO:New best model found at epoch 2700 with validation loss 3.318e-01. Saving...
2025-08-18 21:08:33,044:INFO:Epoch: 2750/10000 | Train Loss: 2.022e-01 | Dynamic Loss: 2.022e-01 | Regularization Loss: 3.405e-05 | Val Loss: 3.174e-01 | Time: 5.41s
2025-08-18 21:08:33,044:INFO:New best model found at epoch 2750 with validation loss 3.174e-01. Saving...
2025-08-18 21:08:38,424:INFO:Epoch: 2800/10000 | Train Loss: 2.535e-01 | Dynamic Loss: 2.534e-01 | Regularization Loss: 3.153e-05 | Val Loss: 3.890e-01 | Time: 5.37s
2025-08-18 21:08:43,891:INFO:Epoch: 2850/10000 | Train Loss: 2.659e-01 | Dynamic Loss: 2.659e-01 | Regularization Loss: 2.920e-05 | Val Loss: 3.562e-01 | Time: 5.47s
2025-08-18 21:08:49,271:INFO:Epoch: 2900/10000 | Train Loss: 1.781e-01 | Dynamic Loss: 1.780e-01 | Regularization Loss: 2.705e-05 | Val Loss: 2.899e-01 | Time: 5.38s
2025-08-18 21:08:49,271:INFO:New best model found at epoch 2900 with validation loss 2.899e-01. Saving...
2025-08-18 21:08:54,745:INFO:Epoch: 2950/10000 | Train Loss: 1.890e-01 | Dynamic Loss: 1.889e-01 | Regularization Loss: 2.506e-05 | Val Loss: 2.924e-01 | Time: 5.46s
2025-08-18 21:09:00,128:INFO:Epoch: 3000/10000 | Train Loss: 1.652e-01 | Dynamic Loss: 1.652e-01 | Regularization Loss: 2.322e-05 | Val Loss: 2.780e-01 | Time: 5.38s
2025-08-18 21:09:00,128:INFO:New best model found at epoch 3000 with validation loss 2.780e-01. Saving...
2025-08-18 21:09:05,558:INFO:Epoch: 3050/10000 | Train Loss: 1.675e-01 | Dynamic Loss: 1.674e-01 | Regularization Loss: 2.151e-05 | Val Loss: 2.786e-01 | Time: 5.42s
2025-08-18 21:09:10,945:INFO:Epoch: 3100/10000 | Train Loss: 1.656e-01 | Dynamic Loss: 1.656e-01 | Regularization Loss: 1.993e-05 | Val Loss: 2.786e-01 | Time: 5.39s
2025-08-18 21:09:16,391:INFO:Epoch: 3150/10000 | Train Loss: 1.603e-01 | Dynamic Loss: 1.603e-01 | Regularization Loss: 1.847e-05 | Val Loss: 2.694e-01 | Time: 5.45s
2025-08-18 21:09:16,391:INFO:New best model found at epoch 3150 with validation loss 2.694e-01. Saving...
2025-08-18 21:09:21,767:INFO:Epoch: 3200/10000 | Train Loss: 1.664e-01 | Dynamic Loss: 1.664e-01 | Regularization Loss: 1.712e-05 | Val Loss: 2.824e-01 | Time: 5.37s
2025-08-18 21:09:27,120:INFO:Epoch: 3250/10000 | Train Loss: 1.602e-01 | Dynamic Loss: 1.602e-01 | Regularization Loss: 1.587e-05 | Val Loss: 2.707e-01 | Time: 5.35s
2025-08-18 21:09:34,533:INFO:Epoch: 3300/10000 | Train Loss: 1.510e-01 | Dynamic Loss: 1.510e-01 | Regularization Loss: 1.471e-05 | Val Loss: 2.654e-01 | Time: 7.41s
2025-08-18 21:09:34,534:INFO:New best model found at epoch 3300 with validation loss 2.654e-01. Saving...
2025-08-18 21:09:39,988:INFO:Epoch: 3350/10000 | Train Loss: 1.569e-01 | Dynamic Loss: 1.569e-01 | Regularization Loss: 1.364e-05 | Val Loss: 2.678e-01 | Time: 5.45s
2025-08-18 21:09:52,347:INFO:Epoch: 3400/10000 | Train Loss: 1.638e-01 | Dynamic Loss: 1.638e-01 | Regularization Loss: 1.264e-05 | Val Loss: 2.791e-01 | Time: 12.36s
2025-08-18 21:09:57,884:INFO:Epoch: 3450/10000 | Train Loss: 1.409e-01 | Dynamic Loss: 1.409e-01 | Regularization Loss: 1.172e-05 | Val Loss: 2.549e-01 | Time: 5.54s
2025-08-18 21:09:57,885:INFO:New best model found at epoch 3450 with validation loss 2.549e-01. Saving...
2025-08-18 21:10:03,361:INFO:Epoch: 3500/10000 | Train Loss: 1.495e-01 | Dynamic Loss: 1.495e-01 | Regularization Loss: 1.086e-05 | Val Loss: 2.594e-01 | Time: 5.47s
2025-08-18 21:10:08,750:INFO:Epoch: 3550/10000 | Train Loss: 1.597e-01 | Dynamic Loss: 1.597e-01 | Regularization Loss: 1.007e-05 | Val Loss: 2.874e-01 | Time: 5.39s
2025-08-18 21:10:15,496:INFO:Epoch: 3600/10000 | Train Loss: 1.564e-01 | Dynamic Loss: 1.564e-01 | Regularization Loss: 9.341e-06 | Val Loss: 2.659e-01 | Time: 6.75s
2025-08-18 21:10:20,922:INFO:Epoch: 3650/10000 | Train Loss: 1.324e-01 | Dynamic Loss: 1.324e-01 | Regularization Loss: 8.661e-06 | Val Loss: 2.481e-01 | Time: 5.43s
2025-08-18 21:10:20,922:INFO:New best model found at epoch 3650 with validation loss 2.481e-01. Saving...
2025-08-18 21:10:29,585:INFO:Epoch: 3700/10000 | Train Loss: 1.415e-01 | Dynamic Loss: 1.415e-01 | Regularization Loss: 8.031e-06 | Val Loss: 2.516e-01 | Time: 8.65s
2025-08-18 21:10:35,008:INFO:Epoch: 3750/10000 | Train Loss: 1.316e-01 | Dynamic Loss: 1.316e-01 | Regularization Loss: 7.447e-06 | Val Loss: 2.432e-01 | Time: 5.42s
2025-08-18 21:10:35,008:INFO:New best model found at epoch 3750 with validation loss 2.432e-01. Saving...
2025-08-18 21:10:40,531:INFO:Epoch: 3800/10000 | Train Loss: 1.279e-01 | Dynamic Loss: 1.279e-01 | Regularization Loss: 6.906e-06 | Val Loss: 2.430e-01 | Time: 5.51s
2025-08-18 21:10:40,531:INFO:New best model found at epoch 3800 with validation loss 2.430e-01. Saving...
2025-08-18 21:10:45,970:INFO:Epoch: 3850/10000 | Train Loss: 1.216e-01 | Dynamic Loss: 1.216e-01 | Regularization Loss: 6.405e-06 | Val Loss: 2.375e-01 | Time: 5.43s
2025-08-18 21:10:45,970:INFO:New best model found at epoch 3850 with validation loss 2.375e-01. Saving...
2025-08-18 21:10:51,492:INFO:Epoch: 3900/10000 | Train Loss: 1.288e-01 | Dynamic Loss: 1.288e-01 | Regularization Loss: 5.940e-06 | Val Loss: 2.397e-01 | Time: 5.51s
2025-08-18 21:10:57,017:INFO:Epoch: 3950/10000 | Train Loss: 1.182e-01 | Dynamic Loss: 1.182e-01 | Regularization Loss: 5.508e-06 | Val Loss: 2.368e-01 | Time: 5.52s
2025-08-18 21:10:57,017:INFO:New best model found at epoch 3950 with validation loss 2.368e-01. Saving...
2025-08-18 21:11:02,562:INFO:Epoch: 4000/10000 | Train Loss: 1.299e-01 | Dynamic Loss: 1.299e-01 | Regularization Loss: 5.108e-06 | Val Loss: 2.445e-01 | Time: 5.54s
2025-08-18 21:11:08,063:INFO:Epoch: 4050/10000 | Train Loss: 1.217e-01 | Dynamic Loss: 1.217e-01 | Regularization Loss: 4.738e-06 | Val Loss: 2.331e-01 | Time: 5.50s
2025-08-18 21:11:08,063:INFO:New best model found at epoch 4050 with validation loss 2.331e-01. Saving...
2025-08-18 21:11:13,635:INFO:Epoch: 4100/10000 | Train Loss: 1.261e-01 | Dynamic Loss: 1.261e-01 | Regularization Loss: 4.395e-06 | Val Loss: 2.456e-01 | Time: 5.56s
2025-08-18 21:11:19,107:INFO:Epoch: 4150/10000 | Train Loss: 1.103e-01 | Dynamic Loss: 1.103e-01 | Regularization Loss: 4.076e-06 | Val Loss: 2.278e-01 | Time: 5.47s
2025-08-18 21:11:19,107:INFO:New best model found at epoch 4150 with validation loss 2.278e-01. Saving...
2025-08-18 21:11:24,598:INFO:Epoch: 4200/10000 | Train Loss: 1.099e-01 | Dynamic Loss: 1.099e-01 | Regularization Loss: 3.781e-06 | Val Loss: 2.247e-01 | Time: 5.48s
2025-08-18 21:11:24,598:INFO:New best model found at epoch 4200 with validation loss 2.247e-01. Saving...
2025-08-18 21:11:30,040:INFO:Epoch: 4250/10000 | Train Loss: 1.117e-01 | Dynamic Loss: 1.117e-01 | Regularization Loss: 3.507e-06 | Val Loss: 2.279e-01 | Time: 5.43s
2025-08-18 21:11:35,552:INFO:Epoch: 4300/10000 | Train Loss: 1.046e-01 | Dynamic Loss: 1.046e-01 | Regularization Loss: 3.253e-06 | Val Loss: 2.228e-01 | Time: 5.51s
2025-08-18 21:11:35,552:INFO:New best model found at epoch 4300 with validation loss 2.228e-01. Saving...
2025-08-18 21:11:40,959:INFO:Epoch: 4350/10000 | Train Loss: 1.171e-01 | Dynamic Loss: 1.171e-01 | Regularization Loss: 3.017e-06 | Val Loss: 2.413e-01 | Time: 5.40s
2025-08-18 21:11:46,544:INFO:Epoch: 4400/10000 | Train Loss: 1.076e-01 | Dynamic Loss: 1.076e-01 | Regularization Loss: 2.798e-06 | Val Loss: 2.230e-01 | Time: 5.59s
2025-08-18 21:11:52,003:INFO:Epoch: 4450/10000 | Train Loss: 1.103e-01 | Dynamic Loss: 1.103e-01 | Regularization Loss: 2.595e-06 | Val Loss: 2.292e-01 | Time: 5.46s
2025-08-18 21:11:57,468:INFO:Epoch: 4500/10000 | Train Loss: 1.024e-01 | Dynamic Loss: 1.024e-01 | Regularization Loss: 2.408e-06 | Val Loss: 2.170e-01 | Time: 5.47s
2025-08-18 21:11:57,469:INFO:New best model found at epoch 4500 with validation loss 2.170e-01. Saving...
2025-08-18 21:12:02,928:INFO:Epoch: 4550/10000 | Train Loss: 1.062e-01 | Dynamic Loss: 1.062e-01 | Regularization Loss: 2.233e-06 | Val Loss: 2.226e-01 | Time: 5.45s
2025-08-18 21:12:08,453:INFO:Epoch: 4600/10000 | Train Loss: 1.001e-01 | Dynamic Loss: 1.001e-01 | Regularization Loss: 2.072e-06 | Val Loss: 2.178e-01 | Time: 5.52s
2025-08-18 21:12:13,942:INFO:Epoch: 4650/10000 | Train Loss: 1.017e-01 | Dynamic Loss: 1.017e-01 | Regularization Loss: 1.922e-06 | Val Loss: 2.190e-01 | Time: 5.49s
2025-08-18 21:12:19,460:INFO:Epoch: 4700/10000 | Train Loss: 1.034e-01 | Dynamic Loss: 1.034e-01 | Regularization Loss: 1.783e-06 | Val Loss: 2.192e-01 | Time: 5.52s
2025-08-18 21:12:24,905:INFO:Epoch: 4750/10000 | Train Loss: 1.048e-01 | Dynamic Loss: 1.048e-01 | Regularization Loss: 1.654e-06 | Val Loss: 2.283e-01 | Time: 5.44s
2025-08-18 21:12:32,647:INFO:Epoch: 4800/10000 | Train Loss: 9.232e-02 | Dynamic Loss: 9.231e-02 | Regularization Loss: 1.534e-06 | Val Loss: 2.120e-01 | Time: 7.74s
2025-08-18 21:12:32,647:INFO:New best model found at epoch 4800 with validation loss 2.120e-01. Saving...
2025-08-18 21:12:38,137:INFO:Epoch: 4850/10000 | Train Loss: 9.134e-02 | Dynamic Loss: 9.134e-02 | Regularization Loss: 1.423e-06 | Val Loss: 2.122e-01 | Time: 5.48s
2025-08-18 21:12:46,116:INFO:Epoch: 4900/10000 | Train Loss: 9.700e-02 | Dynamic Loss: 9.700e-02 | Regularization Loss: 1.320e-06 | Val Loss: 2.150e-01 | Time: 7.98s
2025-08-18 21:12:51,608:INFO:Epoch: 4950/10000 | Train Loss: 9.476e-02 | Dynamic Loss: 9.476e-02 | Regularization Loss: 1.225e-06 | Val Loss: 2.132e-01 | Time: 5.49s
2025-08-18 21:12:59,783:INFO:Epoch: 5000/10000 | Train Loss: 9.647e-02 | Dynamic Loss: 9.647e-02 | Regularization Loss: 1.136e-06 | Val Loss: 2.188e-01 | Time: 8.18s
2025-08-18 21:13:05,212:INFO:Epoch: 5050/10000 | Train Loss: 1.263e-01 | Dynamic Loss: 1.263e-01 | Regularization Loss: 1.054e-06 | Val Loss: 2.325e-01 | Time: 5.43s
2025-08-18 21:13:12,918:INFO:Epoch: 5100/10000 | Train Loss: 8.683e-02 | Dynamic Loss: 8.683e-02 | Regularization Loss: 9.776e-07 | Val Loss: 2.100e-01 | Time: 7.71s
2025-08-18 21:13:12,918:INFO:New best model found at epoch 5100 with validation loss 2.100e-01. Saving...
2025-08-18 21:13:18,438:INFO:Epoch: 5150/10000 | Train Loss: 8.330e-02 | Dynamic Loss: 8.330e-02 | Regularization Loss: 9.069e-07 | Val Loss: 2.071e-01 | Time: 5.51s
2025-08-18 21:13:18,438:INFO:New best model found at epoch 5150 with validation loss 2.071e-01. Saving...
2025-08-18 21:13:26,141:INFO:Epoch: 5200/10000 | Train Loss: 1.135e-01 | Dynamic Loss: 1.135e-01 | Regularization Loss: 8.413e-07 | Val Loss: 2.437e-01 | Time: 7.69s
2025-08-18 21:13:31,658:INFO:Epoch: 5250/10000 | Train Loss: 8.411e-02 | Dynamic Loss: 8.411e-02 | Regularization Loss: 7.805e-07 | Val Loss: 2.088e-01 | Time: 5.52s
2025-08-18 21:13:40,767:INFO:Epoch: 5300/10000 | Train Loss: 9.504e-02 | Dynamic Loss: 9.504e-02 | Regularization Loss: 7.241e-07 | Val Loss: 2.169e-01 | Time: 9.11s
2025-08-18 21:13:46,229:INFO:Epoch: 5350/10000 | Train Loss: 9.775e-02 | Dynamic Loss: 9.775e-02 | Regularization Loss: 6.718e-07 | Val Loss: 2.350e-01 | Time: 5.46s
2025-08-18 21:13:58,531:INFO:Epoch: 5400/10000 | Train Loss: 1.001e-01 | Dynamic Loss: 1.001e-01 | Regularization Loss: 6.232e-07 | Val Loss: 2.248e-01 | Time: 12.30s
2025-08-18 21:14:04,085:INFO:Epoch: 5450/10000 | Train Loss: 7.981e-02 | Dynamic Loss: 7.981e-02 | Regularization Loss: 5.781e-07 | Val Loss: 2.093e-01 | Time: 5.55s
2025-08-18 21:14:09,579:INFO:Epoch: 5500/10000 | Train Loss: 7.673e-02 | Dynamic Loss: 7.673e-02 | Regularization Loss: 5.364e-07 | Val Loss: 2.041e-01 | Time: 5.49s
2025-08-18 21:14:09,579:INFO:New best model found at epoch 5500 with validation loss 2.041e-01. Saving...
2025-08-18 21:14:15,173:INFO:Epoch: 5550/10000 | Train Loss: 7.451e-02 | Dynamic Loss: 7.451e-02 | Regularization Loss: 4.976e-07 | Val Loss: 2.029e-01 | Time: 5.58s
2025-08-18 21:14:15,173:INFO:New best model found at epoch 5550 with validation loss 2.029e-01. Saving...
2025-08-18 21:14:20,686:INFO:Epoch: 5600/10000 | Train Loss: 8.152e-02 | Dynamic Loss: 8.152e-02 | Regularization Loss: 4.616e-07 | Val Loss: 2.089e-01 | Time: 5.50s
2025-08-18 21:14:26,248:INFO:Epoch: 5650/10000 | Train Loss: 7.567e-02 | Dynamic Loss: 7.567e-02 | Regularization Loss: 4.282e-07 | Val Loss: 2.046e-01 | Time: 5.56s
2025-08-18 21:14:31,726:INFO:Epoch: 5700/10000 | Train Loss: 7.649e-02 | Dynamic Loss: 7.649e-02 | Regularization Loss: 3.973e-07 | Val Loss: 2.073e-01 | Time: 5.48s
2025-08-18 21:14:37,342:INFO:Epoch: 5750/10000 | Train Loss: 7.559e-02 | Dynamic Loss: 7.559e-02 | Regularization Loss: 3.686e-07 | Val Loss: 2.121e-01 | Time: 5.62s
2025-08-18 21:14:42,931:INFO:Epoch: 5800/10000 | Train Loss: 7.601e-02 | Dynamic Loss: 7.601e-02 | Regularization Loss: 3.419e-07 | Val Loss: 2.016e-01 | Time: 5.59s
2025-08-18 21:14:42,932:INFO:New best model found at epoch 5800 with validation loss 2.016e-01. Saving...
2025-08-18 21:14:48,481:INFO:Epoch: 5850/10000 | Train Loss: 7.290e-02 | Dynamic Loss: 7.289e-02 | Regularization Loss: 3.172e-07 | Val Loss: 2.014e-01 | Time: 5.52s
2025-08-18 21:14:48,481:INFO:New best model found at epoch 5850 with validation loss 2.014e-01. Saving...
2025-08-18 21:14:54,045:INFO:Epoch: 5900/10000 | Train Loss: 6.802e-02 | Dynamic Loss: 6.802e-02 | Regularization Loss: 2.943e-07 | Val Loss: 2.004e-01 | Time: 5.55s
2025-08-18 21:14:54,045:INFO:New best model found at epoch 5900 with validation loss 2.004e-01. Saving...
2025-08-18 21:14:59,609:INFO:Epoch: 5950/10000 | Train Loss: 1.423e-01 | Dynamic Loss: 1.423e-01 | Regularization Loss: 2.730e-07 | Val Loss: 2.226e-01 | Time: 5.56s
2025-08-18 21:15:05,085:INFO:Epoch: 6000/10000 | Train Loss: 7.201e-02 | Dynamic Loss: 7.201e-02 | Regularization Loss: 2.533e-07 | Val Loss: 2.002e-01 | Time: 5.47s
2025-08-18 21:15:05,085:INFO:New best model found at epoch 6000 with validation loss 2.002e-01. Saving...
2025-08-18 21:15:10,464:INFO:Epoch: 6050/10000 | Train Loss: 7.301e-02 | Dynamic Loss: 7.301e-02 | Regularization Loss: 2.350e-07 | Val Loss: 2.017e-01 | Time: 5.37s
2025-08-18 21:15:15,819:INFO:Epoch: 6100/10000 | Train Loss: 6.242e-02 | Dynamic Loss: 6.242e-02 | Regularization Loss: 2.180e-07 | Val Loss: 1.949e-01 | Time: 5.35s
2025-08-18 21:15:15,819:INFO:New best model found at epoch 6100 with validation loss 1.949e-01. Saving...
2025-08-18 21:15:21,190:INFO:Epoch: 6150/10000 | Train Loss: 6.610e-02 | Dynamic Loss: 6.610e-02 | Regularization Loss: 2.022e-07 | Val Loss: 2.003e-01 | Time: 5.36s
2025-08-18 21:15:26,545:INFO:Epoch: 6200/10000 | Train Loss: 6.134e-02 | Dynamic Loss: 6.134e-02 | Regularization Loss: 1.876e-07 | Val Loss: 1.936e-01 | Time: 5.35s
2025-08-18 21:15:26,546:INFO:New best model found at epoch 6200 with validation loss 1.936e-01. Saving...
2025-08-18 21:15:31,844:INFO:Epoch: 6250/10000 | Train Loss: 6.456e-02 | Dynamic Loss: 6.456e-02 | Regularization Loss: 1.741e-07 | Val Loss: 1.976e-01 | Time: 5.29s
2025-08-18 21:15:37,135:INFO:Epoch: 6300/10000 | Train Loss: 5.907e-02 | Dynamic Loss: 5.907e-02 | Regularization Loss: 1.615e-07 | Val Loss: 1.933e-01 | Time: 5.29s
2025-08-18 21:15:37,135:INFO:New best model found at epoch 6300 with validation loss 1.933e-01. Saving...
2025-08-18 21:15:47,803:INFO:Epoch: 6350/10000 | Train Loss: 6.098e-02 | Dynamic Loss: 6.098e-02 | Regularization Loss: 1.498e-07 | Val Loss: 1.951e-01 | Time: 10.66s
2025-08-18 21:15:53,192:INFO:Epoch: 6400/10000 | Train Loss: 1.061e-01 | Dynamic Loss: 1.061e-01 | Regularization Loss: 1.390e-07 | Val Loss: 2.130e-01 | Time: 5.39s
2025-08-18 21:15:58,521:INFO:Epoch: 6450/10000 | Train Loss: 6.998e-02 | Dynamic Loss: 6.998e-02 | Regularization Loss: 1.289e-07 | Val Loss: 1.965e-01 | Time: 5.33s
2025-08-18 21:16:10,817:INFO:Epoch: 6500/10000 | Train Loss: 6.213e-02 | Dynamic Loss: 6.213e-02 | Regularization Loss: 1.196e-07 | Val Loss: 1.961e-01 | Time: 12.30s
2025-08-18 21:16:16,134:INFO:Epoch: 6550/10000 | Train Loss: 6.529e-02 | Dynamic Loss: 6.529e-02 | Regularization Loss: 1.110e-07 | Val Loss: 1.948e-01 | Time: 5.32s
2025-08-18 21:16:21,418:INFO:Epoch: 6600/10000 | Train Loss: 5.328e-02 | Dynamic Loss: 5.328e-02 | Regularization Loss: 1.030e-07 | Val Loss: 1.879e-01 | Time: 5.28s
2025-08-18 21:16:21,418:INFO:New best model found at epoch 6600 with validation loss 1.879e-01. Saving...
2025-08-18 21:16:26,751:INFO:Epoch: 6650/10000 | Train Loss: 5.651e-02 | Dynamic Loss: 5.651e-02 | Regularization Loss: 9.551e-08 | Val Loss: 1.909e-01 | Time: 5.32s
2025-08-18 21:16:32,134:INFO:Epoch: 6700/10000 | Train Loss: 5.438e-02 | Dynamic Loss: 5.438e-02 | Regularization Loss: 8.861e-08 | Val Loss: 1.915e-01 | Time: 5.38s
2025-08-18 21:16:37,433:INFO:Epoch: 6750/10000 | Train Loss: 5.685e-02 | Dynamic Loss: 5.685e-02 | Regularization Loss: 8.221e-08 | Val Loss: 1.905e-01 | Time: 5.30s
2025-08-18 21:16:42,872:INFO:Epoch: 6800/10000 | Train Loss: 1.145e-01 | Dynamic Loss: 1.145e-01 | Regularization Loss: 7.626e-08 | Val Loss: 2.480e-01 | Time: 5.44s
2025-08-18 21:16:48,233:INFO:Epoch: 6850/10000 | Train Loss: 6.200e-02 | Dynamic Loss: 6.200e-02 | Regularization Loss: 7.075e-08 | Val Loss: 1.938e-01 | Time: 5.36s
2025-08-18 21:16:53,541:INFO:Epoch: 6900/10000 | Train Loss: 5.965e-02 | Dynamic Loss: 5.965e-02 | Regularization Loss: 6.564e-08 | Val Loss: 1.979e-01 | Time: 5.31s
2025-08-18 21:16:59,174:INFO:Epoch: 6950/10000 | Train Loss: 5.116e-02 | Dynamic Loss: 5.116e-02 | Regularization Loss: 6.090e-08 | Val Loss: 1.865e-01 | Time: 5.63s
2025-08-18 21:16:59,174:INFO:New best model found at epoch 6950 with validation loss 1.865e-01. Saving...
2025-08-18 21:17:04,514:INFO:Epoch: 7000/10000 | Train Loss: 5.241e-02 | Dynamic Loss: 5.241e-02 | Regularization Loss: 5.650e-08 | Val Loss: 1.868e-01 | Time: 5.33s
2025-08-18 21:17:09,849:INFO:Epoch: 7050/10000 | Train Loss: 4.860e-02 | Dynamic Loss: 4.860e-02 | Regularization Loss: 5.242e-08 | Val Loss: 1.845e-01 | Time: 5.33s
2025-08-18 21:17:09,849:INFO:New best model found at epoch 7050 with validation loss 1.845e-01. Saving...
2025-08-18 21:17:20,979:INFO:Epoch: 7100/10000 | Train Loss: 4.891e-02 | Dynamic Loss: 4.891e-02 | Regularization Loss: 4.863e-08 | Val Loss: 1.845e-01 | Time: 11.12s
2025-08-18 21:17:20,980:INFO:New best model found at epoch 7100 with validation loss 1.845e-01. Saving...
2025-08-18 21:17:26,329:INFO:Epoch: 7150/10000 | Train Loss: 5.291e-02 | Dynamic Loss: 5.291e-02 | Regularization Loss: 4.512e-08 | Val Loss: 1.844e-01 | Time: 5.34s
2025-08-18 21:17:26,329:INFO:New best model found at epoch 7150 with validation loss 1.844e-01. Saving...
2025-08-18 21:17:31,595:INFO:Epoch: 7200/10000 | Train Loss: 5.936e-02 | Dynamic Loss: 5.936e-02 | Regularization Loss: 4.186e-08 | Val Loss: 1.980e-01 | Time: 5.26s
2025-08-18 21:17:43,697:INFO:Epoch: 7250/10000 | Train Loss: 5.372e-02 | Dynamic Loss: 5.372e-02 | Regularization Loss: 3.883e-08 | Val Loss: 1.907e-01 | Time: 12.10s
2025-08-18 21:17:49,083:INFO:Epoch: 7300/10000 | Train Loss: 4.777e-02 | Dynamic Loss: 4.777e-02 | Regularization Loss: 3.603e-08 | Val Loss: 1.849e-01 | Time: 5.39s
2025-08-18 21:17:54,383:INFO:Epoch: 7350/10000 | Train Loss: 4.778e-02 | Dynamic Loss: 4.778e-02 | Regularization Loss: 3.343e-08 | Val Loss: 1.837e-01 | Time: 5.30s
2025-08-18 21:17:54,383:INFO:New best model found at epoch 7350 with validation loss 1.837e-01. Saving...
2025-08-18 21:18:06,044:INFO:Epoch: 7400/10000 | Train Loss: 4.704e-02 | Dynamic Loss: 4.704e-02 | Regularization Loss: 3.101e-08 | Val Loss: 1.850e-01 | Time: 11.65s
2025-08-18 21:18:11,335:INFO:Epoch: 7450/10000 | Train Loss: 5.680e-02 | Dynamic Loss: 5.680e-02 | Regularization Loss: 2.877e-08 | Val Loss: 1.940e-01 | Time: 5.29s
2025-08-18 21:18:16,573:INFO:Epoch: 7500/10000 | Train Loss: 5.454e-02 | Dynamic Loss: 5.454e-02 | Regularization Loss: 2.670e-08 | Val Loss: 1.931e-01 | Time: 5.24s
2025-08-18 21:18:23,277:INFO:Epoch: 7550/10000 | Train Loss: 5.936e-02 | Dynamic Loss: 5.936e-02 | Regularization Loss: 2.477e-08 | Val Loss: 1.880e-01 | Time: 6.70s
2025-08-18 21:18:28,626:INFO:Epoch: 7600/10000 | Train Loss: 8.549e-02 | Dynamic Loss: 8.549e-02 | Regularization Loss: 2.298e-08 | Val Loss: 1.994e-01 | Time: 5.35s
2025-08-18 21:18:34,087:INFO:Epoch: 7650/10000 | Train Loss: 6.545e-02 | Dynamic Loss: 6.545e-02 | Regularization Loss: 2.132e-08 | Val Loss: 1.980e-01 | Time: 5.46s
2025-08-18 21:18:39,450:INFO:Epoch: 7700/10000 | Train Loss: 4.787e-02 | Dynamic Loss: 4.787e-02 | Regularization Loss: 1.978e-08 | Val Loss: 1.885e-01 | Time: 5.36s
2025-08-18 21:18:44,857:INFO:Epoch: 7750/10000 | Train Loss: 4.179e-02 | Dynamic Loss: 4.179e-02 | Regularization Loss: 1.835e-08 | Val Loss: 1.820e-01 | Time: 5.41s
2025-08-18 21:18:44,857:INFO:New best model found at epoch 7750 with validation loss 1.820e-01. Saving...
2025-08-18 21:18:53,061:INFO:Epoch: 7800/10000 | Train Loss: 4.938e-02 | Dynamic Loss: 4.938e-02 | Regularization Loss: 1.703e-08 | Val Loss: 1.858e-01 | Time: 8.19s
2025-08-18 21:18:58,492:INFO:Epoch: 7850/10000 | Train Loss: 4.865e-02 | Dynamic Loss: 4.865e-02 | Regularization Loss: 1.580e-08 | Val Loss: 1.872e-01 | Time: 5.43s
2025-08-18 21:19:03,775:INFO:Epoch: 7900/10000 | Train Loss: 4.792e-02 | Dynamic Loss: 4.792e-02 | Regularization Loss: 1.466e-08 | Val Loss: 1.829e-01 | Time: 5.28s
2025-08-18 21:19:15,339:INFO:Epoch: 7950/10000 | Train Loss: 6.118e-02 | Dynamic Loss: 6.118e-02 | Regularization Loss: 1.360e-08 | Val Loss: 2.061e-01 | Time: 11.56s
2025-08-18 21:19:20,659:INFO:Epoch: 8000/10000 | Train Loss: 4.714e-02 | Dynamic Loss: 4.714e-02 | Regularization Loss: 1.262e-08 | Val Loss: 1.904e-01 | Time: 5.32s
2025-08-18 21:19:25,972:INFO:Epoch: 8050/10000 | Train Loss: 4.492e-02 | Dynamic Loss: 4.492e-02 | Regularization Loss: 1.170e-08 | Val Loss: 1.827e-01 | Time: 5.31s
2025-08-18 21:19:37,368:INFO:Epoch: 8100/10000 | Train Loss: 3.864e-02 | Dynamic Loss: 3.864e-02 | Regularization Loss: 1.086e-08 | Val Loss: 1.802e-01 | Time: 11.40s
2025-08-18 21:19:37,368:INFO:New best model found at epoch 8100 with validation loss 1.802e-01. Saving...
2025-08-18 21:19:42,751:INFO:Epoch: 8150/10000 | Train Loss: 4.344e-02 | Dynamic Loss: 4.344e-02 | Regularization Loss: 1.007e-08 | Val Loss: 1.831e-01 | Time: 5.37s
2025-08-18 21:19:47,969:INFO:Epoch: 8200/10000 | Train Loss: 4.035e-02 | Dynamic Loss: 4.035e-02 | Regularization Loss: 9.347e-09 | Val Loss: 1.794e-01 | Time: 5.22s
2025-08-18 21:19:47,970:INFO:New best model found at epoch 8200 with validation loss 1.794e-01. Saving...
2025-08-18 21:19:59,287:INFO:Epoch: 8250/10000 | Train Loss: 4.686e-02 | Dynamic Loss: 4.686e-02 | Regularization Loss: 8.672e-09 | Val Loss: 1.871e-01 | Time: 11.31s
2025-08-18 21:20:04,612:INFO:Epoch: 8300/10000 | Train Loss: 4.047e-02 | Dynamic Loss: 4.047e-02 | Regularization Loss: 8.046e-09 | Val Loss: 1.809e-01 | Time: 5.32s
2025-08-18 21:20:09,909:INFO:Epoch: 8350/10000 | Train Loss: 4.120e-02 | Dynamic Loss: 4.120e-02 | Regularization Loss: 7.465e-09 | Val Loss: 1.833e-01 | Time: 5.30s
2025-08-18 21:20:21,073:INFO:Epoch: 8400/10000 | Train Loss: 4.438e-02 | Dynamic Loss: 4.438e-02 | Regularization Loss: 6.926e-09 | Val Loss: 1.843e-01 | Time: 11.16s
2025-08-18 21:20:26,407:INFO:Epoch: 8450/10000 | Train Loss: 3.824e-02 | Dynamic Loss: 3.824e-02 | Regularization Loss: 6.425e-09 | Val Loss: 1.803e-01 | Time: 5.33s
2025-08-18 21:20:31,685:INFO:Epoch: 8500/10000 | Train Loss: 4.681e-02 | Dynamic Loss: 4.681e-02 | Regularization Loss: 5.961e-09 | Val Loss: 1.821e-01 | Time: 5.28s
2025-08-18 21:20:42,795:INFO:Epoch: 8550/10000 | Train Loss: 3.812e-02 | Dynamic Loss: 3.812e-02 | Regularization Loss: 5.531e-09 | Val Loss: 1.787e-01 | Time: 11.11s
2025-08-18 21:20:42,796:INFO:New best model found at epoch 8550 with validation loss 1.787e-01. Saving...
2025-08-18 21:20:48,180:INFO:Epoch: 8600/10000 | Train Loss: 5.125e-02 | Dynamic Loss: 5.125e-02 | Regularization Loss: 5.131e-09 | Val Loss: 1.846e-01 | Time: 5.38s
2025-08-18 21:20:53,571:INFO:Epoch: 8650/10000 | Train Loss: 4.355e-02 | Dynamic Loss: 4.355e-02 | Regularization Loss: 4.761e-09 | Val Loss: 1.911e-01 | Time: 5.39s
2025-08-18 21:21:00,884:INFO:Epoch: 8700/10000 | Train Loss: 3.473e-02 | Dynamic Loss: 3.473e-02 | Regularization Loss: 4.418e-09 | Val Loss: 1.775e-01 | Time: 7.31s
2025-08-18 21:21:00,884:INFO:New best model found at epoch 8700 with validation loss 1.775e-01. Saving...
2025-08-18 21:21:06,263:INFO:Epoch: 8750/10000 | Train Loss: 5.636e-02 | Dynamic Loss: 5.636e-02 | Regularization Loss: 4.100e-09 | Val Loss: 1.917e-01 | Time: 5.37s
2025-08-18 21:21:11,664:INFO:Epoch: 8800/10000 | Train Loss: 4.000e-02 | Dynamic Loss: 4.000e-02 | Regularization Loss: 3.805e-09 | Val Loss: 1.838e-01 | Time: 5.40s
2025-08-18 21:21:17,021:INFO:Epoch: 8850/10000 | Train Loss: 4.608e-02 | Dynamic Loss: 4.608e-02 | Regularization Loss: 3.532e-09 | Val Loss: 1.893e-01 | Time: 5.36s
2025-08-18 21:21:22,368:INFO:Epoch: 8900/10000 | Train Loss: 3.480e-02 | Dynamic Loss: 3.480e-02 | Regularization Loss: 3.277e-09 | Val Loss: 1.764e-01 | Time: 5.35s
2025-08-18 21:21:22,368:INFO:New best model found at epoch 8900 with validation loss 1.764e-01. Saving...
2025-08-18 21:21:32,150:INFO:Epoch: 8950/10000 | Train Loss: 3.911e-02 | Dynamic Loss: 3.911e-02 | Regularization Loss: 3.042e-09 | Val Loss: 1.806e-01 | Time: 9.77s
2025-08-18 21:21:37,465:INFO:Epoch: 9000/10000 | Train Loss: 3.578e-02 | Dynamic Loss: 3.578e-02 | Regularization Loss: 2.823e-09 | Val Loss: 1.775e-01 | Time: 5.31s
2025-08-18 21:21:42,755:INFO:Epoch: 9050/10000 | Train Loss: 3.164e-02 | Dynamic Loss: 3.164e-02 | Regularization Loss: 2.620e-09 | Val Loss: 1.755e-01 | Time: 5.29s
2025-08-18 21:21:42,755:INFO:New best model found at epoch 9050 with validation loss 1.755e-01. Saving...
2025-08-18 21:21:54,553:INFO:Epoch: 9100/10000 | Train Loss: 4.009e-02 | Dynamic Loss: 4.009e-02 | Regularization Loss: 2.431e-09 | Val Loss: 1.803e-01 | Time: 11.79s
2025-08-18 21:21:59,924:INFO:Epoch: 9150/10000 | Train Loss: 4.167e-02 | Dynamic Loss: 4.167e-02 | Regularization Loss: 2.256e-09 | Val Loss: 1.883e-01 | Time: 5.37s
2025-08-18 21:22:05,329:INFO:Epoch: 9200/10000 | Train Loss: 4.090e-02 | Dynamic Loss: 4.090e-02 | Regularization Loss: 2.095e-09 | Val Loss: 1.810e-01 | Time: 5.40s
2025-08-18 21:22:13,525:INFO:Epoch: 9250/10000 | Train Loss: 4.848e-02 | Dynamic Loss: 4.848e-02 | Regularization Loss: 1.944e-09 | Val Loss: 1.863e-01 | Time: 8.20s
2025-08-18 21:22:18,914:INFO:Epoch: 9300/10000 | Train Loss: 5.038e-02 | Dynamic Loss: 5.038e-02 | Regularization Loss: 1.805e-09 | Val Loss: 1.885e-01 | Time: 5.39s
2025-08-18 21:22:24,292:INFO:Epoch: 9350/10000 | Train Loss: 3.488e-02 | Dynamic Loss: 3.488e-02 | Regularization Loss: 1.676e-09 | Val Loss: 1.772e-01 | Time: 5.38s
2025-08-18 21:22:29,678:INFO:Epoch: 9400/10000 | Train Loss: 4.843e-02 | Dynamic Loss: 4.843e-02 | Regularization Loss: 1.556e-09 | Val Loss: 1.892e-01 | Time: 5.39s
