2025-08-18 19:29:21,176:INFO:Created DataLoaders with 5994 training samples and 1998 validation samples.
2025-08-18 19:29:22,667:INFO:model params: 526849
2025-08-18 19:29:25,754:INFO:Epoch: 0/10000 | Train Loss: 1.181e+01 | Dynamic Loss: 3.165e+00 | Regularization Loss: 8.646e+00 | Val Loss: 2.207e+00 | Time: 3.09s
2025-08-18 19:29:25,754:INFO:New best model found at epoch 0 with validation loss 2.207e+00. Saving...
2025-08-18 19:29:30,792:INFO:Epoch: 50/10000 | Train Loss: 1.727e+00 | Dynamic Loss: 1.651e+00 | Regularization Loss: 7.539e-02 | Val Loss: 1.682e+00 | Time: 4.97s
2025-08-18 19:29:30,792:INFO:New best model found at epoch 50 with validation loss 1.682e+00. Saving...
2025-08-18 19:29:35,835:INFO:Epoch: 100/10000 | Train Loss: 1.520e+00 | Dynamic Loss: 1.490e+00 | Regularization Loss: 3.066e-02 | Val Loss: 1.518e+00 | Time: 5.03s
2025-08-18 19:29:35,835:INFO:New best model found at epoch 100 with validation loss 1.518e+00. Saving...
2025-08-18 19:29:40,871:INFO:Epoch: 150/10000 | Train Loss: 1.372e+00 | Dynamic Loss: 1.354e+00 | Regularization Loss: 1.723e-02 | Val Loss: 1.396e+00 | Time: 5.03s
2025-08-18 19:29:40,871:INFO:New best model found at epoch 150 with validation loss 1.396e+00. Saving...
2025-08-18 19:29:51,253:INFO:Epoch: 200/10000 | Train Loss: 1.271e+00 | Dynamic Loss: 1.259e+00 | Regularization Loss: 1.123e-02 | Val Loss: 1.304e+00 | Time: 10.37s
2025-08-18 19:29:51,253:INFO:New best model found at epoch 200 with validation loss 1.304e+00. Saving...
2025-08-18 19:29:56,355:INFO:Epoch: 250/10000 | Train Loss: 1.204e+00 | Dynamic Loss: 1.196e+00 | Regularization Loss: 7.966e-03 | Val Loss: 1.234e+00 | Time: 5.09s
2025-08-18 19:29:56,356:INFO:New best model found at epoch 250 with validation loss 1.234e+00. Saving...
2025-08-18 19:30:01,573:INFO:Epoch: 300/10000 | Train Loss: 1.125e+00 | Dynamic Loss: 1.119e+00 | Regularization Loss: 5.974e-03 | Val Loss: 1.173e+00 | Time: 5.21s
2025-08-18 19:30:01,573:INFO:New best model found at epoch 300 with validation loss 1.173e+00. Saving...
2025-08-18 19:30:06,782:INFO:Epoch: 350/10000 | Train Loss: 1.104e+00 | Dynamic Loss: 1.099e+00 | Regularization Loss: 4.656e-03 | Val Loss: 1.138e+00 | Time: 5.20s
2025-08-18 19:30:06,782:INFO:New best model found at epoch 350 with validation loss 1.138e+00. Saving...
2025-08-18 19:30:11,928:INFO:Epoch: 400/10000 | Train Loss: 9.675e-01 | Dynamic Loss: 9.638e-01 | Regularization Loss: 3.733e-03 | Val Loss: 1.038e+00 | Time: 5.14s
2025-08-18 19:30:11,928:INFO:New best model found at epoch 400 with validation loss 1.038e+00. Saving...
2025-08-18 19:30:23,311:INFO:Epoch: 450/10000 | Train Loss: 9.163e-01 | Dynamic Loss: 9.132e-01 | Regularization Loss: 3.059e-03 | Val Loss: 1.003e+00 | Time: 11.37s
2025-08-18 19:30:23,312:INFO:New best model found at epoch 450 with validation loss 1.003e+00. Saving...
