2025-08-18 15:32:29,868:INFO:Created DataLoaders with 2994 training samples and 998 validation samples.
2025-08-18 15:32:31,026:INFO:model params: 526849
2025-08-18 15:32:32,658:INFO:Epoch: 0/20000 | Train Loss: 1.903e+00 | Dynamic Loss: 1.811e+00 | Regularization Loss: 9.288e-02 | Val Loss: 1.942e+00 | Time: 1.63s
2025-08-18 15:32:32,658:INFO:New best model found at epoch 0 with validation loss 1.942e+00. Saving...
2025-08-18 15:32:37,057:INFO:Epoch: 50/20000 | Train Loss: 1.356e+00 | Dynamic Loss: 1.354e+00 | Regularization Loss: 1.304e-03 | Val Loss: 1.343e+00 | Time: 4.38s
2025-08-18 15:32:37,058:INFO:New best model found at epoch 50 with validation loss 1.343e+00. Saving...
2025-08-18 15:32:46,535:INFO:Epoch: 100/20000 | Train Loss: 1.300e+00 | Dynamic Loss: 1.299e+00 | Regularization Loss: 5.949e-04 | Val Loss: 1.287e+00 | Time: 9.47s
2025-08-18 15:32:46,535:INFO:New best model found at epoch 100 with validation loss 1.287e+00. Saving...
2025-08-18 15:32:51,095:INFO:Epoch: 150/20000 | Train Loss: 1.245e+00 | Dynamic Loss: 1.245e+00 | Regularization Loss: 3.381e-04 | Val Loss: 1.233e+00 | Time: 4.55s
2025-08-18 15:32:51,095:INFO:New best model found at epoch 150 with validation loss 1.233e+00. Saving...
2025-08-18 15:32:55,665:INFO:Epoch: 200/20000 | Train Loss: 1.191e+00 | Dynamic Loss: 1.191e+00 | Regularization Loss: 2.093e-04 | Val Loss: 1.182e+00 | Time: 4.56s
2025-08-18 15:32:55,665:INFO:New best model found at epoch 200 with validation loss 1.182e+00. Saving...
2025-08-18 15:33:00,166:INFO:Epoch: 250/20000 | Train Loss: 1.148e+00 | Dynamic Loss: 1.148e+00 | Regularization Loss: 1.346e-04 | Val Loss: 1.135e+00 | Time: 4.49s
2025-08-18 15:33:00,166:INFO:New best model found at epoch 250 with validation loss 1.135e+00. Saving...
2025-08-18 15:33:10,736:INFO:Epoch: 300/20000 | Train Loss: 1.102e+00 | Dynamic Loss: 1.102e+00 | Regularization Loss: 8.800e-05 | Val Loss: 1.093e+00 | Time: 10.56s
2025-08-18 15:33:10,736:INFO:New best model found at epoch 300 with validation loss 1.093e+00. Saving...
2025-08-18 15:33:15,333:INFO:Epoch: 350/20000 | Train Loss: 1.057e+00 | Dynamic Loss: 1.057e+00 | Regularization Loss: 5.782e-05 | Val Loss: 1.051e+00 | Time: 4.59s
2025-08-18 15:33:15,333:INFO:New best model found at epoch 350 with validation loss 1.051e+00. Saving...
2025-08-18 15:33:20,316:INFO:Epoch: 400/20000 | Train Loss: 1.017e+00 | Dynamic Loss: 1.017e+00 | Regularization Loss: 3.801e-05 | Val Loss: 1.012e+00 | Time: 4.97s
2025-08-18 15:33:20,316:INFO:New best model found at epoch 400 with validation loss 1.012e+00. Saving...
2025-08-18 15:33:28,039:INFO:Epoch: 450/20000 | Train Loss: 9.830e-01 | Dynamic Loss: 9.829e-01 | Regularization Loss: 2.496e-05 | Val Loss: 9.752e-01 | Time: 7.71s
2025-08-18 15:33:28,039:INFO:New best model found at epoch 450 with validation loss 9.752e-01. Saving...
2025-08-18 15:33:32,884:INFO:Epoch: 500/20000 | Train Loss: 9.468e-01 | Dynamic Loss: 9.468e-01 | Regularization Loss: 1.638e-05 | Val Loss: 9.424e-01 | Time: 4.84s
2025-08-18 15:33:32,884:INFO:New best model found at epoch 500 with validation loss 9.424e-01. Saving...
2025-08-18 15:33:37,826:INFO:Epoch: 550/20000 | Train Loss: 9.139e-01 | Dynamic Loss: 9.139e-01 | Regularization Loss: 1.073e-05 | Val Loss: 9.063e-01 | Time: 4.93s
2025-08-18 15:33:37,826:INFO:New best model found at epoch 550 with validation loss 9.063e-01. Saving...
2025-08-18 15:33:47,382:INFO:Epoch: 600/20000 | Train Loss: 8.842e-01 | Dynamic Loss: 8.842e-01 | Regularization Loss: 7.036e-06 | Val Loss: 8.770e-01 | Time: 9.55s
2025-08-18 15:33:47,382:INFO:New best model found at epoch 600 with validation loss 8.770e-01. Saving...
2025-08-18 15:33:51,986:INFO:Epoch: 650/20000 | Train Loss: 8.545e-01 | Dynamic Loss: 8.545e-01 | Regularization Loss: 4.608e-06 | Val Loss: 8.524e-01 | Time: 4.59s
2025-08-18 15:33:51,986:INFO:New best model found at epoch 650 with validation loss 8.524e-01. Saving...
2025-08-18 15:33:56,631:INFO:Epoch: 700/20000 | Train Loss: 8.299e-01 | Dynamic Loss: 8.299e-01 | Regularization Loss: 3.014e-06 | Val Loss: 8.310e-01 | Time: 4.63s
2025-08-18 15:33:56,631:INFO:New best model found at epoch 700 with validation loss 8.310e-01. Saving...
2025-08-18 15:34:06,971:INFO:Epoch: 750/20000 | Train Loss: 8.061e-01 | Dynamic Loss: 8.061e-01 | Regularization Loss: 1.967e-06 | Val Loss: 8.042e-01 | Time: 10.33s
2025-08-18 15:34:06,971:INFO:New best model found at epoch 750 with validation loss 8.042e-01. Saving...
2025-08-18 15:34:11,957:INFO:Epoch: 800/20000 | Train Loss: 7.853e-01 | Dynamic Loss: 7.853e-01 | Regularization Loss: 1.279e-06 | Val Loss: 7.840e-01 | Time: 4.98s
2025-08-18 15:34:11,957:INFO:New best model found at epoch 800 with validation loss 7.840e-01. Saving...
2025-08-18 15:34:16,971:INFO:Epoch: 850/20000 | Train Loss: 7.654e-01 | Dynamic Loss: 7.654e-01 | Regularization Loss: 8.284e-07 | Val Loss: 7.650e-01 | Time: 5.01s
2025-08-18 15:34:16,971:INFO:New best model found at epoch 850 with validation loss 7.650e-01. Saving...
2025-08-18 15:34:25,073:INFO:Epoch: 900/20000 | Train Loss: 7.496e-01 | Dynamic Loss: 7.496e-01 | Regularization Loss: 5.335e-07 | Val Loss: 7.479e-01 | Time: 8.09s
2025-08-18 15:34:25,073:INFO:New best model found at epoch 900 with validation loss 7.479e-01. Saving...
2025-08-18 15:34:29,986:INFO:Epoch: 950/20000 | Train Loss: 7.324e-01 | Dynamic Loss: 7.324e-01 | Regularization Loss: 3.423e-07 | Val Loss: 7.329e-01 | Time: 4.90s
2025-08-18 15:34:29,986:INFO:New best model found at epoch 950 with validation loss 7.329e-01. Saving...
2025-08-18 15:34:34,734:INFO:Epoch: 1000/20000 | Train Loss: 7.142e-01 | Dynamic Loss: 7.142e-01 | Regularization Loss: 2.188e-07 | Val Loss: 7.165e-01 | Time: 4.74s
2025-08-18 15:34:34,734:INFO:New best model found at epoch 1000 with validation loss 7.165e-01. Saving...
2025-08-18 15:34:39,433:INFO:Epoch: 1050/20000 | Train Loss: 6.985e-01 | Dynamic Loss: 6.985e-01 | Regularization Loss: 1.393e-07 | Val Loss: 7.023e-01 | Time: 4.69s
2025-08-18 15:34:39,433:INFO:New best model found at epoch 1050 with validation loss 7.023e-01. Saving...
2025-08-18 15:34:44,130:INFO:Epoch: 1100/20000 | Train Loss: 6.850e-01 | Dynamic Loss: 6.850e-01 | Regularization Loss: 8.850e-08 | Val Loss: 6.910e-01 | Time: 4.69s
2025-08-18 15:34:44,130:INFO:New best model found at epoch 1100 with validation loss 6.910e-01. Saving...
2025-08-18 15:34:50,147:INFO:Epoch: 1150/20000 | Train Loss: 6.714e-01 | Dynamic Loss: 6.714e-01 | Regularization Loss: 5.608e-08 | Val Loss: 6.798e-01 | Time: 6.01s
2025-08-18 15:34:50,147:INFO:New best model found at epoch 1150 with validation loss 6.798e-01. Saving...
2025-08-18 15:34:55,213:INFO:Epoch: 1200/20000 | Train Loss: 6.578e-01 | Dynamic Loss: 6.578e-01 | Regularization Loss: 3.552e-08 | Val Loss: 6.643e-01 | Time: 5.06s
2025-08-18 15:34:55,213:INFO:New best model found at epoch 1200 with validation loss 6.643e-01. Saving...
2025-08-18 15:35:00,178:INFO:Epoch: 1250/20000 | Train Loss: 6.465e-01 | Dynamic Loss: 6.465e-01 | Regularization Loss: 2.254e-08 | Val Loss: 6.537e-01 | Time: 4.96s
2025-08-18 15:35:00,178:INFO:New best model found at epoch 1250 with validation loss 6.537e-01. Saving...
2025-08-18 15:35:10,130:INFO:Epoch: 1300/20000 | Train Loss: 6.341e-01 | Dynamic Loss: 6.341e-01 | Regularization Loss: 1.436e-08 | Val Loss: 6.424e-01 | Time: 9.94s
2025-08-18 15:35:10,130:INFO:New best model found at epoch 1300 with validation loss 6.424e-01. Saving...
2025-08-18 15:35:15,012:INFO:Epoch: 1350/20000 | Train Loss: 6.231e-01 | Dynamic Loss: 6.231e-01 | Regularization Loss: 9.181e-09 | Val Loss: 6.309e-01 | Time: 4.87s
2025-08-18 15:35:15,012:INFO:New best model found at epoch 1350 with validation loss 6.309e-01. Saving...
2025-08-18 15:35:19,878:INFO:Epoch: 1400/20000 | Train Loss: 6.107e-01 | Dynamic Loss: 6.107e-01 | Regularization Loss: 5.925e-09 | Val Loss: 6.218e-01 | Time: 4.86s
2025-08-18 15:35:19,878:INFO:New best model found at epoch 1400 with validation loss 6.218e-01. Saving...
2025-08-18 15:35:24,565:INFO:Epoch: 1450/20000 | Train Loss: 6.008e-01 | Dynamic Loss: 6.008e-01 | Regularization Loss: 3.864e-09 | Val Loss: 6.108e-01 | Time: 4.68s
2025-08-18 15:35:24,565:INFO:New best model found at epoch 1450 with validation loss 6.108e-01. Saving...
2025-08-18 15:35:29,635:INFO:Epoch: 1500/20000 | Train Loss: 5.893e-01 | Dynamic Loss: 5.893e-01 | Regularization Loss: 2.553e-09 | Val Loss: 6.010e-01 | Time: 5.06s
2025-08-18 15:35:29,635:INFO:New best model found at epoch 1500 with validation loss 6.010e-01. Saving...
2025-08-18 15:35:34,734:INFO:Epoch: 1550/20000 | Train Loss: 5.788e-01 | Dynamic Loss: 5.788e-01 | Regularization Loss: 1.718e-09 | Val Loss: 5.908e-01 | Time: 5.09s
2025-08-18 15:35:34,734:INFO:New best model found at epoch 1550 with validation loss 5.908e-01. Saving...
2025-08-18 15:35:39,235:INFO:Epoch: 1600/20000 | Train Loss: 5.676e-01 | Dynamic Loss: 5.676e-01 | Regularization Loss: 1.183e-09 | Val Loss: 5.822e-01 | Time: 4.49s
2025-08-18 15:35:39,235:INFO:New best model found at epoch 1600 with validation loss 5.822e-01. Saving...
2025-08-18 15:35:43,786:INFO:Epoch: 1650/20000 | Train Loss: 5.567e-01 | Dynamic Loss: 5.567e-01 | Regularization Loss: 8.368e-10 | Val Loss: 5.721e-01 | Time: 4.54s
2025-08-18 15:35:43,786:INFO:New best model found at epoch 1650 with validation loss 5.721e-01. Saving...
2025-08-18 15:35:48,656:INFO:Epoch: 1700/20000 | Train Loss: 5.473e-01 | Dynamic Loss: 5.473e-01 | Regularization Loss: 6.075e-10 | Val Loss: 5.622e-01 | Time: 4.86s
2025-08-18 15:35:48,656:INFO:New best model found at epoch 1700 with validation loss 5.622e-01. Saving...
2025-08-18 15:35:53,539:INFO:Epoch: 1750/20000 | Train Loss: 5.377e-01 | Dynamic Loss: 5.377e-01 | Regularization Loss: 4.541e-10 | Val Loss: 5.535e-01 | Time: 4.87s
2025-08-18 15:35:53,539:INFO:New best model found at epoch 1750 with validation loss 5.535e-01. Saving...
2025-08-18 15:35:58,064:INFO:Epoch: 1800/20000 | Train Loss: 5.308e-01 | Dynamic Loss: 5.308e-01 | Regularization Loss: 3.499e-10 | Val Loss: 5.473e-01 | Time: 4.52s
2025-08-18 15:35:58,064:INFO:New best model found at epoch 1800 with validation loss 5.473e-01. Saving...
2025-08-18 15:36:02,885:INFO:Epoch: 1850/20000 | Train Loss: 5.183e-01 | Dynamic Loss: 5.183e-01 | Regularization Loss: 2.781e-10 | Val Loss: 5.344e-01 | Time: 4.81s
2025-08-18 15:36:02,885:INFO:New best model found at epoch 1850 with validation loss 5.344e-01. Saving...
2025-08-18 15:36:07,517:INFO:Epoch: 1900/20000 | Train Loss: 5.073e-01 | Dynamic Loss: 5.073e-01 | Regularization Loss: 2.290e-10 | Val Loss: 5.264e-01 | Time: 4.62s
2025-08-18 15:36:07,517:INFO:New best model found at epoch 1900 with validation loss 5.264e-01. Saving...
2025-08-18 15:36:14,747:INFO:Epoch: 1950/20000 | Train Loss: 5.009e-01 | Dynamic Loss: 5.009e-01 | Regularization Loss: 1.956e-10 | Val Loss: 5.199e-01 | Time: 7.22s
2025-08-18 15:36:14,748:INFO:New best model found at epoch 1950 with validation loss 5.199e-01. Saving...
2025-08-18 15:36:19,336:INFO:Epoch: 2000/20000 | Train Loss: 4.890e-01 | Dynamic Loss: 4.890e-01 | Regularization Loss: 1.732e-10 | Val Loss: 5.105e-01 | Time: 4.58s
2025-08-18 15:36:19,336:INFO:New best model found at epoch 2000 with validation loss 5.105e-01. Saving...
2025-08-18 15:36:23,894:INFO:Epoch: 2050/20000 | Train Loss: 4.799e-01 | Dynamic Loss: 4.799e-01 | Regularization Loss: 1.595e-10 | Val Loss: 5.015e-01 | Time: 4.55s
2025-08-18 15:36:23,894:INFO:New best model found at epoch 2050 with validation loss 5.015e-01. Saving...
2025-08-18 15:36:28,435:INFO:Epoch: 2100/20000 | Train Loss: 4.741e-01 | Dynamic Loss: 4.741e-01 | Regularization Loss: 1.529e-10 | Val Loss: 4.957e-01 | Time: 4.53s
2025-08-18 15:36:28,435:INFO:New best model found at epoch 2100 with validation loss 4.957e-01. Saving...
2025-08-18 15:36:33,102:INFO:Epoch: 2150/20000 | Train Loss: 4.638e-01 | Dynamic Loss: 4.638e-01 | Regularization Loss: 1.523e-10 | Val Loss: 4.866e-01 | Time: 4.66s
2025-08-18 15:36:33,102:INFO:New best model found at epoch 2150 with validation loss 4.866e-01. Saving...
2025-08-18 15:36:43,642:INFO:Epoch: 2200/20000 | Train Loss: 4.555e-01 | Dynamic Loss: 4.555e-01 | Regularization Loss: 1.586e-10 | Val Loss: 4.820e-01 | Time: 10.53s
2025-08-18 15:36:43,642:INFO:New best model found at epoch 2200 with validation loss 4.820e-01. Saving...
2025-08-18 15:36:48,211:INFO:Epoch: 2250/20000 | Train Loss: 4.476e-01 | Dynamic Loss: 4.476e-01 | Regularization Loss: 1.729e-10 | Val Loss: 4.730e-01 | Time: 4.56s
2025-08-18 15:36:48,211:INFO:New best model found at epoch 2250 with validation loss 4.730e-01. Saving...
2025-08-18 15:36:53,093:INFO:Epoch: 2300/20000 | Train Loss: 4.393e-01 | Dynamic Loss: 4.393e-01 | Regularization Loss: 1.963e-10 | Val Loss: 4.677e-01 | Time: 4.87s
2025-08-18 15:36:53,093:INFO:New best model found at epoch 2300 with validation loss 4.677e-01. Saving...
2025-08-18 15:36:58,093:INFO:Epoch: 2350/20000 | Train Loss: 4.329e-01 | Dynamic Loss: 4.329e-01 | Regularization Loss: 2.334e-10 | Val Loss: 4.594e-01 | Time: 4.99s
2025-08-18 15:36:58,093:INFO:New best model found at epoch 2350 with validation loss 4.594e-01. Saving...
2025-08-18 15:37:02,890:INFO:Epoch: 2400/20000 | Train Loss: 4.247e-01 | Dynamic Loss: 4.247e-01 | Regularization Loss: 2.917e-10 | Val Loss: 4.534e-01 | Time: 4.79s
2025-08-18 15:37:02,891:INFO:New best model found at epoch 2400 with validation loss 4.534e-01. Saving...
2025-08-18 15:37:08,923:INFO:Epoch: 2450/20000 | Train Loss: 4.182e-01 | Dynamic Loss: 4.182e-01 | Regularization Loss: 3.808e-10 | Val Loss: 4.461e-01 | Time: 6.02s
2025-08-18 15:37:08,923:INFO:New best model found at epoch 2450 with validation loss 4.461e-01. Saving...
2025-08-18 15:37:13,513:INFO:Epoch: 2500/20000 | Train Loss: 4.099e-01 | Dynamic Loss: 4.099e-01 | Regularization Loss: 5.222e-10 | Val Loss: 4.394e-01 | Time: 4.58s
2025-08-18 15:37:13,513:INFO:New best model found at epoch 2500 with validation loss 4.394e-01. Saving...
2025-08-18 15:37:18,349:INFO:Epoch: 2550/20000 | Train Loss: 4.033e-01 | Dynamic Loss: 4.033e-01 | Regularization Loss: 7.509e-10 | Val Loss: 4.339e-01 | Time: 4.83s
2025-08-18 15:37:18,350:INFO:New best model found at epoch 2550 with validation loss 4.339e-01. Saving...
2025-08-18 15:37:23,299:INFO:Epoch: 2600/20000 | Train Loss: 4.032e-01 | Dynamic Loss: 4.032e-01 | Regularization Loss: 1.131e-09 | Val Loss: 4.282e-01 | Time: 4.94s
2025-08-18 15:37:23,299:INFO:New best model found at epoch 2600 with validation loss 4.282e-01. Saving...
2025-08-18 15:37:27,816:INFO:Epoch: 2650/20000 | Train Loss: 3.939e-01 | Dynamic Loss: 3.939e-01 | Regularization Loss: 1.780e-09 | Val Loss: 4.252e-01 | Time: 4.51s
2025-08-18 15:37:27,816:INFO:New best model found at epoch 2650 with validation loss 4.252e-01. Saving...
2025-08-18 15:37:32,480:INFO:Epoch: 2700/20000 | Train Loss: 3.836e-01 | Dynamic Loss: 3.836e-01 | Regularization Loss: 2.922e-09 | Val Loss: 4.157e-01 | Time: 4.65s
2025-08-18 15:37:32,480:INFO:New best model found at epoch 2700 with validation loss 4.157e-01. Saving...
2025-08-18 15:37:37,311:INFO:Epoch: 2750/20000 | Train Loss: 3.775e-01 | Dynamic Loss: 3.775e-01 | Regularization Loss: 5.099e-09 | Val Loss: 4.134e-01 | Time: 4.82s
2025-08-18 15:37:37,311:INFO:New best model found at epoch 2750 with validation loss 4.134e-01. Saving...
2025-08-18 15:37:42,226:INFO:Epoch: 2800/20000 | Train Loss: 3.737e-01 | Dynamic Loss: 3.737e-01 | Regularization Loss: 9.343e-09 | Val Loss: 4.068e-01 | Time: 4.91s
2025-08-18 15:37:42,226:INFO:New best model found at epoch 2800 with validation loss 4.068e-01. Saving...
2025-08-18 15:37:47,047:INFO:Epoch: 2850/20000 | Train Loss: 3.698e-01 | Dynamic Loss: 3.698e-01 | Regularization Loss: 1.788e-08 | Val Loss: 4.011e-01 | Time: 4.81s
2025-08-18 15:37:47,047:INFO:New best model found at epoch 2850 with validation loss 4.011e-01. Saving...
2025-08-18 15:37:51,731:INFO:Epoch: 2900/20000 | Train Loss: 3.662e-01 | Dynamic Loss: 3.662e-01 | Regularization Loss: 3.600e-08 | Val Loss: 3.989e-01 | Time: 4.68s
2025-08-18 15:37:51,731:INFO:New best model found at epoch 2900 with validation loss 3.989e-01. Saving...
2025-08-18 15:37:56,574:INFO:Epoch: 2950/20000 | Train Loss: 3.604e-01 | Dynamic Loss: 3.604e-01 | Regularization Loss: 7.660e-08 | Val Loss: 4.003e-01 | Time: 4.83s
2025-08-18 15:38:06,262:INFO:Epoch: 3000/20000 | Train Loss: 3.526e-01 | Dynamic Loss: 3.526e-01 | Regularization Loss: 1.715e-07 | Val Loss: 3.873e-01 | Time: 9.69s
2025-08-18 15:38:06,262:INFO:New best model found at epoch 3000 with validation loss 3.873e-01. Saving...
2025-08-18 15:38:10,846:INFO:Epoch: 3050/20000 | Train Loss: 3.439e-01 | Dynamic Loss: 3.439e-01 | Regularization Loss: 4.038e-07 | Val Loss: 3.820e-01 | Time: 4.57s
2025-08-18 15:38:10,846:INFO:New best model found at epoch 3050 with validation loss 3.820e-01. Saving...
2025-08-18 15:38:15,419:INFO:Epoch: 3100/20000 | Train Loss: 3.413e-01 | Dynamic Loss: 3.413e-01 | Regularization Loss: 9.874e-07 | Val Loss: 3.769e-01 | Time: 4.56s
2025-08-18 15:38:15,419:INFO:New best model found at epoch 3100 with validation loss 3.769e-01. Saving...
2025-08-18 15:38:20,007:INFO:Epoch: 3150/20000 | Train Loss: 3.396e-01 | Dynamic Loss: 3.396e-01 | Regularization Loss: 2.471e-06 | Val Loss: 3.758e-01 | Time: 4.58s
2025-08-18 15:38:20,007:INFO:New best model found at epoch 3150 with validation loss 3.758e-01. Saving...
2025-08-18 15:38:24,630:INFO:Epoch: 3200/20000 | Train Loss: 3.325e-01 | Dynamic Loss: 3.325e-01 | Regularization Loss: 6.050e-06 | Val Loss: 3.735e-01 | Time: 4.61s
2025-08-18 15:38:24,631:INFO:New best model found at epoch 3200 with validation loss 3.735e-01. Saving...
2025-08-18 15:38:35,481:INFO:Epoch: 3250/20000 | Train Loss: 3.266e-01 | Dynamic Loss: 3.265e-01 | Regularization Loss: 1.324e-05 | Val Loss: 3.686e-01 | Time: 10.84s
2025-08-18 15:38:35,481:INFO:New best model found at epoch 3250 with validation loss 3.686e-01. Saving...
2025-08-18 15:38:40,497:INFO:Epoch: 3300/20000 | Train Loss: 3.238e-01 | Dynamic Loss: 3.238e-01 | Regularization Loss: 2.299e-05 | Val Loss: 3.619e-01 | Time: 5.01s
2025-08-18 15:38:40,497:INFO:New best model found at epoch 3300 with validation loss 3.619e-01. Saving...
2025-08-18 15:38:45,211:INFO:Epoch: 3350/20000 | Train Loss: 3.193e-01 | Dynamic Loss: 3.193e-01 | Regularization Loss: 3.052e-05 | Val Loss: 3.601e-01 | Time: 4.70s
2025-08-18 15:38:45,211:INFO:New best model found at epoch 3350 with validation loss 3.601e-01. Saving...
2025-08-18 15:38:50,031:INFO:Epoch: 3400/20000 | Train Loss: 3.141e-01 | Dynamic Loss: 3.141e-01 | Regularization Loss: 3.416e-05 | Val Loss: 3.551e-01 | Time: 4.81s
2025-08-18 15:38:50,032:INFO:New best model found at epoch 3400 with validation loss 3.551e-01. Saving...
2025-08-18 15:38:59,595:INFO:Epoch: 3450/20000 | Train Loss: 3.097e-01 | Dynamic Loss: 3.096e-01 | Regularization Loss: 3.558e-05 | Val Loss: 3.542e-01 | Time: 9.55s
2025-08-18 15:38:59,595:INFO:New best model found at epoch 3450 with validation loss 3.542e-01. Saving...
2025-08-18 15:39:04,194:INFO:Epoch: 3500/20000 | Train Loss: 3.048e-01 | Dynamic Loss: 3.048e-01 | Regularization Loss: 3.647e-05 | Val Loss: 3.490e-01 | Time: 4.59s
2025-08-18 15:39:04,194:INFO:New best model found at epoch 3500 with validation loss 3.490e-01. Saving...
2025-08-18 15:39:08,814:INFO:Epoch: 3550/20000 | Train Loss: 3.016e-01 | Dynamic Loss: 3.016e-01 | Regularization Loss: 3.684e-05 | Val Loss: 3.455e-01 | Time: 4.61s
2025-08-18 15:39:08,814:INFO:New best model found at epoch 3550 with validation loss 3.455e-01. Saving...
2025-08-18 15:39:13,356:INFO:Epoch: 3600/20000 | Train Loss: 2.990e-01 | Dynamic Loss: 2.990e-01 | Regularization Loss: 3.713e-05 | Val Loss: 3.411e-01 | Time: 4.53s
2025-08-18 15:39:13,356:INFO:New best model found at epoch 3600 with validation loss 3.411e-01. Saving...
2025-08-18 15:39:23,723:INFO:Epoch: 3650/20000 | Train Loss: 2.955e-01 | Dynamic Loss: 2.955e-01 | Regularization Loss: 3.709e-05 | Val Loss: 3.389e-01 | Time: 10.36s
2025-08-18 15:39:23,723:INFO:New best model found at epoch 3650 with validation loss 3.389e-01. Saving...
2025-08-18 15:39:28,348:INFO:Epoch: 3700/20000 | Train Loss: 2.896e-01 | Dynamic Loss: 2.896e-01 | Regularization Loss: 3.736e-05 | Val Loss: 3.354e-01 | Time: 4.62s
2025-08-18 15:39:28,348:INFO:New best model found at epoch 3700 with validation loss 3.354e-01. Saving...
2025-08-18 15:39:33,353:INFO:Epoch: 3750/20000 | Train Loss: 2.915e-01 | Dynamic Loss: 2.915e-01 | Regularization Loss: 3.747e-05 | Val Loss: 3.382e-01 | Time: 5.00s
2025-08-18 15:39:38,076:INFO:Epoch: 3800/20000 | Train Loss: 2.852e-01 | Dynamic Loss: 2.851e-01 | Regularization Loss: 3.746e-05 | Val Loss: 3.324e-01 | Time: 4.72s
2025-08-18 15:39:38,076:INFO:New best model found at epoch 3800 with validation loss 3.324e-01. Saving...
2025-08-18 15:39:47,444:INFO:Epoch: 3850/20000 | Train Loss: 2.833e-01 | Dynamic Loss: 2.833e-01 | Regularization Loss: 3.756e-05 | Val Loss: 3.304e-01 | Time: 9.36s
2025-08-18 15:39:47,445:INFO:New best model found at epoch 3850 with validation loss 3.304e-01. Saving...
2025-08-18 15:39:52,170:INFO:Epoch: 3900/20000 | Train Loss: 2.816e-01 | Dynamic Loss: 2.816e-01 | Regularization Loss: 3.722e-05 | Val Loss: 3.290e-01 | Time: 4.72s
2025-08-18 15:39:52,170:INFO:New best model found at epoch 3900 with validation loss 3.290e-01. Saving...
2025-08-18 15:39:56,882:INFO:Epoch: 3950/20000 | Train Loss: 2.751e-01 | Dynamic Loss: 2.751e-01 | Regularization Loss: 3.681e-05 | Val Loss: 3.234e-01 | Time: 4.70s
2025-08-18 15:39:56,882:INFO:New best model found at epoch 3950 with validation loss 3.234e-01. Saving...
2025-08-18 15:40:01,835:INFO:Epoch: 4000/20000 | Train Loss: 2.765e-01 | Dynamic Loss: 2.764e-01 | Regularization Loss: 3.624e-05 | Val Loss: 3.276e-01 | Time: 4.94s
2025-08-18 15:40:09,098:INFO:Epoch: 4050/20000 | Train Loss: 2.707e-01 | Dynamic Loss: 2.706e-01 | Regularization Loss: 3.582e-05 | Val Loss: 3.233e-01 | Time: 7.26s
2025-08-18 15:40:09,098:INFO:New best model found at epoch 4050 with validation loss 3.233e-01. Saving...
2025-08-18 15:40:13,915:INFO:Epoch: 4100/20000 | Train Loss: 2.669e-01 | Dynamic Loss: 2.668e-01 | Regularization Loss: 3.505e-05 | Val Loss: 3.163e-01 | Time: 4.81s
2025-08-18 15:40:13,915:INFO:New best model found at epoch 4100 with validation loss 3.163e-01. Saving...
2025-08-18 15:40:18,795:INFO:Epoch: 4150/20000 | Train Loss: 2.696e-01 | Dynamic Loss: 2.695e-01 | Regularization Loss: 3.457e-05 | Val Loss: 3.239e-01 | Time: 4.87s
2025-08-18 15:40:23,619:INFO:Epoch: 4200/20000 | Train Loss: 2.636e-01 | Dynamic Loss: 2.636e-01 | Regularization Loss: 3.372e-05 | Val Loss: 3.153e-01 | Time: 4.82s
2025-08-18 15:40:23,619:INFO:New best model found at epoch 4200 with validation loss 3.153e-01. Saving...
2025-08-18 15:40:28,493:INFO:Epoch: 4250/20000 | Train Loss: 2.616e-01 | Dynamic Loss: 2.616e-01 | Regularization Loss: 3.305e-05 | Val Loss: 3.183e-01 | Time: 4.87s
2025-08-18 15:40:38,320:INFO:Epoch: 4300/20000 | Train Loss: 2.559e-01 | Dynamic Loss: 2.559e-01 | Regularization Loss: 3.202e-05 | Val Loss: 3.082e-01 | Time: 9.83s
2025-08-18 15:40:38,320:INFO:New best model found at epoch 4300 with validation loss 3.082e-01. Saving...
2025-08-18 15:40:43,303:INFO:Epoch: 4350/20000 | Train Loss: 2.546e-01 | Dynamic Loss: 2.545e-01 | Regularization Loss: 3.118e-05 | Val Loss: 3.085e-01 | Time: 4.97s
2025-08-18 15:40:48,236:INFO:Epoch: 4400/20000 | Train Loss: 2.546e-01 | Dynamic Loss: 2.545e-01 | Regularization Loss: 3.039e-05 | Val Loss: 3.085e-01 | Time: 4.93s
2025-08-18 15:40:53,068:INFO:Epoch: 4450/20000 | Train Loss: 2.483e-01 | Dynamic Loss: 2.483e-01 | Regularization Loss: 2.924e-05 | Val Loss: 3.019e-01 | Time: 4.83s
2025-08-18 15:40:53,068:INFO:New best model found at epoch 4450 with validation loss 3.019e-01. Saving...
2025-08-18 15:41:02,459:INFO:Epoch: 4500/20000 | Train Loss: 2.506e-01 | Dynamic Loss: 2.505e-01 | Regularization Loss: 2.827e-05 | Val Loss: 3.056e-01 | Time: 9.38s
2025-08-18 15:41:07,066:INFO:Epoch: 4550/20000 | Train Loss: 2.469e-01 | Dynamic Loss: 2.469e-01 | Regularization Loss: 2.739e-05 | Val Loss: 3.020e-01 | Time: 4.61s
2025-08-18 15:41:11,921:INFO:Epoch: 4600/20000 | Train Loss: 2.427e-01 | Dynamic Loss: 2.427e-01 | Regularization Loss: 2.602e-05 | Val Loss: 2.982e-01 | Time: 4.85s
2025-08-18 15:41:11,921:INFO:New best model found at epoch 4600 with validation loss 2.982e-01. Saving...
2025-08-18 15:41:16,518:INFO:Epoch: 4650/20000 | Train Loss: 2.439e-01 | Dynamic Loss: 2.439e-01 | Regularization Loss: 2.515e-05 | Val Loss: 2.993e-01 | Time: 4.59s
2025-08-18 15:41:21,122:INFO:Epoch: 4700/20000 | Train Loss: 2.379e-01 | Dynamic Loss: 2.379e-01 | Regularization Loss: 2.433e-05 | Val Loss: 2.947e-01 | Time: 4.60s
2025-08-18 15:41:21,122:INFO:New best model found at epoch 4700 with validation loss 2.947e-01. Saving...
2025-08-18 15:41:25,711:INFO:Epoch: 4750/20000 | Train Loss: 2.351e-01 | Dynamic Loss: 2.351e-01 | Regularization Loss: 2.332e-05 | Val Loss: 2.923e-01 | Time: 4.58s
2025-08-18 15:41:25,712:INFO:New best model found at epoch 4750 with validation loss 2.923e-01. Saving...
2025-08-18 15:41:30,357:INFO:Epoch: 4800/20000 | Train Loss: 2.328e-01 | Dynamic Loss: 2.328e-01 | Regularization Loss: 2.261e-05 | Val Loss: 2.919e-01 | Time: 4.64s
2025-08-18 15:41:30,357:INFO:New best model found at epoch 4800 with validation loss 2.919e-01. Saving...
2025-08-18 15:41:34,926:INFO:Epoch: 4850/20000 | Train Loss: 2.335e-01 | Dynamic Loss: 2.334e-01 | Regularization Loss: 2.223e-05 | Val Loss: 2.909e-01 | Time: 4.56s
2025-08-18 15:41:34,927:INFO:New best model found at epoch 4850 with validation loss 2.909e-01. Saving...
2025-08-18 15:41:39,489:INFO:Epoch: 4900/20000 | Train Loss: 2.326e-01 | Dynamic Loss: 2.326e-01 | Regularization Loss: 2.126e-05 | Val Loss: 2.882e-01 | Time: 4.55s
2025-08-18 15:41:39,489:INFO:New best model found at epoch 4900 with validation loss 2.882e-01. Saving...
2025-08-18 15:41:45,535:INFO:Epoch: 4950/20000 | Train Loss: 2.268e-01 | Dynamic Loss: 2.268e-01 | Regularization Loss: 2.060e-05 | Val Loss: 2.870e-01 | Time: 6.04s
2025-08-18 15:41:45,535:INFO:New best model found at epoch 4950 with validation loss 2.870e-01. Saving...
2025-08-18 15:41:50,347:INFO:Epoch: 5000/20000 | Train Loss: 2.277e-01 | Dynamic Loss: 2.277e-01 | Regularization Loss: 1.980e-05 | Val Loss: 2.866e-01 | Time: 4.80s
2025-08-18 15:41:50,347:INFO:New best model found at epoch 5000 with validation loss 2.866e-01. Saving...
2025-08-18 15:41:55,067:INFO:Epoch: 5050/20000 | Train Loss: 2.301e-01 | Dynamic Loss: 2.300e-01 | Regularization Loss: 1.891e-05 | Val Loss: 2.878e-01 | Time: 4.71s
2025-08-18 15:41:59,733:INFO:Epoch: 5100/20000 | Train Loss: 2.252e-01 | Dynamic Loss: 2.252e-01 | Regularization Loss: 1.830e-05 | Val Loss: 2.826e-01 | Time: 4.67s
2025-08-18 15:41:59,733:INFO:New best model found at epoch 5100 with validation loss 2.826e-01. Saving...
2025-08-18 15:42:06,048:INFO:Epoch: 5150/20000 | Train Loss: 2.212e-01 | Dynamic Loss: 2.212e-01 | Regularization Loss: 1.784e-05 | Val Loss: 2.808e-01 | Time: 6.31s
2025-08-18 15:42:06,048:INFO:New best model found at epoch 5150 with validation loss 2.808e-01. Saving...
2025-08-18 15:42:10,626:INFO:Epoch: 5200/20000 | Train Loss: 2.256e-01 | Dynamic Loss: 2.256e-01 | Regularization Loss: 1.734e-05 | Val Loss: 2.813e-01 | Time: 4.57s
2025-08-18 15:42:15,225:INFO:Epoch: 5250/20000 | Train Loss: 2.168e-01 | Dynamic Loss: 2.168e-01 | Regularization Loss: 1.666e-05 | Val Loss: 2.742e-01 | Time: 4.60s
2025-08-18 15:42:15,225:INFO:New best model found at epoch 5250 with validation loss 2.742e-01. Saving...
2025-08-18 15:42:20,133:INFO:Epoch: 5300/20000 | Train Loss: 2.142e-01 | Dynamic Loss: 2.142e-01 | Regularization Loss: 1.613e-05 | Val Loss: 2.733e-01 | Time: 4.90s
2025-08-18 15:42:20,134:INFO:New best model found at epoch 5300 with validation loss 2.733e-01. Saving...
2025-08-18 15:42:25,249:INFO:Epoch: 5350/20000 | Train Loss: 2.114e-01 | Dynamic Loss: 2.114e-01 | Regularization Loss: 1.567e-05 | Val Loss: 2.745e-01 | Time: 5.11s
2025-08-18 15:42:35,550:INFO:Epoch: 5400/20000 | Train Loss: 2.157e-01 | Dynamic Loss: 2.157e-01 | Regularization Loss: 1.511e-05 | Val Loss: 2.740e-01 | Time: 10.30s
2025-08-18 15:42:40,134:INFO:Epoch: 5450/20000 | Train Loss: 2.113e-01 | Dynamic Loss: 2.113e-01 | Regularization Loss: 1.471e-05 | Val Loss: 2.729e-01 | Time: 4.58s
2025-08-18 15:42:40,134:INFO:New best model found at epoch 5450 with validation loss 2.729e-01. Saving...
2025-08-18 15:42:45,167:INFO:Epoch: 5500/20000 | Train Loss: 2.141e-01 | Dynamic Loss: 2.141e-01 | Regularization Loss: 1.430e-05 | Val Loss: 2.716e-01 | Time: 5.02s
2025-08-18 15:42:45,167:INFO:New best model found at epoch 5500 with validation loss 2.716e-01. Saving...
2025-08-18 15:42:49,923:INFO:Epoch: 5550/20000 | Train Loss: 2.102e-01 | Dynamic Loss: 2.102e-01 | Regularization Loss: 1.387e-05 | Val Loss: 2.727e-01 | Time: 4.75s
2025-08-18 15:42:54,774:INFO:Epoch: 5600/20000 | Train Loss: 2.057e-01 | Dynamic Loss: 2.057e-01 | Regularization Loss: 1.356e-05 | Val Loss: 2.668e-01 | Time: 4.85s
2025-08-18 15:42:54,775:INFO:New best model found at epoch 5600 with validation loss 2.668e-01. Saving...
2025-08-18 15:42:59,393:INFO:Epoch: 5650/20000 | Train Loss: 2.051e-01 | Dynamic Loss: 2.051e-01 | Regularization Loss: 1.312e-05 | Val Loss: 2.651e-01 | Time: 4.61s
2025-08-18 15:42:59,394:INFO:New best model found at epoch 5650 with validation loss 2.651e-01. Saving...
2025-08-18 15:43:03,958:INFO:Epoch: 5700/20000 | Train Loss: 2.052e-01 | Dynamic Loss: 2.052e-01 | Regularization Loss: 1.282e-05 | Val Loss: 2.669e-01 | Time: 4.56s
2025-08-18 15:43:08,851:INFO:Epoch: 5750/20000 | Train Loss: 2.062e-01 | Dynamic Loss: 2.062e-01 | Regularization Loss: 1.250e-05 | Val Loss: 2.675e-01 | Time: 4.89s
2025-08-18 15:43:13,516:INFO:Epoch: 5800/20000 | Train Loss: 2.022e-01 | Dynamic Loss: 2.021e-01 | Regularization Loss: 1.212e-05 | Val Loss: 2.620e-01 | Time: 4.67s
2025-08-18 15:43:13,517:INFO:New best model found at epoch 5800 with validation loss 2.620e-01. Saving...
2025-08-18 15:43:23,033:INFO:Epoch: 5850/20000 | Train Loss: 2.011e-01 | Dynamic Loss: 2.011e-01 | Regularization Loss: 1.180e-05 | Val Loss: 2.627e-01 | Time: 9.51s
2025-08-18 15:43:27,664:INFO:Epoch: 5900/20000 | Train Loss: 2.011e-01 | Dynamic Loss: 2.011e-01 | Regularization Loss: 1.150e-05 | Val Loss: 2.677e-01 | Time: 4.63s
2025-08-18 15:43:32,235:INFO:Epoch: 5950/20000 | Train Loss: 1.971e-01 | Dynamic Loss: 1.971e-01 | Regularization Loss: 1.124e-05 | Val Loss: 2.586e-01 | Time: 4.57s
2025-08-18 15:43:32,235:INFO:New best model found at epoch 5950 with validation loss 2.586e-01. Saving...
2025-08-18 15:43:36,921:INFO:Epoch: 6000/20000 | Train Loss: 2.015e-01 | Dynamic Loss: 2.015e-01 | Regularization Loss: 1.094e-05 | Val Loss: 2.617e-01 | Time: 4.68s
2025-08-18 15:43:41,817:INFO:Epoch: 6050/20000 | Train Loss: 1.975e-01 | Dynamic Loss: 1.975e-01 | Regularization Loss: 1.069e-05 | Val Loss: 2.579e-01 | Time: 4.90s
2025-08-18 15:43:41,817:INFO:New best model found at epoch 6050 with validation loss 2.579e-01. Saving...
2025-08-18 15:43:51,882:INFO:Epoch: 6100/20000 | Train Loss: 1.963e-01 | Dynamic Loss: 1.963e-01 | Regularization Loss: 1.041e-05 | Val Loss: 2.600e-01 | Time: 10.06s
2025-08-18 15:43:56,511:INFO:Epoch: 6150/20000 | Train Loss: 1.963e-01 | Dynamic Loss: 1.963e-01 | Regularization Loss: 1.018e-05 | Val Loss: 2.567e-01 | Time: 4.63s
2025-08-18 15:43:56,512:INFO:New best model found at epoch 6150 with validation loss 2.567e-01. Saving...
2025-08-18 15:44:01,141:INFO:Epoch: 6200/20000 | Train Loss: 1.948e-01 | Dynamic Loss: 1.948e-01 | Regularization Loss: 9.985e-06 | Val Loss: 2.593e-01 | Time: 4.62s
2025-08-18 15:44:05,776:INFO:Epoch: 6250/20000 | Train Loss: 1.970e-01 | Dynamic Loss: 1.970e-01 | Regularization Loss: 9.708e-06 | Val Loss: 2.622e-01 | Time: 4.63s
2025-08-18 15:44:10,293:INFO:Epoch: 6300/20000 | Train Loss: 1.930e-01 | Dynamic Loss: 1.930e-01 | Regularization Loss: 9.456e-06 | Val Loss: 2.537e-01 | Time: 4.52s
2025-08-18 15:44:10,293:INFO:New best model found at epoch 6300 with validation loss 2.537e-01. Saving...
2025-08-18 15:44:20,842:INFO:Epoch: 6350/20000 | Train Loss: 1.926e-01 | Dynamic Loss: 1.926e-01 | Regularization Loss: 9.233e-06 | Val Loss: 2.549e-01 | Time: 10.54s
2025-08-18 15:44:25,410:INFO:Epoch: 6400/20000 | Train Loss: 1.902e-01 | Dynamic Loss: 1.902e-01 | Regularization Loss: 9.106e-06 | Val Loss: 2.526e-01 | Time: 4.57s
2025-08-18 15:44:25,410:INFO:New best model found at epoch 6400 with validation loss 2.526e-01. Saving...
2025-08-18 15:44:30,007:INFO:Epoch: 6450/20000 | Train Loss: 1.898e-01 | Dynamic Loss: 1.898e-01 | Regularization Loss: 8.830e-06 | Val Loss: 2.524e-01 | Time: 4.59s
2025-08-18 15:44:30,008:INFO:New best model found at epoch 6450 with validation loss 2.524e-01. Saving...
2025-08-18 15:44:34,994:INFO:Epoch: 6500/20000 | Train Loss: 1.885e-01 | Dynamic Loss: 1.885e-01 | Regularization Loss: 8.578e-06 | Val Loss: 2.502e-01 | Time: 4.98s
2025-08-18 15:44:34,994:INFO:New best model found at epoch 6500 with validation loss 2.502e-01. Saving...
2025-08-18 15:44:39,967:INFO:Epoch: 6550/20000 | Train Loss: 1.925e-01 | Dynamic Loss: 1.925e-01 | Regularization Loss: 8.453e-06 | Val Loss: 2.514e-01 | Time: 4.96s
2025-08-18 15:44:44,594:INFO:Epoch: 6600/20000 | Train Loss: 1.972e-01 | Dynamic Loss: 1.972e-01 | Regularization Loss: 8.150e-06 | Val Loss: 2.585e-01 | Time: 4.63s
2025-08-18 15:44:49,585:INFO:Epoch: 6650/20000 | Train Loss: 1.896e-01 | Dynamic Loss: 1.896e-01 | Regularization Loss: 8.009e-06 | Val Loss: 2.502e-01 | Time: 4.99s
2025-08-18 15:44:54,408:INFO:Epoch: 6700/20000 | Train Loss: 1.933e-01 | Dynamic Loss: 1.933e-01 | Regularization Loss: 7.756e-06 | Val Loss: 2.515e-01 | Time: 4.82s
2025-08-18 15:44:59,262:INFO:Epoch: 6750/20000 | Train Loss: 1.861e-01 | Dynamic Loss: 1.861e-01 | Regularization Loss: 7.620e-06 | Val Loss: 2.510e-01 | Time: 4.85s
2025-08-18 15:45:08,001:INFO:Epoch: 6800/20000 | Train Loss: 2.028e-01 | Dynamic Loss: 2.028e-01 | Regularization Loss: 7.353e-06 | Val Loss: 2.653e-01 | Time: 8.74s
2025-08-18 15:45:12,677:INFO:Epoch: 6850/20000 | Train Loss: 1.901e-01 | Dynamic Loss: 1.901e-01 | Regularization Loss: 7.134e-06 | Val Loss: 2.511e-01 | Time: 4.68s
2025-08-18 15:45:17,502:INFO:Epoch: 6900/20000 | Train Loss: 1.859e-01 | Dynamic Loss: 1.859e-01 | Regularization Loss: 7.101e-06 | Val Loss: 2.490e-01 | Time: 4.82s
2025-08-18 15:45:17,503:INFO:New best model found at epoch 6900 with validation loss 2.490e-01. Saving...
2025-08-18 15:45:22,182:INFO:Epoch: 6950/20000 | Train Loss: 1.867e-01 | Dynamic Loss: 1.867e-01 | Regularization Loss: 6.812e-06 | Val Loss: 2.473e-01 | Time: 4.67s
2025-08-18 15:45:22,182:INFO:New best model found at epoch 6950 with validation loss 2.473e-01. Saving...
2025-08-18 15:45:26,821:INFO:Epoch: 7000/20000 | Train Loss: 1.848e-01 | Dynamic Loss: 1.848e-01 | Regularization Loss: 6.606e-06 | Val Loss: 2.505e-01 | Time: 4.63s
2025-08-18 15:45:37,436:INFO:Epoch: 7050/20000 | Train Loss: 1.815e-01 | Dynamic Loss: 1.815e-01 | Regularization Loss: 6.439e-06 | Val Loss: 2.469e-01 | Time: 10.62s
2025-08-18 15:45:37,436:INFO:New best model found at epoch 7050 with validation loss 2.469e-01. Saving...
2025-08-18 15:45:42,086:INFO:Epoch: 7100/20000 | Train Loss: 1.835e-01 | Dynamic Loss: 1.835e-01 | Regularization Loss: 6.421e-06 | Val Loss: 2.464e-01 | Time: 4.64s
2025-08-18 15:45:42,086:INFO:New best model found at epoch 7100 with validation loss 2.464e-01. Saving...
2025-08-18 15:45:47,063:INFO:Epoch: 7150/20000 | Train Loss: 1.817e-01 | Dynamic Loss: 1.817e-01 | Regularization Loss: 6.122e-06 | Val Loss: 2.448e-01 | Time: 4.97s
2025-08-18 15:45:47,063:INFO:New best model found at epoch 7150 with validation loss 2.448e-01. Saving...
2025-08-18 15:45:51,823:INFO:Epoch: 7200/20000 | Train Loss: 1.818e-01 | Dynamic Loss: 1.818e-01 | Regularization Loss: 5.966e-06 | Val Loss: 2.447e-01 | Time: 4.75s
2025-08-18 15:45:51,823:INFO:New best model found at epoch 7200 with validation loss 2.447e-01. Saving...
2025-08-18 15:45:56,673:INFO:Epoch: 7250/20000 | Train Loss: 1.825e-01 | Dynamic Loss: 1.825e-01 | Regularization Loss: 5.791e-06 | Val Loss: 2.466e-01 | Time: 4.84s
2025-08-18 15:46:04,191:INFO:Epoch: 7300/20000 | Train Loss: 1.816e-01 | Dynamic Loss: 1.815e-01 | Regularization Loss: 5.680e-06 | Val Loss: 2.430e-01 | Time: 7.52s
2025-08-18 15:46:04,191:INFO:New best model found at epoch 7300 with validation loss 2.430e-01. Saving...
2025-08-18 15:46:09,012:INFO:Epoch: 7350/20000 | Train Loss: 1.810e-01 | Dynamic Loss: 1.810e-01 | Regularization Loss: 5.507e-06 | Val Loss: 2.396e-01 | Time: 4.81s
2025-08-18 15:46:09,012:INFO:New best model found at epoch 7350 with validation loss 2.396e-01. Saving...
2025-08-18 15:46:13,654:INFO:Epoch: 7400/20000 | Train Loss: 1.827e-01 | Dynamic Loss: 1.827e-01 | Regularization Loss: 5.391e-06 | Val Loss: 2.421e-01 | Time: 4.63s
2025-08-18 15:46:18,528:INFO:Epoch: 7450/20000 | Train Loss: 1.766e-01 | Dynamic Loss: 1.766e-01 | Regularization Loss: 5.243e-06 | Val Loss: 2.413e-01 | Time: 4.87s
2025-08-18 15:46:27,831:INFO:Epoch: 7500/20000 | Train Loss: 1.773e-01 | Dynamic Loss: 1.773e-01 | Regularization Loss: 5.114e-06 | Val Loss: 2.398e-01 | Time: 9.30s
2025-08-18 15:46:32,359:INFO:Epoch: 7550/20000 | Train Loss: 1.780e-01 | Dynamic Loss: 1.780e-01 | Regularization Loss: 4.937e-06 | Val Loss: 2.422e-01 | Time: 4.53s
2025-08-18 15:46:37,236:INFO:Epoch: 7600/20000 | Train Loss: 1.744e-01 | Dynamic Loss: 1.744e-01 | Regularization Loss: 4.881e-06 | Val Loss: 2.371e-01 | Time: 4.88s
2025-08-18 15:46:37,236:INFO:New best model found at epoch 7600 with validation loss 2.371e-01. Saving...
2025-08-18 15:46:42,104:INFO:Epoch: 7650/20000 | Train Loss: 1.781e-01 | Dynamic Loss: 1.781e-01 | Regularization Loss: 4.878e-06 | Val Loss: 2.423e-01 | Time: 4.86s
2025-08-18 15:46:46,929:INFO:Epoch: 7700/20000 | Train Loss: 1.768e-01 | Dynamic Loss: 1.768e-01 | Regularization Loss: 4.674e-06 | Val Loss: 2.432e-01 | Time: 4.83s
2025-08-18 15:46:51,605:INFO:Epoch: 7750/20000 | Train Loss: 1.809e-01 | Dynamic Loss: 1.809e-01 | Regularization Loss: 4.599e-06 | Val Loss: 2.414e-01 | Time: 4.68s
2025-08-18 15:46:56,327:INFO:Epoch: 7800/20000 | Train Loss: 1.745e-01 | Dynamic Loss: 1.745e-01 | Regularization Loss: 4.454e-06 | Val Loss: 2.356e-01 | Time: 4.72s
2025-08-18 15:46:56,327:INFO:New best model found at epoch 7800 with validation loss 2.356e-01. Saving...
2025-08-18 15:47:01,098:INFO:Epoch: 7850/20000 | Train Loss: 1.727e-01 | Dynamic Loss: 1.727e-01 | Regularization Loss: 4.409e-06 | Val Loss: 2.367e-01 | Time: 4.76s
2025-08-18 15:47:05,787:INFO:Epoch: 7900/20000 | Train Loss: 1.718e-01 | Dynamic Loss: 1.718e-01 | Regularization Loss: 4.271e-06 | Val Loss: 2.377e-01 | Time: 4.69s
2025-08-18 15:47:16,239:INFO:Epoch: 7950/20000 | Train Loss: 1.709e-01 | Dynamic Loss: 1.709e-01 | Regularization Loss: 4.272e-06 | Val Loss: 2.379e-01 | Time: 10.45s
2025-08-18 15:47:20,876:INFO:Epoch: 8000/20000 | Train Loss: 1.868e-01 | Dynamic Loss: 1.868e-01 | Regularization Loss: 4.145e-06 | Val Loss: 2.639e-01 | Time: 4.64s
2025-08-18 15:47:26,334:INFO:Epoch: 8050/20000 | Train Loss: 1.757e-01 | Dynamic Loss: 1.757e-01 | Regularization Loss: 4.066e-06 | Val Loss: 2.384e-01 | Time: 5.46s
2025-08-18 15:47:31,434:INFO:Epoch: 8100/20000 | Train Loss: 1.814e-01 | Dynamic Loss: 1.814e-01 | Regularization Loss: 4.021e-06 | Val Loss: 2.382e-01 | Time: 5.10s
2025-08-18 15:47:36,646:INFO:Epoch: 8150/20000 | Train Loss: 1.682e-01 | Dynamic Loss: 1.681e-01 | Regularization Loss: 3.942e-06 | Val Loss: 2.368e-01 | Time: 5.21s
2025-08-18 15:47:45,218:INFO:Epoch: 8200/20000 | Train Loss: 1.674e-01 | Dynamic Loss: 1.674e-01 | Regularization Loss: 3.849e-06 | Val Loss: 2.316e-01 | Time: 8.57s
2025-08-18 15:47:45,218:INFO:New best model found at epoch 8200 with validation loss 2.316e-01. Saving...
2025-08-18 15:47:49,859:INFO:Epoch: 8250/20000 | Train Loss: 1.700e-01 | Dynamic Loss: 1.700e-01 | Regularization Loss: 3.788e-06 | Val Loss: 2.375e-01 | Time: 4.63s
2025-08-18 15:47:54,392:INFO:Epoch: 8300/20000 | Train Loss: 1.726e-01 | Dynamic Loss: 1.726e-01 | Regularization Loss: 3.740e-06 | Val Loss: 2.384e-01 | Time: 4.53s
2025-08-18 15:47:58,974:INFO:Epoch: 8350/20000 | Train Loss: 1.665e-01 | Dynamic Loss: 1.665e-01 | Regularization Loss: 3.716e-06 | Val Loss: 2.322e-01 | Time: 4.58s
2025-08-18 15:48:08,057:INFO:Epoch: 8400/20000 | Train Loss: 1.707e-01 | Dynamic Loss: 1.707e-01 | Regularization Loss: 3.651e-06 | Val Loss: 2.340e-01 | Time: 9.08s
2025-08-18 15:48:12,649:INFO:Epoch: 8450/20000 | Train Loss: 1.690e-01 | Dynamic Loss: 1.690e-01 | Regularization Loss: 3.586e-06 | Val Loss: 2.362e-01 | Time: 4.59s
2025-08-18 15:48:17,420:INFO:Epoch: 8500/20000 | Train Loss: 1.699e-01 | Dynamic Loss: 1.699e-01 | Regularization Loss: 3.530e-06 | Val Loss: 2.370e-01 | Time: 4.77s
2025-08-18 15:48:22,250:INFO:Epoch: 8550/20000 | Train Loss: 1.669e-01 | Dynamic Loss: 1.669e-01 | Regularization Loss: 3.476e-06 | Val Loss: 2.324e-01 | Time: 4.83s
2025-08-18 15:48:27,011:INFO:Epoch: 8600/20000 | Train Loss: 1.646e-01 | Dynamic Loss: 1.646e-01 | Regularization Loss: 3.426e-06 | Val Loss: 2.304e-01 | Time: 4.76s
2025-08-18 15:48:27,011:INFO:New best model found at epoch 8600 with validation loss 2.304e-01. Saving...
2025-08-18 15:48:35,038:INFO:Epoch: 8650/20000 | Train Loss: 1.699e-01 | Dynamic Loss: 1.699e-01 | Regularization Loss: 3.396e-06 | Val Loss: 2.364e-01 | Time: 8.02s
2025-08-18 15:48:39,745:INFO:Epoch: 8700/20000 | Train Loss: 1.608e-01 | Dynamic Loss: 1.608e-01 | Regularization Loss: 3.339e-06 | Val Loss: 2.283e-01 | Time: 4.71s
2025-08-18 15:48:39,745:INFO:New best model found at epoch 8700 with validation loss 2.283e-01. Saving...
2025-08-18 15:48:44,548:INFO:Epoch: 8750/20000 | Train Loss: 1.660e-01 | Dynamic Loss: 1.660e-01 | Regularization Loss: 3.319e-06 | Val Loss: 2.298e-01 | Time: 4.79s
2025-08-18 15:48:49,353:INFO:Epoch: 8800/20000 | Train Loss: 1.645e-01 | Dynamic Loss: 1.645e-01 | Regularization Loss: 3.282e-06 | Val Loss: 2.304e-01 | Time: 4.80s
2025-08-18 15:48:54,066:INFO:Epoch: 8850/20000 | Train Loss: 1.651e-01 | Dynamic Loss: 1.651e-01 | Regularization Loss: 3.232e-06 | Val Loss: 2.318e-01 | Time: 4.71s
2025-08-18 15:49:00,918:INFO:Epoch: 8900/20000 | Train Loss: 1.610e-01 | Dynamic Loss: 1.610e-01 | Regularization Loss: 3.169e-06 | Val Loss: 2.298e-01 | Time: 6.85s
2025-08-18 15:49:05,501:INFO:Epoch: 8950/20000 | Train Loss: 1.636e-01 | Dynamic Loss: 1.636e-01 | Regularization Loss: 3.141e-06 | Val Loss: 2.321e-01 | Time: 4.58s
2025-08-18 15:49:10,084:INFO:Epoch: 9000/20000 | Train Loss: 1.693e-01 | Dynamic Loss: 1.693e-01 | Regularization Loss: 3.089e-06 | Val Loss: 2.329e-01 | Time: 4.58s
2025-08-18 15:49:14,871:INFO:Epoch: 9050/20000 | Train Loss: 1.603e-01 | Dynamic Loss: 1.603e-01 | Regularization Loss: 3.082e-06 | Val Loss: 2.281e-01 | Time: 4.79s
2025-08-18 15:49:14,871:INFO:New best model found at epoch 9050 with validation loss 2.281e-01. Saving...
2025-08-18 15:49:19,736:INFO:Epoch: 9100/20000 | Train Loss: 1.573e-01 | Dynamic Loss: 1.573e-01 | Regularization Loss: 3.019e-06 | Val Loss: 2.256e-01 | Time: 4.85s
2025-08-18 15:49:19,736:INFO:New best model found at epoch 9100 with validation loss 2.256e-01. Saving...
2025-08-18 15:49:26,831:INFO:Epoch: 9150/20000 | Train Loss: 1.659e-01 | Dynamic Loss: 1.659e-01 | Regularization Loss: 2.985e-06 | Val Loss: 2.328e-01 | Time: 7.09s
2025-08-18 15:49:31,422:INFO:Epoch: 9200/20000 | Train Loss: 1.639e-01 | Dynamic Loss: 1.639e-01 | Regularization Loss: 2.939e-06 | Val Loss: 2.227e-01 | Time: 4.59s
2025-08-18 15:49:31,422:INFO:New best model found at epoch 9200 with validation loss 2.227e-01. Saving...
2025-08-18 15:49:35,981:INFO:Epoch: 9250/20000 | Train Loss: 1.557e-01 | Dynamic Loss: 1.557e-01 | Regularization Loss: 2.919e-06 | Val Loss: 2.266e-01 | Time: 4.55s
2025-08-18 15:49:40,581:INFO:Epoch: 9300/20000 | Train Loss: 1.648e-01 | Dynamic Loss: 1.648e-01 | Regularization Loss: 2.839e-06 | Val Loss: 2.304e-01 | Time: 4.60s
2025-08-18 15:49:49,988:INFO:Epoch: 9350/20000 | Train Loss: 1.526e-01 | Dynamic Loss: 1.526e-01 | Regularization Loss: 2.825e-06 | Val Loss: 2.202e-01 | Time: 9.41s
2025-08-18 15:49:49,988:INFO:New best model found at epoch 9350 with validation loss 2.202e-01. Saving...
2025-08-18 15:49:54,623:INFO:Epoch: 9400/20000 | Train Loss: 1.542e-01 | Dynamic Loss: 1.542e-01 | Regularization Loss: 2.768e-06 | Val Loss: 2.212e-01 | Time: 4.62s
2025-08-18 15:49:59,321:INFO:Epoch: 9450/20000 | Train Loss: 1.538e-01 | Dynamic Loss: 1.538e-01 | Regularization Loss: 2.731e-06 | Val Loss: 2.206e-01 | Time: 4.70s
2025-08-18 15:50:03,972:INFO:Epoch: 9500/20000 | Train Loss: 1.541e-01 | Dynamic Loss: 1.541e-01 | Regularization Loss: 2.674e-06 | Val Loss: 2.216e-01 | Time: 4.65s
2025-08-18 15:50:08,548:INFO:Epoch: 9550/20000 | Train Loss: 1.589e-01 | Dynamic Loss: 1.589e-01 | Regularization Loss: 2.619e-06 | Val Loss: 2.234e-01 | Time: 4.58s
2025-08-18 15:50:19,287:INFO:Epoch: 9600/20000 | Train Loss: 1.608e-01 | Dynamic Loss: 1.608e-01 | Regularization Loss: 2.568e-06 | Val Loss: 2.245e-01 | Time: 10.74s
2025-08-18 15:50:24,124:INFO:Epoch: 9650/20000 | Train Loss: 1.483e-01 | Dynamic Loss: 1.483e-01 | Regularization Loss: 2.532e-06 | Val Loss: 2.207e-01 | Time: 4.84s
2025-08-18 15:50:28,948:INFO:Epoch: 9700/20000 | Train Loss: 1.511e-01 | Dynamic Loss: 1.511e-01 | Regularization Loss: 2.467e-06 | Val Loss: 2.195e-01 | Time: 4.82s
2025-08-18 15:50:28,948:INFO:New best model found at epoch 9700 with validation loss 2.195e-01. Saving...
2025-08-18 15:50:33,757:INFO:Epoch: 9750/20000 | Train Loss: 1.510e-01 | Dynamic Loss: 1.510e-01 | Regularization Loss: 2.422e-06 | Val Loss: 2.206e-01 | Time: 4.80s
2025-08-18 15:50:38,684:INFO:Epoch: 9800/20000 | Train Loss: 1.562e-01 | Dynamic Loss: 1.562e-01 | Regularization Loss: 2.386e-06 | Val Loss: 2.242e-01 | Time: 4.93s
2025-08-18 15:50:49,747:INFO:Epoch: 9850/20000 | Train Loss: 1.512e-01 | Dynamic Loss: 1.512e-01 | Regularization Loss: 2.338e-06 | Val Loss: 2.171e-01 | Time: 11.06s
2025-08-18 15:50:49,747:INFO:New best model found at epoch 9850 with validation loss 2.171e-01. Saving...
2025-08-18 15:50:54,548:INFO:Epoch: 9900/20000 | Train Loss: 1.460e-01 | Dynamic Loss: 1.460e-01 | Regularization Loss: 2.285e-06 | Val Loss: 2.162e-01 | Time: 4.79s
2025-08-18 15:50:54,548:INFO:New best model found at epoch 9900 with validation loss 2.162e-01. Saving...
2025-08-18 15:50:59,178:INFO:Epoch: 9950/20000 | Train Loss: 1.529e-01 | Dynamic Loss: 1.529e-01 | Regularization Loss: 2.245e-06 | Val Loss: 2.178e-01 | Time: 4.62s
2025-08-18 15:51:03,825:INFO:Epoch: 10000/20000 | Train Loss: 1.475e-01 | Dynamic Loss: 1.475e-01 | Regularization Loss: 2.198e-06 | Val Loss: 2.154e-01 | Time: 4.65s
2025-08-18 15:51:03,825:INFO:New best model found at epoch 10000 with validation loss 2.154e-01. Saving...
2025-08-18 15:51:09,885:INFO:Epoch: 10050/20000 | Train Loss: 1.521e-01 | Dynamic Loss: 1.521e-01 | Regularization Loss: 2.151e-06 | Val Loss: 2.199e-01 | Time: 6.05s
2025-08-18 15:51:14,770:INFO:Epoch: 10100/20000 | Train Loss: 1.453e-01 | Dynamic Loss: 1.453e-01 | Regularization Loss: 2.097e-06 | Val Loss: 2.187e-01 | Time: 4.88s
2025-08-18 15:51:19,623:INFO:Epoch: 10150/20000 | Train Loss: 1.459e-01 | Dynamic Loss: 1.459e-01 | Regularization Loss: 2.053e-06 | Val Loss: 2.212e-01 | Time: 4.85s
2025-08-18 15:51:24,392:INFO:Epoch: 10200/20000 | Train Loss: 1.492e-01 | Dynamic Loss: 1.492e-01 | Regularization Loss: 2.023e-06 | Val Loss: 2.166e-01 | Time: 4.77s
2025-08-18 15:51:29,200:INFO:Epoch: 10250/20000 | Train Loss: 1.511e-01 | Dynamic Loss: 1.511e-01 | Regularization Loss: 1.967e-06 | Val Loss: 2.172e-01 | Time: 4.81s
2025-08-18 15:51:39,112:INFO:Epoch: 10300/20000 | Train Loss: 1.437e-01 | Dynamic Loss: 1.437e-01 | Regularization Loss: 1.925e-06 | Val Loss: 2.107e-01 | Time: 9.91s
2025-08-18 15:51:39,113:INFO:New best model found at epoch 10300 with validation loss 2.107e-01. Saving...
2025-08-18 15:51:44,202:INFO:Epoch: 10350/20000 | Train Loss: 1.447e-01 | Dynamic Loss: 1.447e-01 | Regularization Loss: 1.894e-06 | Val Loss: 2.174e-01 | Time: 5.08s
2025-08-18 15:51:49,134:INFO:Epoch: 10400/20000 | Train Loss: 1.427e-01 | Dynamic Loss: 1.427e-01 | Regularization Loss: 1.859e-06 | Val Loss: 2.125e-01 | Time: 4.93s
2025-08-18 15:51:53,930:INFO:Epoch: 10450/20000 | Train Loss: 1.439e-01 | Dynamic Loss: 1.439e-01 | Regularization Loss: 1.798e-06 | Val Loss: 2.164e-01 | Time: 4.80s
2025-08-18 15:52:02,596:INFO:Epoch: 10500/20000 | Train Loss: 1.431e-01 | Dynamic Loss: 1.431e-01 | Regularization Loss: 1.769e-06 | Val Loss: 2.081e-01 | Time: 8.67s
2025-08-18 15:52:02,597:INFO:New best model found at epoch 10500 with validation loss 2.081e-01. Saving...
2025-08-18 15:52:07,295:INFO:Epoch: 10550/20000 | Train Loss: 1.472e-01 | Dynamic Loss: 1.472e-01 | Regularization Loss: 1.732e-06 | Val Loss: 2.200e-01 | Time: 4.69s
2025-08-18 15:52:11,932:INFO:Epoch: 10600/20000 | Train Loss: 1.601e-01 | Dynamic Loss: 1.601e-01 | Regularization Loss: 1.701e-06 | Val Loss: 2.126e-01 | Time: 4.64s
2025-08-18 15:52:16,615:INFO:Epoch: 10650/20000 | Train Loss: 1.399e-01 | Dynamic Loss: 1.399e-01 | Regularization Loss: 1.646e-06 | Val Loss: 2.082e-01 | Time: 4.68s
2025-08-18 15:52:21,414:INFO:Epoch: 10700/20000 | Train Loss: 1.389e-01 | Dynamic Loss: 1.389e-01 | Regularization Loss: 1.624e-06 | Val Loss: 2.061e-01 | Time: 4.80s
2025-08-18 15:52:21,414:INFO:New best model found at epoch 10700 with validation loss 2.061e-01. Saving...
2025-08-18 15:52:29,948:INFO:Epoch: 10750/20000 | Train Loss: 1.393e-01 | Dynamic Loss: 1.393e-01 | Regularization Loss: 1.582e-06 | Val Loss: 2.089e-01 | Time: 8.52s
2025-08-18 15:52:34,647:INFO:Epoch: 10800/20000 | Train Loss: 1.462e-01 | Dynamic Loss: 1.462e-01 | Regularization Loss: 1.556e-06 | Val Loss: 2.155e-01 | Time: 4.70s
2025-08-18 15:52:39,348:INFO:Epoch: 10850/20000 | Train Loss: 1.337e-01 | Dynamic Loss: 1.337e-01 | Regularization Loss: 1.507e-06 | Val Loss: 2.040e-01 | Time: 4.70s
2025-08-18 15:52:39,348:INFO:New best model found at epoch 10850 with validation loss 2.040e-01. Saving...
2025-08-18 15:52:44,170:INFO:Epoch: 10900/20000 | Train Loss: 1.378e-01 | Dynamic Loss: 1.378e-01 | Regularization Loss: 1.481e-06 | Val Loss: 2.102e-01 | Time: 4.81s
2025-08-18 15:52:48,952:INFO:Epoch: 10950/20000 | Train Loss: 1.349e-01 | Dynamic Loss: 1.349e-01 | Regularization Loss: 1.445e-06 | Val Loss: 2.078e-01 | Time: 4.78s
2025-08-18 15:52:53,622:INFO:Epoch: 11000/20000 | Train Loss: 1.334e-01 | Dynamic Loss: 1.334e-01 | Regularization Loss: 1.398e-06 | Val Loss: 2.062e-01 | Time: 4.67s
2025-08-18 15:52:58,302:INFO:Epoch: 11050/20000 | Train Loss: 1.383e-01 | Dynamic Loss: 1.383e-01 | Regularization Loss: 1.381e-06 | Val Loss: 2.105e-01 | Time: 4.68s
2025-08-18 15:53:02,976:INFO:Epoch: 11100/20000 | Train Loss: 1.373e-01 | Dynamic Loss: 1.373e-01 | Regularization Loss: 1.357e-06 | Val Loss: 2.118e-01 | Time: 4.67s
2025-08-18 15:53:07,717:INFO:Epoch: 11150/20000 | Train Loss: 1.338e-01 | Dynamic Loss: 1.338e-01 | Regularization Loss: 1.318e-06 | Val Loss: 2.060e-01 | Time: 4.74s
2025-08-18 15:53:18,771:INFO:Epoch: 11200/20000 | Train Loss: 1.312e-01 | Dynamic Loss: 1.312e-01 | Regularization Loss: 1.290e-06 | Val Loss: 2.045e-01 | Time: 11.05s
2025-08-18 15:53:23,558:INFO:Epoch: 11250/20000 | Train Loss: 1.307e-01 | Dynamic Loss: 1.307e-01 | Regularization Loss: 1.261e-06 | Val Loss: 2.035e-01 | Time: 4.79s
2025-08-18 15:53:23,559:INFO:New best model found at epoch 11250 with validation loss 2.035e-01. Saving...
2025-08-18 15:53:28,408:INFO:Epoch: 11300/20000 | Train Loss: 1.306e-01 | Dynamic Loss: 1.306e-01 | Regularization Loss: 1.219e-06 | Val Loss: 2.014e-01 | Time: 4.84s
2025-08-18 15:53:28,409:INFO:New best model found at epoch 11300 with validation loss 2.014e-01. Saving...
2025-08-18 15:53:33,360:INFO:Epoch: 11350/20000 | Train Loss: 1.294e-01 | Dynamic Loss: 1.294e-01 | Regularization Loss: 1.192e-06 | Val Loss: 1.992e-01 | Time: 4.94s
2025-08-18 15:53:33,360:INFO:New best model found at epoch 11350 with validation loss 1.992e-01. Saving...
2025-08-18 15:53:38,085:INFO:Epoch: 11400/20000 | Train Loss: 1.305e-01 | Dynamic Loss: 1.305e-01 | Regularization Loss: 1.154e-06 | Val Loss: 2.014e-01 | Time: 4.72s
2025-08-18 15:53:47,248:INFO:Epoch: 11450/20000 | Train Loss: 1.268e-01 | Dynamic Loss: 1.268e-01 | Regularization Loss: 1.129e-06 | Val Loss: 1.985e-01 | Time: 9.16s
2025-08-18 15:53:47,249:INFO:New best model found at epoch 11450 with validation loss 1.985e-01. Saving...
2025-08-18 15:53:51,920:INFO:Epoch: 11500/20000 | Train Loss: 1.246e-01 | Dynamic Loss: 1.246e-01 | Regularization Loss: 1.100e-06 | Val Loss: 1.960e-01 | Time: 4.66s
2025-08-18 15:53:51,920:INFO:New best model found at epoch 11500 with validation loss 1.960e-01. Saving...
2025-08-18 15:53:56,734:INFO:Epoch: 11550/20000 | Train Loss: 1.324e-01 | Dynamic Loss: 1.324e-01 | Regularization Loss: 1.070e-06 | Val Loss: 2.045e-01 | Time: 4.81s
2025-08-18 15:54:01,437:INFO:Epoch: 11600/20000 | Train Loss: 1.230e-01 | Dynamic Loss: 1.230e-01 | Regularization Loss: 1.044e-06 | Val Loss: 1.974e-01 | Time: 4.70s
2025-08-18 15:54:07,466:INFO:Epoch: 11650/20000 | Train Loss: 1.611e-01 | Dynamic Loss: 1.611e-01 | Regularization Loss: 1.015e-06 | Val Loss: 2.423e-01 | Time: 6.03s
2025-08-18 15:54:12,356:INFO:Epoch: 11700/20000 | Train Loss: 1.217e-01 | Dynamic Loss: 1.217e-01 | Regularization Loss: 9.830e-07 | Val Loss: 2.029e-01 | Time: 4.89s
2025-08-18 15:54:17,151:INFO:Epoch: 11750/20000 | Train Loss: 1.207e-01 | Dynamic Loss: 1.207e-01 | Regularization Loss: 9.513e-07 | Val Loss: 1.939e-01 | Time: 4.79s
2025-08-18 15:54:17,151:INFO:New best model found at epoch 11750 with validation loss 1.939e-01. Saving...
2025-08-18 15:54:22,125:INFO:Epoch: 11800/20000 | Train Loss: 1.224e-01 | Dynamic Loss: 1.224e-01 | Regularization Loss: 9.358e-07 | Val Loss: 1.952e-01 | Time: 4.96s
2025-08-18 15:54:26,929:INFO:Epoch: 11850/20000 | Train Loss: 1.229e-01 | Dynamic Loss: 1.229e-01 | Regularization Loss: 9.122e-07 | Val Loss: 1.972e-01 | Time: 4.80s
2025-08-18 15:54:31,723:INFO:Epoch: 11900/20000 | Train Loss: 1.287e-01 | Dynamic Loss: 1.287e-01 | Regularization Loss: 8.885e-07 | Val Loss: 1.999e-01 | Time: 4.79s
2025-08-18 15:54:36,391:INFO:Epoch: 11950/20000 | Train Loss: 1.239e-01 | Dynamic Loss: 1.239e-01 | Regularization Loss: 8.622e-07 | Val Loss: 1.921e-01 | Time: 4.67s
2025-08-18 15:54:36,391:INFO:New best model found at epoch 11950 with validation loss 1.921e-01. Saving...
2025-08-18 15:54:41,643:INFO:Epoch: 12000/20000 | Train Loss: 1.198e-01 | Dynamic Loss: 1.198e-01 | Regularization Loss: 8.257e-07 | Val Loss: 1.931e-01 | Time: 5.24s
2025-08-18 15:54:46,706:INFO:Epoch: 12050/20000 | Train Loss: 1.192e-01 | Dynamic Loss: 1.192e-01 | Regularization Loss: 8.087e-07 | Val Loss: 1.925e-01 | Time: 5.06s
2025-08-18 15:54:51,515:INFO:Epoch: 12100/20000 | Train Loss: 1.196e-01 | Dynamic Loss: 1.196e-01 | Regularization Loss: 8.026e-07 | Val Loss: 1.908e-01 | Time: 4.81s
2025-08-18 15:54:51,515:INFO:New best model found at epoch 12100 with validation loss 1.908e-01. Saving...
2025-08-18 15:55:01,185:INFO:Epoch: 12150/20000 | Train Loss: 1.163e-01 | Dynamic Loss: 1.163e-01 | Regularization Loss: 7.795e-07 | Val Loss: 1.910e-01 | Time: 9.66s
2025-08-18 15:55:06,299:INFO:Epoch: 12200/20000 | Train Loss: 1.173e-01 | Dynamic Loss: 1.173e-01 | Regularization Loss: 7.483e-07 | Val Loss: 1.917e-01 | Time: 5.11s
2025-08-18 15:55:11,177:INFO:Epoch: 12250/20000 | Train Loss: 1.139e-01 | Dynamic Loss: 1.139e-01 | Regularization Loss: 7.377e-07 | Val Loss: 1.886e-01 | Time: 4.88s
2025-08-18 15:55:11,177:INFO:New best model found at epoch 12250 with validation loss 1.886e-01. Saving...
2025-08-18 15:55:16,037:INFO:Epoch: 12300/20000 | Train Loss: 1.166e-01 | Dynamic Loss: 1.166e-01 | Regularization Loss: 7.316e-07 | Val Loss: 1.901e-01 | Time: 4.85s
2025-08-18 15:55:23,079:INFO:Epoch: 12350/20000 | Train Loss: 1.193e-01 | Dynamic Loss: 1.193e-01 | Regularization Loss: 7.096e-07 | Val Loss: 1.952e-01 | Time: 7.04s
2025-08-18 15:55:27,815:INFO:Epoch: 12400/20000 | Train Loss: 1.123e-01 | Dynamic Loss: 1.123e-01 | Regularization Loss: 6.917e-07 | Val Loss: 1.871e-01 | Time: 4.74s
2025-08-18 15:55:27,815:INFO:New best model found at epoch 12400 with validation loss 1.871e-01. Saving...
2025-08-18 15:55:32,679:INFO:Epoch: 12450/20000 | Train Loss: 1.189e-01 | Dynamic Loss: 1.189e-01 | Regularization Loss: 6.849e-07 | Val Loss: 1.887e-01 | Time: 4.85s
2025-08-18 15:55:37,489:INFO:Epoch: 12500/20000 | Train Loss: 1.111e-01 | Dynamic Loss: 1.111e-01 | Regularization Loss: 6.706e-07 | Val Loss: 1.841e-01 | Time: 4.81s
2025-08-18 15:55:37,489:INFO:New best model found at epoch 12500 with validation loss 1.841e-01. Saving...
2025-08-18 15:55:42,281:INFO:Epoch: 12550/20000 | Train Loss: 1.109e-01 | Dynamic Loss: 1.109e-01 | Regularization Loss: 6.615e-07 | Val Loss: 1.855e-01 | Time: 4.78s
2025-08-18 15:55:53,300:INFO:Epoch: 12600/20000 | Train Loss: 1.149e-01 | Dynamic Loss: 1.149e-01 | Regularization Loss: 6.454e-07 | Val Loss: 1.855e-01 | Time: 11.02s
2025-08-18 15:55:58,299:INFO:Epoch: 12650/20000 | Train Loss: 1.310e-01 | Dynamic Loss: 1.310e-01 | Regularization Loss: 6.320e-07 | Val Loss: 1.861e-01 | Time: 5.00s
2025-08-18 15:56:03,213:INFO:Epoch: 12700/20000 | Train Loss: 1.097e-01 | Dynamic Loss: 1.097e-01 | Regularization Loss: 6.259e-07 | Val Loss: 1.840e-01 | Time: 4.91s
2025-08-18 15:56:03,213:INFO:New best model found at epoch 12700 with validation loss 1.840e-01. Saving...
2025-08-18 15:56:08,129:INFO:Epoch: 12750/20000 | Train Loss: 1.075e-01 | Dynamic Loss: 1.075e-01 | Regularization Loss: 6.148e-07 | Val Loss: 1.812e-01 | Time: 4.91s
2025-08-18 15:56:08,129:INFO:New best model found at epoch 12750 with validation loss 1.812e-01. Saving...
2025-08-18 15:56:19,173:INFO:Epoch: 12800/20000 | Train Loss: 1.113e-01 | Dynamic Loss: 1.113e-01 | Regularization Loss: 5.997e-07 | Val Loss: 1.858e-01 | Time: 11.03s
2025-08-18 15:56:23,923:INFO:Epoch: 12850/20000 | Train Loss: 1.101e-01 | Dynamic Loss: 1.101e-01 | Regularization Loss: 5.839e-07 | Val Loss: 1.807e-01 | Time: 4.75s
2025-08-18 15:56:23,923:INFO:New best model found at epoch 12850 with validation loss 1.807e-01. Saving...
2025-08-18 15:56:28,700:INFO:Epoch: 12900/20000 | Train Loss: 1.079e-01 | Dynamic Loss: 1.079e-01 | Regularization Loss: 5.740e-07 | Val Loss: 1.827e-01 | Time: 4.77s
2025-08-18 15:56:33,364:INFO:Epoch: 12950/20000 | Train Loss: 1.073e-01 | Dynamic Loss: 1.073e-01 | Regularization Loss: 5.561e-07 | Val Loss: 1.814e-01 | Time: 4.66s
2025-08-18 15:56:41,882:INFO:Epoch: 13000/20000 | Train Loss: 1.049e-01 | Dynamic Loss: 1.049e-01 | Regularization Loss: 5.572e-07 | Val Loss: 1.802e-01 | Time: 8.52s
2025-08-18 15:56:41,882:INFO:New best model found at epoch 13000 with validation loss 1.802e-01. Saving...
2025-08-18 15:56:47,049:INFO:Epoch: 13050/20000 | Train Loss: 1.110e-01 | Dynamic Loss: 1.110e-01 | Regularization Loss: 5.463e-07 | Val Loss: 1.848e-01 | Time: 5.16s
2025-08-18 15:56:52,090:INFO:Epoch: 13100/20000 | Train Loss: 1.077e-01 | Dynamic Loss: 1.077e-01 | Regularization Loss: 5.445e-07 | Val Loss: 1.783e-01 | Time: 5.04s
2025-08-18 15:56:52,090:INFO:New best model found at epoch 13100 with validation loss 1.783e-01. Saving...
2025-08-18 15:56:57,144:INFO:Epoch: 13150/20000 | Train Loss: 1.089e-01 | Dynamic Loss: 1.089e-01 | Regularization Loss: 5.280e-07 | Val Loss: 1.821e-01 | Time: 5.04s
2025-08-18 15:57:02,014:INFO:Epoch: 13200/20000 | Train Loss: 1.033e-01 | Dynamic Loss: 1.033e-01 | Regularization Loss: 5.212e-07 | Val Loss: 1.766e-01 | Time: 4.87s
2025-08-18 15:57:02,014:INFO:New best model found at epoch 13200 with validation loss 1.766e-01. Saving...
2025-08-18 15:57:13,059:INFO:Epoch: 13250/20000 | Train Loss: 1.081e-01 | Dynamic Loss: 1.081e-01 | Regularization Loss: 5.073e-07 | Val Loss: 1.811e-01 | Time: 11.04s
2025-08-18 15:57:17,793:INFO:Epoch: 13300/20000 | Train Loss: 1.014e-01 | Dynamic Loss: 1.014e-01 | Regularization Loss: 4.962e-07 | Val Loss: 1.768e-01 | Time: 4.73s
2025-08-18 15:57:22,540:INFO:Epoch: 13350/20000 | Train Loss: 1.031e-01 | Dynamic Loss: 1.031e-01 | Regularization Loss: 4.917e-07 | Val Loss: 1.758e-01 | Time: 4.75s
2025-08-18 15:57:22,540:INFO:New best model found at epoch 13350 with validation loss 1.758e-01. Saving...
2025-08-18 15:57:27,246:INFO:Epoch: 13400/20000 | Train Loss: 1.059e-01 | Dynamic Loss: 1.059e-01 | Regularization Loss: 4.760e-07 | Val Loss: 1.786e-01 | Time: 4.70s
2025-08-18 15:57:32,844:INFO:Epoch: 13450/20000 | Train Loss: 1.005e-01 | Dynamic Loss: 1.005e-01 | Regularization Loss: 4.779e-07 | Val Loss: 1.736e-01 | Time: 5.60s
2025-08-18 15:57:32,844:INFO:New best model found at epoch 13450 with validation loss 1.736e-01. Saving...
2025-08-18 15:57:37,532:INFO:Epoch: 13500/20000 | Train Loss: 1.003e-01 | Dynamic Loss: 1.003e-01 | Regularization Loss: 4.815e-07 | Val Loss: 1.737e-01 | Time: 4.68s
2025-08-18 15:57:42,216:INFO:Epoch: 13550/20000 | Train Loss: 1.014e-01 | Dynamic Loss: 1.014e-01 | Regularization Loss: 4.669e-07 | Val Loss: 1.765e-01 | Time: 4.68s
2025-08-18 15:57:46,931:INFO:Epoch: 13600/20000 | Train Loss: 9.969e-02 | Dynamic Loss: 9.969e-02 | Regularization Loss: 4.542e-07 | Val Loss: 1.741e-01 | Time: 4.71s
2025-08-18 15:57:51,659:INFO:Epoch: 13650/20000 | Train Loss: 1.023e-01 | Dynamic Loss: 1.023e-01 | Regularization Loss: 4.489e-07 | Val Loss: 1.760e-01 | Time: 4.73s
2025-08-18 15:57:57,202:INFO:Epoch: 13700/20000 | Train Loss: 1.015e-01 | Dynamic Loss: 1.015e-01 | Regularization Loss: 4.421e-07 | Val Loss: 1.758e-01 | Time: 5.54s
2025-08-18 15:58:01,811:INFO:Epoch: 13750/20000 | Train Loss: 1.201e-01 | Dynamic Loss: 1.201e-01 | Regularization Loss: 4.434e-07 | Val Loss: 1.919e-01 | Time: 4.61s
2025-08-18 15:58:06,471:INFO:Epoch: 13800/20000 | Train Loss: 1.016e-01 | Dynamic Loss: 1.016e-01 | Regularization Loss: 4.342e-07 | Val Loss: 1.747e-01 | Time: 4.66s
2025-08-18 15:58:11,130:INFO:Epoch: 13850/20000 | Train Loss: 1.058e-01 | Dynamic Loss: 1.058e-01 | Regularization Loss: 4.327e-07 | Val Loss: 1.833e-01 | Time: 4.66s
2025-08-18 15:58:17,009:INFO:Epoch: 13900/20000 | Train Loss: 1.007e-01 | Dynamic Loss: 1.007e-01 | Regularization Loss: 4.179e-07 | Val Loss: 1.748e-01 | Time: 5.88s
2025-08-18 15:58:22,215:INFO:Epoch: 13950/20000 | Train Loss: 9.635e-02 | Dynamic Loss: 9.635e-02 | Regularization Loss: 4.189e-07 | Val Loss: 1.715e-01 | Time: 5.21s
2025-08-18 15:58:22,215:INFO:New best model found at epoch 13950 with validation loss 1.715e-01. Saving...
2025-08-18 15:58:27,199:INFO:Epoch: 14000/20000 | Train Loss: 9.667e-02 | Dynamic Loss: 9.667e-02 | Regularization Loss: 4.093e-07 | Val Loss: 1.719e-01 | Time: 4.97s
2025-08-18 15:58:31,955:INFO:Epoch: 14050/20000 | Train Loss: 1.065e-01 | Dynamic Loss: 1.065e-01 | Regularization Loss: 4.153e-07 | Val Loss: 1.771e-01 | Time: 4.76s
2025-08-18 15:58:42,533:INFO:Epoch: 14100/20000 | Train Loss: 1.053e-01 | Dynamic Loss: 1.053e-01 | Regularization Loss: 3.954e-07 | Val Loss: 1.839e-01 | Time: 10.58s
2025-08-18 15:58:47,386:INFO:Epoch: 14150/20000 | Train Loss: 9.525e-02 | Dynamic Loss: 9.525e-02 | Regularization Loss: 3.948e-07 | Val Loss: 1.715e-01 | Time: 4.85s
2025-08-18 15:58:47,386:INFO:New best model found at epoch 14150 with validation loss 1.715e-01. Saving...
2025-08-18 15:58:52,312:INFO:Epoch: 14200/20000 | Train Loss: 9.591e-02 | Dynamic Loss: 9.591e-02 | Regularization Loss: 3.840e-07 | Val Loss: 1.725e-01 | Time: 4.92s
2025-08-18 15:58:57,223:INFO:Epoch: 14250/20000 | Train Loss: 9.197e-02 | Dynamic Loss: 9.197e-02 | Regularization Loss: 3.797e-07 | Val Loss: 1.686e-01 | Time: 4.91s
2025-08-18 15:58:57,223:INFO:New best model found at epoch 14250 with validation loss 1.686e-01. Saving...
2025-08-18 15:59:02,066:INFO:Epoch: 14300/20000 | Train Loss: 1.015e-01 | Dynamic Loss: 1.015e-01 | Regularization Loss: 3.804e-07 | Val Loss: 1.768e-01 | Time: 4.83s
2025-08-18 15:59:06,759:INFO:Epoch: 14350/20000 | Train Loss: 9.841e-02 | Dynamic Loss: 9.841e-02 | Regularization Loss: 3.732e-07 | Val Loss: 1.755e-01 | Time: 4.69s
2025-08-18 15:59:11,509:INFO:Epoch: 14400/20000 | Train Loss: 9.465e-02 | Dynamic Loss: 9.465e-02 | Regularization Loss: 3.722e-07 | Val Loss: 1.700e-01 | Time: 4.75s
2025-08-18 15:59:16,209:INFO:Epoch: 14450/20000 | Train Loss: 8.998e-02 | Dynamic Loss: 8.998e-02 | Regularization Loss: 3.643e-07 | Val Loss: 1.654e-01 | Time: 4.70s
2025-08-18 15:59:16,209:INFO:New best model found at epoch 14450 with validation loss 1.654e-01. Saving...
2025-08-18 15:59:20,919:INFO:Epoch: 14500/20000 | Train Loss: 9.120e-02 | Dynamic Loss: 9.120e-02 | Regularization Loss: 3.571e-07 | Val Loss: 1.667e-01 | Time: 4.70s
2025-08-18 15:59:32,036:INFO:Epoch: 14550/20000 | Train Loss: 9.329e-02 | Dynamic Loss: 9.329e-02 | Regularization Loss: 3.502e-07 | Val Loss: 1.714e-01 | Time: 11.12s
2025-08-18 15:59:36,764:INFO:Epoch: 14600/20000 | Train Loss: 8.831e-02 | Dynamic Loss: 8.831e-02 | Regularization Loss: 3.447e-07 | Val Loss: 1.655e-01 | Time: 4.73s
2025-08-18 15:59:41,437:INFO:Epoch: 14650/20000 | Train Loss: 9.606e-02 | Dynamic Loss: 9.606e-02 | Regularization Loss: 3.436e-07 | Val Loss: 1.689e-01 | Time: 4.67s
2025-08-18 15:59:46,079:INFO:Epoch: 14700/20000 | Train Loss: 8.790e-02 | Dynamic Loss: 8.790e-02 | Regularization Loss: 3.354e-07 | Val Loss: 1.655e-01 | Time: 4.64s
2025-08-18 15:59:55,579:INFO:Epoch: 14750/20000 | Train Loss: 9.108e-02 | Dynamic Loss: 9.108e-02 | Regularization Loss: 3.305e-07 | Val Loss: 1.663e-01 | Time: 9.50s
2025-08-18 16:00:00,263:INFO:Epoch: 14800/20000 | Train Loss: 8.730e-02 | Dynamic Loss: 8.730e-02 | Regularization Loss: 3.269e-07 | Val Loss: 1.638e-01 | Time: 4.68s
2025-08-18 16:00:00,263:INFO:New best model found at epoch 14800 with validation loss 1.638e-01. Saving...
2025-08-18 16:00:04,946:INFO:Epoch: 14850/20000 | Train Loss: 1.047e-01 | Dynamic Loss: 1.047e-01 | Regularization Loss: 3.282e-07 | Val Loss: 1.837e-01 | Time: 4.67s
2025-08-18 16:00:09,953:INFO:Epoch: 14900/20000 | Train Loss: 9.269e-02 | Dynamic Loss: 9.269e-02 | Regularization Loss: 3.135e-07 | Val Loss: 1.700e-01 | Time: 5.01s
2025-08-18 16:00:14,930:INFO:Epoch: 14950/20000 | Train Loss: 8.634e-02 | Dynamic Loss: 8.634e-02 | Regularization Loss: 3.140e-07 | Val Loss: 1.634e-01 | Time: 4.98s
2025-08-18 16:00:14,930:INFO:New best model found at epoch 14950 with validation loss 1.634e-01. Saving...
2025-08-18 16:00:19,657:INFO:Epoch: 15000/20000 | Train Loss: 8.586e-02 | Dynamic Loss: 8.586e-02 | Regularization Loss: 3.086e-07 | Val Loss: 1.626e-01 | Time: 4.72s
2025-08-18 16:00:19,658:INFO:New best model found at epoch 15000 with validation loss 1.626e-01. Saving...
2025-08-18 16:00:24,649:INFO:Epoch: 15050/20000 | Train Loss: 8.579e-02 | Dynamic Loss: 8.579e-02 | Regularization Loss: 3.036e-07 | Val Loss: 1.622e-01 | Time: 4.98s
2025-08-18 16:00:24,649:INFO:New best model found at epoch 15050 with validation loss 1.622e-01. Saving...
2025-08-18 16:00:29,466:INFO:Epoch: 15100/20000 | Train Loss: 9.676e-02 | Dynamic Loss: 9.676e-02 | Regularization Loss: 3.032e-07 | Val Loss: 1.712e-01 | Time: 4.81s
2025-08-18 16:00:34,249:INFO:Epoch: 15150/20000 | Train Loss: 8.584e-02 | Dynamic Loss: 8.584e-02 | Regularization Loss: 2.955e-07 | Val Loss: 1.617e-01 | Time: 4.78s
2025-08-18 16:00:34,249:INFO:New best model found at epoch 15150 with validation loss 1.617e-01. Saving...
2025-08-18 16:00:39,156:INFO:Epoch: 15200/20000 | Train Loss: 8.299e-02 | Dynamic Loss: 8.299e-02 | Regularization Loss: 2.902e-07 | Val Loss: 1.602e-01 | Time: 4.90s
2025-08-18 16:00:39,156:INFO:New best model found at epoch 15200 with validation loss 1.602e-01. Saving...
2025-08-18 16:00:44,271:INFO:Epoch: 15250/20000 | Train Loss: 8.514e-02 | Dynamic Loss: 8.514e-02 | Regularization Loss: 2.856e-07 | Val Loss: 1.629e-01 | Time: 5.11s
2025-08-18 16:00:49,298:INFO:Epoch: 15300/20000 | Train Loss: 8.859e-02 | Dynamic Loss: 8.859e-02 | Regularization Loss: 2.806e-07 | Val Loss: 1.679e-01 | Time: 5.03s
2025-08-18 16:00:54,210:INFO:Epoch: 15350/20000 | Train Loss: 8.351e-02 | Dynamic Loss: 8.351e-02 | Regularization Loss: 2.767e-07 | Val Loss: 1.607e-01 | Time: 4.91s
2025-08-18 16:01:05,287:INFO:Epoch: 15400/20000 | Train Loss: 8.495e-02 | Dynamic Loss: 8.495e-02 | Regularization Loss: 2.735e-07 | Val Loss: 1.631e-01 | Time: 11.08s
2025-08-18 16:01:10,102:INFO:Epoch: 15450/20000 | Train Loss: 9.090e-02 | Dynamic Loss: 9.090e-02 | Regularization Loss: 2.674e-07 | Val Loss: 1.678e-01 | Time: 4.81s
2025-08-18 16:01:14,946:INFO:Epoch: 15500/20000 | Train Loss: 8.646e-02 | Dynamic Loss: 8.646e-02 | Regularization Loss: 2.621e-07 | Val Loss: 1.631e-01 | Time: 4.84s
2025-08-18 16:01:19,731:INFO:Epoch: 15550/20000 | Train Loss: 8.120e-02 | Dynamic Loss: 8.120e-02 | Regularization Loss: 2.625e-07 | Val Loss: 1.586e-01 | Time: 4.79s
2025-08-18 16:01:19,732:INFO:New best model found at epoch 15550 with validation loss 1.586e-01. Saving...
2025-08-18 16:01:30,931:INFO:Epoch: 15600/20000 | Train Loss: 8.518e-02 | Dynamic Loss: 8.518e-02 | Regularization Loss: 2.590e-07 | Val Loss: 1.614e-01 | Time: 11.19s
2025-08-18 16:01:35,863:INFO:Epoch: 15650/20000 | Train Loss: 1.130e-01 | Dynamic Loss: 1.130e-01 | Regularization Loss: 2.539e-07 | Val Loss: 1.984e-01 | Time: 4.93s
2025-08-18 16:01:40,647:INFO:Epoch: 15700/20000 | Train Loss: 8.217e-02 | Dynamic Loss: 8.217e-02 | Regularization Loss: 2.485e-07 | Val Loss: 1.623e-01 | Time: 4.78s
2025-08-18 16:01:45,642:INFO:Epoch: 15750/20000 | Train Loss: 7.982e-02 | Dynamic Loss: 7.982e-02 | Regularization Loss: 2.434e-07 | Val Loss: 1.575e-01 | Time: 4.99s
2025-08-18 16:01:45,642:INFO:New best model found at epoch 15750 with validation loss 1.575e-01. Saving...
2025-08-18 16:01:56,662:INFO:Epoch: 15800/20000 | Train Loss: 8.596e-02 | Dynamic Loss: 8.596e-02 | Regularization Loss: 2.377e-07 | Val Loss: 1.610e-01 | Time: 11.01s
2025-08-18 16:02:01,441:INFO:Epoch: 15850/20000 | Train Loss: 7.937e-02 | Dynamic Loss: 7.937e-02 | Regularization Loss: 2.357e-07 | Val Loss: 1.561e-01 | Time: 4.78s
2025-08-18 16:02:01,441:INFO:New best model found at epoch 15850 with validation loss 1.561e-01. Saving...
2025-08-18 16:02:06,314:INFO:Epoch: 15900/20000 | Train Loss: 8.739e-02 | Dynamic Loss: 8.739e-02 | Regularization Loss: 2.318e-07 | Val Loss: 1.659e-01 | Time: 4.86s
2025-08-18 16:02:11,049:INFO:Epoch: 15950/20000 | Train Loss: 8.889e-02 | Dynamic Loss: 8.889e-02 | Regularization Loss: 2.284e-07 | Val Loss: 1.676e-01 | Time: 4.73s
2025-08-18 16:02:19,254:INFO:Epoch: 16000/20000 | Train Loss: 8.008e-02 | Dynamic Loss: 8.008e-02 | Regularization Loss: 2.230e-07 | Val Loss: 1.591e-01 | Time: 8.21s
2025-08-18 16:02:23,931:INFO:Epoch: 16050/20000 | Train Loss: 7.755e-02 | Dynamic Loss: 7.755e-02 | Regularization Loss: 2.186e-07 | Val Loss: 1.548e-01 | Time: 4.68s
2025-08-18 16:02:23,932:INFO:New best model found at epoch 16050 with validation loss 1.548e-01. Saving...
2025-08-18 16:02:28,610:INFO:Epoch: 16100/20000 | Train Loss: 7.643e-02 | Dynamic Loss: 7.643e-02 | Regularization Loss: 2.156e-07 | Val Loss: 1.544e-01 | Time: 4.67s
2025-08-18 16:02:28,610:INFO:New best model found at epoch 16100 with validation loss 1.544e-01. Saving...
2025-08-18 16:02:33,368:INFO:Epoch: 16150/20000 | Train Loss: 8.711e-02 | Dynamic Loss: 8.711e-02 | Regularization Loss: 2.121e-07 | Val Loss: 1.596e-01 | Time: 4.75s
2025-08-18 16:02:38,644:INFO:Epoch: 16200/20000 | Train Loss: 9.414e-02 | Dynamic Loss: 9.414e-02 | Regularization Loss: 2.068e-07 | Val Loss: 1.744e-01 | Time: 5.28s
2025-08-18 16:02:43,338:INFO:Epoch: 16250/20000 | Train Loss: 7.689e-02 | Dynamic Loss: 7.689e-02 | Regularization Loss: 2.033e-07 | Val Loss: 1.547e-01 | Time: 4.69s
2025-08-18 16:02:48,046:INFO:Epoch: 16300/20000 | Train Loss: 8.007e-02 | Dynamic Loss: 8.007e-02 | Regularization Loss: 1.996e-07 | Val Loss: 1.568e-01 | Time: 4.71s
2025-08-18 16:02:53,067:INFO:Epoch: 16350/20000 | Train Loss: 7.534e-02 | Dynamic Loss: 7.534e-02 | Regularization Loss: 1.958e-07 | Val Loss: 1.540e-01 | Time: 5.02s
2025-08-18 16:02:53,067:INFO:New best model found at epoch 16350 with validation loss 1.540e-01. Saving...
2025-08-18 16:02:57,902:INFO:Epoch: 16400/20000 | Train Loss: 8.156e-02 | Dynamic Loss: 8.156e-02 | Regularization Loss: 1.910e-07 | Val Loss: 1.586e-01 | Time: 4.82s
2025-08-18 16:03:09,156:INFO:Epoch: 16450/20000 | Train Loss: 7.715e-02 | Dynamic Loss: 7.715e-02 | Regularization Loss: 1.879e-07 | Val Loss: 1.543e-01 | Time: 11.25s
2025-08-18 16:03:13,846:INFO:Epoch: 16500/20000 | Train Loss: 7.412e-02 | Dynamic Loss: 7.412e-02 | Regularization Loss: 1.828e-07 | Val Loss: 1.533e-01 | Time: 4.69s
2025-08-18 16:03:13,846:INFO:New best model found at epoch 16500 with validation loss 1.533e-01. Saving...
2025-08-18 16:03:18,563:INFO:Epoch: 16550/20000 | Train Loss: 8.237e-02 | Dynamic Loss: 8.237e-02 | Regularization Loss: 1.760e-07 | Val Loss: 1.556e-01 | Time: 4.71s
2025-08-18 16:03:23,385:INFO:Epoch: 16600/20000 | Train Loss: 7.841e-02 | Dynamic Loss: 7.841e-02 | Regularization Loss: 1.745e-07 | Val Loss: 1.557e-01 | Time: 4.82s
2025-08-18 16:03:32,011:INFO:Epoch: 16650/20000 | Train Loss: 9.007e-02 | Dynamic Loss: 9.007e-02 | Regularization Loss: 1.700e-07 | Val Loss: 1.870e-01 | Time: 8.62s
2025-08-18 16:03:36,695:INFO:Epoch: 16700/20000 | Train Loss: 8.331e-02 | Dynamic Loss: 8.331e-02 | Regularization Loss: 1.674e-07 | Val Loss: 1.633e-01 | Time: 4.68s
2025-08-18 16:03:41,655:INFO:Epoch: 16750/20000 | Train Loss: 7.044e-02 | Dynamic Loss: 7.044e-02 | Regularization Loss: 1.625e-07 | Val Loss: 1.495e-01 | Time: 4.96s
2025-08-18 16:03:41,655:INFO:New best model found at epoch 16750 with validation loss 1.495e-01. Saving...
2025-08-18 16:03:46,424:INFO:Epoch: 16800/20000 | Train Loss: 8.657e-02 | Dynamic Loss: 8.657e-02 | Regularization Loss: 1.561e-07 | Val Loss: 1.633e-01 | Time: 4.76s
2025-08-18 16:03:51,932:INFO:Epoch: 16850/20000 | Train Loss: 7.027e-02 | Dynamic Loss: 7.027e-02 | Regularization Loss: 1.533e-07 | Val Loss: 1.504e-01 | Time: 5.51s
2025-08-18 16:03:56,631:INFO:Epoch: 16900/20000 | Train Loss: 7.119e-02 | Dynamic Loss: 7.119e-02 | Regularization Loss: 1.492e-07 | Val Loss: 1.500e-01 | Time: 4.70s
2025-08-18 16:04:01,393:INFO:Epoch: 16950/20000 | Train Loss: 7.348e-02 | Dynamic Loss: 7.348e-02 | Regularization Loss: 1.446e-07 | Val Loss: 1.558e-01 | Time: 4.76s
2025-08-18 16:04:06,104:INFO:Epoch: 17000/20000 | Train Loss: 6.842e-02 | Dynamic Loss: 6.842e-02 | Regularization Loss: 1.415e-07 | Val Loss: 1.487e-01 | Time: 4.71s
2025-08-18 16:04:06,104:INFO:New best model found at epoch 17000 with validation loss 1.487e-01. Saving...
2025-08-18 16:04:13,392:INFO:Epoch: 17050/20000 | Train Loss: 6.868e-02 | Dynamic Loss: 6.868e-02 | Regularization Loss: 1.382e-07 | Val Loss: 1.492e-01 | Time: 7.28s
2025-08-18 16:04:18,257:INFO:Epoch: 17100/20000 | Train Loss: 8.075e-02 | Dynamic Loss: 8.075e-02 | Regularization Loss: 1.351e-07 | Val Loss: 1.628e-01 | Time: 4.87s
2025-08-18 16:04:23,100:INFO:Epoch: 17150/20000 | Train Loss: 7.110e-02 | Dynamic Loss: 7.110e-02 | Regularization Loss: 1.305e-07 | Val Loss: 1.545e-01 | Time: 4.84s
2025-08-18 16:04:27,883:INFO:Epoch: 17200/20000 | Train Loss: 7.589e-02 | Dynamic Loss: 7.589e-02 | Regularization Loss: 1.272e-07 | Val Loss: 1.571e-01 | Time: 4.78s
2025-08-18 16:04:32,562:INFO:Epoch: 17250/20000 | Train Loss: 6.983e-02 | Dynamic Loss: 6.983e-02 | Regularization Loss: 1.217e-07 | Val Loss: 1.480e-01 | Time: 4.68s
2025-08-18 16:04:32,562:INFO:New best model found at epoch 17250 with validation loss 1.480e-01. Saving...
2025-08-18 16:04:43,951:INFO:Epoch: 17300/20000 | Train Loss: 6.511e-02 | Dynamic Loss: 6.511e-02 | Regularization Loss: 1.182e-07 | Val Loss: 1.456e-01 | Time: 11.38s
2025-08-18 16:04:43,951:INFO:New best model found at epoch 17300 with validation loss 1.456e-01. Saving...
2025-08-18 16:04:48,741:INFO:Epoch: 17350/20000 | Train Loss: 6.482e-02 | Dynamic Loss: 6.482e-02 | Regularization Loss: 1.159e-07 | Val Loss: 1.444e-01 | Time: 4.78s
2025-08-18 16:04:48,742:INFO:New best model found at epoch 17350 with validation loss 1.444e-01. Saving...
2025-08-18 16:04:53,530:INFO:Epoch: 17400/20000 | Train Loss: 6.746e-02 | Dynamic Loss: 6.746e-02 | Regularization Loss: 1.115e-07 | Val Loss: 1.460e-01 | Time: 4.78s
2025-08-18 16:04:58,500:INFO:Epoch: 17450/20000 | Train Loss: 6.678e-02 | Dynamic Loss: 6.678e-02 | Regularization Loss: 1.077e-07 | Val Loss: 1.466e-01 | Time: 4.97s
2025-08-18 16:05:07,045:INFO:Epoch: 17500/20000 | Train Loss: 1.074e-01 | Dynamic Loss: 1.074e-01 | Regularization Loss: 1.040e-07 | Val Loss: 1.853e-01 | Time: 8.54s
2025-08-18 16:05:11,880:INFO:Epoch: 17550/20000 | Train Loss: 8.921e-02 | Dynamic Loss: 8.921e-02 | Regularization Loss: 9.991e-08 | Val Loss: 1.572e-01 | Time: 4.83s
2025-08-18 16:05:16,835:INFO:Epoch: 17600/20000 | Train Loss: 6.290e-02 | Dynamic Loss: 6.290e-02 | Regularization Loss: 9.590e-08 | Val Loss: 1.437e-01 | Time: 4.96s
2025-08-18 16:05:16,835:INFO:New best model found at epoch 17600 with validation loss 1.437e-01. Saving...
2025-08-18 16:05:21,591:INFO:Epoch: 17650/20000 | Train Loss: 6.476e-02 | Dynamic Loss: 6.476e-02 | Regularization Loss: 9.246e-08 | Val Loss: 1.510e-01 | Time: 4.75s
2025-08-18 16:05:26,290:INFO:Epoch: 17700/20000 | Train Loss: 6.062e-02 | Dynamic Loss: 6.062e-02 | Regularization Loss: 8.783e-08 | Val Loss: 1.414e-01 | Time: 4.70s
2025-08-18 16:05:26,290:INFO:New best model found at epoch 17700 with validation loss 1.414e-01. Saving...
2025-08-18 16:05:37,674:INFO:Epoch: 17750/20000 | Train Loss: 6.412e-02 | Dynamic Loss: 6.412e-02 | Regularization Loss: 8.345e-08 | Val Loss: 1.429e-01 | Time: 11.37s
2025-08-18 16:05:42,361:INFO:Epoch: 17800/20000 | Train Loss: 6.444e-02 | Dynamic Loss: 6.444e-02 | Regularization Loss: 7.909e-08 | Val Loss: 1.437e-01 | Time: 4.69s
2025-08-18 16:05:47,046:INFO:Epoch: 17850/20000 | Train Loss: 7.047e-02 | Dynamic Loss: 7.047e-02 | Regularization Loss: 7.675e-08 | Val Loss: 1.455e-01 | Time: 4.68s
2025-08-18 16:05:51,722:INFO:Epoch: 17900/20000 | Train Loss: 5.965e-02 | Dynamic Loss: 5.965e-02 | Regularization Loss: 7.373e-08 | Val Loss: 1.410e-01 | Time: 4.68s
2025-08-18 16:05:51,722:INFO:New best model found at epoch 17900 with validation loss 1.410e-01. Saving...
2025-08-18 16:06:01,553:INFO:Epoch: 17950/20000 | Train Loss: 5.890e-02 | Dynamic Loss: 5.890e-02 | Regularization Loss: 6.956e-08 | Val Loss: 1.385e-01 | Time: 9.82s
2025-08-18 16:06:01,554:INFO:New best model found at epoch 17950 with validation loss 1.385e-01. Saving...
2025-08-18 16:06:06,462:INFO:Epoch: 18000/20000 | Train Loss: 5.744e-02 | Dynamic Loss: 5.744e-02 | Regularization Loss: 6.594e-08 | Val Loss: 1.390e-01 | Time: 4.90s
2025-08-18 16:06:11,359:INFO:Epoch: 18050/20000 | Train Loss: 5.840e-02 | Dynamic Loss: 5.840e-02 | Regularization Loss: 6.293e-08 | Val Loss: 1.422e-01 | Time: 4.90s
2025-08-18 16:06:16,202:INFO:Epoch: 18100/20000 | Train Loss: 5.678e-02 | Dynamic Loss: 5.678e-02 | Regularization Loss: 5.959e-08 | Val Loss: 1.384e-01 | Time: 4.84s
2025-08-18 16:06:16,202:INFO:New best model found at epoch 18100 with validation loss 1.384e-01. Saving...
2025-08-18 16:06:27,340:INFO:Epoch: 18150/20000 | Train Loss: 5.631e-02 | Dynamic Loss: 5.631e-02 | Regularization Loss: 5.721e-08 | Val Loss: 1.380e-01 | Time: 11.13s
2025-08-18 16:06:27,340:INFO:New best model found at epoch 18150 with validation loss 1.380e-01. Saving...
2025-08-18 16:06:32,079:INFO:Epoch: 18200/20000 | Train Loss: 5.627e-02 | Dynamic Loss: 5.627e-02 | Regularization Loss: 5.361e-08 | Val Loss: 1.375e-01 | Time: 4.73s
2025-08-18 16:06:32,079:INFO:New best model found at epoch 18200 with validation loss 1.375e-01. Saving...
2025-08-18 16:06:36,810:INFO:Epoch: 18250/20000 | Train Loss: 5.939e-02 | Dynamic Loss: 5.939e-02 | Regularization Loss: 5.096e-08 | Val Loss: 1.392e-01 | Time: 4.72s
2025-08-18 16:06:41,520:INFO:Epoch: 18300/20000 | Train Loss: 6.426e-02 | Dynamic Loss: 6.426e-02 | Regularization Loss: 4.816e-08 | Val Loss: 1.526e-01 | Time: 4.71s
2025-08-18 16:06:49,789:INFO:Epoch: 18350/20000 | Train Loss: 5.653e-02 | Dynamic Loss: 5.653e-02 | Regularization Loss: 4.574e-08 | Val Loss: 1.388e-01 | Time: 8.27s
2025-08-18 16:06:54,540:INFO:Epoch: 18400/20000 | Train Loss: 5.379e-02 | Dynamic Loss: 5.379e-02 | Regularization Loss: 4.350e-08 | Val Loss: 1.355e-01 | Time: 4.75s
2025-08-18 16:06:54,540:INFO:New best model found at epoch 18400 with validation loss 1.355e-01. Saving...
2025-08-18 16:06:59,255:INFO:Epoch: 18450/20000 | Train Loss: 5.156e-02 | Dynamic Loss: 5.156e-02 | Regularization Loss: 4.122e-08 | Val Loss: 1.344e-01 | Time: 4.71s
2025-08-18 16:06:59,255:INFO:New best model found at epoch 18450 with validation loss 1.344e-01. Saving...
2025-08-18 16:07:03,992:INFO:Epoch: 18500/20000 | Train Loss: 6.177e-02 | Dynamic Loss: 6.177e-02 | Regularization Loss: 3.917e-08 | Val Loss: 1.414e-01 | Time: 4.73s
2025-08-18 16:07:08,785:INFO:Epoch: 18550/20000 | Train Loss: 8.888e-02 | Dynamic Loss: 8.888e-02 | Regularization Loss: 3.674e-08 | Val Loss: 1.501e-01 | Time: 4.79s
2025-08-18 16:07:20,068:INFO:Epoch: 18600/20000 | Train Loss: 5.350e-02 | Dynamic Loss: 5.350e-02 | Regularization Loss: 3.436e-08 | Val Loss: 1.357e-01 | Time: 11.28s
2025-08-18 16:07:24,792:INFO:Epoch: 18650/20000 | Train Loss: 5.775e-02 | Dynamic Loss: 5.775e-02 | Regularization Loss: 3.294e-08 | Val Loss: 1.401e-01 | Time: 4.72s
2025-08-18 16:07:29,525:INFO:Epoch: 18700/20000 | Train Loss: 5.270e-02 | Dynamic Loss: 5.270e-02 | Regularization Loss: 3.124e-08 | Val Loss: 1.374e-01 | Time: 4.73s
2025-08-18 16:07:34,187:INFO:Epoch: 18750/20000 | Train Loss: 7.030e-02 | Dynamic Loss: 7.030e-02 | Regularization Loss: 2.914e-08 | Val Loss: 1.510e-01 | Time: 4.66s
2025-08-18 16:07:44,044:INFO:Epoch: 18800/20000 | Train Loss: 6.002e-02 | Dynamic Loss: 6.002e-02 | Regularization Loss: 2.736e-08 | Val Loss: 1.461e-01 | Time: 9.86s
2025-08-18 16:07:48,991:INFO:Epoch: 18850/20000 | Train Loss: 4.959e-02 | Dynamic Loss: 4.959e-02 | Regularization Loss: 2.552e-08 | Val Loss: 1.325e-01 | Time: 4.95s
2025-08-18 16:07:48,992:INFO:New best model found at epoch 18850 with validation loss 1.325e-01. Saving...
2025-08-18 16:07:53,808:INFO:Epoch: 18900/20000 | Train Loss: 4.862e-02 | Dynamic Loss: 4.862e-02 | Regularization Loss: 2.374e-08 | Val Loss: 1.311e-01 | Time: 4.81s
2025-08-18 16:07:53,808:INFO:New best model found at epoch 18900 with validation loss 1.311e-01. Saving...
2025-08-18 16:07:58,641:INFO:Epoch: 18950/20000 | Train Loss: 5.299e-02 | Dynamic Loss: 5.299e-02 | Regularization Loss: 2.234e-08 | Val Loss: 1.414e-01 | Time: 4.82s
2025-08-18 16:08:06,178:INFO:Epoch: 19000/20000 | Train Loss: 5.146e-02 | Dynamic Loss: 5.146e-02 | Regularization Loss: 2.107e-08 | Val Loss: 1.352e-01 | Time: 7.54s
2025-08-18 16:08:10,887:INFO:Epoch: 19050/20000 | Train Loss: 4.599e-02 | Dynamic Loss: 4.599e-02 | Regularization Loss: 1.939e-08 | Val Loss: 1.286e-01 | Time: 4.71s
2025-08-18 16:08:10,887:INFO:New best model found at epoch 19050 with validation loss 1.286e-01. Saving...
2025-08-18 16:08:15,573:INFO:Epoch: 19100/20000 | Train Loss: 5.009e-02 | Dynamic Loss: 5.009e-02 | Regularization Loss: 1.830e-08 | Val Loss: 1.295e-01 | Time: 4.68s
2025-08-18 16:08:20,248:INFO:Epoch: 19150/20000 | Train Loss: 5.606e-02 | Dynamic Loss: 5.606e-02 | Regularization Loss: 1.710e-08 | Val Loss: 1.372e-01 | Time: 4.67s
2025-08-18 16:08:25,081:INFO:Epoch: 19200/20000 | Train Loss: 5.579e-02 | Dynamic Loss: 5.579e-02 | Regularization Loss: 1.623e-08 | Val Loss: 1.403e-01 | Time: 4.83s
2025-08-18 16:08:29,825:INFO:Epoch: 19250/20000 | Train Loss: 4.417e-02 | Dynamic Loss: 4.417e-02 | Regularization Loss: 1.507e-08 | Val Loss: 1.268e-01 | Time: 4.74s
2025-08-18 16:08:29,826:INFO:New best model found at epoch 19250 with validation loss 1.268e-01. Saving...
2025-08-18 16:08:34,572:INFO:Epoch: 19300/20000 | Train Loss: 4.786e-02 | Dynamic Loss: 4.786e-02 | Regularization Loss: 1.423e-08 | Val Loss: 1.313e-01 | Time: 4.74s
2025-08-18 16:08:39,304:INFO:Epoch: 19350/20000 | Train Loss: 4.742e-02 | Dynamic Loss: 4.742e-02 | Regularization Loss: 1.344e-08 | Val Loss: 1.285e-01 | Time: 4.73s
2025-08-18 16:08:44,304:INFO:Epoch: 19400/20000 | Train Loss: 4.631e-02 | Dynamic Loss: 4.631e-02 | Regularization Loss: 1.262e-08 | Val Loss: 1.279e-01 | Time: 5.00s
2025-08-18 16:08:54,770:INFO:Epoch: 19450/20000 | Train Loss: 4.125e-02 | Dynamic Loss: 4.125e-02 | Regularization Loss: 1.190e-08 | Val Loss: 1.236e-01 | Time: 10.47s
2025-08-18 16:08:54,770:INFO:New best model found at epoch 19450 with validation loss 1.236e-01. Saving...
2025-08-18 16:08:59,578:INFO:Epoch: 19500/20000 | Train Loss: 4.221e-02 | Dynamic Loss: 4.221e-02 | Regularization Loss: 1.127e-08 | Val Loss: 1.269e-01 | Time: 4.80s
2025-08-18 16:09:04,480:INFO:Epoch: 19550/20000 | Train Loss: 4.343e-02 | Dynamic Loss: 4.343e-02 | Regularization Loss: 1.072e-08 | Val Loss: 1.234e-01 | Time: 4.90s
2025-08-18 16:09:04,480:INFO:New best model found at epoch 19550 with validation loss 1.234e-01. Saving...
2025-08-18 16:09:09,387:INFO:Epoch: 19600/20000 | Train Loss: 4.339e-02 | Dynamic Loss: 4.339e-02 | Regularization Loss: 1.011e-08 | Val Loss: 1.248e-01 | Time: 4.90s
2025-08-18 16:09:16,954:INFO:Epoch: 19650/20000 | Train Loss: 4.096e-02 | Dynamic Loss: 4.096e-02 | Regularization Loss: 9.573e-09 | Val Loss: 1.259e-01 | Time: 7.57s
2025-08-18 16:09:21,679:INFO:Epoch: 19700/20000 | Train Loss: 4.158e-02 | Dynamic Loss: 4.158e-02 | Regularization Loss: 9.054e-09 | Val Loss: 1.250e-01 | Time: 4.72s
2025-08-18 16:09:26,438:INFO:Epoch: 19750/20000 | Train Loss: 3.987e-02 | Dynamic Loss: 3.987e-02 | Regularization Loss: 8.605e-09 | Val Loss: 1.208e-01 | Time: 4.76s
2025-08-18 16:09:26,439:INFO:New best model found at epoch 19750 with validation loss 1.208e-01. Saving...
2025-08-18 16:09:31,165:INFO:Epoch: 19800/20000 | Train Loss: 4.519e-02 | Dynamic Loss: 4.519e-02 | Regularization Loss: 8.184e-09 | Val Loss: 1.232e-01 | Time: 4.72s
2025-08-18 16:09:35,993:INFO:Epoch: 19850/20000 | Train Loss: 4.380e-02 | Dynamic Loss: 4.380e-02 | Regularization Loss: 7.838e-09 | Val Loss: 1.263e-01 | Time: 4.83s
2025-08-18 16:09:47,063:INFO:Epoch: 19900/20000 | Train Loss: 4.306e-02 | Dynamic Loss: 4.306e-02 | Regularization Loss: 7.442e-09 | Val Loss: 1.213e-01 | Time: 11.07s
2025-08-18 16:09:51,772:INFO:Epoch: 19950/20000 | Train Loss: 4.489e-02 | Dynamic Loss: 4.489e-02 | Regularization Loss: 7.079e-09 | Val Loss: 1.314e-01 | Time: 4.71s
2025-08-18 16:09:56,623:INFO:Epoch: 20000/20000 | Train Loss: 5.339e-02 | Dynamic Loss: 5.339e-02 | Regularization Loss: 6.745e-09 | Val Loss: 1.266e-01 | Time: 4.85s
